
running 1 test
test event_repr_lab::experiment ... EVENT_LAB {"kind":"free_join","candidate":"block64","scenario":"random_4096","shape":"triangle","memo":false,"worlds":4096,"admissible_worlds":4096,"rows":1024,"groups":64,"plan_nodes":3,"input_nodes":3121,"final_nodes":113495,"input_bytes_est":186876,"final_bytes_est":13111948,"colt_bytes":163104,"build_s":[0.000119041, 0.000102125, 9.0833e-5, 9.0583e-5, 8.8041e-5, 8.8917e-5, 8.6e-5],"native_setup_s":0.000211167,"native_first_join_s":0.00009575,"join_only_s":[4.9458e-5, 4.5709e-5, 4.5875e-5, 5e-5, 4.6958e-5, 4.6833e-5, 4.6833e-5],"fresh_s":[0.012555375, 0.012017958, 0.0115435, 0.014575292, 0.012113667, 0.011721541, 0.012167708],"warm_s":[0.0002117376328125, 0.0002138756484375, 0.00021373275, 0.0002137783203125, 0.0002163603515625, 0.000214375328125, 0.0002123525390625],"warm_loops":128,"checksum":6755311,"verified":true}
EVENT_LAB {"kind":"free_join","candidate":"block64","scenario":"random_4096","shape":"triangle","memo":true,"worlds":4096,"admissible_worlds":4096,"rows":1024,"groups":64,"plan_nodes":3,"input_nodes":3121,"final_nodes":113495,"input_bytes_est":186876,"final_bytes_est":13255308,"colt_bytes":163104,"build_s":[0.000119041, 0.000102125, 9.0833e-5, 9.0583e-5, 8.8041e-5, 8.8917e-5, 8.6e-5],"native_setup_s":0.000211167,"native_first_join_s":0.00009575,"join_only_s":[4.9458e-5, 4.5709e-5, 4.5875e-5, 5e-5, 4.6958e-5, 4.6833e-5, 4.6833e-5],"fresh_s":[0.011738833, 0.011770167, 0.011156875, 0.011703375, 0.012010667, 0.011096125, 0.011461708],"warm_s":[0.0001694895859375, 0.000170310875, 0.000172001953125, 0.000173908203125, 0.000169072921875, 0.00017178515625, 0.0001709495390625],"warm_loops":128,"checksum":6755311,"verified":true}
EVENT_LAB {"kind":"free_join","candidate":"block64","scenario":"random_4096","shape":"clover","memo":false,"worlds":4096,"admissible_worlds":4096,"rows":4096,"groups":64,"plan_nodes":3,"input_nodes":3121,"final_nodes":215083,"input_bytes_est":186876,"final_bytes_est":26223756,"colt_bytes":41104,"build_s":[0.000103167, 9.2209e-5, 9.1292e-5, 8.5833e-5, 8.4625e-5, 8.4417e-5, 8.6167e-5],"native_setup_s":0.000129417,"native_first_join_s":0.000094834,"join_only_s":[7.2375e-5, 6.9959e-5, 6.9959e-5, 7.0084e-5, 7.0042e-5, 7e-5, 6.9959e-5],"fresh_s":[0.03364275, 0.033053208, 0.033233375, 0.031315541, 0.031315458, 0.033179916, 0.032233417],"warm_s":[0.000397668625, 0.000387908203125, 0.000386231109375, 0.00038022721875, 0.00040157746875, 0.0003780390625, 0.000397532546875],"warm_loops":64,"checksum":7037411,"verified":true}
EVENT_LAB {"kind":"free_join","candidate":"block64","scenario":"random_4096","shape":"clover","memo":true,"worlds":4096,"admissible_worlds":4096,"rows":4096,"groups":64,"plan_nodes":3,"input_nodes":3121,"final_nodes":215083,"input_bytes_est":186876,"final_bytes_est":26510476,"colt_bytes":41104,"build_s":[0.000103167, 9.2209e-5, 9.1292e-5, 8.5833e-5, 8.4625e-5, 8.4417e-5, 8.6167e-5],"native_setup_s":0.000129417,"native_first_join_s":0.000094834,"join_only_s":[7.2375e-5, 6.9959e-5, 6.9959e-5, 7.0084e-5, 7.0042e-5, 7e-5, 6.9959e-5],"fresh_s":[0.032701125, 0.032343708, 0.033496, 0.0324795, 0.033025084, 0.032059125, 0.031736209],"warm_s":[0.000249748375, 0.0002545885390625, 0.0002505755234375, 0.0002501071015625, 0.000251710609375, 0.0002492874375, 0.0002503382109375],"warm_loops":128,"checksum":7037411,"verified":true}
ok

test result: ok. 1 passed; 0 failed; 0 ignored; 0 measured; 1360 filtered out; finished in 1.65s


        1.65 real         1.63 user         0.01 sys
           123518976  maximum resident set size
                   0  average shared memory size
                   0  average unshared data size
                   0  average unshared stack size
                9671  page reclaims
                   0  page faults
                   0  swaps
                   0  block input operations
                   0  block output operations
                   0  messages sent
                   0  messages received
                   0  signals received
                   0  voluntary context switches
                 679  involuntary context switches
         20511830934  instructions retired
          5512370849  cycles elapsed
           121012704  peak memory footprint
