
running 1 test
test event_repr_lab::experiment ... EVENT_LAB {"kind":"symbolic","candidate":"block64","pairs":12,"interleaved":true,"worlds":16777216,"build_s":0.000026583,"count_s":0.000001083,"nodes":63,"bytes_est":6500,"verified":true}
ok

test result: ok. 1 passed; 0 failed; 0 ignored; 0 measured; 1360 filtered out; finished in 0.00s


        0.00 real         0.00 user         0.00 sys
             3538944  maximum resident set size
                   0  average shared memory size
                   0  average unshared data size
                   0  average unshared stack size
                 428  page reclaims
                   0  page faults
                   0  swaps
                   0  block input operations
                   0  block output operations
                   0  messages sent
                   0  messages received
                   0  signals received
                   0  voluntary context switches
                  12  involuntary context switches
            24236951  instructions retired
            10580223  cycles elapsed
             2113896  peak memory footprint
