scheduler boost: user-interactive QoS claimed
scenario rings: loaded 387054 facts x 2 engines
scenario rings: r1_wash_ring
scenario rings: r2_temporal_ring
scenario rings: r3_bomb_t1
scenario rings: r4_bomb_t2
scenario rings: r5_reciprocal
scenario rings: r6_two_path_count
# Scenario benchmarks

Report-class measurements over non-ledger worlds; every query oracle-gated (value-identical results on both engines, every `SQLite` lane, never under a cap) before timing. Adversarial lanes run under a per-sample wall-clock cap (`SQLite`'s progress handler): a lane that trips it reports `DNF>cap` with NO percentiles — excluded from geomeans and counted. Protocol: 8 warmups, 64 samples, medians; `SQLite` file-backed WAL `synchronous=FULL`, fully indexed, prepared statements reused, ANALYZE run. ratio = ours/theirs (lower is better; <1 = bumbledb faster).


## rings (geomean ratio 0.15 over 5 timed, 1 DNF > cap — excluded and counted)

| query | lane | rows | ours p50 (us) | sqlite p50 (us) | ratio | regime |
|---|---|---:|---:|---:|---:|---|
| r1_wash_ring | sqlite | 0 | 9881.8 | 105114.0 | 0.09 | the equality 3-ring (wash-trade) over power-law hubs — the binary-join exponent, capped |
| r2_temporal_ring | sqlite | 0 | 26596.1 | 156277.1 | 0.17 | the ring + pairwise Allen INTERSECTS — the temporal-ring shape |
| r2_temporal_ring | sqlite-tuned | 0 | 26596.1 | 102184.4 | 0.26 | the ring + pairwise Allen INTERSECTS — the temporal-ring shape |
| r3_bomb_t1 | sqlite | 1 | 3516.9 | 31364.0 | 0.11 | bipartite-bomb tier 1 (m=48): K_{m,m} + one planted triangle — answer 3 by construction; sized to finish within the cap |
| r4_bomb_t2 | sqlite | 1 | 1647659.1 | DNF>1000ms | — | bipartite-bomb tier 2 (m=384): m^3≈5.7e7 closing probes — the exponent evidence; SQLite predictably exceeds the cap, reported exceeded-cap, excluded and counted |
| r5_reciprocal | sqlite | 1368 | 512.5 | 3239.0 | 0.16 | the reciprocal-pair 2-cycle, kind-filtered |
| r6_two_path_count | sqlite | 1 | 207651.2 | 661073.0 | 0.31 | the denominator story: the distinct 2-path count binary joins must materialize |

Overall geomean ratio across 6 queries: **0.15**; 1 lane(s) DNF > cap (excluded, counted).

## Flame summaries (per query, --trace)

### rings / r1_wash_ring

```text
span                       calls     total_us      self_us       p50_us       max_us
join                           1    10611.125    10611.125    10611.125    10611.125
execute                        1    10613.833        1.251    10613.833    10613.833
views                          1        0.541        0.541        0.541        0.541
rule_0                         1    10612.250        0.293    10612.250    10612.250
finalize                       1        0.291        0.291        0.291        0.291
selections                     1        0.250        0.250        0.250        0.250
resolve_filters                1        0.041        0.041        0.041        0.041
bind_params                    1        0.041        0.041        0.041        0.041
view_memo_hit                  3        0.000        0.000        0.000        0.000
select_probe                   3        0.000        0.000        0.000        0.000
total wall 10613.833 us

phase                 calls     total_us     avg_ns      excl_us
jp_hash_n0              526       96.458        183       96.458
jp_probe_n0             526      688.375       1308      688.375
jp_residual_n0          263        2.625          9        2.625
jp_descend_n0           263      379.416       1442        0.000
jp_force_n0             526        1.166          2        1.166
jp_gather_n0            789       65.541         83       65.541
jp_hash_n1            15922      644.708         40      644.708
jp_probe_n1           15922     2853.583        179     2853.583
jp_residual_n1        15922       37.708          2       37.708
jp_descend_n1         15922     1614.250        101      945.293
jp_gather_n1          47766     2328.250         48     2328.250
jp_iter_n2            16844      115.708          6      115.708
jp_residual_n2         8422       15.583          1       15.583
jp_descend_n2         17929      537.666         29      537.666
```

### rings / r2_temporal_ring

```text
span                       calls     total_us      self_us       p50_us       max_us
join                           1    28908.458    28908.458    28908.458    28908.458
execute                        1    28910.166        0.876    28910.166    28910.166
rule_0                         1    28909.208        0.335    28909.208    28909.208
views                          1        0.291        0.291        0.291        0.291
selections                     1        0.083        0.083        0.083        0.083
resolve_filters                1        0.041        0.041        0.041        0.041
finalize                       1        0.041        0.041        0.041        0.041
bind_params                    1        0.041        0.041        0.041        0.041
view_memo_hit                  3        0.000        0.000        0.000        0.000
select_probe                   3        0.000        0.000        0.000        0.000
total wall 28910.166 us

phase                 calls     total_us     avg_ns      excl_us
jp_hash_n0              526       96.333        183       96.333
jp_probe_n0             526      693.500       1318      693.500
jp_residual_n0          263        3.541         13        3.541
jp_descend_n0           263      431.541       1640        0.000
jp_force_n0             526        3.125          5        3.125
jp_gather_n0            789       95.708        121       95.708
jp_hash_n1            19474      234.541         12      234.541
jp_probe_n1           19474      356.916         18      356.916
jp_residual_n1        33009    14517.291        439    14517.291
jp_descend_n1         33009      135.291          4       85.667
jp_gather_n1          99028    11311.000        114    11311.000
jp_iter_n2             1314       23.041         17       23.041
jp_residual_n2          438       25.625         58       25.625
jp_descend_n2            10        0.958         95        0.958
```

### rings / r3_bomb_t1

```text
span                       calls     total_us      self_us       p50_us       max_us
join                           1     3507.625     3507.625     3507.625     3507.625
execute                        1     3510.791        2.458     3510.791     3510.791
views                          1        0.333        0.333        0.333        0.333
rule_0                         1     3508.208        0.167     3508.208     3508.208
finalize                       1        0.125        0.125        0.125        0.125
selections                     1        0.083        0.083        0.083        0.083
view_memo_hit                  3        0.000        0.000        0.000        0.000
select_probe                   3        0.000        0.000        0.000        0.000
prefetch_pass               1802        0.000        0.000        0.000        0.000
bind_params                    1        0.000        0.000        0.000        0.000
total wall 3510.792 us

phase                 calls     total_us     avg_ns      excl_us
jp_hash_n0               74       14.416        194       14.416
jp_probe_n0              74       58.958        796       58.958
jp_residual_n0           37        0.125          3        0.125
jp_descend_n0            37       58.916       1592        0.000
jp_force_n0              74        0.125          1        0.125
jp_gather_n0            111        9.708         87        9.708
jp_hash_n1             1730      322.833        186      322.833
jp_probe_n1            1730     1580.166        913     1580.166
jp_residual_n1         1730        5.375          3        5.375
jp_descend_n1          1730        1.625          0        1.375
jp_gather_n1           5224      684.916        131      684.916
jp_descend_n2             3        0.250         83        0.250
```

### rings / r4_bomb_t2

```text
span                       calls     total_us      self_us       p50_us       max_us
join                           1  1644640.750  1644640.750  1644640.750  1644640.750
views                          1        2.833        2.833        2.833        2.833
execute                        1  1644648.416        1.958  1644648.416  1644648.416
rule_0                         1  1644645.583        1.500  1644645.583  1644645.583
finalize                       1        0.875        0.875        0.875        0.875
selections                     1        0.500        0.500        0.500        0.500
view_memo_hit                  3        0.000        0.000        0.000        0.000
select_probe                   3        0.000        0.000        0.000        0.000
prefetch_pass             889344        0.000        0.000        0.000        0.000
bind_params                    1        0.000        0.000        0.000        0.000
total wall 1644648.417 us

phase                 calls     total_us     avg_ns      excl_us
jp_hash_n0             4610      936.625        203      936.625
jp_probe_n0            4610     4208.416        912     4208.416
jp_residual_n0         2305       34.083         14       34.083
jp_descend_n0          2305     3852.916       1671        0.000
jp_force_n0            4610       39.750          8       39.750
jp_gather_n0           6915     1026.041        148     1026.041
jp_hash_n1           884737   168675.666        190   168675.666
jp_probe_n1          884737   745309.125        842   745309.125
jp_residual_n1       884737     3459.458          3     3459.458
jp_descend_n1        884737      663.458          0      661.750
jp_gather_n1        2656515   315719.375        118   315719.375
jp_descend_n2             3        1.708        569        1.708
```

### rings / r5_reciprocal

```text
span                       calls     total_us      self_us       p50_us       max_us
join                           1      534.500      534.500      534.500      534.500
finalize                       1        4.916        4.916        4.916        4.916
execute                        1      540.583        0.585      540.583      540.583
views                          1        0.250        0.250        0.250        0.250
rule_0                         1      535.041        0.167      535.041      535.041
selections                     1        0.083        0.083        0.083        0.083
resolve_filters                1        0.041        0.041        0.041        0.041
bind_params                    1        0.041        0.041        0.041        0.041
view_memo_hit                  3        0.000        0.000        0.000        0.000
select_probe                   3        0.000        0.000        0.000        0.000
total wall 540.583 us

phase                 calls     total_us     avg_ns      excl_us
jp_hash_n0               80       12.666        158       12.666
jp_probe_n0              80       98.000       1225       98.000
jp_residual_n0           40        0.333          8        0.333
jp_descend_n0            40       36.208        905        0.000
jp_force_n0              80        0.333          4        0.333
jp_gather_n0            120        5.875         48        5.875
jp_hash_n1              844       16.666         19       16.666
jp_probe_n1             844       90.916        107       90.916
jp_residual_n1          844        1.916          2        1.916
jp_descend_n1           844       68.375         81       34.418
jp_gather_n1           2532      135.625         53      135.625
jp_iter_n2              100        0.333          3        0.333
jp_residual_n2           50        0.208          4        0.208
jp_descend_n2          1809       33.416         18       33.416
```

### rings / r6_two_path_count

```text
span                       calls     total_us      self_us       p50_us       max_us
join                           1   200045.875   200045.875   200045.875   200045.875
execute                        1   200055.958        6.042   200055.958   200055.958
views                          1        1.958        1.958        1.958        1.958
rule_0                         1   200049.000        1.042   200049.000   200049.000
finalize                       1        0.875        0.875        0.875        0.875
selections                     1        0.125        0.125        0.125        0.125
bind_params                    1        0.041        0.041        0.041        0.041
view_memo_hit                  2        0.000        0.000        0.000        0.000
select_probe                   2        0.000        0.000        0.000        0.000
prefetch_pass                528        0.000        0.000        0.000        0.000
total wall 200055.959 us

phase                 calls     total_us     avg_ns      excl_us
jp_hash_n0              528      103.583        196      103.583
jp_probe_n0             528      600.166       1136      600.166
jp_residual_n0          528        3.041          5        3.041
jp_descend_n0           528   198581.333     376101    10824.668
jp_force_n0             528        1.666          3        1.666
jp_gather_n0           1584      228.375        144      228.375
jp_iter_n1           205928    13449.833         65    13449.833
jp_residual_n1        91958      353.416          3      353.416
jp_descend_n1         99950   173953.416       1740   173953.416
```

artifacts: bench-out/baseline-2026-07-25-post/traced/scenarios/rings
traces: bench-out/baseline-2026-07-25-post/traced/scenarios/rings/trace/scenarios
