
running 1 test
test event_repr_lab::experiment ... EVENT_LAB {"kind":"free_join","candidate":"bdd-root","scenario":"coup_4290","shape":"triangle","memo":false,"worlds":4290,"admissible_worlds":4290,"rows":1024,"groups":64,"plan_nodes":3,"input_nodes":4122,"final_nodes":72114,"input_bytes_est":365904,"final_bytes_est":11285584,"colt_bytes":163104,"build_s":[0.001570541, 0.001569708, 0.001539042, 0.001579833, 0.001531458, 0.001540708, 0.001523833],"native_setup_s":0.000215417,"native_first_join_s":0.000096834,"join_only_s":[4.925e-5, 4.575e-5, 4.575e-5, 4.55e-5, 4.5667e-5, 4.5459e-5, 4.5375e-5],"fresh_s":[0.013287833, 0.01281, 0.012000208, 0.011423958, 0.011306125, 0.011500417, 0.011220125],"warm_s":[0.00096111459375, 0.00096540884375, 0.0009405325625, 0.00094967446875, 0.00098473046875, 0.00098915625, 0.0009792356875],"warm_loops":32,"checksum":5648062,"verified":true}
EVENT_LAB {"kind":"free_join","candidate":"bdd-root","scenario":"coup_4290","shape":"triangle","memo":true,"worlds":4290,"admissible_worlds":4290,"rows":1024,"groups":64,"plan_nodes":3,"input_nodes":4122,"final_nodes":72114,"input_bytes_est":365904,"final_bytes_est":11357264,"colt_bytes":163104,"build_s":[0.001570541, 0.001569708, 0.001539042, 0.001579833, 0.001531458, 0.001540708, 0.001523833],"native_setup_s":0.000215417,"native_first_join_s":0.000096834,"join_only_s":[4.925e-5, 4.575e-5, 4.575e-5, 4.55e-5, 4.5667e-5, 4.5459e-5, 4.5375e-5],"fresh_s":[0.011833334, 0.011725375, 0.011769083, 0.011486875, 0.011632541, 0.0118065, 0.012114417],"warm_s":[0.000858321625, 0.0008651328125, 0.0008664205625, 0.000885015625, 0.000853806, 0.00086670053125, 0.000861502625],"warm_loops":32,"checksum":5648062,"verified":true}
EVENT_LAB {"kind":"free_join","candidate":"bdd-root","scenario":"coup_4290","shape":"clover","memo":false,"worlds":4290,"admissible_worlds":4290,"rows":4096,"groups":64,"plan_nodes":3,"input_nodes":4122,"final_nodes":103301,"input_bytes_est":365904,"final_bytes_est":16790608,"colt_bytes":41104,"build_s":[0.001634583, 0.001546, 0.0015085, 0.001512084, 0.001547791, 0.001606709, 0.00158525],"native_setup_s":0.000133042,"native_first_join_s":0.000104084,"join_only_s":[7.2084e-5, 7.5333e-5, 7.0125e-5, 7.0292e-5, 7.0042e-5, 7.0208e-5, 7.0416e-5],"fresh_s":[0.022412792, 0.021723417, 0.021674958, 0.021245084, 0.021720834, 0.021180458, 0.02151175],"warm_s":[0.00115379428125, 0.00115290884375, 0.00114762759375, 0.00113795703125, 0.001142665375, 0.0011312109375, 0.00113247134375],"warm_loops":32,"checksum":5691950,"verified":true}
EVENT_LAB {"kind":"free_join","candidate":"bdd-root","scenario":"coup_4290","shape":"clover","memo":true,"worlds":4290,"admissible_worlds":4290,"rows":4096,"groups":64,"plan_nodes":3,"input_nodes":4122,"final_nodes":103301,"input_bytes_est":365904,"final_bytes_est":17077328,"colt_bytes":41104,"build_s":[0.001634583, 0.001546, 0.0015085, 0.001512084, 0.001547791, 0.001606709, 0.00158525],"native_setup_s":0.000133042,"native_first_join_s":0.000104084,"join_only_s":[7.2084e-5, 7.5333e-5, 7.0125e-5, 7.0292e-5, 7.0042e-5, 7.0208e-5, 7.0416e-5],"fresh_s":[0.020640167, 0.021798791, 0.021826875, 0.021927416, 0.021120209, 0.021595834, 0.02087],"warm_s":[0.0009010495, 0.00089045703125, 0.0008824453125, 0.0008912825625, 0.0008960950625, 0.00091033853125, 0.0009005234375],"warm_loops":32,"checksum":5691950,"verified":true}
ok

test result: ok. 1 passed; 0 failed; 0 ignored; 0 measured; 1360 filtered out; finished in 1.67s


        1.67 real         1.62 user         0.04 sys
            55230464  maximum resident set size
                   0  average shared memory size
                   0  average unshared data size
                   0  average unshared stack size
                3584  page reclaims
                   0  page faults
                   0  swaps
                   0  block input operations
                   0  block output operations
                   0  messages sent
                   0  messages received
                   0  signals received
                   0  voluntary context switches
                 248  involuntary context switches
         14920164971  instructions retired
          5623866688  cycles elapsed
            52789656  peak memory footprint
