✔ alternatives are the ordinary law expansion in roster order, independent of arm object order (4.174917ms)
✔ alternatives check dynamic arm coverage and scalar identity shapes (1.71375ms)
✔ alternatives preserve composite keys and payload types (0.21025ms)
✔ native expansion refusals cite both actual directions at their current statement positions (391.661625ms)
✔ ordinary native admission enforces payloads and accepts an atomic arm switch (154.185625ms)
✔ finite, infinite, NaN and negative-zero floats all cross as canonical $f64 bit images (1.426333ms)
✔ decoders reject malformed widths, noncanonical images, unknown tags and wrong-schema values (2.161875ms)
✔ typed and dynamic boundary input share one accepted domain — the encoder refuses what the decoder refuses (0.120792ms)
✔ student rows carry budget as exact decimal; a float budget image refuses (0.106334ms)
▶ the comparison pairing walls
  ✔ no variable side is constant-valued: the constructor refuses param-only and param-literal sides (1.989958ms)
  ✔ the order pair: cross-domain variable pairs are compile-refused (each side alone is orderable) (0.644542ms)
  ✔ the order pair: literals type against their sibling — bool-vs-bigint and u64-vs-boolean are compile-refused (0.393083ms)
  ✔ the fold input: min/max over a bool var is refused (both tiers) (0.321542ms)
  ✔ the pointIn pair: the point lives in the interval's element domain (0.197167ms)
  ✔ the allen pair: two intervals of one element domain (Q1 — widths meet freely, u64-vs-i64 stays illegal) (0.195583ms)
  ✔ the legal pairs stay legal: same-domain vars, sibling-typed opens, one-element allen (0.387334ms)
✔ the comparison pairing walls (4.763417ms)
✔ key values infer exactly their declared projection (0.848375ms)
✔ a key owns its projection without freezing or retaining the caller's array (0.403209ms)
✔ every declared key reads the same snapshot with its own projection and native statement id (501.893834ms)
✔ inspection separates virtual mapping, file pages and disk blocks (435.294833ms)
✔ native row codecs own their values and remain reusable after cancelled delivery (6.140542ms)
✔ create/apply/snapshot/get/execute — the whole chapter 34 core flow, one scope (138.632416ms)
✔ open never creates; create refuses existing authority (123.053625ms)
✔ scoped preparation reuses parameters and closes independently of snapshots and results (170.802709ms)
✔ apply is the three-coordinate judgment: accepted, no-change, invariant-rejected, moved (58.352542ms)
✔ a snapshot is coherent: a later apply cannot move an open snapshot's facts (90.105541ms)
✔ methods are lazy: construction dispatches nothing, and a scope-escaped handle fails typed (115.690708ms)
✔ a foreign object where a ChangeSet is expected refuses BEFORE any native dispatch (78.949542ms)
✔ a foreign-schema query template refuses typed at execute (52.556833ms)
✔ interruption surfaces in Cause, never as a manufactured outcome arm (49.510917ms)
✔ closed Event authoring compares complete owned carriers without native work (1.390583ms)
✔ closed Events retain schema identity, coverage and query results across runtime release (509.182791ms)
✔ descriptor construction is lazy and pure transport remains addon-free (1.055667ms)
✔ all seven structural kinds admit, describe, inspect and roundtrip through owned BEDC (369.505584ms)
✔ derived projections and complete composition plans feed real stored Event queries (171.658916ms)
✔ composition inspection keeps three distinct roles in ST, TU, SU order (5.291208ms)
✔ nonrectangular shared environments, reversal and measured endpoints survive inspection (10.541042ms)
✔ admission refuses fake certificates, implicit full markers and malformed structural data (10.77275ms)
✔ native descriptor submission copies owned bytes before workers and refuses shared backing (6.407083ms)
✔ cancelled descriptor delivery drops all queued inspection data and permits reuse (3.314375ms)
✔ kernel/revision envelopes own bytes, retain roles, and construct Effects without an addon (2.580458ms)
✔ posterior replacement, likelihood and conditioning have distinct exact meanings (385.885833ms)
✔ impossible revisions retain zero-mass and empty indexed cells without hiding input errors (9.667875ms)
✔ BESC replay refuses forged receipt numbers, posterior laws and incomplete impossible outcomes (5.16325ms)
✔ channels normalize on zero-prior fibres and copy readouts without fresh randomness (11.969292ms)
✔ Coup channels obey visibility FDs and translate stored Events through posterior queries after reopen (188.518ms)
✔ cancelled revision inspection reclaims owned outputs and leaves the runtime reusable (4.876292ms)
✔ contextual full projections remain pure syntax with exact keys and no invented classes (1.913458ms)
✔ full coverage partitions measured worlds, including zero-mass branches, through commit and reopen (503.624833ms)
✔ full singleton lookup supplies no fabricated cell and remains distinct from a field named true (133.338458ms)
✔ closed scalar rosters admit explicit full keys and native ground coverage (3.662291ms)
✔ pure Event query authoring retains types, stages, shape bounds and owned imports (9.091542ms)
✔ native Event heads preserve shared worlds through tests, descriptions, imported stages and Pack (455.565417ms)
✔ captured maps and typed relation programs execute through the public builders (144.362333ms)
✔ Event errors retain complete logical fault sets across stages, prepared queries and runtime release (103.973583ms)
✔ Event schema selections own transport bytes without loading native code (2.978333ms)
✔ Event selections enforce exact matches across incremental writes, owner release and reopen (519.844375ms)
✔ exact scalar/function transport and lazy source programs do not load the addon (2.722208ms)
✔ exact native arithmetic preserves decimal/binary intent, canonical values and failure modes (184.595208ms)
✔ finite functions merge equal cells, add signed overlaps and sum copied readouts exactly once (9.709875ms)
✔ law designation is exact and retains symbolic and zero-mass possibilities (5.803083ms)
✔ Coup source algebra preserves shared worlds, exact posteriors and signed utility through storage (182.186042ms)
✔ finite function admission checks all contexts and shapes before zero shortcuts (6.72ms)
✔ late cancelled source observations are reclaimed without delivering a partial result (3.149333ms)
✔ Event envelopes own immutable data and pure codecs never load native work (3.482834ms)
✔ Event executor checks all truth functions, shared contexts and symbolic supports (164.23ms)
✔ typed Event rows reopen, join, pack and bind owned parameters (179.937625ms)
✔ raw Event bridge refuses unknown operations and shared or forged byte backing (1.843709ms)
✔ Event dependencies enforce disjointness and joint coverage through ordinary keys and mirrors (139.610042ms)
✔ interrupting completed Event delivery drains the output and leaves the runtime usable (10.832375ms)
✔ parameterized Event sources retain their domains through SDK storage and joins (527.164208ms)
✔ public field codecs agree with rows for every field kind and preserve generic inference (2.069083ms)
✔ strict field decoding rejects malformed representations and host schemas reject invalid values (2.76575ms)
✔ field descriptors are owned; accessors never execute while decoding values (0.139291ms)
✔ segment kinds survive description imports and fixed-width refinement is dropped (7.301292ms)
✔ pack widens fixed intervals before imported difference and measurement stages (109.40925ms)
✔ native marginal bands derive slices, preserve equal contributions, and round once (108.790292ms)
✔ difference emits products, dense measures and fixed intervals use native meanings (119.09625ms)
✔ the large-schema fixture constructs and both tiers agree at scale (0.443583ms)
▶ the three class laws
  ✔ generators name their classes; a 3-hop chain lands the whole chain in the generator's class; bare stays bare (2.092542ms)
  ✔ a generator-less class is named by its least member in relation-declaration × field-declaration order (0.273ms)
  ✔ a ψ-selected closed face pairs exactly like the bare face — the selection changes classes not at all (0.893458ms)
  ✔ the selected-mirrors shape (Calendar): the mirrors law types the source column with the target's class (0.286ms)
✔ the three class laws (4.113625ms)
▶ the generator authority after the fresh deletion — closed ids are the ONLY generators
  ✔ unifying two ordinary id columns is LAWFUL now — no mint, no wall; least member names the class (0.242333ms)
  ✔ mirrors and capacity pairings over ordinary ids are lawful classes too (0.506416ms)
  ✔ a closed relation's id stays a generator — a bare column never pairs it (the roster wall, at construction) (0.324333ms)
  ✔ a transitive chain over ordinary ids is one lawful class, not a wall (0.218542ms)
✔ the generator authority after the fresh deletion — closed ids are the ONLY generators (1.441209ms)
▶ the runtime/type agreement and the wire
  ✔ the runtime class map and the type-level class map are the same map (0.475792ms)
  ✔ the manifest golden: statements in == statements out — nothing synthesized, order preserved, count equal (0.565125ms)
  ✔ the wire: spec newtype = class name for classed slots, omitted for bare (fingerprint-neutral by the engine's drop) (0.399916ms)
  ✔ integer-index names are refused at construction — the declaration-order law's enumeration hazard (0.077125ms)
  ✔ dotted names are refused at construction — the coordinate encoding stays injective at both tiers (0.110334ms)
  ✔ a plain __proto__ declaration entry is refused — the Annex B setter would silently drop the key (0.130417ms)
✔ the runtime/type agreement and the wire (1.894167ms)
✔ interrupt after directory acquire and before db output adoption drains both owners (D18) (98.211083ms)
✔ retained JS tokens cannot prevent native drain; repeated close joins (D18) (88.092958ms)
✔ abort after publication drains without take; retained wrappers cannot pin output (D18) (89.536125ms)
✔ draft interruption spends the draft and joins drain (8.8085ms)
▶ pure schema import
  ✔ constructs metadata with the platform addon unresolvable (269.074458ms)
✔ pure schema import (269.65625ms)
✔ generated descriptions execute, prepare, compose and infer their checked result (111.079916ms)
✔ descriptions preserve joins, negation, aggregates, computations and interiors (4.113166ms)
✔ descriptions preserve recursion and interval/closed-reference domains (87.500917ms)
✔ description checking refuses malformed grammar, wrong result claims, unbound vars and foreign field tags (1.195167ms)
✔ flat projection keeps only row count and owned cells, without obsolete quota accounting (1.282333ms)
✔ flat projection closes the source iterator when a row is invalid (0.251458ms)
✔ snapshot bindings preserve owned Event field types and dependency identity (164.47625ms)
✔ snapshot bindings preserve contextual full projections and explicit closed full keys (115.771291ms)
✔ snapshot bindings preserve every field kind, exact payload values, names and field order (119.361667ms)
✔ independent bindings preserve selected mirror directions, capacities and expanded statement IDs (111.223375ms)
✔ emission refuses unrepresentable conditional roster pairing and invalid declaration names (3.57875ms)
✔ bindings derive transitive total roster membership without losing or adding laws (105.087041ms)
✔ mutually referring closed payloads use the existing field descriptors without declaration cycles (104.56925ms)
✔ snapshot bindings preserve canonical Event selection literals and schema identity (110.358625ms)
✔ snapshot bindings preserve closed Event axioms and their explicit pointwise keys (109.764833ms)
▶ the Ledger example
  ✔ lowers to the SchemaSpec shape, declaration order throughout, newtype slots carrying the law-computed class names (3.917542ms)
  ✔ the composite key and pointwise containment lower positionally (0.399333ms)
  ✔ a closed payload column lowers pure structure — the newtype slots carry its law-computed classes (0.535167ms)
  ✔ lowering is deterministic across independent constructions (1.541625ms)
✔ the Ledger example (7.021875ms)
▶ renderStatement
  ✔ each statement form renders its canonical 70-api spelling (0.445167ms)
  ✔ composite positions render in written tuple order (0.134667ms)
  ✔ every legal capacity spelling renders canonically — unit strings byte-for-byte, the weighted rows beside them (0.998917ms)
  ✔ literal sets and interval literals render in macro notation (0.505833ms)
✔ renderStatement (2.2545ms)
▶ the ban table, one row at a time — literal spellings are UNWRITABLE
  ✔ the capacity mint vocabulary is exactly the roster — no sixth mint exists (0.115459ms)
  ✔ degenerate literal sets refuse — a membership array needs two DISTINCT members, and the refusal locates itself (1.114875ms)
  ✔ a duplicate field in a key() projection refuses at the mint — the engine's FieldSet duplicate, canonical voice (0.325792ms)
  ✔ a plain u64 face never pairs a closed [id] face — closedness rides the descriptor (both tiers) (0.377917ms)
  ✔ an arity-mismatched pairing is a construction error — the SameArity runtime twin (untyped path) (0.278125ms)
✔ the ban table, one row at a time — literal spellings are UNWRITABLE (2.355375ms)
▶ the ban table's construction tier — computed bounds the type cannot judge
  ✔ computed equivalent spellings lower to the canonical law; only negatives refuse (0.139375ms)
  ✔ an inverted window is unsatisfiable — bigint literals carry no type-level order (0.050041ms)
  ✔ unit floors are accepted canonical laws now — the spelling police is deleted (0.159584ms)
  ✔ the C18 dimension gate fires at the capacity() call — a unit window never takes a duration() bound (both tiers) (0.146042ms)
  ✔ a computed path weight or bound is a construction refusal naming the pinned-column idiom (0.124417ms)
  ✔ the weight and dependent-bound walls hold at construction for untyped callers (0.368708ms)
  ✔ generated capacity values use the same validation as constructors (0.277542ms)
✔ the ban table's construction tier — computed bounds the type cannot judge (1.3695ms)
▶ schema() construction boundary
  ✔ a statement over an undeclared relation is rejected with the statement rendered (0.360834ms)
  ✔ same-named relations resolve structurally, including field order (0.237375ms)
  ✔ declared id keys are ordinary statements now — the fresh-implied key is deleted (E-NO-RESERVE) (0.348333ms)
  ✔ duplicate statements are rejected via their canonical rendering (0.384375ms)
  ✔ a record key must equal its relation's declared name (0.284791ms)
  ✔ the paste-back law: a handle selection needs its resolving containment declared (0.3685ms)
  ✔ generated statements are checked semantically without an admission token (0.525875ms)
✔ schema() construction boundary (2.608959ms)
▶ ψ statements over closed relations — closed().where() as a face source
  ✔ a ψ-selected closed face renders canonically and schema() admits both forms (1.954542ms)
  ✔ ψ lowers PASS-THROUGH — the selection rides the SideSpec, never pre-folded into ids (0.300292ms)
  ✔ the closed where() speaks the ordinary selection vocabulary — literal sets and written order (0.425292ms)
  ✔ the empty ψ is the bare closed relation respelled and rejected (canonical utterance) (0.215333ms)
  ✔ the compile walls carry runtime twins through the one selection machine (0.256416ms)
  ✔ a handle named `where` is ordinary roster data — NO name is reserved, both tiers (0.112333ms)
✔ ψ statements over closed relations — closed().where() as a face source (3.362625ms)
✔ facts, selections, host cells, and JSON codecs share the complete native value domain (5.360833ms)
✔ unknown, inherited, absent, symbolic, and nested fields are never silently dropped (0.972042ms)
✔ query parameters use the same interpreter and exact supplied parameter fields (2.201291ms)
✔ authored queries own mutable binding and comparison literals (4.660833ms)
✔ query bindings and result records reject getters and explicit undefined fields (0.407292ms)
✔ host admission matches the real native codec; rejected facts do not enter a database (104.6285ms)
✔ native names and query parameters reject lossy Unicode conversion (55.587584ms)
✔ prototype-sensitive field and result names are ordinary owned data (56.097125ms)
ℹ tests 154
ℹ suites 11
ℹ pass 154
ℹ fail 0
ℹ cancelled 0
ℹ skipped 0
ℹ todo 0
ℹ duration_ms 2460.890542
SDK integration passed against isolated @bjornpagen/bumbledb-darwin-arm64; version unchanged at 1.3.1
{"node":"v26.4.0","platform":"@bjornpagen/bumbledb-darwin-arm64","tests":["event","event-query","event-descriptor","event-source","event-dynamics","event-projections","event-selections","event-closed","statements","declared-key","law-typing","law-scale","schema-bindings","pure-import","field-codec","query-description","comparison-pairing","alternatives","rows","boundary-codec","value-conformance","interval-outputs","effect-core","ownership-interrupt"],"addon_sha256":"749711ce8b046c8ec039f0fdb31fc54531c849462ffa7da05df57516b23ca376"}
