▶ admin certainty
  ✔ checkpoint completes with its report and the pre-dispatch ref (1.674417ms)
  ✔ registration refusal is not-started and E stays never (1.679834ms)
  ✔ a lost completion is outcome-unknown with the retained ref (0.380542ms)
  ✔ erase reports residual copies honestly (10.668709ms)
  ✔ verifyBackup is read-only with typed E (1.473833ms)
  ✔ interrupting admin joins cancellation and retains the caller's operationId (2.453ms)
✔ admin certainty (19.198209ms)
✔ same-schema cross-origin caches refuse before serving or mutating anything (592.8775ms)
✔ a retained command ref resolves after reopen and receipts outlive their scope (133.646833ms)
✔ closed and foreign capabilities refuse typed without dispatching (229.389416ms)
✔ open never creates: a missing configured database is a typed refusal, not genesis (10.182ms)
✔ a hosted binding under the local constructor refuses typed with no genesis (5.804417ms)
▶ borrow lifecycle
  ✔ two acquires of one binding are DISTINCT borrows; releasing one leaves the other live (2.613125ms)
  ✔ a stale borrow refuses with ClosedHandle and dispatches nothing (1.796167ms)
  ✔ double release is harmless and joins the native transition (0.263416ms)
  ✔ scope close releases the borrow exactly once (idempotent with explicit release) (0.267625ms)
✔ borrow lifecycle (5.529333ms)
▶ cache surface
  ✔ evicting a borrowed slot refuses instead of revoking the borrow (0.657625ms)
  ✔ same-schema cross-origin bindings acquire isolated capabilities (0.328209ms)
  ✔ cache close is the owner decision; a released cache refuses new acquires (0.198458ms)
  ✔ inspection decodes the bounded native report (0.23725ms)
✔ cache surface (1.571ms)
✔ native command boundaries retain exact sizes and distinguish caller misuse (719.275792ms)
✔ Event-selected log schemas survive command recovery, runtime release, cache, backup and restore (963.830584ms)
✔ Event selections participate in transition admission, replay, activation and abort (272.659084ms)
▶ LocalHistory.open
  ✔ open dispatches mode=open and never a create (3.991166ms)
  ✔ a missing database is a typed refusal, never an empty replacement (2.421875ms)
  ✔ create requires the creation artifact and dispatches mode=create (0.270459ms)
  ✔ create refuses existing authority with the native refusal, unchanged (0.249542ms)
  ✔ a hosted binding refuses at the local constructor before dispatch (0.440125ms)
✔ LocalHistory.open (8.657125ms)
▶ HostedHistory.open
  ✔ credentials default to the supported provider chain (0.2195ms)
✔ HostedHistory.open (0.280667ms)
▶ bounded inspect
  ✔ inspect decodes the bounded health snapshot (OPS-TEST-01 fixture shape) (0.749625ms)
✔ bounded inspect (0.835583ms)
▶ closed capabilities
  ✔ resolve and inspect on a closed history refuse with ClosedHandle before dispatch (0.397375ms)
✔ closed capabilities (0.468875ms)
▶ returned certainty without duplicate phase
  ✔ submit decided retains its receipt without a phase field (2.661042ms)
  ✔ post-dispatch admin decode retains outcome-unknown (1.463459ms)
  ✔ native proved nonpublication stays not-started (0.220583ms)
✔ returned certainty without duplicate phase (4.990542ms)
✔ native command recovery and independent backup → verify → writable restore (1072.9935ms)
▶ submit certainty arms
  ✔ a decided receipt round-trips with local health; the ref exists before dispatch (2.865666ms)
  ✔ pre-dispatch refusal is not-submitted with the authentic ref; E stays never (1.785583ms)
  ✔ post-dispatch decode loss is outcome-unknown, never a fabricated rejection (0.454709ms)
  ✔ submit on a closed history refuses as not-submitted without dispatch (1.207625ms)
  ✔ a forged command capability is a defect, never a forged receipt or arm (2.228292ms)
  ✔ invalid submit options refuse pre-dispatch as not-submitted, not as E (1.6725ms)
✔ submit certainty arms (11.012084ms)
▶ interruption after publication
  ✔ interrupt after dispatch preserves Cause and joins the native drain (8.483833ms)
  ✔ the retained original ref resolves after reopen; retry never seals a new id (0.600375ms)
  ✔ resolve also reports the closed/expired epochs as data, not errors (0.343625ms)
✔ interruption after publication (9.725416ms)
✔ the retained source and target declarations are independently generated exact native bindings (453.091666ms)
✔ ordinary imperative transition, comparison, activation and replay (children first: false) (499.230291ms)
✔ ordinary imperative transition, comparison, activation and replay (children first: true) (269.714834ms)
✔ native admission rejects a missing proof; unconstrained document loss requires application comparison (170.783416ms)
✔ complete native judgment refuses wrong-arm across ordinary population batches (107.044208ms)
✔ complete native judgment refuses orphan across ordinary population batches (107.233959ms)
✔ complete native judgment refuses key-conflict across ordinary population batches (105.535791ms)
✔ complete native judgment refuses missing-parent across ordinary population batches (144.652ms)
ℹ tests 51
ℹ suites 10
ℹ pass 51
ℹ fail 0
ℹ cancelled 0
ℹ skipped 0
ℹ todo 0
ℹ duration_ms 2265.284125
{"node":"v26.4.0","platform":"bumbledb-darwin-arm64","tests":["event-selections","real-bridge-roundtrip","transition","command-boundaries","history-open","admin","borrows","adversarial-capabilities","submit-certainty","outcome-certainty"],"version":"1.3.1","addon_sha256":"ae6f743a0ae9e0ef78c1c16126c0d83d839920066298c2d7f3d9ebc76ded12ae"}
