✔ alternatives are the ordinary law expansion in roster order, independent of arm object order (34.813792ms)
✔ alternatives check dynamic arm coverage and scalar identity shapes (8.978875ms)
✔ alternatives preserve composite keys and payload types (0.442459ms)
✔ native expansion refusals cite both actual directions at their current statement positions (521.948333ms)
✔ ordinary native admission enforces payloads and accepts an atomic arm switch (151.958625ms)
✔ finite, infinite, NaN and negative-zero floats all cross as canonical $f64 bit images (1.541166ms)
✔ decoders reject malformed widths, noncanonical images, unknown tags and wrong-schema values (7.055333ms)
✔ typed and dynamic boundary input share one accepted domain — the encoder refuses what the decoder refuses (0.17525ms)
✔ student rows carry budget as exact decimal; a float budget image refuses (0.17875ms)
▶ the comparison pairing walls
  ✔ no variable side is constant-valued: the constructor refuses param-only and param-literal sides (2.835542ms)
  ✔ the order pair: cross-domain variable pairs are compile-refused (each side alone is orderable) (0.69425ms)
  ✔ the order pair: literals type against their sibling — bool-vs-bigint and u64-vs-boolean are compile-refused (0.421542ms)
  ✔ the fold input: min/max over a bool var is refused (both tiers) (0.319ms)
  ✔ the pointIn pair: the point lives in the interval's element domain (0.204833ms)
  ✔ the allen pair: two intervals of one element domain (Q1 — widths meet freely, u64-vs-i64 stays illegal) (0.209792ms)
  ✔ the legal pairs stay legal: same-domain vars, sibling-typed opens, one-element allen (0.411ms)
✔ the comparison pairing walls (5.815042ms)
✔ key values infer exactly their declared projection (0.918542ms)
✔ a key owns its projection without freezing or retaining the caller's array (0.442792ms)
✔ every declared key reads the same snapshot with its own projection and native statement id (624.7135ms)
✔ inspection separates virtual mapping, file pages and disk blocks (491.827625ms)
✔ native row codecs own their values and remain reusable after cancelled delivery (11.267042ms)
✔ create/apply/snapshot/get/execute — the whole chapter 34 core flow, one scope (143.07625ms)
✔ open never creates; create refuses existing authority (68.378834ms)
✔ scoped preparation reuses parameters and closes independently of snapshots and results (155.372ms)
✔ apply is the three-coordinate judgment: accepted, no-change, invariant-rejected, moved (45.750083ms)
✔ a snapshot is coherent: a later apply cannot move an open snapshot's facts (46.304583ms)
✔ methods are lazy: construction dispatches nothing, and a scope-escaped handle fails typed (31.907459ms)
✔ a foreign object where a ChangeSet is expected refuses BEFORE any native dispatch (25.835917ms)
✔ a foreign-schema query template refuses typed at execute (27.29225ms)
✔ interruption surfaces in Cause, never as a manufactured outcome arm (30.867791ms)
✔ closed Event authoring compares complete owned carriers without native work (1.406041ms)
✔ closed Events retain schema identity, coverage and query results across runtime release (520.818083ms)
✔ descriptor construction is lazy and pure transport remains addon-free (1.0115ms)
✔ all seven structural kinds admit, describe, inspect and roundtrip through owned BEDC (433.709833ms)
✔ derived projections and complete composition plans feed real stored Event queries (145.291667ms)
✔ composition inspection keeps three distinct roles in ST, TU, SU order (7.180417ms)
✔ nonrectangular shared environments, reversal and measured endpoints survive inspection (9.15575ms)
✔ admission refuses fake certificates, implicit full markers and malformed structural data (13.005125ms)
✔ native descriptor submission copies owned bytes before workers and refuses shared backing (5.266417ms)
✔ cancelled descriptor delivery drops all queued inspection data and permits reuse (9.979042ms)
✔ kernel/revision envelopes own bytes, retain roles, and construct Effects without an addon (4.863875ms)
✔ posterior replacement, likelihood and conditioning have distinct exact meanings (476.983666ms)
✔ impossible revisions retain zero-mass and empty indexed cells without hiding input errors (16.748541ms)
✔ BESC replay refuses forged receipt numbers, posterior laws and incomplete impossible outcomes (12.381125ms)
✔ channels normalize on zero-prior fibres and copy readouts without fresh randomness (19.027167ms)
✔ Coup channels obey visibility FDs and translate stored Events through posterior queries after reopen (207.396208ms)
✔ cancelled revision inspection reclaims owned outputs and leaves the runtime reusable (18.435417ms)
✔ expectation authoring and description imports preserve aggregate identity without loading native code (7.36825ms)
✔ fraction payoffs remain owned pure query expressions across description import (1.022ms)
✔ numerical imports author and snapshot without loading native code (2.428958ms)
✔ query expectations own complete payoff rosters and survive collection, paging, and closed owners (529.7455ms)
✔ family expectations transport signed payoff functions and preserve impossible parameter endpoints (577.064084ms)
✔ fraction queries normalize equal presentations and reject hidden zero divisors (75.061375ms)
✔ function imports retain local covers, exact constants, descriptions and closed owners (98.270416ms)
✔ family payoff queries glue at exact boundaries and promote finite patches (2151.847083ms)
✔ empty function import faults retain descriptors without invented variables (79.450083ms)
✔ family dynamics carriers copy transport, keep roles distinct and remain addon-free (4.273625ms)
✔ conditioning keeps exact positive domain, zero-mass possibilities and original-prior translation (1028.287625ms)
✔ likelihood scale is retained while posterior values and repeated evidence are exact (1916.802667ms)
✔ Jeffrey replacement retains indexed unsupported endpoints, empty cells and rejects partial targets (733.180875ms)
✔ everywhere-impossible requests keep identities and complete mathematical receipts (456.546458ms)
✔ restriction preserves the law while common refinement unifies predicates without changing domains (871.46825ms)
✔ family channels preserve prior marginals, share the parameter and check every parent row (431.683459ms)
✔ owned family updates translate stored Events through joined queries after reopen (436.625ms)
✔ dynamics copy submitted inputs and cancel complete owned receipts without retaining handles (162.641959ms)
✔ piecewise Jeffrey targets refine exact boundaries and skip zero-target conditionals (644.92575ms)
✔ family roles remain owned and lazy, distinct from fixed functions and kernels (2.859916ms)
✔ live family Events persist, satisfy ordinary laws, join and retain owned observations (1533.551875ms)
✔ exact parameter worlds derive guards and retain irrational singleton cardinality (87.1105ms)
✔ family functions preserve signed values, totality, explicit zeros and weighted maps (417.63875ms)
✔ refinement admits exact observation thresholds without changing worlds or law (1281.667417ms)
✔ signed parameter-dependent expectations and guard-local holes are exact (390ms)
✔ family construction refuses hidden invalid inputs, non-unit laws and illegal worlds (188.577792ms)
✔ late owned family observations are reclaimed before delivery (141.056459ms)
✔ symbolic family normalization counts outcomes, never deterministic guard cases (110.952208ms)
✔ finite covers keep agreeing overlaps, supplied zeros, evidence and ownership (160.595917ms)
✔ zero mass does not waive coverage or pointwise value agreement (15.41725ms)
✔ family covers glue functions equal only on their actual overlap (858.886958ms)
✔ cancelling a completed cover releases its owned result before a late callback (151.952958ms)
✔ memory construction is lazy; pure transport owns bytes without loading the addon (2.504833ms)
✔ a reopened recipe remembers the secret after its screen is erased and supplies ordinary database Events (302.844125ms)
✔ memory admission rejects bad contexts, incomplete observations, forged graph fields and malformed envelopes (77.514084ms)
✔ parameter memory transport preserves one named unknown across transitions (167.26825ms)
✔ independent BEBM grammar and raw submission preserve owned bytes and operation registration (7.582042ms)
✔ compiled memory survives replay with exact codes, knowledge, ranks and progress policies (531.321291ms)
✔ BEBA is an independent named recipe; incomplete memory, foreign objectives and malformed raw inputs refuse (241.922875ms)
✔ observation stages mint exact query domains and replay without loading native code (22.211209ms)
✔ dynamic and description authors cannot coerce observation identities or mix producers with projections (0.985916ms)
✔ identity joins, antijoins, groups and mixed observations survive rebind, reopen and owner release (193.005959ms)
✔ consumer filters cannot hide a producer's missing zero-mass payoff coverage (133.626ms)
✔ parameter carriers are owned, nominal, pure and version/role checked (3.094792ms)
✔ all region Boolean masks preserve exact open endpoints and disconnected sets (164.33925ms)
✔ irrational singleton witnesses and canonical roots remain exact across owners (101.109917ms)
✔ partial functions preserve holes, signs, arithmetic and distinct ambient domains (177.12275ms)
✔ a joined portable conditional function keeps zero-evidence holes after reopen (124.688042ms)
✔ invalid domains, roles, masks and unused operands refuse; ingress copies buffers (49.708334ms)
✔ late structured parameter results are reclaimed before callback delivery (4.562834ms)
✔ polynomial transport is owned and pure import stays lazy (14.951375ms)
✔ named polynomial arithmetic, normalization and simultaneous substitution survive runtime release (41.857167ms)
✔ explicit shared Beta moments produce correlated stored Events (222.052042ms)
✔ polynomial admission refuses malformed, missing, duplicate and unused invalid inputs (21.113667ms)
✔ late polynomial descriptions are cancelled and reclaimed before callback delivery (7.796375ms)
✔ Beta envelopes are owned, role-separated, lazy and require worker admission (14.633542ms)
✔ shared prior integrates raw masses before conditioning and owns complete certificates (740.528834ms)
✔ zero-prior-mass endpoint Events stay possible and retain exception certificates (476.151ms)
✔ Beta contraction admits polynomial presentations, finite exceptions and signed payoffs (558.867417ms)
✔ Beta scope refuses missing laws, foreign sources, nonpolynomials and inherited holes (335.665833ms)
✔ stored Event joins remain parameter-dependent until explicit prior binding after reopen (330.846208ms)
✔ prior workers own submitted bytes and cancellation never publishes a late observation (209.246417ms)
✔ probability authoring and description imports stay pure, owned and query-only (6.822958ms)
✔ fixed query observations preserve provenance, zero-mass evidence, duplicate paths and sealed pages (189.877542ms)
✔ parameter probability queries retain p squared over p and its excluded zero, without a prior (426.905542ms)
✔ contextual full projections remain pure syntax with exact keys and no invented classes (2.038083ms)
✔ full coverage partitions measured worlds, including zero-mass branches, through commit and reopen (172.510333ms)
✔ full singleton lookup supplies no fabricated cell and remains distinct from a field named true (101.949625ms)
✔ closed scalar rosters admit explicit full keys and native ground coverage (14.806333ms)
✔ guard plans and expression shape are pure, owned and strict (31.081875ms)
✔ common source guards preserve source laws and compose with predicate rosters (182.406291ms)
✔ query guard refinements preserve all truth cases, law, transport and owner closure (1588.900542ms)
✔ row-bound guard plans retain stored sources and presentation identities through staging (71.29425ms)
✔ numerical authoring, imports and descriptions are pure and keep query-only types (84.178959ms)
✔ numerical queries group before folds and preserve derivations after owners close (120.109625ms)
✔ every numerical operator, domain import and partial family survives SDK replay (206.049791ms)
✔ predicate authoring is pure, authentic and bounded across numerical subtrees (23.809916ms)
✔ predicate grouping and identity joins preserve sources and owned replay (137.749625ms)
✔ predicate algebra keeps parameter holes, explicit quantifiers and producer errors (186.048625ms)
✔ direct region predicates retain exact origins, totality, common guards and owned replay (157.623333ms)
✔ pure Event query authoring retains types, stages, shape bounds and owned imports (8.931791ms)
✔ native Event heads preserve shared worlds through tests, descriptions, imported stages and Pack (99.58575ms)
✔ captured maps and typed relation programs execute through the public builders (65.842291ms)
✔ Event errors retain complete logical fault sets across stages, prepared queries and runtime release (68.360541ms)
✔ fixed-point authoring closes lexical handles without accidental capture (3.318584ms)
✔ query binders compose with nested modalities, Star, stages, tests and Pack (107.988792ms)
✔ Event schema selections own transport bytes without loading native code (1.93ms)
✔ Event selections enforce exact matches across incremental writes, owner release and reopen (119.297791ms)
✔ exact scalar/function transport and lazy source programs do not load the addon (2.494833ms)
✔ exact native arithmetic preserves decimal/binary intent, canonical values and failure modes (55.025625ms)
✔ finite functions merge equal cells, add signed overlaps and sum copied readouts exactly once (27.383459ms)
✔ law designation is exact and retains symbolic and zero-mass possibilities (16.261667ms)
✔ Coup source algebra preserves shared worlds, exact posteriors and signed utility through storage (177.927ms)
✔ finite function admission checks all contexts and shapes before zero shortcuts (18.535458ms)
✔ late cancelled source observations are reclaimed without delivering a partial result (7.33525ms)
✔ Event envelopes own immutable data and pure codecs never load native work (3.484708ms)
✔ Event executor checks all truth functions, shared contexts and symbolic supports (68.125708ms)
✔ typed Event rows reopen, join, pack and bind owned parameters (136.883375ms)
✔ raw Event bridge refuses unknown operations and shared or forged byte backing (4.244125ms)
✔ Event dependencies enforce disjointness and joint coverage through ordinary keys and mirrors (61.005292ms)
✔ interrupting completed Event delivery drains the output and leaves the runtime usable (12.008208ms)
✔ parameterized Event sources retain their domains through SDK storage and joins (610.610709ms)
✔ public field codecs agree with rows for every field kind and preserve generic inference (4.591958ms)
✔ strict field decoding rejects malformed representations and host schemas reject invalid values (6.470041ms)
✔ field descriptors are owned; accessors never execute while decoding values (0.221708ms)
✔ segment kinds survive description imports and fixed-width refinement is dropped (18.707666ms)
✔ pack widens fixed intervals before imported difference and measurement stages (54.5475ms)
✔ native marginal bands derive slices, preserve equal contributions, and round once (60.662292ms)
✔ difference emits products, dense measures and fixed intervals use native meanings (105.999125ms)
✔ the large-schema fixture constructs and both tiers agree at scale (0.441708ms)
▶ the three class laws
  ✔ generators name their classes; a 3-hop chain lands the whole chain in the generator's class; bare stays bare (2.010333ms)
  ✔ a generator-less class is named by its least member in relation-declaration × field-declaration order (0.2545ms)
  ✔ a ψ-selected closed face pairs exactly like the bare face — the selection changes classes not at all (0.848291ms)
  ✔ the selected-mirrors shape (Calendar): the mirrors law types the source column with the target's class (0.26675ms)
✔ the three class laws (3.946042ms)
▶ the generator authority after the fresh deletion — closed ids are the ONLY generators
  ✔ unifying two ordinary id columns is LAWFUL now — no mint, no wall; least member names the class (0.222708ms)
  ✔ mirrors and capacity pairings over ordinary ids are lawful classes too (0.540667ms)
  ✔ a closed relation's id stays a generator — a bare column never pairs it (the roster wall, at construction) (0.338083ms)
  ✔ a transitive chain over ordinary ids is one lawful class, not a wall (0.20775ms)
✔ the generator authority after the fresh deletion — closed ids are the ONLY generators (1.463375ms)
▶ the runtime/type agreement and the wire
  ✔ the runtime class map and the type-level class map are the same map (3.17975ms)
  ✔ the manifest golden: statements in == statements out — nothing synthesized, order preserved, count equal (0.632208ms)
  ✔ the wire: spec newtype = class name for classed slots, omitted for bare (fingerprint-neutral by the engine's drop) (0.409334ms)
  ✔ integer-index names are refused at construction — the declaration-order law's enumeration hazard (0.083417ms)
  ✔ dotted names are refused at construction — the coordinate encoding stays injective at both tiers (0.116459ms)
  ✔ a plain __proto__ declaration entry is refused — the Annex B setter would silently drop the key (0.146333ms)
✔ the runtime/type agreement and the wire (4.704792ms)
✔ interrupt after directory acquire and before db output adoption drains both owners (D18) (110.450625ms)
✔ retained JS tokens cannot prevent native drain; repeated close joins (D18) (45.931292ms)
✔ abort after publication drains without take; retained wrappers cannot pin output (D18) (70.398916ms)
✔ draft interruption spends the draft and joins drain (14.550666ms)
▶ pure schema import
  ✔ constructs metadata with the platform addon unresolvable (311.880333ms)
✔ pure schema import (312.4035ms)
✔ generated descriptions execute, prepare, compose and infer their checked result (82.11475ms)
✔ descriptions preserve joins, negation, aggregates, computations and interiors (7.862375ms)
✔ descriptions preserve recursion and interval/closed-reference domains (44.029458ms)
✔ description checking refuses malformed grammar, wrong result claims, unbound vars and foreign field tags (1.208166ms)
✔ flat projection keeps only row count and owned cells, without obsolete quota accounting (1.350708ms)
✔ flat projection closes the source iterator when a row is invalid (0.261291ms)
✔ snapshot bindings preserve owned Event field types and dependency identity (183.447791ms)
✔ snapshot bindings preserve contextual full projections and explicit closed full keys (143.405917ms)
✔ snapshot bindings preserve every field kind, exact payload values, names and field order (133.155875ms)
✔ independent bindings preserve selected mirror directions, capacities and expanded statement IDs (125.3405ms)
✔ emission refuses unrepresentable conditional roster pairing and invalid declaration names (3.93125ms)
✔ bindings derive transitive total roster membership without losing or adding laws (118.165541ms)
✔ mutually referring closed payloads use the existing field descriptors without declaration cycles (114.765459ms)
✔ snapshot bindings preserve canonical Event selection literals and schema identity (116.584625ms)
✔ snapshot bindings preserve closed Event axioms and their explicit pointwise keys (116.397084ms)
▶ the Ledger example
  ✔ lowers to the SchemaSpec shape, declaration order throughout, newtype slots carrying the law-computed class names (5.188125ms)
  ✔ the composite key and pointwise containment lower positionally (0.367583ms)
  ✔ a closed payload column lowers pure structure — the newtype slots carry its law-computed classes (0.414666ms)
  ✔ lowering is deterministic across independent constructions (0.9895ms)
✔ the Ledger example (8.1025ms)
▶ renderStatement
  ✔ each statement form renders its canonical 70-api spelling (0.451375ms)
  ✔ composite positions render in written tuple order (0.156834ms)
  ✔ every legal capacity spelling renders canonically — unit strings byte-for-byte, the weighted rows beside them (0.802333ms)
  ✔ literal sets and interval literals render in macro notation (0.469ms)
✔ renderStatement (2.049208ms)
▶ the ban table, one row at a time — literal spellings are UNWRITABLE
  ✔ the capacity mint vocabulary is exactly the roster — no sixth mint exists (0.109333ms)
  ✔ degenerate literal sets refuse — a membership array needs two DISTINCT members, and the refusal locates itself (3.055583ms)
  ✔ a duplicate field in a key() projection refuses at the mint — the engine's FieldSet duplicate, canonical voice (0.438625ms)
  ✔ a plain u64 face never pairs a closed [id] face — closedness rides the descriptor (both tiers) (0.541208ms)
  ✔ an arity-mismatched pairing is a construction error — the SameArity runtime twin (untyped path) (0.378917ms)
✔ the ban table, one row at a time — literal spellings are UNWRITABLE (4.6925ms)
▶ the ban table's construction tier — computed bounds the type cannot judge
  ✔ computed equivalent spellings lower to the canonical law; only negatives refuse (0.170458ms)
  ✔ an inverted window is unsatisfiable — bigint literals carry no type-level order (0.055583ms)
  ✔ unit floors are accepted canonical laws now — the spelling police is deleted (0.167208ms)
  ✔ the C18 dimension gate fires at the capacity() call — a unit window never takes a duration() bound (both tiers) (0.152417ms)
  ✔ a computed path weight or bound is a construction refusal naming the pinned-column idiom (0.140334ms)
  ✔ the weight and dependent-bound walls hold at construction for untyped callers (0.370042ms)
  ✔ generated capacity values use the same validation as constructors (0.300791ms)
✔ the ban table's construction tier — computed bounds the type cannot judge (1.450625ms)
▶ schema() construction boundary
  ✔ a statement over an undeclared relation is rejected with the statement rendered (0.394542ms)
  ✔ same-named relations resolve structurally, including field order (0.223292ms)
  ✔ declared id keys are ordinary statements now — the fresh-implied key is deleted (E-NO-RESERVE) (0.375709ms)
  ✔ duplicate statements are rejected via their canonical rendering (0.37975ms)
  ✔ a record key must equal its relation's declared name (0.303834ms)
  ✔ the paste-back law: a handle selection needs its resolving containment declared (0.385917ms)
  ✔ generated statements are checked semantically without an admission token (0.5205ms)
✔ schema() construction boundary (2.686542ms)
▶ ψ statements over closed relations — closed().where() as a face source
  ✔ a ψ-selected closed face renders canonically and schema() admits both forms (0.347458ms)
  ✔ ψ lowers PASS-THROUGH — the selection rides the SideSpec, never pre-folded into ids (2.61925ms)
  ✔ the closed where() speaks the ordinary selection vocabulary — literal sets and written order (0.379375ms)
  ✔ the empty ψ is the bare closed relation respelled and rejected (canonical utterance) (1.071125ms)
  ✔ the compile walls carry runtime twins through the one selection machine (0.484709ms)
  ✔ a handle named `where` is ordinary roster data — NO name is reserved, both tiers (0.143875ms)
✔ ψ statements over closed relations — closed().where() as a face source (5.209375ms)
✔ facts, selections, host cells, and JSON codecs share the complete native value domain (8.184ms)
✔ unknown, inherited, absent, symbolic, and nested fields are never silently dropped (1.165416ms)
✔ query parameters use the same interpreter and exact supplied parameter fields (3.082042ms)
✔ authored queries own mutable binding and comparison literals (16.170791ms)
✔ query bindings and result records reject getters and explicit undefined fields (0.572459ms)
✔ host admission matches the real native codec; rejected facts do not enter a database (51.680333ms)
✔ native names and query parameters reject lossy Unicode conversion (23.494334ms)
✔ prototype-sensitive field and result names are ordinary owned data (52.217625ms)
ℹ tests 232
ℹ suites 11
ℹ pass 232
ℹ fail 0
ℹ cancelled 0
ℹ skipped 0
ℹ todo 0
ℹ duration_ms 7865.531417
SDK integration passed against isolated @bjornpagen/bumbledb-darwin-arm64; version unchanged at 1.3.1
{"node":"v26.4.0","platform":"@bjornpagen/bumbledb-darwin-arm64","tests":["event","event-query","event-probability","event-expectation","event-observation-stages","event-query-numbers","event-query-predicates","event-query-guards","event-descriptor","event-memory","event-source","event-polynomial","event-parameter","event-family","event-function-cover","event-family-dynamics","event-prior","event-dynamics","event-projections","event-selections","event-closed","statements","declared-key","law-typing","law-scale","schema-bindings","pure-import","field-codec","query-description","comparison-pairing","alternatives","rows","boundary-codec","value-conformance","interval-outputs","effect-core","ownership-interrupt"],"addon_sha256":"ae6f743a0ae9e0ef78c1c16126c0d83d839920066298c2d7f3d9ebc76ded12ae"}
