✔ alternatives are the ordinary law expansion in roster order, independent of arm object order (3.585083ms)
✔ alternatives check dynamic arm coverage and scalar identity shapes (1.762083ms)
✔ alternatives preserve composite keys and payload types (0.218208ms)
✔ native expansion refusals cite both actual directions at their current statement positions (283.194625ms)
✔ ordinary native admission enforces payloads and accepts an atomic arm switch (219.1075ms)
✔ finite, infinite, NaN and negative-zero floats all cross as canonical $f64 bit images (1.335125ms)
✔ decoders reject malformed widths, noncanonical images, unknown tags and wrong-schema values (2.120625ms)
✔ typed and dynamic boundary input share one accepted domain — the encoder refuses what the decoder refuses (0.126166ms)
✔ student rows carry budget as exact decimal; a float budget image refuses (0.119916ms)
▶ the comparison pairing walls
  ✔ no variable side is constant-valued: the constructor refuses param-only and param-literal sides (1.95375ms)
  ✔ the order pair: cross-domain variable pairs are compile-refused (each side alone is orderable) (0.608667ms)
  ✔ the order pair: literals type against their sibling — bool-vs-bigint and u64-vs-boolean are compile-refused (0.375041ms)
  ✔ the fold input: min/max over a bool var is refused (both tiers) (0.320292ms)
  ✔ the pointIn pair: the point lives in the interval's element domain (0.190042ms)
  ✔ the allen pair: two intervals of one element domain (Q1 — widths meet freely, u64-vs-i64 stays illegal) (0.200958ms)
  ✔ the legal pairs stay legal: same-domain vars, sibling-typed opens, one-element allen (0.383084ms)
✔ the comparison pairing walls (4.673083ms)
✔ key values infer exactly their declared projection (0.774625ms)
✔ a key owns its projection without freezing or retaining the caller's array (0.386792ms)
✔ every declared key reads the same snapshot with its own projection and native statement id (383.830042ms)
✔ inspection separates virtual mapping, file pages and disk blocks (351.481333ms)
✔ native row codecs own their values and remain reusable after cancelled delivery (5.786958ms)
✔ create/apply/snapshot/get/execute — the whole chapter 34 core flow, one scope (186.047375ms)
✔ open never creates; create refuses existing authority (101.880792ms)
✔ scoped preparation reuses parameters and closes independently of snapshots and results (106.345458ms)
✔ apply is the three-coordinate judgment: accepted, no-change, invariant-rejected, moved (79.247708ms)
✔ a snapshot is coherent: a later apply cannot move an open snapshot's facts (101.065708ms)
✔ methods are lazy: construction dispatches nothing, and a scope-escaped handle fails typed (121.590875ms)
✔ a foreign object where a ChangeSet is expected refuses BEFORE any native dispatch (80.639125ms)
✔ a foreign-schema query template refuses typed at execute (54.756125ms)
✔ interruption surfaces in Cause, never as a manufactured outcome arm (43.988ms)
✔ closed Event authoring compares complete owned carriers without native work (1.3025ms)
✔ closed Events retain schema identity, coverage and query results across runtime release (622.544ms)
✔ descriptor construction is lazy and pure transport remains addon-free (3.287625ms)
✔ all seven structural kinds admit, describe, inspect and roundtrip through owned BEDC (415.263625ms)
✔ derived projections and complete composition plans feed real stored Event queries (190.23875ms)
✔ composition inspection keeps three distinct roles in ST, TU, SU order (4.435417ms)
✔ nonrectangular shared environments, reversal and measured endpoints survive inspection (6.219792ms)
✔ admission refuses fake certificates, implicit full markers and malformed structural data (6.838834ms)
✔ native descriptor submission copies owned bytes before workers and refuses shared backing (1.779292ms)
✔ cancelled descriptor delivery drops all queued inspection data and permits reuse (2.665625ms)
✔ kernel/revision envelopes own bytes, retain roles, and construct Effects without an addon (2.439208ms)
✔ posterior replacement, likelihood and conditioning have distinct exact meanings (426.286167ms)
✔ impossible revisions retain zero-mass and empty indexed cells without hiding input errors (9.352958ms)
✔ BESC replay refuses forged receipt numbers, posterior laws and incomplete impossible outcomes (5.4535ms)
✔ channels normalize on zero-prior fibres and copy readouts without fresh randomness (11.378625ms)
✔ Coup channels obey visibility FDs and translate stored Events through posterior queries after reopen (232.955291ms)
✔ cancelled revision inspection reclaims owned outputs and leaves the runtime reusable (7.976209ms)
✔ contextual full projections remain pure syntax with exact keys and no invented classes (1.809541ms)
✔ full coverage partitions measured worlds, including zero-mass branches, through commit and reopen (429.101916ms)
✔ full singleton lookup supplies no fabricated cell and remains distinct from a field named true (156.407917ms)
✔ closed scalar rosters admit explicit full keys and native ground coverage (15.885167ms)
✔ pure Event query authoring retains types, stages, shape bounds and owned imports (9.225958ms)
✔ native Event heads preserve shared worlds through tests, descriptions, imported stages and Pack (355.439875ms)
✔ captured maps and typed relation programs execute through the public builders (180.894792ms)
✔ Event errors retain complete logical fault sets across stages, prepared queries and runtime release (66.690125ms)
✔ Event schema selections own transport bytes without loading native code (1.719041ms)
✔ Event selections enforce exact matches across incremental writes, owner release and reopen (434.199791ms)
✔ exact scalar/function transport and lazy source programs do not load the addon (2.422417ms)
✔ exact native arithmetic preserves decimal/binary intent, canonical values and failure modes (149.585292ms)
✔ finite functions merge equal cells, add signed overlaps and sum copied readouts exactly once (9.657417ms)
✔ law designation is exact and retains symbolic and zero-mass possibilities (5.680042ms)
✔ Coup source algebra preserves shared worlds, exact posteriors and signed utility through storage (256.386209ms)
✔ finite function admission checks all contexts and shapes before zero shortcuts (11.330875ms)
✔ late cancelled source observations are reclaimed without delivering a partial result (6.493458ms)
✔ Event envelopes own immutable data and pure codecs never load native work (3.147334ms)
✔ Event executor checks all truth functions, shared contexts and symbolic supports (78.425333ms)
✔ typed Event rows reopen, join, pack and bind owned parameters (206.915417ms)
✔ raw Event bridge refuses unknown operations and shared or forged byte backing (1.450167ms)
✔ Event dependencies enforce disjointness and joint coverage through ordinary keys and mirrors (148.549125ms)
✔ interrupting completed Event delivery drains the output and leaves the runtime usable (8.018041ms)
✔ parameterized Event sources retain their domains through SDK storage and joins (475.1585ms)
✔ public field codecs agree with rows for every field kind and preserve generic inference (2.070375ms)
✔ strict field decoding rejects malformed representations and host schemas reject invalid values (19.733208ms)
✔ field descriptors are owned; accessors never execute while decoding values (0.177667ms)
✔ segment kinds survive description imports and fixed-width refinement is dropped (3.607375ms)
✔ pack widens fixed intervals before imported difference and measurement stages (114.614292ms)
✔ native marginal bands derive slices, preserve equal contributions, and round once (106.979708ms)
✔ difference emits products, dense measures and fixed intervals use native meanings (119.776625ms)
✔ the large-schema fixture constructs and both tiers agree at scale (0.427875ms)
▶ the three class laws
  ✔ generators name their classes; a 3-hop chain lands the whole chain in the generator's class; bare stays bare (1.962584ms)
  ✔ a generator-less class is named by its least member in relation-declaration × field-declaration order (0.255208ms)
  ✔ a ψ-selected closed face pairs exactly like the bare face — the selection changes classes not at all (0.846959ms)
  ✔ the selected-mirrors shape (Calendar): the mirrors law types the source column with the target's class (0.2525ms)
✔ the three class laws (3.866417ms)
▶ the generator authority after the fresh deletion — closed ids are the ONLY generators
  ✔ unifying two ordinary id columns is LAWFUL now — no mint, no wall; least member names the class (0.219ms)
  ✔ mirrors and capacity pairings over ordinary ids are lawful classes too (0.48725ms)
  ✔ a closed relation's id stays a generator — a bare column never pairs it (the roster wall, at construction) (0.305958ms)
  ✔ a transitive chain over ordinary ids is one lawful class, not a wall (0.215083ms)
✔ the generator authority after the fresh deletion — closed ids are the ONLY generators (1.377625ms)
▶ the runtime/type agreement and the wire
  ✔ the runtime class map and the type-level class map are the same map (0.455041ms)
  ✔ the manifest golden: statements in == statements out — nothing synthesized, order preserved, count equal (0.577667ms)
  ✔ the wire: spec newtype = class name for classed slots, omitted for bare (fingerprint-neutral by the engine's drop) (0.397791ms)
  ✔ integer-index names are refused at construction — the declaration-order law's enumeration hazard (0.082208ms)
  ✔ dotted names are refused at construction — the coordinate encoding stays injective at both tiers (0.110542ms)
  ✔ a plain __proto__ declaration entry is refused — the Annex B setter would silently drop the key (0.186125ms)
✔ the runtime/type agreement and the wire (1.955042ms)
✔ interrupt after directory acquire and before db output adoption drains both owners (D18) (120.987833ms)
✔ retained JS tokens cannot prevent native drain; repeated close joins (D18) (95.577083ms)
✔ abort after publication drains without take; retained wrappers cannot pin output (D18) (88.232292ms)
✔ draft interruption spends the draft and joins drain (8.405458ms)
▶ pure schema import
  ✔ constructs metadata with the platform addon unresolvable (258.454375ms)
✔ pure schema import (259.111458ms)
✔ generated descriptions execute, prepare, compose and infer their checked result (124.799792ms)
✔ descriptions preserve joins, negation, aggregates, computations and interiors (3.74925ms)
✔ descriptions preserve recursion and interval/closed-reference domains (117.88975ms)
✔ description checking refuses malformed grammar, wrong result claims, unbound vars and foreign field tags (1.170958ms)
✔ flat projection keeps only row count and owned cells, without obsolete quota accounting (1.50525ms)
✔ flat projection closes the source iterator when a row is invalid (0.272958ms)
✔ snapshot bindings preserve owned Event field types and dependency identity (206.006042ms)
✔ snapshot bindings preserve contextual full projections and explicit closed full keys (104.570291ms)
✔ snapshot bindings preserve every field kind, exact payload values, names and field order (108.925792ms)
✔ independent bindings preserve selected mirror directions, capacities and expanded statement IDs (96.034917ms)
✔ emission refuses unrepresentable conditional roster pairing and invalid declaration names (3.020416ms)
✔ bindings derive transitive total roster membership without losing or adding laws (90.762459ms)
✔ mutually referring closed payloads use the existing field descriptors without declaration cycles (91.114666ms)
✔ snapshot bindings preserve canonical Event selection literals and schema identity (95.558875ms)
✔ snapshot bindings preserve closed Event axioms and their explicit pointwise keys (104.842792ms)
▶ the Ledger example
  ✔ lowers to the SchemaSpec shape, declaration order throughout, newtype slots carrying the law-computed class names (3.631667ms)
  ✔ the composite key and pointwise containment lower positionally (0.322334ms)
  ✔ a closed payload column lowers pure structure — the newtype slots carry its law-computed classes (0.397209ms)
  ✔ lowering is deterministic across independent constructions (1.180209ms)
✔ the Ledger example (6.110708ms)
▶ renderStatement
  ✔ each statement form renders its canonical 70-api spelling (0.458917ms)
  ✔ composite positions render in written tuple order (0.284334ms)
  ✔ every legal capacity spelling renders canonically — unit strings byte-for-byte, the weighted rows beside them (0.938458ms)
  ✔ literal sets and interval literals render in macro notation (0.464375ms)
✔ renderStatement (2.334459ms)
▶ the ban table, one row at a time — literal spellings are UNWRITABLE
  ✔ the capacity mint vocabulary is exactly the roster — no sixth mint exists (0.101375ms)
  ✔ degenerate literal sets refuse — a membership array needs two DISTINCT members, and the refusal locates itself (1.008917ms)
  ✔ a duplicate field in a key() projection refuses at the mint — the engine's FieldSet duplicate, canonical voice (0.3255ms)
  ✔ a plain u64 face never pairs a closed [id] face — closedness rides the descriptor (both tiers) (0.37175ms)
  ✔ an arity-mismatched pairing is a construction error — the SameArity runtime twin (untyped path) (0.284708ms)
✔ the ban table, one row at a time — literal spellings are UNWRITABLE (2.229209ms)
▶ the ban table's construction tier — computed bounds the type cannot judge
  ✔ computed equivalent spellings lower to the canonical law; only negatives refuse (0.14025ms)
  ✔ an inverted window is unsatisfiable — bigint literals carry no type-level order (0.049583ms)
  ✔ unit floors are accepted canonical laws now — the spelling police is deleted (0.153292ms)
  ✔ the C18 dimension gate fires at the capacity() call — a unit window never takes a duration() bound (both tiers) (0.162541ms)
  ✔ a computed path weight or bound is a construction refusal naming the pinned-column idiom (0.114542ms)
  ✔ the weight and dependent-bound walls hold at construction for untyped callers (0.360292ms)
  ✔ generated capacity values use the same validation as constructors (0.288291ms)
✔ the ban table's construction tier — computed bounds the type cannot judge (1.369083ms)
▶ schema() construction boundary
  ✔ a statement over an undeclared relation is rejected with the statement rendered (0.382167ms)
  ✔ same-named relations resolve structurally, including field order (0.21775ms)
  ✔ declared id keys are ordinary statements now — the fresh-implied key is deleted (E-NO-RESERVE) (0.367083ms)
  ✔ duplicate statements are rejected via their canonical rendering (0.380542ms)
  ✔ a record key must equal its relation's declared name (0.308792ms)
  ✔ the paste-back law: a handle selection needs its resolving containment declared (0.35525ms)
  ✔ generated statements are checked semantically without an admission token (0.532167ms)
✔ schema() construction boundary (2.640167ms)
▶ ψ statements over closed relations — closed().where() as a face source
  ✔ a ψ-selected closed face renders canonically and schema() admits both forms (0.317958ms)
  ✔ ψ lowers PASS-THROUGH — the selection rides the SideSpec, never pre-folded into ids (0.312084ms)
  ✔ the closed where() speaks the ordinary selection vocabulary — literal sets and written order (1.888583ms)
  ✔ the empty ψ is the bare closed relation respelled and rejected (canonical utterance) (0.28125ms)
  ✔ the compile walls carry runtime twins through the one selection machine (0.277334ms)
  ✔ a handle named `where` is ordinary roster data — NO name is reserved, both tiers (0.127292ms)
✔ ψ statements over closed relations — closed().where() as a face source (3.316125ms)
✔ facts, selections, host cells, and JSON codecs share the complete native value domain (4.872458ms)
✔ unknown, inherited, absent, symbolic, and nested fields are never silently dropped (0.965291ms)
✔ query parameters use the same interpreter and exact supplied parameter fields (2.066125ms)
✔ authored queries own mutable binding and comparison literals (4.603958ms)
✔ query bindings and result records reject getters and explicit undefined fields (0.42075ms)
✔ host admission matches the real native codec; rejected facts do not enter a database (103.172708ms)
✔ native names and query parameters reject lossy Unicode conversion (75.484334ms)
✔ prototype-sensitive field and result names are ordinary owned data (42.83775ms)
ℹ tests 154
ℹ suites 11
ℹ pass 154
ℹ fail 0
ℹ cancelled 0
ℹ skipped 0
ℹ todo 0
ℹ duration_ms 2229.774792
SDK integration passed against isolated @bjornpagen/bumbledb-darwin-arm64; version unchanged at 1.3.1
{"node":"v26.4.0","platform":"@bjornpagen/bumbledb-darwin-arm64","tests":["event","event-query","event-descriptor","event-source","event-dynamics","event-projections","event-selections","event-closed","statements","declared-key","law-typing","law-scale","schema-bindings","pure-import","field-codec","query-description","comparison-pairing","alternatives","rows","boundary-codec","value-conformance","interval-outputs","effect-core","ownership-interrupt"],"addon_sha256":"2575c32289e408dbcf746c4aec17cdbf640adba2c2395ce099a2ad0d4b009522"}
