
running 1 test
test event_repr_lab::experiment ... EVENT_LAB {"kind":"free_join","candidate":"essential64","scenario":"coup_4290","shape":"triangle","memo":false,"worlds":4290,"admissible_worlds":4290,"rows":1024,"groups":64,"plan_nodes":3,"input_nodes":2736,"final_nodes":52885,"input_bytes_est":307912,"final_bytes_est":10858552,"colt_bytes":163104,"build_s":[0.001276916, 0.001271584, 0.001199292, 0.001141208, 0.001141042, 0.001207583, 0.001177833, 0.001144458, 0.001145334, 0.001169333, 0.0011795],"native_setup_s":0.000258625,"native_first_join_s":0.000097667,"join_only_s":[5.2292e-5, 4.7416e-5, 4.575e-5, 4.5875e-5, 4.975e-5, 4.7583e-5, 5.45e-5, 5.7333e-5, 4.6041e-5, 4.5375e-5, 4.5333e-5],"fresh_s":[0.039142709, 0.038360167, 0.040418333, 0.03922325, 0.037929042, 0.036063375, 0.0374505, 0.040203333, 0.04082175, 0.040556959, 0.039430333],"warm_s":[0.0002606360625, 0.0002607724609375, 0.0002586451875, 0.0002614879609375, 0.0002667197265625, 0.0002656145859375, 0.000261659828125, 0.000265306640625, 0.0002579290390625, 0.0002615950546875, 0.0002633736953125],"warm_loops":128,"checksum":5648062,"verified":true}
EVENT_LAB {"kind":"free_join","candidate":"essential64","scenario":"coup_4290","shape":"triangle","memo":true,"worlds":4290,"admissible_worlds":4290,"rows":1024,"groups":64,"plan_nodes":3,"input_nodes":2736,"final_nodes":52885,"input_bytes_est":307912,"final_bytes_est":10930232,"colt_bytes":163104,"build_s":[0.001276916, 0.001271584, 0.001199292, 0.001141208, 0.001141042, 0.001207583, 0.001177833, 0.001144458, 0.001145334, 0.001169333, 0.0011795],"native_setup_s":0.000258625,"native_first_join_s":0.000097667,"join_only_s":[5.2292e-5, 4.7416e-5, 4.575e-5, 4.5875e-5, 4.975e-5, 4.7583e-5, 5.45e-5, 5.7333e-5, 4.6041e-5, 4.5375e-5, 4.5333e-5],"fresh_s":[0.036175666, 0.037110625, 0.037069709, 0.037882208, 0.038798416, 0.03867625, 0.037426416, 0.040155125, 0.039679708, 0.036834959, 0.038017417],"warm_s":[0.00021991015625, 0.00021939453125, 0.0002209459609375, 0.000222084640625, 0.000222041015625, 0.0002208736953125, 0.0002186279296875, 0.0002238388671875, 0.000222142578125, 0.0002235651015625, 0.0002207867890625],"warm_loops":128,"checksum":5648062,"verified":true}
EVENT_LAB {"kind":"free_join","candidate":"essential64","scenario":"coup_4290","shape":"clover","memo":false,"worlds":4290,"admissible_worlds":4290,"rows":4096,"groups":64,"plan_nodes":3,"input_nodes":2736,"final_nodes":81872,"input_bytes_est":307912,"final_bytes_est":18755496,"colt_bytes":41104,"build_s":[0.001350792, 0.001182167, 0.001145458, 0.001151, 0.001150167, 0.00117925, 0.001263833, 0.001181542, 0.001142458, 0.001211042, 0.001141833],"native_setup_s":0.000140709,"native_first_join_s":0.000102834,"join_only_s":[7.3958e-5, 7.1125e-5, 7.1209e-5, 7.125e-5, 7.1125e-5, 7.1209e-5, 7.125e-5, 7.1375e-5, 7.1333e-5, 7.1208e-5, 7.1375e-5],"fresh_s":[0.097556958, 0.094258875, 0.097467875, 0.097192583, 0.093956209, 0.099392083, 0.091159042, 0.092556917, 0.086711958, 0.089810083, 0.088119666],"warm_s":[0.0004320143125, 0.000435490234375, 0.000428046875, 0.000431537109375, 0.0004342845, 0.00042349740625, 0.000422421234375, 0.0004344856875, 0.000428333328125, 0.0004261315, 0.00042508853125],"warm_loops":64,"checksum":5691950,"verified":true}
EVENT_LAB {"kind":"free_join","candidate":"essential64","scenario":"coup_4290","shape":"clover","memo":true,"worlds":4290,"admissible_worlds":4290,"rows":4096,"groups":64,"plan_nodes":3,"input_nodes":2736,"final_nodes":81872,"input_bytes_est":307912,"final_bytes_est":19042216,"colt_bytes":41104,"build_s":[0.001350792, 0.001182167, 0.001145458, 0.001151, 0.001150167, 0.00117925, 0.001263833, 0.001181542, 0.001142458, 0.001211042, 0.001141833],"native_setup_s":0.000140709,"native_first_join_s":0.000102834,"join_only_s":[7.3958e-5, 7.1125e-5, 7.1209e-5, 7.125e-5, 7.1125e-5, 7.1209e-5, 7.125e-5, 7.1375e-5, 7.1333e-5, 7.1208e-5, 7.1375e-5],"fresh_s":[0.092382125, 0.093252584, 0.091151875, 0.089944, 0.08872525, 0.093327, 0.094108958, 0.090026584, 0.094197333, 0.092901291, 0.097034667],"warm_s":[0.0002946813203125, 0.0002912438203125, 0.000295375328125, 0.000297138671875, 0.000293869140625, 0.0002954970703125, 0.000296773765625, 0.000299802734375, 0.0002950598984375, 0.0002942708359375, 0.000296015953125],"warm_loops":128,"checksum":5691950,"verified":true}
ok

test result: ok. 1 passed; 0 failed; 0 ignored; 0 measured; 1363 filtered out; finished in 4.69s


        4.69 real         4.65 user         0.03 sys
            72794112  maximum resident set size
                   0  average shared memory size
                   0  average unshared data size
                   0  average unshared stack size
                4658  page reclaims
                   0  page faults
                   0  swaps
                   0  block input operations
                   0  block output operations
                   0  messages sent
                   0  messages received
                   0  signals received
                   0  voluntary context switches
                1268  involuntary context switches
         65224009813  instructions retired
         15680995711  cycles elapsed
            70058440  peak memory footprint
