{
  "revision": "0.9",
  "passed": true,
  "scope": "Current proposal, exact Lean evidence and retained semantic references; no Rust or performance qualification",
  "proposal_proof": {
    "files": 30,
    "reports": 246,
    "manifest_sha256": "b3c0cabd033487f669e90fa4360dff10c3a67d20cf9d77d281b655738e54720d"
  },
  "native_proof": {
    "files": 44,
    "reports": 789,
    "manifest_sha256": "c6eee20710b0ea54f47cb2ba1c7d8f42a3b1bd9cfc0e6484be3756001f450734"
  },
  "references": {
    "suites": 7,
    "scope": "exact finite reference examples and historical source subtheories"
  },
  "native_documents_sha256": {
    "docs/event-implementation.md": "d3e95bc023b596c410ae1a52ac33a1544e587190693b89c24c46a90a201268f8",
    "docs/event-value-format.md": "2f6bf9b53ff189506331b0e4c1027e8c76a5890d7ba4b02b67c394e45fd4d67c",
    "docs/event-projections.md": "4dea69e2df06fcb0b4a7d564cc9e0651a9be72677d4bee82f032f272dc9dadf4",
    "docs/event-maps.md": "f9855320a5015fb8c0bc35a78f19f18a6c356fb9385bf0e7ee966255450af860",
    "docs/event-relations.md": "be31753272177fe6a539e7328b530e4dc70d79ae30eb63c321fd473be68a6566",
    "docs/event-inspection.md": "033bb08b7e1a91e776967ef99fcdd2560e4f6b0a398ef8883d6af3c37bdf40d3",
    "docs/event-information.md": "fa9a355dee86e2850feeae98f68676aaed8e7786e6772e46ccc752ca02be8db0",
    "docs/event-fixed-points.md": "b159d7aa3a4525f4aad240e49d7ed79758a7e7abc402c4016e3156bb93c41ba3",
    "docs/event-partitions.md": "ae0d8473ba4aa9f89d53f496b4f46c5aa2cb60266d5272524f1135deed34f377",
    "docs/event-actions.md": "df6bfddab6e7b5e50569d9f57af7d41aefa277b2ef9f90234a78d28dfb00b5fc",
    "docs/event-belief-memory.md": "02ff130c56918602fb37ff0d6d3983e596745204b4bcfee4165dc6c40244c2b1",
    "docs/event-queries.md": "7f863c310b1ecf9c61b8506a162d8f6f0e6b57c60c17b66108b8c7f3e3400739",
    "docs/event-query-binders.md": "f24f9f42cca93a3a3f1ec57c5c5c6604a755ad09029e5f7b0ac9298e6ae57a31",
    "docs/event-priors.md": "391e50717ef71d7df0478c45b96d8c16d9dc76f1d4b124ef0a4a313c5cc346c8",
    "docs/event-function-covers.md": "3a0bf4043712b931b23dc5c01d1a46e339da352c4ccbffb5ce1192988d909897",
    "docs/event-query-probability.md": "ef0b57f1e7a28e80a34e8d98aea054f32fb48265b854ce51cb670f7893336da0",
    "docs/event-query-expectation.md": "13ce9c60f7408dc722ad1f2d397f068d01e5ca226118ae5d27873757fe7fa74c",
    "docs/event-observation-stages.md": "e8b5c56c5a3ae8b1c4557a787cf48834c4d3c141510ebe1dd60d21b17dd8f45c",
    "docs/event-observation-numbers.md": "11ef79b22aace8fb94357a67dc94b2a4315350eb2077d19e7656af3489ea8e8e",
    "docs/event-observation-predicates.md": "703112b6b2db89023351b13b1d4f7bbf31d48e6b6956c5b33f3c8727e68cbf39",
    "docs/event-descriptors.md": "4e8f7578ffa52982d36463a8a3a31d4533d531fc95ff13c34e46956f1c5aa4b6",
    "docs/event-sources.md": "2597b18f0d8e061392c07ab1af78c8c3c52ff9d50ce1ded2c0d890e9a3af24f6",
    "docs/event-functions.md": "ee8bf8691a417723ab502a70a0c1312516b2627df1ad7262d213445f8db8e0df",
    "docs/event-revisions.md": "b626f418f2416cfa2fc54ea99430642fb71f0c2f01abbcc68228ab0b9b2a106e",
    "docs/event-source-descriptors.md": "44180a3b4e00568f45547ff10b039f47a5c254acb077e414c46d457294fae0de",
    "docs/event-sdk.md": "6e434ee427649fa7a3e7980e856e5f7db05eaf3eb0fd5e4b7e851066b6a788eb",
    "docs/event-sdk-polynomials.md": "d56eef80c95f097fb359c3c97a6a3ab1f4c06d7ae95c22ce4383dac365c97d60",
    "docs/event-sdk-parameters.md": "617e45bc4fd33778b776a3e8002c87cc9248370e281d24e4c7538fe9fc891204",
    "docs/event-sdk-families.md": "678eafe48239009018aa22979c4ab19805e1d1d8eee2bff2590f34b13e795bf2",
    "docs/event-sdk-family-dynamics.md": "ab5b6b1935d6c2e18486f4d50c01c096895b010e306cace9ea12eb836bbf1bb1",
    "docs/event-selections.md": "6272ad067113afebfa2409959e25d4d0685226e2e7e57900a4e950dcd2514a76",
    "docs/event-ground.md": "a97fa6a507801495bea51b801edcbdd9ac3e78c3932fb23d869bfd93dcfe591c",
    "docs/event-polynomials.md": "88ffcd2a64c321556b2cd52893d9fa42ece967b9eaa117d6e820c92600642a7a",
    "docs/event-algebraic-roots.md": "62942d8a1125ab69a5b83ba2d4aa1e5abaa0cfbdb6b070c5a30196ec966cdf2b",
    "docs/event-parameter-domains.md": "3db8fe0ec7c9b641dee4dfcec19855a4d607fc9e0fca82dbe2434c98c1f0fd9b",
    "docs/event-algebraic-identity.md": "c63090ef45b1f100fb05b104a29fac006a60dff4f373fbc9bb607e03b147d724",
    "docs/event-parameter-sources.md": "2dbc39fae56dd91367ad58ba4afd356aa334084903a32418e6649259e73eb8e1",
    "docs/event-parameter-refinement.md": "c92e9535990f2438d03fce2d17b84aaa484059b2184b17bf1f063771fefbe616",
    "docs/event-parameter-conditioning.md": "cd1daa0e608143a573d43ede07a5813d521c23d3116aafd12dd8b87426e6a271",
    "docs/event-parameter-expectations.md": "e45d1efe7d669644869c38e5c5dbf42d053fd4b9ff1b66b4450d8b5a8e5df65a",
    "docs/event-family-functions.md": "4ce55eee697f29481aaba62dd37f741f8755c209b8cb16a2f7f81067bf6ad7ba",
    "docs/event-family-dynamics.md": "5bb734eb2b862ef83e48895e6d364f550bbb7624e82ccb82e9b3af4df9e4f91e"
  },
  "baseline_archive_verified": true,
  "historical_production_isolation_reasserted": false,
  "implementation_complete": false,
  "checker_sha256": "5d1546ad576e1b4dbb44fa64c6622326863449e694edff15438d332e5364564b"
}
