
running 1 test
test event_repr_lab::experiment ... EVENT_LAB {"kind":"owned_free_join","candidate":"prefix512","target_candidate":"prefix512","bits":12,"target_layout":"bit-major","target_setup_s":[5.375e-6],"restore_inputs_s":[2.9667e-5],"program_setup_s":[1.5209e-5],"query_s":[0.000371875],"owned_compute_s":[0.000390416],"novel_publication_classes":[10],"input_roots":24,"output_roots":80,"input_packet_bytes":1421,"output_packet_bytes":707,"final_arena_bytes_est":38040,"input_storage":{"layout":"slab","record_bytes":1024,"table_bytes":1024,"interner_bytes":1208,"metadata_bytes":792,"cache_bytes":0,"records":37,"tables":36,"logical_words":74,"total_bytes_est":4048},"final_storage":{"layout":"slab","record_bytes":8192,"table_bytes":8192,"interner_bytes":9664,"metadata_bytes":4376,"cache_bytes":7616,"records":349,"tables":348,"logical_words":938,"total_bytes_est":38040},"verified":true}
EVENT_LAB {"kind":"owned_free_join","candidate":"prefix512","target_candidate":"prefix512","bits":12,"target_layout":"face-major","target_setup_s":[3.958e-6],"restore_inputs_s":[1.7209e-5],"program_setup_s":[6.875e-6],"query_s":[0.000486959],"owned_compute_s":[0.000495167],"novel_publication_classes":[10],"input_roots":24,"output_roots":80,"input_packet_bytes":1421,"output_packet_bytes":707,"final_arena_bytes_est":71992,"input_storage":{"layout":"slab","record_bytes":1024,"table_bytes":1024,"interner_bytes":1208,"metadata_bytes":792,"cache_bytes":0,"records":37,"tables":36,"logical_words":74,"total_bytes_est":4048},"final_storage":{"layout":"slab","record_bytes":16384,"table_bytes":16384,"interner_bytes":19328,"metadata_bytes":8472,"cache_bytes":11424,"records":514,"tables":513,"logical_words":1567,"total_bytes_est":71992},"verified":true}
EVENT_LAB {"kind":"owned_free_join","candidate":"prefix512","target_candidate":"packed512","bits":12,"target_layout":"bit-major","target_setup_s":[1.708e-6],"restore_inputs_s":[8.5167e-5],"program_setup_s":[3.4459e-5],"query_s":[0.000242541],"owned_compute_s":[0.0002785],"novel_publication_classes":[10],"input_roots":24,"output_roots":80,"input_packet_bytes":1421,"output_packet_bytes":1645,"final_arena_bytes_est":112740,"input_storage":null,"final_storage":null,"verified":true}
EVENT_LAB {"kind":"owned_free_join","candidate":"prefix512","target_candidate":"prefix512","bits":18,"target_layout":"bit-major","target_setup_s":[4.791e-6],"restore_inputs_s":[0.000110959],"program_setup_s":[2.1417e-5],"query_s":[0.002309375],"owned_compute_s":[0.002333125],"novel_publication_classes":[18],"input_roots":24,"output_roots":80,"input_packet_bytes":9305,"output_packet_bytes":2087,"final_arena_bytes_est":302472,"input_storage":{"layout":"slab","record_bytes":8192,"table_bytes":8192,"interner_bytes":9664,"metadata_bytes":4488,"cache_bytes":3927,"records":295,"tables":101,"logical_words":626,"total_bytes_est":34463},"final_storage":{"layout":"slab","record_bytes":65536,"table_bytes":65536,"interner_bytes":77312,"metadata_bytes":33160,"cache_bytes":60928,"records":2789,"tables":1999,"logical_words":7695,"total_bytes_est":302472},"verified":true}
EVENT_LAB {"kind":"owned_free_join","candidate":"prefix512","target_candidate":"prefix512","bits":18,"target_layout":"face-major","target_setup_s":[5.375e-6],"restore_inputs_s":[0.0003655],"program_setup_s":[3.0584e-5],"query_s":[0.006961709],"owned_compute_s":[0.006994666],"novel_publication_classes":[18],"input_roots":24,"output_roots":80,"input_packet_bytes":9305,"output_packet_bytes":2389,"final_arena_bytes_est":857480,"input_storage":{"layout":"slab","record_bytes":16384,"table_bytes":32768,"interner_bytes":19328,"metadata_bytes":8584,"cache_bytes":19040,"records":697,"tables":423,"logical_words":2588,"total_bytes_est":96104},"final_storage":{"layout":"slab","record_bytes":131072,"table_bytes":262144,"interner_bytes":154624,"metadata_bytes":65928,"cache_bytes":243712,"records":5740,"tables":4545,"logical_words":17087,"total_bytes_est":857480},"verified":true}
EVENT_LAB {"kind":"owned_free_join","candidate":"prefix512","target_candidate":"packed512","bits":18,"target_layout":"bit-major","target_setup_s":[2.25e-6],"restore_inputs_s":[0.000414542],"program_setup_s":[4.7542e-5],"query_s":[0.000685792],"owned_compute_s":[0.000736208],"novel_publication_classes":[18],"input_roots":24,"output_roots":80,"input_packet_bytes":9305,"output_packet_bytes":5221,"final_arena_bytes_est":626852,"input_storage":null,"final_storage":null,"verified":true}
ok

test result: ok. 1 passed; 0 failed; 0 ignored; 0 measured; 1378 filtered out; finished in 2.17s


        2.17 real         2.12 user         0.04 sys
            17121280  maximum resident set size
                   0  average shared memory size
                   0  average unshared data size
                   0  average unshared stack size
                1260  page reclaims
                   0  page faults
                   0  swaps
                   0  block input operations
                   0  block output operations
                   0  messages sent
                   0  messages received
                   0  signals received
                   0  voluntary context switches
                  45  involuntary context switches
         39002927358  instructions retired
          7361575008  cycles elapsed
            13894016  peak memory footprint
