
running 1 test
test event_repr_lab::experiment ... EVENT_LAB {"kind":"owned_free_join","candidate":"retraction512","target_candidate":"retraction512","bits":12,"target_layout":"bit-major","target_setup_s":[5.459e-6],"restore_inputs_s":[2.475e-5],"program_setup_s":[1.5958e-5],"query_s":[0.000373875],"owned_compute_s":[0.000404458],"novel_publication_classes":[10],"input_roots":24,"output_roots":80,"input_packet_bytes":1421,"output_packet_bytes":707,"final_arena_bytes_est":38040,"input_storage":{"layout":"slab","record_bytes":1024,"table_bytes":1024,"interner_bytes":1208,"metadata_bytes":792,"cache_bytes":0,"records":37,"tables":36,"logical_words":74,"total_bytes_est":4048},"final_storage":{"layout":"slab","record_bytes":8192,"table_bytes":8192,"interner_bytes":9664,"metadata_bytes":4376,"cache_bytes":7616,"records":349,"tables":348,"logical_words":938,"total_bytes_est":38040},"verified":true}
EVENT_LAB {"kind":"owned_free_join","candidate":"retraction512","target_candidate":"retraction512","bits":12,"target_layout":"face-major","target_setup_s":[4.084e-6],"restore_inputs_s":[1.9666e-5],"program_setup_s":[1.2e-5],"query_s":[0.000542875],"owned_compute_s":[0.000561541],"novel_publication_classes":[10],"input_roots":24,"output_roots":80,"input_packet_bytes":1421,"output_packet_bytes":707,"final_arena_bytes_est":71992,"input_storage":{"layout":"slab","record_bytes":1024,"table_bytes":1024,"interner_bytes":1208,"metadata_bytes":792,"cache_bytes":0,"records":37,"tables":36,"logical_words":74,"total_bytes_est":4048},"final_storage":{"layout":"slab","record_bytes":16384,"table_bytes":16384,"interner_bytes":19328,"metadata_bytes":8472,"cache_bytes":11424,"records":514,"tables":513,"logical_words":1567,"total_bytes_est":71992},"verified":true}
EVENT_LAB {"kind":"owned_free_join","candidate":"retraction512","target_candidate":"packed512","bits":12,"target_layout":"bit-major","target_setup_s":[2.209e-6],"restore_inputs_s":[0.000103792],"program_setup_s":[4.4e-5],"query_s":[0.000333334],"owned_compute_s":[0.0003815],"novel_publication_classes":[10],"input_roots":24,"output_roots":80,"input_packet_bytes":1421,"output_packet_bytes":1645,"final_arena_bytes_est":112740,"input_storage":null,"final_storage":null,"verified":true}
EVENT_LAB {"kind":"owned_free_join","candidate":"retraction512","target_candidate":"retraction512","bits":18,"target_layout":"bit-major","target_setup_s":[5.417e-6],"restore_inputs_s":[0.000121042],"program_setup_s":[2.85e-5],"query_s":[0.002299167],"owned_compute_s":[0.002329875],"novel_publication_classes":[18],"input_roots":24,"output_roots":80,"input_packet_bytes":9305,"output_packet_bytes":2087,"final_arena_bytes_est":302472,"input_storage":{"layout":"slab","record_bytes":8192,"table_bytes":8192,"interner_bytes":9664,"metadata_bytes":4488,"cache_bytes":3927,"records":295,"tables":101,"logical_words":626,"total_bytes_est":34463},"final_storage":{"layout":"slab","record_bytes":65536,"table_bytes":65536,"interner_bytes":77312,"metadata_bytes":33160,"cache_bytes":60928,"records":2789,"tables":1999,"logical_words":7695,"total_bytes_est":302472},"verified":true}
EVENT_LAB {"kind":"owned_free_join","candidate":"retraction512","target_candidate":"retraction512","bits":18,"target_layout":"face-major","target_setup_s":[5.125e-6],"restore_inputs_s":[0.000370709],"program_setup_s":[3.5958e-5],"query_s":[0.007081792],"owned_compute_s":[0.0071205],"novel_publication_classes":[18],"input_roots":24,"output_roots":80,"input_packet_bytes":9305,"output_packet_bytes":2389,"final_arena_bytes_est":857480,"input_storage":{"layout":"slab","record_bytes":16384,"table_bytes":32768,"interner_bytes":19328,"metadata_bytes":8584,"cache_bytes":19040,"records":697,"tables":423,"logical_words":2588,"total_bytes_est":96104},"final_storage":{"layout":"slab","record_bytes":131072,"table_bytes":262144,"interner_bytes":154624,"metadata_bytes":65928,"cache_bytes":243712,"records":5740,"tables":4545,"logical_words":17087,"total_bytes_est":857480},"verified":true}
EVENT_LAB {"kind":"owned_free_join","candidate":"retraction512","target_candidate":"packed512","bits":18,"target_layout":"bit-major","target_setup_s":[1.833e-6],"restore_inputs_s":[0.00042],"program_setup_s":[4.5875e-5],"query_s":[0.000669792],"owned_compute_s":[0.000718],"novel_publication_classes":[18],"input_roots":24,"output_roots":80,"input_packet_bytes":9305,"output_packet_bytes":5221,"final_arena_bytes_est":626852,"input_storage":null,"final_storage":null,"verified":true}
ok

test result: ok. 1 passed; 0 failed; 0 ignored; 0 measured; 1378 filtered out; finished in 2.15s


        2.15 real         2.14 user         0.00 sys
            17006592  maximum resident set size
                   0  average shared memory size
                   0  average unshared data size
                   0  average unshared stack size
                1252  page reclaims
                   0  page faults
                   0  swaps
                   0  block input operations
                   0  block output operations
                   0  messages sent
                   0  messages received
                   0  signals received
                   0  voluntary context switches
                  61  involuntary context switches
         38987818466  instructions retired
          7224863196  cycles elapsed
            13779328  peak memory footprint
