
running 1 test
test event_repr_lab::experiment ... EVENT_LAB {"kind":"owned_free_join","candidate":"prefix512","target_candidate":"prefix512","bits":12,"target_layout":"bit-major","target_setup_s":[6.042e-6],"restore_inputs_s":[2.5125e-5],"program_setup_s":[1.3625e-5],"query_s":[0.000366125],"owned_compute_s":[0.000382167],"novel_publication_classes":[10],"input_roots":24,"output_roots":80,"input_packet_bytes":1421,"output_packet_bytes":707,"final_arena_bytes_est":21064,"input_storage":{"layout":"slab","record_bytes":1024,"table_bytes":1024,"interner_bytes":1208,"metadata_bytes":792,"cache_bytes":0,"records":37,"tables":36,"logical_words":74,"total_bytes_est":4048},"final_storage":{"layout":"slab","record_bytes":4096,"table_bytes":4096,"interner_bytes":4832,"metadata_bytes":2328,"cache_bytes":5712,"records":219,"tables":218,"logical_words":454,"total_bytes_est":21064},"verified":true}
EVENT_LAB {"kind":"owned_free_join","candidate":"prefix512","target_candidate":"prefix512","bits":12,"target_layout":"face-major","target_setup_s":[3.958e-6],"restore_inputs_s":[1.9042e-5],"program_setup_s":[6.917e-6],"query_s":[0.000483541],"owned_compute_s":[0.000491834],"novel_publication_classes":[10],"input_roots":24,"output_roots":80,"input_packet_bytes":1421,"output_packet_bytes":707,"final_arena_bytes_est":71992,"input_storage":{"layout":"slab","record_bytes":1024,"table_bytes":1024,"interner_bytes":1208,"metadata_bytes":792,"cache_bytes":0,"records":37,"tables":36,"logical_words":74,"total_bytes_est":4048},"final_storage":{"layout":"slab","record_bytes":16384,"table_bytes":16384,"interner_bytes":19328,"metadata_bytes":8472,"cache_bytes":11424,"records":597,"tables":596,"logical_words":1177,"total_bytes_est":71992},"verified":true}
EVENT_LAB {"kind":"owned_free_join","candidate":"prefix512","target_candidate":"packed512","bits":12,"target_layout":"bit-major","target_setup_s":[2.042e-6],"restore_inputs_s":[8.6417e-5],"program_setup_s":[3.5083e-5],"query_s":[0.000257417],"owned_compute_s":[0.000293958],"novel_publication_classes":[10],"input_roots":24,"output_roots":80,"input_packet_bytes":1421,"output_packet_bytes":1645,"final_arena_bytes_est":112740,"input_storage":null,"final_storage":null,"verified":true}
EVENT_LAB {"kind":"owned_free_join","candidate":"prefix512","target_candidate":"prefix512","bits":18,"target_layout":"bit-major","target_setup_s":[5.042e-6],"restore_inputs_s":[0.000113],"program_setup_s":[1.6875e-5],"query_s":[0.00230625],"owned_compute_s":[0.002325084],"novel_publication_classes":[18],"input_roots":24,"output_roots":80,"input_packet_bytes":9305,"output_packet_bytes":2087,"final_arena_bytes_est":275592,"input_storage":{"layout":"slab","record_bytes":8192,"table_bytes":8192,"interner_bytes":9664,"metadata_bytes":4488,"cache_bytes":3927,"records":295,"tables":101,"logical_words":626,"total_bytes_est":34463},"final_storage":{"layout":"slab","record_bytes":32768,"table_bytes":65536,"interner_bytes":69120,"metadata_bytes":16776,"cache_bytes":91392,"records":1899,"tables":1420,"logical_words":4888,"total_bytes_est":275592},"verified":true}
EVENT_LAB {"kind":"owned_free_join","candidate":"prefix512","target_candidate":"prefix512","bits":18,"target_layout":"face-major","target_setup_s":[5.167e-6],"restore_inputs_s":[0.000356167],"program_setup_s":[3.3375e-5],"query_s":[0.007965708],"owned_compute_s":[0.008001541],"novel_publication_classes":[18],"input_roots":24,"output_roots":80,"input_packet_bytes":9305,"output_packet_bytes":2389,"final_arena_bytes_est":1592712,"input_storage":{"layout":"slab","record_bytes":16384,"table_bytes":32768,"interner_bytes":19328,"metadata_bytes":8584,"cache_bytes":19040,"records":697,"tables":423,"logical_words":2588,"total_bytes_est":96104},"final_storage":{"layout":"slab","record_bytes":262144,"table_bytes":524288,"interner_bytes":309248,"metadata_bytes":131464,"cache_bytes":365568,"records":12215,"tables":7388,"logical_words":32961,"total_bytes_est":1592712},"verified":true}
EVENT_LAB {"kind":"owned_free_join","candidate":"prefix512","target_candidate":"packed512","bits":18,"target_layout":"bit-major","target_setup_s":[2.458e-6],"restore_inputs_s":[0.000425542],"program_setup_s":[4.5875e-5],"query_s":[0.000711916],"owned_compute_s":[0.000760625],"novel_publication_classes":[18],"input_roots":24,"output_roots":80,"input_packet_bytes":9305,"output_packet_bytes":5221,"final_arena_bytes_est":626852,"input_storage":null,"final_storage":null,"verified":true}
ok

test result: ok. 1 passed; 0 failed; 0 ignored; 0 measured; 1378 filtered out; finished in 2.17s


        2.17 real         2.12 user         0.04 sys
            17809408  maximum resident set size
                   0  average shared memory size
                   0  average unshared data size
                   0  average unshared stack size
                1302  page reclaims
                   0  page faults
                   0  swaps
                   0  block input operations
                   0  block output operations
                   0  messages sent
                   0  messages received
                   0  signals received
                   0  voluntary context switches
                  49  involuntary context switches
         39013048053  instructions retired
          7382719128  cycles elapsed
            14516608  peak memory footprint
