
running 1 test
test event_repr_lab::experiment ... EVENT_LAB {"kind":"readout_free_join","candidate":"packed512","domain":"fibred","readout_family":"non-suffix","readout_faces":"x","hidden":8,"width":4,"bits":13,"worlds":8192,"admissible_worlds":3197,"environments":2,"rows":128,"groups":16,"outputs":64,"memo":false,"changed_possible_groups":16,"changed_guaranteed_groups":16,"nonconstant_readouts":48,"build_s":[0.000324209, 0.000280167, 0.00025225],"support_s":[9.2792e-5, 7.2042e-5, 7.1416e-5],"import_s":[4.9667e-5, 3.5166e-5, 3.3e-5],"admission_s":[0.000181333, 0.000172833, 0.00014775],"join_only_s":[2.8667e-5, 5.417e-6, 5.125e-6],"fresh_s":[0.000277875, 0.000286667, 0.000244708],"fresh_group_s":[0.000179417, 0.000206833, 0.000163],"fresh_readout_s":[5.9708e-5, 4.8458e-5, 4.5958e-5],"fresh_compute_s":[0.000240584, 0.000255417, 0.000209083],"fresh_count_s":[3.7125e-5, 3.1208e-5, 3.5542e-5],"warm_s":[7.3208e-5, 6.2333e-5, 7.0041e-5],"warm_group_s":[1.6e-5, 1.15e-5, 1.4084e-5],"warm_readout_s":[2.6042e-5, 2.1208e-5, 2.6459e-5],"warm_compute_s":[4.2333e-5, 3.275e-5, 4.0666e-5],"warm_count_s":[3.075e-5, 2.95e-5, 2.9334e-5],"input_nodes":1662,"final_nodes":3967,"input_bytes_est":267304,"final_bytes_est":638872,"input_storage":null,"final_storage":null,"outer_memo_bytes":0,"colt_bytes":14992,"checksum":607690,"verified":true}
EVENT_LAB {"kind":"readout_free_join","candidate":"packed512","domain":"fibred","readout_family":"non-suffix","readout_faces":"x","hidden":8,"width":4,"bits":13,"worlds":8192,"admissible_worlds":3197,"environments":2,"rows":128,"groups":16,"outputs":64,"memo":true,"changed_possible_groups":16,"changed_guaranteed_groups":16,"nonconstant_readouts":48,"build_s":[0.000324209, 0.000280167, 0.00025225],"support_s":[9.2792e-5, 7.2042e-5, 7.1416e-5],"import_s":[4.9667e-5, 3.5166e-5, 3.3e-5],"admission_s":[0.000181333, 0.000172833, 0.00014775],"join_only_s":[2.8667e-5, 5.417e-6, 5.125e-6],"fresh_s":[0.000247208, 0.000215125, 0.000222167],"fresh_group_s":[0.000170709, 0.000144375, 0.000141458],"fresh_readout_s":[4.3792e-5, 4.1208e-5, 4.775e-5],"fresh_compute_s":[0.00021775, 0.000185667, 0.000189292],"fresh_count_s":[2.9375e-5, 2.9458e-5, 3.2667e-5],"warm_s":[7.8041e-5, 8.0625e-5, 6.7042e-5],"warm_group_s":[1.4542e-5, 1.3125e-5, 1.0917e-5],"warm_readout_s":[3.3542e-5, 3.7083e-5, 2.7e-5],"warm_compute_s":[4.8375e-5, 5.0375e-5, 3.7958e-5],"warm_count_s":[2.95e-5, 3.025e-5, 2.9042e-5],"input_nodes":1662,"final_nodes":3967,"input_bytes_est":267304,"final_bytes_est":647832,"input_storage":null,"final_storage":null,"outer_memo_bytes":8960,"colt_bytes":14992,"checksum":607690,"verified":true}
EVENT_LAB {"kind":"readout_free_join","candidate":"packed512","domain":"fibred","readout_family":"non-suffix","readout_faces":"x","hidden":32,"width":6,"bits":19,"worlds":524288,"admissible_worlds":301069,"environments":2,"rows":128,"groups":16,"outputs":64,"memo":false,"changed_possible_groups":16,"changed_guaranteed_groups":16,"nonconstant_readouts":48,"build_s":[0.002243, 0.00224375, 0.002088416],"support_s":[0.000324917, 0.000296666, 0.000272791],"import_s":[0.000857375, 0.00084275, 0.000833209],"admission_s":[0.00106, 0.00110425, 0.000982375],"join_only_s":[2.1917e-5, 5.5e-6, 5.25e-6],"fresh_s":[0.000667042, 0.000580875, 0.000563084],"fresh_group_s":[0.000480708, 0.000400667, 0.000377792],"fresh_readout_s":[0.000107625, 0.00010475, 0.000107542],"fresh_compute_s":[0.0005885, 0.000505791, 0.000485542],"fresh_count_s":[7.8291e-5, 7.5042e-5, 7.75e-5],"warm_s":[0.000212542, 0.000214625, 0.000220417],"warm_group_s":[3.3417e-5, 3.2709e-5, 3.4792e-5],"warm_readout_s":[0.000106084, 0.000106208, 0.000111334],"warm_compute_s":[0.0001405, 0.00013925, 0.000146667],"warm_count_s":[7.1958e-5, 7.5333e-5, 7.3583e-5],"input_nodes":11962,"final_nodes":18095,"input_bytes_est":1545296,"final_bytes_est":2402352,"input_storage":null,"final_storage":null,"outer_memo_bytes":0,"colt_bytes":14992,"checksum":12912164,"verified":true}
EVENT_LAB {"kind":"readout_free_join","candidate":"packed512","domain":"fibred","readout_family":"non-suffix","readout_faces":"x","hidden":32,"width":6,"bits":19,"worlds":524288,"admissible_worlds":301069,"environments":2,"rows":128,"groups":16,"outputs":64,"memo":true,"changed_possible_groups":16,"changed_guaranteed_groups":16,"nonconstant_readouts":48,"build_s":[0.002243, 0.00224375, 0.002088416],"support_s":[0.000324917, 0.000296666, 0.000272791],"import_s":[0.000857375, 0.00084275, 0.000833209],"admission_s":[0.00106, 0.00110425, 0.000982375],"join_only_s":[2.1917e-5, 5.5e-6, 5.25e-6],"fresh_s":[0.000644125, 0.000562708, 0.000637708],"fresh_group_s":[0.000467334, 0.00038875, 0.000462166],"fresh_readout_s":[0.000104084, 0.000100459, 0.000100542],"fresh_compute_s":[0.000572125, 0.000489583, 0.000562958],"fresh_count_s":[7.1833e-5, 7.3083e-5, 7.4666e-5],"warm_s":[0.000201083, 0.000196666, 0.000202875],"warm_group_s":[1.6125e-5, 1.6375e-5, 1.6666e-5],"warm_readout_s":[0.000109709, 0.000108708, 0.000112417],"warm_compute_s":[0.00012675, 0.000125375, 0.000129458],"warm_count_s":[7.4291e-5, 7.1167e-5, 7.3333e-5],"input_nodes":11962,"final_nodes":18095,"input_bytes_est":1545296,"final_bytes_est":2411312,"input_storage":null,"final_storage":null,"outer_memo_bytes":8960,"colt_bytes":14992,"checksum":12912164,"verified":true}
ok

test result: ok. 1 passed; 0 failed; 0 ignored; 0 measured; 1378 filtered out; finished in 9.68s


        9.68 real         9.62 user         0.04 sys
            33341440  maximum resident set size
                   0  average shared memory size
                   0  average unshared data size
                   0  average unshared stack size
                2250  page reclaims
                   0  page faults
                   0  swaps
                   0  block input operations
                   0  block output operations
                   0  messages sent
                   0  messages received
                   0  signals received
                   0  voluntary context switches
                 824  involuntary context switches
        141561643077  instructions retired
         32584550054  cycles elapsed
            30491032  peak memory footprint
