
running 1 test
test event_repr_lab::experiment ... EVENT_LAB {"kind":"readout_free_join","candidate":"packed512","domain":"fibred","readout_family":"non-suffix","readout_faces":"x","hidden":8,"width":4,"bits":13,"worlds":8192,"admissible_worlds":3197,"environments":2,"rows":128,"groups":16,"outputs":64,"memo":false,"changed_possible_groups":16,"changed_guaranteed_groups":16,"nonconstant_readouts":48,"build_s":[0.00136725, 0.001322666, 0.001297292],"support_s":[9.0875e-5, 7.0958e-5, 7.1084e-5],"import_s":[0.001089375, 0.0010675, 0.0010655],"admission_s":[0.000186792, 0.000184125, 0.000160625],"join_only_s":[2.6917e-5, 5.375e-6, 5.083e-6],"fresh_s":[0.000302667, 0.000263833, 0.000248375],"fresh_group_s":[0.0001765, 0.00015225, 0.000142625],"fresh_readout_s":[8.4959e-5, 7.1708e-5, 7.2666e-5],"fresh_compute_s":[0.000262833, 0.000224125, 0.000215375],"fresh_count_s":[3.9625e-5, 3.9625e-5, 3.2958e-5],"warm_s":[8.3584e-5, 7.7333e-5, 7.9875e-5],"warm_group_s":[1.35e-5, 1.2042e-5, 1.3125e-5],"warm_readout_s":[3.7708e-5, 3.3375e-5, 3.4792e-5],"warm_compute_s":[5.1459e-5, 4.5542e-5, 4.7959e-5],"warm_count_s":[3.2042e-5, 3.1709e-5, 3.1875e-5],"input_nodes":2282,"final_nodes":4401,"input_bytes_est":291816,"final_bytes_est":629784,"input_storage":null,"final_storage":null,"outer_memo_bytes":0,"colt_bytes":14992,"checksum":607690,"verified":true}
EVENT_LAB {"kind":"readout_free_join","candidate":"packed512","domain":"fibred","readout_family":"non-suffix","readout_faces":"x","hidden":8,"width":4,"bits":13,"worlds":8192,"admissible_worlds":3197,"environments":2,"rows":128,"groups":16,"outputs":64,"memo":true,"changed_possible_groups":16,"changed_guaranteed_groups":16,"nonconstant_readouts":48,"build_s":[0.00136725, 0.001322666, 0.001297292],"support_s":[9.0875e-5, 7.0958e-5, 7.1084e-5],"import_s":[0.001089375, 0.0010675, 0.0010655],"admission_s":[0.000186792, 0.000184125, 0.000160625],"join_only_s":[2.6917e-5, 5.375e-6, 5.083e-6],"fresh_s":[0.00025025, 0.00024975, 0.000229041],"fresh_group_s":[0.000150209, 0.00014575, 0.000133166],"fresh_readout_s":[6.6666e-5, 7.1708e-5, 6.3917e-5],"fresh_compute_s":[0.000217125, 0.000217583, 0.000197166],"fresh_count_s":[3.2958e-5, 3.2125e-5, 3.1875e-5],"warm_s":[7.4792e-5, 7.1958e-5, 7.3833e-5],"warm_group_s":[7.917e-6, 8.667e-6, 7.75e-6],"warm_readout_s":[3.2625e-5, 3.1792e-5, 3.1583e-5],"warm_compute_s":[4.2917e-5, 4.0541e-5, 3.9417e-5],"warm_count_s":[3.1792e-5, 3.1375e-5, 3.4416e-5],"input_nodes":2282,"final_nodes":4401,"input_bytes_est":291816,"final_bytes_est":638744,"input_storage":null,"final_storage":null,"outer_memo_bytes":8960,"colt_bytes":14992,"checksum":607690,"verified":true}
EVENT_LAB {"kind":"readout_free_join","candidate":"packed512","domain":"fibred","readout_family":"non-suffix","readout_faces":"x","hidden":32,"width":6,"bits":19,"worlds":524288,"admissible_worlds":301069,"environments":2,"rows":128,"groups":16,"outputs":64,"memo":false,"changed_possible_groups":16,"changed_guaranteed_groups":16,"nonconstant_readouts":48,"build_s":[0.065956125, 0.067180291, 0.066663083],"support_s":[0.000317625, 0.00032825, 0.000331167],"import_s":[0.061176, 0.061957125, 0.062287584],"admission_s":[0.00446125, 0.004894625, 0.004044209],"join_only_s":[1.8208e-5, 5.417e-6, 5.125e-6],"fresh_s":[0.001430042, 0.00142425, 0.001512959],"fresh_group_s":[0.000646875, 0.00065425, 0.000692125],"fresh_readout_s":[0.000560667, 0.000553125, 0.000585],"fresh_compute_s":[0.001207917, 0.001207625, 0.001277459],"fresh_count_s":[0.000222042, 0.000216584, 0.000235459],"warm_s":[0.000756833, 0.0008075, 0.000763209],"warm_group_s":[4.2416e-5, 4.6917e-5, 4.4417e-5],"warm_readout_s":[0.000484167, 0.000532667, 0.000489584],"warm_compute_s":[0.000527083, 0.00057975, 0.000534167],"warm_count_s":[0.000229625, 0.000227666, 0.000229],"input_nodes":34465,"final_nodes":47190,"input_bytes_est":5906480,"final_bytes_est":6651888,"input_storage":null,"final_storage":null,"outer_memo_bytes":0,"colt_bytes":14992,"checksum":12912164,"verified":true}
EVENT_LAB {"kind":"readout_free_join","candidate":"packed512","domain":"fibred","readout_family":"non-suffix","readout_faces":"x","hidden":32,"width":6,"bits":19,"worlds":524288,"admissible_worlds":301069,"environments":2,"rows":128,"groups":16,"outputs":64,"memo":true,"changed_possible_groups":16,"changed_guaranteed_groups":16,"nonconstant_readouts":48,"build_s":[0.065956125, 0.067180291, 0.066663083],"support_s":[0.000317625, 0.00032825, 0.000331167],"import_s":[0.061176, 0.061957125, 0.062287584],"admission_s":[0.00446125, 0.004894625, 0.004044209],"join_only_s":[1.8208e-5, 5.417e-6, 5.125e-6],"fresh_s":[0.001599041, 0.001441584, 0.001587167],"fresh_group_s":[0.000765542, 0.000663708, 0.000714917],"fresh_readout_s":[0.000596375, 0.000559916, 0.000628166],"fresh_compute_s":[0.0013625, 0.001224042, 0.001343209],"fresh_count_s":[0.000236375, 0.000217417, 0.000243875],"warm_s":[0.000746666, 0.00075675, 0.000780875],"warm_group_s":[1.9166e-5, 1.8875e-5, 1.7584e-5],"warm_readout_s":[0.000500417, 0.000503166, 0.000516041],"warm_compute_s":[0.000520416, 0.000522125, 0.000533875],"warm_count_s":[0.000226209, 0.000234625, 0.000246917],"input_nodes":34465,"final_nodes":47190,"input_bytes_est":5906480,"final_bytes_est":6660848,"input_storage":null,"final_storage":null,"outer_memo_bytes":8960,"colt_bytes":14992,"checksum":12912164,"verified":true}
ok

test result: ok. 1 passed; 0 failed; 0 ignored; 0 measured; 1378 filtered out; finished in 13.50s


       13.50 real        13.43 user         0.05 sys
            49233920  maximum resident set size
                   0  average shared memory size
                   0  average unshared data size
                   0  average unshared stack size
                3220  page reclaims
                   0  page faults
                   0  swaps
                   0  block input operations
                   0  block output operations
                   0  messages sent
                   0  messages received
                   0  signals received
                   8  voluntary context switches
                 903  involuntary context switches
        189349302348  instructions retired
         45065697345  cycles elapsed
            46399920  peak memory footprint
