✔ alternatives are the ordinary law expansion in roster order, independent of arm object order (7.483125ms)
✔ alternatives check dynamic arm coverage and scalar identity shapes (4.622292ms)
✔ alternatives preserve composite keys and payload types (0.684458ms)
✔ native expansion refusals cite both actual directions at their current statement positions (439.379917ms)
✔ ordinary native admission enforces payloads and accepts an atomic arm switch (120.089125ms)
✔ finite, infinite, NaN and negative-zero floats all cross as canonical $f64 bit images (5.502042ms)
✔ decoders reject malformed widths, noncanonical images, unknown tags and wrong-schema values (3.099625ms)
✔ typed and dynamic boundary input share one accepted domain — the encoder refuses what the decoder refuses (0.249958ms)
✔ student rows carry budget as exact decimal; a float budget image refuses (0.184333ms)
▶ the comparison pairing walls
  ✔ no variable side is constant-valued: the constructor refuses param-only and param-literal sides (2.082875ms)
  ✔ the order pair: cross-domain variable pairs are compile-refused (each side alone is orderable) (3.994833ms)
  ✔ the order pair: literals type against their sibling — bool-vs-bigint and u64-vs-boolean are compile-refused (0.428458ms)
  ✔ the fold input: min/max over a bool var is refused (both tiers) (0.332084ms)
  ✔ the pointIn pair: the point lives in the interval's element domain (0.192792ms)
  ✔ the allen pair: two intervals of one element domain (Q1 — widths meet freely, u64-vs-i64 stays illegal) (0.184917ms)
  ✔ the legal pairs stay legal: same-domain vars, sibling-typed opens, one-element allen (0.383291ms)
✔ the comparison pairing walls (8.266166ms)
✔ key values infer exactly their declared projection (0.949917ms)
✔ a key owns its projection without freezing or retaining the caller's array (0.42575ms)
✔ every declared key reads the same snapshot with its own projection and native statement id (522.363875ms)
✔ inspection separates virtual mapping, file pages and disk blocks (510.381875ms)
✔ native row codecs own their values and remain reusable after cancelled delivery (8.263542ms)
✔ create/apply/snapshot/get/execute — the whole chapter 34 core flow, one scope (142.722792ms)
✔ open never creates; create refuses existing authority (106.865459ms)
✔ scoped preparation reuses parameters and closes independently of snapshots and results (68.623792ms)
✔ apply is the three-coordinate judgment: accepted, no-change, invariant-rejected, moved (47.523417ms)
✔ a snapshot is coherent: a later apply cannot move an open snapshot's facts (55.976625ms)
✔ methods are lazy: construction dispatches nothing, and a scope-escaped handle fails typed (37.150417ms)
✔ a foreign object where a ChangeSet is expected refuses BEFORE any native dispatch (69.145375ms)
✔ a foreign-schema query template refuses typed at execute (77.465458ms)
✔ interruption surfaces in Cause, never as a manufactured outcome arm (79.348834ms)
✔ closed Event authoring compares complete owned carriers without native work (1.458125ms)
✔ closed Events retain schema identity, coverage and query results across runtime release (547.834708ms)
✔ descriptor construction is lazy and pure transport remains addon-free (1.095417ms)
✔ all seven structural kinds admit, describe, inspect and roundtrip through owned BEDC (394.88675ms)
✔ derived projections and complete composition plans feed real stored Event queries (183.099125ms)
✔ composition inspection keeps three distinct roles in ST, TU, SU order (15.408042ms)
✔ nonrectangular shared environments, reversal and measured endpoints survive inspection (13.686917ms)
✔ admission refuses fake certificates, implicit full markers and malformed structural data (18.78725ms)
✔ native descriptor submission copies owned bytes before workers and refuses shared backing (3.674958ms)
✔ cancelled descriptor delivery drops all queued inspection data and permits reuse (13.258416ms)
✔ kernel/revision envelopes own bytes, retain roles, and construct Effects without an addon (2.907208ms)
✔ posterior replacement, likelihood and conditioning have distinct exact meanings (436.73425ms)
✔ impossible revisions retain zero-mass and empty indexed cells without hiding input errors (10.944541ms)
✔ BESC replay refuses forged receipt numbers, posterior laws and incomplete impossible outcomes (6.15475ms)
✔ channels normalize on zero-prior fibres and copy readouts without fresh randomness (15.58525ms)
✔ Coup channels obey visibility FDs and translate stored Events through posterior queries after reopen (223.629792ms)
✔ cancelled revision inspection reclaims owned outputs and leaves the runtime reusable (7.130333ms)
✔ family dynamics carriers copy transport, keep roles distinct and remain addon-free (2.794417ms)
✔ conditioning keeps exact positive domain, zero-mass possibilities and original-prior translation (942.331041ms)
✔ likelihood scale is retained while posterior values and repeated evidence are exact (1422.582083ms)
✔ Jeffrey replacement retains indexed unsupported endpoints, empty cells and rejects partial targets (558.352125ms)
✔ everywhere-impossible requests keep identities and complete mathematical receipts (461.174917ms)
✔ restriction preserves the law while common refinement unifies predicates without changing domains (838.6015ms)
✔ family channels preserve prior marginals, share the parameter and check every parent row (436.655417ms)
✔ owned family updates translate stored Events through joined queries after reopen (429.528875ms)
✔ dynamics copy submitted inputs and cancel complete owned receipts without retaining handles (164.698708ms)
✔ piecewise Jeffrey targets refine exact boundaries and skip zero-target conditionals (678.237791ms)
✔ family roles remain owned and lazy, distinct from fixed functions and kernels (2.68225ms)
✔ live family Events persist, satisfy ordinary laws, join and retain owned observations (1445.9375ms)
✔ exact parameter worlds derive guards and retain irrational singleton cardinality (106.270291ms)
✔ family functions preserve signed values, totality, explicit zeros and weighted maps (290.597708ms)
✔ refinement admits exact observation thresholds without changing worlds or law (880.068625ms)
✔ signed parameter-dependent expectations and guard-local holes are exact (328.002709ms)
✔ family construction refuses hidden invalid inputs, non-unit laws and illegal worlds (164.259833ms)
✔ late owned family observations are reclaimed before delivery (118.628958ms)
✔ symbolic family normalization counts outcomes, never deterministic guard cases (88.670125ms)
✔ parameter carriers are owned, nominal, pure and version/role checked (2.812584ms)
✔ all region Boolean masks preserve exact open endpoints and disconnected sets (459.281ms)
✔ irrational singleton witnesses and canonical roots remain exact across owners (40.6795ms)
✔ partial functions preserve holes, signs, arithmetic and distinct ambient domains (64.366209ms)
✔ a joined portable conditional function keeps zero-evidence holes after reopen (176.007667ms)
✔ invalid domains, roles, masks and unused operands refuse; ingress copies buffers (8.857459ms)
✔ late structured parameter results are reclaimed before callback delivery (5.599292ms)
✔ polynomial transport is owned and pure import stays lazy (2.409167ms)
✔ named polynomial arithmetic, normalization and simultaneous substitution survive runtime release (320.437791ms)
✔ explicit shared Beta moments produce correlated stored Events (127.999875ms)
✔ polynomial admission refuses malformed, missing, duplicate and unused invalid inputs (5.332917ms)
✔ late polynomial descriptions are cancelled and reclaimed before callback delivery (1.303916ms)
✔ probability authoring and description imports stay pure, owned and query-only (3.7685ms)
✔ fixed query observations preserve provenance, zero-mass evidence, duplicate paths and sealed pages (296.905083ms)
✔ parameter probability queries retain p squared over p and its excluded zero, without a prior (353.583333ms)
✔ contextual full projections remain pure syntax with exact keys and no invented classes (3.15275ms)
✔ full coverage partitions measured worlds, including zero-mass branches, through commit and reopen (220.25125ms)
✔ full singleton lookup supplies no fabricated cell and remains distinct from a field named true (93.457ms)
✔ closed scalar rosters admit explicit full keys and native ground coverage (4.838958ms)
✔ pure Event query authoring retains types, stages, shape bounds and owned imports (11.440875ms)
✔ native Event heads preserve shared worlds through tests, descriptions, imported stages and Pack (144.606ms)
✔ captured maps and typed relation programs execute through the public builders (156.558792ms)
✔ Event errors retain complete logical fault sets across stages, prepared queries and runtime release (100.442333ms)
✔ Event schema selections own transport bytes without loading native code (1.920458ms)
✔ Event selections enforce exact matches across incremental writes, owner release and reopen (169.322625ms)
✔ exact scalar/function transport and lazy source programs do not load the addon (2.636542ms)
✔ exact native arithmetic preserves decimal/binary intent, canonical values and failure modes (64.886542ms)
✔ finite functions merge equal cells, add signed overlaps and sum copied readouts exactly once (49.603ms)
✔ law designation is exact and retains symbolic and zero-mass possibilities (15.212583ms)
✔ Coup source algebra preserves shared worlds, exact posteriors and signed utility through storage (179.308417ms)
✔ finite function admission checks all contexts and shapes before zero shortcuts (9.564166ms)
✔ late cancelled source observations are reclaimed without delivering a partial result (5.916292ms)
✔ Event envelopes own immutable data and pure codecs never load native work (7.192583ms)
✔ Event executor checks all truth functions, shared contexts and symbolic supports (42.452875ms)
✔ typed Event rows reopen, join, pack and bind owned parameters (219.514333ms)
✔ raw Event bridge refuses unknown operations and shared or forged byte backing (12.015334ms)
✔ Event dependencies enforce disjointness and joint coverage through ordinary keys and mirrors (92.084625ms)
✔ interrupting completed Event delivery drains the output and leaves the runtime usable (4.767417ms)
✔ parameterized Event sources retain their domains through SDK storage and joins (497.341458ms)
✔ public field codecs agree with rows for every field kind and preserve generic inference (6.210125ms)
✔ strict field decoding rejects malformed representations and host schemas reject invalid values (6.588708ms)
✔ field descriptors are owned; accessors never execute while decoding values (0.7705ms)
✔ segment kinds survive description imports and fixed-width refinement is dropped (6.16075ms)
✔ pack widens fixed intervals before imported difference and measurement stages (143.34175ms)
✔ native marginal bands derive slices, preserve equal contributions, and round once (104.1595ms)
✔ difference emits products, dense measures and fixed intervals use native meanings (91.071417ms)
✔ the large-schema fixture constructs and both tiers agree at scale (0.468291ms)
▶ the three class laws
  ✔ generators name their classes; a 3-hop chain lands the whole chain in the generator's class; bare stays bare (1.980834ms)
  ✔ a generator-less class is named by its least member in relation-declaration × field-declaration order (0.260666ms)
  ✔ a ψ-selected closed face pairs exactly like the bare face — the selection changes classes not at all (4.702ms)
  ✔ the selected-mirrors shape (Calendar): the mirrors law types the source column with the target's class (2.875959ms)
✔ the three class laws (10.552209ms)
▶ the generator authority after the fresh deletion — closed ids are the ONLY generators
  ✔ unifying two ordinary id columns is LAWFUL now — no mint, no wall; least member names the class (1.664292ms)
  ✔ mirrors and capacity pairings over ordinary ids are lawful classes too (1.591292ms)
  ✔ a closed relation's id stays a generator — a bare column never pairs it (the roster wall, at construction) (5.754584ms)
  ✔ a transitive chain over ordinary ids is one lawful class, not a wall (0.240084ms)
✔ the generator authority after the fresh deletion — closed ids are the ONLY generators (9.646125ms)
▶ the runtime/type agreement and the wire
  ✔ the runtime class map and the type-level class map are the same map (0.5305ms)
  ✔ the manifest golden: statements in == statements out — nothing synthesized, order preserved, count equal (0.596375ms)
  ✔ the wire: spec newtype = class name for classed slots, omitted for bare (fingerprint-neutral by the engine's drop) (3.113042ms)
  ✔ integer-index names are refused at construction — the declaration-order law's enumeration hazard (0.121209ms)
  ✔ dotted names are refused at construction — the coordinate encoding stays injective at both tiers (0.132875ms)
  ✔ a plain __proto__ declaration entry is refused — the Annex B setter would silently drop the key (0.166959ms)
✔ the runtime/type agreement and the wire (4.821334ms)
✔ interrupt after directory acquire and before db output adoption drains both owners (D18) (57.975458ms)
✔ retained JS tokens cannot prevent native drain; repeated close joins (D18) (60.7475ms)
✔ abort after publication drains without take; retained wrappers cannot pin output (D18) (50.7055ms)
✔ draft interruption spends the draft and joins drain (12.566792ms)
▶ pure schema import
  ✔ constructs metadata with the platform addon unresolvable (314.371125ms)
✔ pure schema import (314.962667ms)
✔ generated descriptions execute, prepare, compose and infer their checked result (82.806834ms)
✔ descriptions preserve joins, negation, aggregates, computations and interiors (7.450834ms)
✔ descriptions preserve recursion and interval/closed-reference domains (59.684708ms)
✔ description checking refuses malformed grammar, wrong result claims, unbound vars and foreign field tags (1.858ms)
✔ flat projection keeps only row count and owned cells, without obsolete quota accounting (1.268291ms)
✔ flat projection closes the source iterator when a row is invalid (0.25475ms)
✔ snapshot bindings preserve owned Event field types and dependency identity (162.076834ms)
✔ snapshot bindings preserve contextual full projections and explicit closed full keys (119.349166ms)
✔ snapshot bindings preserve every field kind, exact payload values, names and field order (131.945792ms)
✔ independent bindings preserve selected mirror directions, capacities and expanded statement IDs (109.998416ms)
✔ emission refuses unrepresentable conditional roster pairing and invalid declaration names (3.979708ms)
✔ bindings derive transitive total roster membership without losing or adding laws (113.399333ms)
✔ mutually referring closed payloads use the existing field descriptors without declaration cycles (109.966541ms)
✔ snapshot bindings preserve canonical Event selection literals and schema identity (120.25575ms)
✔ snapshot bindings preserve closed Event axioms and their explicit pointwise keys (120.211459ms)
▶ the Ledger example
  ✔ lowers to the SchemaSpec shape, declaration order throughout, newtype slots carrying the law-computed class names (3.720083ms)
  ✔ the composite key and pointwise containment lower positionally (0.308666ms)
  ✔ a closed payload column lowers pure structure — the newtype slots carry its law-computed classes (0.4175ms)
  ✔ lowering is deterministic across independent constructions (1.001166ms)
✔ the Ledger example (6.026792ms)
▶ renderStatement
  ✔ each statement form renders its canonical 70-api spelling (0.444583ms)
  ✔ composite positions render in written tuple order (0.149833ms)
  ✔ every legal capacity spelling renders canonically — unit strings byte-for-byte, the weighted rows beside them (3.736ms)
  ✔ literal sets and interval literals render in macro notation (0.851291ms)
✔ renderStatement (5.391375ms)
▶ the ban table, one row at a time — literal spellings are UNWRITABLE
  ✔ the capacity mint vocabulary is exactly the roster — no sixth mint exists (0.136042ms)
  ✔ degenerate literal sets refuse — a membership array needs two DISTINCT members, and the refusal locates itself (1.1745ms)
  ✔ a duplicate field in a key() projection refuses at the mint — the engine's FieldSet duplicate, canonical voice (0.346458ms)
  ✔ a plain u64 face never pairs a closed [id] face — closedness rides the descriptor (both tiers) (0.387375ms)
  ✔ an arity-mismatched pairing is a construction error — the SameArity runtime twin (untyped path) (0.979959ms)
✔ the ban table, one row at a time — literal spellings are UNWRITABLE (3.308375ms)
▶ the ban table's construction tier — computed bounds the type cannot judge
  ✔ computed equivalent spellings lower to the canonical law; only negatives refuse (0.462792ms)
  ✔ an inverted window is unsatisfiable — bigint literals carry no type-level order (0.071625ms)
  ✔ unit floors are accepted canonical laws now — the spelling police is deleted (0.32525ms)
  ✔ the C18 dimension gate fires at the capacity() call — a unit window never takes a duration() bound (both tiers) (0.288833ms)
  ✔ a computed path weight or bound is a construction refusal naming the pinned-column idiom (0.306333ms)
  ✔ the weight and dependent-bound walls hold at construction for untyped callers (0.478375ms)
  ✔ generated capacity values use the same validation as constructors (0.819459ms)
✔ the ban table's construction tier — computed bounds the type cannot judge (2.973042ms)
▶ schema() construction boundary
  ✔ a statement over an undeclared relation is rejected with the statement rendered (0.889167ms)
  ✔ same-named relations resolve structurally, including field order (0.33875ms)
  ✔ declared id keys are ordinary statements now — the fresh-implied key is deleted (E-NO-RESERVE) (0.44625ms)
  ✔ duplicate statements are rejected via their canonical rendering (0.695167ms)
  ✔ a record key must equal its relation's declared name (0.394084ms)
  ✔ the paste-back law: a handle selection needs its resolving containment declared (0.4745ms)
  ✔ generated statements are checked semantically without an admission token (0.642792ms)
✔ schema() construction boundary (4.14375ms)
▶ ψ statements over closed relations — closed().where() as a face source
  ✔ a ψ-selected closed face renders canonically and schema() admits both forms (2.764417ms)
  ✔ ψ lowers PASS-THROUGH — the selection rides the SideSpec, never pre-folded into ids (0.829208ms)
  ✔ the closed where() speaks the ordinary selection vocabulary — literal sets and written order (0.430833ms)
  ✔ the empty ψ is the bare closed relation respelled and rejected (canonical utterance) (0.25ms)
  ✔ the compile walls carry runtime twins through the one selection machine (0.810875ms)
  ✔ a handle named `where` is ordinary roster data — NO name is reserved, both tiers (0.169958ms)
✔ ψ statements over closed relations — closed().where() as a face source (5.42475ms)
✔ facts, selections, host cells, and JSON codecs share the complete native value domain (5.0885ms)
✔ unknown, inherited, absent, symbolic, and nested fields are never silently dropped (0.977167ms)
✔ query parameters use the same interpreter and exact supplied parameter fields (2.3865ms)
✔ authored queries own mutable binding and comparison literals (5.251917ms)
✔ query bindings and result records reject getters and explicit undefined fields (0.558583ms)
✔ host admission matches the real native codec; rejected facts do not enter a database (61.650375ms)
✔ native names and query parameters reject lossy Unicode conversion (47.428708ms)
✔ prototype-sensitive field and result names are ordinary owned data (49.208ms)
ℹ tests 188
ℹ suites 11
ℹ pass 188
ℹ fail 0
ℹ cancelled 0
ℹ skipped 0
ℹ todo 0
ℹ duration_ms 6540.122416
SDK integration passed against isolated @bjornpagen/bumbledb-darwin-arm64; version unchanged at 1.3.1
{"node":"v26.4.0","platform":"@bjornpagen/bumbledb-darwin-arm64","tests":["event","event-query","event-probability","event-descriptor","event-source","event-polynomial","event-parameter","event-family","event-family-dynamics","event-dynamics","event-projections","event-selections","event-closed","statements","declared-key","law-typing","law-scale","schema-bindings","pure-import","field-codec","query-description","comparison-pairing","alternatives","rows","boundary-codec","value-conformance","interval-outputs","effect-core","ownership-interrupt"],"addon_sha256":"3d11a101dbe6fda10227f6b4a13375bcf6374d85868b6a6c1169d5d888b5a183"}
