
running 1 test
test event_repr_lab::experiment ... EVENT_LAB {"kind":"owned_free_join","candidate":"prefix512","target_candidate":"prefix512","bits":12,"target_layout":"bit-major","target_setup_s":[6.25e-6],"restore_inputs_s":[2.7333e-5],"program_setup_s":[1.6291e-5],"query_s":[0.00038375],"owned_compute_s":[0.000403208],"novel_publication_classes":[10],"input_roots":24,"output_roots":80,"input_packet_bytes":1421,"output_packet_bytes":707,"final_arena_bytes_est":21096,"input_storage":{"layout":"slab","record_bytes":1024,"table_bytes":1024,"interner_bytes":1208,"metadata_bytes":824,"cache_bytes":0,"records":37,"tables":36,"logical_words":74,"total_bytes_est":4080},"final_storage":{"layout":"slab","record_bytes":4096,"table_bytes":4096,"interner_bytes":4832,"metadata_bytes":2360,"cache_bytes":5712,"records":219,"tables":218,"logical_words":454,"total_bytes_est":21096},"verified":true}
EVENT_LAB {"kind":"owned_free_join","candidate":"prefix512","target_candidate":"prefix512","bits":12,"target_layout":"face-major","target_setup_s":[4.5e-6],"restore_inputs_s":[2.0208e-5],"program_setup_s":[9.667e-6],"query_s":[0.0005155],"owned_compute_s":[0.000526917],"novel_publication_classes":[10],"input_roots":24,"output_roots":80,"input_packet_bytes":1421,"output_packet_bytes":707,"final_arena_bytes_est":72024,"input_storage":{"layout":"slab","record_bytes":1024,"table_bytes":1024,"interner_bytes":1208,"metadata_bytes":824,"cache_bytes":0,"records":37,"tables":36,"logical_words":74,"total_bytes_est":4080},"final_storage":{"layout":"slab","record_bytes":16384,"table_bytes":16384,"interner_bytes":19328,"metadata_bytes":8504,"cache_bytes":11424,"records":597,"tables":596,"logical_words":1177,"total_bytes_est":72024},"verified":true}
EVENT_LAB {"kind":"owned_free_join","candidate":"prefix512","target_candidate":"packed512","bits":12,"target_layout":"bit-major","target_setup_s":[1.792e-6],"restore_inputs_s":[9.3459e-5],"program_setup_s":[3.6333e-5],"query_s":[0.000258708],"owned_compute_s":[0.000296667],"novel_publication_classes":[10],"input_roots":24,"output_roots":80,"input_packet_bytes":1421,"output_packet_bytes":1645,"final_arena_bytes_est":112740,"input_storage":null,"final_storage":null,"verified":true}
EVENT_LAB {"kind":"owned_free_join","candidate":"prefix512","target_candidate":"prefix512","bits":18,"target_layout":"bit-major","target_setup_s":[5.542e-6],"restore_inputs_s":[0.000119],"program_setup_s":[2.5125e-5],"query_s":[0.002372083],"owned_compute_s":[0.002399834],"novel_publication_classes":[18],"input_roots":24,"output_roots":80,"input_packet_bytes":9305,"output_packet_bytes":2087,"final_arena_bytes_est":275624,"input_storage":{"layout":"slab","record_bytes":8192,"table_bytes":8192,"interner_bytes":9664,"metadata_bytes":4520,"cache_bytes":3927,"records":295,"tables":101,"logical_words":626,"total_bytes_est":34495},"final_storage":{"layout":"slab","record_bytes":32768,"table_bytes":65536,"interner_bytes":69120,"metadata_bytes":16808,"cache_bytes":91392,"records":1899,"tables":1420,"logical_words":4888,"total_bytes_est":275624},"verified":true}
EVENT_LAB {"kind":"owned_free_join","candidate":"prefix512","target_candidate":"prefix512","bits":18,"target_layout":"face-major","target_setup_s":[5.5e-6],"restore_inputs_s":[0.000365709],"program_setup_s":[3.3708e-5],"query_s":[0.008028],"owned_compute_s":[0.008063958],"novel_publication_classes":[18],"input_roots":24,"output_roots":80,"input_packet_bytes":9305,"output_packet_bytes":2389,"final_arena_bytes_est":1592744,"input_storage":{"layout":"slab","record_bytes":16384,"table_bytes":32768,"interner_bytes":19328,"metadata_bytes":8616,"cache_bytes":19040,"records":697,"tables":423,"logical_words":2588,"total_bytes_est":96136},"final_storage":{"layout":"slab","record_bytes":262144,"table_bytes":524288,"interner_bytes":309248,"metadata_bytes":131496,"cache_bytes":365568,"records":12215,"tables":7388,"logical_words":32961,"total_bytes_est":1592744},"verified":true}
EVENT_LAB {"kind":"owned_free_join","candidate":"prefix512","target_candidate":"packed512","bits":18,"target_layout":"bit-major","target_setup_s":[5.75e-6],"restore_inputs_s":[0.000442625],"program_setup_s":[4.6584e-5],"query_s":[0.00071875],"owned_compute_s":[0.000767417],"novel_publication_classes":[18],"input_roots":24,"output_roots":80,"input_packet_bytes":9305,"output_packet_bytes":5221,"final_arena_bytes_est":626852,"input_storage":null,"final_storage":null,"verified":true}
ok

test result: ok. 1 passed; 0 failed; 0 ignored; 0 measured; 1378 filtered out; finished in 2.14s


        2.14 real         2.12 user         0.00 sys
            18137088  maximum resident set size
                   0  average shared memory size
                   0  average unshared data size
                   0  average unshared stack size
                1321  page reclaims
                   2  page faults
                   0  swaps
                   0  block input operations
                   0  block output operations
                   0  messages sent
                   0  messages received
                   0  signals received
                   0  voluntary context switches
                 207  involuntary context switches
         39000872943  instructions retired
          7110356608  cycles elapsed
            14893440  peak memory footprint
