
running 1 test
test event_repr_lab::experiment ... EVENT_LAB {"kind":"owned_free_join","candidate":"retraction64","target_candidate":"retraction64","bits":12,"target_layout":"bit-major","target_setup_s":[5.958e-6],"restore_inputs_s":[6.0541e-5],"program_setup_s":[1.0375e-5],"query_s":[0.000776125],"owned_compute_s":[0.000789542],"novel_publication_classes":[10],"input_roots":24,"output_roots":80,"input_packet_bytes":1905,"output_packet_bytes":707,"final_arena_bytes_est":119160,"input_storage":{"layout":"slab","record_bytes":2048,"table_bytes":512,"interner_bytes":4320,"metadata_bytes":1336,"cache_bytes":2023,"records":116,"tables":48,"logical_words":48,"total_bytes_est":10239},"final_storage":{"layout":"slab","record_bytes":32768,"table_bytes":8192,"interner_bytes":38656,"metadata_bytes":16696,"cache_bytes":22848,"records":1194,"tables":899,"logical_words":899,"total_bytes_est":119160},"verified":true}
EVENT_LAB {"kind":"owned_free_join","candidate":"retraction64","target_candidate":"retraction64","bits":12,"target_layout":"face-major","target_setup_s":[4.458e-6],"restore_inputs_s":[8.9958e-5],"program_setup_s":[1.2084e-5],"query_s":[0.001103792],"owned_compute_s":[0.00111775],"novel_publication_classes":[10],"input_roots":24,"output_roots":80,"input_packet_bytes":1905,"output_packet_bytes":707,"final_arena_bytes_est":150200,"input_storage":{"layout":"slab","record_bytes":4096,"table_bytes":2048,"interner_bytes":4832,"metadata_bytes":2360,"cache_bytes":4760,"records":212,"tables":144,"logical_words":144,"total_bytes_est":18096},"final_storage":{"layout":"slab","record_bytes":32768,"table_bytes":16384,"interner_bytes":38656,"metadata_bytes":16696,"cache_bytes":45696,"records":1450,"tables":1103,"logical_words":1103,"total_bytes_est":150200},"verified":true}
EVENT_LAB {"kind":"owned_free_join","candidate":"retraction64","target_candidate":"packed512","bits":12,"target_layout":"bit-major","target_setup_s":[1.708e-6],"restore_inputs_s":[5.1e-5],"program_setup_s":[3.4292e-5],"query_s":[0.000248667],"owned_compute_s":[0.0002845],"novel_publication_classes":[10],"input_roots":24,"output_roots":80,"input_packet_bytes":1905,"output_packet_bytes":1645,"final_arena_bytes_est":78436,"input_storage":null,"final_storage":null,"verified":true}
EVENT_LAB {"kind":"owned_free_join","candidate":"retraction64","target_candidate":"retraction64","bits":18,"target_layout":"bit-major","target_setup_s":[5.542e-6],"restore_inputs_s":[0.000254917],"program_setup_s":[2.7667e-5],"query_s":[0.003403917],"owned_compute_s":[0.003433667],"novel_publication_classes":[18],"input_roots":24,"output_roots":80,"input_packet_bytes":10553,"output_packet_bytes":2717,"final_arena_bytes_est":567208,"input_storage":{"layout":"slab","record_bytes":16384,"table_bytes":2048,"interner_bytes":19328,"metadata_bytes":8616,"cache_bytes":16184,"records":888,"tables":181,"logical_words":181,"total_bytes_est":62560},"final_storage":{"layout":"slab","record_bytes":131072,"table_bytes":32768,"interner_bytes":154624,"metadata_bytes":65960,"cache_bytes":182784,"records":6043,"tables":3075,"logical_words":3075,"total_bytes_est":567208},"verified":true}
EVENT_LAB {"kind":"owned_free_join","candidate":"retraction64","target_candidate":"retraction64","bits":18,"target_layout":"face-major","target_setup_s":[5.875e-6],"restore_inputs_s":[0.001210042],"program_setup_s":[7.3125e-5],"query_s":[0.017994042],"owned_compute_s":[0.018070958],"novel_publication_classes":[18],"input_roots":24,"output_roots":80,"input_packet_bytes":10553,"output_packet_bytes":4155,"final_arena_bytes_est":1377704,"input_storage":{"layout":"slab","record_bytes":65536,"table_bytes":16384,"interner_bytes":77312,"metadata_bytes":33192,"cache_bytes":91392,"records":3210,"tables":1262,"logical_words":1262,"total_bytes_est":283816},"final_storage":{"layout":"slab","record_bytes":262144,"table_bytes":65536,"interner_bytes":309248,"metadata_bytes":131496,"cache_bytes":609280,"records":11731,"tables":4251,"logical_words":4251,"total_bytes_est":1377704},"verified":true}
EVENT_LAB {"kind":"owned_free_join","candidate":"retraction64","target_candidate":"packed512","bits":18,"target_layout":"bit-major","target_setup_s":[3.25e-6],"restore_inputs_s":[0.00021025],"program_setup_s":[5.5167e-5],"query_s":[0.000699875],"owned_compute_s":[0.000757125],"novel_publication_classes":[18],"input_roots":24,"output_roots":80,"input_packet_bytes":10553,"output_packet_bytes":5221,"final_arena_bytes_est":489636,"input_storage":null,"final_storage":null,"verified":true}
ok

test result: ok. 1 passed; 0 failed; 0 ignored; 0 measured; 1378 filtered out; finished in 2.42s


        2.42 real         2.41 user         0.00 sys
            18579456  maximum resident set size
                   0  average shared memory size
                   0  average unshared data size
                   0  average unshared stack size
                1350  page reclaims
                   0  page faults
                   0  swaps
                   0  block input operations
                   0  block output operations
                   0  messages sent
                   0  messages received
                   0  signals received
                   0  voluntary context switches
                 244  involuntary context switches
         41954675375  instructions retired
          8033298711  cycles elapsed
            15417752  peak memory footprint
