
running 1 test
test event_repr_lab::experiment ... EVENT_LAB {"kind":"legal_relation_free_join","candidate":"dense-dispatched","domain":"below","product_mode":"materialized","support_gates":"materialized","bits":12,"width":4,"environments":1,"worlds":4096,"admissible_worlds":2197,"rows":128,"groups":16,"outputs":80,"memo":false,"build_s":[9.7708e-5, 7.9958e-5, 7.55e-5, 7.6125e-5, 7.6166e-5, 7.5292e-5, 7.675e-5, 7.9958e-5, 7.4375e-5],"support_s":[1.7708e-5, 1.1083e-5, 1.0833e-5, 1.075e-5, 1.0958e-5, 1.0834e-5, 1.0959e-5, 1.0708e-5, 1.075e-5],"import_s":[5.292e-6, 4.625e-6, 3.667e-6, 3.584e-6, 3.458e-6, 3.417e-6, 4.792e-6, 3.416e-6, 3.292e-6],"admission_s":[7.35e-5, 6.4125e-5, 6.0917e-5, 6.1667e-5, 6.1333e-5, 6.0958e-5, 6.0875e-5, 6.575e-5, 5.9958e-5],"join_only_s":[3.05e-5, 5.375e-6, 5.084e-6, 5.041e-6, 5e-6, 5.083e-6, 5e-6, 5e-6, 5.083e-6],"fresh_s":[0.000186, 0.000158791, 0.000152042, 0.000151125, 0.000151, 0.000150916, 0.000151708, 0.000150166, 0.000152834],"warm_s":[0.000142875, 0.000141917, 0.00014175, 0.000144708, 0.000145042, 0.000141583, 0.000144833, 0.000141333, 0.000141208],"input_bytes_est":26608,"final_bytes_est":101068,"input_nodes":44,"final_nodes":173,"input_storage":null,"final_storage":null,"checksum":3773900,"verified":true}
EVENT_LAB {"kind":"legal_relation_free_join","candidate":"dense-dispatched","domain":"below","product_mode":"materialized","support_gates":"materialized","bits":12,"width":4,"environments":1,"worlds":4096,"admissible_worlds":2197,"rows":128,"groups":16,"outputs":80,"memo":true,"build_s":[9.7708e-5, 7.9958e-5, 7.55e-5, 7.6125e-5, 7.6166e-5, 7.5292e-5, 7.675e-5, 7.9958e-5, 7.4375e-5],"support_s":[1.7708e-5, 1.1083e-5, 1.0833e-5, 1.075e-5, 1.0958e-5, 1.0834e-5, 1.0959e-5, 1.0708e-5, 1.075e-5],"import_s":[5.292e-6, 4.625e-6, 3.667e-6, 3.584e-6, 3.458e-6, 3.417e-6, 4.792e-6, 3.416e-6, 3.292e-6],"admission_s":[7.35e-5, 6.4125e-5, 6.0917e-5, 6.1667e-5, 6.1333e-5, 6.0958e-5, 6.0875e-5, 6.575e-5, 5.9958e-5],"join_only_s":[3.05e-5, 5.375e-6, 5.084e-6, 5.041e-6, 5e-6, 5.083e-6, 5e-6, 5e-6, 5.083e-6],"fresh_s":[8.1333e-5, 7.5541e-5, 7.2209e-5, 6.9917e-5, 6.8916e-5, 6.8792e-5, 6.875e-5, 6.9292e-5, 6.95e-5],"warm_s":[1.3542e-5, 1.3334e-5, 1.3125e-5, 1.3167e-5, 1.3041e-5, 1.3208e-5, 1.3125e-5, 1.3166e-5, 1.3083e-5],"input_bytes_est":26608,"final_bytes_est":114060,"input_nodes":44,"final_nodes":173,"input_storage":null,"final_storage":null,"checksum":3773900,"verified":true}
EVENT_LAB {"kind":"legal_relation_free_join","candidate":"dense-dispatched","domain":"below","product_mode":"materialized","support_gates":"materialized","bits":18,"width":6,"environments":1,"worlds":262144,"admissible_worlds":226981,"rows":128,"groups":16,"outputs":80,"memo":false,"build_s":[0.006439042, 0.006400167, 0.006349708, 0.006290708, 0.006310417, 0.006249167, 0.00632125, 0.006445583, 0.006208958],"support_s":[0.000588459, 0.000577084, 0.000547041, 0.000586375, 0.0005675, 0.00057, 0.000573292, 0.000563708, 0.000559625],"import_s":[0.000137167, 0.000175542, 0.00010075, 8.9375e-5, 8.9167e-5, 8.8208e-5, 9.5791e-5, 9e-5, 8.85e-5],"admission_s":[0.005713167, 0.005647458, 0.005701833, 0.005614917, 0.005653375, 0.005590875, 0.005652042, 0.00579175, 0.005560083],"join_only_s":[1.8709e-5, 5.292e-6, 5.125e-6, 5.042e-6, 5e-6, 5.167e-6, 5e-6, 5e-6, 5e-6],"fresh_s":[0.007280875, 0.007160709, 0.0068515, 0.0069355, 0.006919083, 0.00697975, 0.006864917, 0.00699425, 0.006848833],"warm_s":[0.006770083, 0.006810875, 0.00670725, 0.006891042, 0.006727833, 0.006760166, 0.006773584, 0.006648916, 0.0066785],"input_bytes_est":1904152,"final_bytes_est":7418668,"input_nodes":56,"final_nodes":224,"input_storage":null,"final_storage":null,"checksum":181462800,"verified":true}
EVENT_LAB {"kind":"legal_relation_free_join","candidate":"dense-dispatched","domain":"below","product_mode":"materialized","support_gates":"materialized","bits":18,"width":6,"environments":1,"worlds":262144,"admissible_worlds":226981,"rows":128,"groups":16,"outputs":80,"memo":true,"build_s":[0.006439042, 0.006400167, 0.006349708, 0.006290708, 0.006310417, 0.006249167, 0.00632125, 0.006445583, 0.006208958],"support_s":[0.000588459, 0.000577084, 0.000547041, 0.000586375, 0.0005675, 0.00057, 0.000573292, 0.000563708, 0.000559625],"import_s":[0.000137167, 0.000175542, 0.00010075, 8.9375e-5, 8.9167e-5, 8.8208e-5, 9.5791e-5, 9e-5, 8.85e-5],"admission_s":[0.005713167, 0.005647458, 0.005701833, 0.005614917, 0.005653375, 0.005590875, 0.005652042, 0.00579175, 0.005560083],"join_only_s":[1.8709e-5, 5.292e-6, 5.125e-6, 5.042e-6, 5e-6, 5.167e-6, 5e-6, 5e-6, 5e-6],"fresh_s":[0.0027525, 0.002741125, 0.002727292, 0.002729375, 0.002729, 0.002727708, 0.002726209, 0.002730458, 0.002772708],"warm_s":[5.6167e-5, 5.4542e-5, 5.475e-5, 5.4084e-5, 5.3708e-5, 5.4042e-5, 5.4042e-5, 5.4e-5, 5.6834e-5],"input_bytes_est":1904152,"final_bytes_est":7431660,"input_nodes":56,"final_nodes":224,"input_storage":null,"final_storage":null,"checksum":181462800,"verified":true}
ok

test result: ok. 1 passed; 0 failed; 0 ignored; 0 measured; 1378 filtered out; finished in 0.29s


        0.29 real         0.28 user         0.00 sys
            28983296  maximum resident set size
                   0  average shared memory size
                   0  average unshared data size
                   0  average unshared stack size
                1984  page reclaims
                   0  page faults
                   0  swaps
                   0  block input operations
                   0  block output operations
                   0  messages sent
                   0  messages received
                   0  signals received
                   0  voluntary context switches
                  11  involuntary context switches
          4846964368  instructions retired
          1001713807  cycles elapsed
            26165632  peak memory footprint
