
running 1 test
test event_repr_lab::experiment ... EVENT_LAB {"kind":"relations_free_join","candidate":"essential64","product_mode":"views","bits":12,"worlds":4096,"rows":128,"groups":16,"memo":false,"build_s":[0.000129333, 8.0083e-5, 7.375e-5, 7.4459e-5, 7.4875e-5, 7.45e-5, 7.4625e-5, 7.3458e-5, 7.1708e-5],"join_only_s":[3.1667e-5, 5.458e-6, 5.042e-6, 5.041e-6, 5.042e-6, 5e-6, 5e-6, 4.959e-6, 4.959e-6],"fresh_s":[0.000948334, 0.000953833, 0.000895042, 0.000940583, 0.000889584, 0.000892, 0.000891292, 0.000886583, 0.001034458],"warm_s":[0.000788333, 0.000748708, 0.000732583, 0.000778709, 0.000773041, 0.000748541, 0.000785667, 0.000765167, 0.000760916],"input_bytes_est":5481,"final_bytes_est":46732,"input_nodes":89,"final_nodes":495,"input_storage":{"layout":"slab","record_bytes":1424,"table_bytes":392,"interner_bytes":2260,"metadata_bytes":808,"cache_bytes":357,"records":89,"tables":49,"logical_words":49,"total_bytes_est":5241},"final_storage":{"layout":"slab","record_bytes":11392,"table_bytes":3136,"interner_bytes":18080,"metadata_bytes":5792,"cache_bytes":8092,"records":495,"tables":364,"logical_words":364,"total_bytes_est":46492},"closure_iterations":46,"checksum":7171072,"verified":true}
EVENT_LAB {"kind":"relations_free_join","candidate":"essential64","product_mode":"views","bits":12,"worlds":4096,"rows":128,"groups":16,"memo":true,"build_s":[0.000129333, 8.0083e-5, 7.375e-5, 7.4459e-5, 7.4875e-5, 7.45e-5, 7.4625e-5, 7.3458e-5, 7.1708e-5],"join_only_s":[3.1667e-5, 5.458e-6, 5.042e-6, 5.041e-6, 5.042e-6, 5e-6, 5e-6, 4.959e-6, 4.959e-6],"fresh_s":[0.000521958, 0.000528542, 0.000498583, 0.000496834, 0.000507208, 0.000493959, 0.000526917, 0.0005465, 0.000561959],"warm_s":[1.0667e-5, 8.334e-6, 8.375e-6, 8.292e-6, 8.25e-6, 8.209e-6, 8.209e-6, 8.167e-6, 8.208e-6],"input_bytes_est":5481,"final_bytes_est":58504,"input_nodes":89,"final_nodes":495,"input_storage":{"layout":"slab","record_bytes":1424,"table_bytes":392,"interner_bytes":2260,"metadata_bytes":808,"cache_bytes":357,"records":89,"tables":49,"logical_words":49,"total_bytes_est":5241},"final_storage":{"layout":"slab","record_bytes":11392,"table_bytes":3136,"interner_bytes":18080,"metadata_bytes":5792,"cache_bytes":8092,"records":495,"tables":364,"logical_words":364,"total_bytes_est":46492},"closure_iterations":46,"checksum":7171072,"verified":true}
EVENT_LAB {"kind":"relations_free_join","candidate":"essential64","product_mode":"views","bits":18,"worlds":262144,"rows":128,"groups":16,"memo":false,"build_s":[0.001507625, 0.001455375, 0.001482583, 0.0014545, 0.001470417, 0.001424625, 0.001471041, 0.001444583, 0.001588583],"join_only_s":[1.8667e-5, 5.292e-6, 5.208e-6, 5.083e-6, 5.083e-6, 5e-6, 5.084e-6, 5e-6, 5e-6],"fresh_s":[0.007131125, 0.006873042, 0.006962833, 0.006961583, 0.007101833, 0.006993209, 0.006966792, 0.0071535, 0.007049208],"warm_s":[0.006160083, 0.005952791, 0.005954042, 0.005970542, 0.006029375, 0.006079625, 0.006036041, 0.005998666, 0.005897625],"input_bytes_est":33258,"final_bytes_est":275256,"input_nodes":552,"final_nodes":2640,"input_storage":{"layout":"slab","record_bytes":8832,"table_bytes":1352,"interner_bytes":17440,"metadata_bytes":4560,"cache_bytes":714,"records":552,"tables":169,"logical_words":169,"total_bytes_est":32898},"final_storage":{"layout":"slab","record_bytes":70656,"table_bytes":21632,"interner_bytes":78592,"metadata_bytes":35472,"cache_bytes":68544,"records":2640,"tables":1405,"logical_words":1405,"total_bytes_est":274896},"closure_iterations":52,"checksum":215255808,"verified":true}
EVENT_LAB {"kind":"relations_free_join","candidate":"essential64","product_mode":"views","bits":18,"worlds":262144,"rows":128,"groups":16,"memo":true,"build_s":[0.001507625, 0.001455375, 0.001482583, 0.0014545, 0.001470417, 0.001424625, 0.001471041, 0.001444583, 0.001588583],"join_only_s":[1.8667e-5, 5.292e-6, 5.208e-6, 5.083e-6, 5.083e-6, 5e-6, 5.084e-6, 5e-6, 5e-6],"fresh_s":[0.0038315, 0.003868917, 0.004094417, 0.003910625, 0.00389475, 0.0038055, 0.004033583, 0.003885334, 0.003976708],"warm_s":[1.975e-5, 8.583e-6, 8.5e-6, 8.375e-6, 8.417e-6, 8.459e-6, 8.334e-6, 8.416e-6, 8.334e-6],"input_bytes_est":33258,"final_bytes_est":287028,"input_nodes":552,"final_nodes":2640,"input_storage":{"layout":"slab","record_bytes":8832,"table_bytes":1352,"interner_bytes":17440,"metadata_bytes":4560,"cache_bytes":714,"records":552,"tables":169,"logical_words":169,"total_bytes_est":32898},"final_storage":{"layout":"slab","record_bytes":70656,"table_bytes":21632,"interner_bytes":78592,"metadata_bytes":35472,"cache_bytes":68544,"records":2640,"tables":1405,"logical_words":1405,"total_bytes_est":274896},"closure_iterations":52,"checksum":215255808,"verified":true}
ok

test result: ok. 1 passed; 0 failed; 0 ignored; 0 measured; 1375 filtered out; finished in 5.07s


        5.07 real         5.03 user         0.03 sys
            11567104  maximum resident set size
                   0  average shared memory size
                   0  average unshared data size
                   0  average unshared stack size
                 919  page reclaims
                   0  page faults
                   0  swaps
                   0  block input operations
                   0  block output operations
                   0  messages sent
                   0  messages received
                   0  signals received
                   0  voluntary context switches
                 923  involuntary context switches
         85538197977  instructions retired
         17039121998  cycles elapsed
             8585624  peak memory footprint
