
running 1 test
test event_repr_lab::experiment ... EVENT_LAB {"kind":"owned_free_join","candidate":"retraction512","target_candidate":"retraction512","bits":12,"target_layout":"bit-major","target_setup_s":[5.708e-6],"restore_inputs_s":[3.3625e-5],"program_setup_s":[1.55e-5],"query_s":[0.000384959],"owned_compute_s":[0.0004045],"novel_publication_classes":[10],"input_roots":24,"output_roots":80,"input_packet_bytes":1421,"output_packet_bytes":707,"final_arena_bytes_est":21032,"input_storage":{"layout":"slab","record_bytes":1024,"table_bytes":1024,"interner_bytes":1208,"metadata_bytes":760,"cache_bytes":0,"records":37,"tables":36,"logical_words":74,"total_bytes_est":4016},"final_storage":{"layout":"slab","record_bytes":4096,"table_bytes":4096,"interner_bytes":4832,"metadata_bytes":2296,"cache_bytes":5712,"records":219,"tables":218,"logical_words":454,"total_bytes_est":21032},"verified":true}
EVENT_LAB {"kind":"owned_free_join","candidate":"retraction512","target_candidate":"retraction512","bits":12,"target_layout":"face-major","target_setup_s":[3.458e-6],"restore_inputs_s":[1.8458e-5],"program_setup_s":[7.125e-6],"query_s":[0.000474208],"owned_compute_s":[0.000482667],"novel_publication_classes":[10],"input_roots":24,"output_roots":80,"input_packet_bytes":1421,"output_packet_bytes":707,"final_arena_bytes_est":71960,"input_storage":{"layout":"slab","record_bytes":1024,"table_bytes":1024,"interner_bytes":1208,"metadata_bytes":760,"cache_bytes":0,"records":37,"tables":36,"logical_words":74,"total_bytes_est":4016},"final_storage":{"layout":"slab","record_bytes":16384,"table_bytes":16384,"interner_bytes":19328,"metadata_bytes":8440,"cache_bytes":11424,"records":597,"tables":596,"logical_words":1177,"total_bytes_est":71960},"verified":true}
EVENT_LAB {"kind":"owned_free_join","candidate":"retraction512","target_candidate":"packed512","bits":12,"target_layout":"bit-major","target_setup_s":[4.916e-6],"restore_inputs_s":[9.3e-5],"program_setup_s":[3.7e-5],"query_s":[0.000253208],"owned_compute_s":[0.000292125],"novel_publication_classes":[10],"input_roots":24,"output_roots":80,"input_packet_bytes":1421,"output_packet_bytes":1645,"final_arena_bytes_est":112740,"input_storage":null,"final_storage":null,"verified":true}
EVENT_LAB {"kind":"owned_free_join","candidate":"retraction512","target_candidate":"retraction512","bits":18,"target_layout":"bit-major","target_setup_s":[4.792e-6],"restore_inputs_s":[0.000116125],"program_setup_s":[2.4708e-5],"query_s":[0.002339666],"owned_compute_s":[0.002366833],"novel_publication_classes":[18],"input_roots":24,"output_roots":80,"input_packet_bytes":9305,"output_packet_bytes":2087,"final_arena_bytes_est":275560,"input_storage":{"layout":"slab","record_bytes":8192,"table_bytes":8192,"interner_bytes":9664,"metadata_bytes":4456,"cache_bytes":3927,"records":295,"tables":101,"logical_words":626,"total_bytes_est":34431},"final_storage":{"layout":"slab","record_bytes":32768,"table_bytes":65536,"interner_bytes":69120,"metadata_bytes":16744,"cache_bytes":91392,"records":1899,"tables":1420,"logical_words":4888,"total_bytes_est":275560},"verified":true}
EVENT_LAB {"kind":"owned_free_join","candidate":"retraction512","target_candidate":"retraction512","bits":18,"target_layout":"face-major","target_setup_s":[7.833e-6],"restore_inputs_s":[0.000364166],"program_setup_s":[3.6084e-5],"query_s":[0.008310792],"owned_compute_s":[0.008350208],"novel_publication_classes":[18],"input_roots":24,"output_roots":80,"input_packet_bytes":9305,"output_packet_bytes":2389,"final_arena_bytes_est":1592680,"input_storage":{"layout":"slab","record_bytes":16384,"table_bytes":32768,"interner_bytes":19328,"metadata_bytes":8552,"cache_bytes":19040,"records":697,"tables":423,"logical_words":2588,"total_bytes_est":96072},"final_storage":{"layout":"slab","record_bytes":262144,"table_bytes":524288,"interner_bytes":309248,"metadata_bytes":131432,"cache_bytes":365568,"records":12215,"tables":7388,"logical_words":32961,"total_bytes_est":1592680},"verified":true}
EVENT_LAB {"kind":"owned_free_join","candidate":"retraction512","target_candidate":"packed512","bits":18,"target_layout":"bit-major","target_setup_s":[5.875e-6],"restore_inputs_s":[0.000440292],"program_setup_s":[4.4583e-5],"query_s":[0.000685791],"owned_compute_s":[0.000732625],"novel_publication_classes":[18],"input_roots":24,"output_roots":80,"input_packet_bytes":9305,"output_packet_bytes":5221,"final_arena_bytes_est":626852,"input_storage":null,"final_storage":null,"verified":true}
ok

test result: ok. 1 passed; 0 failed; 0 ignored; 0 measured; 1378 filtered out; finished in 2.14s


        2.14 real         2.11 user         0.01 sys
            15499264  maximum resident set size
                   0  average shared memory size
                   0  average unshared data size
                   0  average unshared stack size
                1162  page reclaims
                   0  page faults
                   0  swaps
                   0  block input operations
                   0  block output operations
                   0  messages sent
                   0  messages received
                   0  signals received
                   0  voluntary context switches
                 167  involuntary context switches
         39003375685  instructions retired
          7145486093  cycles elapsed
            12239256  peak memory footprint
