▶ admin certainty
  ✔ checkpoint completes with its report and the pre-dispatch ref (1.701792ms)
  ✔ registration refusal is not-started and E stays never (3.114291ms)
  ✔ a lost completion is outcome-unknown with the retained ref (2.27275ms)
  ✔ erase reports residual copies honestly (0.255792ms)
  ✔ verifyBackup is read-only with typed E (0.43175ms)
  ✔ interrupting admin joins cancellation and retains the caller's operationId (7.493333ms)
✔ admin certainty (16.044083ms)
✔ same-schema cross-origin caches refuse before serving or mutating anything (563.119292ms)
✔ a retained command ref resolves after reopen and receipts outlive their scope (127.77425ms)
✔ closed and foreign capabilities refuse typed without dispatching (236.774334ms)
✔ open never creates: a missing configured database is a typed refusal, not genesis (10.170916ms)
✔ a hosted binding under the local constructor refuses typed with no genesis (5.717125ms)
▶ borrow lifecycle
  ✔ two acquires of one binding are DISTINCT borrows; releasing one leaves the other live (4.068375ms)
  ✔ a stale borrow refuses with ClosedHandle and dispatches nothing (1.80775ms)
  ✔ double release is harmless and joins the native transition (0.249125ms)
  ✔ scope close releases the borrow exactly once (idempotent with explicit release) (0.245291ms)
✔ borrow lifecycle (7.090375ms)
▶ cache surface
  ✔ evicting a borrowed slot refuses instead of revoking the borrow (0.665334ms)
  ✔ same-schema cross-origin bindings acquire isolated capabilities (0.301375ms)
  ✔ cache close is the owner decision; a released cache refuses new acquires (0.23825ms)
  ✔ inspection decodes the bounded native report (0.247709ms)
✔ cache surface (1.607792ms)
✔ native command boundaries retain exact sizes and distinguish caller misuse (707.271167ms)
✔ Event-selected log schemas survive command recovery, runtime release, cache, backup and restore (884.102667ms)
✔ Event selections participate in transition admission, replay, activation and abort (301.350875ms)
▶ LocalHistory.open
  ✔ open dispatches mode=open and never a create (7.572375ms)
  ✔ a missing database is a typed refusal, never an empty replacement (1.630917ms)
  ✔ create requires the creation artifact and dispatches mode=create (0.248375ms)
  ✔ create refuses existing authority with the native refusal, unchanged (0.229334ms)
  ✔ a hosted binding refuses at the local constructor before dispatch (0.396667ms)
✔ LocalHistory.open (10.760917ms)
▶ HostedHistory.open
  ✔ credentials default to the supported provider chain (0.214166ms)
✔ HostedHistory.open (0.27275ms)
▶ bounded inspect
  ✔ inspect decodes the bounded health snapshot (OPS-TEST-01 fixture shape) (0.739959ms)
✔ bounded inspect (0.8285ms)
▶ closed capabilities
  ✔ resolve and inspect on a closed history refuse with ClosedHandle before dispatch (0.381583ms)
✔ closed capabilities (0.450916ms)
▶ returned certainty without duplicate phase
  ✔ submit decided retains its receipt without a phase field (5.627834ms)
  ✔ post-dispatch admin decode retains outcome-unknown (1.571166ms)
  ✔ native proved nonpublication stays not-started (0.235417ms)
✔ returned certainty without duplicate phase (8.00825ms)
✔ native command recovery and independent backup → verify → writable restore (1008.271708ms)
▶ submit certainty arms
  ✔ a decided receipt round-trips with local health; the ref exists before dispatch (5.094958ms)
  ✔ pre-dispatch refusal is not-submitted with the authentic ref; E stays never (2.053875ms)
  ✔ post-dispatch decode loss is outcome-unknown, never a fabricated rejection (0.478041ms)
  ✔ submit on a closed history refuses as not-submitted without dispatch (0.333833ms)
  ✔ a forged command capability is a defect, never a forged receipt or arm (0.589542ms)
  ✔ invalid submit options refuse pre-dispatch as not-submitted, not as E (0.32175ms)
✔ submit certainty arms (9.571083ms)
▶ interruption after publication
  ✔ interrupt after dispatch preserves Cause and joins the native drain (3.012583ms)
  ✔ the retained original ref resolves after reopen; retry never seals a new id (0.413ms)
  ✔ resolve also reports the closed/expired epochs as data, not errors (0.231708ms)
✔ interruption after publication (3.859708ms)
✔ the retained source and target declarations are independently generated exact native bindings (407.44725ms)
✔ ordinary imperative transition, comparison, activation and replay (children first: false) (509.071042ms)
✔ ordinary imperative transition, comparison, activation and replay (children first: true) (278.200833ms)
✔ native admission rejects a missing proof; unconstrained document loss requires application comparison (163.393958ms)
✔ complete native judgment refuses wrong-arm across ordinary population batches (105.197375ms)
✔ complete native judgment refuses orphan across ordinary population batches (101.199667ms)
✔ complete native judgment refuses key-conflict across ordinary population batches (107.466667ms)
✔ complete native judgment refuses missing-parent across ordinary population batches (104.360792ms)
ℹ tests 51
ℹ suites 10
ℹ pass 51
ℹ fail 0
ℹ cancelled 0
ℹ skipped 0
ℹ todo 0
ℹ duration_ms 2196.587292
{"node":"v26.4.0","platform":"bumbledb-darwin-arm64","tests":["event-selections","real-bridge-roundtrip","transition","command-boundaries","history-open","admin","borrows","adversarial-capabilities","submit-certainty","outcome-certainty"],"version":"1.3.1","addon_sha256":"00171923dfc6238a0c0bc90442adb1685cc0960b81e8f483d0333efe3db1df17"}
