
running 1 test
test event_repr_lab::experiment ... EVENT_LAB {"kind":"readout_free_join","candidate":"retraction512","domain":"fibred","readout_family":"non-suffix","readout_faces":"x","hidden":8,"width":4,"bits":13,"worlds":8192,"admissible_worlds":3197,"environments":2,"rows":128,"groups":16,"outputs":64,"memo":false,"changed_possible_groups":16,"changed_guaranteed_groups":16,"nonconstant_readouts":48,"build_s":[0.000960458],"support_s":[0.000197042],"import_s":[0.000683958],"admission_s":[7.9125e-5],"join_only_s":[3.0458e-5],"fresh_s":[0.000558625],"fresh_group_s":[0.0001595],"fresh_readout_s":[0.000381416],"fresh_compute_s":[0.000542167],"fresh_count_s":[1.6375e-5],"warm_s":[3.1292e-5],"warm_group_s":[1.6125e-5],"warm_readout_s":[1.541e-6],"warm_compute_s":[1.7833e-5],"warm_count_s":[1.3375e-5],"input_nodes":1045,"final_nodes":1644,"input_bytes_est":124544,"final_bytes_est":220728,"input_storage":{"layout":"slab","record_bytes":16720,"table_bytes":29936,"interner_bytes":34644,"metadata_bytes":8748,"cache_bytes":34496,"records":1045,"tables":1031,"logical_words":3742,"total_bytes_est":124544},"final_storage":{"layout":"slab","record_bytes":33440,"table_bytes":59872,"interner_bytes":38824,"metadata_bytes":17108,"cache_bytes":71484,"records":1644,"tables":1630,"logical_words":6884,"total_bytes_est":220728},"outer_memo_bytes":0,"colt_bytes":14992,"checksum":607690,"verified":true}
EVENT_LAB {"kind":"readout_free_join","candidate":"retraction512","domain":"fibred","readout_family":"non-suffix","readout_faces":"x","hidden":8,"width":4,"bits":13,"worlds":8192,"admissible_worlds":3197,"environments":2,"rows":128,"groups":16,"outputs":64,"memo":true,"changed_possible_groups":16,"changed_guaranteed_groups":16,"nonconstant_readouts":48,"build_s":[0.000960458],"support_s":[0.000197042],"import_s":[0.000683958],"admission_s":[7.9125e-5],"join_only_s":[3.0458e-5],"fresh_s":[0.000535583],"fresh_group_s":[0.000147541],"fresh_readout_s":[0.000375375],"fresh_compute_s":[0.000523291],"fresh_count_s":[1.2e-5],"warm_s":[2.3209e-5],"warm_group_s":[9.292e-6],"warm_readout_s":[1.542e-6],"warm_compute_s":[1.1042e-5],"warm_count_s":[1.2041e-5],"input_nodes":1045,"final_nodes":1644,"input_bytes_est":124544,"final_bytes_est":229688,"input_storage":{"layout":"slab","record_bytes":16720,"table_bytes":29936,"interner_bytes":34644,"metadata_bytes":8748,"cache_bytes":34496,"records":1045,"tables":1031,"logical_words":3742,"total_bytes_est":124544},"final_storage":{"layout":"slab","record_bytes":33440,"table_bytes":59872,"interner_bytes":38824,"metadata_bytes":17108,"cache_bytes":71484,"records":1644,"tables":1630,"logical_words":6884,"total_bytes_est":220728},"outer_memo_bytes":8960,"colt_bytes":14992,"checksum":607690,"verified":true}
EVENT_LAB {"kind":"readout_free_join","candidate":"retraction512","domain":"fibred","readout_family":"non-suffix","readout_faces":"x","hidden":32,"width":6,"bits":19,"worlds":524288,"admissible_worlds":301069,"environments":2,"rows":128,"groups":16,"outputs":64,"memo":false,"changed_possible_groups":16,"changed_guaranteed_groups":16,"nonconstant_readouts":48,"build_s":[0.015561834],"support_s":[0.000818042],"import_s":[0.014372375],"admission_s":[0.000370041],"join_only_s":[1.6375e-5],"fresh_s":[0.005761333],"fresh_group_s":[0.001414791],"fresh_readout_s":[0.004183333],"fresh_compute_s":[0.00559825],"fresh_count_s":[0.000163],"warm_s":[0.000208333],"warm_group_s":[2.8167e-5],"warm_readout_s":[3.958e-6],"warm_compute_s":[3.2666e-5],"warm_count_s":[0.000175583],"input_nodes":20384,"final_nodes":28224,"input_bytes_est":2182012,"final_bytes_est":3456840,"input_storage":{"layout":"slab","record_bytes":326144,"table_bytes":528432,"interner_bytes":568960,"metadata_bytes":163532,"cache_bytes":594944,"records":20384,"tables":10534,"logical_words":66054,"total_bytes_est":2182012},"final_storage":{"layout":"slab","record_bytes":652288,"table_bytes":1056864,"interner_bytes":650496,"metadata_bytes":326604,"cache_bytes":770588,"records":28224,"tables":14022,"logical_words":86863,"total_bytes_est":3456840},"outer_memo_bytes":0,"colt_bytes":14992,"checksum":12912164,"verified":true}
EVENT_LAB {"kind":"readout_free_join","candidate":"retraction512","domain":"fibred","readout_family":"non-suffix","readout_faces":"x","hidden":32,"width":6,"bits":19,"worlds":524288,"admissible_worlds":301069,"environments":2,"rows":128,"groups":16,"outputs":64,"memo":true,"changed_possible_groups":16,"changed_guaranteed_groups":16,"nonconstant_readouts":48,"build_s":[0.015561834],"support_s":[0.000818042],"import_s":[0.014372375],"admission_s":[0.000370041],"join_only_s":[1.6375e-5],"fresh_s":[0.005926167],"fresh_group_s":[0.001383958],"fresh_readout_s":[0.004368458],"fresh_compute_s":[0.005753083],"fresh_count_s":[0.000173],"warm_s":[0.0001935],"warm_group_s":[1.6959e-5],"warm_readout_s":[4e-6],"warm_compute_s":[2.1209e-5],"warm_count_s":[0.000172209],"input_nodes":20384,"final_nodes":28224,"input_bytes_est":2182012,"final_bytes_est":3465800,"input_storage":{"layout":"slab","record_bytes":326144,"table_bytes":528432,"interner_bytes":568960,"metadata_bytes":163532,"cache_bytes":594944,"records":20384,"tables":10534,"logical_words":66054,"total_bytes_est":2182012},"final_storage":{"layout":"slab","record_bytes":652288,"table_bytes":1056864,"interner_bytes":650496,"metadata_bytes":326604,"cache_bytes":770588,"records":28224,"tables":14022,"logical_words":86863,"total_bytes_est":3456840},"outer_memo_bytes":8960,"colt_bytes":14992,"checksum":12912164,"verified":true}
ok

test result: ok. 1 passed; 0 failed; 0 ignored; 0 measured; 1378 filtered out; finished in 11.09s


       11.09 real        11.02 user         0.06 sys
           175325184  maximum resident set size
                   0  average shared memory size
                   0  average unshared data size
                   0  average unshared stack size
               14897  page reclaims
                   0  page faults
                   0  swaps
                   0  block input operations
                   0  block output operations
                   0  messages sent
                   0  messages received
                   0  signals received
                   0  voluntary context switches
                 252  involuntary context switches
        134969296558  instructions retired
         37343183139  cycles elapsed
           172327464  peak memory footprint
