
running 1 test
test event_repr_lab::experiment ... EVENT_LAB {"kind":"readout_free_join","candidate":"retraction512","domain":"fibred","readout_family":"non-suffix","readout_faces":"x","hidden":8,"width":4,"bits":13,"worlds":8192,"admissible_worlds":3197,"environments":2,"rows":128,"groups":16,"outputs":64,"memo":false,"changed_possible_groups":16,"changed_guaranteed_groups":16,"nonconstant_readouts":48,"build_s":[0.0009525],"support_s":[0.000201167],"import_s":[0.00068175],"admission_s":[6.9e-5],"join_only_s":[3.125e-5],"fresh_s":[0.000686208],"fresh_group_s":[0.000156333],"fresh_readout_s":[0.000509375],"fresh_compute_s":[0.000666917],"fresh_count_s":[1.9209e-5],"warm_s":[4.2e-5],"warm_group_s":[1.4334e-5],"warm_readout_s":[1.4375e-5],"warm_compute_s":[2.8875e-5],"warm_count_s":[1.3042e-5],"input_nodes":1002,"final_nodes":1721,"input_bytes_est":119116,"final_bytes_est":258804,"input_storage":{"layout":"slab","record_bytes":16032,"table_bytes":25712,"interner_bytes":34472,"metadata_bytes":8404,"cache_bytes":34496,"records":1002,"tables":989,"logical_words":3214,"total_bytes_est":119116},"final_storage":{"layout":"slab","record_bytes":32064,"table_bytes":102848,"interner_bytes":38480,"metadata_bytes":16420,"cache_bytes":68992,"records":1721,"tables":1708,"logical_words":6791,"total_bytes_est":258804},"outer_memo_bytes":0,"colt_bytes":14992,"checksum":607690,"verified":true}
EVENT_LAB {"kind":"readout_free_join","candidate":"retraction512","domain":"fibred","readout_family":"non-suffix","readout_faces":"x","hidden":8,"width":4,"bits":13,"worlds":8192,"admissible_worlds":3197,"environments":2,"rows":128,"groups":16,"outputs":64,"memo":true,"changed_possible_groups":16,"changed_guaranteed_groups":16,"nonconstant_readouts":48,"build_s":[0.0009525],"support_s":[0.000201167],"import_s":[0.00068175],"admission_s":[6.9e-5],"join_only_s":[3.125e-5],"fresh_s":[0.000658],"fresh_group_s":[0.0001485],"fresh_readout_s":[0.000496667],"fresh_compute_s":[0.0006455],"fresh_count_s":[1.2208e-5],"warm_s":[4.4459e-5],"warm_group_s":[1.3667e-5],"warm_readout_s":[1.8667e-5],"warm_compute_s":[3.2584e-5],"warm_count_s":[1.1708e-5],"input_nodes":1002,"final_nodes":1721,"input_bytes_est":119116,"final_bytes_est":267764,"input_storage":{"layout":"slab","record_bytes":16032,"table_bytes":25712,"interner_bytes":34472,"metadata_bytes":8404,"cache_bytes":34496,"records":1002,"tables":989,"logical_words":3214,"total_bytes_est":119116},"final_storage":{"layout":"slab","record_bytes":32064,"table_bytes":102848,"interner_bytes":38480,"metadata_bytes":16420,"cache_bytes":68992,"records":1721,"tables":1708,"logical_words":6791,"total_bytes_est":258804},"outer_memo_bytes":8960,"colt_bytes":14992,"checksum":607690,"verified":true}
EVENT_LAB {"kind":"readout_free_join","candidate":"retraction512","domain":"fibred","readout_family":"non-suffix","readout_faces":"x","hidden":32,"width":6,"bits":19,"worlds":524288,"admissible_worlds":301069,"environments":2,"rows":128,"groups":16,"outputs":64,"memo":false,"changed_possible_groups":16,"changed_guaranteed_groups":16,"nonconstant_readouts":48,"build_s":[0.011669416],"support_s":[0.000467708],"import_s":[0.010873167],"admission_s":[0.000325125],"join_only_s":[2.5875e-5],"fresh_s":[0.009637458],"fresh_group_s":[0.0014855],"fresh_readout_s":[0.007987458],"fresh_compute_s":[0.009473375],"fresh_count_s":[0.000164042],"warm_s":[0.000592958],"warm_group_s":[2.775e-5],"warm_readout_s":[0.000398334],"warm_compute_s":[0.00042625],"warm_count_s":[0.000166625],"input_nodes":15701,"final_nodes":29504,"input_bytes_est":1877544,"final_bytes_est":3206276,"input_storage":{"layout":"slab","record_bytes":251216,"table_bytes":294160,"interner_bytes":550228,"metadata_bytes":126068,"cache_bytes":655872,"records":15701,"tables":6677,"logical_words":36770,"total_bytes_est":1877544},"final_storage":{"layout":"slab","record_bytes":502432,"table_bytes":588320,"interner_bytes":1100456,"metadata_bytes":251676,"cache_bytes":763392,"records":29504,"tables":12350,"logical_words":70372,"total_bytes_est":3206276},"outer_memo_bytes":0,"colt_bytes":14992,"checksum":12912164,"verified":true}
EVENT_LAB {"kind":"readout_free_join","candidate":"retraction512","domain":"fibred","readout_family":"non-suffix","readout_faces":"x","hidden":32,"width":6,"bits":19,"worlds":524288,"admissible_worlds":301069,"environments":2,"rows":128,"groups":16,"outputs":64,"memo":true,"changed_possible_groups":16,"changed_guaranteed_groups":16,"nonconstant_readouts":48,"build_s":[0.011669416],"support_s":[0.000467708],"import_s":[0.010873167],"admission_s":[0.000325125],"join_only_s":[2.5875e-5],"fresh_s":[0.009551167],"fresh_group_s":[0.0014445],"fresh_readout_s":[0.007909333],"fresh_compute_s":[0.009354375],"fresh_count_s":[0.000196542],"warm_s":[0.000590209],"warm_group_s":[1.7666e-5],"warm_readout_s":[0.000403583],"warm_compute_s":[0.00042175],"warm_count_s":[0.000168375],"input_nodes":15701,"final_nodes":29504,"input_bytes_est":1877544,"final_bytes_est":3215236,"input_storage":{"layout":"slab","record_bytes":251216,"table_bytes":294160,"interner_bytes":550228,"metadata_bytes":126068,"cache_bytes":655872,"records":15701,"tables":6677,"logical_words":36770,"total_bytes_est":1877544},"final_storage":{"layout":"slab","record_bytes":502432,"table_bytes":588320,"interner_bytes":1100456,"metadata_bytes":251676,"cache_bytes":763392,"records":29504,"tables":12350,"logical_words":70372,"total_bytes_est":3206276},"outer_memo_bytes":8960,"colt_bytes":14992,"checksum":12912164,"verified":true}
ok

test result: ok. 1 passed; 0 failed; 0 ignored; 0 measured; 1378 filtered out; finished in 8.14s


        8.14 real         8.10 user         0.03 sys
            33882112  maximum resident set size
                   0  average shared memory size
                   0  average unshared data size
                   0  average unshared stack size
                2284  page reclaims
                   0  page faults
                   0  swaps
                   0  block input operations
                   0  block output operations
                   0  messages sent
                   0  messages received
                   0  signals received
                   0  voluntary context switches
                 644  involuntary context switches
        101816796777  instructions retired
         27085104114  cycles elapsed
            30785944  peak memory footprint
