
running 1 test
test event_repr_lab::experiment ... EVENT_LAB {"kind":"readout_free_join","candidate":"prefix512","domain":"fibred","readout_family":"non-suffix","readout_faces":"x","hidden":8,"width":4,"bits":13,"worlds":8192,"admissible_worlds":3197,"environments":2,"rows":128,"groups":16,"outputs":64,"memo":false,"changed_possible_groups":16,"changed_guaranteed_groups":16,"nonconstant_readouts":48,"build_s":[0.00100575],"support_s":[0.000234875],"import_s":[0.000703916],"admission_s":[6.6584e-5],"join_only_s":[2.8334e-5],"fresh_s":[0.000395875],"fresh_group_s":[0.000154708],"fresh_readout_s":[0.000223667],"fresh_compute_s":[0.000379708],"fresh_count_s":[1.6041e-5],"warm_s":[3.3458e-5],"warm_group_s":[1.7833e-5],"warm_readout_s":[1.875e-6],"warm_compute_s":[2.0041e-5],"warm_count_s":[1.325e-5],"input_nodes":1094,"final_nodes":1552,"input_bytes_est":127300,"final_bytes_est":223440,"input_storage":{"layout":"slab","record_bytes":17504,"table_bytes":31320,"interner_bytes":34840,"metadata_bytes":9140,"cache_bytes":34496,"records":1094,"tables":1080,"logical_words":3915,"total_bytes_est":127300},"final_storage":{"layout":"slab","record_bytes":35008,"table_bytes":62640,"interner_bytes":39216,"metadata_bytes":17892,"cache_bytes":68684,"records":1552,"tables":1538,"logical_words":6324,"total_bytes_est":223440},"outer_memo_bytes":0,"colt_bytes":14992,"checksum":607690,"verified":true}
EVENT_LAB {"kind":"readout_free_join","candidate":"prefix512","domain":"fibred","readout_family":"non-suffix","readout_faces":"x","hidden":8,"width":4,"bits":13,"worlds":8192,"admissible_worlds":3197,"environments":2,"rows":128,"groups":16,"outputs":64,"memo":true,"changed_possible_groups":16,"changed_guaranteed_groups":16,"nonconstant_readouts":48,"build_s":[0.00100575],"support_s":[0.000234875],"import_s":[0.000703916],"admission_s":[6.6584e-5],"join_only_s":[2.8334e-5],"fresh_s":[0.000387708],"fresh_group_s":[0.000149709],"fresh_readout_s":[0.0002245],"fresh_compute_s":[0.000374666],"fresh_count_s":[1.2916e-5],"warm_s":[2.8417e-5],"warm_group_s":[1.325e-5],"warm_readout_s":[1.792e-6],"warm_compute_s":[1.5375e-5],"warm_count_s":[1.2917e-5],"input_nodes":1094,"final_nodes":1552,"input_bytes_est":127300,"final_bytes_est":232400,"input_storage":{"layout":"slab","record_bytes":17504,"table_bytes":31320,"interner_bytes":34840,"metadata_bytes":9140,"cache_bytes":34496,"records":1094,"tables":1080,"logical_words":3915,"total_bytes_est":127300},"final_storage":{"layout":"slab","record_bytes":35008,"table_bytes":62640,"interner_bytes":39216,"metadata_bytes":17892,"cache_bytes":68684,"records":1552,"tables":1538,"logical_words":6324,"total_bytes_est":223440},"outer_memo_bytes":8960,"colt_bytes":14992,"checksum":607690,"verified":true}
EVENT_LAB {"kind":"readout_free_join","candidate":"prefix512","domain":"fibred","readout_family":"non-suffix","readout_faces":"x","hidden":32,"width":6,"bits":19,"worlds":524288,"admissible_worlds":301069,"environments":2,"rows":128,"groups":16,"outputs":64,"memo":false,"changed_possible_groups":16,"changed_guaranteed_groups":16,"nonconstant_readouts":48,"build_s":[0.014548291],"support_s":[0.000801916],"import_s":[0.013425083],"admission_s":[0.000321],"join_only_s":[1.7666e-5],"fresh_s":[0.002623791],"fresh_group_s":[0.001008209],"fresh_readout_s":[0.001486417],"fresh_compute_s":[0.002494791],"fresh_count_s":[0.000128917],"warm_s":[0.0001685],"warm_group_s":[2.8667e-5],"warm_readout_s":[3.625e-6],"warm_compute_s":[3.3125e-5],"warm_count_s":[0.000135292],"input_nodes":19801,"final_nodes":23351,"input_bytes_est":2137304,"final_bytes_est":3347824,"input_storage":{"layout":"slab","record_bytes":316816,"table_bytes":500048,"interner_bytes":566628,"metadata_bytes":158868,"cache_bytes":594944,"records":19801,"tables":10290,"logical_words":62506,"total_bytes_est":2137304},"final_storage":{"layout":"slab","record_bytes":633632,"table_bytes":1000096,"interner_bytes":645832,"metadata_bytes":317276,"cache_bytes":750988,"records":23351,"tables":11736,"logical_words":71364,"total_bytes_est":3347824},"outer_memo_bytes":0,"colt_bytes":14992,"checksum":12912164,"verified":true}
EVENT_LAB {"kind":"readout_free_join","candidate":"prefix512","domain":"fibred","readout_family":"non-suffix","readout_faces":"x","hidden":32,"width":6,"bits":19,"worlds":524288,"admissible_worlds":301069,"environments":2,"rows":128,"groups":16,"outputs":64,"memo":true,"changed_possible_groups":16,"changed_guaranteed_groups":16,"nonconstant_readouts":48,"build_s":[0.014548291],"support_s":[0.000801916],"import_s":[0.013425083],"admission_s":[0.000321],"join_only_s":[1.7666e-5],"fresh_s":[0.002654375],"fresh_group_s":[0.00101475],"fresh_readout_s":[0.001511625],"fresh_compute_s":[0.002527042],"fresh_count_s":[0.000127166],"warm_s":[0.000160959],"warm_group_s":[1.7e-5],"warm_readout_s":[3.917e-6],"warm_compute_s":[2.1459e-5],"warm_count_s":[0.000139458],"input_nodes":19801,"final_nodes":23351,"input_bytes_est":2137304,"final_bytes_est":3356784,"input_storage":{"layout":"slab","record_bytes":316816,"table_bytes":500048,"interner_bytes":566628,"metadata_bytes":158868,"cache_bytes":594944,"records":19801,"tables":10290,"logical_words":62506,"total_bytes_est":2137304},"final_storage":{"layout":"slab","record_bytes":633632,"table_bytes":1000096,"interner_bytes":645832,"metadata_bytes":317276,"cache_bytes":750988,"records":23351,"tables":11736,"logical_words":71364,"total_bytes_est":3347824},"outer_memo_bytes":8960,"colt_bytes":14992,"checksum":12912164,"verified":true}
ok

test result: ok. 1 passed; 0 failed; 0 ignored; 0 measured; 1378 filtered out; finished in 10.69s


       10.69 real        10.65 user         0.03 sys
           188121088  maximum resident set size
                   0  average shared memory size
                   0  average unshared data size
                   0  average unshared stack size
               14788  page reclaims
                   0  page faults
                   0  swaps
                   0  block input operations
                   0  block output operations
                   0  messages sent
                   0  messages received
                   0  signals received
                   0  voluntary context switches
                 317  involuntary context switches
        130153327653  instructions retired
         35958373640  cycles elapsed
           185156136  peak memory footprint
