
running 1 test
test event_repr_lab::experiment ... EVENT_LAB {"kind":"readout_free_join","candidate":"retraction512","domain":"fibred","readout_family":"non-suffix","readout_faces":"x","hidden":8,"width":4,"bits":13,"worlds":8192,"admissible_worlds":3197,"environments":2,"rows":128,"groups":16,"outputs":64,"memo":false,"changed_possible_groups":16,"changed_guaranteed_groups":16,"nonconstant_readouts":48,"build_s":[0.000923667],"support_s":[0.000191709],"import_s":[0.000663625],"admission_s":[6.8e-5],"join_only_s":[2.7958e-5],"fresh_s":[0.000381459],"fresh_group_s":[0.000155291],"fresh_readout_s":[0.00020725],"fresh_compute_s":[0.000363875],"fresh_count_s":[1.75e-5],"warm_s":[4.0958e-5],"warm_group_s":[1.4208e-5],"warm_readout_s":[1.4e-5],"warm_compute_s":[2.8375e-5],"warm_count_s":[1.25e-5],"input_nodes":1002,"final_nodes":1393,"input_bytes_est":119116,"final_bytes_est":206148,"input_storage":{"layout":"slab","record_bytes":16032,"table_bytes":25712,"interner_bytes":34472,"metadata_bytes":8404,"cache_bytes":34496,"records":1002,"tables":989,"logical_words":3214,"total_bytes_est":119116},"final_storage":{"layout":"slab","record_bytes":32064,"table_bytes":51424,"interner_bytes":38480,"metadata_bytes":16420,"cache_bytes":67760,"records":1393,"tables":1380,"logical_words":5344,"total_bytes_est":206148},"outer_memo_bytes":0,"colt_bytes":14992,"checksum":607690,"verified":true}
EVENT_LAB {"kind":"readout_free_join","candidate":"retraction512","domain":"fibred","readout_family":"non-suffix","readout_faces":"x","hidden":8,"width":4,"bits":13,"worlds":8192,"admissible_worlds":3197,"environments":2,"rows":128,"groups":16,"outputs":64,"memo":true,"changed_possible_groups":16,"changed_guaranteed_groups":16,"nonconstant_readouts":48,"build_s":[0.000923667],"support_s":[0.000191709],"import_s":[0.000663625],"admission_s":[6.8e-5],"join_only_s":[2.7958e-5],"fresh_s":[0.000351209],"fresh_group_s":[0.000142708],"fresh_readout_s":[0.000196375],"fresh_compute_s":[0.0003395],"fresh_count_s":[1.1583e-5],"warm_s":[3.9e-5],"warm_group_s":[1.2042e-5],"warm_readout_s":[1.4334e-5],"warm_compute_s":[2.6792e-5],"warm_count_s":[1.2125e-5],"input_nodes":1002,"final_nodes":1393,"input_bytes_est":119116,"final_bytes_est":215108,"input_storage":{"layout":"slab","record_bytes":16032,"table_bytes":25712,"interner_bytes":34472,"metadata_bytes":8404,"cache_bytes":34496,"records":1002,"tables":989,"logical_words":3214,"total_bytes_est":119116},"final_storage":{"layout":"slab","record_bytes":32064,"table_bytes":51424,"interner_bytes":38480,"metadata_bytes":16420,"cache_bytes":67760,"records":1393,"tables":1380,"logical_words":5344,"total_bytes_est":206148},"outer_memo_bytes":8960,"colt_bytes":14992,"checksum":607690,"verified":true}
EVENT_LAB {"kind":"readout_free_join","candidate":"retraction512","domain":"fibred","readout_family":"non-suffix","readout_faces":"x","hidden":32,"width":6,"bits":19,"worlds":524288,"admissible_worlds":301069,"environments":2,"rows":128,"groups":16,"outputs":64,"memo":false,"changed_possible_groups":16,"changed_guaranteed_groups":16,"nonconstant_readouts":48,"build_s":[0.011045],"support_s":[0.000445375],"import_s":[0.010285583],"admission_s":[0.000313666],"join_only_s":[1.8083e-5],"fresh_s":[0.004499042],"fresh_group_s":[0.00145275],"fresh_readout_s":[0.002883042],"fresh_compute_s":[0.004336125],"fresh_count_s":[0.000162833],"warm_s":[0.000572042],"warm_group_s":[2.8833e-5],"warm_readout_s":[0.000386667],"warm_compute_s":[0.000416084],"warm_count_s":[0.000155875],"input_nodes":15701,"final_nodes":22363,"input_bytes_est":1877544,"final_bytes_est":2713924,"input_storage":{"layout":"slab","record_bytes":251216,"table_bytes":294160,"interner_bytes":550228,"metadata_bytes":126068,"cache_bytes":655872,"records":15701,"tables":6677,"logical_words":36770,"total_bytes_est":1877544},"final_storage":{"layout":"slab","record_bytes":502432,"table_bytes":588320,"interner_bytes":613032,"metadata_bytes":251676,"cache_bytes":758464,"records":22363,"tables":9745,"logical_words":54981,"total_bytes_est":2713924},"outer_memo_bytes":0,"colt_bytes":14992,"checksum":12912164,"verified":true}
EVENT_LAB {"kind":"readout_free_join","candidate":"retraction512","domain":"fibred","readout_family":"non-suffix","readout_faces":"x","hidden":32,"width":6,"bits":19,"worlds":524288,"admissible_worlds":301069,"environments":2,"rows":128,"groups":16,"outputs":64,"memo":true,"changed_possible_groups":16,"changed_guaranteed_groups":16,"nonconstant_readouts":48,"build_s":[0.011045],"support_s":[0.000445375],"import_s":[0.010285583],"admission_s":[0.000313666],"join_only_s":[1.8083e-5],"fresh_s":[0.004508916],"fresh_group_s":[0.00143725],"fresh_readout_s":[0.002915042],"fresh_compute_s":[0.004352875],"fresh_count_s":[0.000156],"warm_s":[0.000578417],"warm_group_s":[1.6333e-5],"warm_readout_s":[0.00040575],"warm_compute_s":[0.000422709],"warm_count_s":[0.000155666],"input_nodes":15701,"final_nodes":22363,"input_bytes_est":1877544,"final_bytes_est":2722884,"input_storage":{"layout":"slab","record_bytes":251216,"table_bytes":294160,"interner_bytes":550228,"metadata_bytes":126068,"cache_bytes":655872,"records":15701,"tables":6677,"logical_words":36770,"total_bytes_est":1877544},"final_storage":{"layout":"slab","record_bytes":502432,"table_bytes":588320,"interner_bytes":613032,"metadata_bytes":251676,"cache_bytes":758464,"records":22363,"tables":9745,"logical_words":54981,"total_bytes_est":2713924},"outer_memo_bytes":8960,"colt_bytes":14992,"checksum":12912164,"verified":true}
ok

test result: ok. 1 passed; 0 failed; 0 ignored; 0 measured; 1378 filtered out; finished in 8.04s


        8.04 real         8.00 user         0.04 sys
            33570816  maximum resident set size
                   0  average shared memory size
                   0  average unshared data size
                   0  average unshared stack size
                2264  page reclaims
                   0  page faults
                   0  swaps
                   0  block input operations
                   0  block output operations
                   0  messages sent
                   0  messages received
                   0  signals received
                   0  voluntary context switches
                 167  involuntary context switches
        101862324955  instructions retired
         27116467568  cycles elapsed
            30474648  peak memory footprint
