
running 1 test
test event_repr_lab::experiment ... EVENT_LAB {"kind":"readout_free_join","candidate":"dense-dispatched","domain":"fibred","readout_family":"non-suffix","readout_faces":"x","hidden":8,"width":4,"bits":13,"worlds":8192,"admissible_worlds":3197,"environments":2,"rows":128,"groups":16,"outputs":64,"memo":false,"changed_possible_groups":16,"changed_guaranteed_groups":16,"nonconstant_readouts":48,"build_s":[0.001294666, 0.00128675, 0.001289291],"support_s":[4.675e-5, 3.9583e-5, 3.875e-5],"import_s":[7.125e-6, 5.916e-6, 5.334e-6],"admission_s":[0.0012405, 0.001241125, 0.001245125],"join_only_s":[4.5292e-5, 5.167e-6, 4.875e-6],"fresh_s":[0.000136375, 8.0083e-5, 7.6833e-5],"fresh_group_s":[0.0001035, 6.5792e-5, 6.3375e-5],"fresh_readout_s":[1.5291e-5, 1.3208e-5, 1.2333e-5],"fresh_compute_s":[0.000135208, 7.9042e-5, 7.5792e-5],"fresh_count_s":[1.042e-6, 9.59e-7, 9.59e-7],"warm_s":[7.4792e-5, 7.3959e-5, 8.1667e-5],"warm_group_s":[6.1417e-5, 6.0792e-5, 6.8625e-5],"warm_readout_s":[1.1958e-5, 1.2042e-5, 1.1958e-5],"warm_compute_s":[7.3667e-5, 7.2959e-5, 8.0667e-5],"warm_count_s":[1.041e-6, 1e-6, 1e-6],"input_nodes":128,"final_nodes":277,"input_bytes_est":142104,"final_bytes_est":305168,"input_storage":null,"final_storage":null,"outer_memo_bytes":0,"colt_bytes":14992,"checksum":607690,"verified":true}
EVENT_LAB {"kind":"readout_free_join","candidate":"dense-dispatched","domain":"fibred","readout_family":"non-suffix","readout_faces":"x","hidden":8,"width":4,"bits":13,"worlds":8192,"admissible_worlds":3197,"environments":2,"rows":128,"groups":16,"outputs":64,"memo":true,"changed_possible_groups":16,"changed_guaranteed_groups":16,"nonconstant_readouts":48,"build_s":[0.001294666, 0.00128675, 0.001289291],"support_s":[4.675e-5, 3.9583e-5, 3.875e-5],"import_s":[7.125e-6, 5.916e-6, 5.334e-6],"admission_s":[0.0012405, 0.001241125, 0.001245125],"join_only_s":[4.5292e-5, 5.167e-6, 4.875e-6],"fresh_s":[4.375e-5, 4.0792e-5, 3.975e-5],"fresh_group_s":[3.175e-5, 2.9209e-5, 2.825e-5],"fresh_readout_s":[1.0791e-5, 1.05e-5, 1.0375e-5],"fresh_compute_s":[4.2667e-5, 3.975e-5, 3.875e-5],"fresh_count_s":[1e-6, 1e-6, 1e-6],"warm_s":[1.9292e-5, 2.5375e-5, 1.8917e-5],"warm_group_s":[8.125e-6, 1.4125e-5, 7.958e-6],"warm_readout_s":[1e-5, 1.0084e-5, 9.833e-6],"warm_compute_s":[1.8208e-5, 2.4291e-5, 1.7875e-5],"warm_count_s":[1e-6, 1.042e-6, 1e-6],"input_nodes":128,"final_nodes":277,"input_bytes_est":142104,"final_bytes_est":314128,"input_storage":null,"final_storage":null,"outer_memo_bytes":8960,"colt_bytes":14992,"checksum":607690,"verified":true}
EVENT_LAB {"kind":"readout_free_join","candidate":"dense-dispatched","domain":"fibred","readout_family":"non-suffix","readout_faces":"x","hidden":32,"width":6,"bits":19,"worlds":524288,"admissible_worlds":301069,"environments":2,"rows":128,"groups":16,"outputs":64,"memo":false,"changed_possible_groups":16,"changed_guaranteed_groups":16,"nonconstant_readouts":48,"build_s":[0.4607905, 0.4581555, 0.462385875],"support_s":[0.00265225, 0.002635834, 0.002662958],"import_s":[0.000209083, 0.000419, 0.000313083],"admission_s":[0.4579265, 0.455100333, 0.459409708],"join_only_s":[1.7209e-5, 5.208e-6, 5.084e-6],"fresh_s":[0.004420375, 0.003793, 0.003564916],"fresh_group_s":[0.003528125, 0.003113959, 0.002960167],"fresh_readout_s":[0.0006965, 0.000612, 0.000543917],"fresh_compute_s":[0.004225459, 0.003729625, 0.00350425],"fresh_count_s":[0.000192917, 6.3333e-5, 6.0625e-5],"warm_s":[0.003620042, 0.003745125, 0.003694292],"warm_group_s":[0.00297525, 0.003095916, 0.00302125],"warm_readout_s":[0.000583708, 0.00058925, 0.000612875],"warm_compute_s":[0.003559708, 0.00368525, 0.003634208],"warm_count_s":[6.0167e-5, 5.9834e-5, 6.0042e-5],"input_nodes":476,"final_nodes":636,"input_bytes_est":31361064,"final_bytes_est":41852568,"input_storage":null,"final_storage":null,"outer_memo_bytes":0,"colt_bytes":14992,"checksum":12912164,"verified":true}
EVENT_LAB {"kind":"readout_free_join","candidate":"dense-dispatched","domain":"fibred","readout_family":"non-suffix","readout_faces":"x","hidden":32,"width":6,"bits":19,"worlds":524288,"admissible_worlds":301069,"environments":2,"rows":128,"groups":16,"outputs":64,"memo":true,"changed_possible_groups":16,"changed_guaranteed_groups":16,"nonconstant_readouts":48,"build_s":[0.4607905, 0.4581555, 0.462385875],"support_s":[0.00265225, 0.002635834, 0.002662958],"import_s":[0.000209083, 0.000419, 0.000313083],"admission_s":[0.4579265, 0.455100333, 0.459409708],"join_only_s":[1.7209e-5, 5.208e-6, 5.084e-6],"fresh_s":[0.001445584, 0.001445291, 0.001470041],"fresh_group_s":[0.000909209, 0.000902958, 0.000916208],"fresh_readout_s":[0.000473917, 0.000480125, 0.000491792],"fresh_compute_s":[0.001383584, 0.001383333, 0.001408166],"fresh_count_s":[6.1875e-5, 6.1916e-5, 6.1834e-5],"warm_s":[0.000529417, 0.000514875, 0.000513542],"warm_group_s":[9.916e-6, 8.333e-6, 8.917e-6],"warm_readout_s":[0.000458334, 0.000445, 0.000443333],"warm_compute_s":[0.000468709, 0.000453416, 0.000452334],"warm_count_s":[6.0667e-5, 6.1375e-5, 6.1167e-5],"input_nodes":476,"final_nodes":636,"input_bytes_est":31361064,"final_bytes_est":41861528,"input_storage":null,"final_storage":null,"outer_memo_bytes":8960,"colt_bytes":14992,"checksum":12912164,"verified":true}
ok

test result: ok. 1 passed; 0 failed; 0 ignored; 0 measured; 1378 filtered out; finished in 1.53s


        1.53 real         1.49 user         0.03 sys
           276267008  maximum resident set size
                   0  average shared memory size
                   0  average unshared data size
                   0  average unshared stack size
               17078  page reclaims
                   0  page faults
                   0  swaps
                   0  block input operations
                   0  block output operations
                   0  messages sent
                   0  messages received
                   0  signals received
                   1  voluntary context switches
                  50  involuntary context switches
         13789815461  instructions retired
          5170701953  cycles elapsed
           273629760  peak memory footprint
