
running 1 test
test event_repr_lab::experiment ... EVENT_LAB {"kind":"symbolic_relation_free_join","candidate":"packed64","bits":18,"states":64,"identity_mode":"native","input_s":[1.2375e-5, 8.417e-6, 8.292e-6, 9.25e-6, 8.875e-6, 7.083e-6, 6e-6],"program_setup_s":[1.1791e-5, 8.208e-6, 6.625e-6, 1.7333e-5, 7.791e-6, 5.667e-6, 5.125e-6],"query_s":[0.000179333, 8.0834e-5, 9.3292e-5, 9.8416e-5, 7.45e-5, 6.8208e-5, 6.5834e-5],"owned_compute_s":[0.00019325, 8.9708e-5, 0.000100959, 0.000116916, 8.2958e-5, 7.4333e-5, 7.1416e-5],"iterations":[7, 7, 7, 7, 7, 7, 7],"output_counts":[133120, 133120, 262144, 262144, 4096],"output_packet_bytes":751,"final_arena_bytes_est":68512,"new_classes":3,"verified":true}
EVENT_LAB {"kind":"symbolic_relation_free_join","candidate":"packed64","bits":36,"states":4096,"identity_mode":"native","input_s":[1.3958e-5, 1.3667e-5, 1.3041e-5, 1.2708e-5, 1.2667e-5, 1.2875e-5, 1.2166e-5],"program_setup_s":[1.1959e-5, 1.1375e-5, 9.458e-6, 9.333e-6, 9.083e-6, 9.417e-6, 8.875e-6],"query_s":[0.000326958, 0.000280125, 0.000277917, 0.000271125, 0.000283167, 0.000280042, 0.000269833],"owned_compute_s":[0.000339666, 0.000292208, 0.000288042, 0.000280958, 0.000292875, 0.000290041, 0.00027925],"iterations":[13, 13, 13, 13, 13, 13, 13],"output_counts":[34368126976, 34368126976, 68719476736, 68719476736, 16777216],"output_packet_bytes":1555,"final_arena_bytes_est":268264,"new_classes":3,"verified":true}
EVENT_LAB {"kind":"symbolic_relation_free_join","candidate":"packed64","bits":60,"states":1048576,"identity_mode":"native","input_s":[2.2708e-5, 2.4875e-5, 2.275e-5, 2.1667e-5, 2.225e-5, 2.1875e-5, 2.2167e-5],"program_setup_s":[2.0542e-5, 1.9125e-5, 1.8292e-5, 2.0167e-5, 1.7542e-5, 1.7e-5, 1.7792e-5],"query_s":[0.000828917, 0.000761875, 0.000743041, 0.000732125, 0.000733167, 0.000727792, 0.000730875],"owned_compute_s":[0.000850167, 0.000781667, 0.000762, 0.000753209, 0.00075125, 0.000745375, 0.000749208],"iterations":[21, 21, 21, 21, 21, 21, 21],"output_counts":[576461302059237376, 576461302059237376, 1152921504606846976, 1152921504606846976, 1099511627776],"output_packet_bytes":2627,"final_arena_bytes_est":534600,"new_classes":3,"verified":true}
ok

test result: ok. 1 passed; 0 failed; 0 ignored; 0 measured; 1360 filtered out; finished in 0.01s


        0.01 real         0.01 user         0.00 sys
             6864896  maximum resident set size
                   0  average shared memory size
                   0  average unshared data size
                   0  average unshared stack size
                 631  page reclaims
                   0  page faults
                   0  swaps
                   0  block input operations
                   0  block output operations
                   0  messages sent
                   0  messages received
                   0  signals received
                   0  voluntary context switches
                   9  involuntary context switches
           140724887  instructions retired
            41054616  cycles elapsed
             4292992  peak memory footprint
