diff --git a/crates/bumbledb/src/api/prepared/tests.rs b/crates/bumbledb/src/api/prepared/tests.rs
index a649fdb1..f3c7cd81 100644
--- a/crates/bumbledb/src/api/prepared/tests.rs
+++ b/crates/bumbledb/src/api/prepared/tests.rs
@@ -290,3 +290,6 @@ fn amounts_of(buffer: &Answers) -> Vec<i64> {
     amounts.sort_unstable();
     amounts
 }
+
+#[path = "/Users/bjorn/Documents/bumbledb/bench-out/autoresearch-20260908.pMXtzv/g2_saved.rs"]
+mod m1_saved;
diff --git a/crates/bumbledb/src/exec/colt.rs b/crates/bumbledb/src/exec/colt.rs
index 4b1b139c..68cb2dd9 100644
--- a/crates/bumbledb/src/exec/colt.rs
+++ b/crates/bumbledb/src/exec/colt.rs
@@ -426,3 +426,7 @@ pub fn hash_key_core<const K: usize>(words: &[u64]) -> u64 {
 
 #[cfg(test)]
 mod tests;
+
+#[cfg(test)]
+#[path = "/Users/bjorn/Documents/bumbledb/bench-out/autoresearch-20260908.pMXtzv/g2_saved_observer.rs"]
+pub(crate) mod m1_observer;
diff --git a/crates/bumbledb/src/exec/colt/force.rs b/crates/bumbledb/src/exec/colt/force.rs
index ddaa6545..9c67f588 100644
--- a/crates/bumbledb/src/exec/colt/force.rs
+++ b/crates/bumbledb/src/exec/colt/force.rs
@@ -158,6 +158,8 @@ impl Colt {
         other: &Colt,
         mut buffer: Vec<u32>,
     ) -> Result<View, WorkError> {
+        #[cfg(test)]
+        super::m1_observer::record_clone(other);
         debug_assert!(
             self.same_shape(other),
             "the occurrence dedup clones between identical trie shapes only"
@@ -248,7 +250,7 @@ impl Colt {
         position: u32,
     ) -> Result<(), WorkError> {
         if (usize::try_from(m.len).expect("64-bit usize") + 1) * 5 > m.nbuckets * 16 {
-            self.grow_map(m)?;
+            self.grow_construction_map(m)?;
         }
         let (found, idx) = self.probe_hashed(m, key, hash);
         if found {
diff --git a/crates/bumbledb/src/exec/colt/grow.rs b/crates/bumbledb/src/exec/colt/grow.rs
index 3d322ba4..f85f2050 100644
--- a/crates/bumbledb/src/exec/colt/grow.rs
+++ b/crates/bumbledb/src/exec/colt/grow.rs
@@ -1,7 +1,69 @@
 use super::{Colt, Map, ctrl_tag, hash_words, reserve_pool, zero_byte_mask};
 use crate::work::WorkError;
 
+// Copy leftward in bounded pieces so cancellation also interrupts relocation.
+// A refusal leaves this unpublished tail disposable, not readable as a map.
+pub(super) fn compact_tail<T: Copy>(
+    pool: &mut Vec<T>,
+    start: usize,
+    from: usize,
+    checkpoint: &mut impl FnMut() -> Result<(), WorkError>,
+) -> Result<(), WorkError> {
+    assert!(start <= from, "construction compacts leftward");
+    let count = pool.len() - from;
+    let chunk = (64 * 1024 / std::mem::size_of::<T>().max(1)).max(1);
+    for offset in (0..count).step_by(chunk) {
+        checkpoint()?;
+        let end = offset + chunk.min(count - offset);
+        pool.copy_within(from + offset..from + end, start + offset);
+    }
+    checkpoint()?;
+    pool.truncate(start + count);
+    Ok(())
+}
+
 impl Colt {
+    /// Only the local, unpublished map in `force_fill` owns these arena tails.
+    /// Reclaim after each growth, before another reservation can count dead
+    /// tables. On any refusal `force_unforced` rolls back the whole construction;
+    /// older published maps lie strictly before these starts and never move.
+    pub(super) fn grow_construction_map(&mut self, m: &mut Map) -> Result<(), WorkError> {
+        let old = *m;
+        assert_eq!(
+            self.ctrl.len(),
+            old.ctrl_start + old.nbuckets * 8,
+            "construction owns control tail"
+        );
+        assert_eq!(
+            self.buckets.len(),
+            old.bucket_start + old.nbuckets * old.stride(),
+            "construction owns bucket tail"
+        );
+        assert_eq!(
+            self.dense.len(),
+            old.dense_start + old.len as usize,
+            "construction owns dense tail"
+        );
+        self.grow_map(m)?;
+        let mut poll = || {
+            self.work
+                .as_ref()
+                .map_or(Ok(()), crate::work::WorkContext::checkpoint)
+        };
+        compact_tail(&mut self.ctrl, old.ctrl_start, m.ctrl_start, &mut poll)?;
+        compact_tail(
+            &mut self.buckets,
+            old.bucket_start,
+            m.bucket_start,
+            &mut poll,
+        )?;
+        compact_tail(&mut self.dense, old.dense_start, m.dense_start, &mut poll)?;
+        m.ctrl_start = old.ctrl_start;
+        m.bucket_start = old.bucket_start;
+        m.dense_start = old.dense_start;
+        Ok(())
+    }
+
     pub(super) fn grow_map(&mut self, m: &mut Map) -> Result<(), WorkError> {
         let arity = m.arity;
         let stride = m.stride();
diff --git a/crates/bumbledb/src/exec/colt/tests.rs b/crates/bumbledb/src/exec/colt/tests.rs
index 36563a62..afa0b233 100644
--- a/crates/bumbledb/src/exec/colt/tests.rs
+++ b/crates/bumbledb/src/exec/colt/tests.rs
@@ -85,10 +85,12 @@ fn drain(colt: &mut Colt, cursor: Cursor, level: usize) -> Vec<(Vec<u64>, Cursor
 }
 
 mod admit;
+mod construction_tails;
 mod dense;
 mod model;
 mod overflow;
 mod pins;
 mod selection;
 mod sizing;
+pub(super) mod staged_growth;
 mod synthetic;
diff --git a/crates/bumbledb/src/exec/colt/tests/admit.rs b/crates/bumbledb/src/exec/colt/tests/admit.rs
index 57e9629d..7f3df500 100644
--- a/crates/bumbledb/src/exec/colt/tests/admit.rs
+++ b/crates/bumbledb/src/exec/colt/tests/admit.rs
@@ -99,13 +99,13 @@ fn cancelled_duplicate_chunk_preserves_the_original_singleton() {
 }
 
 #[test]
-fn cancelled_resize_preserves_the_readable_map_and_can_retry() {
+fn cancelled_child_construction_preserves_the_readable_root_and_can_retry() {
     let schema = schema();
-    let rows: Vec<_> = (0..25).map(|i| (i, i)).collect();
+    let rows: Vec<_> = (0..513).map(|i| (0, i)).collect();
     let view = view_of(&schema, &rows);
     let mut colt = join_colt(&view);
     colt.force_root().unwrap();
-    let mut map = colt.maps[0];
+    let map = colt.maps[0];
     let layout = (
         map.nbuckets,
         map.ctrl_start,
@@ -115,32 +115,30 @@ fn cancelled_resize_preserves_the_readable_map_and_can_retry() {
     let before = lengths(&colt);
     let stopped = WorkContext::new();
     stopped.cancel();
+    let child = colt.get(Colt::root(), 0, &[0]).unwrap();
     colt.bind(Some(&stopped));
-    assert_eq!(colt.grow_map(&mut map), Err(WorkError::Cancelled));
+    assert_eq!(colt.ensure_forced(child, 1), Err(WorkError::Cancelled));
     assert_eq!(
         (
-            map.nbuckets,
-            map.ctrl_start,
-            map.bucket_start,
-            map.dense_start
+            colt.maps[0].nbuckets,
+            colt.maps[0].ctrl_start,
+            colt.maps[0].bucket_start,
+            colt.maps[0].dense_start
         ),
         layout
     );
     assert_eq!(lengths(&colt), before);
-    for i in 0..25 {
-        assert!(colt.get(Colt::root(), 0, &[i]).is_some());
-    }
+    assert_eq!(colt.get(Colt::root(), 0, &[0]), Some(child));
 
     colt.bind(Some(&WorkContext::new()));
-    colt.grow_map(&mut map).unwrap();
-    colt.maps[0] = map;
-    assert_eq!(map.nbuckets, layout.0 * 2);
+    colt.ensure_forced(child, 1).unwrap();
+    assert!(colt.maps[1].nbuckets > super::super::force::force_nbuckets(513));
     assert_eq!(
-        drain(&mut colt, Colt::root(), 0)
+        drain(&mut colt, child, 1)
             .iter()
             .map(|(key, _)| key[0])
             .collect::<Vec<_>>(),
-        (0..25).collect::<Vec<_>>()
+        (0..513).collect::<Vec<_>>()
     );
 }
 
