
running 1 test
test event_repr_lab::experiment ... EVENT_LAB {"kind":"legal_relation_free_join","candidate":"dense-dispatched","domain":"fibred","product_mode":"materialized","support_gates":"materialized","bits":13,"width":4,"environments":2,"worlds":8192,"admissible_worlds":3197,"rows":128,"groups":16,"outputs":80,"memo":false,"build_s":[0.001306875],"support_s":[5.2e-5],"import_s":[7.875e-6],"admission_s":[0.00124575],"join_only_s":[3.2875e-5],"fresh_s":[0.000286459],"warm_s":[0.000235708],"input_bytes_est":143736,"final_bytes_est":317000,"input_nodes":129,"final_nodes":287,"input_storage":null,"final_storage":null,"checksum":5522780,"verified":true}
EVENT_LAB {"kind":"legal_relation_free_join","candidate":"dense-dispatched","domain":"fibred","product_mode":"materialized","support_gates":"materialized","bits":13,"width":4,"environments":2,"worlds":8192,"admissible_worlds":3197,"rows":128,"groups":16,"outputs":80,"memo":true,"build_s":[0.001306875],"support_s":[5.2e-5],"import_s":[7.875e-6],"admission_s":[0.00124575],"join_only_s":[3.2875e-5],"fresh_s":[0.00013175],"warm_s":[1.4667e-5],"input_bytes_est":143736,"final_bytes_est":329992,"input_nodes":129,"final_nodes":287,"input_storage":null,"final_storage":null,"checksum":5522780,"verified":true}
EVENT_LAB {"kind":"legal_relation_free_join","candidate":"dense-dispatched","domain":"fibred","product_mode":"materialized","support_gates":"materialized","bits":19,"width":6,"environments":2,"worlds":524288,"admissible_worlds":301069,"rows":128,"groups":16,"outputs":80,"memo":false,"build_s":[0.467943584],"support_s":[0.0026305],"import_s":[0.000278792],"admission_s":[0.465033459],"join_only_s":[1.8834e-5],"fresh_s":[0.0152165],"warm_s":[0.014439709],"input_bytes_est":31427680,"final_bytes_est":45001768,"input_nodes":477,"final_nodes":684,"input_storage":null,"final_storage":null,"checksum":243821880,"verified":true}
EVENT_LAB {"kind":"legal_relation_free_join","candidate":"dense-dispatched","domain":"fibred","product_mode":"materialized","support_gates":"materialized","bits":19,"width":6,"environments":2,"worlds":524288,"admissible_worlds":301069,"rows":128,"groups":16,"outputs":80,"memo":true,"build_s":[0.467943584],"support_s":[0.0026305],"import_s":[0.000278792],"admission_s":[0.465033459],"join_only_s":[1.8834e-5],"fresh_s":[0.006445083],"warm_s":[0.000109833],"input_bytes_est":31427680,"final_bytes_est":45018792,"input_nodes":477,"final_nodes":684,"input_storage":null,"final_storage":null,"checksum":243821880,"verified":true}
ok

test result: ok. 1 passed; 0 failed; 0 ignored; 0 measured; 1378 filtered out; finished in 0.78s


        0.78 real         0.76 user         0.02 sys
           126025728  maximum resident set size
                   0  average shared memory size
                   0  average unshared data size
                   0  average unshared stack size
                7906  page reclaims
                   0  page faults
                   0  swaps
                   0  block input operations
                   0  block output operations
                   0  messages sent
                   0  messages received
                   0  signals received
                   0  voluntary context switches
                 110  involuntary context switches
          9893159736  instructions retired
          2634862322  cycles elapsed
           123240928  peak memory footprint
