
running 1 test
test event_repr_lab::experiment ... EVENT_LAB {"kind":"legal_relation_free_join","candidate":"dense-dispatched","domain":"holes","product_mode":"materialized","support_gates":"materialized","bits":12,"width":4,"environments":1,"worlds":4096,"admissible_worlds":1000,"rows":128,"groups":16,"outputs":80,"memo":false,"build_s":[0.000588791],"support_s":[3.4833e-5],"import_s":[5e-6],"admission_s":[0.000547667],"join_only_s":[3.1167e-5],"fresh_s":[0.000182167],"warm_s":[0.000144292],"input_bytes_est":57192,"final_bytes_est":148660,"input_nodes":98,"final_nodes":250,"input_storage":null,"final_storage":null,"checksum":1730760,"verified":true}
EVENT_LAB {"kind":"legal_relation_free_join","candidate":"dense-dispatched","domain":"holes","product_mode":"materialized","support_gates":"materialized","bits":12,"width":4,"environments":1,"worlds":4096,"admissible_worlds":1000,"rows":128,"groups":16,"outputs":80,"memo":true,"build_s":[0.000588791],"support_s":[3.4833e-5],"import_s":[5e-6],"admission_s":[0.000547667],"join_only_s":[3.1167e-5],"fresh_s":[9.0667e-5],"warm_s":[1.3875e-5],"input_bytes_est":57192,"final_bytes_est":163892,"input_nodes":98,"final_nodes":250,"input_storage":null,"final_storage":null,"checksum":1730760,"verified":true}
EVENT_LAB {"kind":"legal_relation_free_join","candidate":"dense-dispatched","domain":"holes","product_mode":"materialized","support_gates":"materialized","bits":18,"width":6,"environments":1,"worlds":262144,"admissible_worlds":74088,"rows":128,"groups":16,"outputs":80,"memo":false,"build_s":[0.228260125],"support_s":[0.001979625],"import_s":[0.000155167],"admission_s":[0.226124417],"join_only_s":[1.8792e-5],"fresh_s":[0.007272875],"warm_s":[0.006818416],"input_bytes_est":13031740,"final_bytes_est":18947388,"input_nodes":395,"final_nodes":575,"input_storage":null,"final_storage":null,"checksum":60726120,"verified":true}
EVENT_LAB {"kind":"legal_relation_free_join","candidate":"dense-dispatched","domain":"holes","product_mode":"materialized","support_gates":"materialized","bits":18,"width":6,"environments":1,"worlds":262144,"admissible_worlds":74088,"rows":128,"groups":16,"outputs":80,"memo":true,"build_s":[0.228260125],"support_s":[0.001979625],"import_s":[0.000155167],"admission_s":[0.226124417],"join_only_s":[1.8792e-5],"fresh_s":[0.003117584],"warm_s":[6.2e-5],"input_bytes_est":13031740,"final_bytes_est":18964412,"input_nodes":395,"final_nodes":575,"input_storage":null,"final_storage":null,"checksum":60726120,"verified":true}
ok

test result: ok. 1 passed; 0 failed; 0 ignored; 0 measured; 1378 filtered out; finished in 0.44s


        0.44 real         0.43 user         0.01 sys
            54968320  maximum resident set size
                   0  average shared memory size
                   0  average unshared data size
                   0  average unshared stack size
                3569  page reclaims
                   0  page faults
                   0  swaps
                   0  block input operations
                   0  block output operations
                   0  messages sent
                   0  messages received
                   0  signals received
                   0  voluntary context switches
                  87  involuntary context switches
          5950312581  instructions retired
          1493860167  cycles elapsed
            52134296  peak memory footprint
