
running 1 test
test event_repr_lab::experiment ... EVENT_LAB {"kind":"legal_relation_free_join","candidate":"dense-dispatched","domain":"below","product_mode":"materialized","support_gates":"materialized","bits":12,"width":4,"environments":1,"worlds":4096,"admissible_worlds":2197,"rows":128,"groups":16,"outputs":80,"memo":false,"build_s":[9.7417e-5],"support_s":[1.775e-5],"import_s":[5.333e-6],"admission_s":[7.3e-5],"join_only_s":[2.9291e-5],"fresh_s":[0.000182583],"warm_s":[0.000149417],"input_bytes_est":26608,"final_bytes_est":101068,"input_nodes":44,"final_nodes":173,"input_storage":null,"final_storage":null,"checksum":3773900,"verified":true}
EVENT_LAB {"kind":"legal_relation_free_join","candidate":"dense-dispatched","domain":"below","product_mode":"materialized","support_gates":"materialized","bits":12,"width":4,"environments":1,"worlds":4096,"admissible_worlds":2197,"rows":128,"groups":16,"outputs":80,"memo":true,"build_s":[9.7417e-5],"support_s":[1.775e-5],"import_s":[5.333e-6],"admission_s":[7.3e-5],"join_only_s":[2.9291e-5],"fresh_s":[8.6042e-5],"warm_s":[1.4e-5],"input_bytes_est":26608,"final_bytes_est":114060,"input_nodes":44,"final_nodes":173,"input_storage":null,"final_storage":null,"checksum":3773900,"verified":true}
EVENT_LAB {"kind":"legal_relation_free_join","candidate":"dense-dispatched","domain":"below","product_mode":"materialized","support_gates":"materialized","bits":18,"width":6,"environments":1,"worlds":262144,"admissible_worlds":226981,"rows":128,"groups":16,"outputs":80,"memo":false,"build_s":[0.006462792],"support_s":[0.000572875],"import_s":[0.000165],"admission_s":[0.005724417],"join_only_s":[1.8209e-5],"fresh_s":[0.0074725],"warm_s":[0.007005],"input_bytes_est":1904152,"final_bytes_est":7418668,"input_nodes":56,"final_nodes":224,"input_storage":null,"final_storage":null,"checksum":181462800,"verified":true}
EVENT_LAB {"kind":"legal_relation_free_join","candidate":"dense-dispatched","domain":"below","product_mode":"materialized","support_gates":"materialized","bits":18,"width":6,"environments":1,"worlds":262144,"admissible_worlds":226981,"rows":128,"groups":16,"outputs":80,"memo":true,"build_s":[0.006462792],"support_s":[0.000572875],"import_s":[0.000165],"admission_s":[0.005724417],"join_only_s":[1.8209e-5],"fresh_s":[0.002839125],"warm_s":[6.6208e-5],"input_bytes_est":1904152,"final_bytes_est":7431660,"input_nodes":56,"final_nodes":224,"input_storage":null,"final_storage":null,"checksum":181462800,"verified":true}
ok

test result: ok. 1 passed; 0 failed; 0 ignored; 0 measured; 1378 filtered out; finished in 0.10s


        0.10 real         0.10 user         0.00 sys
            21069824  maximum resident set size
                   0  average shared memory size
                   0  average unshared data size
                   0  average unshared stack size
                1500  page reclaims
                   0  page faults
                   0  swaps
                   0  block input operations
                   0  block output operations
                   0  messages sent
                   0  messages received
                   0  signals received
                   0  voluntary context switches
                  20  involuntary context switches
          1957289674  instructions retired
           350582053  cycles elapsed
            18252160  peak memory footprint
