
running 1 test
test event_repr_lab::experiment ... EVENT_LAB {"kind":"legal_relation_free_join","candidate":"essential512","domain":"below","product_mode":"views-inputs","support_gates":"certified","bits":12,"width":4,"environments":1,"worlds":4096,"admissible_worlds":2197,"rows":128,"groups":16,"outputs":80,"memo":false,"build_s":[0.00050825],"support_s":[5.35e-5],"import_s":[0.000241625],"admission_s":[0.000212708],"join_only_s":[3.2625e-5],"fresh_s":[0.001837],"warm_s":[0.00074625],"input_bytes_est":58888,"final_bytes_est":204188,"input_nodes":524,"final_nodes":1521,"input_storage":{"layout":"slab","record_bytes":8384,"table_bytes":9392,"interner_bytes":17328,"metadata_bytes":4288,"cache_bytes":19040,"records":524,"tables":333,"logical_words":1174,"total_bytes_est":58432},"final_storage":{"layout":"slab","record_bytes":33536,"table_bytes":37568,"interner_bytes":38848,"metadata_bytes":16864,"cache_bytes":76160,"records":1521,"tables":841,"logical_words":3185,"total_bytes_est":202976},"checksum":3773900,"verified":true}
EVENT_LAB {"kind":"legal_relation_free_join","candidate":"essential512","domain":"below","product_mode":"views-inputs","support_gates":"certified","bits":12,"width":4,"environments":1,"worlds":4096,"admissible_worlds":2197,"rows":128,"groups":16,"outputs":80,"memo":true,"build_s":[0.00050825],"support_s":[5.35e-5],"import_s":[0.000241625],"admission_s":[0.000212708],"join_only_s":[3.2625e-5],"fresh_s":[0.001426208],"warm_s":[1.9583e-5],"input_bytes_est":58888,"final_bytes_est":216760,"input_nodes":524,"final_nodes":1521,"input_storage":{"layout":"slab","record_bytes":8384,"table_bytes":9392,"interner_bytes":17328,"metadata_bytes":4288,"cache_bytes":19040,"records":524,"tables":333,"logical_words":1174,"total_bytes_est":58432},"final_storage":{"layout":"slab","record_bytes":33536,"table_bytes":37568,"interner_bytes":38848,"metadata_bytes":16864,"cache_bytes":76160,"records":1521,"tables":841,"logical_words":3185,"total_bytes_est":202976},"checksum":3773900,"verified":true}
EVENT_LAB {"kind":"legal_relation_free_join","candidate":"essential512","domain":"below","product_mode":"views-inputs","support_gates":"certified","bits":18,"width":6,"environments":1,"worlds":262144,"admissible_worlds":226981,"rows":128,"groups":16,"outputs":80,"memo":false,"build_s":[0.002626916],"support_s":[5.9333e-5],"import_s":[0.001803334],"admission_s":[0.000763833],"join_only_s":[1.6417e-5],"fresh_s":[0.009537458],"warm_s":[0.003941125],"input_bytes_est":294184,"final_bytes_est":1175044,"input_nodes":3290,"final_nodes":10032,"input_storage":{"layout":"slab","record_bytes":52640,"table_bytes":48928,"interner_bytes":74088,"metadata_bytes":26464,"cache_bytes":91392,"records":3290,"tables":1477,"logical_words":6116,"total_bytes_est":293512},"final_storage":{"layout":"slab","record_bytes":210560,"table_bytes":195712,"interner_bytes":296352,"metadata_bytes":105424,"cache_bytes":365568,"records":10032,"tables":3940,"logical_words":16413,"total_bytes_est":1173616},"checksum":181462800,"verified":true}
EVENT_LAB {"kind":"legal_relation_free_join","candidate":"essential512","domain":"below","product_mode":"views-inputs","support_gates":"certified","bits":18,"width":6,"environments":1,"worlds":262144,"admissible_worlds":226981,"rows":128,"groups":16,"outputs":80,"memo":true,"build_s":[0.002626916],"support_s":[5.9333e-5],"import_s":[0.001803334],"admission_s":[0.000763833],"join_only_s":[1.6417e-5],"fresh_s":[0.007663667],"warm_s":[3.575e-5],"input_bytes_est":294184,"final_bytes_est":1189212,"input_nodes":3290,"final_nodes":10032,"input_storage":{"layout":"slab","record_bytes":52640,"table_bytes":48928,"interner_bytes":74088,"metadata_bytes":26464,"cache_bytes":91392,"records":3290,"tables":1477,"logical_words":6116,"total_bytes_est":293512},"final_storage":{"layout":"slab","record_bytes":210560,"table_bytes":195712,"interner_bytes":296352,"metadata_bytes":105424,"cache_bytes":365568,"records":10032,"tables":3940,"logical_words":16413,"total_bytes_est":1173616},"checksum":181462800,"verified":true}
ok

test result: ok. 1 passed; 0 failed; 0 ignored; 0 measured; 1378 filtered out; finished in 4.30s


        4.30 real         4.21 user         0.08 sys
            12697600  maximum resident set size
                   0  average shared memory size
                   0  average unshared data size
                   0  average unshared stack size
                 990  page reclaims
                   0  page faults
                   0  swaps
                   0  block input operations
                   0  block output operations
                   0  messages sent
                   0  messages received
                   0  signals received
                   0  voluntary context switches
                 517  involuntary context switches
         59023983766  instructions retired
         14470439932  cycles elapsed
             9601408  peak memory footprint
