
running 1 test
test event_repr_lab::experiment ... EVENT_LAB {"kind":"legal_relation_free_join","candidate":"essential64","domain":"below","product_mode":"views-inputs","support_gates":"certified","bits":12,"width":4,"environments":1,"worlds":4096,"admissible_worlds":2197,"rows":128,"groups":16,"outputs":80,"memo":false,"build_s":[0.000704208],"support_s":[5.4292e-5],"import_s":[0.000365209],"admission_s":[0.000284333],"join_only_s":[3.3666e-5],"fresh_s":[0.003017292],"warm_s":[0.0015235],"input_bytes_est":161664,"final_bytes_est":488316,"input_nodes":1057,"final_nodes":3168,"input_storage":{"layout":"enum","record_bytes":33824,"table_bytes":7280,"interner_bytes":73472,"metadata_bytes":8552,"cache_bytes":38080,"records":1057,"tables":455,"logical_words":455,"total_bytes_est":161208},"final_storage":{"layout":"enum","record_bytes":135296,"table_bytes":18624,"interner_bytes":146944,"metadata_bytes":33920,"cache_bytes":152320,"records":3168,"tables":1164,"logical_words":1164,"total_bytes_est":487104},"checksum":3773900,"verified":true}
EVENT_LAB {"kind":"legal_relation_free_join","candidate":"essential64","domain":"below","product_mode":"views-inputs","support_gates":"certified","bits":12,"width":4,"environments":1,"worlds":4096,"admissible_worlds":2197,"rows":128,"groups":16,"outputs":80,"memo":true,"build_s":[0.000704208],"support_s":[5.4292e-5],"import_s":[0.000365209],"admission_s":[0.000284333],"join_only_s":[3.3666e-5],"fresh_s":[0.002101833],"warm_s":[1.9458e-5],"input_bytes_est":161664,"final_bytes_est":500888,"input_nodes":1057,"final_nodes":3168,"input_storage":{"layout":"enum","record_bytes":33824,"table_bytes":7280,"interner_bytes":73472,"metadata_bytes":8552,"cache_bytes":38080,"records":1057,"tables":455,"logical_words":455,"total_bytes_est":161208},"final_storage":{"layout":"enum","record_bytes":135296,"table_bytes":18624,"interner_bytes":146944,"metadata_bytes":33920,"cache_bytes":152320,"records":3168,"tables":1164,"logical_words":1164,"total_bytes_est":487104},"checksum":3773900,"verified":true}
EVENT_LAB {"kind":"legal_relation_free_join","candidate":"essential64","domain":"below","product_mode":"views-inputs","support_gates":"certified","bits":18,"width":6,"environments":1,"worlds":262144,"admissible_worlds":226981,"rows":128,"groups":16,"outputs":80,"memo":false,"build_s":[0.002510292],"support_s":[4.9833e-5],"import_s":[0.001773416],"admission_s":[0.000686791],"join_only_s":[1.7292e-5],"fresh_s":[0.011641208],"warm_s":[0.006225167],"input_bytes_est":641104,"final_bytes_est":2556180,"input_nodes":4440,"final_nodes":15263,"input_storage":{"layout":"enum","record_bytes":142080,"table_bytes":16480,"interner_bytes":293888,"metadata_bytes":35664,"cache_bytes":152320,"records":4440,"tables":1030,"logical_words":1030,"total_bytes_est":640432},"final_storage":{"layout":"enum","record_bytes":568320,"table_bytes":59376,"interner_bytes":1175552,"metadata_bytes":142224,"cache_bytes":609280,"records":15263,"tables":3711,"logical_words":3711,"total_bytes_est":2554752},"checksum":181462800,"verified":true}
EVENT_LAB {"kind":"legal_relation_free_join","candidate":"essential64","domain":"below","product_mode":"views-inputs","support_gates":"certified","bits":18,"width":6,"environments":1,"worlds":262144,"admissible_worlds":226981,"rows":128,"groups":16,"outputs":80,"memo":true,"build_s":[0.002510292],"support_s":[4.9833e-5],"import_s":[0.001773416],"admission_s":[0.000686791],"join_only_s":[1.7292e-5],"fresh_s":[0.009000041],"warm_s":[2.5291e-5],"input_bytes_est":641104,"final_bytes_est":2570348,"input_nodes":4440,"final_nodes":15263,"input_storage":{"layout":"enum","record_bytes":142080,"table_bytes":16480,"interner_bytes":293888,"metadata_bytes":35664,"cache_bytes":152320,"records":4440,"tables":1030,"logical_words":1030,"total_bytes_est":640432},"final_storage":{"layout":"enum","record_bytes":568320,"table_bytes":59376,"interner_bytes":1175552,"metadata_bytes":142224,"cache_bytes":609280,"records":15263,"tables":3711,"logical_words":3711,"total_bytes_est":2554752},"checksum":181462800,"verified":true}
ok

test result: ok. 1 passed; 0 failed; 0 ignored; 0 measured; 1378 filtered out; finished in 3.91s


        3.91 real         3.83 user         0.07 sys
            21708800  maximum resident set size
                   0  average shared memory size
                   0  average unshared data size
                   0  average unshared stack size
                1541  page reclaims
                   0  page faults
                   0  swaps
                   0  block input operations
                   0  block output operations
                   0  messages sent
                   0  messages received
                   0  signals received
                   0  voluntary context switches
                 483  involuntary context switches
         60729069104  instructions retired
         13151462296  cycles elapsed
            18694552  peak memory footprint
