
running 1 test
test event_repr_lab::experiment ... EVENT_LAB {"kind":"legal_relation_free_join","candidate":"essential512","domain":"below","product_mode":"views-inputs","support_gates":"certified","bits":12,"width":4,"environments":1,"worlds":4096,"admissible_worlds":2197,"rows":128,"groups":16,"outputs":80,"memo":false,"build_s":[0.000479917],"support_s":[5.1292e-5],"import_s":[0.000230834],"admission_s":[0.000197375],"join_only_s":[2.9125e-5],"fresh_s":[0.001756708],"warm_s":[0.000746792],"input_bytes_est":96072,"final_bytes_est":285740,"input_nodes":524,"final_nodes":1521,"input_storage":{"layout":"enum","record_bytes":16768,"table_bytes":18784,"interner_bytes":36736,"metadata_bytes":4288,"cache_bytes":19040,"records":524,"tables":333,"logical_words":1174,"total_bytes_est":95616},"final_storage":{"layout":"enum","record_bytes":67072,"table_bytes":50960,"interner_bytes":73472,"metadata_bytes":16864,"cache_bytes":76160,"records":1521,"tables":841,"logical_words":3185,"total_bytes_est":284528},"checksum":3773900,"verified":true}
EVENT_LAB {"kind":"legal_relation_free_join","candidate":"essential512","domain":"below","product_mode":"views-inputs","support_gates":"certified","bits":12,"width":4,"environments":1,"worlds":4096,"admissible_worlds":2197,"rows":128,"groups":16,"outputs":80,"memo":true,"build_s":[0.000479917],"support_s":[5.1292e-5],"import_s":[0.000230834],"admission_s":[0.000197375],"join_only_s":[2.9125e-5],"fresh_s":[0.001595791],"warm_s":[2.3583e-5],"input_bytes_est":96072,"final_bytes_est":298312,"input_nodes":524,"final_nodes":1521,"input_storage":{"layout":"enum","record_bytes":16768,"table_bytes":18784,"interner_bytes":36736,"metadata_bytes":4288,"cache_bytes":19040,"records":524,"tables":333,"logical_words":1174,"total_bytes_est":95616},"final_storage":{"layout":"enum","record_bytes":67072,"table_bytes":50960,"interner_bytes":73472,"metadata_bytes":16864,"cache_bytes":76160,"records":1521,"tables":841,"logical_words":3185,"total_bytes_est":284528},"checksum":3773900,"verified":true}
EVENT_LAB {"kind":"legal_relation_free_join","candidate":"essential512","domain":"below","product_mode":"views-inputs","support_gates":"certified","bits":18,"width":6,"environments":1,"worlds":262144,"admissible_worlds":226981,"rows":128,"groups":16,"outputs":80,"memo":false,"build_s":[0.00268575],"support_s":[6.0459e-5],"import_s":[0.001840833],"admission_s":[0.000783875],"join_only_s":[1.7208e-5],"fresh_s":[0.010027208],"warm_s":[0.004374],"input_bytes_est":468608,"final_bytes_est":1743924,"input_nodes":3290,"final_nodes":10032,"input_storage":{"layout":"enum","record_bytes":105280,"table_bytes":97856,"interner_bytes":146944,"metadata_bytes":26464,"cache_bytes":91392,"records":3290,"tables":1477,"logical_words":6116,"total_bytes_est":467936},"final_storage":{"layout":"enum","record_bytes":421120,"table_bytes":262608,"interner_bytes":587776,"metadata_bytes":105424,"cache_bytes":365568,"records":10032,"tables":3940,"logical_words":16413,"total_bytes_est":1742496},"checksum":181462800,"verified":true}
EVENT_LAB {"kind":"legal_relation_free_join","candidate":"essential512","domain":"below","product_mode":"views-inputs","support_gates":"certified","bits":18,"width":6,"environments":1,"worlds":262144,"admissible_worlds":226981,"rows":128,"groups":16,"outputs":80,"memo":true,"build_s":[0.00268575],"support_s":[6.0459e-5],"import_s":[0.001840833],"admission_s":[0.000783875],"join_only_s":[1.7208e-5],"fresh_s":[0.007908333],"warm_s":[2.9e-5],"input_bytes_est":468608,"final_bytes_est":1758092,"input_nodes":3290,"final_nodes":10032,"input_storage":{"layout":"enum","record_bytes":105280,"table_bytes":97856,"interner_bytes":146944,"metadata_bytes":26464,"cache_bytes":91392,"records":3290,"tables":1477,"logical_words":6116,"total_bytes_est":467936},"final_storage":{"layout":"enum","record_bytes":421120,"table_bytes":262608,"interner_bytes":587776,"metadata_bytes":105424,"cache_bytes":365568,"records":10032,"tables":3940,"logical_words":16413,"total_bytes_est":1742496},"checksum":181462800,"verified":true}
ok

test result: ok. 1 passed; 0 failed; 0 ignored; 0 measured; 1378 filtered out; finished in 3.74s


        3.74 real         3.67 user         0.06 sys
            14139392  maximum resident set size
                   0  average shared memory size
                   0  average unshared data size
                   0  average unshared stack size
                1078  page reclaims
                   0  page faults
                   0  swaps
                   0  block input operations
                   0  block output operations
                   0  messages sent
                   0  messages received
                   0  signals received
                   0  voluntary context switches
                 730  involuntary context switches
         56971308018  instructions retired
         12546821544  cycles elapsed
            11043200  peak memory footprint
