
running 1 test
test event_repr_lab::experiment ... EVENT_LAB {"kind":"legal_relation_free_join","candidate":"essential64","domain":"full","product_mode":"views-inputs","support_gates":"gated","bits":12,"width":4,"environments":1,"worlds":4096,"admissible_worlds":4096,"rows":128,"groups":16,"outputs":80,"memo":false,"build_s":[0.000111959],"support_s":[1.5417e-5],"import_s":[7.725e-5],"admission_s":[1.9042e-5],"join_only_s":[2.9917e-5],"fresh_s":[0.000898166],"warm_s":[0.000631875],"input_bytes_est":5697,"final_bytes_est":54172,"input_nodes":89,"final_nodes":663,"input_storage":{"layout":"slab","record_bytes":1424,"table_bytes":392,"interner_bytes":2260,"metadata_bytes":808,"cache_bytes":357,"records":89,"tables":49,"logical_words":49,"total_bytes_est":5241},"final_storage":{"layout":"slab","record_bytes":11392,"table_bytes":6272,"interner_bytes":18080,"metadata_bytes":5792,"cache_bytes":11424,"records":663,"tables":504,"logical_words":504,"total_bytes_est":52960},"checksum":7171072,"verified":true}
EVENT_LAB {"kind":"legal_relation_free_join","candidate":"essential64","domain":"full","product_mode":"views-inputs","support_gates":"gated","bits":12,"width":4,"environments":1,"worlds":4096,"admissible_worlds":4096,"rows":128,"groups":16,"outputs":80,"memo":true,"build_s":[0.000111959],"support_s":[1.5417e-5],"import_s":[7.725e-5],"admission_s":[1.9042e-5],"join_only_s":[2.9917e-5],"fresh_s":[0.000557083],"warm_s":[1.8083e-5],"input_bytes_est":5697,"final_bytes_est":66296,"input_nodes":89,"final_nodes":663,"input_storage":{"layout":"slab","record_bytes":1424,"table_bytes":392,"interner_bytes":2260,"metadata_bytes":808,"cache_bytes":357,"records":89,"tables":49,"logical_words":49,"total_bytes_est":5241},"final_storage":{"layout":"slab","record_bytes":11392,"table_bytes":6272,"interner_bytes":18080,"metadata_bytes":5792,"cache_bytes":11424,"records":663,"tables":504,"logical_words":504,"total_bytes_est":52960},"checksum":7171072,"verified":true}
EVENT_LAB {"kind":"legal_relation_free_join","candidate":"essential64","domain":"full","product_mode":"views-inputs","support_gates":"gated","bits":18,"width":6,"environments":1,"worlds":262144,"admissible_worlds":262144,"rows":128,"groups":16,"outputs":80,"memo":false,"build_s":[0.0009865],"support_s":[6.5e-6],"import_s":[0.000958458],"admission_s":[2.1208e-5],"join_only_s":[1.9083e-5],"fresh_s":[0.004074958],"warm_s":[0.003039],"input_bytes_est":33570,"final_bytes_est":299172,"input_nodes":552,"final_nodes":3294,"input_storage":{"layout":"slab","record_bytes":8832,"table_bytes":1352,"interner_bytes":17440,"metadata_bytes":4560,"cache_bytes":714,"records":552,"tables":169,"logical_words":169,"total_bytes_est":32898},"final_storage":{"layout":"slab","record_bytes":70656,"table_bytes":21632,"interner_bytes":78592,"metadata_bytes":35472,"cache_bytes":91392,"records":3294,"tables":1764,"logical_words":1764,"total_bytes_est":297744},"checksum":215255808,"verified":true}
EVENT_LAB {"kind":"legal_relation_free_join","candidate":"essential64","domain":"full","product_mode":"views-inputs","support_gates":"gated","bits":18,"width":6,"environments":1,"worlds":262144,"admissible_worlds":262144,"rows":128,"groups":16,"outputs":80,"memo":true,"build_s":[0.0009865],"support_s":[6.5e-6],"import_s":[0.000958458],"admission_s":[2.1208e-5],"join_only_s":[1.9083e-5],"fresh_s":[0.00259125],"warm_s":[2.5417e-5],"input_bytes_est":33570,"final_bytes_est":311744,"input_nodes":552,"final_nodes":3294,"input_storage":{"layout":"slab","record_bytes":8832,"table_bytes":1352,"interner_bytes":17440,"metadata_bytes":4560,"cache_bytes":714,"records":552,"tables":169,"logical_words":169,"total_bytes_est":32898},"final_storage":{"layout":"slab","record_bytes":70656,"table_bytes":21632,"interner_bytes":78592,"metadata_bytes":35472,"cache_bytes":91392,"records":3294,"tables":1764,"logical_words":1764,"total_bytes_est":297744},"checksum":215255808,"verified":true}
ok

test result: ok. 1 passed; 0 failed; 0 ignored; 0 measured; 1378 filtered out; finished in 1.12s


        1.12 real         1.10 user         0.02 sys
            10469376  maximum resident set size
                   0  average shared memory size
                   0  average unshared data size
                   0  average unshared stack size
                 853  page reclaims
                   0  page faults
                   0  swaps
                   0  block input operations
                   0  block output operations
                   0  messages sent
                   0  messages received
                   0  signals received
                   0  voluntary context switches
                 168  involuntary context switches
         20175977219  instructions retired
          3773194600  cycles elapsed
             7422312  peak memory footprint
