
running 1 test
test event_repr_lab::experiment ... EVENT_LAB {"kind":"legal_relation_free_join","candidate":"packed512","domain":"below","product_mode":"materialized","support_gates":"materialized","bits":12,"width":4,"environments":1,"worlds":4096,"admissible_worlds":2197,"rows":128,"groups":16,"outputs":80,"memo":false,"build_s":[0.00059275],"support_s":[2.3292e-5],"import_s":[0.000486041],"admission_s":[8.2959e-5],"join_only_s":[3e-5],"fresh_s":[0.001118875],"warm_s":[0.000893292],"input_bytes_est":94540,"final_bytes_est":330640,"input_nodes":642,"final_nodes":2427,"input_storage":null,"final_storage":null,"checksum":3773900,"verified":true}
EVENT_LAB {"kind":"legal_relation_free_join","candidate":"packed512","domain":"below","product_mode":"materialized","support_gates":"materialized","bits":12,"width":4,"environments":1,"worlds":4096,"admissible_worlds":2197,"rows":128,"groups":16,"outputs":80,"memo":true,"build_s":[0.00059275],"support_s":[2.3292e-5],"import_s":[0.000486041],"admission_s":[8.2959e-5],"join_only_s":[3e-5],"fresh_s":[0.000500875],"warm_s":[4.6958e-5],"input_bytes_est":94540,"final_bytes_est":343632,"input_nodes":642,"final_nodes":2427,"input_storage":null,"final_storage":null,"checksum":3773900,"verified":true}
EVENT_LAB {"kind":"legal_relation_free_join","candidate":"packed512","domain":"below","product_mode":"materialized","support_gates":"materialized","bits":18,"width":6,"environments":1,"worlds":262144,"admissible_worlds":226981,"rows":128,"groups":16,"outputs":80,"memo":false,"build_s":[0.028112542],"support_s":[3.2709e-5],"import_s":[0.027865666],"admission_s":[0.000213542],"join_only_s":[1.5375e-5],"fresh_s":[0.00328775],"warm_s":[0.002146917],"input_bytes_est":344572,"final_bytes_est":2465152,"input_nodes":3011,"final_nodes":17618,"input_storage":null,"final_storage":null,"checksum":181462800,"verified":true}
EVENT_LAB {"kind":"legal_relation_free_join","candidate":"packed512","domain":"below","product_mode":"materialized","support_gates":"materialized","bits":18,"width":6,"environments":1,"worlds":262144,"admissible_worlds":226981,"rows":128,"groups":16,"outputs":80,"memo":true,"build_s":[0.028112542],"support_s":[3.2709e-5],"import_s":[0.027865666],"admission_s":[0.000213542],"join_only_s":[1.5375e-5],"fresh_s":[0.002434875],"warm_s":[0.000209167],"input_bytes_est":344572,"final_bytes_est":2478144,"input_nodes":3011,"final_nodes":17618,"input_storage":null,"final_storage":null,"checksum":181462800,"verified":true}
ok

test result: ok. 1 passed; 0 failed; 0 ignored; 0 measured; 1378 filtered out; finished in 2.19s


        2.19 real         2.15 user         0.04 sys
            17711104  maximum resident set size
                   0  average shared memory size
                   0  average unshared data size
                   0  average unshared stack size
                1295  page reclaims
                   0  page faults
                   0  swaps
                   0  block input operations
                   0  block output operations
                   0  messages sent
                   0  messages received
                   0  signals received
                   0  voluntary context switches
                 256  involuntary context switches
         32517348489  instructions retired
          7393765803  cycles elapsed
            14762368  peak memory footprint
