
running 1 test
test event_repr_lab::experiment ... EVENT_LAB {"kind":"legal_relation_free_join","candidate":"essential64","domain":"full","product_mode":"views-inputs","support_gates":"certified","bits":12,"width":4,"environments":1,"worlds":4096,"admissible_worlds":4096,"rows":128,"groups":16,"outputs":80,"memo":false,"build_s":[0.000115083],"support_s":[1.5333e-5],"import_s":[7.85e-5],"admission_s":[2.0875e-5],"join_only_s":[3.1459e-5],"fresh_s":[0.000934791],"warm_s":[0.000601375],"input_bytes_est":9845,"final_bytes_est":86012,"input_nodes":89,"final_nodes":663,"input_storage":{"layout":"enum","record_bytes":2848,"table_bytes":784,"interner_bytes":4592,"metadata_bytes":808,"cache_bytes":357,"records":89,"tables":49,"logical_words":49,"total_bytes_est":9389},"final_storage":{"layout":"enum","record_bytes":22784,"table_bytes":8064,"interner_bytes":36736,"metadata_bytes":5792,"cache_bytes":11424,"records":663,"tables":504,"logical_words":504,"total_bytes_est":84800},"checksum":7171072,"verified":true}
EVENT_LAB {"kind":"legal_relation_free_join","candidate":"essential64","domain":"full","product_mode":"views-inputs","support_gates":"certified","bits":12,"width":4,"environments":1,"worlds":4096,"admissible_worlds":4096,"rows":128,"groups":16,"outputs":80,"memo":true,"build_s":[0.000115083],"support_s":[1.5333e-5],"import_s":[7.85e-5],"admission_s":[2.0875e-5],"join_only_s":[3.1459e-5],"fresh_s":[0.000519875],"warm_s":[2.1208e-5],"input_bytes_est":9845,"final_bytes_est":98136,"input_nodes":89,"final_nodes":663,"input_storage":{"layout":"enum","record_bytes":2848,"table_bytes":784,"interner_bytes":4592,"metadata_bytes":808,"cache_bytes":357,"records":89,"tables":49,"logical_words":49,"total_bytes_est":9389},"final_storage":{"layout":"enum","record_bytes":22784,"table_bytes":8064,"interner_bytes":36736,"metadata_bytes":5792,"cache_bytes":11424,"records":663,"tables":504,"logical_words":504,"total_bytes_est":84800},"checksum":7171072,"verified":true}
EVENT_LAB {"kind":"legal_relation_free_join","candidate":"essential64","domain":"full","product_mode":"views-inputs","support_gates":"certified","bits":18,"width":6,"environments":1,"worlds":262144,"admissible_worlds":262144,"rows":128,"groups":16,"outputs":80,"memo":false,"build_s":[0.000978958],"support_s":[6.416e-6],"import_s":[0.000954583],"admission_s":[1.7541e-5],"join_only_s":[1.6542e-5],"fresh_s":[0.004223625],"warm_s":[0.002953541],"input_bytes_est":63050,"final_bytes_est":444772,"input_nodes":552,"final_nodes":3294,"input_storage":{"layout":"enum","record_bytes":17664,"table_bytes":2704,"interner_bytes":36736,"metadata_bytes":4560,"cache_bytes":714,"records":552,"tables":169,"logical_words":169,"total_bytes_est":62378},"final_storage":{"layout":"enum","record_bytes":141312,"table_bytes":28224,"interner_bytes":146944,"metadata_bytes":35472,"cache_bytes":91392,"records":3294,"tables":1764,"logical_words":1764,"total_bytes_est":443344},"checksum":215255808,"verified":true}
EVENT_LAB {"kind":"legal_relation_free_join","candidate":"essential64","domain":"full","product_mode":"views-inputs","support_gates":"certified","bits":18,"width":6,"environments":1,"worlds":262144,"admissible_worlds":262144,"rows":128,"groups":16,"outputs":80,"memo":true,"build_s":[0.000978958],"support_s":[6.416e-6],"import_s":[0.000954583],"admission_s":[1.7541e-5],"join_only_s":[1.6542e-5],"fresh_s":[0.002599],"warm_s":[2.4e-5],"input_bytes_est":63050,"final_bytes_est":457344,"input_nodes":552,"final_nodes":3294,"input_storage":{"layout":"enum","record_bytes":17664,"table_bytes":2704,"interner_bytes":36736,"metadata_bytes":4560,"cache_bytes":714,"records":552,"tables":169,"logical_words":169,"total_bytes_est":62378},"final_storage":{"layout":"enum","record_bytes":141312,"table_bytes":28224,"interner_bytes":146944,"metadata_bytes":35472,"cache_bytes":91392,"records":3294,"tables":1764,"logical_words":1764,"total_bytes_est":443344},"checksum":215255808,"verified":true}
ok

test result: ok. 1 passed; 0 failed; 0 ignored; 0 measured; 1378 filtered out; finished in 1.09s


        1.08 real         1.06 user         0.01 sys
            10747904  maximum resident set size
                   0  average shared memory size
                   0  average unshared data size
                   0  average unshared stack size
                 871  page reclaims
                   0  page faults
                   0  swaps
                   0  block input operations
                   0  block output operations
                   0  messages sent
                   0  messages received
                   0  signals received
                   0  voluntary context switches
                 145  involuntary context switches
         19402034201  instructions retired
          3653964038  cycles elapsed
             7717248  peak memory footprint
