
running 1 test
test event_repr_lab::experiment ... EVENT_LAB {"kind":"readout_free_join","candidate":"retraction64","domain":"fibred","readout_family":"suffix-1","readout_faces":"x","hidden":1,"width":4,"bits":13,"worlds":8192,"admissible_worlds":3197,"environments":2,"rows":128,"groups":16,"outputs":64,"memo":false,"changed_possible_groups":16,"changed_guaranteed_groups":16,"nonconstant_readouts":48,"build_s":[0.004358417],"support_s":[0.000287375],"import_s":[0.004011708],"admission_s":[5.9125e-5],"join_only_s":[3.1792e-5],"fresh_s":[0.036358041],"fresh_group_s":[0.000538083],"fresh_readout_s":[0.035710625],"fresh_compute_s":[0.036250333],"fresh_count_s":[0.000107542],"warm_s":[0.001190125],"warm_group_s":[3.3416e-5],"warm_readout_s":[0.001056458],"warm_compute_s":[0.001090125],"warm_count_s":[9.9917e-5],"input_nodes":8015,"final_nodes":69944,"input_bytes_est":778688,"final_bytes_est":8006916,"input_storage":{"layout":"slab","record_bytes":128240,"table_bytes":32088,"interner_bytes":275772,"metadata_bytes":64380,"cache_bytes":278208,"records":8015,"tables":4011,"logical_words":4011,"total_bytes_est":778688},"final_storage":{"layout":"slab","record_bytes":2051840,"table_bytes":256704,"interner_bytes":2462656,"metadata_bytes":1026180,"cache_bytes":2209536,"records":69944,"tables":19451,"logical_words":19451,"total_bytes_est":8006916},"outer_memo_bytes":0,"colt_bytes":14992,"checksum":598930,"verified":true}
EVENT_LAB {"kind":"readout_free_join","candidate":"retraction64","domain":"fibred","readout_family":"suffix-1","readout_faces":"x","hidden":1,"width":4,"bits":13,"worlds":8192,"admissible_worlds":3197,"environments":2,"rows":128,"groups":16,"outputs":64,"memo":true,"changed_possible_groups":16,"changed_guaranteed_groups":16,"nonconstant_readouts":48,"build_s":[0.004358417],"support_s":[0.000287375],"import_s":[0.004011708],"admission_s":[5.9125e-5],"join_only_s":[3.1792e-5],"fresh_s":[0.0346045],"fresh_group_s":[0.000535708],"fresh_readout_s":[0.0339665],"fresh_compute_s":[0.034502584],"fresh_count_s":[0.000101875],"warm_s":[0.001139416],"warm_group_s":[1.2584e-5],"warm_readout_s":[0.001030083],"warm_compute_s":[0.001042791],"warm_count_s":[9.65e-5],"input_nodes":8015,"final_nodes":69944,"input_bytes_est":778688,"final_bytes_est":8015876,"input_storage":{"layout":"slab","record_bytes":128240,"table_bytes":32088,"interner_bytes":275772,"metadata_bytes":64380,"cache_bytes":278208,"records":8015,"tables":4011,"logical_words":4011,"total_bytes_est":778688},"final_storage":{"layout":"slab","record_bytes":2051840,"table_bytes":256704,"interner_bytes":2462656,"metadata_bytes":1026180,"cache_bytes":2209536,"records":69944,"tables":19451,"logical_words":19451,"total_bytes_est":8006916},"outer_memo_bytes":8960,"colt_bytes":14992,"checksum":598930,"verified":true}
FAILED

failures:

failures:
    event_repr_lab::experiment

test result: FAILED. 0 passed; 1 failed; 0 ignored; 0 measured; 1378 filtered out; finished in 7.88s



thread 'event_repr_lab::experiment' (10268426) panicked at /Users/bjorn/Documents/bumbledb/proposal/experiments/event-repr-lab/src/essential_raw.rs:185:9:
RESOURCE_CAP: essential raw nodes
stack backtrace:
   0:        0x1023c791c - <<std[cfa87ad94958a4dd]::sys::backtrace::BacktraceLock>::print::DisplayBacktrace as core[33f882b1f809aa9c]::fmt::Display>::fmt
   1:        0x1023a3104 - core[33f882b1f809aa9c]::fmt::write
   2:        0x1023c61a4 - <std[cfa87ad94958a4dd]::sys::stdio::unix::Stderr as core[33f882b1f809aa9c]::io::write::Write>::write_fmt
   3:        0x1023c6794 - std[cfa87ad94958a4dd]::panicking::default_hook::{closure#0}
   4:        0x1023c63e4 - std[cfa87ad94958a4dd]::panicking::default_hook
   5:        0x1023c5d58 - std[cfa87ad94958a4dd]::panicking::panic_with_hook
   6:        0x1023e29e8 - std[cfa87ad94958a4dd]::panicking::panic_handler::{closure#0}
   7:        0x1023e2978 - std[cfa87ad94958a4dd]::sys::backtrace::__rust_end_short_backtrace::<std[cfa87ad94958a4dd]::panicking::panic_handler::{closure#0}, !>
   8:        0x1023e2e58 - __rustc[d7d9a081177ff67c]::rust_begin_unwind
   9:        0x1024a9c64 - core[33f882b1f809aa9c]::panicking::panic_fmt
  10:        0x101d2e150 - <bumbledb[17fb1c286425b84f]::event_repr_lab::essential_raw::Arena<6u32>>::intern
  11:        0x101d2d860 - <bumbledb[17fb1c286425b84f]::event_repr_lab::essential_raw::Arena<6u32>>::branch
  12:        0x101d2cf10 - <bumbledb[17fb1c286425b84f]::event_repr_lab::essential_raw::Arena<6u32>>::apply
  13:        0x101d2cefc - <bumbledb[17fb1c286425b84f]::event_repr_lab::essential_raw::Arena<6u32>>::apply
  14:        0x101d2cefc - <bumbledb[17fb1c286425b84f]::event_repr_lab::essential_raw::Arena<6u32>>::apply
  15:        0x101d2cee4 - <bumbledb[17fb1c286425b84f]::event_repr_lab::essential_raw::Arena<6u32>>::apply
  16:        0x101d2cee4 - <bumbledb[17fb1c286425b84f]::event_repr_lab::essential_raw::Arena<6u32>>::apply
  17:        0x101d2cee4 - <bumbledb[17fb1c286425b84f]::event_repr_lab::essential_raw::Arena<6u32>>::apply
  18:        0x101d2cefc - <bumbledb[17fb1c286425b84f]::event_repr_lab::essential_raw::Arena<6u32>>::apply
  19:        0x101d2cefc - <bumbledb[17fb1c286425b84f]::event_repr_lab::essential_raw::Arena<6u32>>::apply
  20:        0x101d1dcb4 - <bumbledb[17fb1c286425b84f]::event_repr_lab::retraction::Retraction<6u32>>::normalize
  21:        0x101d1dc78 - <bumbledb[17fb1c286425b84f]::event_repr_lab::retraction::Retraction<6u32>>::normalize
  22:        0x101d1dc88 - <bumbledb[17fb1c286425b84f]::event_repr_lab::retraction::Retraction<6u32>>::normalize
  23:        0x101d1dc78 - <bumbledb[17fb1c286425b84f]::event_repr_lab::retraction::Retraction<6u32>>::normalize
  24:        0x101d1dc78 - <bumbledb[17fb1c286425b84f]::event_repr_lab::retraction::Retraction<6u32>>::normalize
  25:        0x101d1dc78 - <bumbledb[17fb1c286425b84f]::event_repr_lab::retraction::Retraction<6u32>>::normalize
  26:        0x101d1dc88 - <bumbledb[17fb1c286425b84f]::event_repr_lab::retraction::Retraction<6u32>>::normalize
  27:        0x101d1dc78 - <bumbledb[17fb1c286425b84f]::event_repr_lab::retraction::Retraction<6u32>>::normalize
  28:        0x101d1dc78 - <bumbledb[17fb1c286425b84f]::event_repr_lab::retraction::Retraction<6u32>>::normalize
  29:        0x101d1dc78 - <bumbledb[17fb1c286425b84f]::event_repr_lab::retraction::Retraction<6u32>>::normalize
  30:        0x101d1dc78 - <bumbledb[17fb1c286425b84f]::event_repr_lab::retraction::Retraction<6u32>>::normalize
  31:        0x101d1dc78 - <bumbledb[17fb1c286425b84f]::event_repr_lab::retraction::Retraction<6u32>>::normalize
  32:        0x101d1dc78 - <bumbledb[17fb1c286425b84f]::event_repr_lab::retraction::Retraction<6u32>>::normalize
  33:        0x101d1dc88 - <bumbledb[17fb1c286425b84f]::event_repr_lab::retraction::Retraction<6u32>>::normalize
  34:        0x102092d2c - <bumbledb[17fb1c286425b84f]::event_repr_lab::retraction::Retraction<6u32> as bumbledb[17fb1c286425b84f]::event_repr_lab::carrier::RegionOps>::import
  35:        0x101afe7a8 - bumbledb[17fb1c286425b84f]::event_repr_lab::readout::verify_batch::<bumbledb[17fb1c286425b84f]::event_repr_lab::retraction::Retraction<6u32>>
  36:        0x1017e5ac8 - bumbledb[17fb1c286425b84f]::event_repr_lab::readout_bench::bench::<bumbledb[17fb1c286425b84f]::event_repr_lab::retraction::Retraction<6u32>>
  37:        0x101e8ab6c - bumbledb[17fb1c286425b84f]::event_repr_lab::experiment
  38:        0x1020c80c4 - <bumbledb[17fb1c286425b84f]::event_repr_lab::experiment::{closure#0} as core[33f882b1f809aa9c]::ops::function::FnOnce<()>>::call_once
  39:        0x1023f5550 - test[81e574f92286f18b]::__rust_begin_short_backtrace::<core[33f882b1f809aa9c]::result::Result<(), alloc[773536071553e078]::string::String>, fn() -> core[33f882b1f809aa9c]::result::Result<(), alloc[773536071553e078]::string::String>>
  40:        0x1023f1b94 - test[81e574f92286f18b]::run_test::{closure#0}
  41:        0x1023f1708 - std[cfa87ad94958a4dd]::sys::backtrace::__rust_begin_short_backtrace::<test[81e574f92286f18b]::run_test::{closure#1}, ()>
  42:        0x102406404 - <std[cfa87ad94958a4dd]::thread::lifecycle::spawn_unchecked<test[81e574f92286f18b]::run_test::{closure#1}, ()>::{closure#1} as core[33f882b1f809aa9c]::ops::function::FnOnce<()>>::call_once::{shim:vtable#0}
  43:        0x1023e3d18 - <std[cfa87ad94958a4dd]::sys::thread::unix::Thread>::new::thread_start
  44:        0x18c949d00 - __pthread_exit
        7.88 real         7.72 user         0.15 sys
           445399040  maximum resident set size
                   0  average shared memory size
                   0  average unshared data size
                   0  average unshared stack size
               35568  page reclaims
                   0  page faults
                   0  swaps
                   0  block input operations
                   0  block output operations
                   0  messages sent
                   0  messages received
                   0  signals received
                  30  voluntary context switches
                 262  involuntary context switches
         74844273703  instructions retired
         26884912424  cycles elapsed
           440107896  peak memory footprint
