
running 1 test
test event_repr_lab::experiment ... EVENT_LAB {"kind":"free_join","candidate":"essential64","scenario":"coup_4290","shape":"triangle","memo":false,"worlds":4290,"admissible_worlds":4290,"rows":1024,"groups":64,"plan_nodes":3,"input_nodes":2736,"final_nodes":52885,"input_bytes_est":330000,"final_bytes_est":8817208,"colt_bytes":163104,"build_s":[0.001098041, 0.001082125, 0.000972, 0.000978208, 0.001057375],"native_setup_s":0.000224292,"native_first_join_s":0.000093541,"join_only_s":[4.8333e-5, 4.3625e-5, 4.3459e-5, 4.3541e-5, 4.3583e-5],"fresh_s":[0.027373083, 0.026614458, 0.026248125, 0.026001667, 0.025456708],"warm_s":[0.00013368326953125, 0.0001345126953125, 0.000132771484375, 0.00013289127734375, 0.00013355452734375],"warm_loops":256,"checksum":5648062,"verified":true}
EVENT_LAB {"kind":"free_join","candidate":"essential64","scenario":"coup_4290","shape":"triangle","memo":true,"worlds":4290,"admissible_worlds":4290,"rows":1024,"groups":64,"plan_nodes":3,"input_nodes":2736,"final_nodes":52885,"input_bytes_est":330000,"final_bytes_est":8888888,"colt_bytes":163104,"build_s":[0.001098041, 0.001082125, 0.000972, 0.000978208, 0.001057375],"native_setup_s":0.000224292,"native_first_join_s":0.000093541,"join_only_s":[4.8333e-5, 4.3625e-5, 4.3459e-5, 4.3541e-5, 4.3583e-5],"fresh_s":[0.026143834, 0.0268525, 0.026323542, 0.026186625, 0.02562225],"warm_s":[8.055029296875e-5, 7.959846875e-5, 8.031380078125e-5, 7.910905078125e-5, 7.982291796875e-5],"warm_loops":256,"checksum":5648062,"verified":true}
EVENT_LAB {"kind":"free_join","candidate":"essential64","scenario":"coup_4290","shape":"clover","memo":false,"worlds":4290,"admissible_worlds":4290,"rows":4096,"groups":64,"plan_nodes":3,"input_nodes":2736,"final_nodes":81872,"input_bytes_est":330000,"final_bytes_est":13961640,"colt_bytes":41104,"build_s":[0.00099525, 0.000957, 0.000949541, 0.000985792, 0.001072583],"native_setup_s":0.000147916,"native_first_join_s":0.0001025,"join_only_s":[7.0208e-5, 6.775e-5, 6.7666e-5, 6.7834e-5, 6.7833e-5],"fresh_s":[0.057065208, 0.056741333, 0.054954417, 0.054648917, 0.054381458],"warm_s":[0.000325157546875, 0.000335314453125, 0.000335146484375, 0.00033210871875, 0.0003246985625],"warm_loops":64,"checksum":5691950,"verified":true}
EVENT_LAB {"kind":"free_join","candidate":"essential64","scenario":"coup_4290","shape":"clover","memo":true,"worlds":4290,"admissible_worlds":4290,"rows":4096,"groups":64,"plan_nodes":3,"input_nodes":2736,"final_nodes":81872,"input_bytes_est":330000,"final_bytes_est":14248360,"colt_bytes":41104,"build_s":[0.00099525, 0.000957, 0.000949541, 0.000985792, 0.001072583],"native_setup_s":0.000147916,"native_first_join_s":0.0001025,"join_only_s":[7.0208e-5, 6.775e-5, 6.7666e-5, 6.7834e-5, 6.7833e-5],"fresh_s":[0.056905708, 0.055235125, 0.054590792, 0.054894709, 0.054405958],"warm_s":[0.000155342609375, 0.000154661296875, 0.00015507877734375, 0.00015540364453125, 0.00015608040234375],"warm_loops":256,"checksum":5691950,"verified":true}
ok

test result: ok. 1 passed; 0 failed; 0 ignored; 0 measured; 1363 filtered out; finished in 1.73s


        1.73 real         1.69 user         0.03 sys
            53493760  maximum resident set size
                   0  average shared memory size
                   0  average unshared data size
                   0  average unshared stack size
                3478  page reclaims
                   0  page faults
                   0  swaps
                   0  block input operations
                   0  block output operations
                   0  messages sent
                   0  messages received
                   0  signals received
                   0  voluntary context switches
                  47  involuntary context switches
         26968869142  instructions retired
          5873318455  cycles elapsed
            50725272  peak memory footprint
