
running 1 test
test event_repr_lab::experiment ... EVENT_LAB {"kind":"owned_free_join","candidate":"essential512","target_candidate":"essential512","bits":12,"target_layout":"bit-major","target_setup_s":[2.417e-6, 2.208e-6, 2.583e-6, 1.334e-6, 2.167e-6],"restore_inputs_s":[2.6125e-5, 2.1083e-5, 2.0083e-5, 1.5917e-5, 2.175e-5],"program_setup_s":[1.2875e-5, 2.2583e-5, 9.625e-6, 7.917e-6, 1.4333e-5],"query_s":[0.000372541, 0.000359208, 0.000334041, 0.00031825, 0.00034225],"owned_compute_s":[0.000389333, 0.000387417, 0.00034525, 0.000327417, 0.000358125],"novel_publication_classes":[10, 10, 10, 10, 10],"input_roots":24,"output_roots":80,"input_packet_bytes":1421,"output_packet_bytes":707,"final_arena_bytes_est":64208,"verified":true}
EVENT_LAB {"kind":"owned_free_join","candidate":"essential512","target_candidate":"essential512","bits":12,"target_layout":"face-major","target_setup_s":[9.17e-7, 1.541e-6, 2.375e-6, 1.541e-6, 1.5625e-5],"restore_inputs_s":[1.5292e-5, 1.6583e-5, 2.2375e-5, 1.5208e-5, 2.0291e-5],"program_setup_s":[8.291e-6, 7.625e-6, 7.875e-6, 6.959e-6, 1.1458e-5],"query_s":[0.000527583, 0.00049175, 0.000491833, 0.000573584, 0.000544083],"owned_compute_s":[0.000537458, 0.000501667, 0.000501208, 0.000583041, 0.000557375],"novel_publication_classes":[10, 10, 10, 10, 10],"input_roots":24,"output_roots":80,"input_packet_bytes":1421,"output_packet_bytes":707,"final_arena_bytes_est":97568,"verified":true}
EVENT_LAB {"kind":"owned_free_join","candidate":"essential512","target_candidate":"packed512","bits":12,"target_layout":"bit-major","target_setup_s":[1.333e-6, 3.291e-6, 2.042e-6, 2.875e-6, 2.583e-6],"restore_inputs_s":[8.2125e-5, 8.5792e-5, 8.4667e-5, 8.9709e-5, 8.1666e-5],"program_setup_s":[2.825e-5, 2.7375e-5, 2.625e-5, 2.7083e-5, 2.9333e-5],"query_s":[0.00024225, 0.000235958, 0.000265375, 0.0002355, 0.000262625],"owned_compute_s":[0.000271959, 0.000264916, 0.000293125, 0.000264084, 0.000293541],"novel_publication_classes":[10, 10, 10, 10, 10],"input_roots":24,"output_roots":80,"input_packet_bytes":1421,"output_packet_bytes":1645,"final_arena_bytes_est":112740,"verified":true}
EVENT_LAB {"kind":"owned_free_join","candidate":"essential512","target_candidate":"essential512","bits":18,"target_layout":"bit-major","target_setup_s":[2.709e-6, 4.209e-6, 4.916e-6, 6.417e-6, 4.708e-6],"restore_inputs_s":[0.000114334, 0.000132791, 0.000129209, 0.000130917, 0.000132584],"program_setup_s":[2.3041e-5, 2.4083e-5, 2.4584e-5, 2.2791e-5, 2.225e-5],"query_s":[0.002463167, 0.002440542, 0.002551, 0.0024195, 0.002582167],"owned_compute_s":[0.002490458, 0.002467416, 0.002578833, 0.002447083, 0.002612667],"novel_publication_classes":[18, 18, 18, 18, 18],"input_roots":24,"output_roots":80,"input_packet_bytes":9305,"output_packet_bytes":2087,"final_arena_bytes_est":516472,"verified":true}
EVENT_LAB {"kind":"owned_free_join","candidate":"essential512","target_candidate":"essential512","bits":18,"target_layout":"face-major","target_setup_s":[1.375e-6, 5.167e-6, 5.792e-6, 4.791e-6, 4.958e-6],"restore_inputs_s":[0.000352459, 0.000364917, 0.000402709, 0.000367917, 0.000375166],"program_setup_s":[3.75e-5, 3.8292e-5, 3.9291e-5, 3.45e-5, 3.2167e-5],"query_s":[0.006938958, 0.0070285, 0.007087042, 0.006903667, 0.007485708],"owned_compute_s":[0.006979375, 0.007069792, 0.007129208, 0.006940833, 0.00752075],"novel_publication_classes":[18, 18, 18, 18, 18],"input_roots":24,"output_roots":80,"input_packet_bytes":9305,"output_packet_bytes":2389,"final_arena_bytes_est":1232008,"verified":true}
EVENT_LAB {"kind":"owned_free_join","candidate":"essential512","target_candidate":"packed512","bits":18,"target_layout":"bit-major","target_setup_s":[2.792e-6, 5.292e-6, 6.084e-6, 5.958e-6, 5.458e-6],"restore_inputs_s":[0.000418917, 0.00041475, 0.000421792, 0.000436125, 0.000439958],"program_setup_s":[4.1875e-5, 4.0958e-5, 4.3625e-5, 4.2292e-5, 4.3459e-5],"query_s":[0.000686417, 0.000748333, 0.0007575, 0.000715333, 0.000731291],"owned_compute_s":[0.000730542, 0.000792125, 0.000803666, 0.000759583, 0.000777167],"novel_publication_classes":[18, 18, 18, 18, 18],"input_roots":24,"output_roots":80,"input_packet_bytes":9305,"output_packet_bytes":5221,"final_arena_bytes_est":626852,"verified":true}
ok

test result: ok. 1 passed; 0 failed; 0 ignored; 0 measured; 1363 filtered out; finished in 8.58s


        8.58 real         7.87 user         0.11 sys
            18087936  maximum resident set size
                   0  average shared memory size
                   0  average unshared data size
                   0  average unshared stack size
                1317  page reclaims
                   0  page faults
                   0  swaps
                   0  block input operations
                   0  block output operations
                   0  messages sent
                   0  messages received
                   0  signals received
                   0  voluntary context switches
               13210  involuntary context switches
        145204215843  instructions retired
         26010114320  cycles elapsed
            15122840  peak memory footprint
