
running 1 test
test event_repr_lab::experiment ... EVENT_LAB {"kind":"free_join","candidate":"packed512","scenario":"random_4096","shape":"triangle","memo":false,"worlds":4096,"admissible_worlds":4096,"rows":1024,"groups":64,"plan_nodes":3,"input_nodes":721,"final_nodes":27496,"input_bytes_est":91220,"final_bytes_est":5361748,"colt_bytes":163104,"build_s":[5.375e-5, 3.5709e-5, 3.1417e-5, 2.625e-5, 2.2e-5, 2.3917e-5, 2.2e-5],"native_setup_s":0.000216791,"native_first_join_s":0.000106959,"join_only_s":[5.2542e-5, 4.875e-5, 4.8583e-5, 4.8417e-5, 4.85e-5, 4.8666e-5, 4.8542e-5],"fresh_s":[0.002078583, 0.002008042, 0.002036292, 0.001895583, 0.001660667, 0.001609875, 0.00160525],"warm_s":[0.00015110107421875, 0.000145529625, 0.00014560205078125, 0.00014575146484375, 0.00014689908984375, 0.00014503336328125, 0.0001481796875],"warm_loops":256,"checksum":6755311,"verified":true}
EVENT_LAB {"kind":"free_join","candidate":"packed512","scenario":"random_4096","shape":"triangle","memo":true,"worlds":4096,"admissible_worlds":4096,"rows":1024,"groups":64,"plan_nodes":3,"input_nodes":721,"final_nodes":27496,"input_bytes_est":91220,"final_bytes_est":5505108,"colt_bytes":163104,"build_s":[5.375e-5, 3.5709e-5, 3.1417e-5, 2.625e-5, 2.2e-5, 2.3917e-5, 2.2e-5],"native_setup_s":0.000216791,"native_first_join_s":0.000106959,"join_only_s":[5.2542e-5, 4.875e-5, 4.8583e-5, 4.8417e-5, 4.85e-5, 4.8666e-5, 4.8542e-5],"fresh_s":[0.00200575, 0.003152, 0.00187625, 0.001866417, 0.001898584, 0.001842958, 0.001755167],"warm_s":[0.00011244287109375, 0.00011206184765625, 0.000112491375, 0.00011262776953125, 0.000112015625, 0.00011212190625, 0.0001122693671875],"warm_loops":256,"checksum":6755311,"verified":true}
EVENT_LAB {"kind":"free_join","candidate":"packed512","scenario":"random_4096","shape":"clover","memo":false,"worlds":4096,"admissible_worlds":4096,"rows":4096,"groups":64,"plan_nodes":3,"input_nodes":721,"final_nodes":71481,"input_bytes_est":91220,"final_bytes_est":13017172,"colt_bytes":41104,"build_s":[4.8917e-5, 2.8583e-5, 2.2167e-5, 2.0875e-5, 2.1083e-5, 2.1833e-5, 2.0583e-5],"native_setup_s":0.000147916,"native_first_join_s":0.000099083,"join_only_s":[7.5625e-5, 7.2666e-5, 7.2375e-5, 7.2375e-5, 7.2542e-5, 7.2709e-5, 7.275e-5],"fresh_s":[0.005666958, 0.005873083, 0.004829916, 0.004913709, 0.004832709, 0.005139, 0.004929875],"warm_s":[0.000310341796875, 0.0003092464140625, 0.0003069485703125, 0.0003098837890625, 0.0003075830078125, 0.0003096331328125, 0.0003104469375],"warm_loops":128,"checksum":7037411,"verified":true}
EVENT_LAB {"kind":"free_join","candidate":"packed512","scenario":"random_4096","shape":"clover","memo":true,"worlds":4096,"admissible_worlds":4096,"rows":4096,"groups":64,"plan_nodes":3,"input_nodes":721,"final_nodes":71481,"input_bytes_est":91220,"final_bytes_est":13303892,"colt_bytes":41104,"build_s":[4.8917e-5, 2.8583e-5, 2.2167e-5, 2.0875e-5, 2.1083e-5, 2.1833e-5, 2.0583e-5],"native_setup_s":0.000147916,"native_first_join_s":0.000099083,"join_only_s":[7.5625e-5, 7.2666e-5, 7.2375e-5, 7.2375e-5, 7.2542e-5, 7.2709e-5, 7.275e-5],"fresh_s":[0.005549375, 0.005540125, 0.00490875, 0.004907375, 0.004773375, 0.005376084, 0.00489775],"warm_s":[0.0001913876953125, 0.0001896442109375, 0.0001880751953125, 0.0001902080078125, 0.0001893639296875, 0.0001871481171875, 0.0001922353515625],"warm_loops":128,"checksum":7037411,"verified":true}
ok

test result: ok. 1 passed; 0 failed; 0 ignored; 0 measured; 1360 filtered out; finished in 1.32s


        1.32 real         1.30 user         0.01 sys
            54788096  maximum resident set size
                   0  average shared memory size
                   0  average unshared data size
                   0  average unshared stack size
                3558  page reclaims
                   0  page faults
                   0  swaps
                   0  block input operations
                   0  block output operations
                   0  messages sent
                   0  messages received
                   0  signals received
                   0  voluntary context switches
                 761  involuntary context switches
         17804523674  instructions retired
          4375505235  cycles elapsed
            52232624  peak memory footprint
