
running 1 test
test event_repr_lab::experiment ... EVENT_LAB {"kind":"transfer_free_join","candidate":"bdd-pair","bits":12,"target_layout":"bit-major","target_candidate":"bdd-pair","query_s":[0.000438333, 0.000336959, 0.000322958, 0.000309125, 0.000340292, 0.0003415, 0.000315542],"encode_s":[4.4333e-5, 4.6167e-5, 4.1042e-5, 6.8167e-5, 4.3584e-5, 4.0542e-5, 3.9375e-5],"decode_s":[1.4209e-5, 1.0292e-5, 9.75e-6, 1.125e-5, 9.541e-6, 9.333e-6, 9.041e-6],"target_setup_s":[2.292e-6, 1.709e-6, 7.5e-7, 1.166e-6, 8.34e-7, 1.042e-6, 5.41e-7],"restore_s":[6.1375e-5, 6.0583e-5, 5.4833e-5, 5.8333e-5, 5.6292e-5, 5.4708e-5, 5.1875e-5],"packet_bytes":3871,"packet_nodes":235,"canonical_packet_bytes":3871,"canonical_packet_hash":11696682399718970126,"source_bytes_est":189472,"target_bytes_est":48224,"roots":104,"rows":128,"verified":true}
EVENT_LAB {"kind":"transfer_free_join","candidate":"bdd-pair","bits":12,"target_layout":"face-major","target_candidate":"bdd-pair","query_s":[0.000369292, 0.000334417, 0.000341166, 0.000323125, 0.000324625, 0.000323709, 0.000326167],"encode_s":[4.1333e-5, 3.9959e-5, 4.1375e-5, 3.8916e-5, 3.9958e-5, 3.9209e-5, 4.1167e-5],"decode_s":[9.375e-6, 8.834e-6, 9.458e-6, 8.75e-6, 9.125e-6, 8.875e-6, 9.25e-6],"target_setup_s":[7.91e-7, 6.25e-7, 5e-7, 3.75e-7, 4.58e-7, 2.92e-7, 3.33e-7],"restore_s":[8.2042e-5, 7.8333e-5, 8.1917e-5, 7.7417e-5, 7.7709e-5, 7.675e-5, 7.7167e-5],"packet_bytes":3871,"packet_nodes":235,"canonical_packet_bytes":4207,"canonical_packet_hash":4077879817936070223,"source_bytes_est":189472,"target_bytes_est":81504,"roots":104,"rows":128,"verified":true}
EVENT_LAB {"kind":"transfer_free_join","candidate":"bdd-pair","bits":12,"target_layout":"bit-major","target_candidate":"packed512","query_s":[0.000386041, 0.000334125, 0.000324292, 0.000342708, 0.000316542, 0.00030225, 0.000302958],"encode_s":[4.4709e-5, 4.15e-5, 4.1959e-5, 4.05e-5, 4.075e-5, 3.9375e-5, 3.9333e-5],"decode_s":[1.075e-5, 9.541e-6, 9.334e-6, 9.166e-6, 1.2167e-5, 8.875e-6, 8.792e-6],"target_setup_s":[2.375e-6, 7.083e-6, 2.291e-6, 2.584e-6, 2e-6, 1.791e-6, 2e-6],"restore_s":[6.8792e-5, 6.8791e-5, 5.675e-5, 5.55e-5, 6.7291e-5, 4.9292e-5, 5.0083e-5],"packet_bytes":3871,"packet_nodes":235,"canonical_packet_bytes":6127,"canonical_packet_hash":18102733595059858741,"source_bytes_est":189472,"target_bytes_est":88676,"roots":104,"rows":128,"verified":true}
EVENT_LAB {"kind":"transfer_free_join","candidate":"bdd-pair","bits":18,"target_layout":"bit-major","target_candidate":"bdd-pair","query_s":[0.00116325, 0.001111083, 0.001028, 0.001013833, 0.001031292, 0.001057125, 0.00113225],"encode_s":[0.0001745, 0.000198417, 0.000163667, 0.000149792, 0.000166708, 0.000174834, 0.000159041],"decode_s":[3.5334e-5, 3.2291e-5, 3.1917e-5, 3.0875e-5, 3.2875e-5, 3.5e-5, 3.1417e-5],"target_setup_s":[2e-6, 1.375e-6, 1.084e-6, 1e-6, 1.541e-6, 1.542e-6, 1.542e-6],"restore_s":[0.00028025, 0.00024825, 0.000239667, 0.000228292, 0.000246208, 0.000279792, 0.000249875],"packet_bytes":14373,"packet_nodes":980,"canonical_packet_bytes":14373,"canonical_packet_hash":3204928329773445389,"source_bytes_est":700400,"target_bytes_est":336016,"roots":104,"rows":128,"verified":true}
EVENT_LAB {"kind":"transfer_free_join","candidate":"bdd-pair","bits":18,"target_layout":"face-major","target_candidate":"bdd-pair","query_s":[0.001097083, 0.001103375, 0.001188125, 0.001050792, 0.001048208, 0.001070625, 0.001190166],"encode_s":[0.000157917, 0.000153333, 0.000178917, 0.000160291, 0.000162959, 0.000166834, 0.00016675],"decode_s":[3.2667e-5, 3.15e-5, 3.55e-5, 3.1916e-5, 3.275e-5, 3.4209e-5, 3.2459e-5],"target_setup_s":[1.292e-6, 1.459e-6, 1.792e-6, 1.333e-6, 1.458e-6, 1.333e-6, 1.417e-6],"restore_s":[0.000469458, 0.00044875, 0.000491208, 0.000460208, 0.00046175, 0.000478417, 0.000466416],"packet_bytes":14373,"packet_nodes":980,"canonical_packet_bytes":20225,"canonical_packet_hash":12247503892234950608,"source_bytes_est":700400,"target_bytes_est":635024,"roots":104,"rows":128,"verified":true}
EVENT_LAB {"kind":"transfer_free_join","candidate":"bdd-pair","bits":18,"target_layout":"bit-major","target_candidate":"packed512","query_s":[0.001162459, 0.001161791, 0.001216875, 0.001069625, 0.0011195, 0.001161166, 0.001087084],"encode_s":[0.000229875, 0.000177, 0.000168042, 0.000157833, 0.000163, 0.000160667, 0.000157292],"decode_s":[3.5875e-5, 3.5375e-5, 3.1542e-5, 3.225e-5, 3.3375e-5, 3.2208e-5, 3.2125e-5],"target_setup_s":[3.709e-6, 4.833e-6, 3.5e-6, 5.75e-6, 5.125e-6, 1.0083e-5, 3.375e-6],"restore_s":[0.000306375, 0.000225167, 0.000200958, 0.000201666, 0.000222292, 0.000199041, 0.000207208],"packet_bytes":14373,"packet_nodes":980,"canonical_packet_bytes":25379,"canonical_packet_hash":1828067518556718950,"source_bytes_est":700400,"target_bytes_est":313508,"roots":104,"rows":128,"verified":true}
ok

test result: ok. 1 passed; 0 failed; 0 ignored; 0 measured; 1360 filtered out; finished in 6.25s


        6.25 real         6.15 user         0.08 sys
            27803648  maximum resident set size
                   0  average shared memory size
                   0  average unshared data size
                   0  average unshared stack size
                1910  page reclaims
                   0  page faults
                   0  swaps
                   0  block input operations
                   0  block output operations
                   0  messages sent
                   0  messages received
                   0  signals received
                   0  voluntary context switches
                2382  involuntary context switches
        101986046357  instructions retired
         20801040208  cycles elapsed
            25035160  peak memory footprint
