
running 1 test
test event_repr_lab::experiment ... EVENT_LAB {"kind":"free_join","candidate":"roaring","scenario":"runs_65536","shape":"triangle","memo":false,"worlds":65536,"rows":1024,"groups":64,"plan_nodes":3,"input_nodes":49,"final_nodes":857,"input_bytes_est":3223824,"final_bytes_est":53757776,"colt_bytes":163104,"build_s":[0.007980834, 0.003794666, 0.013266416, 0.003512042, 0.003500375, 0.00350475, 0.003553875],"native_setup_s":0.00027275,"native_first_join_s":0.000112333,"join_only_s":[5.4375e-5, 4.7375e-5, 4.725e-5, 4.7333e-5, 4.7e-5, 4.7167e-5, 4.7417e-5],"fresh_s":[0.217295125, 0.230474917, 0.183523375, 0.288497709, 0.380898125, 0.189900542, 0.281610583],"warm_s":[0.432731958, 0.51515575, 0.281320541, 0.368723042, 0.253472917, 0.341458291, 0.274363083],"warm_loops":1,"checksum":76672960,"verified":true}
EVENT_LAB {"kind":"free_join","candidate":"roaring","scenario":"runs_65536","shape":"triangle","memo":true,"worlds":65536,"rows":1024,"groups":64,"plan_nodes":3,"input_nodes":49,"final_nodes":857,"input_bytes_est":3223824,"final_bytes_est":53901136,"colt_bytes":163104,"build_s":[0.007980834, 0.003794666, 0.013266416, 0.003512042, 0.003500375, 0.00350475, 0.003553875],"native_setup_s":0.00027275,"native_first_join_s":0.000112333,"join_only_s":[5.4375e-5, 4.7375e-5, 4.725e-5, 4.7333e-5, 4.7e-5, 4.7167e-5, 4.7417e-5],"fresh_s":[0.108012625, 0.087360959, 0.216729625, 0.154157459, 0.025432417, 0.126536042, 0.184435],"warm_s":[8.74443359375e-5, 0.00048024284375, 8.95634765625e-5, 8.78356171875e-5, 0.0004940712890625, 0.000160097984375, 0.0003332649765625],"warm_loops":128,"checksum":76672960,"verified":true}
EVENT_LAB {"kind":"free_join","candidate":"roaring","scenario":"runs_65536","shape":"clover","memo":false,"worlds":65536,"rows":4096,"groups":64,"plan_nodes":3,"input_nodes":49,"final_nodes":1375,"input_bytes_est":3223824,"final_bytes_est":76667232,"colt_bytes":41104,"build_s":[0.003708458, 0.003498459, 0.003497791, 0.003615584, 0.003510333, 0.003497292, 0.003620875],"native_setup_s":0.00015875,"native_first_join_s":0.000109125,"join_only_s":[7.7083e-5, 7.3209e-5, 7.3084e-5, 7.3125e-5, 7.3375e-5, 7.3416e-5, 7.3458e-5],"fresh_s":[1.08990875, 0.919829292, 1.120132333, 0.423773041, 0.472921916, 0.289672125, 0.274333958],"warm_s":[0.30840875, 0.290457041, 0.290845583, 0.287944416, 0.288357375, 0.289229167, 0.288531958],"warm_loops":1,"checksum":76672960,"verified":true}
EVENT_LAB {"kind":"free_join","candidate":"roaring","scenario":"runs_65536","shape":"clover","memo":true,"worlds":65536,"rows":4096,"groups":64,"plan_nodes":3,"input_nodes":49,"final_nodes":1375,"input_bytes_est":3223824,"final_bytes_est":76953952,"colt_bytes":41104,"build_s":[0.003708458, 0.003498459, 0.003497791, 0.003615584, 0.003510333, 0.003497292, 0.003620875],"native_setup_s":0.00015875,"native_first_join_s":0.000109125,"join_only_s":[7.7083e-5, 7.3209e-5, 7.3084e-5, 7.3125e-5, 7.3375e-5, 7.3416e-5, 7.3458e-5],"fresh_s":[0.061075667, 0.060967542, 0.061510542, 0.061806125, 0.06300875, 0.061824125, 0.061991334],"warm_s":[0.0001577666015625, 0.00015691031640625, 0.00017529752734375, 0.0002489384765625, 0.00030492236328125, 0.00029880012890625, 0.0002940852890625],"warm_loops":256,"checksum":76672960,"verified":true}
ok

test result: ok. 1 passed; 0 failed; 0 ignored; 0 measured; 1360 filtered out; finished in 14.75s


       14.76 real         6.91 user         0.10 sys
            32292864  maximum resident set size
                   0  average shared memory size
                   0  average unshared data size
                   0  average unshared stack size
                2184  page reclaims
                   0  page faults
                   0  swaps
                   0  block input operations
                   0  block output operations
                   0  messages sent
                   0  messages received
                   0  signals received
                   0  voluntary context switches
                7982  involuntary context switches
         81945727979  instructions retired
         22753197414  cycles elapsed
            29786520  peak memory footprint
