
running 1 test
test event_repr_lab::experiment ... EVENT_LAB {"kind":"free_join","candidate":"sparse","scenario":"random_4096","shape":"triangle","memo":false,"worlds":4096,"rows":1024,"groups":64,"plan_nodes":3,"input_nodes":49,"final_nodes":1834,"input_bytes_est":565652,"final_bytes_est":11366856,"colt_bytes":163104,"build_s":[0.00154475, 0.001519292, 0.001492708, 0.001521, 0.001489, 0.001510917, 0.001539167],"native_setup_s":0.000224542,"native_first_join_s":0.000114,"join_only_s":[5.1167e-5, 4.7542e-5, 4.7375e-5, 4.7333e-5, 4.7166e-5, 4.75e-5, 9.4333e-5],"fresh_s":[0.037505667, 0.037949584, 0.038261959, 0.03746525, 0.037365042, 0.045064416, 0.04944425],"warm_s":[0.056254791, 0.0445085, 0.040110292, 0.039186042, 0.038813541, 0.045976958, 0.038465791],"warm_loops":1,"checksum":6755311,"verified":true}
EVENT_LAB {"kind":"free_join","candidate":"sparse","scenario":"random_4096","shape":"triangle","memo":true,"worlds":4096,"rows":1024,"groups":64,"plan_nodes":3,"input_nodes":49,"final_nodes":1834,"input_bytes_est":565652,"final_bytes_est":11510216,"colt_bytes":163104,"build_s":[0.00154475, 0.001519292, 0.001492708, 0.001521, 0.001489, 0.001510917, 0.001539167],"native_setup_s":0.000224542,"native_first_join_s":0.000114,"join_only_s":[5.1167e-5, 4.7542e-5, 4.7375e-5, 4.7333e-5, 4.7166e-5, 4.75e-5, 9.4333e-5],"fresh_s":[0.020036584, 0.018827417, 0.02023875, 0.018830583, 0.0186875, 0.020157042, 0.019194708],"warm_s":[0.0003972919921875, 0.0002576780625, 0.00029771728515625, 0.00024739013671875, 0.0002486248359375, 0.000507405109375, 0.00023089794921875],"warm_loops":256,"checksum":6755311,"verified":true}
EVENT_LAB {"kind":"free_join","candidate":"sparse","scenario":"random_4096","shape":"clover","memo":false,"worlds":4096,"rows":4096,"groups":64,"plan_nodes":3,"input_nodes":49,"final_nodes":5136,"input_bytes_est":565652,"final_bytes_est":28168024,"colt_bytes":41104,"build_s":[0.00150775, 0.001481334, 0.001485083, 0.001478916, 0.001480083, 0.003426209, 0.00191075],"native_setup_s":0.000143042,"native_first_join_s":0.000100125,"join_only_s":[7.6292e-5, 7.3208e-5, 7.3292e-5, 7.325e-5, 7.3125e-5, 0.000628875, 0.000131959],"fresh_s":[0.428178333, 0.372860708, 0.449989583, 0.35749825, 0.323687375, 0.377722959, 0.334467292],"warm_s":[0.282328667, 0.157691792, 0.158193209, 0.153178, 0.2118535, 0.149386708, 0.15052025],"warm_loops":1,"checksum":7037411,"verified":true}
EVENT_LAB {"kind":"free_join","candidate":"sparse","scenario":"random_4096","shape":"clover","memo":true,"worlds":4096,"rows":4096,"groups":64,"plan_nodes":3,"input_nodes":49,"final_nodes":5136,"input_bytes_est":565652,"final_bytes_est":28454744,"colt_bytes":41104,"build_s":[0.00150775, 0.001481334, 0.001485083, 0.001478916, 0.001480083, 0.003426209, 0.00191075],"native_setup_s":0.000143042,"native_first_join_s":0.000100125,"join_only_s":[7.6292e-5, 7.3208e-5, 7.3292e-5, 7.325e-5, 7.3125e-5, 0.000628875, 0.000131959],"fresh_s":[0.050221834, 0.049585209, 0.047378041, 0.04721275, 0.046909208, 0.046389, 0.046754625],"warm_s":[0.0001663678359375, 0.0001662610625, 0.000163720375, 0.000163064453125, 0.0001636416015625, 0.0001637610703125, 0.000164229171875],"warm_loops":128,"checksum":7037411,"verified":true}
ok

test result: ok. 1 passed; 0 failed; 0 ignored; 0 measured; 1360 filtered out; finished in 6.35s


        6.35 real         4.03 user         0.05 sys
            72220672  maximum resident set size
                   0  average shared memory size
                   0  average unshared data size
                   0  average unshared stack size
                4620  page reclaims
                   0  page faults
                   0  swaps
                   0  block input operations
                   0  block output operations
                   0  messages sent
                   0  messages received
                   0  signals received
                   0  voluntary context switches
                6076  involuntary context switches
         27140922227  instructions retired
         12859796386  cycles elapsed
            68862384  peak memory footprint
