
running 1 test
test event_repr_lab::experiment ... FAILED

failures:

failures:
    event_repr_lab::experiment

test result: FAILED. 0 passed; 1 failed; 0 ignored; 0 measured; 1360 filtered out; finished in 0.54s



thread 'event_repr_lab::experiment' (8643752) panicked at /Users/bjorn/Documents/bumbledb/proposal/experiments/event-repr-lab/src/diagram.rs:62:9:
RESOURCE_CAP: decision diagram nodes
note: run with `RUST_BACKTRACE=1` environment variable to display a backtrace
        0.54 real         0.50 user         0.03 sys
           442433536  maximum resident set size
                   0  average shared memory size
                   0  average unshared data size
                   0  average unshared stack size
               28636  page reclaims
                   0  page faults
                   0  swaps
                   0  block input operations
                   0  block output operations
                   0  messages sent
                   0  messages received
                   0  signals received
                   0  voluntary context switches
                 255  involuntary context switches
          3488338712  instructions retired
          1806165969  cycles elapsed
           441041640  peak memory footprint
