
running 1 test
test event_repr_lab::experiment ... EVENT_LAB {"kind":"free_join","candidate":"roaring","scenario":"random_4096","shape":"triangle","memo":false,"worlds":4096,"rows":1024,"groups":64,"plan_nodes":3,"input_nodes":49,"final_nodes":1834,"input_bytes_est":567220,"final_bytes_est":11425544,"colt_bytes":163104,"build_s":[0.002245167, 0.002187667, 0.0021975, 0.002302459, 0.002220625, 0.002127833, 0.002108375],"native_setup_s":0.000226584,"native_first_join_s":0.000109417,"join_only_s":[5.2375e-5, 4.4667e-5, 4.4875e-5, 4.4792e-5, 4.4666e-5, 4.4708e-5, 4.4625e-5],"fresh_s":[0.038841833, 0.038267917, 0.037576, 0.0383105, 0.03792825, 0.037677417, 0.038872208],"warm_s":[0.038512042, 0.038441625, 0.038334541, 0.0381685, 0.038496542, 0.038650334, 0.0385185],"warm_loops":1,"checksum":6755311,"verified":true}
EVENT_LAB {"kind":"free_join","candidate":"roaring","scenario":"random_4096","shape":"triangle","memo":true,"worlds":4096,"rows":1024,"groups":64,"plan_nodes":3,"input_nodes":49,"final_nodes":1834,"input_bytes_est":567220,"final_bytes_est":11568904,"colt_bytes":163104,"build_s":[0.002245167, 0.002187667, 0.0021975, 0.002302459, 0.002220625, 0.002127833, 0.002108375],"native_setup_s":0.000226584,"native_first_join_s":0.000109417,"join_only_s":[5.2375e-5, 4.4667e-5, 4.4875e-5, 4.4792e-5, 4.4666e-5, 4.4708e-5, 4.4625e-5],"fresh_s":[0.018097708, 0.017700042, 0.017738375, 0.017731292, 0.017522084, 0.017849625, 0.017541],"warm_s":[8.45021171875e-5, 8.486409375e-5, 8.62810859375e-5, 8.307763671875e-5, 8.34329453125e-5, 8.597119140625e-5, 8.555224609375e-5],"warm_loops":256,"checksum":6755311,"verified":true}
EVENT_LAB {"kind":"free_join","candidate":"roaring","scenario":"random_4096","shape":"clover","memo":false,"worlds":4096,"rows":4096,"groups":64,"plan_nodes":3,"input_nodes":49,"final_nodes":5136,"input_bytes_est":567220,"final_bytes_est":28332376,"colt_bytes":41104,"build_s":[0.002378417, 0.002152833, 0.002188584, 0.00227725, 0.002296708, 0.002269916, 0.0022155],"native_setup_s":0.000139209,"native_first_join_s":0.000103209,"join_only_s":[7.5875e-5, 7.35e-5, 7.35e-5, 7.3291e-5, 7.9083e-5, 7.3459e-5, 7.325e-5],"fresh_s":[0.148028083, 0.149722625, 0.147419833, 0.147402, 0.148078667, 0.147876, 0.147217208],"warm_s":[0.1492655, 0.14822025, 0.150054875, 0.14927225, 0.149699666, 0.149789667, 0.156168375],"warm_loops":1,"checksum":7037411,"verified":true}
EVENT_LAB {"kind":"free_join","candidate":"roaring","scenario":"random_4096","shape":"clover","memo":true,"worlds":4096,"rows":4096,"groups":64,"plan_nodes":3,"input_nodes":49,"final_nodes":5136,"input_bytes_est":567220,"final_bytes_est":28619096,"colt_bytes":41104,"build_s":[0.002378417, 0.002152833, 0.002188584, 0.00227725, 0.002296708, 0.002269916, 0.0022155],"native_setup_s":0.000139209,"native_first_join_s":0.000103209,"join_only_s":[7.5875e-5, 7.35e-5, 7.35e-5, 7.3291e-5, 7.9083e-5, 7.3459e-5, 7.325e-5],"fresh_s":[0.043843542, 0.043412666, 0.042194375, 0.04165475, 0.042718542, 0.042123417, 0.0425875],"warm_s":[0.0001661201171875, 0.0001631536484375, 0.0001642724609375, 0.0001628265, 0.000165091796875, 0.0001687044296875, 0.0001607809296875],"warm_loops":128,"checksum":7037411,"verified":true}
ok

test result: ok. 1 passed; 0 failed; 0 ignored; 0 measured; 1360 filtered out; finished in 3.85s


        3.85 real         3.77 user         0.05 sys
            42106880  maximum resident set size
                   0  average shared memory size
                   0  average unshared data size
                   0  average unshared stack size
                2782  page reclaims
                   0  page faults
                   0  swaps
                   0  block input operations
                   0  block output operations
                   0  messages sent
                   0  messages received
                   0  signals received
                   0  voluntary context switches
                1600  involuntary context switches
         20731379632  instructions retired
         12800352565  cycles elapsed
            38502832  peak memory footprint
