
running 1 test
test event_repr_lab::experiment ... EVENT_LAB {"kind":"elimination","candidate":"roaring","bits":12,"worlds":4096,"fresh_s":[2.0333e-5, 1.5959e-5, 1.4416e-5, 1.4917e-5, 1.4042e-5, 1.4083e-5, 1.3875e-5],"nodes":5,"bytes_est":27120,"verified":true}
EVENT_LAB {"kind":"elimination","candidate":"roaring","bits":18,"worlds":262144,"fresh_s":[0.000202625, 0.000186875, 0.000182875, 0.000184042, 0.000181792, 0.000181834, 0.000183417],"nodes":5,"bytes_est":457680,"verified":true}
ok

test result: ok. 1 passed; 0 failed; 0 ignored; 0 measured; 1360 filtered out; finished in 0.00s


        0.00 real         0.00 user         0.00 sys
             5357568  maximum resident set size
                   0  average shared memory size
                   0  average unshared data size
                   0  average unshared stack size
                 539  page reclaims
                   0  page faults
                   0  swaps
                   0  block input operations
                   0  block output operations
                   0  messages sent
                   0  messages received
                   0  signals received
                   0  voluntary context switches
                  19  involuntary context switches
            83869906  instructions retired
            22257507  cycles elapsed
             3899752  peak memory footprint
