
running 3 tests
test tests::all_small_functions ... RANGE_CHECK {"passed":true,"binary":25165824,"projection":49152,"maps":178176,"completed_projection":49152,"orders":6,"modes":2,"kernels":2}
ok
test tests::long_chains_and_collection ... RANGE_LONG_SHAPE {"passed":true,"dimensions":61,"reverse":false,"mode":"Plain","kernel":"Steps","constructed_records":123,"compacted_records":62,"compacted_bytes":4108}
RANGE_LONG_SHAPE {"passed":true,"dimensions":61,"reverse":false,"mode":"Ranges","kernel":"Steps","constructed_records":123,"compacted_records":62,"compacted_bytes":4108}
RANGE_LONG_SHAPE {"passed":true,"dimensions":61,"reverse":true,"mode":"Plain","kernel":"Steps","constructed_records":123,"compacted_records":62,"compacted_bytes":4108}
RANGE_LONG_SHAPE {"passed":true,"dimensions":61,"reverse":true,"mode":"Ranges","kernel":"Steps","constructed_records":123,"compacted_records":62,"compacted_bytes":4108}
RANGE_LONG_SHAPE {"passed":true,"dimensions":61,"reverse":false,"mode":"Plain","kernel":"Groups","constructed_records":123,"compacted_records":62,"compacted_bytes":4108}
RANGE_LONG_SHAPE {"passed":true,"dimensions":61,"reverse":false,"mode":"Ranges","kernel":"Groups","constructed_records":123,"compacted_records":62,"compacted_bytes":4108}
RANGE_LONG_SHAPE {"passed":true,"dimensions":61,"reverse":true,"mode":"Plain","kernel":"Groups","constructed_records":123,"compacted_records":62,"compacted_bytes":4108}
RANGE_LONG_SHAPE {"passed":true,"dimensions":61,"reverse":true,"mode":"Ranges","kernel":"Groups","constructed_records":123,"compacted_records":62,"compacted_bytes":4108}
RANGE_CHAIN_CHECK {"passed":true,"world_checks":19200,"max_dimensions":61}
RANGE_MULTI_CHECK {"passed":true,"four_axis_masks":128,"visible_worlds":16384,"hidden_assignments_per_world":16}
ok
test tests::sparse_shared_exits ... RANGE_SPARSE_CHECK {"passed":true,"combinations":115200,"projections":61440,"cofactors":3840}
ok

test result: ok. 3 passed; 0 failed; 0 ignored; 0 measured; 0 filtered out; finished in 4.83s


running 0 tests

test result: ok. 0 passed; 0 failed; 0 ignored; 0 measured; 0 filtered out; finished in 0.00s


running 0 tests

test result: ok. 0 passed; 0 failed; 0 ignored; 0 measured; 0 filtered out; finished in 0.00s


   Compiling rustc-hash v2.1.0
   Compiling event-range-prototype v0.0.0 (/Users/bjorn/Documents/bumbledb/proposal/experiments/event-repr-lab/range-prototype)
warning: unnecessary parentheses around `if` condition
  --> src/main.rs:25:18
   |
25 |     let width=if (shape=="bilinear"||shape=="shared-exit") {10} else {4};
   |                  ^                                       ^
   |
   = note: `#[warn(unused_parens)]` (part of `#[warn(unused)]`) on by default
help: remove these parentheses
   |
25 -     let width=if (shape=="bilinear"||shape=="shared-exit") {10} else {4};
25 +     let width=if shape=="bilinear"||shape=="shared-exit" {10} else {4};
   |

warning: `event-range-prototype` (bin "event-range-prototype" test) generated 1 warning (run `cargo fix --bin "event-range-prototype" -p event-range-prototype --tests` to apply 1 suggestion)
    Finished `release` profile [optimized] target(s) in 0.92s
     Running unittests src/lib.rs (target/release/build/event-range-prototype/535a3f437cc51cf3/out/event_range_prototype-535a3f437cc51cf3)
     Running unittests src/main.rs (target/release/build/event-range-prototype/f9a1c0a112141483/out/event_range_prototype-f9a1c0a112141483)
   Doc-tests event_range_prototype
