{"cutoff":6,"bits":12,"layout":"face-major","fused":false,"pairs":24,"sum":[459, 147, 132, 96, 0, 0, 156, 0, 0, 0, 36, 132, 0, 688416, 378, 378, 327],"max":[23, 8, 6, 4, 0, 0, 10, 0, 0, 0, 2, 6, 0, 32784, 24, 24, 22],"verified":true}
{"cutoff":9,"bits":12,"layout":"face-major","fused":false,"pairs":24,"sum":[213, 33, 102, 24, 0, 0, 531, 0, 0, 0, 54, 150, 0, 792960, 222, 222, 153],"max":[11, 2, 5, 1, 0, 0, 26, 0, 0, 0, 3, 7, 0, 33088, 12, 12, 8],"verified":true}
{"cutoff":6,"bits":12,"layout":"face-major","fused":true,"pairs":24,"sum":[770, 23, 385, 95, 0, 0, 977, 0, 0, 0, 183, 492, 20, 789496, 860, 860, 722],"max":[35, 3, 18, 4, 0, 0, 49, 0, 0, 0, 11, 23, 3, 32920, 44, 44, 40],"verified":true}
{"cutoff":9,"bits":12,"layout":"face-major","fused":true,"pairs":24,"sum":[222, 0, 123, 0, 0, 24, 888, 0, 0, 0, 12, 234, 1, 795616, 384, 384, 273],"max":[11, 0, 6, 0, 0, 2, 45, 0, 0, 0, 2, 12, 1, 33232, 20, 20, 15],"verified":true}
{"cutoff":6,"bits":12,"layout":"bit-major","fused":false,"pairs":24,"sum":[513, 0, 201, 48, 0, 0, 371, 0, 0, 0, 151, 203, 0, 787672, 468, 468, 250],"max":[24, 0, 10, 2, 0, 0, 24, 0, 0, 0, 9, 12, 0, 32848, 26, 26, 25],"verified":true}
{"cutoff":9,"bits":12,"layout":"bit-major","fused":false,"pairs":24,"sum":[171, 0, 81, 48, 0, 0, 324, 0, 0, 0, 0, 129, 0, 791136, 246, 246, 450],"max":[9, 0, 4, 2, 0, 0, 15, 0, 0, 0, 0, 6, 0, 33024, 14, 14, 24],"verified":true}
{"cutoff":6,"bits":12,"layout":"bit-major","fused":true,"pairs":24,"sum":[501, 0, 201, 60, 0, 65, 356, 0, 0, 0, 139, 212, 1, 787648, 438, 438, 286],"max":[23, 0, 10, 3, 0, 6, 24, 0, 0, 0, 9, 12, 1, 32848, 24, 24, 24],"verified":true}
{"cutoff":9,"bits":12,"layout":"bit-major","fused":true,"pairs":24,"sum":[171, 0, 81, 33, 0, 33, 339, 0, 0, 0, 0, 129, 0, 791616, 228, 228, 450],"max":[9, 0, 4, 2, 0, 2, 16, 0, 0, 0, 0, 6, 0, 33024, 12, 12, 24],"verified":true}
{"cutoff":6,"bits":12,"layout":"pair-major","fused":false,"pairs":24,"sum":[642, 36, 246, 96, 0, 0, 365, 0, 0, 0, 148, 248, 0, 787648, 588, 588, 808],"max":[30, 2, 12, 4, 0, 0, 24, 0, 0, 0, 9, 14, 0, 32848, 32, 32, 47],"verified":true}
{"cutoff":9,"bits":12,"layout":"pair-major","fused":false,"pairs":24,"sum":[225, 21, 114, 57, 0, 0, 477, 0, 0, 0, 24, 171, 12, 792576, 330, 330, 336],"max":[12, 1, 6, 3, 0, 0, 24, 0, 0, 0, 1, 9, 2, 33120, 18, 18, 17],"verified":true}
{"cutoff":6,"bits":12,"layout":"pair-major","fused":true,"pairs":24,"sum":[600, 3, 246, 96, 0, 65, 365, 0, 0, 0, 148, 248, 0, 787648, 570, 570, 763],"max":[29, 1, 12, 4, 0, 6, 24, 0, 0, 0, 9, 14, 0, 32848, 28, 28, 41],"verified":true}
{"cutoff":9,"bits":12,"layout":"pair-major","fused":true,"pairs":24,"sum":[222, 0, 123, 42, 0, 36, 606, 0, 0, 0, 0, 204, 3, 793488, 312, 312, 363],"max":[11, 0, 6, 2, 0, 2, 30, 0, 0, 0, 0, 10, 1, 33088, 16, 16, 20],"verified":true}
{"cutoff":6,"bits":18,"layout":"face-major","fused":false,"pairs":24,"sum":[4959, 1175, 1506, 1506, 0, 0, 0, 0, 0, 0, 0, 1506, 216, 393216, 2202, 2202, 1698],"max":[210, 51, 63, 63, 0, 0, 0, 0, 0, 0, 0, 63, 15, 16384, 118, 118, 80],"verified":true}
{"cutoff":9,"bits":18,"layout":"face-major","fused":false,"pairs":24,"sum":[2241, 1104, 234, 192, 0, 0, 276, 0, 0, 0, 42, 234, 0, 739968, 3324, 3324, 2448],"max":[95, 47, 10, 8, 0, 0, 16, 0, 0, 0, 2, 10, 0, 32896, 144, 144, 122],"verified":true}
{"cutoff":6,"bits":18,"layout":"face-major","fused":true,"pairs":24,"sum":[12705, 5682, 1776, 1095, 0, 0, 1026, 0, 0, 0, 720, 1737, 260, 791064, 16980, 16980, 8205],"max":[539, 246, 77, 47, 0, 0, 43, 0, 0, 0, 33, 74, 17, 32976, 726, 726, 356],"verified":true}
{"cutoff":9,"bits":18,"layout":"face-major","fused":true,"pairs":24,"sum":[6672, 474, 3096, 237, 0, 0, 7924, 0, 0, 0, 3615, 2340, 278, 889440, 7356, 7356, 2148],"max":[288, 22, 133, 11, 0, 0, 355, 0, 0, 0, 157, 101, 20, 37440, 316, 316, 106],"verified":true}
{"cutoff":6,"bits":18,"layout":"bit-major","fused":false,"pairs":24,"sum":[3715, 694, 834, 168, 0, 0, 1149, 0, 0, 0, 922, 578, 13, 789608, 2870, 2870, 1452],"max":[172, 34, 45, 7, 0, 0, 76, 0, 0, 0, 57, 33, 4, 32952, 140, 140, 92],"verified":true}
{"cutoff":9,"bits":18,"layout":"bit-major","fused":false,"pairs":24,"sum":[1980, 114, 486, 90, 0, 0, 1998, 0, 0, 0, 336, 567, 13, 815456, 3150, 3150, 6477],"max":[86, 5, 21, 4, 0, 0, 102, 0, 0, 0, 14, 25, 2, 34080, 146, 146, 299],"verified":true}
{"cutoff":6,"bits":18,"layout":"bit-major","fused":true,"pairs":24,"sum":[3934, 860, 892, 247, 0, 148, 1109, 0, 0, 0, 903, 649, 19, 789560, 4068, 4068, 2896],"max":[185, 40, 48, 12, 0, 12, 70, 0, 0, 0, 57, 35, 5, 32952, 198, 198, 163],"verified":true}
{"cutoff":9,"bits":18,"layout":"bit-major","fused":true,"pairs":24,"sum":[1917, 138, 486, 69, 0, 234, 2001, 0, 0, 0, 339, 564, 33, 815552, 2946, 2946, 5685],"max":[83, 6, 21, 3, 0, 11, 103, 0, 0, 0, 15, 25, 3, 34112, 132, 132, 258],"verified":true}
{"cutoff":6,"bits":18,"layout":"pair-major","fused":false,"pairs":24,"sum":[4189, 748, 1002, 343, 0, 0, 1159, 0, 0, 0, 912, 750, 43, 789520, 3290, 3290, 4290],"max":[192, 37, 52, 16, 0, 0, 72, 0, 0, 0, 57, 37, 6, 32952, 160, 160, 221],"verified":true}
{"cutoff":9,"bits":18,"layout":"pair-major","fused":false,"pairs":24,"sum":[2064, 423, 486, 114, 0, 0, 2190, 0, 0, 0, 291, 597, 17, 814240, 3036, 3036, 4506],"max":[90, 21, 22, 5, 0, 0, 110, 0, 0, 0, 13, 27, 2, 34048, 142, 142, 213],"verified":true}
{"cutoff":6,"bits":18,"layout":"pair-major","fused":true,"pairs":24,"sum":[4543, 1102, 1002, 344, 0, 148, 1187, 0, 0, 0, 898, 764, 58, 789512, 4904, 4904, 5181],"max":[207, 48, 52, 15, 0, 12, 74, 0, 0, 0, 50, 42, 12, 32944, 220, 220, 263],"verified":true}
{"cutoff":9,"bits":18,"layout":"pair-major","fused":true,"pairs":24,"sum":[2459, 232, 776, 110, 0, 204, 2433, 0, 0, 0, 749, 693, 53, 817856, 3534, 3534, 4080],"max":[107, 11, 34, 5, 0, 11, 131, 0, 0, 0, 33, 34, 5, 34320, 158, 158, 191],"verified":true}

    Finished `release` profile [optimized] target(s) in 0.00s
     Running `/Users/bjorn/Documents/bumbledb/proposal/experiments/event-repr-lab/.scratch/view-target/release/examples/reuse_work`
