diff --git a/crates/bumbledb/src/api/prepared/tests.rs b/crates/bumbledb/src/api/prepared/tests.rs
index a649fdb1..a8f53301 100644
--- a/crates/bumbledb/src/api/prepared/tests.rs
+++ b/crates/bumbledb/src/api/prepared/tests.rs
@@ -10,6 +10,10 @@
 //! `execute`/`execute_owned`), so every suite exercises the real seam.
 use super::*;
 
+#[cfg(test)]
+#[path = "/Users/bjorn/Documents/bumbledb/bench-out/autoresearch-20260908.pMXtzv/p3-demand-query.rs"]
+mod p3_demand_query;
+
 use crate::api::db::{InstanceBuilder, OwnedInstance};
 use crate::error::Error;
 use crate::ir::{
diff --git a/crates/bumbledb/src/exec/run.rs b/crates/bumbledb/src/exec/run.rs
index 6210fc5d..c5360ea1 100644
--- a/crates/bumbledb/src/exec/run.rs
+++ b/crates/bumbledb/src/exec/run.rs
@@ -534,3 +534,7 @@ use cover::better_cover;
 
 #[cfg(test)]
 mod tests;
+
+#[cfg(test)]
+#[path = "/Users/bjorn/Documents/bumbledb/bench-out/autoresearch-20260908.pMXtzv/p3-demand-exec.rs"]
+mod p3_demand_exec;
diff --git a/crates/bumbledb/src/exec/run/overlap_leaf.rs b/crates/bumbledb/src/exec/run/overlap_leaf.rs
index e523e199..ca5b9f6f 100644
--- a/crates/bumbledb/src/exec/run/overlap_leaf.rs
+++ b/crates/bumbledb/src/exec/run/overlap_leaf.rs
@@ -137,6 +137,8 @@ impl Executor {
         );
         self.overlap
             .query_into(dir, q_start, q_end, &mut self.overlap_hits);
+        #[cfg(test)]
+        crate::interval::overlap::p3_demand::record(dir, q_start, q_end, &self.overlap_hits);
         true
     }
 }
diff --git a/crates/bumbledb/src/exec/run/tests/intervals.rs b/crates/bumbledb/src/exec/run/tests/intervals.rs
index f6a0510a..223346c0 100644
--- a/crates/bumbledb/src/exec/run/tests/intervals.rs
+++ b/crates/bumbledb/src/exec/run/tests/intervals.rs
@@ -4,6 +4,8 @@ use crate::ir::normalize::{IntervalWord, OccBind, SlotWidth};
 use bumbledb_theory::allen::AllenMask;
 use bumbledb_theory::schema::ValueType;
 
+mod constraints;
+
 fn tagged_interval_schema(relations: usize) -> Schema {
     SchemaDescriptor {
         relations: (0..relations)
diff --git a/crates/bumbledb/src/interval/overlap.rs b/crates/bumbledb/src/interval/overlap.rs
index d3a43bc3..4a816e2a 100644
--- a/crates/bumbledb/src/interval/overlap.rs
+++ b/crates/bumbledb/src/interval/overlap.rs
@@ -1,9 +1,8 @@
-//! The order-based overlap index:
-//! per key group, the start-sorted position list under an implicit
-//! max-end tree, so "every position whose interval pair overlaps
-//! `[q_start, q_end)`" enumerates in ~O(log n + out) instead of the
-//! group's full n — the `Σ n_k²` all-pairs walk becomes
-//! `Σ n_k log n_k + out` across a per-key self-join. Small groups skip
+//! Per-key, start-sorted interval positions. Small groups store flat ends;
+//! large groups use an implicit max-end tree to prune the search.
+//! Queries select `start < q_end && end > q_start` in start order. The
+//! bounds can combine independent constraints, so equal or reversed query
+//! bounds may still select a spanning interval.
 use std::num::NonZeroU32;
 
 const FLAT_SWEEP_CEILING: usize = 128;
@@ -74,6 +73,7 @@ pub(crate) struct OverlapCache {
 
     positions: Vec<u32>,
 
+    // Each group's tree_base addresses either len flat ends or a 2*p tree.
     tree: Vec<u64>,
 
     triples: Vec<(u64, u64, u32)>,
@@ -131,15 +131,19 @@ impl OverlapCache {
             .extend(triples.iter().map(|&(start, _, _)| start));
         self.positions
             .extend(triples.iter().map(|&(_, _, position)| position));
-        let tree_base = self.tree.len();
-        let p_usize = p.get() as usize;
-        self.tree.resize(tree_base + 2 * p_usize, 0);
-        for (j, &(_, end, _)) in triples.iter().enumerate() {
-            self.tree[tree_base + p_usize + j] = end;
-        }
-        for i in (1..p_usize).rev() {
-            self.tree[tree_base + i] =
-                self.tree[tree_base + 2 * i].max(self.tree[tree_base + 2 * i + 1]);
+        if len <= FLAT_SWEEP_CEILING {
+            self.tree.extend(triples.iter().map(|&(_, end, _)| end));
+        } else {
+            let tree_base = self.tree.len();
+            let p_usize = p.get() as usize;
+            self.tree.resize(tree_base + 2 * p_usize, 0);
+            for (j, &(_, end, _)) in triples.iter().enumerate() {
+                self.tree[tree_base + p_usize + j] = end;
+            }
+            for i in (1..p_usize).rev() {
+                self.tree[tree_base + i] =
+                    self.tree[tree_base + 2 * i].max(self.tree[tree_base + 2 * i + 1]);
+            }
         }
         self.triples = triples;
         Probe::Ready(found)
@@ -153,6 +157,7 @@ impl OverlapCache {
         }
     }
 
+    /// Report both inequalities, even when `q_start >= q_end`.
     pub(crate) fn query_into(&self, dir: u32, q_start: u64, q_end: u64, out: &mut Vec<u32>) {
         out.clear();
         let d = self.dirs[dir as usize];
@@ -166,13 +171,12 @@ impl OverlapCache {
         else {
             unreachable!("queries touch built indexes only");
         };
-        let p = p.get() as usize;
         let base = base as usize;
         let len = len as usize;
         let starts = &self.starts[base..base + len];
         let positions = &self.positions[base..base + len];
         if len <= FLAT_SWEEP_CEILING {
-            let ends = &self.tree[tree_base as usize + p..][..len];
+            let ends = &self.tree[tree_base as usize..][..len];
             for j in 0..len {
                 if starts[j] >= q_end {
                     break;
@@ -183,6 +187,7 @@ impl OverlapCache {
             }
             return;
         }
+        let p = p.get() as usize;
         let hi = starts.partition_point(|&start| start < q_end);
         if hi == 0 {
             return;
@@ -244,6 +249,13 @@ impl OverlapCache {
     }
 }
 
+#[cfg(test)]
+mod boundaries;
+
+#[cfg(test)]
+#[path = "/Users/bjorn/Documents/bumbledb/bench-out/autoresearch-20260908.pMXtzv/p3-demand-cache.rs"]
+pub(crate) mod p3_demand;
+
 #[cfg(test)]
 mod tests {
     use super::{OverlapCache, Probe};
