
running 1 test
test event_repr_lab::experiment ... EVENT_LAB {"kind":"relations_free_join","candidate":"dense","bits":12,"worlds":4096,"rows":128,"groups":16,"memo":false,"build_s":[3.3708e-5, 2.1334e-5, 1.9875e-5, 1.8708e-5, 1.9375e-5, 1.8667e-5, 1.8917e-5],"join_only_s":[2.7708e-5, 5.166e-6, 4.917e-6, 4.959e-6, 4.958e-6, 5.084e-6, 5e-6],"fresh_s":[0.000237458, 0.000213958, 0.00020775, 0.000207, 0.000204667, 0.000203833, 0.000206833],"warm_s":[0.000202708, 0.000201708, 0.000201708, 0.000213625, 0.000209291, 0.00020175, 0.000201833],"input_bytes_est":15976,"final_bytes_est":82488,"final_nodes":140,"closure_iterations":46,"checksum":7171072,"verified":true}
EVENT_LAB {"kind":"relations_free_join","candidate":"dense","bits":12,"worlds":4096,"rows":128,"groups":16,"memo":true,"build_s":[3.3708e-5, 2.1334e-5, 1.9875e-5, 1.8708e-5, 1.9375e-5, 1.8667e-5, 1.8917e-5],"join_only_s":[2.7708e-5, 5.166e-6, 4.917e-6, 4.959e-6, 4.958e-6, 5.084e-6, 5e-6],"fresh_s":[8.4375e-5, 7.5916e-5, 7.7459e-5, 7.4792e-5, 7.3292e-5, 7.35e-5, 7.3458e-5],"warm_s":[1.0708e-5, 1.0292e-5, 1.0166e-5, 1.0208e-5, 1.0208e-5, 1.0292e-5, 1.025e-5],"input_bytes_est":15976,"final_bytes_est":95480,"final_nodes":140,"closure_iterations":46,"checksum":7171072,"verified":true}
EVENT_LAB {"kind":"relations_free_join","candidate":"dense","bits":18,"worlds":262144,"rows":128,"groups":16,"memo":false,"build_s":[0.001070125, 0.001081083, 0.000994667, 0.000971167, 0.001004333, 0.000992583, 0.000966208],"join_only_s":[1.6041e-5, 5.25e-6, 5.042e-6, 4.958e-6, 5.041e-6, 4.958e-6, 4.958e-6],"fresh_s":[0.009903791, 0.01001825, 0.009728666, 0.009631291, 0.010346625, 0.010087333, 0.009912875],"warm_s":[0.009924875, 0.010044125, 0.010140542, 0.010080916, 0.009871291, 0.010202875, 0.010049666],"input_bytes_est":919240,"final_bytes_est":5810656,"final_nodes":175,"closure_iterations":52,"checksum":215255808,"verified":true}
EVENT_LAB {"kind":"relations_free_join","candidate":"dense","bits":18,"worlds":262144,"rows":128,"groups":16,"memo":true,"build_s":[0.001070125, 0.001081083, 0.000994667, 0.000971167, 0.001004333, 0.000992583, 0.000966208],"join_only_s":[1.6041e-5, 5.25e-6, 5.042e-6, 4.958e-6, 5.041e-6, 4.958e-6, 4.958e-6],"fresh_s":[0.003459541, 0.003476375, 0.003363833, 0.003579833, 0.003377125, 0.003493291, 0.003362417],"warm_s":[5.2e-5, 4.8958e-5, 4.8458e-5, 4.8583e-5, 6.1125e-5, 4.8958e-5, 4.8625e-5],"input_bytes_est":919240,"final_bytes_est":5823648,"final_nodes":175,"closure_iterations":52,"checksum":215255808,"verified":true}
ok

test result: ok. 1 passed; 0 failed; 0 ignored; 0 measured; 1360 filtered out; finished in 0.21s


        0.21 real         0.21 user         0.00 sys
            23216128  maximum resident set size
                   0  average shared memory size
                   0  average unshared data size
                   0  average unshared stack size
                1629  page reclaims
                   0  page faults
                   0  swaps
                   0  block input operations
                   0  block output operations
                   0  messages sent
                   0  messages received
                   0  signals received
                   0  voluntary context switches
                  57  involuntary context switches
          3591305527  instructions retired
           726598518  cycles elapsed
            20644248  peak memory footprint
