
running 1 test
test event_repr_lab::experiment ... EVENT_LAB {"kind":"relations_free_join","candidate":"bdd-anchored","bits":12,"worlds":4096,"rows":128,"groups":16,"memo":false,"build_s":[0.000631041, 0.000615917, 0.0006095, 0.000630166, 0.000645792, 0.000621375, 0.000597],"join_only_s":[5.1666e-5, 5.25e-6, 5.084e-6, 4.959e-6, 4.917e-6, 4.917e-6, 4.917e-6],"fresh_s":[0.000683667, 0.000603125, 0.000557875, 0.000568084, 0.00054375, 0.000647583, 0.000572916],"warm_s":[0.000376875, 0.000364875, 0.000363375, 0.000364125, 0.00036175, 0.00036, 0.000382875],"input_bytes_est":22816,"final_bytes_est":235168,"final_nodes":1886,"closure_iterations":46,"checksum":7171072,"verified":true}
EVENT_LAB {"kind":"relations_free_join","candidate":"bdd-anchored","bits":12,"worlds":4096,"rows":128,"groups":16,"memo":true,"build_s":[0.000631041, 0.000615917, 0.0006095, 0.000630166, 0.000645792, 0.000621375, 0.000597],"join_only_s":[5.1666e-5, 5.25e-6, 5.084e-6, 4.959e-6, 4.917e-6, 4.917e-6, 4.917e-6],"fresh_s":[0.000399875, 0.00037175, 0.000363834, 0.000364667, 0.000358959, 0.000353833, 0.000382125],"warm_s":[1.65e-5, 1.5e-5, 1.4875e-5, 1.475e-5, 1.4833e-5, 1.4875e-5, 1.4875e-5],"input_bytes_est":22816,"final_bytes_est":248160,"final_nodes":1886,"closure_iterations":46,"checksum":7171072,"verified":true}
EVENT_LAB {"kind":"relations_free_join","candidate":"bdd-anchored","bits":18,"worlds":262144,"rows":128,"groups":16,"memo":false,"build_s":[0.032120541, 0.03244575, 0.032403584, 0.032147083, 0.031974333, 0.032123416, 0.033375708],"join_only_s":[2.275e-5, 5.25e-6, 4.958e-6, 5.042e-6, 4.959e-6, 4.958e-6, 4.917e-6],"fresh_s":[0.004805333, 0.004626084, 0.004930083, 0.004479541, 0.004890417, 0.0045975, 0.004959917],"warm_s":[0.003752333, 0.004121167, 0.003397791, 0.003387917, 0.003753542, 0.003388916, 0.003599708],"input_bytes_est":90496,"final_bytes_est":1464448,"final_nodes":11102,"closure_iterations":52,"checksum":215255808,"verified":true}
EVENT_LAB {"kind":"relations_free_join","candidate":"bdd-anchored","bits":18,"worlds":262144,"rows":128,"groups":16,"memo":true,"build_s":[0.032120541, 0.03244575, 0.032403584, 0.032147083, 0.031974333, 0.032123416, 0.033375708],"join_only_s":[2.275e-5, 5.25e-6, 4.958e-6, 5.042e-6, 4.959e-6, 4.958e-6, 4.917e-6],"fresh_s":[0.002962166, 0.002853042, 0.002895292, 0.003076333, 0.003162167, 0.002907709, 0.002944083],"warm_s":[8.875e-5, 5.9042e-5, 5.6875e-5, 5.6917e-5, 5.7084e-5, 5.6584e-5, 5.7e-5],"input_bytes_est":90496,"final_bytes_est":1477440,"final_nodes":11102,"closure_iterations":52,"checksum":215255808,"verified":true}
ok

test result: ok. 1 passed; 0 failed; 0 ignored; 0 measured; 1360 filtered out; finished in 2.39s


        2.39 real         2.35 user         0.02 sys
            15679488  maximum resident set size
                   0  average shared memory size
                   0  average unshared data size
                   0  average unshared stack size
                1169  page reclaims
                   0  page faults
                   0  swaps
                   0  block input operations
                   0  block output operations
                   0  messages sent
                   0  messages received
                   0  signals received
                   0  voluntary context switches
                 805  involuntary context switches
         31875711317  instructions retired
          7974218280  cycles elapsed
            13140352  peak memory footprint
