
running 1 test
test event_repr_lab::experiment ... EVENT_LAB {"kind":"free_join","candidate":"essential512","scenario":"coup_4290","shape":"triangle","memo":false,"worlds":4290,"admissible_worlds":4290,"rows":1024,"groups":64,"plan_nodes":3,"input_nodes":611,"final_nodes":15983,"input_bytes_est":52863,"final_bytes_est":2053280,"colt_bytes":163104,"construction_bytes_est":80635,"input_storage":{"layout":"slab","record_bytes":9776,"table_bytes":16560,"interner_bytes":17676,"metadata_bytes":4992,"cache_bytes":3859,"records":611,"tables":264,"logical_words":2070,"total_bytes_est":52863},"final_storage":{"layout":"slab","record_bytes":312832,"table_bytes":529920,"interner_bytes":565632,"metadata_bytes":156520,"cache_bytes":488376,"records":15983,"tables":6470,"logical_words":51434,"total_bytes_est":2053280},"build_s":[0.000418375, 0.000367083, 0.000350708, 0.0003505, 0.000355666, 0.000354083, 0.000355375, 0.000354958, 0.000358208],"native_setup_s":0.000200291,"native_first_join_s":0.000103375,"join_only_s":[4.9584e-5, 4.6041e-5, 4.6083e-5, 4.5959e-5, 4.6166e-5, 4.5958e-5, 4.8125e-5, 4.9666e-5, 4.7625e-5],"fresh_s":[0.010889459, 0.011361625, 0.010952041, 0.010695292, 0.0106645, 0.010710333, 0.010629625, 0.011398042, 0.010841041],"warm_s":[0.00012656315234375, 0.0001278349609375, 0.00012750927734375, 0.0001277677421875, 0.0001272976875, 0.00012831803125, 0.00012781087109375, 0.00012657373046875, 0.0001274593125],"warm_loops":256,"checksum":5648062,"verified":true}
EVENT_LAB {"kind":"free_join","candidate":"essential512","scenario":"coup_4290","shape":"triangle","memo":true,"worlds":4290,"admissible_worlds":4290,"rows":1024,"groups":64,"plan_nodes":3,"input_nodes":611,"final_nodes":15983,"input_bytes_est":52863,"final_bytes_est":2124960,"colt_bytes":163104,"construction_bytes_est":80635,"input_storage":{"layout":"slab","record_bytes":9776,"table_bytes":16560,"interner_bytes":17676,"metadata_bytes":4992,"cache_bytes":3859,"records":611,"tables":264,"logical_words":2070,"total_bytes_est":52863},"final_storage":{"layout":"slab","record_bytes":312832,"table_bytes":529920,"interner_bytes":565632,"metadata_bytes":156520,"cache_bytes":488376,"records":15983,"tables":6470,"logical_words":51434,"total_bytes_est":2053280},"build_s":[0.000418375, 0.000367083, 0.000350708, 0.0003505, 0.000355666, 0.000354083, 0.000355375, 0.000354958, 0.000358208],"native_setup_s":0.000200291,"native_first_join_s":0.000103375,"join_only_s":[4.9584e-5, 4.6041e-5, 4.6083e-5, 4.5959e-5, 4.6166e-5, 4.5958e-5, 4.8125e-5, 4.9666e-5, 4.7625e-5],"fresh_s":[0.011012208, 0.010878916, 0.010733625, 0.010799417, 0.010724834, 0.010721958, 0.01079, 0.01090825, 0.011051083],"warm_s":[7.8767578125e-5, 7.9864421875e-5, 7.894482421875e-5, 7.937890625e-5, 7.888671875e-5, 8.064730078125e-5, 7.89591484375e-5, 7.98279609375e-5, 8.014127734375e-5],"warm_loops":256,"checksum":5648062,"verified":true}
EVENT_LAB {"kind":"free_join","candidate":"essential512","scenario":"coup_4290","shape":"clover","memo":false,"worlds":4290,"admissible_worlds":4290,"rows":4096,"groups":64,"plan_nodes":3,"input_nodes":611,"final_nodes":27896,"input_bytes_est":52863,"final_bytes_est":3618080,"colt_bytes":41104,"construction_bytes_est":80635,"input_storage":{"layout":"slab","record_bytes":9776,"table_bytes":16560,"interner_bytes":17676,"metadata_bytes":4992,"cache_bytes":3859,"records":611,"tables":264,"logical_words":2070,"total_bytes_est":52863},"final_storage":{"layout":"slab","record_bytes":625664,"table_bytes":1059840,"interner_bytes":643840,"metadata_bytes":312936,"cache_bytes":975800,"records":27896,"tables":10687,"logical_words":85160,"total_bytes_est":3618080},"build_s":[0.0003725, 0.000382041, 0.000377416, 0.000362958, 0.000365209, 0.000364375, 0.000356833, 0.000351417, 0.000350958],"native_setup_s":0.000147834,"native_first_join_s":0.000104125,"join_only_s":[8.4292e-5, 7.4125e-5, 7.4e-5, 7.425e-5, 7.4334e-5, 7.4334e-5, 7.4e-5, 7.4375e-5, 7.4208e-5],"fresh_s":[0.028384458, 0.028309, 0.028055291, 0.028132541, 0.028022125, 0.029029875, 0.029685167, 0.027963416, 0.0310045],"warm_s":[0.000322955078125, 0.00032375259375, 0.000323544921875, 0.000326809890625, 0.000338744140625, 0.000352557296875, 0.00033387109375, 0.000344625, 0.000328164703125],"warm_loops":64,"checksum":5691950,"verified":true}
EVENT_LAB {"kind":"free_join","candidate":"essential512","scenario":"coup_4290","shape":"clover","memo":true,"worlds":4290,"admissible_worlds":4290,"rows":4096,"groups":64,"plan_nodes":3,"input_nodes":611,"final_nodes":27896,"input_bytes_est":52863,"final_bytes_est":3904800,"colt_bytes":41104,"construction_bytes_est":80635,"input_storage":{"layout":"slab","record_bytes":9776,"table_bytes":16560,"interner_bytes":17676,"metadata_bytes":4992,"cache_bytes":3859,"records":611,"tables":264,"logical_words":2070,"total_bytes_est":52863},"final_storage":{"layout":"slab","record_bytes":625664,"table_bytes":1059840,"interner_bytes":643840,"metadata_bytes":312936,"cache_bytes":975800,"records":27896,"tables":10687,"logical_words":85160,"total_bytes_est":3618080},"build_s":[0.0003725, 0.000382041, 0.000377416, 0.000362958, 0.000365209, 0.000364375, 0.000356833, 0.000351417, 0.000350958],"native_setup_s":0.000147834,"native_first_join_s":0.000104125,"join_only_s":[8.4292e-5, 7.4125e-5, 7.4e-5, 7.425e-5, 7.4334e-5, 7.4334e-5, 7.4e-5, 7.4375e-5, 7.4208e-5],"fresh_s":[0.028094333, 0.029998208, 0.028179792, 0.028176833, 0.03025575, 0.027980125, 0.028038625, 0.028011708, 0.027856708],"warm_s":[0.00015400960546875, 0.00015430110546875, 0.00015435465625, 0.000154298828125, 0.00015476513671875, 0.0001546650390625, 0.0001543662109375, 0.0001542438125, 0.000154544921875],"warm_loops":256,"checksum":5691950,"verified":true}
ok

test result: ok. 1 passed; 0 failed; 0 ignored; 0 measured; 1366 filtered out; finished in 2.07s


        2.07 real         2.05 user         0.00 sys
            25198592  maximum resident set size
                   0  average shared memory size
                   0  average unshared data size
                   0  average unshared stack size
                1753  page reclaims
                   0  page faults
                   0  swaps
                   0  block input operations
                   0  block output operations
                   0  messages sent
                   0  messages received
                   0  signals received
                   0  voluntary context switches
                 270  involuntary context switches
         32233411330  instructions retired
          6914622092  cycles elapsed
            22495640  peak memory footprint
