
running 1 test
test event_repr_lab::experiment ... EVENT_LAB {"kind":"free_join","candidate":"essential512","scenario":"coup_product_65536","shape":"triangle","memo":false,"worlds":65536,"admissible_worlds":4290,"rows":1024,"groups":64,"plan_nodes":3,"input_nodes":3165,"final_nodes":49186,"input_bytes_est":474614,"final_bytes_est":7965360,"colt_bytes":163104,"construction_bytes_est":511854,"input_storage":{"layout":"enum","record_bytes":101280,"table_bytes":139776,"interner_bytes":146944,"metadata_bytes":25448,"cache_bytes":61166,"records":3165,"tables":1099,"logical_words":8736,"total_bytes_est":474614},"final_storage":{"layout":"enum","record_bytes":1620480,"table_bytes":1635024,"interner_bytes":2351104,"metadata_bytes":405248,"cache_bytes":1953504,"records":49186,"tables":12928,"logical_words":102189,"total_bytes_est":7965360},"build_s":[0.003928833, 0.003759334, 0.003836584, 0.003824834, 0.003899458, 0.003807209, 0.003854083, 0.003824416, 0.003947042],"native_setup_s":0.000241542,"native_first_join_s":0.000096333,"join_only_s":[4.9416e-5, 4.5083e-5, 5.2958e-5, 4.5041e-5, 6.4042e-5, 4.9042e-5, 4.5e-5, 5.45e-5, 4.875e-5],"fresh_s":[0.038894917, 0.035882792, 0.034924833, 0.035708125, 0.037532125, 0.038407834, 0.0384815, 0.038350084, 0.035472667],"warm_s":[0.00013551708984375, 0.00013415690234375, 0.00013334928125, 0.00013871500390625, 0.00014667236328125, 0.00013928662109375, 0.000137077796875, 0.0001354060859375, 0.00013834098046875],"warm_loops":256,"checksum":5648062,"verified":true}
EVENT_LAB {"kind":"free_join","candidate":"essential512","scenario":"coup_product_65536","shape":"triangle","memo":true,"worlds":65536,"admissible_worlds":4290,"rows":1024,"groups":64,"plan_nodes":3,"input_nodes":3165,"final_nodes":49186,"input_bytes_est":474614,"final_bytes_est":8037040,"colt_bytes":163104,"construction_bytes_est":511854,"input_storage":{"layout":"enum","record_bytes":101280,"table_bytes":139776,"interner_bytes":146944,"metadata_bytes":25448,"cache_bytes":61166,"records":3165,"tables":1099,"logical_words":8736,"total_bytes_est":474614},"final_storage":{"layout":"enum","record_bytes":1620480,"table_bytes":1635024,"interner_bytes":2351104,"metadata_bytes":405248,"cache_bytes":1953504,"records":49186,"tables":12928,"logical_words":102189,"total_bytes_est":7965360},"build_s":[0.003928833, 0.003759334, 0.003836584, 0.003824834, 0.003899458, 0.003807209, 0.003854083, 0.003824416, 0.003947042],"native_setup_s":0.000241542,"native_first_join_s":0.000096333,"join_only_s":[4.9416e-5, 4.5083e-5, 5.2958e-5, 4.5041e-5, 6.4042e-5, 4.9042e-5, 4.5e-5, 5.45e-5, 4.875e-5],"fresh_s":[0.036110208, 0.058338541, 0.086420458, 0.04254225, 0.038387875, 0.052585125, 0.037443084, 0.038448584, 0.038127583],"warm_s":[8.263330078125e-5, 8.27890625e-5, 0.00019516943359375, 0.00024443994140625, 8.406184765625e-5, 8.601871875e-5, 8.262744140625e-5, 9.1508953125e-5, 0.00011149576953125],"warm_loops":256,"checksum":5648062,"verified":true}
EVENT_LAB {"kind":"free_join","candidate":"essential512","scenario":"coup_product_65536","shape":"clover","memo":false,"worlds":65536,"admissible_worlds":4290,"rows":4096,"groups":64,"plan_nodes":3,"input_nodes":3165,"final_nodes":74273,"input_bytes_est":474614,"final_bytes_est":14911552,"colt_bytes":41104,"construction_bytes_est":511854,"input_storage":{"layout":"enum","record_bytes":101280,"table_bytes":139776,"interner_bytes":146944,"metadata_bytes":25448,"cache_bytes":61166,"records":3165,"tables":1099,"logical_words":8736,"total_bytes_est":474614},"final_storage":{"layout":"enum","record_bytes":3240960,"table_bytes":2251008,"interner_bytes":4702208,"metadata_bytes":810368,"cache_bytes":3907008,"records":74273,"tables":17770,"logical_words":140688,"total_bytes_est":14911552},"build_s":[0.004841709, 0.004531083, 0.003831541, 0.004415333, 0.003819375, 0.004313792, 0.003822583, 0.004386042, 0.003775625],"native_setup_s":0.000148333,"native_first_join_s":0.000102041,"join_only_s":[7.6417e-5, 7.3792e-5, 7.375e-5, 7.35e-5, 7.3625e-5, 7.3625e-5, 7.3459e-5, 7.4125e-5, 9.5375e-5],"fresh_s":[0.125407834, 0.0905745, 0.08423375, 0.20669275, 0.128644, 0.103956583, 0.177513667, 0.112215917, 0.086341791],"warm_s":[0.00034203971875, 0.000341317046875, 0.000339204421875, 0.000349830078125, 0.000351842453125, 0.000342733734375, 0.00034663346875, 0.000345544921875, 0.000349859375],"warm_loops":64,"checksum":5691950,"verified":true}
EVENT_LAB {"kind":"free_join","candidate":"essential512","scenario":"coup_product_65536","shape":"clover","memo":true,"worlds":65536,"admissible_worlds":4290,"rows":4096,"groups":64,"plan_nodes":3,"input_nodes":3165,"final_nodes":74273,"input_bytes_est":474614,"final_bytes_est":15198272,"colt_bytes":41104,"construction_bytes_est":511854,"input_storage":{"layout":"enum","record_bytes":101280,"table_bytes":139776,"interner_bytes":146944,"metadata_bytes":25448,"cache_bytes":61166,"records":3165,"tables":1099,"logical_words":8736,"total_bytes_est":474614},"final_storage":{"layout":"enum","record_bytes":3240960,"table_bytes":2251008,"interner_bytes":4702208,"metadata_bytes":810368,"cache_bytes":3907008,"records":74273,"tables":17770,"logical_words":140688,"total_bytes_est":14911552},"build_s":[0.004841709, 0.004531083, 0.003831541, 0.004415333, 0.003819375, 0.004313792, 0.003822583, 0.004386042, 0.003775625],"native_setup_s":0.000148333,"native_first_join_s":0.000102041,"join_only_s":[7.6417e-5, 7.3792e-5, 7.375e-5, 7.35e-5, 7.3625e-5, 7.3625e-5, 7.3459e-5, 7.4125e-5, 9.5375e-5],"fresh_s":[0.084897917, 0.084459958, 0.082960375, 0.080501916, 0.08206775, 0.082325667, 0.082079708, 0.080320875, 0.078186042],"warm_s":[0.0001755302734375, 0.0001887265625, 0.0001629518203125, 0.0001604996796875, 0.0001607643203125, 0.0001589436796875, 0.000162587890625, 0.0001579280625, 0.0001594205703125],"warm_loops":128,"checksum":5691950,"verified":true}
ok

test result: ok. 1 passed; 0 failed; 0 ignored; 0 measured; 1366 filtered out; finished in 5.18s


        5.18 real         4.67 user         0.04 sys
            73859072  maximum resident set size
                   0  average shared memory size
                   0  average unshared data size
                   0  average unshared stack size
                4724  page reclaims
                   0  page faults
                   0  swaps
                   0  block input operations
                   0  block output operations
                   0  messages sent
                   0  messages received
                   0  signals received
                   0  voluntary context switches
                4812  involuntary context switches
         66144959624  instructions retired
         15371512814  cycles elapsed
            71172528  peak memory footprint
