
running 1 test
test event_repr_lab::experiment ... EVENT_LAB {"kind":"modal_free_join","candidate":"sparse","bits":12,"worlds":4096,"rows":128,"groups":16,"memo":false,"build_s":[0.000334584, 0.000293417, 0.000288459, 0.000269708, 0.000272667, 0.000270167, 0.000268125, 0.000272166, 0.0002755, 0.000270834, 0.000276292],"join_only_s":[1.2833e-5, 5.125e-6, 4.917e-6, 4.917e-6, 4.875e-6, 4.875e-6, 4.917e-6, 4.875e-6, 4.917e-6, 4.875e-6, 4.917e-6],"fresh_s":[0.007517208, 0.007529625, 0.007421209, 0.007618375, 0.007496042, 0.007589666, 0.007454209, 0.007738042, 0.007445834, 0.007351792, 0.007411625],"warm_s":[0.00774109375, 0.007780375, 0.00786615625, 0.00758554175, 0.007602927, 0.007912, 0.0077845415, 0.00748483325, 0.00746313525, 0.00749546875, 0.00756013525],"input_bytes_est":176400,"final_bytes_est":979728,"final_nodes":205,"checksum":17920,"verified":true}
EVENT_LAB {"kind":"modal_free_join","candidate":"sparse","bits":12,"worlds":4096,"rows":128,"groups":16,"memo":true,"build_s":[0.000334584, 0.000293417, 0.000288459, 0.000269708, 0.000272667, 0.000270167, 0.000268125, 0.000272166, 0.0002755, 0.000270834, 0.000276292],"join_only_s":[1.2833e-5, 5.125e-6, 4.917e-6, 4.917e-6, 4.875e-6, 4.875e-6, 4.917e-6, 4.875e-6, 4.917e-6, 4.875e-6, 4.917e-6],"fresh_s":[0.002154416, 0.0020825, 0.002072833, 0.002068208, 0.0021335, 0.002087791, 0.002076166, 0.002133209, 0.002367958, 0.00220725, 0.002191542],"warm_s":[8.519297119140625e-6, 8.4058837890625e-6, 8.437479736328126e-6, 8.504252197265625e-6, 8.511759521484375e-6, 8.366058349609376e-6, 8.281585693359374e-6, 8.358296630859375e-6, 8.4850869140625e-6, 8.339823486328125e-6, 8.467000244140625e-6],"input_bytes_est":176400,"final_bytes_est":989584,"final_nodes":205,"checksum":17920,"verified":true}
EVENT_LAB {"kind":"modal_free_join","candidate":"sparse","bits":18,"worlds":262144,"rows":128,"groups":16,"memo":false,"build_s":[0.014285625, 0.013807709, 0.014599708, 0.013571292, 0.013595917, 0.014381708, 0.013377459, 0.013297333, 0.01388425, 0.013915041, 0.013698458],"join_only_s":[1.0083e-5, 5.042e-6, 5e-6, 4.917e-6, 4.958e-6, 5e-6, 4.958e-6, 4.916e-6, 4.958e-6, 4.959e-6, 4.958e-6],"fresh_s":[0.416167625, 0.428131042, 0.418258708, 0.423963084, 0.415180334, 0.414279292, 0.420070333, 0.420888875, 0.418869792, 0.415001917, 0.421524083],"warm_s":[0.425014666, 0.418845584, 0.415574542, 0.436486542, 0.426091042, 0.432044625, 0.424252375, 0.422365584, 0.413799667, 0.413190708, 0.416527875],"input_bytes_est":9905040,"final_bytes_est":47633304,"final_nodes":216,"checksum":19873792,"verified":true}
EVENT_LAB {"kind":"modal_free_join","candidate":"sparse","bits":18,"worlds":262144,"rows":128,"groups":16,"memo":true,"build_s":[0.014285625, 0.013807709, 0.014599708, 0.013571292, 0.013595917, 0.014381708, 0.013377459, 0.013297333, 0.01388425, 0.013915041, 0.013698458],"join_only_s":[1.0083e-5, 5.042e-6, 5e-6, 4.917e-6, 4.958e-6, 5e-6, 4.958e-6, 4.916e-6, 4.958e-6, 4.959e-6, 4.958e-6],"fresh_s":[0.11191225, 0.112682833, 0.112218, 0.112025583, 0.114543, 0.112891459, 0.113503458, 0.113688958, 0.113217542, 0.113181041, 0.112561042],"warm_s":[8.687143798828126e-6, 8.794097900390625e-6, 8.526865478515624e-6, 9.115763427734375e-6, 1.080553173828125e-5, 9.151224853515625e-6, 8.74952197265625e-6, 8.5518798828125e-6, 8.708831787109375e-6, 8.731964111328126e-6, 8.604736328125e-6],"input_bytes_est":9905040,"final_bytes_est":47643160,"final_nodes":216,"checksum":19873792,"verified":true}
ok

test result: ok. 1 passed; 0 failed; 0 ignored; 0 measured; 1360 filtered out; finished in 12.63s


       12.63 real        12.46 user         0.10 sys
           213041152  maximum resident set size
                   0  average shared memory size
                   0  average unshared data size
                   0  average unshared stack size
               13217  page reclaims
                   0  page faults
                   0  swaps
                   0  block input operations
                   0  block output operations
                   0  messages sent
                   0  messages received
                   0  signals received
                   0  voluntary context switches
                3387  involuntary context switches
        138498892818  instructions retired
         42146583452  cycles elapsed
           210633256  peak memory footprint
