
running 1 test
test event_repr_lab::experiment ... EVENT_LAB {"kind":"modal_free_join","candidate":"roaring","bits":12,"worlds":4096,"rows":128,"groups":16,"memo":false,"build_s":[0.000500875, 0.000454, 0.000437292, 0.0004315, 0.000441417, 0.000442834, 0.000446666, 0.00043475, 0.00044375, 0.000429292, 0.000431416],"join_only_s":[1.2083e-5, 5.084e-6, 5.042e-6, 5e-6, 4.958e-6, 5e-6, 5.042e-6, 5e-6, 4.959e-6, 4.958e-6, 5e-6],"fresh_s":[0.00960375, 0.009577417, 0.009812959, 0.009682833, 0.009509209, 0.009581042, 0.011264625, 0.009536792, 0.009457833, 0.009515916, 0.009509292],"warm_s":[0.0094533855, 0.0095044895, 0.00946202075, 0.009397427, 0.00945672925, 0.00942744775, 0.009430802, 0.0094026355, 0.0095239585, 0.009496177, 0.0095024895],"input_bytes_est":177200,"final_bytes_est":986288,"final_nodes":205,"checksum":17920,"verified":true}
EVENT_LAB {"kind":"modal_free_join","candidate":"roaring","bits":12,"worlds":4096,"rows":128,"groups":16,"memo":true,"build_s":[0.000500875, 0.000454, 0.000437292, 0.0004315, 0.000441417, 0.000442834, 0.000446666, 0.00043475, 0.00044375, 0.000429292, 0.000431416],"join_only_s":[1.2083e-5, 5.084e-6, 5.042e-6, 5e-6, 4.958e-6, 5e-6, 5.042e-6, 5e-6, 4.959e-6, 4.958e-6, 5e-6],"fresh_s":[0.002392125, 0.002581333, 0.002486875, 0.00244, 0.002549625, 0.002492291, 0.002349167, 0.002418792, 0.002538, 0.002495667, 0.002540084],"warm_s":[8.7439169921875e-6, 8.677642822265626e-6, 8.8428447265625e-6, 8.576019287109376e-6, 8.79649853515625e-6, 8.66791796875e-6, 8.588826416015625e-6, 8.774261474609376e-6, 8.69160986328125e-6, 8.90108251953125e-6, 8.7691650390625e-6],"input_bytes_est":177200,"final_bytes_est":996144,"final_nodes":205,"checksum":17920,"verified":true}
EVENT_LAB {"kind":"modal_free_join","candidate":"roaring","bits":18,"worlds":262144,"rows":128,"groups":16,"memo":false,"build_s":[0.007724542, 0.007878792, 0.007835208, 0.008235625, 0.007587, 0.007785292, 0.007498916, 0.007455833, 0.007538167, 0.007621042, 0.00775875],"join_only_s":[8.916e-6, 5.375e-6, 5.209e-6, 5.25e-6, 5.292e-6, 5.25e-6, 5.25e-6, 5.208e-6, 5.291e-6, 5.166e-6, 5.209e-6],"fresh_s":[0.186040541, 0.186149833, 0.186342083, 0.1853225, 0.186723875, 0.183862334, 0.1846915, 0.184334125, 0.183838792, 0.18629475, 0.186335667],"warm_s":[0.196836, 0.200155167, 0.200552708, 0.199919125, 0.198398709, 0.196840416, 0.195982708, 0.197665417, 0.204415959, 0.218416792, 0.203987209],"input_bytes_est":1666544,"final_bytes_est":27387032,"final_nodes":216,"checksum":19873792,"verified":true}
EVENT_LAB {"kind":"modal_free_join","candidate":"roaring","bits":18,"worlds":262144,"rows":128,"groups":16,"memo":true,"build_s":[0.007724542, 0.007878792, 0.007835208, 0.008235625, 0.007587, 0.007785292, 0.007498916, 0.007455833, 0.007538167, 0.007621042, 0.00775875],"join_only_s":[8.916e-6, 5.375e-6, 5.209e-6, 5.25e-6, 5.292e-6, 5.25e-6, 5.25e-6, 5.208e-6, 5.291e-6, 5.166e-6, 5.209e-6],"fresh_s":[0.046212667, 0.046059541, 0.049372833, 0.045953792, 0.045971708, 0.047049209, 0.045215167, 0.045507208, 0.045603583, 0.045316125, 0.045858708],"warm_s":[8.887898681640624e-6, 8.899169921875e-6, 9.165985107421874e-6, 9.302001953125e-6, 9.190582275390625e-6, 9.119374755859375e-6, 9.15641259765625e-6, 1.3412516357421876e-5, 2.311629248046875e-5, 1.93988037109375e-5, 1.985143017578125e-5],"input_bytes_est":1666544,"final_bytes_est":27396888,"final_nodes":216,"checksum":19873792,"verified":true}
ok

test result: ok. 1 passed; 0 failed; 0 ignored; 0 measured; 1360 filtered out; finished in 6.88s


        6.88 real         6.68 user         0.05 sys
            22151168  maximum resident set size
                   0  average shared memory size
                   0  average unshared data size
                   0  average unshared stack size
                1565  page reclaims
                   0  page faults
                   0  swaps
                   0  block input operations
                   0  block output operations
                   0  messages sent
                   0  messages received
                   0  signals received
                   0  voluntary context switches
                4531  involuntary context switches
        119264831803  instructions retired
         21835954864  cycles elapsed
            19612056  peak memory footprint
