
running 1 test
test event_repr_lab::experiment ... EVENT_LAB {"kind":"modal_free_join","candidate":"bdd-root","bits":12,"worlds":4096,"rows":128,"groups":16,"memo":false,"build_s":[0.001220834, 0.001174, 0.001201167, 0.000918417, 0.000548958, 0.000547, 0.000546, 0.000543291, 0.000542166, 0.00054275, 0.000544792],"join_only_s":[2.3417e-5, 5.541e-6, 5.375e-6, 5.416e-6, 5.375e-6, 5.416e-6, 5.334e-6, 5.334e-6, 5.375e-6, 5.334e-6, 5.292e-6],"fresh_s":[0.001226, 0.001013959, 0.001524416, 0.000997417, 0.000966, 0.000943167, 0.000944917, 0.000936875, 0.002185542, 0.001133084, 0.003779167],"warm_s":[0.0019561640625, 0.0009222448125, 0.0040340104375, 0.0009282760625, 0.00092653125, 0.008825559875, 0.004076341125, 0.0049929244375, 0.00641125525, 0.007204497375, 0.00470423175],"input_bytes_est":22704,"final_bytes_est":101104,"final_nodes":968,"checksum":17920,"verified":true}
EVENT_LAB {"kind":"modal_free_join","candidate":"bdd-root","bits":12,"worlds":4096,"rows":128,"groups":16,"memo":true,"build_s":[0.001220834, 0.001174, 0.001201167, 0.000918417, 0.000548958, 0.000547, 0.000546, 0.000543291, 0.000542166, 0.00054275, 0.000544792],"join_only_s":[2.3417e-5, 5.541e-6, 5.375e-6, 5.416e-6, 5.375e-6, 5.416e-6, 5.334e-6, 5.334e-6, 5.375e-6, 5.334e-6, 5.292e-6],"fresh_s":[0.000335959, 0.000470417, 0.000354666, 0.000318791, 0.000632625, 0.0006385, 0.000681417, 0.000586875, 0.002642208, 0.000323208, 0.000508542],"warm_s":[2.08466796875e-5, 0.000128419107421875, 4.7298177734375e-5, 1.5578369140625e-5, 9.5922201171875e-5, 2.0234130859375e-5, 0.000113731119140625, 2.5333087890625e-5, 3.4425048828125e-5, 5.815144921875e-5, 8.1536783203125e-5],"input_bytes_est":22704,"final_bytes_est":110960,"final_nodes":968,"checksum":17920,"verified":true}
EVENT_LAB {"kind":"modal_free_join","candidate":"bdd-root","bits":18,"worlds":262144,"rows":128,"groups":16,"memo":false,"build_s":[0.158858917, 0.148525458, 0.141380959, 0.1816895, 0.123918959, 0.104385417, 0.086893, 0.092331334, 0.058294542, 0.124649833, 0.101126458],"join_only_s":[1e-5, 5.75e-6, 5.541e-6, 5.625e-6, 5.583e-6, 5.75e-6, 5.709e-6, 5.667e-6, 5.541e-6, 5.667e-6, 5.625e-6],"fresh_s":[0.006215583, 0.005817125, 0.005743917, 0.006019, 0.044429083, 0.0998835, 0.105738458, 0.005939, 0.005974458, 0.089501459, 0.005911167],"warm_s":[0.005124625, 0.005237334, 0.00526525, 0.018147042, 0.008424542, 0.005130583, 0.005108833, 0.005215208, 0.005119833, 0.040339458, 0.005482542],"input_bytes_est":90336,"final_bytes_est":493792,"final_nodes":5030,"checksum":19873792,"verified":true}
EVENT_LAB {"kind":"modal_free_join","candidate":"bdd-root","bits":18,"worlds":262144,"rows":128,"groups":16,"memo":true,"build_s":[0.158858917, 0.148525458, 0.141380959, 0.1816895, 0.123918959, 0.104385417, 0.086893, 0.092331334, 0.058294542, 0.124649833, 0.101126458],"join_only_s":[1e-5, 5.75e-6, 5.541e-6, 5.625e-6, 5.583e-6, 5.75e-6, 5.709e-6, 5.667e-6, 5.541e-6, 5.667e-6, 5.625e-6],"fresh_s":[0.001607416, 0.001607667, 0.001632584, 0.001567291, 0.019793, 0.001663625, 0.00166325, 0.001577917, 0.003728583, 0.004273042, 0.001641333],"warm_s":[5.7049966796875e-5, 4.94117021484375e-5, 1.44530439453125e-5, 7.8471923828125e-5, 3.694913671875e-5, 5.80711259765625e-5, 3.5579548828125e-5, 4.97608232421875e-5, 4.457275390625e-5, 1.45578203125e-5, 0.0001840877275390625],"input_bytes_est":90336,"final_bytes_est":503648,"final_nodes":5030,"checksum":19873792,"verified":true}
ok

test result: ok. 1 passed; 0 failed; 0 ignored; 0 measured; 1360 filtered out; finished in 5.10s


        5.10 real         1.49 user         0.01 sys
            10010624  maximum resident set size
                   0  average shared memory size
                   0  average unshared data size
                   0  average unshared stack size
                 826  page reclaims
                   0  page faults
                   0  swaps
                   0  block input operations
                   0  block output operations
                   0  messages sent
                   0  messages received
                   0  signals received
                   0  voluntary context switches
                2945  involuntary context switches
         21093262921  instructions retired
          4451075645  cycles elapsed
             7471512  peak memory footprint
