
running 1 test
test event_repr_lab::experiment ... EVENT_LAB {"kind":"modal_free_join","candidate":"bdd-root","bits":12,"worlds":4096,"rows":128,"groups":16,"memo":false,"build_s":[0.000533042, 0.000518375, 0.000503917, 0.00051625, 0.000616958, 0.000520292, 0.000906333, 0.000841583, 0.000510083, 0.000607083, 0.000540458],"join_only_s":[1.3209e-5, 5.542e-6, 5.5e-6, 5.375e-6, 5.166e-6, 5.333e-6, 5.417e-6, 5.375e-6, 5.167e-6, 1.4541e-5, 7.042e-6],"fresh_s":[0.001119708, 0.000963, 0.000982959, 0.000937792, 0.000987417, 0.000900666, 0.000894625, 0.000887625, 0.000892292, 0.000881875, 0.000883791],"warm_s":[0.00086934634375, 0.00082833853125, 0.0008607513125, 0.00081408071875, 0.00084611459375, 0.00088356509375, 0.000850602875, 0.0008687421875, 0.00088166796875, 0.00082252215625, 0.00084660809375],"input_bytes_est":22704,"final_bytes_est":117424,"final_nodes":1289,"checksum":17920,"verified":true}
EVENT_LAB {"kind":"modal_free_join","candidate":"bdd-root","bits":12,"worlds":4096,"rows":128,"groups":16,"memo":true,"build_s":[0.000533042, 0.000518375, 0.000503917, 0.00051625, 0.000616958, 0.000520292, 0.000906333, 0.000841583, 0.000510083, 0.000607083, 0.000540458],"join_only_s":[1.3209e-5, 5.542e-6, 5.5e-6, 5.375e-6, 5.166e-6, 5.333e-6, 5.417e-6, 5.375e-6, 5.167e-6, 1.4541e-5, 7.042e-6],"fresh_s":[0.000297917, 0.000282666, 0.000549833, 0.000420833, 0.000315, 0.000285792, 0.000281625, 0.00026675, 0.000262416, 0.000259875, 0.000267917],"warm_s":[9.453908447265625e-6, 9.724690673828124e-6, 9.6858623046875e-6, 9.151601318359375e-6, 9.2582294921875e-6, 9.215199951171875e-6, 9.5249228515625e-6, 9.480987548828124e-6, 9.762501953125e-6, 9.69102978515625e-6, 1.1470174072265625e-5],"input_bytes_est":22704,"final_bytes_est":127280,"final_nodes":1289,"checksum":17920,"verified":true}
EVENT_LAB {"kind":"modal_free_join","candidate":"bdd-root","bits":18,"worlds":262144,"rows":128,"groups":16,"memo":false,"build_s":[0.027215541, 0.028708541, 0.028020458, 0.027262209, 0.027558542, 0.027389541, 0.026825583, 0.026940125, 0.026941709, 0.028013916, 0.0267205],"join_only_s":[9.333e-6, 5.292e-6, 5.208e-6, 5.208e-6, 5.209e-6, 5.25e-6, 5.208e-6, 5.125e-6, 5.167e-6, 5.125e-6, 5.167e-6],"fresh_s":[0.003393208, 0.003192917, 0.003267917, 0.003041916, 0.00329, 0.003110042, 0.003209833, 0.003568542, 0.003737625, 0.003389375, 0.003848625],"warm_s":[0.002834296875, 0.002748333375, 0.002841671875, 0.003073098875, 0.003031348875, 0.0033091355, 0.003011197875, 0.002915010375, 0.00292030725, 0.003043541625, 0.003221974],"input_bytes_est":45280,"final_bytes_est":428512,"final_nodes":4430,"checksum":19873792,"verified":true}
EVENT_LAB {"kind":"modal_free_join","candidate":"bdd-root","bits":18,"worlds":262144,"rows":128,"groups":16,"memo":true,"build_s":[0.027215541, 0.028708541, 0.028020458, 0.027262209, 0.027558542, 0.027389541, 0.026825583, 0.026940125, 0.026941709, 0.028013916, 0.0267205],"join_only_s":[9.333e-6, 5.292e-6, 5.208e-6, 5.208e-6, 5.209e-6, 5.25e-6, 5.208e-6, 5.125e-6, 5.167e-6, 5.125e-6, 5.167e-6],"fresh_s":[0.001451833, 0.001075833, 0.000991459, 0.001247375, 0.00119525, 0.000982041, 0.001023458, 0.000961416, 0.00101075, 0.001908875, 0.0011055],"warm_s":[1.505582666015625e-5, 1.42389326171875e-5, 1.415266943359375e-5, 1.40180458984375e-5, 1.39313154296875e-5, 1.4089599609375e-5, 1.39675498046875e-5, 1.462257861328125e-5, 1.483919287109375e-5, 1.413775634765625e-5, 1.34135947265625e-5],"input_bytes_est":45280,"final_bytes_est":438368,"final_nodes":4430,"checksum":19873792,"verified":true}
ok

test result: ok. 1 passed; 0 failed; 0 ignored; 0 measured; 1360 filtered out; finished in 2.34s


        2.34 real         2.27 user         0.02 sys
            10321920  maximum resident set size
                   0  average shared memory size
                   0  average unshared data size
                   0  average unshared stack size
                 845  page reclaims
                   0  page faults
                   0  swaps
                   0  block input operations
                   0  block output operations
                   0  messages sent
                   0  messages received
                   0  signals received
                   0  voluntary context switches
                2594  involuntary context switches
         36299417232  instructions retired
          7406621478  cycles elapsed
             7782808  peak memory footprint
