
running 1 test
test event_repr_lab::experiment ... EVENT_LAB {"kind":"modal_free_join","candidate":"packed64","bits":12,"worlds":4096,"rows":128,"groups":16,"memo":false,"build_s":[0.000438291, 0.000418708, 0.000410208, 0.00041625, 0.00041775, 0.000405375, 0.000405959, 0.000403459, 0.000403291, 0.000405625, 0.000405334],"join_only_s":[1.2792e-5, 5.084e-6, 5.083e-6, 5.042e-6, 4.959e-6, 4.959e-6, 5e-6, 4.958e-6, 4.958e-6, 5e-6, 4.958e-6],"fresh_s":[0.000505125, 0.000458083, 0.0005045, 0.000438084, 0.000459375, 0.000484458, 0.0004285, 0.000410917, 0.000407417, 0.000409666, 0.000425375],"warm_s":[0.000351952484375, 0.00035284440625, 0.00035446484375, 0.00035197915625, 0.000346634125, 0.00034908071875, 0.000348990234375, 0.00034610415625, 0.00034905534375, 0.000345720703125, 0.000345515625],"input_bytes_est":13208,"final_bytes_est":113416,"final_nodes":1194,"checksum":17920,"verified":true}
EVENT_LAB {"kind":"modal_free_join","candidate":"packed64","bits":12,"worlds":4096,"rows":128,"groups":16,"memo":true,"build_s":[0.000438291, 0.000418708, 0.000410208, 0.00041625, 0.00041775, 0.000405375, 0.000405959, 0.000403459, 0.000403291, 0.000405625, 0.000405334],"join_only_s":[1.2792e-5, 5.084e-6, 5.083e-6, 5.042e-6, 4.959e-6, 4.959e-6, 5e-6, 4.958e-6, 4.958e-6, 5e-6, 4.958e-6],"fresh_s":[0.00018, 0.0001585, 0.000141792, 0.000140458, 0.00013225, 0.000130292, 0.000130959, 0.000132958, 0.000128875, 0.000128458, 0.000129042],"warm_s":[9.506215576171875e-6, 9.6429443359375e-6, 9.528696533203125e-6, 9.488210205078126e-6, 9.571696044921875e-6, 9.608805419921875e-6, 9.526387451171874e-6, 9.50628662109375e-6, 9.638051513671875e-6, 9.82000732421875e-6, 9.790018798828125e-6],"input_bytes_est":13208,"final_bytes_est":123272,"final_nodes":1194,"checksum":17920,"verified":true}
EVENT_LAB {"kind":"modal_free_join","candidate":"packed64","bits":18,"worlds":262144,"rows":128,"groups":16,"memo":false,"build_s":[0.023831291, 0.023111541, 0.023492042, 0.0230025, 0.02286575, 0.023137583, 0.024033708, 0.023322291, 0.0233555, 0.0233825, 0.023560708],"join_only_s":[9e-6, 5.125e-6, 5.083e-6, 5.041e-6, 5.042e-6, 5e-6, 5.041e-6, 4.958e-6, 4.958e-6, 5.833e-6, 6.583e-6],"fresh_s":[0.002045292, 0.002037666, 0.002000209, 0.001895666, 0.001876709, 0.002030958, 0.002137375, 0.001922125, 0.001905, 0.002047791, 0.001934],"warm_s":[0.0016244479375, 0.001718596375, 0.001617390625, 0.0015974739375, 0.001746065125, 0.0016604583125, 0.0016694974375, 0.00182319275, 0.0017763020625, 0.0016786301875, 0.0017248801875],"input_bytes_est":48408,"final_bytes_est":429472,"final_nodes":4336,"checksum":19873792,"verified":true}
EVENT_LAB {"kind":"modal_free_join","candidate":"packed64","bits":18,"worlds":262144,"rows":128,"groups":16,"memo":true,"build_s":[0.023831291, 0.023111541, 0.023492042, 0.0230025, 0.02286575, 0.023137583, 0.024033708, 0.023322291, 0.0233555, 0.0233825, 0.023560708],"join_only_s":[9e-6, 5.125e-6, 5.083e-6, 5.041e-6, 5.042e-6, 5e-6, 5.041e-6, 4.958e-6, 4.958e-6, 5.833e-6, 6.583e-6],"fresh_s":[0.000637166, 0.00069025, 0.00075275, 0.00064275, 0.000662416, 0.000672916, 0.000657458, 0.000676541, 0.001343375, 0.000682709, 0.00065425],"warm_s":[1.46804609375e-5, 2.297294140625e-5, 2.619289111328125e-5, 1.5052978515625e-5, 1.597332763671875e-5, 1.510691357421875e-5, 1.493184375e-5, 1.4838521484375e-5, 1.506803369140625e-5, 2.26700849609375e-5, 4.575250244140625e-5],"input_bytes_est":48408,"final_bytes_est":439328,"final_nodes":4336,"checksum":19873792,"verified":true}
ok

test result: ok. 1 passed; 0 failed; 0 ignored; 0 measured; 1360 filtered out; finished in 3.30s


        3.30 real         3.11 user         0.03 sys
            10207232  maximum resident set size
                   0  average shared memory size
                   0  average unshared data size
                   0  average unshared stack size
                 836  page reclaims
                   0  page faults
                   0  swaps
                   0  block input operations
                   0  block output operations
                   0  messages sent
                   0  messages received
                   0  signals received
                   0  voluntary context switches
                2977  involuntary context switches
         50110049560  instructions retired
         10130779191  cycles elapsed
             7635352  peak memory footprint
