
running 1 test
test event_repr_lab::experiment ... EVENT_LAB {"kind":"modal_free_join","candidate":"runs","bits":12,"worlds":4096,"rows":128,"groups":16,"memo":false,"build_s":[0.000127959, 0.000101417, 9.9916e-5, 9.9083e-5, 9.9416e-5, 9.7375e-5, 9.7416e-5, 9.8458e-5, 9.8125e-5, 9.9125e-5, 9.9084e-5],"join_only_s":[1.2042e-5, 5.291e-6, 5.209e-6, 5.166e-6, 5.083e-6, 5.083e-6, 5.125e-6, 5.083e-6, 5.125e-6, 5.083e-6, 5.125e-6],"fresh_s":[0.005941083, 0.0056455, 0.006229042, 0.0056285, 0.005391, 0.005241209, 0.005374625, 0.005414917, 0.005498333, 0.005411375, 0.00553525],"warm_s":[0.00545746875, 0.00548572925, 0.00543903125, 0.0056762605, 0.0057658645, 0.00587378125, 0.0058158125, 0.00566891675, 0.00662652075, 0.00772951025, 0.00792314575],"input_bytes_est":20656,"final_bytes_est":530520,"final_nodes":205,"checksum":17920,"verified":true}
EVENT_LAB {"kind":"modal_free_join","candidate":"runs","bits":12,"worlds":4096,"rows":128,"groups":16,"memo":true,"build_s":[0.000127959, 0.000101417, 9.9916e-5, 9.9083e-5, 9.9416e-5, 9.7375e-5, 9.7416e-5, 9.8458e-5, 9.8125e-5, 9.9125e-5, 9.9084e-5],"join_only_s":[1.2042e-5, 5.291e-6, 5.209e-6, 5.166e-6, 5.083e-6, 5.083e-6, 5.125e-6, 5.083e-6, 5.125e-6, 5.083e-6, 5.125e-6],"fresh_s":[0.001697584, 0.001688083, 0.001696375, 0.001674792, 0.001705333, 0.001742167, 0.002355875, 0.001732667, 0.001771292, 0.001766292, 0.001708667],"warm_s":[8.96952294921875e-6, 9.3781533203125e-6, 9.5567421875e-6, 9.7490234375e-6, 9.2997841796875e-6, 9.483642578125e-6, 9.7464599609375e-6, 9.65468359375e-6, 9.05417919921875e-6, 9.12176513671875e-6, 9.0733642578125e-6],"input_bytes_est":20656,"final_bytes_est":540376,"final_nodes":205,"checksum":17920,"verified":true}
EVENT_LAB {"kind":"modal_free_join","candidate":"runs","bits":18,"worlds":262144,"rows":128,"groups":16,"memo":false,"build_s":[0.004933459, 0.005166625, 0.005101333, 0.005109958, 0.004946792, 0.005000833, 0.004995333, 0.004986083, 0.004957583, 0.005000875, 0.005131708],"join_only_s":[1.0084e-5, 5.75e-6, 5.708e-6, 5.708e-6, 5.792e-6, 5.75e-6, 5.708e-6, 5.708e-6, 5.709e-6, 5.708e-6, 5.75e-6],"fresh_s":[0.195823166, 0.192296208, 0.200462125, 0.204414375, 0.210734417, 0.194913167, 0.19622175, 0.191386875, 0.197138791, 0.194058458, 0.193803334],"warm_s":[0.192722875, 0.193294042, 0.194277208, 0.196851708, 0.197153583, 0.198301292, 0.193172416, 0.194068, 0.189322667, 0.19376125, 0.190505333],"input_bytes_est":304816,"final_bytes_est":16587040,"final_nodes":216,"checksum":19873792,"verified":true}
EVENT_LAB {"kind":"modal_free_join","candidate":"runs","bits":18,"worlds":262144,"rows":128,"groups":16,"memo":true,"build_s":[0.004933459, 0.005166625, 0.005101333, 0.005109958, 0.004946792, 0.005000833, 0.004995333, 0.004986083, 0.004957583, 0.005000875, 0.005131708],"join_only_s":[1.0084e-5, 5.75e-6, 5.708e-6, 5.708e-6, 5.792e-6, 5.75e-6, 5.708e-6, 5.708e-6, 5.709e-6, 5.708e-6, 5.75e-6],"fresh_s":[0.054036875, 0.053266125, 0.052707209, 0.052835584, 0.053550958, 0.053142042, 0.051843458, 0.05185, 0.05133975, 0.0526885, 0.052730542],"warm_s":[2.32527255859375e-5, 2.40806474609375e-5, 2.41136064453125e-5, 2.34407958984375e-5, 2.40945634765625e-5, 2.3849650390625e-5, 2.39574375e-5, 2.3692912109375e-5, 2.45257568359375e-5, 2.37515869140625e-5, 2.36513671875e-5],"input_bytes_est":304816,"final_bytes_est":16596896,"final_nodes":216,"checksum":19873792,"verified":true}
ok

test result: ok. 1 passed; 0 failed; 0 ignored; 0 measured; 1360 filtered out; finished in 6.20s


        6.20 real         6.06 user         0.03 sys
            68141056  maximum resident set size
                   0  average shared memory size
                   0  average unshared data size
                   0  average unshared stack size
                4374  page reclaims
                   0  page faults
                   0  swaps
                   0  block input operations
                   0  block output operations
                   0  messages sent
                   0  messages received
                   0  signals received
                   0  voluntary context switches
                3789  involuntary context switches
         91522149394  instructions retired
         19705851465  cycles elapsed
            65683888  peak memory footprint
