
running 1 test
test event_repr_lab::experiment ... EVENT_LAB {"kind":"modal_free_join","candidate":"dense","bits":12,"worlds":4096,"rows":128,"groups":16,"memo":false,"build_s":[1.7625e-5, 5.166e-6, 5.875e-6, 5.125e-6, 4.875e-6, 5.833e-6, 4.875e-6, 4.916e-6, 5.792e-6, 5.708e-6, 8.292e-6],"join_only_s":[1.1709e-5, 5.042e-6, 5e-6, 4.875e-6, 4.958e-6, 4.917e-6, 4.916e-6, 4.917e-6, 4.916e-6, 4.917e-6, 4.875e-6],"fresh_s":[0.000225125, 0.000215708, 0.0002135, 0.000202, 0.000199875, 0.000201625, 0.0002045, 0.00020075, 0.000202083, 0.000201042, 0.000200875],"warm_s":[0.000205562828125, 0.0002071106796875, 0.000206017578125, 0.00020255859375, 0.000201558921875, 0.000202510421875, 0.00020380534375, 0.0002040091171875, 0.0002021500703125, 0.0002053759765625, 0.0002037125703125],"input_bytes_est":15248,"final_bytes_est":117904,"final_nodes":205,"checksum":17920,"verified":true}
EVENT_LAB {"kind":"modal_free_join","candidate":"dense","bits":12,"worlds":4096,"rows":128,"groups":16,"memo":true,"build_s":[1.7625e-5, 5.166e-6, 5.875e-6, 5.125e-6, 4.875e-6, 5.833e-6, 4.875e-6, 4.916e-6, 5.792e-6, 5.708e-6, 8.292e-6],"join_only_s":[1.1709e-5, 5.042e-6, 5e-6, 4.875e-6, 4.958e-6, 4.917e-6, 4.916e-6, 4.917e-6, 4.916e-6, 4.917e-6, 4.875e-6],"fresh_s":[9.4166e-5, 7.5584e-5, 7.225e-5, 7.0584e-5, 7.0167e-5, 6.975e-5, 6.9958e-5, 7.0459e-5, 7.0084e-5, 7.0208e-5, 7.0167e-5],"warm_s":[8.5710654296875e-6, 8.5825908203125e-6, 8.42793798828125e-6, 8.4300537109375e-6, 8.757568359375e-6, 8.65247607421875e-6, 8.588216064453125e-6, 8.592559814453125e-6, 8.673807861328125e-6, 8.822184326171876e-6, 8.657745361328124e-6],"input_bytes_est":15248,"final_bytes_est":127760,"final_nodes":205,"checksum":17920,"verified":true}
EVENT_LAB {"kind":"modal_free_join","candidate":"dense","bits":18,"worlds":262144,"rows":128,"groups":16,"memo":false,"build_s":[0.000221041, 0.000209292, 0.000164083, 0.000153416, 0.000159458, 0.000153, 0.000154, 0.000154208, 0.000157417, 0.000157833, 0.000153417],"join_only_s":[9.208e-6, 5.125e-6, 5.084e-6, 4.917e-6, 5e-6, 5.125e-6, 4.875e-6, 4.916e-6, 5e-6, 4.875e-6, 5e-6],"fresh_s":[0.009969709, 0.009855167, 0.009379875, 0.009091208, 0.009303458, 0.009005584, 0.009206958, 0.00927425, 0.009519125, 0.009071167, 0.009092666],"warm_s":[0.00953184375, 0.009695677, 0.0093266145, 0.0093759165, 0.00937728125, 0.009355104, 0.00950152075, 0.009687073, 0.00941896875, 0.00944471875, 0.00955071875],"input_bytes_est":886160,"final_bytes_est":7155608,"final_nodes":216,"checksum":19873792,"verified":true}
EVENT_LAB {"kind":"modal_free_join","candidate":"dense","bits":18,"worlds":262144,"rows":128,"groups":16,"memo":true,"build_s":[0.000221041, 0.000209292, 0.000164083, 0.000153416, 0.000159458, 0.000153, 0.000154, 0.000154208, 0.000157417, 0.000157833, 0.000153417],"join_only_s":[9.208e-6, 5.125e-6, 5.084e-6, 4.917e-6, 5e-6, 5.125e-6, 4.875e-6, 4.916e-6, 5e-6, 4.875e-6, 5e-6],"fresh_s":[0.002528583, 0.002630959, 0.002595709, 0.00257625, 0.002525209, 0.002555833, 0.0026265, 0.002571625, 0.002513083, 0.002581291, 0.002524084],"warm_s":[1.763112353515625e-5, 1.751837158203125e-5, 1.742854833984375e-5, 1.73417158203125e-5, 1.73926796875e-5, 1.742814111328125e-5, 1.743310546875e-5, 1.724424267578125e-5, 1.753837060546875e-5, 1.744217919921875e-5, 1.714923095703125e-5],"input_bytes_est":886160,"final_bytes_est":7165464,"final_nodes":216,"checksum":19873792,"verified":true}
ok

test result: ok. 1 passed; 0 failed; 0 ignored; 0 measured; 1360 filtered out; finished in 1.93s


        1.93 real         1.91 user         0.01 sys
            23511040  maximum resident set size
                   0  average shared memory size
                   0  average unshared data size
                   0  average unshared stack size
                1650  page reclaims
                   0  page faults
                   0  swaps
                   0  block input operations
                   0  block output operations
                   0  messages sent
                   0  messages received
                   0  signals received
                   0  voluntary context switches
                 382  involuntary context switches
         35005019525  instructions retired
          6470980658  cycles elapsed
            21021080  peak memory footprint
