
running 1 test
test event_repr_lab::experiment ... EVENT_LAB {"kind":"modal_free_join","candidate":"packed64","bits":12,"worlds":4096,"rows":128,"groups":16,"memo":false,"build_s":[5.4833e-5, 3.3125e-5, 2.8125e-5, 2.6833e-5, 2.6791e-5, 2.6916e-5, 2.775e-5, 2.4375e-5, 2.4125e-5, 2.3708e-5, 2.3709e-5],"join_only_s":[2.2125e-5, 5.458e-6, 5.458e-6, 5.417e-6, 5.5e-6, 5.459e-6, 5.375e-6, 5.417e-6, 5.333e-6, 5.375e-6, 5.334e-6],"fresh_s":[0.000654333, 0.000552125, 0.000531333, 0.000983, 0.000624042, 0.000562917, 0.000553, 0.00054825, 0.000547458, 0.00054875, 0.000544875],"warm_s":[0.0005442454375, 0.000552233078125, 0.000517124359375, 0.00053198046875, 0.000514024734375, 0.000524391265625, 0.00053148178125, 0.00051003971875, 0.000552958328125, 0.00055135221875, 0.000625395171875],"input_bytes_est":13208,"final_bytes_est":68616,"final_nodes":851,"checksum":17920,"verified":true}
EVENT_LAB {"kind":"modal_free_join","candidate":"packed64","bits":12,"worlds":4096,"rows":128,"groups":16,"memo":true,"build_s":[5.4833e-5, 3.3125e-5, 2.8125e-5, 2.6833e-5, 2.6791e-5, 2.6916e-5, 2.775e-5, 2.4375e-5, 2.4125e-5, 2.3708e-5, 2.3709e-5],"join_only_s":[2.2125e-5, 5.458e-6, 5.458e-6, 5.417e-6, 5.5e-6, 5.459e-6, 5.375e-6, 5.417e-6, 5.333e-6, 5.375e-6, 5.334e-6],"fresh_s":[0.000177083, 0.000167333, 0.0001525, 0.000148833, 0.000146417, 0.000144667, 0.00039225, 0.0004875, 0.00033375, 0.000193917, 0.000164],"warm_s":[1.063739013671875e-5, 1.107783984375e-5, 1.061175537109375e-5, 1.098075341796875e-5, 1.037221240234375e-5, 1.079241943359375e-5, 1.074324560546875e-5, 1.089882421875e-5, 1.05804853515625e-5, 1.072190380859375e-5, 1.166495751953125e-5],"input_bytes_est":13208,"final_bytes_est":78472,"final_nodes":851,"checksum":17920,"verified":true}
EVENT_LAB {"kind":"modal_free_join","candidate":"packed64","bits":18,"worlds":262144,"rows":128,"groups":16,"memo":false,"build_s":[0.001254958, 0.001244333, 0.0012145, 0.001216292, 0.001343792, 0.001224792, 0.0012045, 0.001197417, 0.001196125, 0.001220875, 0.001249],"join_only_s":[9.875e-6, 5.958e-6, 5.916e-6, 5.917e-6, 5.875e-6, 5.917e-6, 5.916e-6, 5.959e-6, 5.917e-6, 6e-6, 5.917e-6],"fresh_s":[0.003639125, 0.003223833, 0.003222292, 0.003334542, 0.00331875, 0.003642416, 0.003236834, 0.003178709, 0.003190583, 0.003247375, 0.003461583],"warm_s":[0.002957552125, 0.00290621875, 0.002961265625, 0.002977802125, 0.002943255125, 0.00313943225, 0.002881666625, 0.002826348875, 0.002884151, 0.002900823, 0.002934703125],"input_bytes_est":97688,"final_bytes_est":293792,"final_nodes":3851,"checksum":19873792,"verified":true}
EVENT_LAB {"kind":"modal_free_join","candidate":"packed64","bits":18,"worlds":262144,"rows":128,"groups":16,"memo":true,"build_s":[0.001254958, 0.001244333, 0.0012145, 0.001216292, 0.001343792, 0.001224792, 0.0012045, 0.001197417, 0.001196125, 0.001220875, 0.001249],"join_only_s":[9.875e-6, 5.958e-6, 5.916e-6, 5.917e-6, 5.875e-6, 5.917e-6, 5.916e-6, 5.959e-6, 5.917e-6, 6e-6, 5.917e-6],"fresh_s":[0.000743542, 0.000780417, 0.000804292, 0.000796834, 0.000753959, 0.00076125, 0.000841167, 0.000785292, 0.000775209, 0.000775667, 0.000810167],"warm_s":[1.01259560546875e-5, 9.63425732421875e-6, 1.00598349609375e-5, 1.02880048828125e-5, 9.54695654296875e-6, 9.69305419921875e-6, 9.77870654296875e-6, 9.47316455078125e-6, 9.40924072265625e-6, 9.61297607421875e-6, 9.63346337890625e-6],"input_bytes_est":97688,"final_bytes_est":303648,"final_nodes":3851,"checksum":19873792,"verified":true}
ok

test result: ok. 1 passed; 0 failed; 0 ignored; 0 measured; 1360 filtered out; finished in 2.24s


        2.24 real         2.20 user         0.01 sys
             8863744  maximum resident set size
                   0  average shared memory size
                   0  average unshared data size
                   0  average unshared stack size
                 756  page reclaims
                   0  page faults
                   0  swaps
                   0  block input operations
                   0  block output operations
                   0  messages sent
                   0  messages received
                   0  signals received
                   0  voluntary context switches
                1238  involuntary context switches
         35204558761  instructions retired
          6843396958  cycles elapsed
             6275456  peak memory footprint
