
running 1 test
test event_repr_lab::experiment ... EVENT_LAB {"kind":"modal_free_join","candidate":"bdd-anchored","bits":12,"worlds":4096,"rows":128,"groups":16,"memo":false,"build_s":[0.001117583, 0.000945542, 0.001286166, 0.001188709, 0.001230584, 0.001158083, 0.001208292, 0.000936459, 0.000539583, 0.000523333, 0.00052225],"join_only_s":[1.2375e-5, 5.333e-6, 5.25e-6, 5.208e-6, 5.083e-6, 5.125e-6, 5.083e-6, 5.125e-6, 5.125e-6, 5.166e-6, 5.125e-6],"fresh_s":[0.001066833, 0.000973833, 0.000962292, 0.000952875, 0.000954208, 0.000949125, 0.000953834, 0.000971458, 0.001147583, 0.000990375, 0.000965959],"warm_s":[0.00090809765625, 0.00364416796875, 0.0017358541875, 0.0020884323125, 0.00198986328125, 0.0058916393125, 0.00177367446875, 0.00529177084375, 0.0017824921875, 0.00287389321875, 0.003248171875],"input_bytes_est":22720,"final_bytes_est":101120,"final_nodes":968,"checksum":17920,"verified":true}
EVENT_LAB {"kind":"modal_free_join","candidate":"bdd-anchored","bits":12,"worlds":4096,"rows":128,"groups":16,"memo":true,"build_s":[0.001117583, 0.000945542, 0.001286166, 0.001188709, 0.001230584, 0.001158083, 0.001208292, 0.000936459, 0.000539583, 0.000523333, 0.00052225],"join_only_s":[1.2375e-5, 5.333e-6, 5.25e-6, 5.208e-6, 5.083e-6, 5.125e-6, 5.083e-6, 5.125e-6, 5.125e-6, 5.166e-6, 5.125e-6],"fresh_s":[0.000306, 0.000291834, 0.000276583, 0.00027225, 0.000269375, 0.000270541, 0.000586167, 0.000322458, 0.000443041, 0.000305208, 0.000295708],"warm_s":[3.63501796875e-5, 5.3152017578125e-5, 9.685791015625e-6, 9.5845546875e-6, 1.01830234375e-5, 9.657876953125e-6, 9.597330078125e-6, 2.7352294921875e-5, 9.77840234375e-6, 1.35978203125e-5, 1.11255703125e-5],"input_bytes_est":22720,"final_bytes_est":110976,"final_nodes":968,"checksum":17920,"verified":true}
EVENT_LAB {"kind":"modal_free_join","candidate":"bdd-anchored","bits":18,"worlds":262144,"rows":128,"groups":16,"memo":false,"build_s":[0.082557833, 0.084360875, 0.068079417, 0.052493667, 0.03838075, 0.037238125, 0.048375083, 0.042833917, 0.038519125, 0.046596875, 0.047221916],"join_only_s":[9.541e-6, 5.25e-6, 5.167e-6, 5.292e-6, 5.083e-6, 5.125e-6, 5.208e-6, 5.125e-6, 5.083e-6, 5.167e-6, 5.125e-6],"fresh_s":[0.010356375, 0.008531875, 0.006632542, 0.006266667, 0.005636542, 0.006993, 0.00878925, 0.005456584, 0.008109333, 0.005479, 0.006220667],"warm_s":[0.00503621875, 0.006751802, 0.007419625, 0.00696984375, 0.0074523125, 0.00837065625, 0.0064777085, 0.03334879175, 0.005678375, 0.0057901875, 0.00543054175],"input_bytes_est":90352,"final_bytes_est":493808,"final_nodes":5030,"checksum":19873792,"verified":true}
EVENT_LAB {"kind":"modal_free_join","candidate":"bdd-anchored","bits":18,"worlds":262144,"rows":128,"groups":16,"memo":true,"build_s":[0.082557833, 0.084360875, 0.068079417, 0.052493667, 0.03838075, 0.037238125, 0.048375083, 0.042833917, 0.038519125, 0.046596875, 0.047221916],"join_only_s":[9.541e-6, 5.25e-6, 5.167e-6, 5.292e-6, 5.083e-6, 5.125e-6, 5.208e-6, 5.125e-6, 5.083e-6, 5.167e-6, 5.125e-6],"fresh_s":[0.001975625, 0.00159025, 0.003259125, 0.001644667, 0.001521291, 0.002106083, 0.005354458, 0.001506708, 0.001483, 0.001506709, 0.001539042],"warm_s":[1.614345263671875e-5, 1.6037943359375e-5, 1.381715869140625e-5, 1.414335107421875e-5, 1.3536376953125e-5, 1.411749267578125e-5, 1.351641845703125e-5, 1.416562890625e-5, 1.4521830078125e-5, 1.39309287109375e-5, 1.351798486328125e-5],"input_bytes_est":90352,"final_bytes_est":503664,"final_nodes":5030,"checksum":19873792,"verified":true}
ok

test result: ok. 1 passed; 0 failed; 0 ignored; 0 measured; 1360 filtered out; finished in 3.29s


        3.29 real         2.02 user         0.02 sys
            10010624  maximum resident set size
                   0  average shared memory size
                   0  average unshared data size
                   0  average unshared stack size
                 819  page reclaims
                   7  page faults
                   0  swaps
                   0  block input operations
                   0  block output operations
                   0  messages sent
                   0  messages received
                   0  signals received
                   0  voluntary context switches
                3247  involuntary context switches
         28876079702  instructions retired
          6405019731  cycles elapsed
             7438744  peak memory footprint
