
running 1 test
test event_repr_lab::experiment ... EVENT_LAB {"kind":"modal_free_join","candidate":"block64","bits":12,"worlds":4096,"rows":128,"groups":16,"memo":false,"build_s":[0.000526125, 0.000508958, 0.000764834, 0.000507875, 0.000546167, 0.000528292, 0.000515458, 0.000506709, 0.000506334, 0.000506708, 0.000507083],"join_only_s":[1.3833e-5, 5.417e-6, 5.292e-6, 5.25e-6, 5.25e-6, 5.167e-6, 5.208e-6, 5.167e-6, 5.125e-6, 5.125e-6, 5.25e-6],"fresh_s":[0.000893292, 0.000813875, 0.000806584, 0.001857708, 0.000858917, 0.001243333, 0.000918959, 0.000815417, 0.000808916, 0.000799792, 0.000798459],"warm_s":[0.00091325909375, 0.0008550859375, 0.0008020950625, 0.00077533203125, 0.00082753515625, 0.00081155078125, 0.0007757864375, 0.0009497551875, 0.00084119271875, 0.00081625, 0.000848953125],"input_bytes_est":6300,"final_bytes_est":39116,"final_nodes":347,"checksum":17920,"verified":true}
EVENT_LAB {"kind":"modal_free_join","candidate":"block64","bits":12,"worlds":4096,"rows":128,"groups":16,"memo":true,"build_s":[0.000526125, 0.000508958, 0.000764834, 0.000507875, 0.000546167, 0.000528292, 0.000515458, 0.000506709, 0.000506334, 0.000506708, 0.000507083],"join_only_s":[1.3833e-5, 5.417e-6, 5.292e-6, 5.25e-6, 5.25e-6, 5.167e-6, 5.208e-6, 5.167e-6, 5.125e-6, 5.125e-6, 5.25e-6],"fresh_s":[0.0005815, 0.000302042, 0.0002565, 0.000290125, 0.000288333, 0.00034675, 0.000607958, 0.000279833, 0.000416167, 0.000277167, 0.000253667],"warm_s":[1.09521689453125e-5, 1.047762060546875e-5, 1.0921041015625e-5, 9.8565673828125e-6, 9.612263671875e-6, 1.282840966796875e-5, 9.68233203125e-6, 9.87906884765625e-6, 1.283402490234375e-5, 1.1635294921875e-5, 1.049214697265625e-5],"input_bytes_est":6300,"final_bytes_est":48972,"final_nodes":347,"checksum":17920,"verified":true}
EVENT_LAB {"kind":"modal_free_join","candidate":"block64","bits":18,"worlds":262144,"rows":128,"groups":16,"memo":false,"build_s":[0.02976925, 0.029838958, 0.032545417, 0.031427833, 0.03124125, 0.030968625, 0.030021083, 0.032459667, 0.030441625, 0.0317705, 0.034153],"join_only_s":[9.958e-6, 5.375e-6, 5.333e-6, 5.334e-6, 5.25e-6, 5.291e-6, 5.292e-6, 5.291e-6, 5.208e-6, 5.25e-6, 5.25e-6],"fresh_s":[0.005481958, 0.005312417, 0.005669333, 0.005232209, 0.005402167, 0.005240542, 0.005230334, 0.0052395, 0.00527225, 0.005227916, 0.005506333],"warm_s":[0.005153823, 0.00507265625, 0.005218802, 0.00512653125, 0.005117979, 0.005227146, 0.005014948, 0.00503703125, 0.0055451875, 0.0050401145, 0.0050651875],"input_bytes_est":25192,"final_bytes_est":166032,"final_nodes":1070,"checksum":19873792,"verified":true}
EVENT_LAB {"kind":"modal_free_join","candidate":"block64","bits":18,"worlds":262144,"rows":128,"groups":16,"memo":true,"build_s":[0.02976925, 0.029838958, 0.032545417, 0.031427833, 0.03124125, 0.030968625, 0.030021083, 0.032459667, 0.030441625, 0.0317705, 0.034153],"join_only_s":[9.958e-6, 5.375e-6, 5.333e-6, 5.334e-6, 5.25e-6, 5.291e-6, 5.292e-6, 5.291e-6, 5.208e-6, 5.25e-6, 5.25e-6],"fresh_s":[0.001402208, 0.001358917, 0.001373875, 0.001421708, 0.00136025, 0.001415084, 0.001360208, 0.001351959, 0.001428792, 0.001394458, 0.001376083],"warm_s":[1.3544189453125e-5, 1.334173583984375e-5, 1.36436767578125e-5, 1.330281591796875e-5, 1.325396728515625e-5, 1.37069091796875e-5, 1.3327779296875e-5, 1.34955849609375e-5, 1.34128828125e-5, 1.336065673828125e-5, 1.31887412109375e-5],"input_bytes_est":25192,"final_bytes_est":175888,"final_nodes":1070,"checksum":19873792,"verified":true}
ok

test result: ok. 1 passed; 0 failed; 0 ignored; 0 measured; 1360 filtered out; finished in 3.72s


        3.73 real         3.63 user         0.02 sys
             7618560  maximum resident set size
                   0  average shared memory size
                   0  average unshared data size
                   0  average unshared stack size
                 678  page reclaims
                   0  page faults
                   0  swaps
                   0  block input operations
                   0  block output operations
                   0  messages sent
                   0  messages received
                   0  signals received
                   0  voluntary context switches
                3085  involuntary context switches
         66870294833  instructions retired
         11837310324  cycles elapsed
             5030248  peak memory footprint
