
running 1 test
test event_repr_lab::experiment ... EVENT_LAB {"kind":"modal_free_join","candidate":"packed512","bits":12,"worlds":4096,"rows":128,"groups":16,"memo":false,"build_s":[0.000508083, 0.000497875, 0.00050175, 0.000497708, 0.000494958, 0.000500292, 0.000494416, 0.000509167, 0.000492958, 0.000492709, 0.000499041],"join_only_s":[4.1125e-5, 5.167e-6, 5e-6, 5e-6, 5e-6, 5e-6, 5e-6, 4.958e-6, 4.917e-6, 4.958e-6, 4.959e-6],"fresh_s":[0.000319792, 0.000231542, 0.000210042, 0.000245, 0.000233125, 0.000200708, 0.000197917, 0.0001945, 0.00020675, 0.000197875, 0.000225542],"warm_s":[0.00016899609375, 0.000171448890625, 0.000172370765625, 0.000171759765625, 0.000170687171875, 0.0001728828125, 0.00016888671875, 0.0001717405625, 0.0001700859375, 0.0001712806015625, 0.0001700104140625],"input_bytes_est":20068,"final_bytes_est":103508,"final_nodes":660,"checksum":17920,"verified":true}
EVENT_LAB {"kind":"modal_free_join","candidate":"packed512","bits":12,"worlds":4096,"rows":128,"groups":16,"memo":true,"build_s":[0.000508083, 0.000497875, 0.00050175, 0.000497708, 0.000494958, 0.000500292, 0.000494416, 0.000509167, 0.000492958, 0.000492709, 0.000499041],"join_only_s":[4.1125e-5, 5.167e-6, 5e-6, 5e-6, 5e-6, 5e-6, 5e-6, 4.958e-6, 4.917e-6, 4.958e-6, 4.959e-6],"fresh_s":[9.7875e-5, 9.6e-5, 7.8542e-5, 7.4875e-5, 7.275e-5, 7.6e-5, 7.2959e-5, 7.0917e-5, 8.6375e-5, 7.1292e-5, 7.1625e-5],"warm_s":[9.337870361328125e-6, 9.256541015625e-6, 9.423431396484374e-6, 9.259389404296876e-6, 9.300099609375e-6, 9.3457744140625e-6, 9.17505908203125e-6, 9.220550537109375e-6, 9.38599658203125e-6, 9.636260986328125e-6, 9.407440185546875e-6],"input_bytes_est":20068,"final_bytes_est":113364,"final_nodes":660,"checksum":17920,"verified":true}
EVENT_LAB {"kind":"modal_free_join","candidate":"packed512","bits":18,"worlds":262144,"rows":128,"groups":16,"memo":false,"build_s":[0.0284255, 0.028616375, 0.0288635, 0.029428166, 0.029119833, 0.029285875, 0.029089417, 0.028905834, 0.029135041, 0.02885425, 0.029014],"join_only_s":[8.542e-6, 5e-6, 5e-6, 4.917e-6, 4.958e-6, 4.958e-6, 4.917e-6, 4.959e-6, 4.917e-6, 4.959e-6, 4.959e-6],"fresh_s":[0.001427375, 0.001181208, 0.001216667, 0.001327167, 0.001200958, 0.001172458, 0.001179041, 0.001154583, 0.001167208, 0.001195334, 0.001262667],"warm_s":[0.00092344271875, 0.00091731903125, 0.00093699346875, 0.0009559921875, 0.000959783875, 0.00095705209375, 0.00093268490625, 0.000940334625, 0.00095889975, 0.000927890625, 0.00094348309375],"input_bytes_est":79524,"final_bytes_est":377068,"final_nodes":3418,"checksum":19873792,"verified":true}
EVENT_LAB {"kind":"modal_free_join","candidate":"packed512","bits":18,"worlds":262144,"rows":128,"groups":16,"memo":true,"build_s":[0.0284255, 0.028616375, 0.0288635, 0.029428166, 0.029119833, 0.029285875, 0.029089417, 0.028905834, 0.029135041, 0.02885425, 0.029014],"join_only_s":[8.542e-6, 5e-6, 5e-6, 4.917e-6, 4.958e-6, 4.958e-6, 4.917e-6, 4.959e-6, 4.917e-6, 4.959e-6, 4.959e-6],"fresh_s":[0.000374125, 0.000389417, 0.000396542, 0.000386542, 0.000421625, 0.000394625, 0.000416292, 0.000405333, 0.000418417, 0.000373958, 0.000412375],"warm_s":[1.302707958984375e-5, 1.278328466796875e-5, 1.26614580078125e-5, 1.2717041015625e-5, 1.286041259765625e-5, 1.294535302734375e-5, 1.282513427734375e-5, 1.26378173828125e-5, 1.282682275390625e-5, 1.2718017578125e-5, 1.31954140625e-5],"input_bytes_est":79524,"final_bytes_est":386924,"final_nodes":3418,"checksum":19873792,"verified":true}
ok

test result: ok. 1 passed; 0 failed; 0 ignored; 0 measured; 1360 filtered out; finished in 3.18s


        3.18 real         3.11 user         0.05 sys
             9109504  maximum resident set size
                   0  average shared memory size
                   0  average unshared data size
                   0  average unshared stack size
                 770  page reclaims
                   0  page faults
                   0  swaps
                   0  block input operations
                   0  block output operations
                   0  messages sent
                   0  messages received
                   0  signals received
                   0  voluntary context switches
                2014  involuntary context switches
         56598847141  instructions retired
         10575211472  cycles elapsed
             6504832  peak memory footprint
