
running 1 test
test event_repr_lab::experiment ... EVENT_LAB {"kind":"modal_free_join","candidate":"runs","bits":12,"worlds":4096,"rows":128,"groups":16,"memo":false,"build_s":[0.000237291, 0.0001955, 0.000182375, 0.000182708, 0.000173958, 0.000171709, 0.000176458, 0.000171875, 0.000176, 0.000175959, 0.000178375],"join_only_s":[2.1708e-5, 5.25e-6, 5.292e-6, 5.25e-6, 5.167e-6, 5.167e-6, 5.166e-6, 5.167e-6, 5.125e-6, 5.125e-6, 5.084e-6],"fresh_s":[0.006405875, 0.00675675, 0.008391083, 0.007759167, 0.005560791, 0.008257166, 0.014906416, 0.007595208, 0.005689459, 0.005686333, 0.005764167],"warm_s":[0.009561948, 0.005531573, 0.00552325, 0.005486927, 0.0053619895, 0.0055822395, 0.00557776025, 0.00554129175, 0.00539040625, 0.00536141675, 0.005333427],"input_bytes_est":20656,"final_bytes_est":530520,"final_nodes":205,"checksum":17920,"verified":true}
EVENT_LAB {"kind":"modal_free_join","candidate":"runs","bits":12,"worlds":4096,"rows":128,"groups":16,"memo":true,"build_s":[0.000237291, 0.0001955, 0.000182375, 0.000182708, 0.000173958, 0.000171709, 0.000176458, 0.000171875, 0.000176, 0.000175959, 0.000178375],"join_only_s":[2.1708e-5, 5.25e-6, 5.292e-6, 5.25e-6, 5.167e-6, 5.167e-6, 5.166e-6, 5.167e-6, 5.125e-6, 5.125e-6, 5.084e-6],"fresh_s":[0.001718792, 0.001686625, 0.001590458, 0.001589416, 0.001746125, 0.001596583, 0.001574417, 0.001600625, 0.001657167, 0.001750833, 0.001576875],"warm_s":[9.125539306640626e-6, 8.737335205078124e-6, 9.070037841796875e-6, 9.08116650390625e-6, 8.9072265625e-6, 8.8667197265625e-6, 8.93921923828125e-6, 9.099955322265626e-6, 9.392568115234375e-6, 9.27445458984375e-6, 9.269439697265624e-6],"input_bytes_est":20656,"final_bytes_est":540376,"final_nodes":205,"checksum":17920,"verified":true}
EVENT_LAB {"kind":"modal_free_join","candidate":"runs","bits":18,"worlds":262144,"rows":128,"groups":16,"memo":false,"build_s":[0.004885834, 0.005338875, 0.00478825, 0.004770334, 0.004774042, 0.004737375, 0.004917291, 0.004809334, 0.004930667, 0.004736667, 0.004859166],"join_only_s":[9.458e-6, 5.333e-6, 5.333e-6, 5.292e-6, 5.292e-6, 5.209e-6, 5.292e-6, 5.166e-6, 5.167e-6, 5.25e-6, 5.167e-6],"fresh_s":[0.186702917, 0.194266167, 0.184337417, 0.188499125, 0.184413417, 0.190021209, 0.184903583, 0.188573084, 0.182388625, 0.190933875, 0.181499291],"warm_s":[0.186404459, 0.186143417, 0.187532417, 0.185046458, 0.185298208, 0.185664542, 0.188186667, 0.18542525, 0.185137792, 0.18493775, 0.183422458],"input_bytes_est":304816,"final_bytes_est":16587040,"final_nodes":216,"checksum":19873792,"verified":true}
EVENT_LAB {"kind":"modal_free_join","candidate":"runs","bits":18,"worlds":262144,"rows":128,"groups":16,"memo":true,"build_s":[0.004885834, 0.005338875, 0.00478825, 0.004770334, 0.004774042, 0.004737375, 0.004917291, 0.004809334, 0.004930667, 0.004736667, 0.004859166],"join_only_s":[9.458e-6, 5.333e-6, 5.333e-6, 5.292e-6, 5.292e-6, 5.209e-6, 5.292e-6, 5.166e-6, 5.167e-6, 5.25e-6, 5.167e-6],"fresh_s":[0.051277375, 0.053571792, 0.052082, 0.053160917, 0.052616792, 0.056024625, 0.052866875, 0.05377975, 0.0516725, 0.053694041, 0.051672166],"warm_s":[2.357596875e-5, 2.720088671875e-5, 2.92887373046875e-5, 3.71450595703125e-5, 2.59793291015625e-5, 3.3852376953125e-5, 2.5181478515625e-5, 2.5466267578125e-5, 2.62637119140625e-5, 2.55103759765625e-5, 3.61241044921875e-5],"input_bytes_est":304816,"final_bytes_est":16596896,"final_nodes":216,"checksum":19873792,"verified":true}
ok

test result: ok. 1 passed; 0 failed; 0 ignored; 0 measured; 1360 filtered out; finished in 6.32s


        6.32 real         6.17 user         0.05 sys
            55001088  maximum resident set size
                   0  average shared memory size
                   0  average unshared data size
                   0  average unshared stack size
                3572  page reclaims
                   0  page faults
                   0  swaps
                   0  block input operations
                   0  block output operations
                   0  messages sent
                   0  messages received
                   0  signals received
                   0  voluntary context switches
                4242  involuntary context switches
         95826963545  instructions retired
         20254063982  cycles elapsed
            52543920  peak memory footprint
