
running 1 test
test event_repr_lab::experiment ... EVENT_LAB {"kind":"relations_free_join","candidate":"mdd4-pair","bits":12,"worlds":4096,"rows":128,"groups":16,"memo":false,"build_s":[0.000346333, 0.000336958, 0.000328916, 0.000344083, 0.0003385, 0.000332333, 0.000355958, 0.000331541, 0.000342541, 0.000341, 0.000337709],"join_only_s":[3.825e-5, 5.416e-6, 5.167e-6, 5.209e-6, 5.125e-6, 5.125e-6, 5.125e-6, 5.084e-6, 5.125e-6, 5.083e-6, 5.125e-6],"fresh_s":[0.00069875, 0.000582, 0.0005055, 0.000480459, 0.000589625, 0.000558583, 0.000567667, 0.000481875, 0.000479333, 0.000488583, 0.00048625],"warm_s":[0.000370625, 0.000374416, 0.000479333, 0.000508792, 0.000448709, 0.000580208, 0.000446083, 0.00040025, 0.000386959, 0.00038425, 0.000380291],"input_bytes_est":20112,"final_bytes_est":206000,"final_nodes":1382,"closure_iterations":46,"checksum":7171072,"verified":true}
EVENT_LAB {"kind":"relations_free_join","candidate":"mdd4-pair","bits":12,"worlds":4096,"rows":128,"groups":16,"memo":true,"build_s":[0.000346333, 0.000336958, 0.000328916, 0.000344083, 0.0003385, 0.000332333, 0.000355958, 0.000331541, 0.000342541, 0.000341, 0.000337709],"join_only_s":[3.825e-5, 5.416e-6, 5.167e-6, 5.209e-6, 5.125e-6, 5.125e-6, 5.125e-6, 5.084e-6, 5.125e-6, 5.083e-6, 5.125e-6],"fresh_s":[0.00034, 0.000325625, 0.000295, 0.000290167, 0.000278333, 0.000284458, 0.0003665, 0.0003845, 0.000345166, 0.000812208, 0.000323625],"warm_s":[1.4584e-5, 1.3666e-5, 1.3833e-5, 1.3583e-5, 1.3584e-5, 1.3667e-5, 1.35e-5, 1.3875e-5, 1.6542e-5, 1.3875e-5, 1.4042e-5],"input_bytes_est":20112,"final_bytes_est":218992,"final_nodes":1382,"closure_iterations":46,"checksum":7171072,"verified":true}
EVENT_LAB {"kind":"relations_free_join","candidate":"mdd4-pair","bits":18,"worlds":262144,"rows":128,"groups":16,"memo":false,"build_s":[0.019458042, 0.020403292, 0.019898, 0.019579083, 0.01915275, 0.020470917, 0.020313, 0.019625875, 0.018965333, 0.019194083, 0.019087458],"join_only_s":[1.7916e-5, 5.208e-6, 5.083e-6, 5e-6, 4.959e-6, 5.042e-6, 4.917e-6, 4.916e-6, 4.917e-6, 4.917e-6, 5.042e-6],"fresh_s":[0.002002958, 0.001837459, 0.001824958, 0.001879291, 0.001780375, 0.001818917, 0.001863, 0.001777333, 0.001892167, 0.001848875, 0.002036],"warm_s":[0.001530583, 0.001220041, 0.001204583, 0.001233667, 0.001347333, 0.001566709, 0.001511292, 0.001228125, 0.001201125, 0.001231958, 0.001276292],"input_bytes_est":60680,"final_bytes_est":756456,"final_nodes":5973,"closure_iterations":52,"checksum":215255808,"verified":true}
EVENT_LAB {"kind":"relations_free_join","candidate":"mdd4-pair","bits":18,"worlds":262144,"rows":128,"groups":16,"memo":true,"build_s":[0.019458042, 0.020403292, 0.019898, 0.019579083, 0.01915275, 0.020470917, 0.020313, 0.019625875, 0.018965333, 0.019194083, 0.019087458],"join_only_s":[1.7916e-5, 5.208e-6, 5.083e-6, 5e-6, 4.959e-6, 5.042e-6, 4.917e-6, 4.916e-6, 4.917e-6, 4.917e-6, 5.042e-6],"fresh_s":[0.001144625, 0.001113459, 0.001115333, 0.001176667, 0.001184958, 0.001204917, 0.001141542, 0.001142458, 0.001141292, 0.001154416, 0.001152333],"warm_s":[5.2375e-5, 3.1334e-5, 3.0542e-5, 3.0208e-5, 3.0541e-5, 3.0584e-5, 3.0458e-5, 3.0333e-5, 3.0542e-5, 3.0959e-5, 3.0584e-5],"input_bytes_est":60680,"final_bytes_est":769448,"final_nodes":5973,"closure_iterations":52,"checksum":215255808,"verified":true}
ok

test result: ok. 1 passed; 0 failed; 0 ignored; 0 measured; 1360 filtered out; finished in 1.89s


        1.89 real         1.85 user         0.03 sys
            13893632  maximum resident set size
                   0  average shared memory size
                   0  average unshared data size
                   0  average unshared stack size
                1061  page reclaims
                   0  page faults
                   0  swaps
                   0  block input operations
                   0  block output operations
                   0  messages sent
                   0  messages received
                   0  signals received
                   0  voluntary context switches
                 958  involuntary context switches
         31830279052  instructions retired
          6323617383  cycles elapsed
            11370880  peak memory footprint
