
running 1 test
test event_repr_lab::experiment ... EVENT_LAB {"kind":"relations_free_join","candidate":"packed4096","bits":12,"worlds":4096,"rows":128,"groups":16,"memo":false,"build_s":[0.000883083, 0.000885167, 0.000883333, 0.001007375, 0.000888208, 0.000891083, 0.000941875, 0.000869917, 0.000888458, 0.000850792, 0.000865166],"join_only_s":[3.1375e-5, 5.209e-6, 5e-6, 4.875e-6, 4.875e-6, 4.875e-6, 4.917e-6, 4.875e-6, 4.875e-6, 4.875e-6, 4.834e-6],"fresh_s":[0.007560917, 0.007552417, 0.007501333, 0.007233125, 0.007380708, 0.007435625, 0.00770425, 0.007594208, 0.007370875, 0.007367667, 0.007363125],"warm_s":[0.007191584, 0.007251791, 0.007360167, 0.007496542, 0.007416417, 0.007336792, 0.007561917, 0.0075695, 0.007351292, 0.007377167, 0.007431875],"input_bytes_est":62640,"final_bytes_est":139936,"final_nodes":112,"closure_iterations":46,"checksum":7171072,"verified":true}
EVENT_LAB {"kind":"relations_free_join","candidate":"packed4096","bits":12,"worlds":4096,"rows":128,"groups":16,"memo":true,"build_s":[0.000883083, 0.000885167, 0.000883333, 0.001007375, 0.000888208, 0.000891083, 0.000941875, 0.000869917, 0.000888458, 0.000850792, 0.000865166],"join_only_s":[3.1375e-5, 5.209e-6, 5e-6, 4.875e-6, 4.875e-6, 4.875e-6, 4.917e-6, 4.875e-6, 4.875e-6, 4.875e-6, 4.834e-6],"fresh_s":[0.001788167, 0.00178975, 0.001733125, 0.001678083, 0.001656833, 0.001830333, 0.001765042, 0.001688542, 0.001689291, 0.001709375, 0.001851083],"warm_s":[1.9458e-5, 1.25e-5, 1.2375e-5, 1.2292e-5, 1.2333e-5, 1.2417e-5, 1.2333e-5, 1.2292e-5, 1.2375e-5, 1.2333e-5, 1.2291e-5],"input_bytes_est":62640,"final_bytes_est":152928,"final_nodes":112,"closure_iterations":46,"checksum":7171072,"verified":true}
EVENT_LAB {"kind":"relations_free_join","candidate":"packed4096","bits":18,"worlds":262144,"rows":128,"groups":16,"memo":false,"build_s":[0.039356792, 0.039894834, 0.039451958, 0.040228542, 0.039631792, 0.039539125, 0.040792625, 0.039866333, 0.039524708, 0.040304583, 0.040499542],"join_only_s":[1.7584e-5, 5.416e-6, 5e-6, 4.958e-6, 4.958e-6, 4.958e-6, 4.958e-6, 4.917e-6, 4.917e-6, 4.917e-6, 4.916e-6],"fresh_s":[0.008704458, 0.00877025, 0.008728625, 0.008956792, 0.008779959, 0.009132042, 0.008730167, 0.008925125, 0.008692, 0.008961833, 0.009159584],"warm_s":[0.008922, 0.0088855, 0.008781, 0.008537, 0.008712208, 0.00864775, 0.008606458, 0.008486292, 0.0085675, 0.008697792, 0.008672125],"input_bytes_est":202704,"final_bytes_est":891672,"final_nodes":2156,"closure_iterations":52,"checksum":215255808,"verified":true}
EVENT_LAB {"kind":"relations_free_join","candidate":"packed4096","bits":18,"worlds":262144,"rows":128,"groups":16,"memo":true,"build_s":[0.039356792, 0.039894834, 0.039451958, 0.040228542, 0.039631792, 0.039539125, 0.040792625, 0.039866333, 0.039524708, 0.040304583, 0.040499542],"join_only_s":[1.7584e-5, 5.416e-6, 5e-6, 4.958e-6, 4.958e-6, 4.958e-6, 4.958e-6, 4.917e-6, 4.917e-6, 4.917e-6, 4.916e-6],"fresh_s":[0.002983791, 0.002878542, 0.003071291, 0.003137167, 0.002992625, 0.0029475, 0.003035459, 0.003129375, 0.002972958, 0.002861833, 0.002955834],"warm_s":[5.9791e-5, 3.575e-5, 3.4709e-5, 3.45e-5, 3.4584e-5, 3.4375e-5, 3.4541e-5, 3.4417e-5, 3.4625e-5, 3.4459e-5, 3.4625e-5],"input_bytes_est":202704,"final_bytes_est":904664,"final_nodes":2156,"closure_iterations":52,"checksum":215255808,"verified":true}
ok

test result: ok. 1 passed; 0 failed; 0 ignored; 0 measured; 1360 filtered out; finished in 8.76s


        8.76 real         8.50 user         0.19 sys
            14974976  maximum resident set size
                   0  average shared memory size
                   0  average unshared data size
                   0  average unshared stack size
                1130  page reclaims
                   0  page faults
                   0  swaps
                   0  block input operations
                   0  block output operations
                   0  messages sent
                   0  messages received
                   0  signals received
                   0  voluntary context switches
                4821  involuntary context switches
        163660254943  instructions retired
         29040356797  cycles elapsed
            12403072  peak memory footprint
