
running 1 test
test event_repr_lab::experiment ... EVENT_LAB {"kind":"relations_free_join","candidate":"essential512","product_mode":"views-inputs","bits":12,"worlds":4096,"rows":128,"groups":16,"memo":false,"build_s":[9.4833e-5, 5.9041e-5, 5.3541e-5, 4.9291e-5, 5.4125e-5, 6.0125e-5, 5.0417e-5, 5.1584e-5, 4.9042e-5],"join_only_s":[2.9209e-5, 5.541e-6, 5.25e-6, 5.25e-6, 5.166e-6, 5.167e-6, 5.167e-6, 5.167e-6, 5.208e-6],"fresh_s":[0.0005495, 0.000500208, 0.000463542, 0.000498083, 0.0004705, 0.000484917, 0.000471083, 0.00047075, 0.000455417],"warm_s":[0.000343625, 0.000340959, 0.00033275, 0.000339042, 0.000328667, 0.000357, 0.000441084, 0.000345625, 0.000332542],"input_bytes_est":5631,"final_bytes_est":34480,"input_nodes":40,"final_nodes":205,"input_storage":{"layout":"enum","record_bytes":1280,"table_bytes":1280,"interner_bytes":2296,"metadata_bytes":416,"cache_bytes":119,"records":40,"tables":39,"logical_words":80,"total_bytes_est":5391},"final_storage":{"layout":"enum","record_bytes":10240,"table_bytes":6448,"interner_bytes":9184,"metadata_bytes":2656,"cache_bytes":5712,"records":205,"tables":204,"logical_words":403,"total_bytes_est":34240},"closure_iterations":46,"checksum":7171072,"verified":true}
EVENT_LAB {"kind":"relations_free_join","candidate":"essential512","product_mode":"views-inputs","bits":12,"worlds":4096,"rows":128,"groups":16,"memo":true,"build_s":[9.4833e-5, 5.9041e-5, 5.3541e-5, 4.9291e-5, 5.4125e-5, 6.0125e-5, 5.0417e-5, 5.1584e-5, 4.9042e-5],"join_only_s":[2.9209e-5, 5.541e-6, 5.25e-6, 5.25e-6, 5.166e-6, 5.167e-6, 5.167e-6, 5.167e-6, 5.208e-6],"fresh_s":[0.000293958, 0.000279875, 0.000282792, 0.000344458, 0.000313083, 0.000278792, 0.000288542, 0.000286333, 0.0003085],"warm_s":[9.791e-6, 8.75e-6, 8.75e-6, 8.583e-6, 8.583e-6, 8.667e-6, 8.625e-6, 8.625e-6, 8.583e-6],"input_bytes_est":5631,"final_bytes_est":46604,"input_nodes":40,"final_nodes":205,"input_storage":{"layout":"enum","record_bytes":1280,"table_bytes":1280,"interner_bytes":2296,"metadata_bytes":416,"cache_bytes":119,"records":40,"tables":39,"logical_words":80,"total_bytes_est":5391},"final_storage":{"layout":"enum","record_bytes":10240,"table_bytes":6448,"interner_bytes":9184,"metadata_bytes":2656,"cache_bytes":5712,"records":205,"tables":204,"logical_words":403,"total_bytes_est":34240},"closure_iterations":46,"checksum":7171072,"verified":true}
EVENT_LAB {"kind":"relations_free_join","candidate":"essential512","product_mode":"views-inputs","bits":18,"worlds":262144,"rows":128,"groups":16,"memo":false,"build_s":[0.001285125, 0.001365917, 0.001293792, 0.00126825, 0.001282334, 0.001281541, 0.001259084, 0.001307, 0.001283666],"join_only_s":[1.6416e-5, 5.583e-6, 5.125e-6, 5.833e-6, 6.583e-6, 6.375e-6, 5.208e-6, 5.166e-6, 5.25e-6],"fresh_s":[0.003103833, 0.00320075, 0.003057875, 0.003187583, 0.002930625, 0.003026625, 0.0029635, 0.002935916, 0.002984791],"warm_s":[0.00197, 0.002009917, 0.002061041, 0.001928458, 0.001925833, 0.001921334, 0.001912584, 0.002011542, 0.001925417],"input_bytes_est":28091,"final_bytes_est":302472,"input_nodes":186,"final_nodes":1645,"input_storage":{"layout":"enum","record_bytes":5952,"table_bytes":10368,"interner_bytes":9184,"metadata_bytes":1632,"cache_bytes":595,"records":186,"tables":106,"logical_words":648,"total_bytes_est":27731},"final_storage":{"layout":"enum","record_bytes":95232,"table_bytes":63760,"interner_bytes":73472,"metadata_bytes":23952,"cache_bytes":45696,"records":1645,"tables":1283,"logical_words":3985,"total_bytes_est":302112},"closure_iterations":52,"checksum":215255808,"verified":true}
EVENT_LAB {"kind":"relations_free_join","candidate":"essential512","product_mode":"views-inputs","bits":18,"worlds":262144,"rows":128,"groups":16,"memo":true,"build_s":[0.001285125, 0.001365917, 0.001293792, 0.00126825, 0.001282334, 0.001281541, 0.001259084, 0.001307, 0.001283666],"join_only_s":[1.6416e-5, 5.583e-6, 5.125e-6, 5.833e-6, 6.583e-6, 6.375e-6, 5.208e-6, 5.166e-6, 5.25e-6],"fresh_s":[0.001923875, 0.00214125, 0.001962583, 0.002061459, 0.001966458, 0.001963166, 0.002049667, 0.002121125, 0.002065583],"warm_s":[1.9458e-5, 8.792e-6, 8.5e-6, 8.542e-6, 8.667e-6, 8.625e-6, 8.5e-6, 8.542e-6, 8.667e-6],"input_bytes_est":28091,"final_bytes_est":315044,"input_nodes":186,"final_nodes":1645,"input_storage":{"layout":"enum","record_bytes":5952,"table_bytes":10368,"interner_bytes":9184,"metadata_bytes":1632,"cache_bytes":595,"records":186,"tables":106,"logical_words":648,"total_bytes_est":27731},"final_storage":{"layout":"enum","record_bytes":95232,"table_bytes":63760,"interner_bytes":73472,"metadata_bytes":23952,"cache_bytes":45696,"records":1645,"tables":1283,"logical_words":3985,"total_bytes_est":302112},"closure_iterations":52,"checksum":215255808,"verified":true}
ok

test result: ok. 1 passed; 0 failed; 0 ignored; 0 measured; 1378 filtered out; finished in 4.03s


        4.03 real         3.98 user         0.04 sys
            11272192  maximum resident set size
                   0  average shared memory size
                   0  average unshared data size
                   0  average unshared stack size
                 901  page reclaims
                   0  page faults
                   0  swaps
                   0  block input operations
                   0  block output operations
                   0  messages sent
                   0  messages received
                   0  signals received
                   0  voluntary context switches
                 907  involuntary context switches
         73831222788  instructions retired
         13352745671  cycles elapsed
             8388992  peak memory footprint
