
running 1 test
test event_repr_lab::experiment ... EVENT_LAB {"kind":"readout_free_join","candidate":"retraction64","domain":"fibred","readout_family":"non-suffix","readout_faces":"x","hidden":8,"width":4,"bits":13,"worlds":8192,"admissible_worlds":3197,"environments":2,"rows":128,"groups":16,"outputs":64,"memo":false,"changed_possible_groups":16,"changed_guaranteed_groups":16,"nonconstant_readouts":48,"build_s":[0.001604],"support_s":[0.00017925],"import_s":[0.00135625],"admission_s":[6.8083e-5],"join_only_s":[3.85e-5],"fresh_s":[0.001708708],"fresh_group_s":[0.000540875],"fresh_readout_s":[0.001077166],"fresh_compute_s":[0.001619417],"fresh_count_s":[8.9167e-5],"warm_s":[0.000113875],"warm_group_s":[2.65e-5],"warm_readout_s":[2.5e-6],"warm_compute_s":[2.9334e-5],"warm_count_s":[8.4417e-5],"input_nodes":2567,"final_nodes":5351,"input_bytes_est":246344,"final_bytes_est":643536,"input_storage":{"layout":"slab","record_bytes":41072,"table_bytes":10112,"interner_bytes":71196,"metadata_bytes":20924,"cache_bytes":103040,"records":2567,"tables":1264,"logical_words":1264,"total_bytes_est":246344},"final_storage":{"layout":"slab","record_bytes":164288,"table_bytes":40448,"interner_bytes":162928,"metadata_bytes":82532,"cache_bytes":193340,"records":5351,"tables":2574,"logical_words":2574,"total_bytes_est":643536},"outer_memo_bytes":0,"colt_bytes":14992,"checksum":607690,"verified":true}
EVENT_LAB {"kind":"readout_free_join","candidate":"retraction64","domain":"fibred","readout_family":"non-suffix","readout_faces":"x","hidden":8,"width":4,"bits":13,"worlds":8192,"admissible_worlds":3197,"environments":2,"rows":128,"groups":16,"outputs":64,"memo":true,"changed_possible_groups":16,"changed_guaranteed_groups":16,"nonconstant_readouts":48,"build_s":[0.001604],"support_s":[0.00017925],"import_s":[0.00135625],"admission_s":[6.8083e-5],"join_only_s":[3.85e-5],"fresh_s":[0.001613375],"fresh_group_s":[0.000508667],"fresh_readout_s":[0.001022084],"fresh_compute_s":[0.001531167],"fresh_count_s":[8.1959e-5],"warm_s":[0.000105292],"warm_group_s":[1.4792e-5],"warm_readout_s":[2.958e-6],"warm_compute_s":[1.7959e-5],"warm_count_s":[8.7167e-5],"input_nodes":2567,"final_nodes":5351,"input_bytes_est":246344,"final_bytes_est":652496,"input_storage":{"layout":"slab","record_bytes":41072,"table_bytes":10112,"interner_bytes":71196,"metadata_bytes":20924,"cache_bytes":103040,"records":2567,"tables":1264,"logical_words":1264,"total_bytes_est":246344},"final_storage":{"layout":"slab","record_bytes":164288,"table_bytes":40448,"interner_bytes":162928,"metadata_bytes":82532,"cache_bytes":193340,"records":5351,"tables":2574,"logical_words":2574,"total_bytes_est":643536},"outer_memo_bytes":8960,"colt_bytes":14992,"checksum":607690,"verified":true}
EVENT_LAB {"kind":"readout_free_join","candidate":"retraction64","domain":"fibred","readout_family":"non-suffix","readout_faces":"x","hidden":32,"width":6,"bits":19,"worlds":524288,"admissible_worlds":301069,"environments":2,"rows":128,"groups":16,"outputs":64,"memo":false,"changed_possible_groups":16,"changed_guaranteed_groups":16,"nonconstant_readouts":48,"build_s":[0.007869875],"support_s":[0.000415292],"import_s":[0.006774833],"admission_s":[0.000677625],"join_only_s":[2.0916e-5],"fresh_s":[0.008271167],"fresh_group_s":[0.002065083],"fresh_readout_s":[0.005746459],"fresh_compute_s":[0.007811917],"fresh_count_s":[0.000459125],"warm_s":[0.000501167],"warm_group_s":[3.1458e-5],"warm_readout_s":[4.208e-6],"warm_compute_s":[3.5958e-5],"warm_count_s":[0.000465125],"input_nodes":20184,"final_nodes":35854,"input_bytes_est":1661156,"final_bytes_est":3172616,"input_storage":{"layout":"slab","record_bytes":322944,"table_bytes":13176,"interner_bytes":568160,"metadata_bytes":161932,"cache_bytes":594944,"records":20184,"tables":1647,"logical_words":1647,"total_bytes_est":1661156},"final_storage":{"layout":"slab","record_bytes":645888,"table_bytes":52704,"interner_bytes":1136320,"metadata_bytes":323404,"cache_bytes":1014300,"records":35854,"tables":5140,"logical_words":5140,"total_bytes_est":3172616},"outer_memo_bytes":0,"colt_bytes":14992,"checksum":12912164,"verified":true}
EVENT_LAB {"kind":"readout_free_join","candidate":"retraction64","domain":"fibred","readout_family":"non-suffix","readout_faces":"x","hidden":32,"width":6,"bits":19,"worlds":524288,"admissible_worlds":301069,"environments":2,"rows":128,"groups":16,"outputs":64,"memo":true,"changed_possible_groups":16,"changed_guaranteed_groups":16,"nonconstant_readouts":48,"build_s":[0.007869875],"support_s":[0.000415292],"import_s":[0.006774833],"admission_s":[0.000677625],"join_only_s":[2.0916e-5],"fresh_s":[0.008507208],"fresh_group_s":[0.001997916],"fresh_readout_s":[0.006039416],"fresh_compute_s":[0.00803825],"fresh_count_s":[0.000468792],"warm_s":[0.000521875],"warm_group_s":[1.9458e-5],"warm_readout_s":[5.5e-6],"warm_compute_s":[2.5833e-5],"warm_count_s":[0.000495875],"input_nodes":20184,"final_nodes":35854,"input_bytes_est":1661156,"final_bytes_est":3181576,"input_storage":{"layout":"slab","record_bytes":322944,"table_bytes":13176,"interner_bytes":568160,"metadata_bytes":161932,"cache_bytes":594944,"records":20184,"tables":1647,"logical_words":1647,"total_bytes_est":1661156},"final_storage":{"layout":"slab","record_bytes":645888,"table_bytes":52704,"interner_bytes":1136320,"metadata_bytes":323404,"cache_bytes":1014300,"records":35854,"tables":5140,"logical_words":5140,"total_bytes_est":3172616},"outer_memo_bytes":8960,"colt_bytes":14992,"checksum":12912164,"verified":true}
ok

test result: ok. 1 passed; 0 failed; 0 ignored; 0 measured; 1378 filtered out; finished in 8.54s


        8.54 real         8.48 user         0.05 sys
            32915456  maximum resident set size
                   0  average shared memory size
                   0  average unshared data size
                   0  average unshared stack size
                2224  page reclaims
                   0  page faults
                   0  swaps
                   0  block input operations
                   0  block output operations
                   0  messages sent
                   0  messages received
                   0  signals received
                   0  voluntary context switches
                 442  involuntary context switches
        111972758245  instructions retired
         28745081268  cycles elapsed
            29917592  peak memory footprint
