
running 1 test
test event_repr_lab::experiment ... EVENT_LAB {"kind":"readout_free_join","candidate":"retraction64","domain":"fibred","readout_family":"non-suffix","readout_faces":"x","hidden":8,"width":4,"bits":13,"worlds":8192,"admissible_worlds":3197,"environments":2,"rows":128,"groups":16,"outputs":64,"memo":false,"changed_possible_groups":16,"changed_guaranteed_groups":16,"nonconstant_readouts":48,"build_s":[0.001581875],"support_s":[0.000170958],"import_s":[0.0013435],"admission_s":[6.7084e-5],"join_only_s":[2.7708e-5],"fresh_s":[0.001357917],"fresh_group_s":[0.000498458],"fresh_readout_s":[0.000772958],"fresh_compute_s":[0.001272542],"fresh_count_s":[8.5292e-5],"warm_s":[0.000252833],"warm_group_s":[1.4667e-5],"warm_readout_s":[0.000157709],"warm_compute_s":[0.0001725],"warm_count_s":[8.025e-5],"input_nodes":2567,"final_nodes":4746,"input_bytes_est":246344,"final_bytes_est":445372,"input_storage":{"layout":"slab","record_bytes":41072,"table_bytes":10112,"interner_bytes":71196,"metadata_bytes":20924,"cache_bytes":103040,"records":2567,"tables":1264,"logical_words":1264,"total_bytes_est":246344},"final_storage":{"layout":"slab","record_bytes":82144,"table_bytes":20224,"interner_bytes":142392,"metadata_bytes":41460,"cache_bytes":159152,"records":4746,"tables":2319,"logical_words":2319,"total_bytes_est":445372},"outer_memo_bytes":0,"colt_bytes":14992,"checksum":607690,"verified":true}
EVENT_LAB {"kind":"readout_free_join","candidate":"retraction64","domain":"fibred","readout_family":"non-suffix","readout_faces":"x","hidden":8,"width":4,"bits":13,"worlds":8192,"admissible_worlds":3197,"environments":2,"rows":128,"groups":16,"outputs":64,"memo":true,"changed_possible_groups":16,"changed_guaranteed_groups":16,"nonconstant_readouts":48,"build_s":[0.001581875],"support_s":[0.000170958],"import_s":[0.0013435],"admission_s":[6.7084e-5],"join_only_s":[2.7708e-5],"fresh_s":[0.001322334],"fresh_group_s":[0.000485209],"fresh_readout_s":[0.000755917],"fresh_compute_s":[0.001241375],"fresh_count_s":[8.0875e-5],"warm_s":[0.00024275],"warm_group_s":[9.084e-6],"warm_readout_s":[0.000153166],"warm_compute_s":[0.000162375],"warm_count_s":[8.0292e-5],"input_nodes":2567,"final_nodes":4746,"input_bytes_est":246344,"final_bytes_est":454332,"input_storage":{"layout":"slab","record_bytes":41072,"table_bytes":10112,"interner_bytes":71196,"metadata_bytes":20924,"cache_bytes":103040,"records":2567,"tables":1264,"logical_words":1264,"total_bytes_est":246344},"final_storage":{"layout":"slab","record_bytes":82144,"table_bytes":20224,"interner_bytes":142392,"metadata_bytes":41460,"cache_bytes":159152,"records":4746,"tables":2319,"logical_words":2319,"total_bytes_est":445372},"outer_memo_bytes":8960,"colt_bytes":14992,"checksum":607690,"verified":true}
EVENT_LAB {"kind":"readout_free_join","candidate":"retraction64","domain":"fibred","readout_family":"non-suffix","readout_faces":"x","hidden":32,"width":6,"bits":19,"worlds":524288,"admissible_worlds":301069,"environments":2,"rows":128,"groups":16,"outputs":64,"memo":false,"changed_possible_groups":16,"changed_guaranteed_groups":16,"nonconstant_readouts":48,"build_s":[0.007500708],"support_s":[0.000411083],"import_s":[0.006454084],"admission_s":[0.000635084],"join_only_s":[1.875e-5],"fresh_s":[0.007002916],"fresh_group_s":[0.001954875],"fresh_readout_s":[0.004599417],"fresh_compute_s":[0.006554583],"fresh_count_s":[0.000448292],"warm_s":[0.00148325],"warm_group_s":[3.15e-5],"warm_readout_s":[0.001006791],"warm_compute_s":[0.001038875],"warm_count_s":[0.000444292],"input_nodes":20184,"final_nodes":32988,"input_bytes_est":1661156,"final_bytes_est":3160492,"input_storage":{"layout":"slab","record_bytes":322944,"table_bytes":13176,"interner_bytes":568160,"metadata_bytes":161932,"cache_bytes":594944,"records":20184,"tables":1647,"logical_words":1647,"total_bytes_est":1661156},"final_storage":{"layout":"slab","record_bytes":645888,"table_bytes":52704,"interner_bytes":1136320,"metadata_bytes":323404,"cache_bytes":1002176,"records":32988,"tables":4381,"logical_words":4381,"total_bytes_est":3160492},"outer_memo_bytes":0,"colt_bytes":14992,"checksum":12912164,"verified":true}
EVENT_LAB {"kind":"readout_free_join","candidate":"retraction64","domain":"fibred","readout_family":"non-suffix","readout_faces":"x","hidden":32,"width":6,"bits":19,"worlds":524288,"admissible_worlds":301069,"environments":2,"rows":128,"groups":16,"outputs":64,"memo":true,"changed_possible_groups":16,"changed_guaranteed_groups":16,"nonconstant_readouts":48,"build_s":[0.007500708],"support_s":[0.000411083],"import_s":[0.006454084],"admission_s":[0.000635084],"join_only_s":[1.875e-5],"fresh_s":[0.006852917],"fresh_group_s":[0.001894959],"fresh_readout_s":[0.004513833],"fresh_compute_s":[0.006409209],"fresh_count_s":[0.000443666],"warm_s":[0.001615708],"warm_group_s":[1.8667e-5],"warm_readout_s":[0.001123792],"warm_compute_s":[0.001143166],"warm_count_s":[0.000472333],"input_nodes":20184,"final_nodes":32988,"input_bytes_est":1661156,"final_bytes_est":3169452,"input_storage":{"layout":"slab","record_bytes":322944,"table_bytes":13176,"interner_bytes":568160,"metadata_bytes":161932,"cache_bytes":594944,"records":20184,"tables":1647,"logical_words":1647,"total_bytes_est":1661156},"final_storage":{"layout":"slab","record_bytes":645888,"table_bytes":52704,"interner_bytes":1136320,"metadata_bytes":323404,"cache_bytes":1002176,"records":32988,"tables":4381,"logical_words":4381,"total_bytes_est":3160492},"outer_memo_bytes":8960,"colt_bytes":14992,"checksum":12912164,"verified":true}
ok

test result: ok. 1 passed; 0 failed; 0 ignored; 0 measured; 1378 filtered out; finished in 8.51s


        8.50 real         8.44 user         0.06 sys
            41418752  maximum resident set size
                   0  average shared memory size
                   0  average unshared data size
                   0  average unshared stack size
                2743  page reclaims
                   0  page faults
                   0  swaps
                   0  block input operations
                   0  block output operations
                   0  messages sent
                   0  messages received
                   0  signals received
                   0  voluntary context switches
                 241  involuntary context switches
        111880891109  instructions retired
         28687800217  cycles elapsed
            38420888  peak memory footprint
