
running 1 test
test event_repr_lab::experiment ... EVENT_LAB {"kind":"readout_free_join","candidate":"prefix512","domain":"fibred","readout_family":"non-suffix","readout_faces":"x","hidden":8,"width":4,"bits":13,"worlds":8192,"admissible_worlds":3197,"environments":2,"rows":128,"groups":16,"outputs":64,"memo":false,"changed_possible_groups":16,"changed_guaranteed_groups":16,"nonconstant_readouts":48,"build_s":[0.001366916],"support_s":[0.000223416],"import_s":[0.001092083],"admission_s":[5.1125e-5],"join_only_s":[3.0583e-5],"fresh_s":[0.0003845],"fresh_group_s":[0.000166709],"fresh_readout_s":[0.000200209],"fresh_compute_s":[0.00036825],"fresh_count_s":[1.6209e-5],"warm_s":[4.475e-5],"warm_group_s":[1.7958e-5],"warm_readout_s":[1.4833e-5],"warm_compute_s":[3.3e-5],"warm_count_s":[1.1666e-5],"input_nodes":1504,"final_nodes":1889,"input_bytes_est":188556,"final_bytes_est":313196,"input_storage":{"layout":"slab","record_bytes":24064,"table_bytes":50664,"interner_bytes":36480,"metadata_bytes":12388,"cache_bytes":64960,"records":1504,"tables":1491,"logical_words":6333,"total_bytes_est":188556},"final_storage":{"layout":"slab","record_bytes":48128,"table_bytes":101328,"interner_bytes":72960,"metadata_bytes":24420,"cache_bytes":66360,"records":1889,"tables":1876,"logical_words":8701,"total_bytes_est":313196},"outer_memo_bytes":0,"colt_bytes":14992,"checksum":607690,"verified":true}
EVENT_LAB {"kind":"readout_free_join","candidate":"prefix512","domain":"fibred","readout_family":"non-suffix","readout_faces":"x","hidden":8,"width":4,"bits":13,"worlds":8192,"admissible_worlds":3197,"environments":2,"rows":128,"groups":16,"outputs":64,"memo":true,"changed_possible_groups":16,"changed_guaranteed_groups":16,"nonconstant_readouts":48,"build_s":[0.001366916],"support_s":[0.000223416],"import_s":[0.001092083],"admission_s":[5.1125e-5],"join_only_s":[3.0583e-5],"fresh_s":[0.000354167],"fresh_group_s":[0.000150084],"fresh_readout_s":[0.000192208],"fresh_compute_s":[0.000342417],"fresh_count_s":[1.1666e-5],"warm_s":[3.925e-5],"warm_group_s":[1.2583e-5],"warm_readout_s":[1.4458e-5],"warm_compute_s":[2.7291e-5],"warm_count_s":[1.1875e-5],"input_nodes":1504,"final_nodes":1889,"input_bytes_est":188556,"final_bytes_est":322156,"input_storage":{"layout":"slab","record_bytes":24064,"table_bytes":50664,"interner_bytes":36480,"metadata_bytes":12388,"cache_bytes":64960,"records":1504,"tables":1491,"logical_words":6333,"total_bytes_est":188556},"final_storage":{"layout":"slab","record_bytes":48128,"table_bytes":101328,"interner_bytes":72960,"metadata_bytes":24420,"cache_bytes":66360,"records":1889,"tables":1876,"logical_words":8701,"total_bytes_est":313196},"outer_memo_bytes":8960,"colt_bytes":14992,"checksum":607690,"verified":true}
EVENT_LAB {"kind":"readout_free_join","candidate":"prefix512","domain":"fibred","readout_family":"non-suffix","readout_faces":"x","hidden":32,"width":6,"bits":19,"worlds":524288,"admissible_worlds":301069,"environments":2,"rows":128,"groups":16,"outputs":64,"memo":false,"changed_possible_groups":16,"changed_guaranteed_groups":16,"nonconstant_readouts":48,"build_s":[0.018358958],"support_s":[0.000527125],"import_s":[0.017593417],"admission_s":[0.000238],"join_only_s":[1.9208e-5],"fresh_s":[0.003213459],"fresh_group_s":[0.001301084],"fresh_readout_s":[0.00177575],"fresh_compute_s":[0.003077209],"fresh_count_s":[0.000136208],"warm_s":[0.000465],"warm_group_s":[3.7708e-5],"warm_readout_s":[0.000298541],"warm_compute_s":[0.000336791],"warm_count_s":[0.000128083],"input_nodes":31116,"final_nodes":35515,"input_bytes_est":3505244,"final_bytes_est":5045636,"input_storage":{"layout":"slab","record_bytes":497856,"table_bytes":545888,"interner_bytes":1099312,"metadata_bytes":249356,"cache_bytes":1112832,"records":31116,"tables":12210,"logical_words":68236,"total_bytes_est":3505244},"final_storage":{"layout":"slab","record_bytes":995712,"table_bytes":1091776,"interner_bytes":1223776,"metadata_bytes":498284,"cache_bytes":1236088,"records":35515,"tables":14269,"logical_words":80619,"total_bytes_est":5045636},"outer_memo_bytes":0,"colt_bytes":14992,"checksum":12912164,"verified":true}
EVENT_LAB {"kind":"readout_free_join","candidate":"prefix512","domain":"fibred","readout_family":"non-suffix","readout_faces":"x","hidden":32,"width":6,"bits":19,"worlds":524288,"admissible_worlds":301069,"environments":2,"rows":128,"groups":16,"outputs":64,"memo":true,"changed_possible_groups":16,"changed_guaranteed_groups":16,"nonconstant_readouts":48,"build_s":[0.018358958],"support_s":[0.000527125],"import_s":[0.017593417],"admission_s":[0.000238],"join_only_s":[1.9208e-5],"fresh_s":[0.003106792],"fresh_group_s":[0.001230583],"fresh_readout_s":[0.001749916],"fresh_compute_s":[0.002981042],"fresh_count_s":[0.000125666],"warm_s":[0.000452542],"warm_group_s":[1.8834e-5],"warm_readout_s":[0.000300541],"warm_compute_s":[0.000319875],"warm_count_s":[0.000129458],"input_nodes":31116,"final_nodes":35515,"input_bytes_est":3505244,"final_bytes_est":5054596,"input_storage":{"layout":"slab","record_bytes":497856,"table_bytes":545888,"interner_bytes":1099312,"metadata_bytes":249356,"cache_bytes":1112832,"records":31116,"tables":12210,"logical_words":68236,"total_bytes_est":3505244},"final_storage":{"layout":"slab","record_bytes":995712,"table_bytes":1091776,"interner_bytes":1223776,"metadata_bytes":498284,"cache_bytes":1236088,"records":35515,"tables":14269,"logical_words":80619,"total_bytes_est":5045636},"outer_memo_bytes":8960,"colt_bytes":14992,"checksum":12912164,"verified":true}
ok

test result: ok. 1 passed; 0 failed; 0 ignored; 0 measured; 1378 filtered out; finished in 7.87s


        7.87 real         7.83 user         0.03 sys
            44630016  maximum resident set size
                   0  average shared memory size
                   0  average unshared data size
                   0  average unshared stack size
                2938  page reclaims
                   0  page faults
                   0  swaps
                   0  block input operations
                   0  block output operations
                   0  messages sent
                   0  messages received
                   0  signals received
                   0  voluntary context switches
                 153  involuntary context switches
        100544967206  instructions retired
         26596167928  cycles elapsed
            41599384  peak memory footprint
