
running 1 test
test event_repr_lab::experiment ... EVENT_LAB {"kind":"readout_free_join","candidate":"prefix512","domain":"fibred","readout_family":"non-suffix","readout_faces":"x","hidden":8,"width":4,"bits":13,"worlds":8192,"admissible_worlds":3197,"environments":2,"rows":128,"groups":16,"outputs":64,"memo":false,"changed_possible_groups":16,"changed_guaranteed_groups":16,"nonconstant_readouts":48,"build_s":[0.001376375],"support_s":[0.000228833],"import_s":[0.00109225],"admission_s":[5.4958e-5],"join_only_s":[3.0208e-5],"fresh_s":[0.000402292],"fresh_group_s":[0.000169917],"fresh_readout_s":[0.000213541],"fresh_compute_s":[0.000384708],"fresh_count_s":[1.75e-5],"warm_s":[5.0666e-5],"warm_group_s":[2.1167e-5],"warm_readout_s":[1.6e-5],"warm_compute_s":[3.7458e-5],"warm_count_s":[1.3125e-5],"input_nodes":1574,"final_nodes":1959,"input_bytes_est":182924,"final_bytes_est":332396,"input_storage":{"layout":"slab","record_bytes":25184,"table_bytes":58304,"interner_bytes":36760,"metadata_bytes":12948,"cache_bytes":49728,"records":1574,"tables":1560,"logical_words":7288,"total_bytes_est":182924},"final_storage":{"layout":"slab","record_bytes":50368,"table_bytes":116608,"interner_bytes":73520,"metadata_bytes":25540,"cache_bytes":66360,"records":1959,"tables":1945,"logical_words":9656,"total_bytes_est":332396},"outer_memo_bytes":0,"colt_bytes":14992,"checksum":607690,"verified":true}
EVENT_LAB {"kind":"readout_free_join","candidate":"prefix512","domain":"fibred","readout_family":"non-suffix","readout_faces":"x","hidden":8,"width":4,"bits":13,"worlds":8192,"admissible_worlds":3197,"environments":2,"rows":128,"groups":16,"outputs":64,"memo":true,"changed_possible_groups":16,"changed_guaranteed_groups":16,"nonconstant_readouts":48,"build_s":[0.001376375],"support_s":[0.000228833],"import_s":[0.00109225],"admission_s":[5.4958e-5],"join_only_s":[3.0208e-5],"fresh_s":[0.000362042],"fresh_group_s":[0.000151584],"fresh_readout_s":[0.00019775],"fresh_compute_s":[0.000349625],"fresh_count_s":[1.2292e-5],"warm_s":[3.7167e-5],"warm_group_s":[1.0167e-5],"warm_readout_s":[1.4542e-5],"warm_compute_s":[2.4833e-5],"warm_count_s":[1.2167e-5],"input_nodes":1574,"final_nodes":1959,"input_bytes_est":182924,"final_bytes_est":341356,"input_storage":{"layout":"slab","record_bytes":25184,"table_bytes":58304,"interner_bytes":36760,"metadata_bytes":12948,"cache_bytes":49728,"records":1574,"tables":1560,"logical_words":7288,"total_bytes_est":182924},"final_storage":{"layout":"slab","record_bytes":50368,"table_bytes":116608,"interner_bytes":73520,"metadata_bytes":25540,"cache_bytes":66360,"records":1959,"tables":1945,"logical_words":9656,"total_bytes_est":332396},"outer_memo_bytes":8960,"colt_bytes":14992,"checksum":607690,"verified":true}
EVENT_LAB {"kind":"readout_free_join","candidate":"prefix512","domain":"fibred","readout_family":"non-suffix","readout_faces":"x","hidden":32,"width":6,"bits":19,"worlds":524288,"admissible_worlds":301069,"environments":2,"rows":128,"groups":16,"outputs":64,"memo":false,"changed_possible_groups":16,"changed_guaranteed_groups":16,"nonconstant_readouts":48,"build_s":[0.024693042],"support_s":[0.000793834],"import_s":[0.02360425],"admission_s":[0.000294542],"join_only_s":[1.7958e-5],"fresh_s":[0.002763792],"fresh_group_s":[0.001073],"fresh_readout_s":[0.001557833],"fresh_compute_s":[0.002631125],"fresh_count_s":[0.000132542],"warm_s":[0.000207],"warm_group_s":[3.6416e-5],"warm_readout_s":[3.7459e-5],"warm_compute_s":[7.4583e-5],"warm_count_s":[0.000132333],"input_nodes":37869,"final_nodes":41745,"input_bytes_est":4107232,"final_bytes_est":6127756,"input_storage":{"layout":"slab","record_bytes":605904,"table_bytes":958792,"interner_bytes":1126324,"metadata_bytes":303380,"cache_bytes":1112832,"records":37869,"tables":18963,"logical_words":119849,"total_bytes_est":4107232},"final_storage":{"layout":"slab","record_bytes":1211808,"table_bytes":1917584,"interner_bytes":1277800,"metadata_bytes":606332,"cache_bytes":1114232,"records":41745,"tables":20510,"logical_words":130141,"total_bytes_est":6127756},"outer_memo_bytes":0,"colt_bytes":14992,"checksum":12912164,"verified":true}
EVENT_LAB {"kind":"readout_free_join","candidate":"prefix512","domain":"fibred","readout_family":"non-suffix","readout_faces":"x","hidden":32,"width":6,"bits":19,"worlds":524288,"admissible_worlds":301069,"environments":2,"rows":128,"groups":16,"outputs":64,"memo":true,"changed_possible_groups":16,"changed_guaranteed_groups":16,"nonconstant_readouts":48,"build_s":[0.024693042],"support_s":[0.000793834],"import_s":[0.02360425],"admission_s":[0.000294542],"join_only_s":[1.7958e-5],"fresh_s":[0.002701291],"fresh_group_s":[0.001024375],"fresh_readout_s":[0.001548542],"fresh_compute_s":[0.002573375],"fresh_count_s":[0.000127875],"warm_s":[0.00019025],"warm_group_s":[1.675e-5],"warm_readout_s":[4.1667e-5],"warm_compute_s":[5.9042e-5],"warm_count_s":[0.000131125],"input_nodes":37869,"final_nodes":41745,"input_bytes_est":4107232,"final_bytes_est":6136716,"input_storage":{"layout":"slab","record_bytes":605904,"table_bytes":958792,"interner_bytes":1126324,"metadata_bytes":303380,"cache_bytes":1112832,"records":37869,"tables":18963,"logical_words":119849,"total_bytes_est":4107232},"final_storage":{"layout":"slab","record_bytes":1211808,"table_bytes":1917584,"interner_bytes":1277800,"metadata_bytes":606332,"cache_bytes":1114232,"records":41745,"tables":20510,"logical_words":130141,"total_bytes_est":6127756},"outer_memo_bytes":8960,"colt_bytes":14992,"checksum":12912164,"verified":true}
ok

test result: ok. 1 passed; 0 failed; 0 ignored; 0 measured; 1378 filtered out; finished in 15.25s


       15.25 real        15.13 user         0.11 sys
           335052800  maximum resident set size
                   0  average shared memory size
                   0  average unshared data size
                   0  average unshared stack size
               27106  page reclaims
                   0  page faults
                   0  swaps
                   0  block input operations
                   0  block output operations
                   0  messages sent
                   0  messages received
                   0  signals received
                   0  voluntary context switches
                 543  involuntary context switches
        169765123378  instructions retired
         51487882506  cycles elapsed
           332202656  peak memory footprint
