
running 1 test
test event_repr_lab::experiment ... EVENT_LAB {"kind":"readout_free_join","candidate":"prefix512","domain":"fibred","readout_family":"non-suffix","readout_faces":"x","hidden":8,"width":4,"bits":13,"worlds":8192,"admissible_worlds":3197,"environments":2,"rows":128,"groups":16,"outputs":64,"memo":false,"changed_possible_groups":16,"changed_guaranteed_groups":16,"nonconstant_readouts":48,"build_s":[0.001376167],"support_s":[0.000225542],"import_s":[0.001101166],"admission_s":[4.925e-5],"join_only_s":[3.0875e-5],"fresh_s":[0.00072525],"fresh_group_s":[0.000165583],"fresh_readout_s":[0.000542042],"fresh_compute_s":[0.000708959],"fresh_count_s":[1.6167e-5],"warm_s":[4.7042e-5],"warm_group_s":[1.9208e-5],"warm_readout_s":[1.5292e-5],"warm_compute_s":[3.475e-5],"warm_count_s":[1.2208e-5],"input_nodes":1504,"final_nodes":2274,"input_bytes_est":188556,"final_bytes_est":315828,"input_storage":{"layout":"slab","record_bytes":24064,"table_bytes":50664,"interner_bytes":36480,"metadata_bytes":12388,"cache_bytes":64960,"records":1504,"tables":1491,"logical_words":6333,"total_bytes_est":188556},"final_storage":{"layout":"slab","record_bytes":48128,"table_bytes":101328,"interner_bytes":72960,"metadata_bytes":24420,"cache_bytes":68992,"records":2274,"tables":2261,"logical_words":10548,"total_bytes_est":315828},"outer_memo_bytes":0,"colt_bytes":14992,"checksum":607690,"verified":true}
EVENT_LAB {"kind":"readout_free_join","candidate":"prefix512","domain":"fibred","readout_family":"non-suffix","readout_faces":"x","hidden":8,"width":4,"bits":13,"worlds":8192,"admissible_worlds":3197,"environments":2,"rows":128,"groups":16,"outputs":64,"memo":true,"changed_possible_groups":16,"changed_guaranteed_groups":16,"nonconstant_readouts":48,"build_s":[0.001376167],"support_s":[0.000225542],"import_s":[0.001101166],"admission_s":[4.925e-5],"join_only_s":[3.0875e-5],"fresh_s":[0.000699959],"fresh_group_s":[0.000150542],"fresh_readout_s":[0.000537209],"fresh_compute_s":[0.000687959],"fresh_count_s":[1.1958e-5],"warm_s":[3.475e-5],"warm_group_s":[8.834e-6],"warm_readout_s":[1.3875e-5],"warm_compute_s":[2.2833e-5],"warm_count_s":[1.1708e-5],"input_nodes":1504,"final_nodes":2274,"input_bytes_est":188556,"final_bytes_est":324788,"input_storage":{"layout":"slab","record_bytes":24064,"table_bytes":50664,"interner_bytes":36480,"metadata_bytes":12388,"cache_bytes":64960,"records":1504,"tables":1491,"logical_words":6333,"total_bytes_est":188556},"final_storage":{"layout":"slab","record_bytes":48128,"table_bytes":101328,"interner_bytes":72960,"metadata_bytes":24420,"cache_bytes":68992,"records":2274,"tables":2261,"logical_words":10548,"total_bytes_est":315828},"outer_memo_bytes":8960,"colt_bytes":14992,"checksum":607690,"verified":true}
EVENT_LAB {"kind":"readout_free_join","candidate":"prefix512","domain":"fibred","readout_family":"non-suffix","readout_faces":"x","hidden":32,"width":6,"bits":19,"worlds":524288,"admissible_worlds":301069,"environments":2,"rows":128,"groups":16,"outputs":64,"memo":false,"changed_possible_groups":16,"changed_guaranteed_groups":16,"nonconstant_readouts":48,"build_s":[0.018454375],"support_s":[0.000517209],"import_s":[0.017700625],"admission_s":[0.000236292],"join_only_s":[1.4958e-5],"fresh_s":[0.009143292],"fresh_group_s":[0.001287334],"fresh_readout_s":[0.0077245],"fresh_compute_s":[0.009012292],"fresh_count_s":[0.000130916],"warm_s":[0.000474416],"warm_group_s":[3.6917e-5],"warm_readout_s":[0.000301958],"warm_compute_s":[0.000339541],"warm_count_s":[0.000134792],"input_nodes":31116,"final_nodes":46993,"input_bytes_est":3505244,"final_bytes_est":5060364,"input_storage":{"layout":"slab","record_bytes":497856,"table_bytes":545888,"interner_bytes":1099312,"metadata_bytes":249356,"cache_bytes":1112832,"records":31116,"tables":12210,"logical_words":68236,"total_bytes_est":3505244},"final_storage":{"layout":"slab","record_bytes":995712,"table_bytes":1091776,"interner_bytes":1223776,"metadata_bytes":498284,"cache_bytes":1250816,"records":46993,"tables":18739,"logical_words":106233,"total_bytes_est":5060364},"outer_memo_bytes":0,"colt_bytes":14992,"checksum":12912164,"verified":true}
EVENT_LAB {"kind":"readout_free_join","candidate":"prefix512","domain":"fibred","readout_family":"non-suffix","readout_faces":"x","hidden":32,"width":6,"bits":19,"worlds":524288,"admissible_worlds":301069,"environments":2,"rows":128,"groups":16,"outputs":64,"memo":true,"changed_possible_groups":16,"changed_guaranteed_groups":16,"nonconstant_readouts":48,"build_s":[0.018454375],"support_s":[0.000517209],"import_s":[0.017700625],"admission_s":[0.000236292],"join_only_s":[1.4958e-5],"fresh_s":[0.009112875],"fresh_group_s":[0.001250292],"fresh_readout_s":[0.007735791],"fresh_compute_s":[0.008986917],"fresh_count_s":[0.000125875],"warm_s":[0.000467834],"warm_group_s":[1.65e-5],"warm_readout_s":[0.000314875],"warm_compute_s":[0.00033175],"warm_count_s":[0.000136],"input_nodes":31116,"final_nodes":46993,"input_bytes_est":3505244,"final_bytes_est":5069324,"input_storage":{"layout":"slab","record_bytes":497856,"table_bytes":545888,"interner_bytes":1099312,"metadata_bytes":249356,"cache_bytes":1112832,"records":31116,"tables":12210,"logical_words":68236,"total_bytes_est":3505244},"final_storage":{"layout":"slab","record_bytes":995712,"table_bytes":1091776,"interner_bytes":1223776,"metadata_bytes":498284,"cache_bytes":1250816,"records":46993,"tables":18739,"logical_words":106233,"total_bytes_est":5060364},"outer_memo_bytes":8960,"colt_bytes":14992,"checksum":12912164,"verified":true}
ok

test result: ok. 1 passed; 0 failed; 0 ignored; 0 measured; 1378 filtered out; finished in 7.85s


        7.85 real         7.83 user         0.02 sys
            47448064  maximum resident set size
                   0  average shared memory size
                   0  average unshared data size
                   0  average unshared stack size
                3111  page reclaims
                   0  page faults
                   0  swaps
                   0  block input operations
                   0  block output operations
                   0  messages sent
                   0  messages received
                   0  signals received
                   0  voluntary context switches
                 177  involuntary context switches
        100464598325  instructions retired
         26537741226  cycles elapsed
            44417432  peak memory footprint
