
running 1 test
test event_repr_lab::experiment ... EVENT_LAB {"kind":"readout_free_join","candidate":"prefix512","domain":"fibred","readout_family":"non-suffix","readout_faces":"x","hidden":8,"width":4,"bits":13,"worlds":8192,"admissible_worlds":3197,"environments":2,"rows":128,"groups":16,"outputs":64,"memo":false,"changed_possible_groups":16,"changed_guaranteed_groups":16,"nonconstant_readouts":48,"build_s":[0.001419416],"support_s":[0.000231791],"import_s":[0.001132],"admission_s":[5.525e-5],"join_only_s":[3.1083e-5],"fresh_s":[0.00073175],"fresh_group_s":[0.000178125],"fresh_readout_s":[0.000535458],"fresh_compute_s":[0.000714833],"fresh_count_s":[1.6875e-5],"warm_s":[5.6584e-5],"warm_group_s":[2.5083e-5],"warm_readout_s":[1.825e-5],"warm_compute_s":[4.3709e-5],"warm_count_s":[1.275e-5],"input_nodes":1574,"final_nodes":2363,"input_bytes_est":182924,"final_bytes_est":372660,"input_storage":{"layout":"slab","record_bytes":25184,"table_bytes":58304,"interner_bytes":36760,"metadata_bytes":12948,"cache_bytes":49728,"records":1574,"tables":1560,"logical_words":7288,"total_bytes_est":182924},"final_storage":{"layout":"slab","record_bytes":50368,"table_bytes":116608,"interner_bytes":73520,"metadata_bytes":25540,"cache_bytes":106624,"records":2363,"tables":2349,"logical_words":10253,"total_bytes_est":372660},"outer_memo_bytes":0,"colt_bytes":14992,"checksum":607690,"verified":true}
EVENT_LAB {"kind":"readout_free_join","candidate":"prefix512","domain":"fibred","readout_family":"non-suffix","readout_faces":"x","hidden":8,"width":4,"bits":13,"worlds":8192,"admissible_worlds":3197,"environments":2,"rows":128,"groups":16,"outputs":64,"memo":true,"changed_possible_groups":16,"changed_guaranteed_groups":16,"nonconstant_readouts":48,"build_s":[0.001419416],"support_s":[0.000231791],"import_s":[0.001132],"admission_s":[5.525e-5],"join_only_s":[3.1083e-5],"fresh_s":[0.0007325],"fresh_group_s":[0.000178583],"fresh_readout_s":[0.000541583],"fresh_compute_s":[0.000720417],"fresh_count_s":[1.2e-5],"warm_s":[4.6292e-5],"warm_group_s":[1.5584e-5],"warm_readout_s":[1.6875e-5],"warm_compute_s":[3.2959e-5],"warm_count_s":[1.3167e-5],"input_nodes":1574,"final_nodes":2363,"input_bytes_est":182924,"final_bytes_est":381620,"input_storage":{"layout":"slab","record_bytes":25184,"table_bytes":58304,"interner_bytes":36760,"metadata_bytes":12948,"cache_bytes":49728,"records":1574,"tables":1560,"logical_words":7288,"total_bytes_est":182924},"final_storage":{"layout":"slab","record_bytes":50368,"table_bytes":116608,"interner_bytes":73520,"metadata_bytes":25540,"cache_bytes":106624,"records":2363,"tables":2349,"logical_words":10253,"total_bytes_est":372660},"outer_memo_bytes":8960,"colt_bytes":14992,"checksum":607690,"verified":true}
EVENT_LAB {"kind":"readout_free_join","candidate":"prefix512","domain":"fibred","readout_family":"non-suffix","readout_faces":"x","hidden":32,"width":6,"bits":19,"worlds":524288,"admissible_worlds":301069,"environments":2,"rows":128,"groups":16,"outputs":64,"memo":false,"changed_possible_groups":16,"changed_guaranteed_groups":16,"nonconstant_readouts":48,"build_s":[0.02455825],"support_s":[0.000792959],"import_s":[0.023472542],"admission_s":[0.000292292],"join_only_s":[1.7125e-5],"fresh_s":[0.004126334],"fresh_group_s":[0.001089292],"fresh_readout_s":[0.002900583],"fresh_compute_s":[0.00399],"fresh_count_s":[0.000136167],"warm_s":[0.000211542],"warm_group_s":[3.6e-5],"warm_readout_s":[3.9084e-5],"warm_compute_s":[7.5709e-5],"warm_count_s":[0.000135709],"input_nodes":37869,"final_nodes":43704,"input_bytes_est":4107232,"final_bytes_est":6148756,"input_storage":{"layout":"slab","record_bytes":605904,"table_bytes":958792,"interner_bytes":1126324,"metadata_bytes":303380,"cache_bytes":1112832,"records":37869,"tables":18963,"logical_words":119849,"total_bytes_est":4107232},"final_storage":{"layout":"slab","record_bytes":1211808,"table_bytes":1917584,"interner_bytes":1277800,"metadata_bytes":606332,"cache_bytes":1135232,"records":43704,"tables":22281,"logical_words":139017,"total_bytes_est":6148756},"outer_memo_bytes":0,"colt_bytes":14992,"checksum":12912164,"verified":true}
EVENT_LAB {"kind":"readout_free_join","candidate":"prefix512","domain":"fibred","readout_family":"non-suffix","readout_faces":"x","hidden":32,"width":6,"bits":19,"worlds":524288,"admissible_worlds":301069,"environments":2,"rows":128,"groups":16,"outputs":64,"memo":true,"changed_possible_groups":16,"changed_guaranteed_groups":16,"nonconstant_readouts":48,"build_s":[0.02455825],"support_s":[0.000792959],"import_s":[0.023472542],"admission_s":[0.000292292],"join_only_s":[1.7125e-5],"fresh_s":[0.00412725],"fresh_group_s":[0.001076625],"fresh_readout_s":[0.002912458],"fresh_compute_s":[0.003989708],"fresh_count_s":[0.000137458],"warm_s":[0.000196667],"warm_group_s":[1.7041e-5],"warm_readout_s":[4.2042e-5],"warm_compute_s":[5.9625e-5],"warm_count_s":[0.000137],"input_nodes":37869,"final_nodes":43704,"input_bytes_est":4107232,"final_bytes_est":6157716,"input_storage":{"layout":"slab","record_bytes":605904,"table_bytes":958792,"interner_bytes":1126324,"metadata_bytes":303380,"cache_bytes":1112832,"records":37869,"tables":18963,"logical_words":119849,"total_bytes_est":4107232},"final_storage":{"layout":"slab","record_bytes":1211808,"table_bytes":1917584,"interner_bytes":1277800,"metadata_bytes":606332,"cache_bytes":1135232,"records":43704,"tables":22281,"logical_words":139017,"total_bytes_est":6148756},"outer_memo_bytes":8960,"colt_bytes":14992,"checksum":12912164,"verified":true}
ok

test result: ok. 1 passed; 0 failed; 0 ignored; 0 measured; 1378 filtered out; finished in 15.34s


       15.34 real        15.17 user         0.15 sys
           354959360  maximum resident set size
                   0  average shared memory size
                   0  average unshared data size
                   0  average unshared stack size
               29521  page reclaims
                   0  page faults
                   0  swaps
                   0  block input operations
                   0  block output operations
                   0  messages sent
                   0  messages received
                   0  signals received
                   0  voluntary context switches
                 434  involuntary context switches
        170223118949  instructions retired
         51739890547  cycles elapsed
           352158440  peak memory footprint
