diff --git a/crates/bumbledb-bench/Cargo.toml b/crates/bumbledb-bench/Cargo.toml
index 4fbcb0b8..63bacd38 100644
--- a/crates/bumbledb-bench/Cargo.toml
+++ b/crates/bumbledb-bench/Cargo.toml
@@ -18,3 +18,7 @@ bumbledb = { path = "../bumbledb", features = ["ground-off"] }
 
 [lints]
 workspace = true
+
+[[bin]]
+name = "q1-timing"
+path = "/Users/bjorn/Documents/bumbledb/bench-out/autoresearch-20260908.pMXtzv/q1_timing.rs"
diff --git a/crates/bumbledb/src/api/prepared/build.rs b/crates/bumbledb/src/api/prepared/build.rs
index a5187abe..0071fa0f 100644
--- a/crates/bumbledb/src/api/prepared/build.rs
+++ b/crates/bumbledb/src/api/prepared/build.rs
@@ -184,7 +184,6 @@ fn prepare_witnessed<S>(
     }
     let params = param_specs(witness);
 
-    let output_hint = output_hint(&rules);
     if rules.len() > 1 && dnf_derived(&written) {
         seal_dnf_spans(&mut rules);
     }
@@ -195,7 +194,7 @@ fn prepare_witnessed<S>(
         Vec::new()
     };
     let mut sink = rules.first().map_or_else(
-        || make_sink(&[], 0, SinkRegime::SingleRule(None), 0, &[]),
+        || make_sink(&[], 0, SinkRegime::SingleRule(None), &[]),
         |first| {
             let regime = if rules.len() > 1 {
                 if dnf_derived(&written) {
@@ -206,13 +205,7 @@ fn prepare_witnessed<S>(
             } else {
                 SinkRegime::SingleRule(first.distinct_witness())
             };
-            make_sink(
-                first.finds(),
-                first.slot_count(),
-                regime,
-                output_hint,
-                &dense_groups,
-            )
+            make_sink(first.finds(), first.slot_count(), regime, &dense_groups)
         },
     );
     // The initial experiment licenses only a store-pinned singleton head,
@@ -385,12 +378,11 @@ fn prepare_interior(
         seal_dnf_spans(&mut rules);
     }
     let units = rules.len();
-    let hint = output_hint(&rules);
     // An interior is a full stage: projection, aggregate, or computed —
     // the same sink selection as main (chapter 12's uniform nonrecursive
     // composition; the projection-only wall is deleted).
     let sink = rules.first().map_or_else(
-        || make_sink(&[], 0, SinkRegime::SingleRule(None), 0, &[]),
+        || make_sink(&[], 0, SinkRegime::SingleRule(None), &[]),
         |first| {
             let regime = if rules.len() > 1 {
                 if dnf_derived(&written) {
@@ -401,7 +393,7 @@ fn prepare_interior(
             } else {
                 SinkRegime::SingleRule(first.distinct_witness())
             };
-            make_sink(first.finds(), first.slot_count(), regime, hint, &[])
+            make_sink(first.finds(), first.slot_count(), regime, &[])
         },
     );
     Ok(PreparedInterior {
@@ -462,27 +454,19 @@ fn prepare_reach(
         )?);
     }
     let units = base.len() + rec_rules.len();
-    let hint = output_hint(&base) + rec_rules.iter().map(free_join_hint).max().unwrap_or(0);
     let sink = base.first().map_or_else(
         || {
             rec_rules.first().map_or_else(
-                || crate::exec::sink::ProjectionSink::with_capacity_hint(&[], 0, 0),
+                || crate::exec::sink::ProjectionSink::from_finds(&[], 0),
                 |first| {
-                    crate::exec::sink::ProjectionSink::with_capacity_hint(
+                    crate::exec::sink::ProjectionSink::from_finds(
                         &first.finds,
                         first.plan.slot_count(),
-                        hint,
                     )
                 },
             )
         },
-        |first| {
-            crate::exec::sink::ProjectionSink::with_capacity_hint(
-                first.finds(),
-                first.slot_count(),
-                hint,
-            )
-        },
+        |first| crate::exec::sink::ProjectionSink::from_finds(first.finds(), first.slot_count()),
     );
     Ok(super::reach::ReachDriver {
         base,
@@ -517,29 +501,6 @@ fn ground_rules(
         .collect()
 }
 
-fn output_hint(rules: &[PreparedRule]) -> usize {
-    rules
-        .iter()
-        .map(|rule| match rule {
-            PreparedRule::FreeJoin(rule) => free_join_hint(rule),
-            PreparedRule::KeyProbe(_) => 1,
-        })
-        .max()
-        .unwrap_or(0)
-}
-
-fn free_join_hint(rule: &super::FreeJoinRule) -> usize {
-    usize::try_from(
-        rule.plan
-            .estimates()
-            .last()
-            .copied()
-            .unwrap_or(0)
-            .min(1 << 21),
-    )
-    .expect("clamped")
-}
-
 fn param_specs(witness: &crate::ir::validate::ValidatedQuery) -> Vec<super::ParamSpec> {
     let value_types: std::collections::BTreeMap<crate::ir::ParamId, &ValueType> =
         witness.param_types().collect();
@@ -1031,7 +992,6 @@ fn make_sink(
     finds: &[FindSpec],
     slot_count: usize,
     regime: SinkRegime<'_>,
-    hint: usize,
     dense_groups: &[u16],
 ) -> EitherSink {
     if finds
@@ -1045,38 +1005,35 @@ fn make_sink(
         // stage error boundary). Dense-group radixes never cover the
         // appended slots, so the inner sink stays hashed.
         let (lowered, programs, total) = crate::api::prepared::computed::lower(finds, slot_count);
-        let inner = make_plain_sink(&lowered, total, regime, hint, &[]);
+        let inner = make_plain_sink(&lowered, total, regime, &[]);
         return EitherSink::Computed(Box::new(crate::api::prepared::computed::ComputedSink::new(
             inner, programs, slot_count, total,
         )));
     }
-    make_plain_sink(finds, slot_count, regime, hint, dense_groups)
+    make_plain_sink(finds, slot_count, regime, dense_groups)
 }
 
 fn make_plain_sink(
     finds: &[FindSpec],
     slot_count: usize,
     regime: SinkRegime<'_>,
-    hint: usize,
     dense_groups: &[u16],
 ) -> EitherSink {
     let all_plain = finds
         .iter()
         .all(|spec| matches!(spec, FindSpec::Var { .. }));
     if all_plain {
-        EitherSink::Projection(ProjectionSink::with_capacity_hint(finds, slot_count, hint))
+        EitherSink::Projection(ProjectionSink::from_finds(finds, slot_count))
     } else {
         let sink = match regime {
             SinkRegime::SingleRule(Some(witness)) => {
-                AggregateSink::without_seen_set(finds, slot_count, witness, hint, dense_groups)
+                AggregateSink::without_seen_set(finds, slot_count, witness, dense_groups)
             }
             SinkRegime::SingleRule(None) => {
-                AggregateSink::with_capacity_hint(finds, slot_count, hint, dense_groups)
-            }
-            SinkRegime::Union => AggregateSink::for_union(finds, slot_count, hint),
-            SinkRegime::DnfUnion(spans) => {
-                AggregateSink::for_dnf_union(finds, slot_count, spans, hint)
+                AggregateSink::for_bindings(finds, slot_count, dense_groups)
             }
+            SinkRegime::Union => AggregateSink::for_union(finds, slot_count),
+            SinkRegime::DnfUnion(spans) => AggregateSink::for_dnf_union(finds, slot_count, spans),
         };
         EitherSink::Aggregate(Box::new(sink))
     }
diff --git a/crates/bumbledb/src/api/prepared/reach/spill_bounded.rs b/crates/bumbledb/src/api/prepared/reach/spill_bounded.rs
index 5fe7aea9..7021a2ee 100644
--- a/crates/bumbledb/src/api/prepared/reach/spill_bounded.rs
+++ b/crates/bumbledb/src/api/prepared/reach/spill_bounded.rs
@@ -267,7 +267,7 @@ fn feed_ids(sink: &mut ProjectionSink, values: impl IntoIterator<Item = u64>) {
 
 fn spilled_sink(rows: u64) -> ProjectionSink {
     let finds = [FindSpec::Var { slot: 0, width: 1 }];
-    let mut sink = ProjectionSink::with_capacity_hint(&finds, 1, 0);
+    let mut sink = ProjectionSink::from_finds(&finds, 1);
     sink.begin(Some(work()));
     feed_ids(&mut sink, 0..rows);
     sink.force_spill().unwrap();
@@ -304,7 +304,7 @@ fn d09_spilled_projection_seal_is_scratch_and_complete() {
 #[test]
 fn d09_small_projection_stays_resident() {
     let finds = [FindSpec::Var { slot: 0, width: 1 }];
-    let mut sink = ProjectionSink::with_capacity_hint(&finds, 1, 0);
+    let mut sink = ProjectionSink::from_finds(&finds, 1);
     feed_ids(&mut sink, 0..3);
     assert!(!sink.spilled());
     let mut derived = DerivedImages::default();
diff --git a/crates/bumbledb/src/api/prepared/tests/correctness.rs b/crates/bumbledb/src/api/prepared/tests/correctness.rs
index d40c0590..7e8665d0 100644
--- a/crates/bumbledb/src/api/prepared/tests/correctness.rs
+++ b/crates/bumbledb/src/api/prepared/tests/correctness.rs
@@ -244,11 +244,8 @@ fn store_keyed_range_installs_append_and_matches_forced_hash_control() {
         );
         let mut hashed = store.prepare(&query).unwrap();
         let rule = &hashed.pipeline.main_rules()[0];
-        hashed.sink = EitherSink::Projection(ProjectionSink::with_capacity_hint(
-            rule.finds(),
-            rule.slot_count(),
-            0,
-        ));
+        hashed.sink =
+            EitherSink::Projection(ProjectionSink::from_finds(rule.finds(), rule.slot_count()));
         assert!(!output_hashing_is_elided(&hashed));
         for prepared in [&mut append, &mut hashed] {
             prepared.force_cursor_fallback(fallback);
diff --git a/crates/bumbledb/src/api/prepared/tests/projection_unique.rs b/crates/bumbledb/src/api/prepared/tests/projection_unique.rs
index b79e9e00..1b80a46b 100644
--- a/crates/bumbledb/src/api/prepared/tests/projection_unique.rs
+++ b/crates/bumbledb/src/api/prepared/tests/projection_unique.rs
@@ -127,11 +127,8 @@ fn hidden_instrument_key_string_filter_matches_forced_hash_in_order() {
         );
         let mut hashed = fix.prepare(&query).unwrap();
         let rule = &hashed.pipeline.main_rules()[0];
-        hashed.sink = EitherSink::Projection(ProjectionSink::with_capacity_hint(
-            rule.finds(),
-            rule.slot_count(),
-            0,
-        ));
+        hashed.sink =
+            EitherSink::Projection(ProjectionSink::from_finds(rule.finds(), rule.slot_count()));
         for prepared in [&mut append, &mut hashed] {
             prepared.force_cursor_fallback(fallback);
         }
@@ -211,11 +208,8 @@ fn uuid_keyed_join_with_negative_guard_preserves_order_across_sink_tiers() {
         assert!(elided(&append));
         let mut hashed = fix.prepare(&query).unwrap();
         let rule = &hashed.pipeline.main_rules()[0];
-        hashed.sink = EitherSink::Projection(ProjectionSink::with_capacity_hint(
-            rule.finds(),
-            rule.slot_count(),
-            0,
-        ));
+        hashed.sink =
+            EitherSink::Projection(ProjectionSink::from_finds(rule.finds(), rule.slot_count()));
         for prepared in [&mut append, &mut hashed] {
             prepared.force_cursor_fallback(fallback);
         }
diff --git a/crates/bumbledb/src/exec/sink.rs b/crates/bumbledb/src/exec/sink.rs
index 3c5cffcb..824440c3 100644
--- a/crates/bumbledb/src/exec/sink.rs
+++ b/crates/bumbledb/src/exec/sink.rs
@@ -198,14 +198,10 @@ impl std::fmt::Debug for SpilledSet {
 }
 
 impl SpillSet {
-    pub(in crate::exec::sink) fn with_capacity_hint(
-        arity: usize,
-        hint: usize,
-        ordered: bool,
-    ) -> Self {
+    pub(in crate::exec::sink) fn new(arity: usize, ordered: bool) -> Self {
         Self {
             ordered,
-            ram: WordMap::with_capacity_hint(arity, hint),
+            ram: WordMap::new(arity),
             unique_rows: None,
             spilled: None,
             work: None,
diff --git a/crates/bumbledb/src/exec/sink/aggregate/new.rs b/crates/bumbledb/src/exec/sink/aggregate/new.rs
index 4542ac4f..5755648f 100644
--- a/crates/bumbledb/src/exec/sink/aggregate/new.rs
+++ b/crates/bumbledb/src/exec/sink/aggregate/new.rs
@@ -42,7 +42,7 @@ impl AggregateSink {
     #[cfg(test)]
     #[must_use]
     pub fn new(finds: impl AsRef<[FindSpec]>, slot_count: usize) -> Self {
-        Self::build(finds.as_ref(), slot_count, DedupRegime::Bindings, 0, &[])
+        Self::build(finds.as_ref(), slot_count, DedupRegime::Bindings, &[])
     }
 
     #[cfg(test)]
@@ -56,7 +56,6 @@ impl AggregateSink {
             finds.as_ref(),
             slot_count,
             DedupRegime::Bindings,
-            0,
             dense_groups,
         )
     }
@@ -72,36 +71,25 @@ impl AggregateSink {
             finds.as_ref(),
             slot_count,
             DedupRegime::Elided(witness),
-            0,
             &[],
         )
     }
 
     #[must_use]
-    pub fn with_capacity_hint(
-        finds: &[FindSpec],
-        slot_count: usize,
-        hint: usize,
-        dense_groups: &[u16],
-    ) -> Self {
-        Self::build(finds, slot_count, DedupRegime::Bindings, hint, dense_groups)
+    pub fn for_bindings(finds: &[FindSpec], slot_count: usize, dense_groups: &[u16]) -> Self {
+        Self::build(finds, slot_count, DedupRegime::Bindings, dense_groups)
     }
 
     #[must_use]
-    pub fn for_union(finds: &[FindSpec], slot_count: usize, hint: usize) -> Self {
-        Self::build(finds, slot_count, DedupRegime::Union, hint, &[])
+    pub fn for_union(finds: &[FindSpec], slot_count: usize) -> Self {
+        Self::build(finds, slot_count, DedupRegime::Union, &[])
     }
 
     /// DNF union seen-set re-keys on the shared slot arrays
     /// (`lean/Bumbledb/Exec/Dedup.lean: dnf_rekey_transparent`).
     #[must_use]
-    pub fn for_dnf_union(
-        finds: &[FindSpec],
-        slot_count: usize,
-        spans: &[(usize, usize)],
-        hint: usize,
-    ) -> Self {
-        Self::build(finds, slot_count, DedupRegime::DnfUnion(spans), hint, &[])
+    pub fn for_dnf_union(finds: &[FindSpec], slot_count: usize, spans: &[(usize, usize)]) -> Self {
+        Self::build(finds, slot_count, DedupRegime::DnfUnion(spans), &[])
     }
 
     #[must_use]
@@ -109,14 +97,12 @@ impl AggregateSink {
         finds: &[FindSpec],
         slot_count: usize,
         witness: crate::plan::fj::DistinctWitness,
-        hint: usize,
         dense_groups: &[u16],
     ) -> Self {
         Self::build(
             finds,
             slot_count,
             DedupRegime::Elided(witness),
-            hint,
             dense_groups,
         )
     }
@@ -129,7 +115,6 @@ impl AggregateSink {
         finds: &[FindSpec],
         slot_count: usize,
         regime: DedupRegime<'_>,
-        hint: usize,
         dense_groups: &[u16],
     ) -> Self {
         let finds = parse_finds(finds);
@@ -153,7 +138,7 @@ impl AggregateSink {
         let (dedup, union_words) = match regime {
             DedupRegime::Bindings => (
                 DedupState::Bindings {
-                    seen: SpillSet::with_capacity_hint(scratch_words, hint, false),
+                    seen: SpillSet::new(scratch_words, false),
                 },
                 0,
             ),
@@ -162,7 +147,7 @@ impl AggregateSink {
                 let words: usize = spans.iter().map(|(_, width)| width).sum();
                 (
                     DedupState::Union {
-                        seen: SpillSet::with_capacity_hint(words, hint, false),
+                        seen: SpillSet::new(words, false),
                         spans,
                     },
                     words,
@@ -173,7 +158,7 @@ impl AggregateSink {
                 let words: usize = spans.iter().map(|(_, width)| width).sum();
                 (
                     DedupState::DnfUnion {
-                        seen: SpillSet::with_capacity_hint(words, hint, false),
+                        seen: SpillSet::new(words, false),
                         spans,
                     },
                     words,
@@ -183,7 +168,7 @@ impl AggregateSink {
         };
 
         let groups = if dense_groups.is_empty() {
-            GroupTable::Hashed(WordMap::with_capacity_hint(key_words, hint.min(4096)))
+            GroupTable::Hashed(WordMap::new(key_words))
         } else {
             debug_assert_eq!(
                 dense_groups.len(),
diff --git a/crates/bumbledb/src/exec/sink/projection/new.rs b/crates/bumbledb/src/exec/sink/projection/new.rs
index 83166759..6710e794 100644
--- a/crates/bumbledb/src/exec/sink/projection/new.rs
+++ b/crates/bumbledb/src/exec/sink/projection/new.rs
@@ -25,16 +25,16 @@ impl ProjectionSink {
     #[must_use]
     pub fn new(slots: Vec<usize>) -> Self {
         let slot_count = slots.iter().max().map_or(0, |slot| slot + 1);
-        Self::with_capacity_hint_sources(slots, slot_count, 0)
+        Self::from_sources(slots, slot_count)
     }
 
     #[must_use]
-    fn with_capacity_hint_sources(sources: Vec<usize>, slot_count: usize, hint: usize) -> Self {
+    fn from_sources(sources: Vec<usize>, slot_count: usize) -> Self {
         let arity = sources.len();
         Self {
             finds: Vec::new(),
             sources,
-            seen: SpillSet::with_capacity_hint(arity, hint, true),
+            seen: SpillSet::new(arity, true),
             scratch: vec![0; arity],
             batch_route: super::ProjectionRoute::new(arity, slot_count),
             scan_route: super::ProjectionRoute::new(arity, slot_count),
@@ -44,10 +44,10 @@ impl ProjectionSink {
     }
 
     #[must_use]
-    pub fn with_capacity_hint(finds: &[FindSpec], slot_count: usize, hint: usize) -> Self {
+    pub fn from_finds(finds: &[FindSpec], slot_count: usize) -> Self {
         let parsed = parse_finds(finds);
         let sources = sources_of(&parsed);
-        let mut sink = Self::with_capacity_hint_sources(sources, slot_count, hint);
+        let mut sink = Self::from_sources(sources, slot_count);
         sink.finds = parsed;
         sink
     }
diff --git a/crates/bumbledb/src/exec/sink/tests.rs b/crates/bumbledb/src/exec/sink/tests.rs
index ff988979..5761dfc6 100644
--- a/crates/bumbledb/src/exec/sink/tests.rs
+++ b/crates/bumbledb/src/exec/sink/tests.rs
@@ -18,6 +18,7 @@ use std::collections::{BTreeMap, BTreeSet};
 use std::sync::Arc;
 
 mod aggregate;
+mod demand_growth;
 mod memory;
 mod pack;
 mod projection;
diff --git a/crates/bumbledb/src/exec/sink/tests/aggregate.rs b/crates/bumbledb/src/exec/sink/tests/aggregate.rs
index 08b0ab5b..1019b2f5 100644
--- a/crates/bumbledb/src/exec/sink/tests/aggregate.rs
+++ b/crates/bumbledb/src/exec/sink/tests/aggregate.rs
@@ -89,7 +89,7 @@ fn written_union_does_not_share_float_inputs_that_alias_in_only_one_rule() {
             }),
         ]
     };
-    let mut sink = AggregateSink::for_union(&finds(0), 2, 0);
+    let mut sink = AggregateSink::for_union(&finds(0), 2);
     let mut bindings = Bindings::new(2);
     bindings.set(0, F64::from(1.0).to_order_key());
     bindings.set(1, F64::from(10.0).to_order_key());
@@ -316,7 +316,7 @@ fn union_reaim_invalidates_fold_sources_even_with_the_same_leaf_layout() {
         ]
     };
     let bindings = Bindings::new(2);
-    let mut sink = AggregateSink::for_union(&finds(0, 1), 2, 0);
+    let mut sink = AggregateSink::for_union(&finds(0, 1), 2);
     sink.emit_batch(&LeafBatch {
         keys: &[100, 1],
         arity: 2,
@@ -778,7 +778,7 @@ fn the_union_seen_set_keys_head_projections_across_rule_layouts() {
             FindSpec::Agg(AggSpec::Count),
         ]
     };
-    let mut sink = AggregateSink::for_union(&spec(0, 1), 2, 0);
+    let mut sink = AggregateSink::for_union(&spec(0, 1), 2);
     sink.reset();
 
     let mut bindings = Bindings::new(2);
@@ -838,7 +838,7 @@ fn the_dnf_union_seen_set_keys_shared_slot_arrays_across_clone_layouts() {
     // VarId order: v0 → g's slot, v1 → x's, v2 → e's, per clone.
     let spans_a = [(0, 1), (1, 1), (2, 1)];
     let spans_b = [(2, 1), (1, 1), (0, 1)];
-    let mut sink = AggregateSink::for_dnf_union(&spec(0, 1), 3, &spans_a, 0);
+    let mut sink = AggregateSink::for_dnf_union(&spec(0, 1), 3, &spans_a);
     sink.reset();
 
     let mut bindings = Bindings::new(3);
diff --git a/crates/bumbledb/src/exec/sink/tests/stage_spill.rs b/crates/bumbledb/src/exec/sink/tests/stage_spill.rs
index b5003982..aa255691 100644
--- a/crates/bumbledb/src/exec/sink/tests/stage_spill.rs
+++ b/crates/bumbledb/src/exec/sink/tests/stage_spill.rs
@@ -29,8 +29,8 @@ fn assert_hashed_kernel_state(actual: &SpillSet, dynamic: &SpillSet) {
 fn direct_hashed_kernel_preserves_duplicates_and_order_across_explicit_transition() {
     for arity in [0, 1, 2, 3] {
         for transition in [None, Some(0), Some(3)] {
-            let mut direct = SpillSet::with_capacity_hint(arity, 0, true);
-            let mut dynamic = SpillSet::with_capacity_hint(arity, 0, true);
+            let mut direct = SpillSet::new(arity, true);
+            let mut dynamic = SpillSet::new(arity, true);
             for _ in 0..2 {
                 for set in [&mut direct, &mut dynamic] {
                     set.clear();
@@ -67,8 +67,8 @@ fn direct_hashed_kernel_preserves_duplicates_and_order_across_explicit_transitio
 
 #[test]
 fn direct_hashed_kernel_preserves_cancellation_stickiness_and_reuse() {
-    let mut direct = SpillSet::with_capacity_hint(2, 0, true);
-    let mut dynamic = SpillSet::with_capacity_hint(2, 0, true);
+    let mut direct = SpillSet::new(2, true);
+    let mut dynamic = SpillSet::new(2, true);
     for set in [&mut direct, &mut dynamic] {
         let context = work();
         context.cancel();
@@ -108,8 +108,8 @@ fn direct_hashed_kernel_preserves_cancellation_stickiness_and_reuse() {
 fn bulk_hashed_insert_preserves_transition_order_and_early_stop() {
     for arity in [1, 2, 9] {
         for transition in [None, Some(0), Some(3)] {
-            let mut bulk = SpillSet::with_capacity_hint(arity, 0, true);
-            let mut control = SpillSet::with_capacity_hint(arity, 0, true);
+            let mut bulk = SpillSet::new(arity, true);
+            let mut control = SpillSet::new(arity, true);
             for set in [&mut bulk, &mut control] {
                 set.begin(Some(work()));
             }
@@ -151,8 +151,8 @@ fn bulk_hashed_insert_preserves_transition_order_and_early_stop() {
 fn bulk_hashed_insert_matches_cancellation_boundaries_stickiness_and_reuse() {
     for cancel_at in [None, Some(0), Some(255), Some(256), Some(257)] {
         for duplicates in [false, true] {
-            let mut bulk = SpillSet::with_capacity_hint(2, 0, true);
-            let mut control = SpillSet::with_capacity_hint(2, 0, true);
+            let mut bulk = SpillSet::new(2, true);
+            let mut control = SpillSet::new(2, true);
             for set in [&mut bulk, &mut control] {
                 set.begin(Some(work()));
             }
@@ -255,8 +255,8 @@ fn output_key_witness() -> crate::plan::fj::ProjectionDistinctWitness {
 fn proved_output_append_matches_ordered_set_across_ram_spill_and_reuse() {
     let witness = output_key_witness();
     for transition in [None, Some(0), Some(2)] {
-        let mut hashed = SpillSet::with_capacity_hint(2, 0, true);
-        let mut append = SpillSet::with_capacity_hint(2, 0, true);
+        let mut hashed = SpillSet::new(2, true);
+        let mut append = SpillSet::new(2, true);
         append.elide_output_hashing(witness);
         for round in 0..2 {
             hashed.clear();
@@ -325,7 +325,7 @@ fn proved_output_append_matches_ordered_set_across_ram_spill_and_reuse() {
 #[test]
 fn proved_output_append_keeps_work_quantum_failure_sticky_and_reuses_capacity() {
     let ledger = work();
-    let mut append = SpillSet::with_capacity_hint(2, 0, true);
+    let mut append = SpillSet::new(2, true);
     append.elide_output_hashing(output_key_witness());
     append.begin(Some(ledger.clone()));
     for i in 0..STEP_QUANTUM - 1 {
@@ -355,7 +355,7 @@ fn proved_output_append_keeps_work_quantum_failure_sticky_and_reuses_capacity()
 #[test]
 fn failed_proved_output_transition_preserves_rows_and_can_retry() {
     let context = work();
-    let mut append = SpillSet::with_capacity_hint(2, 0, true);
+    let mut append = SpillSet::new(2, true);
     append.elide_output_hashing(output_key_witness());
     append.begin(Some(context.clone()));
     assert!(append.insert(&[1, 2]));
@@ -383,7 +383,7 @@ fn failed_proved_output_transition_preserves_rows_and_can_retry() {
 }
 
 fn bulk_unique_set() -> SpillSet {
-    let mut set = SpillSet::with_capacity_hint(2, 0, true);
+    let mut set = SpillSet::new(2, true);
     set.elide_output_hashing(output_key_witness());
     let rows = set.unique_rows.as_mut().unwrap();
     rows.words = vec![0; 3].into_boxed_slice().into_vec();
@@ -564,7 +564,7 @@ fn generated_unique_rows_do_not_publish_an_unfinished_span_on_panic() {
 #[test]
 fn resident_dedup_polls_duplicates_at_the_exact_work_quantum_and_stops_stickily() {
     let ledger = work();
-    let mut seen = SpillSet::with_capacity_hint(1, 0, false);
+    let mut seen = SpillSet::new(1, false);
     seen.begin(Some(ledger.clone()));
     assert!(seen.insert(&[7]));
     for _ in 1..STEP_QUANTUM - 1 {
@@ -589,7 +589,7 @@ fn resident_dedup_polls_duplicates_at_the_exact_work_quantum_and_stops_stickily(
 
 #[test]
 fn explicit_transition_preserves_duplicates_and_insertion_order() {
-    let mut seen = SpillSet::with_capacity_hint(2, 0, true);
+    let mut seen = SpillSet::new(2, true);
     seen.begin(Some(work()));
     assert!(seen.insert(&[1, 2]));
     assert!(seen.insert(&[3, 4]));
@@ -611,7 +611,7 @@ fn explicit_transition_preserves_duplicates_and_insertion_order() {
 #[test]
 fn failed_hashed_transition_keeps_the_resident_set_and_can_retry() {
     let context = work();
-    let mut seen = SpillSet::with_capacity_hint(2, 0, true);
+    let mut seen = SpillSet::new(2, true);
     seen.begin(Some(context.clone()));
     assert!(seen.insert(&[1, 2]));
     assert!(seen.insert(&[3, 4]));
@@ -665,7 +665,7 @@ fn d09_projection_stream_into_scratch_matches_resident() {
         }
     };
 
-    let mut resident = ProjectionSink::with_capacity_hint(&finds, 2, 0);
+    let mut resident = ProjectionSink::from_finds(&finds, 2);
     feed(&mut resident);
     let mut expected = Vec::new();
     resident
@@ -676,7 +676,7 @@ fn d09_projection_stream_into_scratch_matches_resident() {
         .expect("resident drain");
     expected.sort();
 
-    let mut spilled = ProjectionSink::with_capacity_hint(&finds, 2, 0);
+    let mut spilled = ProjectionSink::from_finds(&finds, 2);
     spilled.begin(Some(work()));
     feed(&mut spilled);
     spilled.seen.spill().unwrap();
@@ -695,7 +695,7 @@ fn d09_projection_stream_into_scratch_matches_resident() {
 #[test]
 fn d09_drain_since_propagates_failure_immediately() {
     let finds = [FindSpec::Var { slot: 0, width: 1 }];
-    let mut sink = ProjectionSink::with_capacity_hint(&finds, 1, 0);
+    let mut sink = ProjectionSink::from_finds(&finds, 1);
     let mut bindings = Bindings::new(1);
     for i in 0..8u64 {
         bindings.set(0, i);
@@ -717,7 +717,7 @@ fn d09_drain_since_propagates_failure_immediately() {
 #[test]
 fn d09_drain_since_early_stop_is_not_an_error() {
     let finds = [FindSpec::Var { slot: 0, width: 1 }];
-    let mut sink = ProjectionSink::with_capacity_hint(&finds, 1, 0);
+    let mut sink = ProjectionSink::from_finds(&finds, 1);
     let mut bindings = Bindings::new(1);
     for i in 0..6u64 {
         bindings.set(0, i);
@@ -765,7 +765,7 @@ fn d09_aggregate_stream_finalize_stays_one_row_per_group() {
 #[test]
 fn cancelled_destination_refuses_stream_without_consuming_source() {
     let finds = [FindSpec::Var { slot: 0, width: 1 }];
-    let mut sink = ProjectionSink::with_capacity_hint(&finds, 1, 0);
+    let mut sink = ProjectionSink::from_finds(&finds, 1);
     let mut bindings = Bindings::new(1);
     for i in 0..4096u64 {
         bindings.set(0, i);
@@ -836,7 +836,7 @@ fn d09_tiny_finalize_never_opens_scratch_env() {
 #[test]
 fn d09_tiny_projection_stream_never_opens_scratch_env() {
     let finds = [FindSpec::Var { slot: 0, width: 1 }];
-    let mut sink = ProjectionSink::with_capacity_hint(&finds, 1, 0);
+    let mut sink = ProjectionSink::from_finds(&finds, 1);
     let mut bindings = Bindings::new(1);
     for i in 0..3u64 {
         bindings.set(0, i);
diff --git a/crates/bumbledb/src/exec/wordmap.rs b/crates/bumbledb/src/exec/wordmap.rs
index 243a11dd..132b9e59 100644
--- a/crates/bumbledb/src/exec/wordmap.rs
+++ b/crates/bumbledb/src/exec/wordmap.rs
@@ -1,11 +1,9 @@
 //! Open-addressed word tuples for seen sets and aggregate groups.
-//! Control bytes gate key reads; generation stamps distinguish live slots
-//! from retained stale tags. The dense list contains only initialized live
-//! values. `V: Copy` permits recycling and rehashing without drop state.
-//! Unsafe value access is confined to the entry, rehash and iteration sites
-//! that establish or consume those invariants.
+//! Keys and values are packed in first-insertion order. Hash slots name those
+//! rows; control bytes and generation stamps gate every ordinal lookup.
+//! Rehash rebuilds only the index, never the payload. All payload accesses
+//! use safe slices. `V: Copy` permits clear and reuse without drop state.
 #![allow(clippy::inline_always)]
-use std::mem::MaybeUninit;
 
 /// Ctrl bytes scanned per probe step (one SWAR word).
 const WINDOW: usize = 8;
@@ -19,7 +17,7 @@ pub struct WordMap<V> {
 
     keys: Vec<u64>,
 
-    values: Vec<MaybeUninit<V>>,
+    values: Vec<V>,
 
     stamps: Vec<u8>,
 
@@ -28,10 +26,11 @@ pub struct WordMap<V> {
 
     stale: usize,
 
-    dense: Vec<u32>,
+    slots: Vec<u32>,
     len: usize,
 }
 
+#[cfg(test)]
 const HINT_CAP: usize = 1 << 21;
 
 /// Max load as `len × LOAD_DEN ≤ capacity` — 3 = 33% (justified by
@@ -42,6 +41,15 @@ const HINT_CAP: usize = 1 << 21;
 const LOAD_DEN: usize = 3;
 
 impl<V: Copy> WordMap<V> {
+    #[cfg(test)]
+    pub(crate) fn retained_bytes_for_test(&self) -> usize {
+        self.ctrl.capacity()
+            + self.keys.capacity() * size_of::<u64>()
+            + self.values.capacity() * size_of::<V>()
+            + self.stamps.capacity()
+            + self.slots.capacity() * size_of::<u32>()
+    }
+
     /// Distinct entries before another growth would exceed the u32 slot index.
     /// This is a representation bound, not an execution or memory allowance.
     pub(crate) fn remaining_rows(&self) -> usize {
diff --git a/crates/bumbledb/src/exec/wordmap/clear.rs b/crates/bumbledb/src/exec/wordmap/clear.rs
index 5a35da35..b64253f0 100644
--- a/crates/bumbledb/src/exec/wordmap/clear.rs
+++ b/crates/bumbledb/src/exec/wordmap/clear.rs
@@ -3,7 +3,8 @@ use super::WordMap;
 impl<V: Copy> WordMap<V> {
     pub fn clear(&mut self) {
         self.stale += self.len;
-        self.dense.clear();
+        self.keys.clear();
+        self.values.clear();
         self.len = 0;
         if self.stale == 0 {
             return;
@@ -21,22 +22,12 @@ impl<V: Copy> WordMap<V> {
         self.iter_since(0)
     }
 
-    #[expect(
-        unsafe_code,
-        reason = "the dense list contains only initialized live values"
-    )]
     pub fn iter_since(&self, since: usize) -> impl Iterator<Item = (&[u64], &V)> + Clone {
-        self.dense[since.min(self.dense.len())..]
-            .iter()
-            .map(move |&idx| {
-                let idx = idx as usize;
-                debug_assert_ne!(self.ctrl[idx], 0, "dense entries are occupied");
-                (
-                    &self.keys[idx * self.arity..(idx + 1) * self.arity],
-                    // SAFETY: dense lists only initialized live slots, and
-                    // clear empties that list before advancing generation.
-                    unsafe { self.values[idx].assume_init_ref() },
-                )
-            })
+        (since.min(self.len)..self.len).map(move |row| {
+            (
+                &self.keys[row * self.arity..(row + 1) * self.arity],
+                &self.values[row],
+            )
+        })
     }
 }
diff --git a/crates/bumbledb/src/exec/wordmap/entry.rs b/crates/bumbledb/src/exec/wordmap/entry.rs
index efa3afdd..b70a09a0 100644
--- a/crates/bumbledb/src/exec/wordmap/entry.rs
+++ b/crates/bumbledb/src/exec/wordmap/entry.rs
@@ -85,10 +85,6 @@ impl<V: Copy> WordMap<V> {
     }
 
     #[inline(always)]
-    #[expect(
-        unsafe_code,
-        reason = "only matched or fully published live values are returned"
-    )]
     fn entry_hashed_core<const K: usize>(
         &mut self,
         key: &[u64],
@@ -97,40 +93,23 @@ impl<V: Copy> WordMap<V> {
     ) -> (&mut V, bool) {
         debug_assert_eq!(key.len(), K);
         if (self.len + 1) * LOAD_DEN > self.capacity() {
-            // Only new keys need capacity. Probe on this cold boundary
-            // before allocating replacement arrays; ordinary inserts still
-            // use the single probe below. Empty maps have no probe backing.
+            // Duplicates at the boundary do not grow either index or payload.
             if self.len != 0 {
-                let (found, idx) = self.probe_core::<K>(key, hash);
+                let (found, slot) = self.probe_core::<K>(key, hash);
                 if found {
-                    // SAFETY: the matching live slot has an initialized V.
-                    return (unsafe { self.values[idx].assume_init_mut() }, false);
+                    return (&mut self.values[self.slots[slot] as usize], false);
                 }
             }
             self.grow();
         }
-        let (found, idx) = self.probe_core::<K>(key, hash);
-        if !found {
-            let value = make();
-            let dense_idx = u32::try_from(idx).expect("slot index fits u32");
-            self.keys[idx * K..idx * K + K].copy_from_slice(&key[..K]);
-            self.values[idx].write(value);
-            self.dense.push(dense_idx);
-            // Publish only after construction and dense growth succeed.
-            // Before this point partial slot writes remain empty or stale.
-            self.stale -= usize::from(self.ctrl[idx] != 0);
-            self.set_ctrl(idx, ctrl_tag(hash));
-            self.len += 1;
+        let (found, slot) = self.probe_core::<K>(key, hash);
+        if found {
+            (&mut self.values[self.slots[slot] as usize], false)
+        } else {
+            (self.insert_vacant(&key[..K], slot, hash, make), true)
         }
-        // SAFETY: a matched or newly published live slot has an initialized
-        // value. Stale slots never match, and V: Copy has no drop state.
-        (unsafe { self.values[idx].assume_init_mut() }, !found)
     }
 
-    #[expect(
-        unsafe_code,
-        reason = "only matched or fully published live values are returned"
-    )]
     pub(super) fn entry_dyn(
         &mut self,
         key: &[u64],
@@ -140,29 +119,43 @@ impl<V: Copy> WordMap<V> {
         debug_assert_eq!(key.len(), self.arity);
         if (self.len + 1) * LOAD_DEN > self.capacity() {
             if self.len != 0 {
-                let (found, idx) = self.probe(key, hash);
+                let (found, slot) = self.probe(key, hash);
                 if found {
-                    // SAFETY: the matching live slot has an initialized V.
-                    return (unsafe { self.values[idx].assume_init_mut() }, false);
+                    return (&mut self.values[self.slots[slot] as usize], false);
                 }
             }
             self.grow();
         }
-        let (found, idx) = self.probe(key, hash);
-        if !found {
-            let value = make();
-            let dense_idx = u32::try_from(idx).expect("slot index fits u32");
-            self.keys[idx * self.arity..(idx + 1) * self.arity].copy_from_slice(key);
-            self.values[idx].write(value);
-            self.dense.push(dense_idx);
-            // Match the constant-arity publication boundary above.
-            self.stale -= usize::from(self.ctrl[idx] != 0);
-            self.set_ctrl(idx, ctrl_tag(hash));
-            self.len += 1;
+        let (found, slot) = self.probe(key, hash);
+        if found {
+            (&mut self.values[self.slots[slot] as usize], false)
+        } else {
+            (self.insert_vacant(key, slot, hash, make), true)
         }
-        // SAFETY: a matched or newly published live slot has an initialized
-        // value. Stale slots never match, and V: Copy has no drop state.
-        (unsafe { self.values[idx].assume_init_mut() }, !found)
+    }
+
+    #[inline(always)]
+    fn insert_vacant(
+        &mut self,
+        key: &[u64],
+        slot: usize,
+        hash: u64,
+        make: impl FnOnce() -> V,
+    ) -> &mut V {
+        let row = u32::try_from(self.len).expect("row ordinal fits u32");
+        let stale = self.stale - usize::from(self.ctrl[slot] != 0);
+        let value = make();
+        // A constructor or either reservation may panic. Neither payload
+        // length nor the live index changes until all three have succeeded.
+        self.keys.reserve(key.len());
+        self.values.reserve(1);
+        self.keys.extend_from_slice(key);
+        self.values.push(value);
+        self.slots[slot] = row;
+        self.stale = stale;
+        self.set_ctrl(slot, ctrl_tag(hash));
+        self.len += 1;
+        &mut self.values[row as usize]
     }
 
     #[inline(always)]
diff --git a/crates/bumbledb/src/exec/wordmap/grow.rs b/crates/bumbledb/src/exec/wordmap/grow.rs
index 00595f62..29595573 100644
--- a/crates/bumbledb/src/exec/wordmap/grow.rs
+++ b/crates/bumbledb/src/exec/wordmap/grow.rs
@@ -1,10 +1,8 @@
-use std::mem::MaybeUninit;
-
 use super::{WINDOW, WordMap, ctrl_tag, hash_core, hash_words};
 
 // Check representability before allocating or replacing any backing array.
-// Dense indices name slots, so a capacity of 2^32 is the final valid power
-// of two. The next growth must refuse before rehash mutates dense indices.
+// Preserve the existing slot-cardinality and key-width representation bounds.
+// The next growth must refuse before replacing any index backing.
 pub(super) fn growth_layout(capacity: usize, arity: usize) -> (usize, usize) {
     let capacity = capacity
         .checked_mul(2)
@@ -19,74 +17,51 @@ pub(super) fn growth_layout(capacity: usize, arity: usize) -> (usize, usize) {
 
 impl<V: Copy> WordMap<V> {
     pub(super) fn grow(&mut self) {
-        let (new_capacity, key_words) = growth_layout(self.capacity(), self.arity);
+        let (new_capacity, _) = growth_layout(self.capacity(), self.arity);
 
-        // Vec capacity failures may unwind. Keep every old array intact
-        // until all replacement allocations have succeeded.
-        let keys = vec![0; key_words];
-        let values = std::iter::repeat_with(MaybeUninit::uninit)
-            .take(new_capacity)
-            .collect();
+        // Keep all old arrays intact until replacement allocations succeed.
+        // Payload stays packed and does not move or grow during rehash.
+        let slots = vec![0; new_capacity];
         let ctrl = vec![0; new_capacity + WINDOW - 1];
         let stamps = vec![0; new_capacity];
-        let old_keys = std::mem::replace(&mut self.keys, keys);
-        let old_values = std::mem::replace(&mut self.values, values);
+        self.slots = slots;
         self.ctrl = ctrl;
         self.stamps = stamps;
         self.stale = 0;
 
         match self.arity {
-            0 => self.rehash_core::<0>(&old_keys, &old_values),
-            1 => self.rehash_core::<1>(&old_keys, &old_values),
-            2 => self.rehash_core::<2>(&old_keys, &old_values),
-            3 => self.rehash_core::<3>(&old_keys, &old_values),
-            4 => self.rehash_core::<4>(&old_keys, &old_values),
-            5 => self.rehash_core::<5>(&old_keys, &old_values),
-            6 => self.rehash_core::<6>(&old_keys, &old_values),
-            7 => self.rehash_core::<7>(&old_keys, &old_values),
-            8 => self.rehash_core::<8>(&old_keys, &old_values),
-            _ => self.rehash_dyn(&old_keys, &old_values),
+            0 => self.rehash_core::<0>(),
+            1 => self.rehash_core::<1>(),
+            2 => self.rehash_core::<2>(),
+            3 => self.rehash_core::<3>(),
+            4 => self.rehash_core::<4>(),
+            5 => self.rehash_core::<5>(),
+            6 => self.rehash_core::<6>(),
+            7 => self.rehash_core::<7>(),
+            8 => self.rehash_core::<8>(),
+            _ => self.rehash_dyn(),
         }
     }
 
-    #[expect(
-        unsafe_code,
-        reason = "old dense indices identify initialized Copy values"
-    )]
-    fn rehash_core<const K: usize>(&mut self, old_keys: &[u64], old_values: &[MaybeUninit<V>]) {
-        for i in 0..self.dense.len() {
-            let old_idx = self.dense[i] as usize;
-            let key = &old_keys[old_idx * K..old_idx * K + K];
+    fn rehash_core<const K: usize>(&mut self) {
+        for row in 0..self.len {
+            let key = &self.keys[row * K..row * K + K];
             let hash = hash_core::<K>(key);
-            let (found, new_idx) = self.probe_core::<K>(key, hash);
+            let (found, slot) = self.probe_core::<K>(key, hash);
             debug_assert!(!found, "rehashed keys are distinct");
-            self.set_ctrl(new_idx, ctrl_tag(hash));
-            self.keys[new_idx * K..new_idx * K + K].copy_from_slice(key);
-            // SAFETY: old_idx was dense-listed and therefore initialized.
-            // V: Copy has no drop state; the old array remains alive here.
-            self.values[new_idx].write(unsafe { old_values[old_idx].assume_init_read() });
-            self.dense[i] = u32::try_from(new_idx).expect("slot index fits u32");
+            self.slots[slot] = u32::try_from(row).expect("row ordinal fits u32");
+            self.set_ctrl(slot, ctrl_tag(hash));
         }
     }
 
-    #[expect(
-        unsafe_code,
-        reason = "old dense indices identify initialized Copy values"
-    )]
-    fn rehash_dyn(&mut self, old_keys: &[u64], old_values: &[MaybeUninit<V>]) {
-        for i in 0..self.dense.len() {
-            let old_idx = self.dense[i] as usize;
-            let key_range = old_idx * self.arity..(old_idx + 1) * self.arity;
-            let hash = hash_words(&old_keys[key_range.clone()]);
-            let (found, new_idx) = self.probe(&old_keys[key_range.clone()], hash);
+    fn rehash_dyn(&mut self) {
+        for row in 0..self.len {
+            let key = &self.keys[row * self.arity..(row + 1) * self.arity];
+            let hash = hash_words(key);
+            let (found, slot) = self.probe(key, hash);
             debug_assert!(!found, "rehashed keys are distinct");
-            self.set_ctrl(new_idx, ctrl_tag(hash));
-            self.keys[new_idx * self.arity..(new_idx + 1) * self.arity]
-                .copy_from_slice(&old_keys[key_range]);
-            // SAFETY: old_idx was dense-listed and therefore initialized.
-            // V: Copy has no drop state; the old array remains alive here.
-            self.values[new_idx].write(unsafe { old_values[old_idx].assume_init_read() });
-            self.dense[i] = u32::try_from(new_idx).expect("slot index fits u32");
+            self.slots[slot] = u32::try_from(row).expect("row ordinal fits u32");
+            self.set_ctrl(slot, ctrl_tag(hash));
         }
     }
 }
diff --git a/crates/bumbledb/src/exec/wordmap/new.rs b/crates/bumbledb/src/exec/wordmap/new.rs
index e7841dd3..c582aeca 100644
--- a/crates/bumbledb/src/exec/wordmap/new.rs
+++ b/crates/bumbledb/src/exec/wordmap/new.rs
@@ -1,6 +1,6 @@
-use std::mem::MaybeUninit;
-
-use super::{HINT_CAP, LOAD_DEN, WINDOW, WordMap};
+use super::WordMap;
+#[cfg(test)]
+use super::{HINT_CAP, LOAD_DEN};
 
 impl<V: Copy> WordMap<V> {
     #[must_use]
@@ -13,14 +13,17 @@ impl<V: Copy> WordMap<V> {
             stamps: Vec::new(),
             generation: 0,
             stale: 0,
-            dense: Vec::new(),
+            slots: Vec::new(),
             len: 0,
         }
     }
 
+    /// Explicit geometry for collision and generation tests. Production maps
+    /// start empty and grow from actual insertions, not planner estimates.
     /// # Panics
     /// If the hinted backing's key-word count cannot be represented.
     #[must_use]
+    #[cfg(test)]
     pub fn with_capacity_hint(arity: usize, hint: usize) -> Self {
         let mut map = Self::new(arity);
         let capacity = (hint.clamp(2, HINT_CAP) * LOAD_DEN).next_power_of_two();
@@ -28,29 +31,27 @@ impl<V: Copy> WordMap<V> {
         map
     }
 
+    #[cfg(test)]
     fn allocate(&mut self, capacity: usize) {
-        debug_assert!(capacity.is_power_of_two() && capacity >= WINDOW);
-        let words = capacity
+        debug_assert!(capacity.is_power_of_two() && capacity >= super::WINDOW);
+        capacity
             .checked_mul(self.arity)
             .expect("WordMap key capacity overflow");
-        self.ctrl = vec![0; capacity + WINDOW - 1];
-        self.keys = vec![0; words];
-        self.values = std::iter::repeat_with(MaybeUninit::uninit)
-            .take(capacity)
-            .collect();
+        self.ctrl = vec![0; capacity + super::WINDOW - 1];
+        self.slots = vec![0; capacity];
         self.stamps = vec![0; capacity];
     }
 
     #[inline(always)]
     pub(super) fn capacity(&self) -> usize {
-        self.values.len()
+        self.slots.len()
     }
 
     #[inline(always)]
     pub(super) fn set_ctrl(&mut self, idx: usize, value: u8) {
         self.ctrl[idx] = value;
         self.stamps[idx] = self.generation;
-        if idx < WINDOW - 1 {
+        if idx < super::WINDOW - 1 {
             let capacity = self.capacity();
             self.ctrl[capacity + idx] = value;
         }
diff --git a/crates/bumbledb/src/exec/wordmap/probe.rs b/crates/bumbledb/src/exec/wordmap/probe.rs
index 9773d698..53b0bb0f 100644
--- a/crates/bumbledb/src/exec/wordmap/probe.rs
+++ b/crates/bumbledb/src/exec/wordmap/probe.rs
@@ -3,7 +3,8 @@ use super::{WINDOW, WordMap, ctrl_tag, eq_byte_mask, zero_byte_mask};
 impl<V: Copy> WordMap<V> {
     #[inline(always)]
     fn key_at_matches(&self, slot: usize, key: &[u64]) -> bool {
-        let stored = &self.keys[slot * self.arity..slot * self.arity + key.len()];
+        let row = self.slots[slot] as usize;
+        let stored = &self.keys[row * self.arity..row * self.arity + key.len()];
         let mut matches = true;
         for i in 0..key.len() {
             matches &= stored[i] == key[i];
@@ -13,7 +14,8 @@ impl<V: Copy> WordMap<V> {
 
     #[inline(always)]
     fn key_at_matches_core<const K: usize>(&self, slot: usize, key: &[u64]) -> bool {
-        let stored = &self.keys[slot * K..slot * K + K];
+        let row = self.slots[slot] as usize;
+        let stored = &self.keys[row * K..row * K + K];
         let mut matches = true;
         for i in 0..K {
             matches &= stored[i] == key[i];
@@ -32,7 +34,7 @@ impl<V: Copy> WordMap<V> {
 
     #[inline(always)]
     fn probe_with(&self, hash: u64, key_at: impl Fn(usize) -> bool) -> (bool, usize) {
-        debug_assert!(!self.values.is_empty());
+        debug_assert!(!self.slots.is_empty());
         let capacity = self.capacity();
         let mask = capacity - 1;
         let wanted = ctrl_tag(hash);
diff --git a/crates/bumbledb/src/exec/wordmap/tests.rs b/crates/bumbledb/src/exec/wordmap/tests.rs
index 436d719c..03cf928e 100644
--- a/crates/bumbledb/src/exec/wordmap/tests.rs
+++ b/crates/bumbledb/src/exec/wordmap/tests.rs
@@ -3,3 +3,5 @@ pub(super) use super::{LOAD_DEN, WINDOW, WordMap, ctrl_tag as tag, hash_words};
 mod behavior;
 mod contracts;
 mod pins;
+
+mod packed;
diff --git a/crates/bumbledb/src/exec/wordmap/tests/behavior.rs b/crates/bumbledb/src/exec/wordmap/tests/behavior.rs
index 727d55e2..b7065700 100644
--- a/crates/bumbledb/src/exec/wordmap/tests/behavior.rs
+++ b/crates/bumbledb/src/exec/wordmap/tests/behavior.rs
@@ -54,9 +54,9 @@ fn duplicates_at_the_load_boundary_do_not_grow_or_rehash() {
                 map.values.as_ptr(),
                 map.ctrl.as_ptr(),
                 map.stamps.as_ptr(),
-                map.dense.as_ptr(),
+                map.slots.as_ptr(),
             );
-            let dense = map.dense.clone();
+            let dense = map.slots.clone();
             #[cfg(feature = "alloc-counter")]
             let before = crate::alloc_counter::snapshot().window;
             for _ in 0..3 {
@@ -86,7 +86,7 @@ fn duplicates_at_the_load_boundary_do_not_grow_or_rehash() {
                 capacity,
                 "arity {arity}, recycled {recycled}"
             );
-            assert_eq!(map.dense, dense, "duplicate lookup does not rehash");
+            assert_eq!(map.slots, dense, "duplicate lookup does not rehash");
             assert_eq!(
                 backing,
                 (
@@ -94,7 +94,7 @@ fn duplicates_at_the_load_boundary_do_not_grow_or_rehash() {
                     map.values.as_ptr(),
                     map.ctrl.as_ptr(),
                     map.stamps.as_ptr(),
-                    map.dense.as_ptr(),
+                    map.slots.as_ptr(),
                 ),
                 "duplicate insertion retains every backing allocation"
             );
@@ -149,7 +149,7 @@ fn panicking_constructor_never_publishes_a_fresh_or_stale_slot() {
             }
             let before_ctrl = map.ctrl.clone();
             let before_stamps = map.stamps.clone();
-            let before_dense = map.dense.clone();
+            let before_dense = map.slots.clone();
             let before_len = map.len;
             let before_stale = map.stale;
             let before_generation = map.generation;
@@ -163,7 +163,7 @@ fn panicking_constructor_never_publishes_a_fresh_or_stale_slot() {
             // implementation an occupied slot can contain uninitialized V.
             // These assertions make that version fail without reading V.
             assert_eq!(map.len, before_len);
-            assert_eq!(map.dense, before_dense);
+            assert_eq!(map.slots, before_dense);
             assert_eq!(map.ctrl, before_ctrl);
             assert_eq!(map.stamps, before_stamps);
             assert_eq!(map.stale, before_stale);
@@ -254,16 +254,16 @@ fn values_accumulate_through_get_or_insert() {
 }
 
 #[test]
-fn grow_rewrites_the_dense_list_in_place() {
+fn grow_rebuilds_index_without_moving_dense_payload() {
     let mut map: WordMap<u64> = WordMap::new(1);
     for i in 0..20u64 {
         map.get_or_insert_with(&[i], || i * 3);
     }
-    let ptr = map.dense.as_ptr();
-    let capacity = map.dense.capacity();
+    let payload = (map.keys.as_ptr(), map.values.as_ptr());
+    let capacity = (map.keys.capacity(), map.values.capacity());
     map.grow();
-    assert_eq!(map.dense.as_ptr(), ptr, "grow re-allocated the dense list");
-    assert_eq!(map.dense.capacity(), capacity);
+    assert_eq!((map.keys.as_ptr(), map.values.as_ptr()), payload);
+    assert_eq!((map.keys.capacity(), map.values.capacity()), capacity);
     assert_eq!(map.len(), 20);
     let keys: Vec<u64> = map.iter().map(|(k, _)| k[0]).collect();
     assert_eq!(
@@ -352,7 +352,7 @@ fn the_ctrl_mirror_tracks_the_head() {
     let mut map: WordMap<()> = WordMap::with_capacity_hint(1, 4);
     for i in 0..200u64 {
         map.insert(&[i.wrapping_mul(0x9E37_79B9_7F4A_7C15)]);
-        let capacity = map.values.len();
+        let capacity = map.capacity();
         assert_eq!(
             &map.ctrl[capacity..capacity + WINDOW - 1],
             &map.ctrl[..WINDOW - 1],
@@ -360,7 +360,7 @@ fn the_ctrl_mirror_tracks_the_head() {
         );
     }
     map.clear();
-    let capacity = map.values.len();
+    let capacity = map.capacity();
     assert_eq!(
         &map.ctrl[capacity..capacity + WINDOW - 1],
         &map.ctrl[..WINDOW - 1],
@@ -369,7 +369,7 @@ fn the_ctrl_mirror_tracks_the_head() {
 
     for i in 0..200u64 {
         map.insert(&[i.wrapping_mul(0x9E37_79B9_7F4A_7C15)]);
-        let capacity = map.values.len();
+        let capacity = map.capacity();
         assert_eq!(
             &map.ctrl[capacity..capacity + WINDOW - 1],
             &map.ctrl[..WINDOW - 1],
@@ -437,12 +437,12 @@ fn clear_retains_ctrl_until_saturation_forces_the_physical_reset() {
 #[test]
 fn a_covering_hint_never_grows() {
     let mut map: WordMap<()> = WordMap::with_capacity_hint(2, 100_000);
-    let capacity = map.values.len();
+    let capacity = map.capacity();
     for i in 0..100_000u64 {
         map.insert(&[i, i ^ 0x5555]);
     }
     assert_eq!(map.len(), 100_000);
-    assert_eq!(map.values.len(), capacity, "no rehash under the hint");
+    assert_eq!(map.capacity(), capacity, "no rehash under the hint");
     assert!(
         map.len() * LOAD_DEN <= capacity,
         "the covered hint keeps load at the shipped max"
@@ -455,7 +455,7 @@ fn bulk_rows_preserve_exact_single_row_state_through_growth_and_reuse() {
         assert_eq!(bulk.arity, single.arity);
         assert_eq!(bulk.ctrl, single.ctrl);
         assert_eq!(bulk.stamps, single.stamps);
-        assert_eq!(bulk.dense, single.dense);
+        assert_eq!(bulk.slots, single.slots);
         assert_eq!(bulk.keys, single.keys);
         assert_eq!(bulk.len, single.len);
         assert_eq!(bulk.stale, single.stale);
@@ -465,7 +465,7 @@ fn bulk_rows_preserve_exact_single_row_state_through_growth_and_reuse() {
         assert_eq!(bulk.keys.capacity(), single.keys.capacity());
         assert_eq!(bulk.values.capacity(), single.values.capacity());
         assert_eq!(bulk.stamps.capacity(), single.stamps.capacity());
-        assert_eq!(bulk.dense.capacity(), single.dense.capacity());
+        assert_eq!(bulk.slots.capacity(), single.slots.capacity());
         // Iteration reads only initialized values, in insertion order.
         assert!(bulk.iter().eq(single.iter()));
     }
diff --git a/crates/bumbledb/src/exec/wordmap/tests/contracts.rs b/crates/bumbledb/src/exec/wordmap/tests/contracts.rs
index 133c4c78..30a1c57a 100644
--- a/crates/bumbledb/src/exec/wordmap/tests/contracts.rs
+++ b/crates/bumbledb/src/exec/wordmap/tests/contracts.rs
@@ -185,12 +185,12 @@ fn probe_steps_stay_near_one_at_max_load() {
         map.insert(&[next(), next()]);
     }
     assert!(
-        map.len() * LOAD_DEN <= map.values.len(),
+        map.len() * LOAD_DEN <= map.capacity(),
         "the sweep runs at the shipped max load"
     );
 
     let keys: Vec<Vec<u64>> = map.iter().map(|(k, ())| k.to_vec()).collect();
-    let mask = map.values.len() - 1;
+    let mask = map.capacity() - 1;
     let mut steps = 0usize;
     for key in &keys {
         let hash = super::hash_words(key);
@@ -200,7 +200,9 @@ fn probe_steps_stay_near_one_at_max_load() {
             let c = map.ctrl[idx];
             assert_ne!(c, 0, "key exists");
             if c == super::tag(hash)
-                && &map.keys[idx * map.arity..(idx + 1) * map.arity] == key.as_slice()
+                && &map.keys
+                    [map.slots[idx] as usize * map.arity..(map.slots[idx] as usize + 1) * map.arity]
+                    == key.as_slice()
             {
                 break;
             }
diff --git a/crates/bumbledb/src/plan/fj.rs b/crates/bumbledb/src/plan/fj.rs
index 1e009a66..20b804a3 100644
--- a/crates/bumbledb/src/plan/fj.rs
+++ b/crates/bumbledb/src/plan/fj.rs
@@ -51,7 +51,7 @@ pub struct Subatom {
 
 /// One plan node: a list of subatoms. Executed as: iterate the chosen
 /// cover, probe the rest in order. `estimate` is the planner's per-step
-/// row count — copied through fold-split, sealed onto [`PlanNode`].
+/// row count used during planning and copied through fold-split.
 #[derive(Debug, Clone, PartialEq, Eq)]
 pub struct Node {
     pub subatoms: Vec<Subatom>,
@@ -210,8 +210,6 @@ pub struct PlanNode {
     pub new_vars: Vec<VarId>,
 
     pub suffix_skip: SuffixSkip,
-
-    pub estimate: u64,
 }
 
 /// Plan evidence for D2 subtree cancellation. `Licensed` means this node
@@ -291,11 +289,6 @@ impl ValidatedPlan {
         }
     }
 
-    #[must_use]
-    pub fn estimates(&self) -> Vec<u64> {
-        self.nodes.iter().map(|node| node.estimate).collect()
-    }
-
     /// # Panics
     /// On a programmer-invariant violation: a variable outside the plan.
     #[must_use]
diff --git a/crates/bumbledb/src/plan/fj/derive_nodes.rs b/crates/bumbledb/src/plan/fj/derive_nodes.rs
index ab23e783..f15ef5f4 100644
--- a/crates/bumbledb/src/plan/fj/derive_nodes.rs
+++ b/crates/bumbledb/src/plan/fj/derive_nodes.rs
@@ -48,7 +48,6 @@ pub(super) fn derive_nodes(plan: &FjPlan) -> Result<Vec<PlanNode>, PlanError> {
             point_probes: Vec::new(),
             new_vars,
             suffix_skip: super::SuffixSkip::Forbidden,
-            estimate: node.estimate,
         });
     }
     Ok(nodes)
