=== power ok at bench-durable-r1 open: AC
=== lane bench-durable-r1 start 19:28:24
=== power ok at bench-durable-r1 close: AC
=== lane bench-durable-r1 done 19:32:32
=== power ok at bench-durable-r2 open: AC
=== lane bench-durable-r2 start 19:32:47
=== power ok at bench-durable-r2 close: AC
=== lane bench-durable-r2 done 19:37:26
=== power ok at bench-durable-r3 open: AC
=== lane bench-durable-r3 start 19:37:37
=== power ok at bench-durable-r3 close: AC
=== lane bench-durable-r3 done 19:41:47
=== power ok at bench-ephemeral-r1 open: AC
=== lane bench-ephemeral-r1 start 19:41:53
=== power ok at bench-ephemeral-r1 close: AC
=== lane bench-ephemeral-r1 done 19:45:38
=== power ok at bench-ephemeral-r2 open: AC
=== lane bench-ephemeral-r2 start 19:45:44
=== power ok at bench-ephemeral-r2 close: AC
=== lane bench-ephemeral-r2 done 19:49:34
=== power ok at bench-ephemeral-r3 open: AC
=== lane bench-ephemeral-r3 start 19:49:41
=== power ok at bench-ephemeral-r3 close: AC
=== lane bench-ephemeral-r3 done 19:53:23
=== power ok at scenarios open: AC
=== lane scenarios start 19:55:29
=== power ok at scenarios close: AC
=== lane scenarios done 20:12:18
=== power ok at storage open: AC
=== lane storage start 20:13:09
=== power ok at storage close: AC
=== lane storage done 20:13:15
=== power ok at curves open: AC
=== lane curves start 20:13:16
=== power ok at curves close: AC
=== lane curves done 20:13:23
=== power ok at crud open: AC
=== lane crud start 20:13:24
=== power ok at crud close: AC
=== lane crud done 20:13:33
=== power ok at writes open: AC
=== lane writes start 20:13:42
=== power ok at writes close: AC
=== lane writes done 20:14:33
=== power ok at churn open: AC
=== lane churn start 20:15:05
=== power ok at churn close: AC
=== lane churn done 20:43:58
