scheduler boost: user-interactive QoS claimed
scenario olap: loaded 525200 facts x 2 engines
scenario olap: o1_revenue_by_region
scenario olap: o2_category_window
scenario olap: o3_promo_split
scenario olap: o4_segment_category
scenario olap: o5_store_extremes
scenario olap: o6_brand_drill
# Scenario benchmarks

Report-class measurements over non-ledger worlds; every query oracle-gated (value-identical results on both engines, every `SQLite` lane, never under a cap) before timing. Adversarial lanes run under a per-sample wall-clock cap (`SQLite`'s progress handler): a lane that trips it reports `DNF>cap` with NO percentiles — excluded from geomeans and counted. Protocol: 8 warmups, 1 samples, medians; `SQLite` file-backed WAL `synchronous=FULL`, fully indexed, prepared statements reused, ANALYZE run. ratio = ours/theirs (lower is better; <1 = bumbledb faster).


## olap (geomean ratio 0.01 over 6 timed)

| query | lane | rows | ours p50 (us) | sqlite p50 (us) | ratio | regime |
|---|---|---:|---:|---:|---:|---|
| o1_revenue_by_region | sqlite | 6 | 448.6 | 197258.4 | 0.00 | full-fact Sum through one dimension, 6 groups |
| o2_category_window | sqlite | 16 | 369.3 | 16448.5 | 0.02 | Sum+Count by category inside day windows |
| o3_promo_split | sqlite | 2 | 313.9 | 88549.7 | 0.00 | bool group key, full-scan fold |
| o4_segment_category | sqlite | 64 | 25870.9 | 331610.5 | 0.08 | two-dimension rollup, 64 groups, 3-way join |
| o5_store_extremes | sqlite | 200 | 653.5 | 143985.9 | 0.00 | Min+Max per store, 200 groups |
| o6_brand_drill | sqlite | 1 | 2.0 | 566.0 | 0.00 | selective brand point + day range, one Sum |

Overall geomean ratio across 6 queries: **0.01**.

## Flame summaries (per query, --trace)

### olap / o1_revenue_by_region

```text
span                       calls     total_us      self_us       p50_us       max_us
join                           1      475.916      475.916      475.916      475.916
execute                        1      476.750        0.417      476.750      476.750
rule_0                         1      476.208        0.167      476.208      476.208
views                          1        0.125        0.125        0.125        0.125
finalize                       1        0.125        0.125        0.125        0.125
view_memo_hit                  2        0.000        0.000        0.000        0.000
select_probe                   2        0.000        0.000        0.000        0.000
prefetch_pass                  2        0.000        0.000        0.000        0.000
bind_params                    1        0.000        0.000        0.000        0.000
total wall 476.750 us

phase                 calls     total_us     avg_ns      excl_us
jp_residual_n0            1        0.041         41        0.041
jp_descend_n0             1        0.208        208        0.000
jp_hash_n1                2        0.416        208        0.416
jp_probe_n1               2        1.333        666        1.333
jp_residual_n1            2        0.000          0        0.000
jp_descend_n1             2      471.791     235895       10.041
jp_force_n1               2        0.000          0        0.000
jp_descend_n2           200      461.750       2308      461.750
```

### olap / o2_category_window

```text
span                       calls     total_us      self_us       p50_us       max_us
join                           1      386.125      386.125      386.125      386.125
execute                        1      387.750        0.626      387.750      387.750
rule_0                         1      386.750        0.417      386.750      386.750
finalize                       1        0.333        0.333        0.333        0.333
views                          1        0.208        0.208        0.208        0.208
bind_params                    1        0.041        0.041        0.041        0.041
view_memo_hit                  2        0.000        0.000        0.000        0.000
select_probe                   2        0.000        0.000        0.000        0.000
resolve_filters                1        0.000        0.000        0.000        0.000
prefetch_pass                 40        0.000        0.000        0.000        0.000
total wall 387.750 us

phase                 calls     total_us     avg_ns      excl_us
jp_residual_n0            1        0.083         83        0.083
jp_descend_n0             1        0.375        375        0.000
jp_hash_n1               40        7.750        193        7.750
jp_probe_n1              40       34.625        865       34.625
jp_residual_n1           40        0.166          4        0.166
jp_descend_n1            40      313.625       7840      143.292
jp_force_n1              40        0.083          2        0.083
jp_descend_n2          4976      170.333         34      170.333
```

### olap / o3_promo_split

```text
span                       calls     total_us      self_us       p50_us       max_us
join                           1      314.291      314.291      314.291      314.291
rule_0                         1      314.583        0.209      314.583      314.583
finalize                       1        0.125        0.125        0.125        0.125
execute                        1      314.833        0.125      314.833      314.833
views                          1        0.083        0.083        0.083        0.083
view_memo_hit                  1        0.000        0.000        0.000        0.000
select_probe                   1        0.000        0.000        0.000        0.000
bind_params                    1        0.000        0.000        0.000        0.000
total wall 314.833 us

phase                 calls     total_us     avg_ns      excl_us
jp_residual_n0            1        0.041         41        0.041
jp_descend_n0             1      313.750     313750        0.292
jp_descend_n1             2      313.458     156729      313.458
```

### olap / o4_segment_category

```text
span                       calls     total_us      self_us       p50_us       max_us
join                           1    26574.750    26574.750    26574.750    26574.750
finalize                       1        1.083        1.083        1.083        1.083
execute                        1    26577.083        0.667    26577.083    26577.083
rule_0                         1    26575.333        0.417    26575.333    26575.333
views                          1        0.166        0.166        0.166        0.166
view_memo_hit                  3        0.000        0.000        0.000        0.000
select_probe                   3        0.000        0.000        0.000        0.000
prefetch_pass               3965        0.000        0.000        0.000        0.000
bind_params                    1        0.000        0.000        0.000        0.000
total wall 26577.083 us

phase                 calls     total_us     avg_ns      excl_us
jp_residual_n0            1        0.083         83        0.083
jp_descend_n0             1        0.375        375        0.000
jp_hash_n1               40        8.083        202        8.083
jp_probe_n1              40       33.333        833       33.333
jp_residual_n1           40        0.125          3        0.125
jp_descend_n1            40       55.666       1391        0.000
jp_force_n1              40        0.125          3        0.125
jp_hash_n2             3926      749.500        190      749.500
jp_probe_n2            3926     3290.708        838     3290.708
jp_residual_n2         3926       10.541          2       10.541
jp_descend_n2          3926    18800.041       4788     6610.541
jp_force_n2            3926        6.083          1        6.083
jp_descend_n3        500000    12189.500         24    12189.500
```

### olap / o5_store_extremes

```text
span                       calls     total_us      self_us       p50_us       max_us
join                           1      687.666      687.666      687.666      687.666
finalize                       1        2.625        2.625        2.625        2.625
execute                        1      691.041        0.333      691.041      691.041
rule_0                         1      688.083        0.292      688.083      688.083
views                          1        0.125        0.125        0.125        0.125
view_memo_hit                  1        0.000        0.000        0.000        0.000
select_probe                   1        0.000        0.000        0.000        0.000
bind_params                    1        0.000        0.000        0.000        0.000
total wall 691.041 us

phase                 calls     total_us     avg_ns      excl_us
jp_residual_n0            2        0.041         20        0.041
jp_descend_n0             2      686.083     343041       11.417
jp_descend_n1           200      674.666       3373      674.666
```

### olap / o6_brand_drill

```text
span                       calls     total_us      self_us       p50_us       max_us
join                           1        3.625        3.625        3.625        3.625
execute                        1        4.500        0.335        4.500        4.500
views                          1        0.208        0.208        0.208        0.208
rule_0                         1        4.083        0.167        4.083        4.083
resolve_filters                1        0.083        0.083        0.083        0.083
finalize                       1        0.041        0.041        0.041        0.041
bind_params                    1        0.041        0.041        0.041        0.041
view_memo_hit                  2        0.000        0.000        0.000        0.000
select_probe                   2        0.000        0.000        0.000        0.000
prefetch_pass                  1        0.000        0.000        0.000        0.000
total wall 4.500 us

phase                 calls     total_us     avg_ns      excl_us
jp_hash_n0                1        0.416        416        0.416
jp_probe_n0               1        0.458        458        0.458
jp_residual_n0            1        0.083         83        0.083
jp_descend_n0             1        1.833       1833        1.000
jp_force_n0               1        0.000          0        0.000
jp_descend_n1            18        0.833         46        0.833
```

artifacts: /Users/bjorn/Documents/bumbledb/bench-out/baseline-2026-07-25/traced/scenarios/olap
traces: /Users/bjorn/Documents/bumbledb/bench-out/baseline-2026-07-25/traced/scenarios/olap/trace/scenarios
