scheduler boost: user-interactive QoS claimed
bench: loading the ephemeral read twins (same corpus, ephemeral kind)
bench: warming clocks (200 ms spin)
bench: read family point
bench: point p50 under the 500 ns quantum floor — re-measuring at batch 16
bench: read family containment_walk
bench: read family chain
bench: read family range
bench: read family balance
bench: read family stats
bench: read family string
bench: read family skew
bench: read family spread
bench: read family triangle
bench: read family entries_for_account_set
bench: read family postings_without_tag
bench: read family latest_posting_per_account
bench: read family mandate_at_instant
bench: mandate_at_instant p50 under the 500 ns quantum floor — re-measuring at batch 16
bench: read family mandate_overlap
bench: read family deep_chain
bench: read family busy_scan
bench: read family meets_chain
bench: read family rsvp_union
bench: read family conflict_pairs
bench: read family conflict_free
bench: read family free_busy
bench: read family claim_hours
bench: read family slot_scan
bench: read family slot_booking_overlap
bench: loading the closure corpus
bench: closure family closure_depth
bench: closure family closure_fanout
bench: loading the displaced corpus
bench: displaced family disp_probe (0 MiB between passes)
bench: displaced family disp_probe_d24 (24 MiB between passes)
bench: displaced family disp_probe_d96 (96 MiB between passes)
bench: displaced family disp_stream (0 MiB between passes)
bench: displaced family disp_stream_d24 (24 MiB between passes)
bench: displaced family disp_stream_d96 (96 MiB between passes)
bench: loading the scratch write corpus
bench: commit_single
bench: commit_batch
bench: cold_containment_walk
bench: cold_containment_walk_delete
bench: commit_witnessed
bench: loading the windowed twin worlds
bench: commit_window_baseline
bench: commit_window_admission
bench: commit_window_exclusion
bench: loading the capacity twin worlds
bench: commit_capacity_baseline
bench: commit_capacity_sum
bench: commit_capacity_duration
bench: bulk
# bumbledb bench report

## Provenance

- crate version: 0.9.0
- engine rev: e511b5404438908f0be4b01cafcd5621e3275c77
- timestamp: 2026-08-02T00:49:34Z
- host: Apple M2 Max
- shared machine: boost qos-user-interactive — load 1/5/15 2.64 2.92 2.82 (start) → 2.21 2.58 2.69 (end)
- config: scale S, seed 1, 256 samples, ephemeral stores
- corpus digest: `fa73e680324f9b26dd1c8504899c43beec8eef48953ca4bdf4ca432623caaca8`
- verify stamp: `5c3b2c1d056c180caa921ba7be8f8eb2a1f3da0d8133532cf045f2f3a429c243 (families + 500 randomized cases)`

## Gate verdict

ALL-WIN — every gated read family beats SQLite on p50.
p99 budget (<= 10 ms warm): FAIL (informational below scale L).
clock proxy: 2 block(s) still contaminated after retry — treat their percentiles as dirty: slot_scan, commit_capacity_duration.

## Read families

| family | ours p50/p95/p99 (us) | sqlite p50/p95/p99 (us) | ratio | verdict |
|---|---|---|---|---|
| point | 0.2 / 0.3 / 0.3 | 1.4 / 1.4 / 1.4 | 0.18 | WIN |
| containment_walk | 2.3 / 602.5 / 603.5 | 49.5 / 29134.7 / 30549.9 | 0.05 | WIN |
| chain | 247.5 / 346.8 / 408.8 | 1857.0 / 3492.6 / 3842.7 | 0.13 | WIN |
| range | 19.9 / 20.1 / 29.0 | 139.7 / 540.5 / 553.2 | 0.14 | WIN |
| balance | 1.0 / 33.8 / 33.9 | 246.4 / 31663.2 / 31963.9 | 0.00 | WIN |
| stats | 1319.6 / 1350.6 / 1413.0 | 74107.4 / 76312.8 / 78267.9 | 0.02 | WIN |
| string | 2.5 / 2.6 / 2.6 | 58.6 / 61.0 / 63.5 | 0.04 | WIN |
| skew | 1509.5 / 2020.2 / 2078.2 | 7317.2 / 9749.8 / 10205.4 | 0.21 | WIN |
| spread | 10281.4 / 10929.9 / 12003.2 | 125888.2 / 128068.0 / 130538.4 | 0.08 | WIN |
| triangle | 2629.4 / 2769.1 / 2854.6 | 36702.8 / 39816.8 / 40396.1 | 0.07 | WIN |
| entries_for_account_set | 1.3 / 554.3 / 562.0 | 7.2 / 3991.0 / 4022.2 | 0.18 | WIN |
| postings_without_tag | 2.7 / 1009.2 / 1074.6 | 43.9 / 12977.4 / 13062.6 | 0.06 | WIN |
| latest_posting_per_account | 2248.8 / 2349.7 / 2426.5 | 41019.8 / 42105.8 / 42960.8 | 0.05 | WIN |
| mandate_at_instant | 0.3 / 0.3 / 0.3 | 8.0 / 8.4 / 9.2 | 0.03 | WIN |
| mandate_overlap | 15.5 / 17.0 / 17.0 | 409.3 / 444.2 / 455.2 | 0.04 | WIN |
| deep_chain | 356.0 / 611.8 / 652.9 | 3225.7 / 6129.2 / 6252.1 | 0.11 | report |
| busy_scan | 7.7 / 8.7 / 8.8 | 3390.7 / 3462.1 / 3616.8 | 0.00 | WIN |
| meets_chain | 3.1 / 815.0 / 835.6 | 17.5 / 132.0 / 147.7 | 0.18 | WIN |
| rsvp_union | 932.8 / 977.8 / 1037.5 | 17992.1 / 18357.4 / 18558.0 | 0.05 | WIN |
| conflict_pairs | 23.0 / 91.6 / 95.0 | 2798.1 / 366508.6 / 369635.3 | 0.01 | WIN |
| conflict_free | 0.6 / 0.6 / 0.6 | 19.4 / 47.0 / 47.2 | 0.03 | WIN |
| free_busy | 3.0 / 41.5 / 44.6 | 265.2 / 2254.5 / 2322.6 | 0.01 | WIN |
| claim_hours | 434.8 / 461.7 / 496.0 | 6213.7 / 6344.1 / 6395.0 | 0.07 | WIN |
| slot_scan | 30.5 / 31.3 / 34.5 | 2758.1 / 2814.0 / 2890.2 | 0.01 | report |
| slot_booking_overlap | 6.8 / 59.3 / 59.9 | 584.5 / 14551.3 / 14790.2 | 0.01 | report |
| closure_depth | 4.7 / 1066.5 / 1126.2 | 25.2 / 1777.7 / 1800.0 | 0.19 | report |
| closure_fanout | 1.1 / 146.3 / 149.5 | 8.2 / 1922.2 / 1938.4 | 0.13 | report |
| disp_probe | 79945.1 / 93171.4 / 93171.4 | 629764.3 / 643327.5 / 643327.5 | 0.13 | report |
| disp_probe_d24 | 85063.8 / 94650.7 / 94650.7 | 631542.2 / 651454.8 / 651454.8 | 0.13 | report |
| disp_probe_d96 | 85940.3 / 89851.5 / 89851.5 | 630933.1 / 636593.2 / 636593.2 | 0.14 | report |
| disp_stream | 132.3 / 139.8 / 139.8 | 39230.4 / 41926.1 / 41926.1 | 0.00 | report |
| disp_stream_d24 | 143.2 / 144.2 / 144.2 | 39548.0 / 40040.4 / 40040.4 | 0.00 | report |
| disp_stream_d96 | 160.0 / 179.9 / 179.9 | 39992.5 / 40120.9 / 40120.9 | 0.00 | report |

## Write families

| family | ours p50 (us) | sqlite p50 (us) | facts/sec |
|---|---|---|---|
| commit_single | 45.2 | 30.6 | - |
| commit_batch | 5315.9 | 6188.2 | - |
| cold_containment_walk | 1106.8 | 86.6 | - |
| cold_containment_walk_delete | 3461.2 | 81.0 | - |
| commit_witnessed | 52.4 | - | - |
| commit_window_baseline | 27.3 | - | - |
| commit_window_admission | 35.6 | - | - |
| commit_window_exclusion | 33.9 | - | - |
| commit_capacity_baseline | 19.0 | - | - |
| commit_capacity_sum | 35.1 | - | - |
| commit_capacity_duration | 31.9 | - | - |
| bulk | 850398.8 | 477535.2 | 231882 |

## Allocations

(not captured — run with the alloc window)

## Execution digests

| family | worst est/actual | covers | emitted | absorbed |
|---|---|---|---|---|
| point | 1.00 |  | 1 | 0 |
| containment_walk | 2.08 | n0:s0x1/s1x0/s2x0 n1:s0x1 n2:s0x1 | 96 | 0 |
| chain | 6.25 | n0:s0x1/s1x0 n1:s0x141/s1x0 n2:s0x1328 | 1328 | 0 |
| range | 3.12 | n0:s0x1 | 2000 | 0 |
| balance | 63.80 | n0:s0x1/s1x0 n1:s0x7 | 51042 | 0 |
| stats | 166.67 | n0:s0x1 n1:s0x3/s1x0 n2:s0x500 | 100000 | 0 |
| string | 8.00 | n0:s0x1/s1x0 n1:s0x1 | 202 | 0 |
| skew | 1.20 | n0:s0x1/s1x0 n1:s0x40014 | 40014 | 0 |
| spread | 2.00 | n0:s0x1/s1x0 n1:s0x100000 | 99944 | 0 |
| triangle | 4536.86 | n0:s0x1/s1x0/s2x0 n1:s0x529/s1x0 n2:s0x529 | 529 | 524 |
| postings_without_tag | 4.00 | n0:s0x1 | 50 | 0 |
| latest_posting_per_account | 200.00 | n0:s0x1 n1:s0x500 | 100000 | 0 |
| mandate_at_instant | 1.00 | n0:s0x1/s1x0 n1:s0x1 | 1 | 0 |
| mandate_overlap | 2.97 | n0:s0x1/s1x0 n1:s0x26 | 224 | 1 |
| deep_chain | 12.50 | n0:s0x1/s1x0 n1:s0x123/s1x0 n2:s0x426/s1x0 n3:s0x2000 | 2000 | 0 |
| busy_scan | 19.49 | n0:s0x1 | 605 | 0 |
| meets_chain | 511.00 | n0:s0x1/s1x0 n1:s0x511 | 170 | 0 |
| rsvp_union | 1.00 | n0:s0x1 n1:s0x1 n2:s0x1 | 82983 | 0 |
| conflict_pairs | 200.06 | n0:s0x1/s1x0/s2x0 n1:s0x8/s1x0 n2:s0x64 n3:s0x82 | 64 | 0 |
| conflict_free | 576.00 | n0:s0x1/s1x0 n1:s0x6 | 6 | 0 |
| free_busy | 18.18 | n0:s0x1/s1x0 n1:s0x8 | 1600 | 0 |
| claim_hours | 5240.50 | n0:s0x1 n1:s0x2 | 33564 | 0 |
| slot_scan | 10.42 | n0:s0x1 | 2125 | 0 |
| slot_booking_overlap | 21.53 | n0:s0x1/s1x0 n1:s0x410 | 214 | 0 |

## Store

- bumbledb file (compacted): 64274432 bytes
- sqlite file: 18432000 bytes
- image cache: 0 images, 0 bytes

## Clock proxy

| family | GHz pre | GHz post | status | norm p50 (us) |
|---|---|---|---|---|
| point | 3.41 | 3.31 | retried | - |
| containment_walk | 3.41 | 3.41 | clean | - |
| chain | 3.41 | 3.41 | clean | - |
| range | 3.41 | 3.41 | clean | - |
| balance | 3.36 | 3.41 | clean | - |
| stats | 3.41 | 3.41 | clean | - |
| string | 3.41 | 3.41 | clean | - |
| skew | 3.41 | 3.24 | clean | - |
| spread | 3.41 | 3.36 | clean | - |
| triangle | 3.41 | 3.41 | retried | - |
| entries_for_account_set | 3.41 | 3.36 | clean | - |
| postings_without_tag | 3.41 | 3.36 | clean | - |
| latest_posting_per_account | 3.41 | 3.41 | clean | - |
| mandate_at_instant | 3.41 | 3.35 | clean | - |
| mandate_overlap | 3.41 | 3.36 | clean | - |
| deep_chain | 3.41 | 3.35 | clean | - |
| busy_scan | 3.41 | 3.41 | clean | - |
| meets_chain | 3.36 | 3.29 | clean | - |
| rsvp_union | 3.31 | 3.41 | clean | - |
| conflict_pairs | 3.36 | 3.40 | clean | - |
| conflict_free | 3.21 | 3.41 | clean | - |
| free_busy | 3.36 | 3.36 | clean | - |
| claim_hours | 3.23 | 3.41 | clean | - |
| slot_scan | 2.80 | 3.36 | CONTAMINATED | - |
| slot_booking_overlap | 3.41 | 3.41 | clean | - |
| closure_depth | 3.41 | 3.41 | retried | - |
| closure_fanout | 3.36 | 3.35 | clean | - |
| disp_probe | 3.41 | 3.41 | clean | - |
| disp_probe_d24 | 3.40 | 3.41 | retried | - |
| disp_probe_d96 | 3.27 | 3.41 | retried | - |
| disp_stream | 3.41 | 3.41 | clean | - |
| disp_stream_d24 | 3.41 | 3.34 | clean | - |
| disp_stream_d96 | 3.26 | 3.36 | clean | - |
| commit_single | 3.30 | 3.41 | clean | - |
| commit_batch | 3.41 | 3.41 | clean | - |
| cold_containment_walk | 3.41 | 3.41 | clean | - |
| cold_containment_walk_delete | 3.31 | 3.41 | clean | - |
| commit_witnessed | 3.28 | 3.34 | clean | - |
| commit_window_baseline | 3.41 | 3.41 | clean | - |
| commit_window_admission | 3.41 | 3.41 | clean | - |
| commit_window_exclusion | 3.41 | 3.41 | clean | - |
| commit_capacity_baseline | 3.41 | 3.41 | clean | - |
| commit_capacity_sum | 3.41 | 3.41 | clean | - |
| commit_capacity_duration | 3.41 | 3.10 | CONTAMINATED | - |
| bulk | 3.36 | 3.27 | clean | - |

## Flame summaries

(none captured — run with --trace)
artifacts: /Users/bjorn/Documents/bumbledb/bench-out/baseline-2026-07-25/bench-ephemeral-r2
