
running 1 test
test event_repr_lab::experiment ... EVENT_LAB {"kind":"readout_free_join","candidate":"prefix512","domain":"holes","readout_family":"suffix-half","readout_faces":"xy","hidden":51,"width":4,"bits":12,"worlds":4096,"admissible_worlds":1000,"environments":1,"rows":128,"groups":16,"outputs":64,"memo":false,"changed_possible_groups":16,"changed_guaranteed_groups":16,"nonconstant_readouts":32,"build_s":[0.000511291],"support_s":[0.000143375],"import_s":[0.000327792],"admission_s":[3.9709e-5],"join_only_s":[3.0042e-5],"fresh_s":[0.000173333],"fresh_group_s":[0.000125834],"fresh_readout_s":[3.1708e-5],"fresh_compute_s":[0.000158875],"fresh_count_s":[1.4375e-5],"warm_s":[5.1458e-5],"warm_group_s":[1.3083e-5],"warm_readout_s":[2.9833e-5],"warm_compute_s":[4.3125e-5],"warm_count_s":[8.291e-6],"input_nodes":561,"final_nodes":664,"input_bytes_est":69516,"final_bytes_est":92808,"input_storage":{"layout":"slab","record_bytes":8976,"table_bytes":7584,"interner_bytes":17476,"metadata_bytes":4792,"cache_bytes":30688,"records":561,"tables":554,"logical_words":948,"total_bytes_est":69516},"final_storage":{"layout":"slab","record_bytes":17952,"table_bytes":15168,"interner_bytes":19720,"metadata_bytes":9280,"cache_bytes":30688,"records":664,"tables":657,"logical_words":1280,"total_bytes_est":92808},"outer_memo_bytes":0,"colt_bytes":14992,"checksum":353240,"verified":true}
EVENT_LAB {"kind":"readout_free_join","candidate":"prefix512","domain":"holes","readout_family":"suffix-half","readout_faces":"xy","hidden":51,"width":4,"bits":12,"worlds":4096,"admissible_worlds":1000,"environments":1,"rows":128,"groups":16,"outputs":64,"memo":true,"changed_possible_groups":16,"changed_guaranteed_groups":16,"nonconstant_readouts":32,"build_s":[0.000511291],"support_s":[0.000143375],"import_s":[0.000327792],"admission_s":[3.9709e-5],"join_only_s":[3.0042e-5],"fresh_s":[0.000157292],"fresh_group_s":[0.000118958],"fresh_readout_s":[3.0125e-5],"fresh_compute_s":[0.000149208],"fresh_count_s":[8.042e-6],"warm_s":[4.6375e-5],"warm_group_s":[8.375e-6],"warm_readout_s":[2.975e-5],"warm_compute_s":[3.8292e-5],"warm_count_s":[8e-6],"input_nodes":561,"final_nodes":664,"input_bytes_est":69516,"final_bytes_est":101768,"input_storage":{"layout":"slab","record_bytes":8976,"table_bytes":7584,"interner_bytes":17476,"metadata_bytes":4792,"cache_bytes":30688,"records":561,"tables":554,"logical_words":948,"total_bytes_est":69516},"final_storage":{"layout":"slab","record_bytes":17952,"table_bytes":15168,"interner_bytes":19720,"metadata_bytes":9280,"cache_bytes":30688,"records":664,"tables":657,"logical_words":1280,"total_bytes_est":92808},"outer_memo_bytes":8960,"colt_bytes":14992,"checksum":353240,"verified":true}
EVENT_LAB {"kind":"readout_free_join","candidate":"prefix512","domain":"holes","readout_family":"suffix-half","readout_faces":"xy","hidden":455,"width":6,"bits":18,"worlds":262144,"admissible_worlds":74088,"environments":1,"rows":128,"groups":16,"outputs":64,"memo":false,"changed_possible_groups":16,"changed_guaranteed_groups":16,"nonconstant_readouts":32,"build_s":[0.004500583],"support_s":[0.000405042],"import_s":[0.003792],"admission_s":[0.000303042],"join_only_s":[1.2959e-5],"fresh_s":[0.000961625],"fresh_group_s":[0.000633875],"fresh_readout_s":[0.000200709],"fresh_compute_s":[0.000834667],"fresh_count_s":[0.000126792],"warm_s":[0.000348042],"warm_group_s":[2.55e-5],"warm_readout_s":[0.000199542],"warm_compute_s":[0.0002255],"warm_count_s":[0.000122458],"input_nodes":5727,"final_nodes":6457,"input_bytes_est":613540,"final_bytes_est":914000,"input_storage":{"layout":"slab","record_bytes":91632,"table_bytes":109640,"interner_bytes":144764,"metadata_bytes":46192,"cache_bytes":221312,"records":5727,"tables":3072,"logical_words":13705,"total_bytes_est":613540},"final_storage":{"layout":"slab","record_bytes":183264,"table_bytes":219280,"interner_bytes":167672,"metadata_bytes":92008,"cache_bytes":251776,"records":6457,"tables":3386,"logical_words":15601,"total_bytes_est":914000},"outer_memo_bytes":0,"colt_bytes":14992,"checksum":5067888,"verified":true}
EVENT_LAB {"kind":"readout_free_join","candidate":"prefix512","domain":"holes","readout_family":"suffix-half","readout_faces":"xy","hidden":455,"width":6,"bits":18,"worlds":262144,"admissible_worlds":74088,"environments":1,"rows":128,"groups":16,"outputs":64,"memo":true,"changed_possible_groups":16,"changed_guaranteed_groups":16,"nonconstant_readouts":32,"build_s":[0.004500583],"support_s":[0.000405042],"import_s":[0.003792],"admission_s":[0.000303042],"join_only_s":[1.2959e-5],"fresh_s":[0.000951292],"fresh_group_s":[0.000625083],"fresh_readout_s":[0.000199917],"fresh_compute_s":[0.0008255],"fresh_count_s":[0.000125708],"warm_s":[0.000337667],"warm_group_s":[1.6417e-5],"warm_readout_s":[0.000199958],"warm_compute_s":[0.00021675],"warm_count_s":[0.000120833],"input_nodes":5727,"final_nodes":6457,"input_bytes_est":613540,"final_bytes_est":922960,"input_storage":{"layout":"slab","record_bytes":91632,"table_bytes":109640,"interner_bytes":144764,"metadata_bytes":46192,"cache_bytes":221312,"records":5727,"tables":3072,"logical_words":13705,"total_bytes_est":613540},"final_storage":{"layout":"slab","record_bytes":183264,"table_bytes":219280,"interner_bytes":167672,"metadata_bytes":92008,"cache_bytes":251776,"records":6457,"tables":3386,"logical_words":15601,"total_bytes_est":914000},"outer_memo_bytes":8960,"colt_bytes":14992,"checksum":5067888,"verified":true}
ok

test result: ok. 1 passed; 0 failed; 0 ignored; 0 measured; 1378 filtered out; finished in 4.03s


        4.02 real         3.98 user         0.03 sys
            16007168  maximum resident set size
                   0  average shared memory size
                   0  average unshared data size
                   0  average unshared stack size
                1192  page reclaims
                   0  page faults
                   0  swaps
                   0  block input operations
                   0  block output operations
                   0  messages sent
                   0  messages received
                   0  signals received
                   0  voluntary context switches
                 227  involuntary context switches
         45384256140  instructions retired
         13483787559  cycles elapsed
            12960128  peak memory footprint
