
running 1 test
test event_repr_lab::experiment ... EVENT_LAB {"kind":"readout_free_join","candidate":"prefix512","domain":"full","readout_family":"suffix-half","readout_faces":"xy","hidden":51,"width":4,"bits":12,"worlds":4096,"admissible_worlds":4096,"environments":1,"rows":128,"groups":16,"outputs":64,"memo":false,"changed_possible_groups":16,"changed_guaranteed_groups":16,"nonconstant_readouts":32,"build_s":[6.6292e-5],"support_s":[2.375e-5],"import_s":[4.2292e-5],"admission_s":[4.1e-8],"join_only_s":[3.0333e-5],"fresh_s":[0.0001745],"fresh_group_s":[0.000131],"fresh_readout_s":[3.575e-5],"fresh_compute_s":[0.000168208],"fresh_count_s":[6.208e-6],"warm_s":[4.35e-5],"warm_group_s":[1.175e-5],"warm_readout_s":[3.1125e-5],"warm_compute_s":[4.3083e-5],"warm_count_s":[3.33e-7],"input_nodes":37,"final_nodes":169,"input_bytes_est":2964,"final_bytes_est":21584,"input_storage":{"layout":"slab","record_bytes":592,"table_bytes":672,"interner_bytes":1100,"metadata_bytes":600,"cache_bytes":0,"records":37,"tables":36,"logical_words":84,"total_bytes_est":2964},"final_storage":{"layout":"slab","record_bytes":4736,"table_bytes":5376,"interner_bytes":4992,"metadata_bytes":2672,"cache_bytes":3808,"records":169,"tables":168,"logical_words":600,"total_bytes_est":21584},"outer_memo_bytes":0,"colt_bytes":14992,"checksum":1804000,"verified":true}
EVENT_LAB {"kind":"readout_free_join","candidate":"prefix512","domain":"full","readout_family":"suffix-half","readout_faces":"xy","hidden":51,"width":4,"bits":12,"worlds":4096,"admissible_worlds":4096,"environments":1,"rows":128,"groups":16,"outputs":64,"memo":true,"changed_possible_groups":16,"changed_guaranteed_groups":16,"nonconstant_readouts":32,"build_s":[6.6292e-5],"support_s":[2.375e-5],"import_s":[4.2292e-5],"admission_s":[4.1e-8],"join_only_s":[3.0333e-5],"fresh_s":[0.000152208],"fresh_group_s":[0.00012],"fresh_readout_s":[3.1708e-5],"fresh_compute_s":[0.000151875],"fresh_count_s":[2.91e-7],"warm_s":[3.9417e-5],"warm_group_s":[7.958e-6],"warm_readout_s":[3.0875e-5],"warm_compute_s":[3.8917e-5],"warm_count_s":[2.92e-7],"input_nodes":37,"final_nodes":169,"input_bytes_est":2964,"final_bytes_est":30544,"input_storage":{"layout":"slab","record_bytes":592,"table_bytes":672,"interner_bytes":1100,"metadata_bytes":600,"cache_bytes":0,"records":37,"tables":36,"logical_words":84,"total_bytes_est":2964},"final_storage":{"layout":"slab","record_bytes":4736,"table_bytes":5376,"interner_bytes":4992,"metadata_bytes":2672,"cache_bytes":3808,"records":169,"tables":168,"logical_words":600,"total_bytes_est":21584},"outer_memo_bytes":8960,"colt_bytes":14992,"checksum":1804000,"verified":true}
EVENT_LAB {"kind":"readout_free_join","candidate":"prefix512","domain":"full","readout_family":"suffix-half","readout_faces":"xy","hidden":455,"width":6,"bits":18,"worlds":262144,"admissible_worlds":262144,"environments":1,"rows":128,"groups":16,"outputs":64,"memo":false,"changed_possible_groups":16,"changed_guaranteed_groups":16,"nonconstant_readouts":32,"build_s":[0.000534833],"support_s":[1.4458e-5],"import_s":[0.000520042],"admission_s":[4.2e-8],"join_only_s":[1.3542e-5],"fresh_s":[0.000862833],"fresh_group_s":[0.000643583],"fresh_readout_s":[0.00021875],"fresh_compute_s":[0.000862417],"fresh_count_s":[3.33e-7],"warm_s":[0.0002575],"warm_group_s":[2.4792e-5],"warm_readout_s":[0.000231709],"warm_compute_s":[0.000256917],"warm_count_s":[4.59e-7],"input_nodes":229,"final_nodes":1254,"input_bytes_est":20948,"final_bytes_est":166856,"input_storage":{"layout":"slab","record_bytes":3664,"table_bytes":6544,"interner_bytes":8532,"metadata_bytes":2208,"cache_bytes":0,"records":229,"tables":125,"logical_words":818,"total_bytes_est":20948},"final_storage":{"layout":"slab","record_bytes":29312,"table_bytes":52352,"interner_bytes":37792,"metadata_bytes":15032,"cache_bytes":32368,"records":1254,"tables":544,"logical_words":3864,"total_bytes_est":166856},"outer_memo_bytes":0,"colt_bytes":14992,"checksum":19699840,"verified":true}
EVENT_LAB {"kind":"readout_free_join","candidate":"prefix512","domain":"full","readout_family":"suffix-half","readout_faces":"xy","hidden":455,"width":6,"bits":18,"worlds":262144,"admissible_worlds":262144,"environments":1,"rows":128,"groups":16,"outputs":64,"memo":true,"changed_possible_groups":16,"changed_guaranteed_groups":16,"nonconstant_readouts":32,"build_s":[0.000534833],"support_s":[1.4458e-5],"import_s":[0.000520042],"admission_s":[4.2e-8],"join_only_s":[1.3542e-5],"fresh_s":[0.000867042],"fresh_group_s":[0.000650416],"fresh_readout_s":[0.000215791],"fresh_compute_s":[0.000866708],"fresh_count_s":[2.5e-7],"warm_s":[0.000233333],"warm_group_s":[1.6333e-5],"warm_readout_s":[0.000216125],"warm_compute_s":[0.000232875],"warm_count_s":[3.75e-7],"input_nodes":229,"final_nodes":1254,"input_bytes_est":20948,"final_bytes_est":175816,"input_storage":{"layout":"slab","record_bytes":3664,"table_bytes":6544,"interner_bytes":8532,"metadata_bytes":2208,"cache_bytes":0,"records":229,"tables":125,"logical_words":818,"total_bytes_est":20948},"final_storage":{"layout":"slab","record_bytes":29312,"table_bytes":52352,"interner_bytes":37792,"metadata_bytes":15032,"cache_bytes":32368,"records":1254,"tables":544,"logical_words":3864,"total_bytes_est":166856},"outer_memo_bytes":8960,"colt_bytes":14992,"checksum":19699840,"verified":true}
ok

test result: ok. 1 passed; 0 failed; 0 ignored; 0 measured; 1378 filtered out; finished in 0.84s


        0.84 real         0.83 user         0.00 sys
            10256384  maximum resident set size
                   0  average shared memory size
                   0  average unshared data size
                   0  average unshared stack size
                 841  page reclaims
                   0  page faults
                   0  swaps
                   0  block input operations
                   0  block output operations
                   0  messages sent
                   0  messages received
                   0  signals received
                   0  voluntary context switches
                  88  involuntary context switches
         14686804814  instructions retired
          2807843141  cycles elapsed
             7307648  peak memory footprint
