
running 1 test
test event_repr_lab::experiment ... EVENT_LAB {"kind":"readout_free_join","candidate":"retraction512","domain":"holes","readout_family":"suffix-half","readout_faces":"xy","hidden":51,"width":4,"bits":12,"worlds":4096,"admissible_worlds":1000,"environments":1,"rows":128,"groups":16,"outputs":64,"memo":false,"changed_possible_groups":16,"changed_guaranteed_groups":16,"nonconstant_readouts":32,"build_s":[0.000550625],"support_s":[0.000136125],"import_s":[0.000375916],"admission_s":[3.8208e-5],"join_only_s":[2.9041e-5],"fresh_s":[0.000193084],"fresh_group_s":[0.000117042],"fresh_readout_s":[6.4875e-5],"fresh_compute_s":[0.000183125],"fresh_count_s":[9.833e-6],"warm_s":[5.025e-5],"warm_group_s":[1.4375e-5],"warm_readout_s":[3.0375e-5],"warm_compute_s":[4.4917e-5],"warm_count_s":[5.25e-6],"input_nodes":603,"final_nodes":751,"input_bytes_est":76988,"final_bytes_est":103944,"input_storage":{"layout":"slab","record_bytes":9648,"table_bytes":10072,"interner_bytes":17644,"metadata_bytes":5128,"cache_bytes":34496,"records":603,"tables":595,"logical_words":1259,"total_bytes_est":76988},"final_storage":{"layout":"slab","record_bytes":19296,"table_bytes":20144,"interner_bytes":20056,"metadata_bytes":9952,"cache_bytes":34496,"records":751,"tables":743,"logical_words":1789,"total_bytes_est":103944},"outer_memo_bytes":0,"colt_bytes":14992,"checksum":353240,"verified":true}
EVENT_LAB {"kind":"readout_free_join","candidate":"retraction512","domain":"holes","readout_family":"suffix-half","readout_faces":"xy","hidden":51,"width":4,"bits":12,"worlds":4096,"admissible_worlds":1000,"environments":1,"rows":128,"groups":16,"outputs":64,"memo":true,"changed_possible_groups":16,"changed_guaranteed_groups":16,"nonconstant_readouts":32,"build_s":[0.000550625],"support_s":[0.000136125],"import_s":[0.000375916],"admission_s":[3.8208e-5],"join_only_s":[2.9041e-5],"fresh_s":[0.000172167],"fresh_group_s":[0.000106],"fresh_readout_s":[6.125e-5],"fresh_compute_s":[0.000167334],"fresh_count_s":[4.75e-6],"warm_s":[4.3542e-5],"warm_group_s":[8.375e-6],"warm_readout_s":[3.0375e-5],"warm_compute_s":[3.8875e-5],"warm_count_s":[4.583e-6],"input_nodes":603,"final_nodes":751,"input_bytes_est":76988,"final_bytes_est":112904,"input_storage":{"layout":"slab","record_bytes":9648,"table_bytes":10072,"interner_bytes":17644,"metadata_bytes":5128,"cache_bytes":34496,"records":603,"tables":595,"logical_words":1259,"total_bytes_est":76988},"final_storage":{"layout":"slab","record_bytes":19296,"table_bytes":20144,"interner_bytes":20056,"metadata_bytes":9952,"cache_bytes":34496,"records":751,"tables":743,"logical_words":1789,"total_bytes_est":103944},"outer_memo_bytes":8960,"colt_bytes":14992,"checksum":353240,"verified":true}
EVENT_LAB {"kind":"readout_free_join","candidate":"retraction512","domain":"holes","readout_family":"suffix-half","readout_faces":"xy","hidden":455,"width":6,"bits":18,"worlds":262144,"admissible_worlds":74088,"environments":1,"rows":128,"groups":16,"outputs":64,"memo":false,"changed_possible_groups":16,"changed_guaranteed_groups":16,"nonconstant_readouts":32,"build_s":[0.006848917],"support_s":[0.000632875],"import_s":[0.005949125],"admission_s":[0.000266458],"join_only_s":[1.675e-5],"fresh_s":[0.001248333],"fresh_group_s":[0.000721167],"fresh_readout_s":[0.00046675],"fresh_compute_s":[0.001188166],"fresh_count_s":[6.0084e-5],"warm_s":[0.000355334],"warm_group_s":[2.8583e-5],"warm_readout_s":[0.000269041],"warm_compute_s":[0.000298209],"warm_count_s":[5.7042e-5],"input_nodes":8870,"final_nodes":9815,"input_bytes_est":1043504,"final_bytes_est":1560680,"input_storage":{"layout":"slab","record_bytes":141920,"table_bytes":238352,"interner_bytes":279192,"metadata_bytes":71336,"cache_bytes":312704,"records":8870,"tables":4904,"logical_words":29794,"total_bytes_est":1043504},"final_storage":{"layout":"slab","record_bytes":283840,"table_bytes":476704,"interner_bytes":314672,"metadata_bytes":142296,"cache_bytes":343168,"records":9815,"tables":5249,"logical_words":32337,"total_bytes_est":1560680},"outer_memo_bytes":0,"colt_bytes":14992,"checksum":5067888,"verified":true}
EVENT_LAB {"kind":"readout_free_join","candidate":"retraction512","domain":"holes","readout_family":"suffix-half","readout_faces":"xy","hidden":455,"width":6,"bits":18,"worlds":262144,"admissible_worlds":74088,"environments":1,"rows":128,"groups":16,"outputs":64,"memo":true,"changed_possible_groups":16,"changed_guaranteed_groups":16,"nonconstant_readouts":32,"build_s":[0.006848917],"support_s":[0.000632875],"import_s":[0.005949125],"admission_s":[0.000266458],"join_only_s":[1.675e-5],"fresh_s":[0.001219042],"fresh_group_s":[0.000704333],"fresh_readout_s":[0.000459958],"fresh_compute_s":[0.001164833],"fresh_count_s":[5.4125e-5],"warm_s":[0.000356292],"warm_group_s":[1.65e-5],"warm_readout_s":[0.0002825],"warm_compute_s":[0.0002995],"warm_count_s":[5.6708e-5],"input_nodes":8870,"final_nodes":9815,"input_bytes_est":1043504,"final_bytes_est":1569640,"input_storage":{"layout":"slab","record_bytes":141920,"table_bytes":238352,"interner_bytes":279192,"metadata_bytes":71336,"cache_bytes":312704,"records":8870,"tables":4904,"logical_words":29794,"total_bytes_est":1043504},"final_storage":{"layout":"slab","record_bytes":283840,"table_bytes":476704,"interner_bytes":314672,"metadata_bytes":142296,"cache_bytes":343168,"records":9815,"tables":5249,"logical_words":32337,"total_bytes_est":1560680},"outer_memo_bytes":8960,"colt_bytes":14992,"checksum":5067888,"verified":true}
ok

test result: ok. 1 passed; 0 failed; 0 ignored; 0 measured; 1378 filtered out; finished in 6.17s


        6.17 real         6.10 user         0.06 sys
            72171520  maximum resident set size
                   0  average shared memory size
                   0  average unshared data size
                   0  average unshared stack size
                4928  page reclaims
                   0  page faults
                   0  swaps
                   0  block input operations
                   0  block output operations
                   0  messages sent
                   0  messages received
                   0  signals received
                   0  voluntary context switches
                 341  involuntary context switches
         67989668777  instructions retired
         20638399455  cycles elapsed
            69140936  peak memory footprint
