
running 1 test
test event_repr_lab::experiment ... EVENT_LAB {"kind":"readout_free_join","candidate":"retraction512","domain":"full","readout_family":"suffix-half","readout_faces":"xy","hidden":51,"width":4,"bits":12,"worlds":4096,"admissible_worlds":4096,"environments":1,"rows":128,"groups":16,"outputs":64,"memo":false,"changed_possible_groups":16,"changed_guaranteed_groups":16,"nonconstant_readouts":32,"build_s":[6.7958e-5],"support_s":[2.625e-5],"import_s":[4.1333e-5],"admission_s":[8.3e-8],"join_only_s":[3.0542e-5],"fresh_s":[0.000181],"fresh_group_s":[0.000142083],"fresh_readout_s":[3.6125e-5],"fresh_compute_s":[0.000179375],"fresh_count_s":[1.542e-6],"warm_s":[4.2334e-5],"warm_group_s":[1.1667e-5],"warm_readout_s":[3.0125e-5],"warm_compute_s":[4.1959e-5],"warm_count_s":[2.92e-7],"input_nodes":37,"final_nodes":169,"input_bytes_est":2964,"final_bytes_est":21584,"input_storage":{"layout":"slab","record_bytes":592,"table_bytes":672,"interner_bytes":1100,"metadata_bytes":600,"cache_bytes":0,"records":37,"tables":36,"logical_words":84,"total_bytes_est":2964},"final_storage":{"layout":"slab","record_bytes":4736,"table_bytes":5376,"interner_bytes":4992,"metadata_bytes":2672,"cache_bytes":3808,"records":169,"tables":168,"logical_words":600,"total_bytes_est":21584},"outer_memo_bytes":0,"colt_bytes":14992,"checksum":1804000,"verified":true}
EVENT_LAB {"kind":"readout_free_join","candidate":"retraction512","domain":"full","readout_family":"suffix-half","readout_faces":"xy","hidden":51,"width":4,"bits":12,"worlds":4096,"admissible_worlds":4096,"environments":1,"rows":128,"groups":16,"outputs":64,"memo":true,"changed_possible_groups":16,"changed_guaranteed_groups":16,"nonconstant_readouts":32,"build_s":[6.7958e-5],"support_s":[2.625e-5],"import_s":[4.1333e-5],"admission_s":[8.3e-8],"join_only_s":[3.0542e-5],"fresh_s":[0.00014725],"fresh_group_s":[0.000116583],"fresh_readout_s":[3.0208e-5],"fresh_compute_s":[0.000146917],"fresh_count_s":[2.5e-7],"warm_s":[3.8375e-5],"warm_group_s":[8.208e-6],"warm_readout_s":[2.975e-5],"warm_compute_s":[3.8083e-5],"warm_count_s":[2.08e-7],"input_nodes":37,"final_nodes":169,"input_bytes_est":2964,"final_bytes_est":30544,"input_storage":{"layout":"slab","record_bytes":592,"table_bytes":672,"interner_bytes":1100,"metadata_bytes":600,"cache_bytes":0,"records":37,"tables":36,"logical_words":84,"total_bytes_est":2964},"final_storage":{"layout":"slab","record_bytes":4736,"table_bytes":5376,"interner_bytes":4992,"metadata_bytes":2672,"cache_bytes":3808,"records":169,"tables":168,"logical_words":600,"total_bytes_est":21584},"outer_memo_bytes":8960,"colt_bytes":14992,"checksum":1804000,"verified":true}
EVENT_LAB {"kind":"readout_free_join","candidate":"retraction512","domain":"full","readout_family":"suffix-half","readout_faces":"xy","hidden":455,"width":6,"bits":18,"worlds":262144,"admissible_worlds":262144,"environments":1,"rows":128,"groups":16,"outputs":64,"memo":false,"changed_possible_groups":16,"changed_guaranteed_groups":16,"nonconstant_readouts":32,"build_s":[0.000552667],"support_s":[1.3458e-5],"import_s":[0.000538542],"admission_s":[1.25e-7],"join_only_s":[1.25e-5],"fresh_s":[0.000654709],"fresh_group_s":[0.000485834],"fresh_readout_s":[0.000168417],"fresh_compute_s":[0.000654375],"fresh_count_s":[2.5e-7],"warm_s":[0.000187584],"warm_group_s":[2.0375e-5],"warm_readout_s":[0.000166333],"warm_compute_s":[0.000187209],"warm_count_s":[2.92e-7],"input_nodes":175,"final_nodes":1030,"input_bytes_est":13580,"final_bytes_est":137424,"input_storage":{"layout":"slab","record_bytes":2800,"table_bytes":4496,"interner_bytes":4508,"metadata_bytes":1776,"cache_bytes":0,"records":175,"tables":93,"logical_words":562,"total_bytes_est":13580},"final_storage":{"layout":"slab","record_bytes":22400,"table_bytes":35968,"interner_bytes":36064,"metadata_bytes":11576,"cache_bytes":31416,"records":1030,"tables":390,"logical_words":2688,"total_bytes_est":137424},"outer_memo_bytes":0,"colt_bytes":14992,"checksum":19699840,"verified":true}
EVENT_LAB {"kind":"readout_free_join","candidate":"retraction512","domain":"full","readout_family":"suffix-half","readout_faces":"xy","hidden":455,"width":6,"bits":18,"worlds":262144,"admissible_worlds":262144,"environments":1,"rows":128,"groups":16,"outputs":64,"memo":true,"changed_possible_groups":16,"changed_guaranteed_groups":16,"nonconstant_readouts":32,"build_s":[0.000552667],"support_s":[1.3458e-5],"import_s":[0.000538542],"admission_s":[1.25e-7],"join_only_s":[1.25e-5],"fresh_s":[0.000761666],"fresh_group_s":[0.000570583],"fresh_readout_s":[0.000189666],"fresh_compute_s":[0.000760833],"fresh_count_s":[7.5e-7],"warm_s":[0.000180333],"warm_group_s":[1.4916e-5],"warm_readout_s":[0.000164833],"warm_compute_s":[0.00018],"warm_count_s":[2.5e-7],"input_nodes":175,"final_nodes":1030,"input_bytes_est":13580,"final_bytes_est":146384,"input_storage":{"layout":"slab","record_bytes":2800,"table_bytes":4496,"interner_bytes":4508,"metadata_bytes":1776,"cache_bytes":0,"records":175,"tables":93,"logical_words":562,"total_bytes_est":13580},"final_storage":{"layout":"slab","record_bytes":22400,"table_bytes":35968,"interner_bytes":36064,"metadata_bytes":11576,"cache_bytes":31416,"records":1030,"tables":390,"logical_words":2688,"total_bytes_est":137424},"outer_memo_bytes":8960,"colt_bytes":14992,"checksum":19699840,"verified":true}
ok

test result: ok. 1 passed; 0 failed; 0 ignored; 0 measured; 1378 filtered out; finished in 0.81s


        0.81 real         0.80 user         0.00 sys
            10207232  maximum resident set size
                   0  average shared memory size
                   0  average unshared data size
                   0  average unshared stack size
                 837  page reclaims
                   0  page faults
                   0  swaps
                   0  block input operations
                   0  block output operations
                   0  messages sent
                   0  messages received
                   0  signals received
                   0  voluntary context switches
                  69  involuntary context switches
         14164061874  instructions retired
          2732615619  cycles elapsed
             7225728  peak memory footprint
