
running 1 test
test event_repr_lab::experiment ... EVENT_LAB {"kind":"readout_free_join","candidate":"retraction512","domain":"holes","readout_family":"suffix-half","readout_faces":"xy","hidden":51,"width":4,"bits":12,"worlds":4096,"admissible_worlds":1000,"environments":1,"rows":128,"groups":16,"outputs":64,"memo":false,"changed_possible_groups":16,"changed_guaranteed_groups":16,"nonconstant_readouts":32,"build_s":[0.000528958],"support_s":[0.000128791],"import_s":[0.000362958],"admission_s":[3.6875e-5],"join_only_s":[2.725e-5],"fresh_s":[0.000191791],"fresh_group_s":[0.00011575],"fresh_readout_s":[6.5583e-5],"fresh_compute_s":[0.000182541],"fresh_count_s":[9.208e-6],"warm_s":[4.95e-5],"warm_group_s":[1.4375e-5],"warm_readout_s":[3e-5],"warm_compute_s":[4.4541e-5],"warm_count_s":[4.875e-6],"input_nodes":603,"final_nodes":751,"input_bytes_est":76988,"final_bytes_est":104644,"input_storage":{"layout":"slab","record_bytes":9648,"table_bytes":10072,"interner_bytes":17644,"metadata_bytes":5128,"cache_bytes":34496,"records":603,"tables":595,"logical_words":1259,"total_bytes_est":76988},"final_storage":{"layout":"slab","record_bytes":19296,"table_bytes":20144,"interner_bytes":20056,"metadata_bytes":9952,"cache_bytes":35196,"records":751,"tables":743,"logical_words":1789,"total_bytes_est":104644},"outer_memo_bytes":0,"colt_bytes":14992,"checksum":353240,"verified":true}
EVENT_LAB {"kind":"readout_free_join","candidate":"retraction512","domain":"holes","readout_family":"suffix-half","readout_faces":"xy","hidden":51,"width":4,"bits":12,"worlds":4096,"admissible_worlds":1000,"environments":1,"rows":128,"groups":16,"outputs":64,"memo":true,"changed_possible_groups":16,"changed_guaranteed_groups":16,"nonconstant_readouts":32,"build_s":[0.000528958],"support_s":[0.000128791],"import_s":[0.000362958],"admission_s":[3.6875e-5],"join_only_s":[2.725e-5],"fresh_s":[0.000172875],"fresh_group_s":[0.000106292],"fresh_readout_s":[6.1625e-5],"fresh_compute_s":[0.000168125],"fresh_count_s":[4.667e-6],"warm_s":[4.3084e-5],"warm_group_s":[8.208e-6],"warm_readout_s":[3.0084e-5],"warm_compute_s":[3.8459e-5],"warm_count_s":[4.583e-6],"input_nodes":603,"final_nodes":751,"input_bytes_est":76988,"final_bytes_est":113604,"input_storage":{"layout":"slab","record_bytes":9648,"table_bytes":10072,"interner_bytes":17644,"metadata_bytes":5128,"cache_bytes":34496,"records":603,"tables":595,"logical_words":1259,"total_bytes_est":76988},"final_storage":{"layout":"slab","record_bytes":19296,"table_bytes":20144,"interner_bytes":20056,"metadata_bytes":9952,"cache_bytes":35196,"records":751,"tables":743,"logical_words":1789,"total_bytes_est":104644},"outer_memo_bytes":8960,"colt_bytes":14992,"checksum":353240,"verified":true}
EVENT_LAB {"kind":"readout_free_join","candidate":"retraction512","domain":"holes","readout_family":"suffix-half","readout_faces":"xy","hidden":455,"width":6,"bits":18,"worlds":262144,"admissible_worlds":74088,"environments":1,"rows":128,"groups":16,"outputs":64,"memo":false,"changed_possible_groups":16,"changed_guaranteed_groups":16,"nonconstant_readouts":32,"build_s":[0.0071345],"support_s":[0.00062775],"import_s":[0.006237583],"admission_s":[0.000268541],"join_only_s":[1.3167e-5],"fresh_s":[0.001241833],"fresh_group_s":[0.000718375],"fresh_readout_s":[0.000464792],"fresh_compute_s":[0.001183208],"fresh_count_s":[5.8167e-5],"warm_s":[0.000363542],"warm_group_s":[2.9459e-5],"warm_readout_s":[0.000270084],"warm_compute_s":[0.000299959],"warm_count_s":[6.35e-5],"input_nodes":8870,"final_nodes":9815,"input_bytes_est":1043504,"final_bytes_est":1561030,"input_storage":{"layout":"slab","record_bytes":141920,"table_bytes":238352,"interner_bytes":279192,"metadata_bytes":71336,"cache_bytes":312704,"records":8870,"tables":4904,"logical_words":29794,"total_bytes_est":1043504},"final_storage":{"layout":"slab","record_bytes":283840,"table_bytes":476704,"interner_bytes":314672,"metadata_bytes":142296,"cache_bytes":343518,"records":9815,"tables":5249,"logical_words":32337,"total_bytes_est":1561030},"outer_memo_bytes":0,"colt_bytes":14992,"checksum":5067888,"verified":true}
EVENT_LAB {"kind":"readout_free_join","candidate":"retraction512","domain":"holes","readout_family":"suffix-half","readout_faces":"xy","hidden":455,"width":6,"bits":18,"worlds":262144,"admissible_worlds":74088,"environments":1,"rows":128,"groups":16,"outputs":64,"memo":true,"changed_possible_groups":16,"changed_guaranteed_groups":16,"nonconstant_readouts":32,"build_s":[0.0071345],"support_s":[0.00062775],"import_s":[0.006237583],"admission_s":[0.000268541],"join_only_s":[1.3167e-5],"fresh_s":[0.001250625],"fresh_group_s":[0.000725166],"fresh_readout_s":[0.000468875],"fresh_compute_s":[0.001194958],"fresh_count_s":[5.5542e-5],"warm_s":[0.000365084],"warm_group_s":[1.55e-5],"warm_readout_s":[0.000292375],"warm_compute_s":[0.000308334],"warm_count_s":[5.6667e-5],"input_nodes":8870,"final_nodes":9815,"input_bytes_est":1043504,"final_bytes_est":1569990,"input_storage":{"layout":"slab","record_bytes":141920,"table_bytes":238352,"interner_bytes":279192,"metadata_bytes":71336,"cache_bytes":312704,"records":8870,"tables":4904,"logical_words":29794,"total_bytes_est":1043504},"final_storage":{"layout":"slab","record_bytes":283840,"table_bytes":476704,"interner_bytes":314672,"metadata_bytes":142296,"cache_bytes":343518,"records":9815,"tables":5249,"logical_words":32337,"total_bytes_est":1561030},"outer_memo_bytes":8960,"colt_bytes":14992,"checksum":5067888,"verified":true}
ok

test result: ok. 1 passed; 0 failed; 0 ignored; 0 measured; 1378 filtered out; finished in 6.16s


        6.16 real         6.09 user         0.06 sys
            74498048  maximum resident set size
                   0  average shared memory size
                   0  average unshared data size
                   0  average unshared stack size
                5069  page reclaims
                   0  page faults
                   0  swaps
                   0  block input operations
                   0  block output operations
                   0  messages sent
                   0  messages received
                   0  signals received
                   0  voluntary context switches
                 371  involuntary context switches
         67938655063  instructions retired
         20618461883  cycles elapsed
            71467464  peak memory footprint
