
running 1 test
test event_repr_lab::experiment ... EVENT_LAB {"kind":"owned_free_join","candidate":"packed512","target_candidate":"packed512","bits":12,"target_layout":"bit-major","target_setup_s":[2e-6, 3.166e-6, 4.333e-6, 1.075e-5, 1.875e-6, 1.5e-6, 1.083e-6],"restore_inputs_s":[4.1083e-5, 3.5833e-5, 3.5042e-5, 4.4417e-5, 3.1667e-5, 3.0959e-5, 2.8e-5],"program_setup_s":[3.1958e-5, 2.8792e-5, 2.7042e-5, 2.8833e-5, 2.525e-5, 2.4125e-5, 2.4e-5],"query_s":[0.000273792, 0.000265917, 0.000240167, 0.000246583, 0.00022925, 0.000225583, 0.000227],"owned_compute_s":[0.000309, 0.000296667, 0.000268542, 0.000277208, 0.000256, 0.00025075, 0.000253083],"novel_publication_classes":[10, 10, 10, 10, 10, 10, 10],"input_roots":24,"output_roots":80,"input_packet_bytes":4661,"output_packet_bytes":1645,"final_arena_bytes_est":78436,"verified":true}
EVENT_LAB {"kind":"owned_free_join","candidate":"packed512","target_candidate":"packed512","bits":12,"target_layout":"face-major","target_setup_s":[6.25e-7, 2.042e-6, 1.541e-6, 1.125e-6, 1.083e-6, 6.042e-6, 4.417e-6],"restore_inputs_s":[0.000212625, 0.000218084, 0.000199167, 0.000199666, 0.000195375, 0.000229834, 0.000217875],"program_setup_s":[2.6625e-5, 2.5625e-5, 2.4584e-5, 2.5e-5, 2.4334e-5, 3.0834e-5, 3.0125e-5],"query_s":[0.0005835, 0.000514417, 0.000494, 0.000495542, 0.000488959, 0.0006175, 0.000540042],"owned_compute_s":[0.000611834, 0.000541292, 0.000519916, 0.000521958, 0.0005145, 0.000651041, 0.000572041],"novel_publication_classes":[10, 10, 10, 10, 10, 10, 10],"input_roots":24,"output_roots":80,"input_packet_bytes":4661,"output_packet_bytes":1403,"final_arena_bytes_est":340068,"verified":true}
EVENT_LAB {"kind":"owned_free_join","candidate":"packed512","target_candidate":"packed512","bits":18,"target_layout":"bit-major","target_setup_s":[2.042e-6, 5.125e-6, 4.959e-6, 5.542e-6, 4.625e-6, 4.666e-6, 4.542e-6],"restore_inputs_s":[0.000141166, 0.000165417, 0.000147042, 0.000145375, 0.000147208, 0.000152584, 0.000150125],"program_setup_s":[4.5084e-5, 4.3458e-5, 4.6916e-5, 4.6458e-5, 4.6e-5, 4.6708e-5, 4.4625e-5],"query_s":[0.000701416, 0.000669625, 0.000678459, 0.000666417, 0.000668375, 0.000680583, 0.000666083],"owned_compute_s":[0.000748459, 0.000715375, 0.000727458, 0.000715084, 0.000716583, 0.000729459, 0.000712959],"novel_publication_classes":[18, 18, 18, 18, 18, 18, 18],"input_roots":24,"output_roots":80,"input_packet_bytes":21017,"output_packet_bytes":5221,"final_arena_bytes_est":489636,"verified":true}
EVENT_LAB {"kind":"owned_free_join","candidate":"packed512","target_candidate":"packed512","bits":18,"target_layout":"face-major","target_setup_s":[1.167e-6, 4.458e-6, 3.916e-6, 4.375e-6, 5.291e-6, 4.583e-6, 4.25e-6],"restore_inputs_s":[0.000769417, 0.000800541, 0.000780458, 0.000772375, 0.000788125, 0.000771, 0.000848583],"program_setup_s":[3.6125e-5, 3.3291e-5, 3.475e-5, 3.5e-5, 4.4666e-5, 3.4834e-5, 3.6959e-5],"query_s":[0.002270125, 0.002173875, 0.002274667, 0.002254625, 0.002276792, 0.002286541, 0.002394458],"owned_compute_s":[0.002309, 0.002209375, 0.0023125, 0.002292166, 0.002325708, 0.002324042, 0.002434083],"novel_publication_classes":[18, 18, 18, 18, 18, 18, 18],"input_roots":24,"output_roots":80,"input_packet_bytes":21017,"output_packet_bytes":8987,"final_arena_bytes_est":1253540,"verified":true}
ok

test result: ok. 1 passed; 0 failed; 0 ignored; 0 measured; 1360 filtered out; finished in 10.09s


       10.09 real        10.07 user         0.01 sys
            16203776  maximum resident set size
                   0  average shared memory size
                   0  average unshared data size
                   0  average unshared stack size
                1202  page reclaims
                   0  page faults
                   0  swaps
                   0  block input operations
                   0  block output operations
                   0  messages sent
                   0  messages received
                   0  signals received
                   0  voluntary context switches
                1127  involuntary context switches
        200137591583  instructions retired
         33939929030  cycles elapsed
            13484416  peak memory footprint
