▶ admin certainty
  ✔ checkpoint completes with its report and the pre-dispatch ref (1.637958ms)
  ✔ registration refusal is not-started and E stays never (1.548916ms)
  ✔ a lost completion is outcome-unknown with the retained ref (0.395334ms)
  ✔ erase reports residual copies honestly (0.206084ms)
  ✔ verifyBackup is read-only with typed E (0.380375ms)
  ✔ interrupting admin joins cancellation and retains the caller's operationId (8.118417ms)
✔ admin certainty (13.034542ms)
✔ same-schema cross-origin caches refuse before serving or mutating anything (542.435958ms)
✔ a retained command ref resolves after reopen and receipts outlive their scope (117.595709ms)
✔ closed and foreign capabilities refuse typed without dispatching (209.544458ms)
✔ open never creates: a missing configured database is a typed refusal, not genesis (10.006791ms)
✔ a hosted binding under the local constructor refuses typed with no genesis (8.812084ms)
▶ borrow lifecycle
  ✔ two acquires of one binding are DISTINCT borrows; releasing one leaves the other live (2.562667ms)
  ✔ a stale borrow refuses with ClosedHandle and dispatches nothing (1.559708ms)
  ✔ double release is harmless and joins the native transition (0.246917ms)
  ✔ scope close releases the borrow exactly once (idempotent with explicit release) (0.256875ms)
✔ borrow lifecycle (5.209667ms)
▶ cache surface
  ✔ evicting a borrowed slot refuses instead of revoking the borrow (1.685ms)
  ✔ same-schema cross-origin bindings acquire isolated capabilities (0.374ms)
  ✔ cache close is the owner decision; a released cache refuses new acquires (0.228959ms)
  ✔ inspection decodes the bounded native report (0.287917ms)
✔ cache surface (2.835875ms)
✔ native command boundaries retain exact sizes and distinguish caller misuse (674.94675ms)
✔ Event-selected log schemas survive command recovery, runtime release, cache, backup and restore (859.291291ms)
✔ Event selections participate in transition admission, replay, activation and abort (322.285958ms)
▶ LocalHistory.open
  ✔ open dispatches mode=open and never a create (1.933334ms)
  ✔ a missing database is a typed refusal, never an empty replacement (1.48675ms)
  ✔ create requires the creation artifact and dispatches mode=create (0.291208ms)
  ✔ create refuses existing authority with the native refusal, unchanged (0.277458ms)
  ✔ a hosted binding refuses at the local constructor before dispatch (0.43475ms)
✔ LocalHistory.open (5.025917ms)
▶ HostedHistory.open
  ✔ credentials default to the supported provider chain (0.24025ms)
✔ HostedHistory.open (0.310375ms)
▶ bounded inspect
  ✔ inspect decodes the bounded health snapshot (OPS-TEST-01 fixture shape) (1.264ms)
✔ bounded inspect (1.354458ms)
▶ closed capabilities
  ✔ resolve and inspect on a closed history refuse with ClosedHandle before dispatch (0.4965ms)
✔ closed capabilities (0.567583ms)
▶ returned certainty without duplicate phase
  ✔ submit decided retains its receipt without a phase field (2.587334ms)
  ✔ post-dispatch admin decode retains outcome-unknown (2.107042ms)
  ✔ native proved nonpublication stays not-started (0.285584ms)
✔ returned certainty without duplicate phase (5.533916ms)
✔ native command recovery and independent backup → verify → writable restore (1019.605583ms)
▶ submit certainty arms
  ✔ a decided receipt round-trips with local health; the ref exists before dispatch (2.652667ms)
  ✔ pre-dispatch refusal is not-submitted with the authentic ref; E stays never (1.731667ms)
  ✔ post-dispatch decode loss is outcome-unknown, never a fabricated rejection (0.765041ms)
  ✔ submit on a closed history refuses as not-submitted without dispatch (0.427333ms)
  ✔ a forged command capability is a defect, never a forged receipt or arm (0.818209ms)
  ✔ invalid submit options refuse pre-dispatch as not-submitted, not as E (0.354958ms)
✔ submit certainty arms (7.397334ms)
▶ interruption after publication
  ✔ interrupt after dispatch preserves Cause and joins the native drain (4.768708ms)
  ✔ the retained original ref resolves after reopen; retry never seals a new id (0.429292ms)
  ✔ resolve also reports the closed/expired epochs as data, not errors (0.240875ms)
✔ interruption after publication (5.640416ms)
✔ the retained source and target declarations are independently generated exact native bindings (387.236834ms)
✔ ordinary imperative transition, comparison, activation and replay (children first: false) (509.122875ms)
✔ ordinary imperative transition, comparison, activation and replay (children first: true) (280.55325ms)
✔ native admission rejects a missing proof; unconstrained document loss requires application comparison (167.039958ms)
✔ complete native judgment refuses wrong-arm across ordinary population batches (107.771917ms)
✔ complete native judgment refuses orphan across ordinary population batches (113.749666ms)
✔ complete native judgment refuses key-conflict across ordinary population batches (127.148584ms)
✔ complete native judgment refuses missing-parent across ordinary population batches (124.831916ms)
ℹ tests 51
ℹ suites 10
ℹ pass 51
ℹ fail 0
ℹ cancelled 0
ℹ skipped 0
ℹ todo 0
ℹ duration_ms 2125.26275
{"node":"v26.4.0","platform":"bumbledb-darwin-arm64","tests":["event-selections","real-bridge-roundtrip","transition","command-boundaries","history-open","admin","borrows","adversarial-capabilities","submit-certainty","outcome-certainty"],"version":"1.3.1","addon_sha256":"5fd4e664f19043552cdef1158b1ea43e3b601b0a87b176af0086d7e056485794"}
