
running 1 test
test event_repr_lab::experiment ... EVENT_LAB {"kind":"legal_relation_free_join","candidate":"dense-dispatched","domain":"fibred","product_mode":"materialized","support_gates":"materialized","bits":13,"width":4,"environments":2,"worlds":8192,"admissible_worlds":3197,"rows":128,"groups":16,"outputs":80,"memo":false,"build_s":[0.001255875, 0.001267417, 0.001235042, 0.00122025, 0.001254708, 0.001258083, 0.001267125, 0.001295917, 0.001285667],"support_s":[4.6e-5, 3.8167e-5, 3.7792e-5, 3.7583e-5, 3.9041e-5, 3.775e-5, 3.7584e-5, 3.9292e-5, 4.0125e-5],"import_s":[8.792e-6, 6.875e-6, 5.416e-6, 5.333e-6, 5.209e-6, 6.25e-6, 5.125e-6, 6.875e-6, 9.166e-6],"admission_s":[0.001199542, 0.001222291, 0.001191708, 0.001177208, 0.001210125, 0.001213958, 0.001224292, 0.001249667, 0.001235125],"join_only_s":[3.0833e-5, 5.333e-6, 5.125e-6, 5.083e-6, 5.042e-6, 5.042e-6, 5.042e-6, 4.958e-6, 5.041e-6],"fresh_s":[0.000271208, 0.000264584, 0.000244625, 0.000243166, 0.000246709, 0.000245833, 0.000243125, 0.000243709, 0.000258125],"warm_s":[0.000238917, 0.000228958, 0.00023475, 0.000239208, 0.000233458, 0.000235583, 0.000234125, 0.00023625, 0.000232416],"input_bytes_est":143736,"final_bytes_est":317000,"input_nodes":129,"final_nodes":287,"input_storage":null,"final_storage":null,"checksum":5522780,"verified":true}
EVENT_LAB {"kind":"legal_relation_free_join","candidate":"dense-dispatched","domain":"fibred","product_mode":"materialized","support_gates":"materialized","bits":13,"width":4,"environments":2,"worlds":8192,"admissible_worlds":3197,"rows":128,"groups":16,"outputs":80,"memo":true,"build_s":[0.001255875, 0.001267417, 0.001235042, 0.00122025, 0.001254708, 0.001258083, 0.001267125, 0.001295917, 0.001285667],"support_s":[4.6e-5, 3.8167e-5, 3.7792e-5, 3.7583e-5, 3.9041e-5, 3.775e-5, 3.7584e-5, 3.9292e-5, 4.0125e-5],"import_s":[8.792e-6, 6.875e-6, 5.416e-6, 5.333e-6, 5.209e-6, 6.25e-6, 5.125e-6, 6.875e-6, 9.166e-6],"admission_s":[0.001199542, 0.001222291, 0.001191708, 0.001177208, 0.001210125, 0.001213958, 0.001224292, 0.001249667, 0.001235125],"join_only_s":[3.0833e-5, 5.333e-6, 5.125e-6, 5.083e-6, 5.042e-6, 5.042e-6, 5.042e-6, 4.958e-6, 5.041e-6],"fresh_s":[0.000124459, 0.000119417, 0.00011675, 0.000120625, 0.000114792, 0.000114791, 0.000114625, 0.000115625, 0.000122416],"warm_s":[1.4708e-5, 1.4375e-5, 1.4167e-5, 1.4333e-5, 1.4167e-5, 1.4333e-5, 1.4125e-5, 1.4291e-5, 1.425e-5],"input_bytes_est":143736,"final_bytes_est":329992,"input_nodes":129,"final_nodes":287,"input_storage":null,"final_storage":null,"checksum":5522780,"verified":true}
EVENT_LAB {"kind":"legal_relation_free_join","candidate":"dense-dispatched","domain":"fibred","product_mode":"materialized","support_gates":"materialized","bits":19,"width":6,"environments":2,"worlds":524288,"admissible_worlds":301069,"rows":128,"groups":16,"outputs":80,"memo":false,"build_s":[0.45457625, 0.456840625, 0.449565291, 0.453471, 0.452967333, 0.449997834, 0.451496792, 0.449168666, 0.446533666],"support_s":[0.002537875, 0.002478333, 0.00242625, 0.002531333, 0.002625041, 0.002442667, 0.002502667, 0.002442875, 0.002470416],"import_s":[0.000391042, 0.000280708, 0.000306208, 0.000247417, 0.000246834, 0.000255375, 0.000217375, 0.00027175, 0.00027575],"admission_s":[0.451646375, 0.4540815, 0.446832791, 0.450692041, 0.450093917, 0.447299583, 0.448776292, 0.446453916, 0.443785958],"join_only_s":[2.175e-5, 5.125e-6, 4.875e-6, 4.875e-6, 4.917e-6, 4.916e-6, 4.834e-6, 4.834e-6, 4.875e-6],"fresh_s":[0.015260916, 0.014899334, 0.014430083, 0.014542958, 0.014528292, 0.014337875, 0.014362542, 0.014392583, 0.014347583],"warm_s":[0.01444175, 0.014339833, 0.014390208, 0.014351917, 0.01441925, 0.014082166, 0.014157875, 0.014727333, 0.014436292],"input_bytes_est":31427680,"final_bytes_est":45001768,"input_nodes":477,"final_nodes":684,"input_storage":null,"final_storage":null,"checksum":243821880,"verified":true}
EVENT_LAB {"kind":"legal_relation_free_join","candidate":"dense-dispatched","domain":"fibred","product_mode":"materialized","support_gates":"materialized","bits":19,"width":6,"environments":2,"worlds":524288,"admissible_worlds":301069,"rows":128,"groups":16,"outputs":80,"memo":true,"build_s":[0.45457625, 0.456840625, 0.449565291, 0.453471, 0.452967333, 0.449997834, 0.451496792, 0.449168666, 0.446533666],"support_s":[0.002537875, 0.002478333, 0.00242625, 0.002531333, 0.002625041, 0.002442667, 0.002502667, 0.002442875, 0.002470416],"import_s":[0.000391042, 0.000280708, 0.000306208, 0.000247417, 0.000246834, 0.000255375, 0.000217375, 0.00027175, 0.00027575],"admission_s":[0.451646375, 0.4540815, 0.446832791, 0.450692041, 0.450093917, 0.447299583, 0.448776292, 0.446453916, 0.443785958],"join_only_s":[2.175e-5, 5.125e-6, 4.875e-6, 4.875e-6, 4.917e-6, 4.916e-6, 4.834e-6, 4.834e-6, 4.875e-6],"fresh_s":[0.006449209, 0.006330041, 0.006416333, 0.006489333, 0.006423542, 0.006255584, 0.006433375, 0.00645825, 0.006342875],"warm_s":[9.8208e-5, 9.2292e-5, 9.0083e-5, 0.000104875, 8.9e-5, 9.6417e-5, 0.000106125, 9.6792e-5, 8.8625e-5],"input_bytes_est":31427680,"final_bytes_est":45018792,"input_nodes":477,"final_nodes":684,"input_storage":null,"final_storage":null,"checksum":243821880,"verified":true}
ok

test result: ok. 1 passed; 0 failed; 0 ignored; 0 measured; 1378 filtered out; finished in 4.70s


        4.70 real         4.59 user         0.10 sys
           215056384  maximum resident set size
                   0  average shared memory size
                   0  average unshared data size
                   0  average unshared stack size
               13341  page reclaims
                   0  page faults
                   0  swaps
                   0  block input operations
                   0  block output operations
                   0  messages sent
                   0  messages received
                   0  signals received
                   0  voluntary context switches
                  79  involuntary context switches
         46546367872  instructions retired
         16290759763  cycles elapsed
           212304400  peak memory footprint
