
running 1 test
test event_repr_lab::experiment ... EVENT_LAB {"kind":"signature_free_join","candidate":"dense-dispatched","scenario":"coup_4290","shape":"triangle","classifier":"cells","predicate":"included","memo":false,"rows":1024,"accepted":43,"histogram":[0, 0, 0, 12, 0, 12, 0, 12, 0, 0, 12, 19, 16, 20, 16, 905],"input_nodes":37,"final_nodes":2002,"input_bytes_est":23620,"final_bytes_est":1233736,"signature_cache_bytes_est":0,"signature_cache_entries":0,"native_setup_s":[0.000228, 0.000166917, 0.000164666],"join_only_s":[0.000128084, 8.7625e-5, 9.1833e-5],"fresh_s":[0.000589209, 0.000482458, 0.000480917],"warm_s":[0.00048865625, 0.00047381509375, 0.000478638],"warm_loops":32,"verified":true}
EVENT_LAB {"kind":"signature_free_join","candidate":"dense-dispatched","scenario":"coup_4290","shape":"triangle","classifier":"cells","predicate":"included","memo":true,"rows":1024,"accepted":43,"histogram":[0, 0, 0, 12, 0, 12, 0, 12, 0, 0, 12, 19, 16, 20, 16, 905],"input_nodes":37,"final_nodes":2002,"input_bytes_est":23620,"final_bytes_est":1233736,"signature_cache_bytes_est":22400,"signature_cache_entries":524,"native_setup_s":[0.000158875, 0.00016875, 0.000163125],"join_only_s":[9.275e-5, 0.000112583, 9.3584e-5],"fresh_s":[0.000282708, 0.000309041, 0.000292459],"warm_s":[6.07635078125e-5, 6.198958203125e-5, 6.14923515625e-5],"warm_loops":256,"verified":true}
EVENT_LAB {"kind":"signature_free_join","candidate":"dense-dispatched","scenario":"coup_4290","shape":"triangle","classifier":"cells","predicate":"disjoint","memo":false,"rows":1024,"accepted":36,"histogram":[0, 0, 0, 12, 0, 12, 0, 12, 0, 0, 12, 19, 16, 20, 16, 905],"input_nodes":37,"final_nodes":2002,"input_bytes_est":23620,"final_bytes_est":1233736,"signature_cache_bytes_est":0,"signature_cache_entries":0,"native_setup_s":[0.000155459, 0.000150083, 0.000159042],"join_only_s":[8.6958e-5, 8.7833e-5, 8.675e-5],"fresh_s":[0.000473375, 0.000466084, 0.000473292],"warm_s":[0.00047871484375, 0.00047098046875, 0.000485571625],"warm_loops":32,"verified":true}
EVENT_LAB {"kind":"signature_free_join","candidate":"dense-dispatched","scenario":"coup_4290","shape":"triangle","classifier":"cells","predicate":"disjoint","memo":true,"rows":1024,"accepted":36,"histogram":[0, 0, 0, 12, 0, 12, 0, 12, 0, 0, 12, 19, 16, 20, 16, 905],"input_nodes":37,"final_nodes":2002,"input_bytes_est":23620,"final_bytes_est":1233736,"signature_cache_bytes_est":22400,"signature_cache_entries":524,"native_setup_s":[0.000181375, 0.000154916, 0.000154708],"join_only_s":[9.3417e-5, 9.1458e-5, 8.6292e-5],"fresh_s":[0.000285084, 0.000290791, 0.000282583],"warm_s":[6.202799609375e-5, 6.043408203125e-5, 6.212630078125e-5],"warm_loops":256,"verified":true}
EVENT_LAB {"kind":"signature_free_join","candidate":"dense-dispatched","scenario":"coup_4290","shape":"triangle","classifier":"cells","predicate":"overlap","memo":false,"rows":1024,"accepted":988,"histogram":[0, 0, 0, 12, 0, 12, 0, 12, 0, 0, 12, 19, 16, 20, 16, 905],"input_nodes":37,"final_nodes":2002,"input_bytes_est":23620,"final_bytes_est":1233736,"signature_cache_bytes_est":0,"signature_cache_entries":0,"native_setup_s":[0.000170042, 0.000147958, 0.000145667],"join_only_s":[9.4375e-5, 8.5792e-5, 8.3542e-5],"fresh_s":[0.000491916, 0.000463041, 0.000513917],"warm_s":[0.00047842578125, 0.00048341015625, 0.0004774830625],"warm_loops":32,"verified":true}
EVENT_LAB {"kind":"signature_free_join","candidate":"dense-dispatched","scenario":"coup_4290","shape":"triangle","classifier":"cells","predicate":"overlap","memo":true,"rows":1024,"accepted":988,"histogram":[0, 0, 0, 12, 0, 12, 0, 12, 0, 0, 12, 19, 16, 20, 16, 905],"input_nodes":37,"final_nodes":2002,"input_bytes_est":23620,"final_bytes_est":1233736,"signature_cache_bytes_est":22400,"signature_cache_entries":524,"native_setup_s":[0.00014975, 0.00017525, 0.000179208],"join_only_s":[8.5125e-5, 9.2917e-5, 8.6541e-5],"fresh_s":[0.000279666, 0.000275042, 0.000285333],"warm_s":[6.105696484375e-5, 6.1666015625e-5, 6.131070703125e-5],"warm_loops":256,"verified":true}
EVENT_LAB {"kind":"signature_free_join","candidate":"dense-dispatched","scenario":"coup_4290","shape":"clover","classifier":"cells","predicate":"included","memo":false,"rows":4096,"accepted":196,"histogram":[0, 0, 0, 48, 0, 48, 0, 8, 0, 0, 48, 100, 64, 232, 36, 3512],"input_nodes":37,"final_nodes":1240,"input_bytes_est":23620,"final_bytes_est":757912,"signature_cache_bytes_est":0,"signature_cache_entries":0,"native_setup_s":[0.000143333, 0.000127375, 0.000122833],"join_only_s":[0.000112292, 0.000107875, 9.925e-5],"fresh_s":[0.001754292, 0.001716375, 0.0016475],"warm_s":[0.001743020875, 0.001757140625, 0.00177306775],"warm_loops":8,"verified":true}
EVENT_LAB {"kind":"signature_free_join","candidate":"dense-dispatched","scenario":"coup_4290","shape":"clover","classifier":"cells","predicate":"included","memo":true,"rows":4096,"accepted":196,"histogram":[0, 0, 0, 48, 0, 48, 0, 8, 0, 0, 48, 100, 64, 232, 36, 3512],"input_nodes":37,"final_nodes":1240,"input_bytes_est":23620,"final_bytes_est":757912,"signature_cache_bytes_est":11200,"signature_cache_entries":321,"native_setup_s":[0.000123458, 0.000141583, 0.000133458],"join_only_s":[0.000101584, 0.000119542, 0.000102375],"fresh_s":[0.000267542, 0.000265625, 0.000261333],"warm_s":[0.0001231324921875, 0.000125409828125, 0.0001234443359375],"warm_loops":128,"verified":true}
EVENT_LAB {"kind":"signature_free_join","candidate":"dense-dispatched","scenario":"coup_4290","shape":"clover","classifier":"cells","predicate":"disjoint","memo":false,"rows":4096,"accepted":104,"histogram":[0, 0, 0, 48, 0, 48, 0, 8, 0, 0, 48, 100, 64, 232, 36, 3512],"input_nodes":37,"final_nodes":1240,"input_bytes_est":23620,"final_bytes_est":757912,"signature_cache_bytes_est":0,"signature_cache_entries":0,"native_setup_s":[0.000135792, 0.000131458, 0.0001195],"join_only_s":[0.0001015, 0.000109291, 0.000100208],"fresh_s":[0.001683958, 0.001694584, 0.001696708],"warm_s":[0.001743296875, 0.001732703125, 0.001756942625],"warm_loops":8,"verified":true}
EVENT_LAB {"kind":"signature_free_join","candidate":"dense-dispatched","scenario":"coup_4290","shape":"clover","classifier":"cells","predicate":"disjoint","memo":true,"rows":4096,"accepted":104,"histogram":[0, 0, 0, 48, 0, 48, 0, 8, 0, 0, 48, 100, 64, 232, 36, 3512],"input_nodes":37,"final_nodes":1240,"input_bytes_est":23620,"final_bytes_est":757912,"signature_cache_bytes_est":11200,"signature_cache_entries":321,"native_setup_s":[0.00012725, 0.000135042, 0.000124833],"join_only_s":[0.000105042, 0.000103792, 0.000101417],"fresh_s":[0.000264375, 0.000249625, 0.00025125],"warm_s":[0.000121284828125, 0.0001221165390625, 0.000125918296875],"warm_loops":128,"verified":true}
EVENT_LAB {"kind":"signature_free_join","candidate":"dense-dispatched","scenario":"coup_4290","shape":"clover","classifier":"cells","predicate":"overlap","memo":false,"rows":4096,"accepted":3992,"histogram":[0, 0, 0, 48, 0, 48, 0, 8, 0, 0, 48, 100, 64, 232, 36, 3512],"input_nodes":37,"final_nodes":1240,"input_bytes_est":23620,"final_bytes_est":757912,"signature_cache_bytes_est":0,"signature_cache_entries":0,"native_setup_s":[0.000126417, 0.000104917, 0.0001345],"join_only_s":[0.000104875, 9.8458e-5, 0.000105791],"fresh_s":[0.001758667, 0.001727875, 0.001734208],"warm_s":[0.001722317625, 0.001753984375, 0.0017293855],"warm_loops":8,"verified":true}
EVENT_LAB {"kind":"signature_free_join","candidate":"dense-dispatched","scenario":"coup_4290","shape":"clover","classifier":"cells","predicate":"overlap","memo":true,"rows":4096,"accepted":3992,"histogram":[0, 0, 0, 48, 0, 48, 0, 8, 0, 0, 48, 100, 64, 232, 36, 3512],"input_nodes":37,"final_nodes":1240,"input_bytes_est":23620,"final_bytes_est":757912,"signature_cache_bytes_est":11200,"signature_cache_entries":321,"native_setup_s":[0.000141708, 0.000122084, 0.000132292],"join_only_s":[0.000111167, 0.000100292, 0.000107333],"fresh_s":[0.000328292, 0.0002535, 0.000285458],"warm_s":[0.00012435775, 0.000122578125, 0.000124158203125],"warm_loops":128,"verified":true}
ok

test result: ok. 1 passed; 0 failed; 0 ignored; 0 measured; 1365 filtered out; finished in 1.72s


        1.72 real         1.71 user         0.00 sys
             8699904  maximum resident set size
                   0  average shared memory size
                   0  average unshared data size
                   0  average unshared stack size
                 744  page reclaims
                   0  page faults
                   0  swaps
                   0  block input operations
                   0  block output operations
                   0  messages sent
                   0  messages received
                   0  signals received
                   0  voluntary context switches
                 585  involuntary context switches
         29899398048  instructions retired
          5718658075  cycles elapsed
             6062464  peak memory footprint
