
running 1 test
test event_repr_lab::experiment ... EVENT_LAB {"kind":"free_join","candidate":"packed512","scenario":"coup_4290","shape":"triangle","memo":false,"worlds":4290,"admissible_worlds":4290,"rows":1024,"groups":64,"plan_nodes":3,"input_nodes":613,"final_nodes":15983,"input_bytes_est":96600,"final_bytes_est":2436696,"colt_bytes":163104,"build_s":[5.7666e-5, 3.65e-5, 3.7584e-5, 3.0916e-5, 3.0209e-5, 2.9083e-5, 2.8459e-5, 2.7916e-5, 2.7791e-5, 2.8292e-5, 2.7958e-5],"native_setup_s":0.000203917,"native_first_join_s":0.000155166,"join_only_s":[4.9709e-5, 4.8959e-5, 5.4042e-5, 4.6833e-5, 4.625e-5, 4.6417e-5, 5.4666e-5, 5.05e-5, 5.8292e-5, 5.5084e-5, 5.5083e-5],"fresh_s":[0.001554791, 0.001429667, 0.001285541, 0.001228625, 0.00118125, 0.001172584, 0.001148542, 0.001205833, 0.001173833, 0.00127675, 0.001147959],"warm_s":[0.00015319401171875, 0.0001522041015625, 0.0001539064140625, 0.0001514493828125, 0.00015150439453125, 0.0001527044296875, 0.0001510304375, 0.00015399088671875, 0.00015149837109375, 0.0001515380859375, 0.000151889484375],"warm_loops":256,"checksum":5648062,"verified":true}
EVENT_LAB {"kind":"free_join","candidate":"packed512","scenario":"coup_4290","shape":"triangle","memo":true,"worlds":4290,"admissible_worlds":4290,"rows":1024,"groups":64,"plan_nodes":3,"input_nodes":613,"final_nodes":15983,"input_bytes_est":96600,"final_bytes_est":2508376,"colt_bytes":163104,"build_s":[5.7666e-5, 3.65e-5, 3.7584e-5, 3.0916e-5, 3.0209e-5, 2.9083e-5, 2.8459e-5, 2.7916e-5, 2.7791e-5, 2.8292e-5, 2.7958e-5],"native_setup_s":0.000203917,"native_first_join_s":0.000155166,"join_only_s":[4.9709e-5, 4.8959e-5, 5.4042e-5, 4.6833e-5, 4.625e-5, 4.6417e-5, 5.4666e-5, 5.05e-5, 5.8292e-5, 5.5084e-5, 5.5083e-5],"fresh_s":[0.001415209, 0.001517792, 0.001397791, 0.00136975, 0.001209708, 0.001168417, 0.001207417, 0.00116175, 0.001156875, 0.001181041, 0.001195292],"warm_s":[0.00011427604296875, 0.00011536702734375, 0.000114862140625, 0.0001151912421875, 0.00011509033203125, 0.000115731609375, 0.0001147099609375, 0.0001170099296875, 0.0001163790703125, 0.00011687630078125, 0.00011753938671875],"warm_loops":256,"checksum":5648062,"verified":true}
EVENT_LAB {"kind":"free_join","candidate":"packed512","scenario":"coup_4290","shape":"clover","memo":false,"worlds":4290,"admissible_worlds":4290,"rows":4096,"groups":64,"plan_nodes":3,"input_nodes":613,"final_nodes":27896,"input_bytes_est":96600,"final_bytes_est":4873304,"colt_bytes":41104,"build_s":[6.4375e-5, 4.8542e-5, 3.7875e-5, 3.3292e-5, 3.0125e-5, 3.1209e-5, 3.7166e-5, 3.6959e-5, 3.5708e-5, 3.2584e-5, 2.8209e-5],"native_setup_s":0.000141959,"native_first_join_s":0.000102375,"join_only_s":[7.5458e-5, 7.1292e-5, 7.1334e-5, 7.1375e-5, 7.1458e-5, 7.1416e-5, 7.1334e-5, 7.5833e-5, 7.1375e-5, 7.125e-5, 7.1458e-5],"fresh_s":[0.00334, 0.00347375, 0.003293833, 0.0037785, 0.003718333, 0.003521208, 0.003344292, 0.003493167, 0.0031155, 0.003318916, 0.003460875],"warm_s":[0.00032169596875, 0.0003155390625, 0.000319369140625, 0.000320556640625, 0.000321671875, 0.000318496734375, 0.00032775715625, 0.000315677734375, 0.000329509765625, 0.0003191484375, 0.0003202643125],"warm_loops":64,"checksum":5691950,"verified":true}
EVENT_LAB {"kind":"free_join","candidate":"packed512","scenario":"coup_4290","shape":"clover","memo":true,"worlds":4290,"admissible_worlds":4290,"rows":4096,"groups":64,"plan_nodes":3,"input_nodes":613,"final_nodes":27896,"input_bytes_est":96600,"final_bytes_est":5160024,"colt_bytes":41104,"build_s":[6.4375e-5, 4.8542e-5, 3.7875e-5, 3.3292e-5, 3.0125e-5, 3.1209e-5, 3.7166e-5, 3.6959e-5, 3.5708e-5, 3.2584e-5, 2.8209e-5],"native_setup_s":0.000141959,"native_first_join_s":0.000102375,"join_only_s":[7.5458e-5, 7.1292e-5, 7.1334e-5, 7.1375e-5, 7.1458e-5, 7.1416e-5, 7.1334e-5, 7.5833e-5, 7.1375e-5, 7.125e-5, 7.1458e-5],"fresh_s":[0.003264792, 0.003241542, 0.0034245, 0.003324167, 0.003130042, 0.003460916, 0.00311425, 0.003408083, 0.003703083, 0.003188875, 0.003149042],"warm_s":[0.000199568359375, 0.000195144859375, 0.0001936393203125, 0.000192389, 0.000195748046875, 0.000193416015625, 0.0001942845, 0.000195203125, 0.000191393234375, 0.0001971044921875, 0.0001934469375],"warm_loops":128,"checksum":5691950,"verified":true}
ok

test result: ok. 1 passed; 0 failed; 0 ignored; 0 measured; 1360 filtered out; finished in 1.63s


        1.63 real         1.59 user         0.02 sys
            35454976  maximum resident set size
                   0  average shared memory size
                   0  average unshared data size
                   0  average unshared stack size
                2378  page reclaims
                   0  page faults
                   0  swaps
                   0  block input operations
                   0  block output operations
                   0  messages sent
                   0  messages received
                   0  signals received
                   0  voluntary context switches
                1017  involuntary context switches
         22314321150  instructions retired
          5419780445  cycles elapsed
            32932248  peak memory footprint
