
running 1 test
test event_repr_lab::experiment ... EVENT_LAB {"kind":"free_join","candidate":"packed64","scenario":"coup_4290","shape":"triangle","memo":false,"worlds":4290,"admissible_worlds":4290,"rows":1024,"groups":64,"plan_nodes":3,"input_nodes":2744,"final_nodes":52885,"input_bytes_est":154956,"final_bytes_est":6281676,"colt_bytes":163104,"build_s":[0.000147792, 0.00011125, 0.000100541, 9.3167e-5, 8.75e-5, 8.6542e-5, 8.5417e-5, 8.55e-5, 8.4792e-5, 8.55e-5, 8.6875e-5],"native_setup_s":0.000205375,"native_first_join_s":0.00010275,"join_only_s":[6.8625e-5, 4.5e-5, 4.4792e-5, 4.4791e-5, 4.5e-5, 5.25e-5, 4.7375e-5, 4.6666e-5, 4.6792e-5, 4.675e-5, 4.6791e-5],"fresh_s":[0.005165375, 0.005055084, 0.004538792, 0.00512825, 0.004878125, 0.004553333, 0.004757791, 0.004695458, 0.004727167, 0.004533583, 0.00457575],"warm_s":[0.000277425453125, 0.0002740325546875, 0.0002781220703125, 0.000276998046875, 0.000271805015625, 0.0002879111328125, 0.000286314453125, 0.0002719915390625, 0.00027072265625, 0.000274555984375, 0.0002745240859375],"warm_loops":128,"checksum":5648062,"verified":true}
EVENT_LAB {"kind":"free_join","candidate":"packed64","scenario":"coup_4290","shape":"triangle","memo":true,"worlds":4290,"admissible_worlds":4290,"rows":1024,"groups":64,"plan_nodes":3,"input_nodes":2744,"final_nodes":52885,"input_bytes_est":154956,"final_bytes_est":6353356,"colt_bytes":163104,"build_s":[0.000147792, 0.00011125, 0.000100541, 9.3167e-5, 8.75e-5, 8.6542e-5, 8.5417e-5, 8.55e-5, 8.4792e-5, 8.55e-5, 8.6875e-5],"native_setup_s":0.000205375,"native_first_join_s":0.00010275,"join_only_s":[6.8625e-5, 4.5e-5, 4.4792e-5, 4.4791e-5, 4.5e-5, 5.25e-5, 4.7375e-5, 4.6666e-5, 4.6792e-5, 4.675e-5, 4.6791e-5],"fresh_s":[0.004976, 0.004988542, 0.005047333, 0.004934083, 0.004517583, 0.004511791, 0.004439709, 0.004446375, 0.004748625, 0.004759917, 0.004794],"warm_s":[0.000235519203125, 0.000237541015625, 0.0002313544921875, 0.00023291959375, 0.0002344469453125, 0.00023651334375, 0.0002358310546875, 0.0002307678984375, 0.00023278678125, 0.00023153971875, 0.000233657546875],"warm_loops":128,"checksum":5648062,"verified":true}
EVENT_LAB {"kind":"free_join","candidate":"packed64","scenario":"coup_4290","shape":"clover","memo":false,"worlds":4290,"admissible_worlds":4290,"rows":4096,"groups":64,"plan_nodes":3,"input_nodes":2744,"final_nodes":81872,"input_bytes_est":154956,"final_bytes_est":11875148,"colt_bytes":41104,"build_s":[0.000113334, 0.00010875, 9.4708e-5, 9.0459e-5, 8.7542e-5, 8.625e-5, 8.55e-5, 8.5167e-5, 8.4834e-5, 8.5125e-5, 8.5042e-5],"native_setup_s":0.000148833,"native_first_join_s":0.000100208,"join_only_s":[7.1875e-5, 7.1084e-5, 7.7625e-5, 6.9875e-5, 6.9791e-5, 7.0042e-5, 6.9959e-5, 6.9917e-5, 6.975e-5, 6.9875e-5, 6.9875e-5],"fresh_s":[0.010557667, 0.010835792, 0.011698917, 0.010615791, 0.010225209, 0.00993025, 0.009951916, 0.010623375, 0.010626917, 0.01028775, 0.009728625],"warm_s":[0.00044023046875, 0.00044576953125, 0.000525100265625, 0.000607580078125, 0.00049901303125, 0.000464162765625, 0.00044898046875, 0.00046060546875, 0.00045344596875, 0.00043908853125, 0.00045525715625],"warm_loops":64,"checksum":5691950,"verified":true}
EVENT_LAB {"kind":"free_join","candidate":"packed64","scenario":"coup_4290","shape":"clover","memo":true,"worlds":4290,"admissible_worlds":4290,"rows":4096,"groups":64,"plan_nodes":3,"input_nodes":2744,"final_nodes":81872,"input_bytes_est":154956,"final_bytes_est":12161868,"colt_bytes":41104,"build_s":[0.000113334, 0.00010875, 9.4708e-5, 9.0459e-5, 8.7542e-5, 8.625e-5, 8.55e-5, 8.5167e-5, 8.4834e-5, 8.5125e-5, 8.5042e-5],"native_setup_s":0.000148833,"native_first_join_s":0.000100208,"join_only_s":[7.1875e-5, 7.1084e-5, 7.7625e-5, 6.9875e-5, 6.9791e-5, 7.0042e-5, 6.9959e-5, 6.9917e-5, 6.975e-5, 6.9875e-5, 6.9875e-5],"fresh_s":[0.011241625, 0.012310209, 0.012315333, 0.011620291, 0.013129625, 0.011611209, 0.013964583, 0.011257917, 0.013679917, 0.0117865, 0.011189875],"warm_s":[0.000348067046875, 0.000346513671875, 0.000339084640625, 0.000748147796875, 0.000712404296875, 0.000549275390625, 0.00062993815625, 0.000801053390625, 0.000554793609375, 0.000318005203125, 0.0007463515625],"warm_loops":64,"checksum":5691950,"verified":true}
ok

test result: ok. 1 passed; 0 failed; 0 ignored; 0 measured; 1360 filtered out; finished in 2.10s


        2.10 real         1.96 user         0.03 sys
            49577984  maximum resident set size
                   0  average shared memory size
                   0  average unshared data size
                   0  average unshared stack size
                3240  page reclaims
                   0  page faults
                   0  swaps
                   0  block input operations
                   0  block output operations
                   0  messages sent
                   0  messages received
                   0  signals received
                   0  voluntary context switches
                3421  involuntary context switches
         22875944962  instructions retired
          6569532399  cycles elapsed
            47055280  peak memory footprint
