Actions.lean passed 19 reports
Admission.lean passed 17 reports
AlgebraicIdentity.lean passed 9 reports
AlgebraicRoots.lean passed 15 reports
BeliefMemory.lean passed 18 reports
Closure.lean passed 14 reports
CoordinateMaps.lean passed 26 reports
Descriptors.lean passed 11 reports
FamilyFunctions.lean passed 27 reports
FamilyTransport.lean passed 20 reports
FiniteDensity.lean passed 20 reports
FixedPoint.lean passed 22 reports
FunctionCovers.lean passed 15 reports
Ground.lean passed 11 reports
Information.lean passed 19 reports
Inspection.lean passed 10 reports
NumberQueries.lean passed 10 reports
NumberReplay.lean passed 8 reports
ObservationStages.lean passed 18 reports
Pack.lean passed 19 reports
ParameterDomains.lean passed 16 reports
ParameterExpectations.lean passed 12 reports
ParameterRefinement.lean passed 9 reports
ParameterRevisions.lean passed 15 reports
ParameterSources.lean passed 16 reports
PartialNumbers.lean passed 26 reports
Partitions.lean passed 13 reports
Persistence.lean passed 10 reports
Polynomials.lean passed 23 reports
PriorBinding.lean passed 18 reports
Programs.lean passed 13 reports
Query.lean passed 22 reports
QueryBinders.lean passed 21 reports
QueryExpectation.lean passed 32 reports
QueryMaps.lean passed 18 reports
QueryProbability.lean passed 14 reports
QueryRelations.lean passed 11 reports
Relations.lean passed 22 reports
Revisions.lean passed 30 reports
SchemaSelections.lean passed 12 reports
SourceTransport.lean passed 14 reports
WeightedMaps.lean passed 18 reports
