
running 1 test
test event_repr_lab::experiment ... EVENT_LAB {"kind":"readout_free_join","candidate":"prefix512","domain":"fibred","readout_family":"non-suffix","readout_faces":"x","hidden":8,"width":4,"bits":13,"worlds":8192,"admissible_worlds":3197,"environments":2,"rows":128,"groups":16,"outputs":64,"memo":false,"changed_possible_groups":16,"changed_guaranteed_groups":16,"nonconstant_readouts":48,"build_s":[0.001003166],"support_s":[0.000229291],"import_s":[0.000702375],"admission_s":[7.1125e-5],"join_only_s":[2.975e-5],"fresh_s":[0.002989167],"fresh_group_s":[0.000161708],"fresh_readout_s":[0.00280975],"fresh_compute_s":[0.002972959],"fresh_count_s":[1.6125e-5],"warm_s":[0.000242708],"warm_group_s":[1.6875e-5],"warm_readout_s":[0.000213542],"warm_compute_s":[0.000230666],"warm_count_s":[1.2e-5],"input_nodes":1045,"final_nodes":4987,"input_bytes_est":135928,"final_bytes_est":779396,"input_storage":{"layout":"slab","record_bytes":16720,"table_bytes":26120,"interner_bytes":34644,"metadata_bytes":8716,"cache_bytes":49728,"records":1045,"tables":1032,"logical_words":3265,"total_bytes_est":135928},"final_storage":{"layout":"slab","record_bytes":133760,"table_bytes":208960,"interner_bytes":155296,"metadata_bytes":67236,"cache_bytes":214144,"records":4987,"tables":4104,"logical_words":17727,"total_bytes_est":779396},"outer_memo_bytes":0,"colt_bytes":14992,"checksum":607690,"verified":true}
EVENT_LAB {"kind":"readout_free_join","candidate":"prefix512","domain":"fibred","readout_family":"non-suffix","readout_faces":"x","hidden":8,"width":4,"bits":13,"worlds":8192,"admissible_worlds":3197,"environments":2,"rows":128,"groups":16,"outputs":64,"memo":true,"changed_possible_groups":16,"changed_guaranteed_groups":16,"nonconstant_readouts":48,"build_s":[0.001003166],"support_s":[0.000229291],"import_s":[0.000702375],"admission_s":[7.1125e-5],"join_only_s":[2.975e-5],"fresh_s":[0.002996625],"fresh_group_s":[0.000162875],"fresh_readout_s":[0.002818166],"fresh_compute_s":[0.002981291],"fresh_count_s":[1.5208e-5],"warm_s":[0.00022625],"warm_group_s":[9.5e-6],"warm_readout_s":[0.000204417],"warm_compute_s":[0.000214125],"warm_count_s":[1.1834e-5],"input_nodes":1045,"final_nodes":4987,"input_bytes_est":135928,"final_bytes_est":788356,"input_storage":{"layout":"slab","record_bytes":16720,"table_bytes":26120,"interner_bytes":34644,"metadata_bytes":8716,"cache_bytes":49728,"records":1045,"tables":1032,"logical_words":3265,"total_bytes_est":135928},"final_storage":{"layout":"slab","record_bytes":133760,"table_bytes":208960,"interner_bytes":155296,"metadata_bytes":67236,"cache_bytes":214144,"records":4987,"tables":4104,"logical_words":17727,"total_bytes_est":779396},"outer_memo_bytes":8960,"colt_bytes":14992,"checksum":607690,"verified":true}
EVENT_LAB {"kind":"readout_free_join","candidate":"prefix512","domain":"fibred","readout_family":"non-suffix","readout_faces":"x","hidden":32,"width":6,"bits":19,"worlds":524288,"admissible_worlds":301069,"environments":2,"rows":128,"groups":16,"outputs":64,"memo":false,"changed_possible_groups":16,"changed_guaranteed_groups":16,"nonconstant_readouts":48,"build_s":[0.010619334],"support_s":[0.000529334],"import_s":[0.009777542],"admission_s":[0.000312167],"join_only_s":[1.7291e-5],"fresh_s":[0.008819042],"fresh_group_s":[0.001218541],"fresh_readout_s":[0.007469542],"fresh_compute_s":[0.008688625],"fresh_count_s":[0.00013025],"warm_s":[0.000739625],"warm_group_s":[2.7708e-5],"warm_readout_s":[0.000575292],"warm_compute_s":[0.000603584],"warm_count_s":[0.000135917],"input_nodes":15017,"final_nodes":31308,"input_bytes_est":1595464,"final_bytes_est":4336092,"input_storage":{"layout":"slab","record_bytes":240272,"table_bytes":274976,"interner_bytes":547492,"metadata_bytes":120564,"cache_bytes":412160,"records":15017,"tables":6591,"logical_words":34372,"total_bytes_est":1595464},"final_storage":{"layout":"slab","record_bytes":961088,"table_bytes":549952,"interner_bytes":1215120,"metadata_bytes":480972,"cache_bytes":1128960,"records":31308,"tables":10168,"logical_words":55260,"total_bytes_est":4336092},"outer_memo_bytes":0,"colt_bytes":14992,"checksum":12912164,"verified":true}
EVENT_LAB {"kind":"readout_free_join","candidate":"prefix512","domain":"fibred","readout_family":"non-suffix","readout_faces":"x","hidden":32,"width":6,"bits":19,"worlds":524288,"admissible_worlds":301069,"environments":2,"rows":128,"groups":16,"outputs":64,"memo":true,"changed_possible_groups":16,"changed_guaranteed_groups":16,"nonconstant_readouts":48,"build_s":[0.010619334],"support_s":[0.000529334],"import_s":[0.009777542],"admission_s":[0.000312167],"join_only_s":[1.7291e-5],"fresh_s":[0.008670083],"fresh_group_s":[0.001227667],"fresh_readout_s":[0.007314375],"fresh_compute_s":[0.00854275],"fresh_count_s":[0.000127166],"warm_s":[0.000712792],"warm_group_s":[1.7042e-5],"warm_readout_s":[0.000557167],"warm_compute_s":[0.000574792],"warm_count_s":[0.000137916],"input_nodes":15017,"final_nodes":31308,"input_bytes_est":1595464,"final_bytes_est":4345052,"input_storage":{"layout":"slab","record_bytes":240272,"table_bytes":274976,"interner_bytes":547492,"metadata_bytes":120564,"cache_bytes":412160,"records":15017,"tables":6591,"logical_words":34372,"total_bytes_est":1595464},"final_storage":{"layout":"slab","record_bytes":961088,"table_bytes":549952,"interner_bytes":1215120,"metadata_bytes":480972,"cache_bytes":1128960,"records":31308,"tables":10168,"logical_words":55260,"total_bytes_est":4336092},"outer_memo_bytes":8960,"colt_bytes":14992,"checksum":12912164,"verified":true}
ok

test result: ok. 1 passed; 0 failed; 0 ignored; 0 measured; 1378 filtered out; finished in 7.96s


        7.96 real         7.92 user         0.03 sys
            38289408  maximum resident set size
                   0  average shared memory size
                   0  average unshared data size
                   0  average unshared stack size
                2552  page reclaims
                   0  page faults
                   0  swaps
                   0  block input operations
                   0  block output operations
                   0  messages sent
                   0  messages received
                   0  signals received
                   0  voluntary context switches
                 985  involuntary context switches
        100214825054  instructions retired
         26537299139  cycles elapsed
            35258776  peak memory footprint
