
running 1 test
test event_repr_lab::experiment ... EVENT_LAB {"kind":"readout_free_join","candidate":"prefix512","domain":"fibred","readout_family":"non-suffix","readout_faces":"x","hidden":8,"width":4,"bits":13,"worlds":8192,"admissible_worlds":3197,"environments":2,"rows":128,"groups":16,"outputs":64,"memo":false,"changed_possible_groups":16,"changed_guaranteed_groups":16,"nonconstant_readouts":48,"build_s":[0.001031042],"support_s":[0.00023775],"import_s":[0.000726625],"admission_s":[6.6416e-5],"join_only_s":[3.0041e-5],"fresh_s":[0.01481675],"fresh_group_s":[0.000159167],"fresh_readout_s":[0.014636041],"fresh_compute_s":[0.014797],"fresh_count_s":[1.9542e-5],"warm_s":[8.8083e-5],"warm_group_s":[1.7e-5],"warm_readout_s":[5.8125e-5],"warm_compute_s":[7.55e-5],"warm_count_s":[1.25e-5],"input_nodes":1094,"final_nodes":20158,"input_bytes_est":127268,"final_bytes_est":3110884,"input_storage":{"layout":"slab","record_bytes":17504,"table_bytes":31320,"interner_bytes":34840,"metadata_bytes":9108,"cache_bytes":34496,"records":1094,"tables":1080,"logical_words":3915,"total_bytes_est":127268},"final_storage":{"layout":"slab","record_bytes":560128,"table_bytes":1002240,"interner_bytes":627456,"metadata_bytes":280420,"cache_bytes":640640,"records":20158,"tables":12532,"logical_words":64644,"total_bytes_est":3110884},"outer_memo_bytes":0,"colt_bytes":14992,"checksum":607690,"verified":true}
EVENT_LAB {"kind":"readout_free_join","candidate":"prefix512","domain":"fibred","readout_family":"non-suffix","readout_faces":"x","hidden":8,"width":4,"bits":13,"worlds":8192,"admissible_worlds":3197,"environments":2,"rows":128,"groups":16,"outputs":64,"memo":true,"changed_possible_groups":16,"changed_guaranteed_groups":16,"nonconstant_readouts":48,"build_s":[0.001031042],"support_s":[0.00023775],"import_s":[0.000726625],"admission_s":[6.6416e-5],"join_only_s":[3.0041e-5],"fresh_s":[0.014296166],"fresh_group_s":[0.0001505],"fresh_readout_s":[0.014132667],"fresh_compute_s":[0.014283416],"fresh_count_s":[1.2584e-5],"warm_s":[8.4041e-5],"warm_group_s":[1.1875e-5],"warm_readout_s":[5.9042e-5],"warm_compute_s":[7.1166e-5],"warm_count_s":[1.275e-5],"input_nodes":1094,"final_nodes":20158,"input_bytes_est":127268,"final_bytes_est":3119844,"input_storage":{"layout":"slab","record_bytes":17504,"table_bytes":31320,"interner_bytes":34840,"metadata_bytes":9108,"cache_bytes":34496,"records":1094,"tables":1080,"logical_words":3915,"total_bytes_est":127268},"final_storage":{"layout":"slab","record_bytes":560128,"table_bytes":1002240,"interner_bytes":627456,"metadata_bytes":280420,"cache_bytes":640640,"records":20158,"tables":12532,"logical_words":64644,"total_bytes_est":3110884},"outer_memo_bytes":8960,"colt_bytes":14992,"checksum":607690,"verified":true}
EVENT_LAB {"kind":"readout_free_join","candidate":"prefix512","domain":"fibred","readout_family":"non-suffix","readout_faces":"x","hidden":32,"width":6,"bits":19,"worlds":524288,"admissible_worlds":301069,"environments":2,"rows":128,"groups":16,"outputs":64,"memo":false,"changed_possible_groups":16,"changed_guaranteed_groups":16,"nonconstant_readouts":48,"build_s":[0.014432917],"support_s":[0.000828375],"import_s":[0.013280792],"admission_s":[0.000322625],"join_only_s":[1.7083e-5],"fresh_s":[0.397419625],"fresh_group_s":[0.001032667],"fresh_readout_s":[0.396198042],"fresh_compute_s":[0.397231417],"fresh_count_s":[0.000188],"warm_s":[0.000277125],"warm_group_s":[2.8334e-5],"warm_readout_s":[9.1792e-5],"warm_compute_s":[0.000120583],"warm_count_s":[0.000156458],"input_nodes":19801,"final_nodes":708405,"input_bytes_est":2137272,"final_bytes_est":83841708,"input_storage":{"layout":"slab","record_bytes":316816,"table_bytes":500048,"interner_bytes":566628,"metadata_bytes":158836,"cache_bytes":594944,"records":19801,"tables":10290,"logical_words":62506,"total_bytes_est":2137272},"final_storage":{"layout":"slab","record_bytes":20276224,"table_bytes":16001536,"interner_bytes":20666624,"metadata_bytes":10138540,"cache_bytes":16758784,"records":708405,"tables":160899,"logical_words":1000829,"total_bytes_est":83841708},"outer_memo_bytes":0,"colt_bytes":14992,"checksum":12912164,"verified":true}
EVENT_LAB {"kind":"readout_free_join","candidate":"prefix512","domain":"fibred","readout_family":"non-suffix","readout_faces":"x","hidden":32,"width":6,"bits":19,"worlds":524288,"admissible_worlds":301069,"environments":2,"rows":128,"groups":16,"outputs":64,"memo":true,"changed_possible_groups":16,"changed_guaranteed_groups":16,"nonconstant_readouts":48,"build_s":[0.014432917],"support_s":[0.000828375],"import_s":[0.013280792],"admission_s":[0.000322625],"join_only_s":[1.7083e-5],"fresh_s":[0.389996208],"fresh_group_s":[0.001001459],"fresh_readout_s":[0.388791],"fresh_compute_s":[0.389793083],"fresh_count_s":[0.000202917],"warm_s":[0.00027475],"warm_group_s":[1.7666e-5],"warm_readout_s":[9.6e-5],"warm_compute_s":[0.000114291],"warm_count_s":[0.000160375],"input_nodes":19801,"final_nodes":708405,"input_bytes_est":2137272,"final_bytes_est":83850668,"input_storage":{"layout":"slab","record_bytes":316816,"table_bytes":500048,"interner_bytes":566628,"metadata_bytes":158836,"cache_bytes":594944,"records":19801,"tables":10290,"logical_words":62506,"total_bytes_est":2137272},"final_storage":{"layout":"slab","record_bytes":20276224,"table_bytes":16001536,"interner_bytes":20666624,"metadata_bytes":10138540,"cache_bytes":16758784,"records":708405,"tables":160899,"logical_words":1000829,"total_bytes_est":83841708},"outer_memo_bytes":8960,"colt_bytes":14992,"checksum":12912164,"verified":true}
ok

test result: ok. 1 passed; 0 failed; 0 ignored; 0 measured; 1378 filtered out; finished in 10.78s


       10.78 real        10.71 user         0.06 sys
           309641216  maximum resident set size
                   0  average shared memory size
                   0  average unshared data size
                   0  average unshared stack size
               26866  page reclaims
                   0  page faults
                   0  swaps
                   0  block input operations
                   0  block output operations
                   0  messages sent
                   0  messages received
                   0  signals received
                   0  voluntary context switches
                 614  involuntary context switches
        128537334989  instructions retired
         35908880577  cycles elapsed
           306840296  peak memory footprint
