
running 1 test
test event_repr_lab::experiment ... EVENT_LAB {"kind":"readout_free_join","candidate":"prefix512","domain":"fibred","readout_family":"non-suffix","readout_faces":"x","hidden":8,"width":4,"bits":13,"worlds":8192,"admissible_worlds":3197,"environments":2,"rows":128,"groups":16,"outputs":64,"memo":false,"changed_possible_groups":16,"changed_guaranteed_groups":16,"nonconstant_readouts":48,"build_s":[0.00105325],"support_s":[0.000249334],"import_s":[0.000737666],"admission_s":[6.5917e-5],"join_only_s":[3.0084e-5],"fresh_s":[0.000541791],"fresh_group_s":[0.000156958],"fresh_readout_s":[0.000366583],"fresh_compute_s":[0.000524791],"fresh_count_s":[1.6917e-5],"warm_s":[5.1417e-5],"warm_group_s":[2.0833e-5],"warm_readout_s":[1.6583e-5],"warm_compute_s":[3.7708e-5],"warm_count_s":[1.3583e-5],"input_nodes":1094,"final_nodes":1718,"input_bytes_est":127268,"final_bytes_est":223716,"input_storage":{"layout":"slab","record_bytes":17504,"table_bytes":31320,"interner_bytes":34840,"metadata_bytes":9108,"cache_bytes":34496,"records":1094,"tables":1080,"logical_words":3915,"total_bytes_est":127268},"final_storage":{"layout":"slab","record_bytes":35008,"table_bytes":62640,"interner_bytes":39216,"metadata_bytes":17860,"cache_bytes":68992,"records":1718,"tables":1704,"logical_words":6410,"total_bytes_est":223716},"outer_memo_bytes":0,"colt_bytes":14992,"checksum":607690,"verified":true}
EVENT_LAB {"kind":"readout_free_join","candidate":"prefix512","domain":"fibred","readout_family":"non-suffix","readout_faces":"x","hidden":8,"width":4,"bits":13,"worlds":8192,"admissible_worlds":3197,"environments":2,"rows":128,"groups":16,"outputs":64,"memo":true,"changed_possible_groups":16,"changed_guaranteed_groups":16,"nonconstant_readouts":48,"build_s":[0.00105325],"support_s":[0.000249334],"import_s":[0.000737666],"admission_s":[6.5917e-5],"join_only_s":[3.0084e-5],"fresh_s":[0.000516709],"fresh_group_s":[0.000151833],"fresh_readout_s":[0.000351584],"fresh_compute_s":[0.000503584],"fresh_count_s":[1.3042e-5],"warm_s":[3.9958e-5],"warm_group_s":[1.1167e-5],"warm_readout_s":[1.5708e-5],"warm_compute_s":[2.7041e-5],"warm_count_s":[1.275e-5],"input_nodes":1094,"final_nodes":1718,"input_bytes_est":127268,"final_bytes_est":232676,"input_storage":{"layout":"slab","record_bytes":17504,"table_bytes":31320,"interner_bytes":34840,"metadata_bytes":9108,"cache_bytes":34496,"records":1094,"tables":1080,"logical_words":3915,"total_bytes_est":127268},"final_storage":{"layout":"slab","record_bytes":35008,"table_bytes":62640,"interner_bytes":39216,"metadata_bytes":17860,"cache_bytes":68992,"records":1718,"tables":1704,"logical_words":6410,"total_bytes_est":223716},"outer_memo_bytes":8960,"colt_bytes":14992,"checksum":607690,"verified":true}
EVENT_LAB {"kind":"readout_free_join","candidate":"prefix512","domain":"fibred","readout_family":"non-suffix","readout_faces":"x","hidden":32,"width":6,"bits":19,"worlds":524288,"admissible_worlds":301069,"environments":2,"rows":128,"groups":16,"outputs":64,"memo":false,"changed_possible_groups":16,"changed_guaranteed_groups":16,"nonconstant_readouts":48,"build_s":[0.01449575],"support_s":[0.000813],"import_s":[0.013365959],"admission_s":[0.000316125],"join_only_s":[1.7959e-5],"fresh_s":[0.003521875],"fresh_group_s":[0.001025042],"fresh_readout_s":[0.002364041],"fresh_compute_s":[0.003389333],"fresh_count_s":[0.000132458],"warm_s":[0.000220792],"warm_group_s":[3.0583e-5],"warm_readout_s":[4.9333e-5],"warm_compute_s":[8.0417e-5],"warm_count_s":[0.00014025],"input_nodes":19801,"final_nodes":24799,"input_bytes_est":2137272,"final_bytes_est":3344068,"input_storage":{"layout":"slab","record_bytes":316816,"table_bytes":500048,"interner_bytes":566628,"metadata_bytes":158836,"cache_bytes":594944,"records":19801,"tables":10290,"logical_words":62506,"total_bytes_est":2137272},"final_storage":{"layout":"slab","record_bytes":633632,"table_bytes":1000096,"interner_bytes":645832,"metadata_bytes":317244,"cache_bytes":747264,"records":24799,"tables":12957,"logical_words":76777,"total_bytes_est":3344068},"outer_memo_bytes":0,"colt_bytes":14992,"checksum":12912164,"verified":true}
EVENT_LAB {"kind":"readout_free_join","candidate":"prefix512","domain":"fibred","readout_family":"non-suffix","readout_faces":"x","hidden":32,"width":6,"bits":19,"worlds":524288,"admissible_worlds":301069,"environments":2,"rows":128,"groups":16,"outputs":64,"memo":true,"changed_possible_groups":16,"changed_guaranteed_groups":16,"nonconstant_readouts":48,"build_s":[0.01449575],"support_s":[0.000813],"import_s":[0.013365959],"admission_s":[0.000316125],"join_only_s":[1.7959e-5],"fresh_s":[0.003561666],"fresh_group_s":[0.001011209],"fresh_readout_s":[0.002415666],"fresh_compute_s":[0.003427458],"fresh_count_s":[0.000134083],"warm_s":[0.000216667],"warm_group_s":[2.3209e-5],"warm_readout_s":[5.2375e-5],"warm_compute_s":[7.6125e-5],"warm_count_s":[0.000140375],"input_nodes":19801,"final_nodes":24799,"input_bytes_est":2137272,"final_bytes_est":3353028,"input_storage":{"layout":"slab","record_bytes":316816,"table_bytes":500048,"interner_bytes":566628,"metadata_bytes":158836,"cache_bytes":594944,"records":19801,"tables":10290,"logical_words":62506,"total_bytes_est":2137272},"final_storage":{"layout":"slab","record_bytes":633632,"table_bytes":1000096,"interner_bytes":645832,"metadata_bytes":317244,"cache_bytes":747264,"records":24799,"tables":12957,"logical_words":76777,"total_bytes_est":3344068},"outer_memo_bytes":8960,"colt_bytes":14992,"checksum":12912164,"verified":true}
ok

test result: ok. 1 passed; 0 failed; 0 ignored; 0 measured; 1378 filtered out; finished in 10.91s


       10.91 real        10.84 user         0.05 sys
           194527232  maximum resident set size
                   0  average shared memory size
                   0  average unshared data size
                   0  average unshared stack size
               15733  page reclaims
                   0  page faults
                   0  swaps
                   0  block input operations
                   0  block output operations
                   0  messages sent
                   0  messages received
                   0  signals received
                   0  voluntary context switches
                 836  involuntary context switches
        130193967138  instructions retired
         36303406569  cycles elapsed
           191611456  peak memory footprint
