
running 1 test
test event_repr_lab::experiment ... EVENT_LAB {"kind":"readout_free_join","candidate":"prefix512","domain":"fibred","readout_family":"non-suffix","readout_faces":"x","hidden":8,"width":4,"bits":13,"worlds":8192,"admissible_worlds":3197,"environments":2,"rows":128,"groups":16,"outputs":64,"memo":false,"changed_possible_groups":16,"changed_guaranteed_groups":16,"nonconstant_readouts":48,"build_s":[0.001014625],"support_s":[0.000244708],"import_s":[0.000698625],"admission_s":[7.0917e-5],"join_only_s":[3.125e-5],"fresh_s":[0.003024666],"fresh_group_s":[0.000161],"fresh_readout_s":[0.002844292],"fresh_compute_s":[0.003006666],"fresh_count_s":[1.7833e-5],"warm_s":[0.000240292],"warm_group_s":[1.4458e-5],"warm_readout_s":[0.000212875],"warm_compute_s":[0.000227458],"warm_count_s":[1.275e-5],"input_nodes":1045,"final_nodes":4987,"input_bytes_est":135928,"final_bytes_est":779396,"input_storage":{"layout":"slab","record_bytes":16720,"table_bytes":26120,"interner_bytes":34644,"metadata_bytes":8716,"cache_bytes":49728,"records":1045,"tables":1032,"logical_words":3265,"total_bytes_est":135928},"final_storage":{"layout":"slab","record_bytes":133760,"table_bytes":208960,"interner_bytes":155296,"metadata_bytes":67236,"cache_bytes":214144,"records":4987,"tables":4104,"logical_words":17727,"total_bytes_est":779396},"outer_memo_bytes":0,"colt_bytes":14992,"checksum":607690,"verified":true}
EVENT_LAB {"kind":"readout_free_join","candidate":"prefix512","domain":"fibred","readout_family":"non-suffix","readout_faces":"x","hidden":8,"width":4,"bits":13,"worlds":8192,"admissible_worlds":3197,"environments":2,"rows":128,"groups":16,"outputs":64,"memo":true,"changed_possible_groups":16,"changed_guaranteed_groups":16,"nonconstant_readouts":48,"build_s":[0.001014625],"support_s":[0.000244708],"import_s":[0.000698625],"admission_s":[7.0917e-5],"join_only_s":[3.125e-5],"fresh_s":[0.00298975],"fresh_group_s":[0.000148625],"fresh_readout_s":[0.002828666],"fresh_compute_s":[0.002977458],"fresh_count_s":[1.2208e-5],"warm_s":[0.000245333],"warm_group_s":[1.1458e-5],"warm_readout_s":[0.000220917],"warm_compute_s":[0.000232666],"warm_count_s":[1.2458e-5],"input_nodes":1045,"final_nodes":4987,"input_bytes_est":135928,"final_bytes_est":788356,"input_storage":{"layout":"slab","record_bytes":16720,"table_bytes":26120,"interner_bytes":34644,"metadata_bytes":8716,"cache_bytes":49728,"records":1045,"tables":1032,"logical_words":3265,"total_bytes_est":135928},"final_storage":{"layout":"slab","record_bytes":133760,"table_bytes":208960,"interner_bytes":155296,"metadata_bytes":67236,"cache_bytes":214144,"records":4987,"tables":4104,"logical_words":17727,"total_bytes_est":779396},"outer_memo_bytes":8960,"colt_bytes":14992,"checksum":607690,"verified":true}
EVENT_LAB {"kind":"readout_free_join","candidate":"prefix512","domain":"fibred","readout_family":"non-suffix","readout_faces":"x","hidden":32,"width":6,"bits":19,"worlds":524288,"admissible_worlds":301069,"environments":2,"rows":128,"groups":16,"outputs":64,"memo":false,"changed_possible_groups":16,"changed_guaranteed_groups":16,"nonconstant_readouts":48,"build_s":[0.010831625],"support_s":[0.000567583],"import_s":[0.009935375],"admission_s":[0.000328125],"join_only_s":[1.6083e-5],"fresh_s":[0.008825625],"fresh_group_s":[0.0012335],"fresh_readout_s":[0.007449375],"fresh_compute_s":[0.0086835],"fresh_count_s":[0.000142042],"warm_s":[0.000752334],"warm_group_s":[3e-5],"warm_readout_s":[0.000579416],"warm_compute_s":[0.000610042],"warm_count_s":[0.000142208],"input_nodes":15017,"final_nodes":31308,"input_bytes_est":1595464,"final_bytes_est":4336092,"input_storage":{"layout":"slab","record_bytes":240272,"table_bytes":274976,"interner_bytes":547492,"metadata_bytes":120564,"cache_bytes":412160,"records":15017,"tables":6591,"logical_words":34372,"total_bytes_est":1595464},"final_storage":{"layout":"slab","record_bytes":961088,"table_bytes":549952,"interner_bytes":1215120,"metadata_bytes":480972,"cache_bytes":1128960,"records":31308,"tables":10168,"logical_words":55260,"total_bytes_est":4336092},"outer_memo_bytes":0,"colt_bytes":14992,"checksum":12912164,"verified":true}
EVENT_LAB {"kind":"readout_free_join","candidate":"prefix512","domain":"fibred","readout_family":"non-suffix","readout_faces":"x","hidden":32,"width":6,"bits":19,"worlds":524288,"admissible_worlds":301069,"environments":2,"rows":128,"groups":16,"outputs":64,"memo":true,"changed_possible_groups":16,"changed_guaranteed_groups":16,"nonconstant_readouts":48,"build_s":[0.010831625],"support_s":[0.000567583],"import_s":[0.009935375],"admission_s":[0.000328125],"join_only_s":[1.6083e-5],"fresh_s":[0.009178417],"fresh_group_s":[0.001282875],"fresh_readout_s":[0.007754708],"fresh_compute_s":[0.009038792],"fresh_count_s":[0.000139417],"warm_s":[0.000745083],"warm_group_s":[1.85e-5],"warm_readout_s":[0.000582709],"warm_compute_s":[0.000601791],"warm_count_s":[0.000143208],"input_nodes":15017,"final_nodes":31308,"input_bytes_est":1595464,"final_bytes_est":4345052,"input_storage":{"layout":"slab","record_bytes":240272,"table_bytes":274976,"interner_bytes":547492,"metadata_bytes":120564,"cache_bytes":412160,"records":15017,"tables":6591,"logical_words":34372,"total_bytes_est":1595464},"final_storage":{"layout":"slab","record_bytes":961088,"table_bytes":549952,"interner_bytes":1215120,"metadata_bytes":480972,"cache_bytes":1128960,"records":31308,"tables":10168,"logical_words":55260,"total_bytes_est":4336092},"outer_memo_bytes":8960,"colt_bytes":14992,"checksum":12912164,"verified":true}
ok

test result: ok. 1 passed; 0 failed; 0 ignored; 0 measured; 1378 filtered out; finished in 17.90s


       17.90 real         8.59 user         0.05 sys
            40501248  maximum resident set size
                   0  average shared memory size
                   0  average unshared data size
                   0  average unshared stack size
                2687  page reclaims
                   0  page faults
                   0  swaps
                   0  block input operations
                   0  block output operations
                   0  messages sent
                   0  messages received
                   0  signals received
                   0  voluntary context switches
                7779  involuntary context switches
        100353191103  instructions retired
         27336926999  cycles elapsed
            37470616  peak memory footprint
