
running 1 test
test event_repr_lab::experiment ... EVENT_LAB {"kind":"readout_free_join","candidate":"prefix512","domain":"fibred","readout_family":"non-suffix","readout_faces":"x","hidden":8,"width":4,"bits":13,"worlds":8192,"admissible_worlds":3197,"environments":2,"rows":128,"groups":16,"outputs":64,"memo":false,"changed_possible_groups":16,"changed_guaranteed_groups":16,"nonconstant_readouts":48,"build_s":[0.001073292],"support_s":[0.000251667],"import_s":[0.000750167],"admission_s":[7.1042e-5],"join_only_s":[3.25e-5],"fresh_s":[0.000660709],"fresh_group_s":[0.000170875],"fresh_readout_s":[0.000469041],"fresh_compute_s":[0.0006415],"fresh_count_s":[1.9125e-5],"warm_s":[5.1416e-5],"warm_group_s":[2.0667e-5],"warm_readout_s":[1.6667e-5],"warm_compute_s":[3.7791e-5],"warm_count_s":[1.3542e-5],"input_nodes":1094,"final_nodes":1736,"input_bytes_est":127268,"final_bytes_est":223716,"input_storage":{"layout":"slab","record_bytes":17504,"table_bytes":31320,"interner_bytes":34840,"metadata_bytes":9108,"cache_bytes":34496,"records":1094,"tables":1080,"logical_words":3915,"total_bytes_est":127268},"final_storage":{"layout":"slab","record_bytes":35008,"table_bytes":62640,"interner_bytes":39216,"metadata_bytes":17860,"cache_bytes":68992,"records":1736,"tables":1722,"logical_words":7310,"total_bytes_est":223716},"outer_memo_bytes":0,"colt_bytes":14992,"checksum":607690,"verified":true}
EVENT_LAB {"kind":"readout_free_join","candidate":"prefix512","domain":"fibred","readout_family":"non-suffix","readout_faces":"x","hidden":8,"width":4,"bits":13,"worlds":8192,"admissible_worlds":3197,"environments":2,"rows":128,"groups":16,"outputs":64,"memo":true,"changed_possible_groups":16,"changed_guaranteed_groups":16,"nonconstant_readouts":48,"build_s":[0.001073292],"support_s":[0.000251667],"import_s":[0.000750167],"admission_s":[7.1042e-5],"join_only_s":[3.25e-5],"fresh_s":[0.000638458],"fresh_group_s":[0.000165875],"fresh_readout_s":[0.000456292],"fresh_compute_s":[0.000625625],"fresh_count_s":[1.275e-5],"warm_s":[4.8667e-5],"warm_group_s":[1.4833e-5],"warm_readout_s":[1.725e-5],"warm_compute_s":[3.2458e-5],"warm_count_s":[1.6125e-5],"input_nodes":1094,"final_nodes":1736,"input_bytes_est":127268,"final_bytes_est":232676,"input_storage":{"layout":"slab","record_bytes":17504,"table_bytes":31320,"interner_bytes":34840,"metadata_bytes":9108,"cache_bytes":34496,"records":1094,"tables":1080,"logical_words":3915,"total_bytes_est":127268},"final_storage":{"layout":"slab","record_bytes":35008,"table_bytes":62640,"interner_bytes":39216,"metadata_bytes":17860,"cache_bytes":68992,"records":1736,"tables":1722,"logical_words":7310,"total_bytes_est":223716},"outer_memo_bytes":8960,"colt_bytes":14992,"checksum":607690,"verified":true}
EVENT_LAB {"kind":"readout_free_join","candidate":"prefix512","domain":"fibred","readout_family":"non-suffix","readout_faces":"x","hidden":32,"width":6,"bits":19,"worlds":524288,"admissible_worlds":301069,"environments":2,"rows":128,"groups":16,"outputs":64,"memo":false,"changed_possible_groups":16,"changed_guaranteed_groups":16,"nonconstant_readouts":48,"build_s":[0.014807208],"support_s":[0.0008365],"import_s":[0.01364625],"admission_s":[0.000323792],"join_only_s":[1.7958e-5],"fresh_s":[0.012924958],"fresh_group_s":[0.001045791],"fresh_readout_s":[0.011727584],"fresh_compute_s":[0.012773625],"fresh_count_s":[0.00015125],"warm_s":[0.000228791],"warm_group_s":[3.1875e-5],"warm_readout_s":[4.3916e-5],"warm_compute_s":[7.6291e-5],"warm_count_s":[0.000152375],"input_nodes":19801,"final_nodes":37611,"input_bytes_est":2137272,"final_bytes_est":4318916,"input_storage":{"layout":"slab","record_bytes":316816,"table_bytes":500048,"interner_bytes":566628,"metadata_bytes":158836,"cache_bytes":594944,"records":19801,"tables":10290,"logical_words":62506,"total_bytes_est":2137272},"final_storage":{"layout":"slab","record_bytes":633632,"table_bytes":1000096,"interner_bytes":1133256,"metadata_bytes":317244,"cache_bytes":1234688,"records":37611,"tables":19206,"logical_words":120198,"total_bytes_est":4318916},"outer_memo_bytes":0,"colt_bytes":14992,"checksum":12912164,"verified":true}
EVENT_LAB {"kind":"readout_free_join","candidate":"prefix512","domain":"fibred","readout_family":"non-suffix","readout_faces":"x","hidden":32,"width":6,"bits":19,"worlds":524288,"admissible_worlds":301069,"environments":2,"rows":128,"groups":16,"outputs":64,"memo":true,"changed_possible_groups":16,"changed_guaranteed_groups":16,"nonconstant_readouts":48,"build_s":[0.014807208],"support_s":[0.0008365],"import_s":[0.01364625],"admission_s":[0.000323792],"join_only_s":[1.7958e-5],"fresh_s":[0.012614375],"fresh_group_s":[0.001038459],"fresh_readout_s":[0.011437916],"fresh_compute_s":[0.012477209],"fresh_count_s":[0.000137042],"warm_s":[0.00021525],"warm_group_s":[1.7709e-5],"warm_readout_s":[4.5959e-5],"warm_compute_s":[6.4042e-5],"warm_count_s":[0.000151125],"input_nodes":19801,"final_nodes":37611,"input_bytes_est":2137272,"final_bytes_est":4327876,"input_storage":{"layout":"slab","record_bytes":316816,"table_bytes":500048,"interner_bytes":566628,"metadata_bytes":158836,"cache_bytes":594944,"records":19801,"tables":10290,"logical_words":62506,"total_bytes_est":2137272},"final_storage":{"layout":"slab","record_bytes":633632,"table_bytes":1000096,"interner_bytes":1133256,"metadata_bytes":317244,"cache_bytes":1234688,"records":37611,"tables":19206,"logical_words":120198,"total_bytes_est":4318916},"outer_memo_bytes":8960,"colt_bytes":14992,"checksum":12912164,"verified":true}
ok

test result: ok. 1 passed; 0 failed; 0 ignored; 0 measured; 1378 filtered out; finished in 10.86s


       10.86 real        10.78 user         0.06 sys
           188203008  maximum resident set size
                   0  average shared memory size
                   0  average unshared data size
                   0  average unshared stack size
               16874  page reclaims
                   0  page faults
                   0  swaps
                   0  block input operations
                   0  block output operations
                   0  messages sent
                   0  messages received
                   0  signals received
                   0  voluntary context switches
                 587  involuntary context switches
        130828970651  instructions retired
         36183187681  cycles elapsed
           185303616  peak memory footprint
