
running 1 test
test event_repr_lab::experiment ... EVENT_LAB {"kind":"modal_free_join","candidate":"bdd-anchored","bits":12,"worlds":4096,"rows":128,"groups":16,"memo":false,"build_s":[0.000560875, 0.000567583, 0.000502167, 0.000513208, 0.000497916, 0.000499459, 0.00050525, 0.000505958, 0.000530917, 0.000554833, 0.000577917],"join_only_s":[4.0208e-5, 1.1292e-5, 6.416e-6, 6.542e-6, 5.834e-6, 5e-6, 4.959e-6, 5e-6, 4.958e-6, 5.042e-6, 5.167e-6],"fresh_s":[0.001097917, 0.000963375, 0.001011708, 0.000928917, 0.000917333, 0.000911167, 0.000933042, 0.000934583, 0.001107791, 0.00114275, 0.0010485],"warm_s":[0.000869884125, 0.0008539505, 0.00085460546875, 0.00087089190625, 0.00088976953125, 0.00086122528125, 0.0008508489375, 0.00084105728125, 0.0008331575625, 0.00084186065625, 0.00084978125],"input_bytes_est":22624,"final_bytes_est":101024,"final_nodes":968,"checksum":17920,"verified":true}
EVENT_LAB {"kind":"modal_free_join","candidate":"bdd-anchored","bits":12,"worlds":4096,"rows":128,"groups":16,"memo":true,"build_s":[0.000560875, 0.000567583, 0.000502167, 0.000513208, 0.000497916, 0.000499459, 0.00050525, 0.000505958, 0.000530917, 0.000554833, 0.000577917],"join_only_s":[4.0208e-5, 1.1292e-5, 6.416e-6, 6.542e-6, 5.834e-6, 5e-6, 4.959e-6, 5e-6, 4.958e-6, 5.042e-6, 5.167e-6],"fresh_s":[0.000291084, 0.000281792, 0.000270959, 0.000263959, 0.000261333, 0.000318708, 0.000332041, 0.000313875, 0.000307791, 0.000284916, 0.000276875],"warm_s":[9.035288330078125e-6, 9.04076123046875e-6, 8.950734375e-6, 8.963114501953124e-6, 8.9934794921875e-6, 9.4505107421875e-6, 9.12727880859375e-6, 9.00074267578125e-6, 9.224090576171875e-6, 9.22412109375e-6, 9.253153564453125e-6],"input_bytes_est":22624,"final_bytes_est":110880,"final_nodes":968,"checksum":17920,"verified":true}
EVENT_LAB {"kind":"modal_free_join","candidate":"bdd-anchored","bits":18,"worlds":262144,"rows":128,"groups":16,"memo":false,"build_s":[0.027535, 0.027340083, 0.02689425, 0.027373708, 0.027077292, 0.02716575, 0.027179, 0.026314125, 0.027289291, 0.027107334, 0.02678075],"join_only_s":[8.375e-6, 5.084e-6, 4.958e-6, 4.875e-6, 5e-6, 5e-6, 4.916e-6, 4.917e-6, 4.875e-6, 4.917e-6, 4.916e-6],"fresh_s":[0.005282167, 0.00540825, 0.005593708, 0.005369875, 0.005471125, 0.005285541, 0.005788917, 0.005640709, 0.005650208, 0.005248333, 0.005516708],"warm_s":[0.004777364625, 0.004774958375, 0.00476622925, 0.0047958125, 0.004765104125, 0.00476730725, 0.004777864625, 0.004759911375, 0.004938958375, 0.004902161375, 0.004898104125],"input_bytes_est":90208,"final_bytes_est":493664,"final_nodes":5030,"checksum":19873792,"verified":true}
EVENT_LAB {"kind":"modal_free_join","candidate":"bdd-anchored","bits":18,"worlds":262144,"rows":128,"groups":16,"memo":true,"build_s":[0.027535, 0.027340083, 0.02689425, 0.027373708, 0.027077292, 0.02716575, 0.027179, 0.026314125, 0.027289291, 0.027107334, 0.02678075],"join_only_s":[8.375e-6, 5.084e-6, 4.958e-6, 4.875e-6, 5e-6, 5e-6, 4.916e-6, 4.917e-6, 4.875e-6, 4.917e-6, 4.916e-6],"fresh_s":[0.00154725, 0.001555875, 0.001575083, 0.001578708, 0.001578292, 0.001443083, 0.00140825, 0.001448333, 0.001537083, 0.001508291, 0.001476375],"warm_s":[1.32678427734375e-5, 1.326025390625e-5, 1.29236650390625e-5, 1.304156494140625e-5, 1.332149267578125e-5, 1.358072900390625e-5, 1.325038623046875e-5, 1.317557763671875e-5, 1.319864892578125e-5, 1.31708173828125e-5, 1.297823095703125e-5],"input_bytes_est":90208,"final_bytes_est":503520,"final_nodes":5030,"checksum":19873792,"verified":true}
ok

test result: ok. 1 passed; 0 failed; 0 ignored; 0 measured; 1360 filtered out; finished in 2.47s


        2.47 real         2.41 user         0.04 sys
             9895936  maximum resident set size
                   0  average shared memory size
                   0  average unshared data size
                   0  average unshared stack size
                 817  page reclaims
                   0  page faults
                   0  swaps
                   0  block input operations
                   0  block output operations
                   0  messages sent
                   0  messages received
                   0  signals received
                   0  voluntary context switches
                 809  involuntary context switches
         39667903886  instructions retired
          8315483877  cycles elapsed
             7340392  peak memory footprint
