
running 1 test
test event_repr_lab::experiment ... EVENT_LAB {"kind":"modal_free_join","candidate":"runs","bits":12,"worlds":4096,"rows":128,"groups":16,"memo":false,"build_s":[0.000122583, 0.000116833, 0.000100416, 0.0001115, 9.7209e-5, 9.8333e-5, 9.8084e-5, 9.8083e-5, 9.7375e-5, 9.9042e-5, 9.7083e-5],"join_only_s":[2.4e-5, 5.042e-6, 4.959e-6, 4.917e-6, 4.917e-6, 4.916e-6, 4.875e-6, 4.875e-6, 4.917e-6, 4.875e-6, 4.875e-6],"fresh_s":[0.005122291, 0.005208458, 0.004961792, 0.005331334, 0.005054459, 0.005079916, 0.005218542, 0.005108, 0.005243666, 0.005459958, 0.005350542],"warm_s":[0.00524595825, 0.00526053125, 0.00520936475, 0.00520161475, 0.00509236475, 0.0051241355, 0.00519430225, 0.00517879175, 0.0050953125, 0.005117125, 0.00515927075],"input_bytes_est":20656,"final_bytes_est":530520,"final_nodes":205,"checksum":17920,"verified":true}
EVENT_LAB {"kind":"modal_free_join","candidate":"runs","bits":12,"worlds":4096,"rows":128,"groups":16,"memo":true,"build_s":[0.000122583, 0.000116833, 0.000100416, 0.0001115, 9.7209e-5, 9.8333e-5, 9.8084e-5, 9.8083e-5, 9.7375e-5, 9.9042e-5, 9.7083e-5],"join_only_s":[2.4e-5, 5.042e-6, 4.959e-6, 4.917e-6, 4.917e-6, 4.916e-6, 4.875e-6, 4.875e-6, 4.917e-6, 4.875e-6, 4.875e-6],"fresh_s":[0.001685958, 0.001622166, 0.001558917, 0.001564166, 0.001591667, 0.001561916, 0.001752167, 0.001705417, 0.00167175, 0.001618167, 0.001602041],"warm_s":[8.51551318359375e-6, 8.59386181640625e-6, 8.471537109375e-6, 8.75926708984375e-6, 8.6281025390625e-6, 8.62872314453125e-6, 8.604471923828125e-6, 8.4951884765625e-6, 8.46124267578125e-6, 8.456491943359375e-6, 8.490092041015626e-6],"input_bytes_est":20656,"final_bytes_est":540376,"final_nodes":205,"checksum":17920,"verified":true}
EVENT_LAB {"kind":"modal_free_join","candidate":"runs","bits":18,"worlds":262144,"rows":128,"groups":16,"memo":false,"build_s":[0.004612667, 0.005251417, 0.004749625, 0.004707083, 0.004735084, 0.004778, 0.004627958, 0.004744208, 0.004630542, 0.004805042, 0.004779541],"join_only_s":[9.708e-6, 5.291e-6, 5.25e-6, 5.209e-6, 5.209e-6, 5.291e-6, 5.209e-6, 5.167e-6, 5.167e-6, 5.208e-6, 5.25e-6],"fresh_s":[0.189690708, 0.193257708, 0.185854708, 0.191238625, 0.183232791, 0.194643458, 0.18583225, 0.193389791, 0.188854292, 0.192554, 0.189321209],"warm_s":[0.19037325, 0.193453958, 0.18919525, 0.18955375, 0.18819275, 0.212029791, 0.283926834, 0.219380125, 0.188557375, 0.18869275, 0.187047375],"input_bytes_est":304816,"final_bytes_est":16587040,"final_nodes":216,"checksum":19873792,"verified":true}
EVENT_LAB {"kind":"modal_free_join","candidate":"runs","bits":18,"worlds":262144,"rows":128,"groups":16,"memo":true,"build_s":[0.004612667, 0.005251417, 0.004749625, 0.004707083, 0.004735084, 0.004778, 0.004627958, 0.004744208, 0.004630542, 0.004805042, 0.004779541],"join_only_s":[9.708e-6, 5.291e-6, 5.25e-6, 5.209e-6, 5.209e-6, 5.291e-6, 5.209e-6, 5.167e-6, 5.167e-6, 5.208e-6, 5.25e-6],"fresh_s":[0.052743083, 0.054756083, 0.052860625, 0.053995, 0.052773333, 0.053973125, 0.05222625, 0.053934084, 0.051998667, 0.053501791, 0.051854042],"warm_s":[2.2913412109375e-5, 2.28668212890625e-5, 2.32627763671875e-5, 2.360770703125e-5, 2.329561328125e-5, 2.3744099609375e-5, 2.35621337890625e-5, 2.35128984375e-5, 2.37867021484375e-5, 2.40630693359375e-5, 2.39024658203125e-5],"input_bytes_est":304816,"final_bytes_est":16596896,"final_nodes":216,"checksum":19873792,"verified":true}
ok

test result: ok. 1 passed; 0 failed; 0 ignored; 0 measured; 1360 filtered out; finished in 6.36s


        6.36 real         6.19 user         0.11 sys
            71532544  maximum resident set size
                   0  average shared memory size
                   0  average unshared data size
                   0  average unshared stack size
                4578  page reclaims
                   0  page faults
                   0  swaps
                   0  block input operations
                   0  block output operations
                   0  messages sent
                   0  messages received
                   0  signals received
                   0  voluntary context switches
                3284  involuntary context switches
         95829143592  instructions retired
         20920309091  cycles elapsed
            69026200  peak memory footprint
