
running 1 test
test event_repr_lab::experiment ... EVENT_LAB {"kind":"modal_free_join","candidate":"bdd-pair","bits":12,"worlds":4096,"rows":128,"groups":16,"memo":false,"build_s":[0.000536208, 0.000515209, 0.000503125, 0.000514959, 0.000499417, 0.0004975, 0.000505625, 0.000511875, 0.000511292, 0.000506541, 0.000509792],"join_only_s":[2.7208e-5, 5.291e-6, 5.167e-6, 5.083e-6, 1.0375e-5, 1.1083e-5, 6.709e-6, 5.291e-6, 5.167e-6, 5.125e-6, 5.125e-6],"fresh_s":[0.0012695, 0.001018167, 0.000984625, 0.000907417, 0.000925125, 0.000916084, 0.000943916, 0.0010865, 0.001019417, 0.000964708, 0.000983583],"warm_s":[0.00086691275, 0.0008647018125, 0.00085458853125, 0.0008614518125, 0.00086310028125, 0.000858990875, 0.000852553375, 0.00086300259375, 0.0008504609375, 0.00085631121875, 0.00086493359375],"input_bytes_est":23456,"final_bytes_est":107904,"final_nodes":968,"checksum":17920,"verified":true}
EVENT_LAB {"kind":"modal_free_join","candidate":"bdd-pair","bits":12,"worlds":4096,"rows":128,"groups":16,"memo":true,"build_s":[0.000536208, 0.000515209, 0.000503125, 0.000514959, 0.000499417, 0.0004975, 0.000505625, 0.000511875, 0.000511292, 0.000506541, 0.000509792],"join_only_s":[2.7208e-5, 5.291e-6, 5.167e-6, 5.083e-6, 1.0375e-5, 1.1083e-5, 6.709e-6, 5.291e-6, 5.167e-6, 5.125e-6, 5.125e-6],"fresh_s":[0.000298667, 0.000276166, 0.0002795, 0.000295625, 0.000271125, 0.000275209, 0.000266417, 0.0002555, 0.000259417, 0.000261958, 0.000259625],"warm_s":[8.924641845703126e-6, 9.096527099609374e-6, 9.010385986328125e-6, 9.04203271484375e-6, 9.03759765625e-6, 8.96973681640625e-6, 8.988525390625e-6, 8.938059326171876e-6, 8.94132470703125e-6, 8.922556396484376e-6, 9.011311767578124e-6],"input_bytes_est":23456,"final_bytes_est":117760,"final_nodes":968,"checksum":17920,"verified":true}
EVENT_LAB {"kind":"modal_free_join","candidate":"bdd-pair","bits":18,"worlds":262144,"rows":128,"groups":16,"memo":false,"build_s":[0.027178959, 0.02713575, 0.026859375, 0.026687292, 0.0266905, 0.026344541, 0.026572917, 0.026390708, 0.026351916, 0.026359708, 0.026522791],"join_only_s":[8.792e-6, 5e-6, 4.916e-6, 4.917e-6, 4.875e-6, 4.875e-6, 4.917e-6, 4.916e-6, 4.875e-6, 4.875e-6, 4.875e-6],"fresh_s":[0.005303625, 0.005422167, 0.005123, 0.005173875, 0.005333917, 0.005166625, 0.005099, 0.005199334, 0.005295917, 0.005816625, 0.005853833],"warm_s":[0.004969901, 0.00479652075, 0.004678328125, 0.004735526125, 0.0047213385, 0.00475105725, 0.004751734375, 0.004838265625, 0.004834864625, 0.004845328125, 0.00485474475],"input_bytes_est":91040,"final_bytes_est":500544,"final_nodes":5030,"checksum":19873792,"verified":true}
EVENT_LAB {"kind":"modal_free_join","candidate":"bdd-pair","bits":18,"worlds":262144,"rows":128,"groups":16,"memo":true,"build_s":[0.027178959, 0.02713575, 0.026859375, 0.026687292, 0.0266905, 0.026344541, 0.026572917, 0.026390708, 0.026351916, 0.026359708, 0.026522791],"join_only_s":[8.792e-6, 5e-6, 4.916e-6, 4.917e-6, 4.875e-6, 4.875e-6, 4.917e-6, 4.916e-6, 4.875e-6, 4.875e-6, 4.875e-6],"fresh_s":[0.001437083, 0.001463708, 0.001504542, 0.001512625, 0.001529958, 0.001392042, 0.001420458, 0.001557083, 0.001480375, 0.001509834, 0.001511083],"warm_s":[1.3054830078125e-5, 1.300014208984375e-5, 1.32026162109375e-5, 1.3251078125e-5, 1.29763994140625e-5, 1.2855326171875e-5, 1.311376953125e-5, 1.310487841796875e-5, 1.305507373046875e-5, 1.285884619140625e-5, 1.31270751953125e-5],"input_bytes_est":91040,"final_bytes_est":510400,"final_nodes":5030,"checksum":19873792,"verified":true}
ok

test result: ok. 1 passed; 0 failed; 0 ignored; 0 measured; 1360 filtered out; finished in 2.42s


        2.42 real         2.36 user         0.05 sys
             9486336  maximum resident set size
                   0  average shared memory size
                   0  average unshared data size
                   0  average unshared stack size
                 792  page reclaims
                   0  page faults
                   0  swaps
                   0  block input operations
                   0  block output operations
                   0  messages sent
                   0  messages received
                   0  signals received
                   0  voluntary context switches
                 798  involuntary context switches
         39558262114  instructions retired
          8162144901  cycles elapsed
             6963584  peak memory footprint
