
running 1 test
test event_repr_lab::experiment ... EVENT_LAB {"kind":"modal_free_join","candidate":"roaring","bits":12,"worlds":4096,"rows":128,"groups":16,"memo":false,"build_s":[0.000473083, 0.00044325, 0.000442541, 0.00044525, 0.00043825, 0.000448375, 0.000449875, 0.00043825, 0.000442875, 0.000515708, 0.000439125],"join_only_s":[2.125e-5, 5.167e-6, 5e-6, 4.959e-6, 5.042e-6, 4.958e-6, 5e-6, 4.959e-6, 5.041e-6, 4.959e-6, 5e-6],"fresh_s":[0.009520666, 0.009334458, 0.009252916, 0.009442459, 0.009453834, 0.009409667, 0.009345042, 0.009119417, 0.009412167, 0.00947425, 0.009409583],"warm_s":[0.0091474895, 0.00924715625, 0.00920921875, 0.0092881875, 0.00939792725, 0.009450354, 0.00934878125, 0.0094332395, 0.0093327915, 0.00940746875, 0.00942795825],"input_bytes_est":177200,"final_bytes_est":986288,"final_nodes":205,"checksum":17920,"verified":true}
EVENT_LAB {"kind":"modal_free_join","candidate":"roaring","bits":12,"worlds":4096,"rows":128,"groups":16,"memo":true,"build_s":[0.000473083, 0.00044325, 0.000442541, 0.00044525, 0.00043825, 0.000448375, 0.000449875, 0.00043825, 0.000442875, 0.000515708, 0.000439125],"join_only_s":[2.125e-5, 5.167e-6, 5e-6, 4.959e-6, 5.042e-6, 4.958e-6, 5e-6, 4.959e-6, 5.041e-6, 4.959e-6, 5e-6],"fresh_s":[0.002533959, 0.002546666, 0.002491708, 0.002347916, 0.002490875, 0.002512125, 0.002396792, 0.002371125, 0.002599042, 0.0024625, 0.002365584],"warm_s":[8.48475146484375e-6, 8.458547119140624e-6, 8.390309814453126e-6, 8.47901416015625e-6, 8.363718505859376e-6, 8.337839599609375e-6, 8.494720458984376e-6, 8.39306640625e-6, 8.47075390625e-6, 8.45799755859375e-6, 8.419464111328125e-6],"input_bytes_est":177200,"final_bytes_est":996144,"final_nodes":205,"checksum":17920,"verified":true}
EVENT_LAB {"kind":"modal_free_join","candidate":"roaring","bits":18,"worlds":262144,"rows":128,"groups":16,"memo":false,"build_s":[0.007612125, 0.007550708, 0.007570375, 0.007513333, 0.007407125, 0.007189041, 0.007136875, 0.007229084, 0.007444625, 0.007489666, 0.007432041],"join_only_s":[8.791e-6, 5.083e-6, 5e-6, 5.041e-6, 5e-6, 5e-6, 5.042e-6, 5.042e-6, 5e-6, 5e-6, 5.042e-6],"fresh_s":[0.182500708, 0.18149325, 0.183476791, 0.182156042, 0.183506208, 0.183521208, 0.183256542, 0.17897825, 0.177561708, 0.177827083, 0.182229375],"warm_s":[0.191557792, 0.190928375, 0.190478042, 0.1891945, 0.185962375, 0.188343, 0.190870792, 0.190792542, 0.190752834, 0.190537125, 0.191275833],"input_bytes_est":1666544,"final_bytes_est":27387032,"final_nodes":216,"checksum":19873792,"verified":true}
EVENT_LAB {"kind":"modal_free_join","candidate":"roaring","bits":18,"worlds":262144,"rows":128,"groups":16,"memo":true,"build_s":[0.007612125, 0.007550708, 0.007570375, 0.007513333, 0.007407125, 0.007189041, 0.007136875, 0.007229084, 0.007444625, 0.007489666, 0.007432041],"join_only_s":[8.791e-6, 5.083e-6, 5e-6, 5.041e-6, 5e-6, 5e-6, 5.042e-6, 5.042e-6, 5e-6, 5e-6, 5.042e-6],"fresh_s":[0.045579292, 0.045126167, 0.045024583, 0.04463875, 0.044810292, 0.045520166, 0.044931084, 0.045095292, 0.044885833, 0.044969375, 0.045666875],"warm_s":[8.734344482421875e-6, 8.72553515625e-6, 8.728139404296875e-6, 8.811391357421875e-6, 8.91292333984375e-6, 8.892832275390625e-6, 8.797444580078125e-6, 8.926300048828125e-6, 8.921213623046874e-6, 8.861562255859374e-6, 8.87980126953125e-6],"input_bytes_est":1666544,"final_bytes_est":27396888,"final_nodes":216,"checksum":19873792,"verified":true}
ok

test result: ok. 1 passed; 0 failed; 0 ignored; 0 measured; 1360 filtered out; finished in 6.49s


        6.49 real         6.32 user         0.15 sys
            21725184  maximum resident set size
                   0  average shared memory size
                   0  average unshared data size
                   0  average unshared stack size
                1538  page reclaims
                   0  page faults
                   0  swaps
                   0  block input operations
                   0  block output operations
                   0  messages sent
                   0  messages received
                   0  signals received
                   0  voluntary context switches
                2143  involuntary context switches
        119304188937  instructions retired
         21879228896  cycles elapsed
            19136896  peak memory footprint
