
running 1 test
test event_repr_lab::experiment ... EVENT_LAB {"kind":"modal_free_join","candidate":"mdd4-pair","bits":12,"worlds":4096,"rows":128,"groups":16,"memo":false,"build_s":[0.000331833, 0.000330208, 0.000319459, 0.000313084, 0.000316834, 0.000309584, 0.000316458, 0.000308708, 0.00030525, 0.00032325, 0.000316208],"join_only_s":[1.3167e-5, 5.333e-6, 5.125e-6, 5.167e-6, 5.167e-6, 5.167e-6, 5.167e-6, 5.125e-6, 5.125e-6, 5.125e-6, 5.625e-6],"fresh_s":[0.001074416, 0.001079042, 0.000980584, 0.00099775, 0.000900792, 0.001010166, 0.000954292, 0.000924417, 0.000966375, 0.0009815, 0.00093025],"warm_s":[0.00087582290625, 0.000863446625, 0.00085283203125, 0.0008348138125, 0.00085375259375, 0.000855884125, 0.00085391925, 0.00085234115625, 0.0008640625, 0.0008587330625, 0.00085648696875],"input_bytes_est":19872,"final_bytes_est":92864,"final_nodes":558,"checksum":17920,"verified":true}
EVENT_LAB {"kind":"modal_free_join","candidate":"mdd4-pair","bits":12,"worlds":4096,"rows":128,"groups":16,"memo":true,"build_s":[0.000331833, 0.000330208, 0.000319459, 0.000313084, 0.000316834, 0.000309584, 0.000316458, 0.000308708, 0.00030525, 0.00032325, 0.000316208],"join_only_s":[1.3167e-5, 5.333e-6, 5.125e-6, 5.167e-6, 5.167e-6, 5.167e-6, 5.167e-6, 5.125e-6, 5.125e-6, 5.125e-6, 5.625e-6],"fresh_s":[0.00029, 0.000335084, 0.00026725, 0.000263917, 0.000242417, 0.000252458, 0.000260542, 0.00027275, 0.000260917, 0.000231875, 0.000233833],"warm_s":[8.61229443359375e-6, 8.639628173828124e-6, 8.635335205078124e-6, 8.44134521484375e-6, 8.694081787109374e-6, 8.518402099609376e-6, 8.52410888671875e-6, 8.62071728515625e-6, 8.714864013671876e-6, 8.776702880859375e-6, 8.6774189453125e-6],"input_bytes_est":19872,"final_bytes_est":102720,"final_nodes":558,"checksum":17920,"verified":true}
EVENT_LAB {"kind":"modal_free_join","candidate":"mdd4-pair","bits":18,"worlds":262144,"rows":128,"groups":16,"memo":false,"build_s":[0.018101333, 0.018509708, 0.018391291, 0.018693708, 0.018738584, 0.018103125, 0.018606041, 0.018582709, 0.018569833, 0.018665667, 0.018477708],"join_only_s":[8.625e-6, 5.083e-6, 5.042e-6, 5e-6, 5e-6, 1.8666e-5, 6.333e-6, 5.209e-6, 5.209e-6, 5.375e-6, 6.333e-6],"fresh_s":[0.0052905, 0.004805334, 0.005117958, 0.005067375, 0.004914875, 0.004844625, 0.004918708, 0.005136167, 0.004716458, 0.004855958, 0.00485675],"warm_s":[0.004392614625, 0.004354458375, 0.004367802125, 0.0043959115, 0.00440219275, 0.004435390625, 0.004506526, 0.004522828125, 0.004529916625, 0.00452500525, 0.00450929175],"input_bytes_est":76704,"final_bytes_est":439872,"final_nodes":2733,"checksum":19873792,"verified":true}
EVENT_LAB {"kind":"modal_free_join","candidate":"mdd4-pair","bits":18,"worlds":262144,"rows":128,"groups":16,"memo":true,"build_s":[0.018101333, 0.018509708, 0.018391291, 0.018693708, 0.018738584, 0.018103125, 0.018606041, 0.018582709, 0.018569833, 0.018665667, 0.018477708],"join_only_s":[8.625e-6, 5.083e-6, 5.042e-6, 5e-6, 5e-6, 1.8666e-5, 6.333e-6, 5.209e-6, 5.209e-6, 5.375e-6, 6.333e-6],"fresh_s":[0.001292625, 0.001268209, 0.001164708, 0.001212875, 0.00122575, 0.001212583, 0.001221167, 0.001316208, 0.001320292, 0.00124225, 0.001192709],"warm_s":[1.10509033203125e-5, 1.100254345703125e-5, 1.0941365234375e-5, 1.086625146484375e-5, 1.11915283203125e-5, 1.121075439453125e-5, 1.1215046875e-5, 1.098225927734375e-5, 1.0988525390625e-5, 1.130680322265625e-5, 1.1072998046875e-5],"input_bytes_est":76704,"final_bytes_est":449728,"final_nodes":2733,"checksum":19873792,"verified":true}
ok

test result: ok. 1 passed; 0 failed; 0 ignored; 0 measured; 1360 filtered out; finished in 2.07s


        2.07 real         2.02 user         0.04 sys
             9568256  maximum resident set size
                   0  average shared memory size
                   0  average unshared data size
                   0  average unshared stack size
                 796  page reclaims
                   0  page faults
                   0  swaps
                   0  block input operations
                   0  block output operations
                   0  messages sent
                   0  messages received
                   0  signals received
                   0  voluntary context switches
                 694  involuntary context switches
         35515701794  instructions retired
          6956641766  cycles elapsed
             7045504  peak memory footprint
