
running 1 test
test event_repr_lab::experiment ... EVENT_LAB {"kind":"readout_free_join","candidate":"retraction64","domain":"fibred","readout_family":"non-suffix","readout_faces":"x","hidden":8,"width":4,"bits":13,"worlds":8192,"admissible_worlds":3197,"environments":2,"rows":128,"groups":16,"outputs":64,"memo":false,"changed_possible_groups":16,"changed_guaranteed_groups":16,"nonconstant_readouts":48,"build_s":[0.002672292],"support_s":[0.000274],"import_s":[0.002324292],"admission_s":[7.3625e-5],"join_only_s":[2.7375e-5],"fresh_s":[0.024600167],"fresh_group_s":[0.000550334],"fresh_readout_s":[0.023947458],"fresh_compute_s":[0.024499417],"fresh_count_s":[0.000100666],"warm_s":[0.000174958],"warm_group_s":[2.35e-5],"warm_readout_s":[6.175e-5],"warm_compute_s":[8.5291e-5],"warm_count_s":[8.95e-5],"input_nodes":4096,"final_nodes":42815,"input_bytes_est":426332,"final_bytes_est":4310212,"input_storage":{"layout":"slab","record_bytes":65536,"table_bytes":17944,"interner_bytes":138240,"metadata_bytes":33028,"cache_bytes":171584,"records":4096,"tables":2243,"logical_words":2243,"total_bytes_est":426332},"final_storage":{"layout":"slab","record_bytes":1048576,"table_bytes":143552,"interner_bytes":1236992,"metadata_bytes":524548,"cache_bytes":1356544,"records":42815,"tables":12969,"logical_words":12969,"total_bytes_est":4310212},"outer_memo_bytes":0,"colt_bytes":14992,"checksum":607690,"verified":true}
EVENT_LAB {"kind":"readout_free_join","candidate":"retraction64","domain":"fibred","readout_family":"non-suffix","readout_faces":"x","hidden":8,"width":4,"bits":13,"worlds":8192,"admissible_worlds":3197,"environments":2,"rows":128,"groups":16,"outputs":64,"memo":true,"changed_possible_groups":16,"changed_guaranteed_groups":16,"nonconstant_readouts":48,"build_s":[0.002672292],"support_s":[0.000274],"import_s":[0.002324292],"admission_s":[7.3625e-5],"join_only_s":[2.7375e-5],"fresh_s":[0.0237755],"fresh_group_s":[0.000574625],"fresh_readout_s":[0.023115417],"fresh_compute_s":[0.02369025],"fresh_count_s":[8.5166e-5],"warm_s":[0.0001515],"warm_group_s":[1.025e-5],"warm_readout_s":[4.6333e-5],"warm_compute_s":[5.6667e-5],"warm_count_s":[9.475e-5],"input_nodes":4096,"final_nodes":42815,"input_bytes_est":426332,"final_bytes_est":4319172,"input_storage":{"layout":"slab","record_bytes":65536,"table_bytes":17944,"interner_bytes":138240,"metadata_bytes":33028,"cache_bytes":171584,"records":4096,"tables":2243,"logical_words":2243,"total_bytes_est":426332},"final_storage":{"layout":"slab","record_bytes":1048576,"table_bytes":143552,"interner_bytes":1236992,"metadata_bytes":524548,"cache_bytes":1356544,"records":42815,"tables":12969,"logical_words":12969,"total_bytes_est":4310212},"outer_memo_bytes":8960,"colt_bytes":14992,"checksum":607690,"verified":true}
EVENT_LAB {"kind":"readout_free_join","candidate":"retraction64","domain":"fibred","readout_family":"non-suffix","readout_faces":"x","hidden":32,"width":6,"bits":19,"worlds":524288,"admissible_worlds":301069,"environments":2,"rows":128,"groups":16,"outputs":64,"memo":false,"changed_possible_groups":16,"changed_guaranteed_groups":16,"nonconstant_readouts":48,"build_s":[0.026037834],"support_s":[0.000745959],"import_s":[0.024469084],"admission_s":[0.000822042],"join_only_s":[2.0459e-5],"fresh_s":[0.411049125],"fresh_group_s":[0.002149083],"fresh_readout_s":[0.408350917],"fresh_compute_s":[0.410500667],"fresh_count_s":[0.000548291],"warm_s":[0.000670167],"warm_group_s":[3.4792e-5],"warm_readout_s":[0.000103875],"warm_compute_s":[0.000139334],"warm_count_s":[0.00053075],"input_nodes":48613,"final_nodes":804725,"input_bytes_est":4502456,"final_bytes_est":92504524,"input_storage":{"layout":"slab","record_bytes":777808,"table_bytes":78432,"interner_bytes":1169300,"metadata_bytes":389236,"cache_bytes":2087680,"records":48613,"tables":9804,"logical_words":9804,"total_bytes_est":4502456},"final_storage":{"layout":"slab","record_bytes":24889856,"table_bytes":627456,"interner_bytes":21820032,"metadata_bytes":12445260,"cache_bytes":32721920,"records":804725,"tables":53272,"logical_words":53272,"total_bytes_est":92504524},"outer_memo_bytes":0,"colt_bytes":14992,"checksum":12912164,"verified":true}
EVENT_LAB {"kind":"readout_free_join","candidate":"retraction64","domain":"fibred","readout_family":"non-suffix","readout_faces":"x","hidden":32,"width":6,"bits":19,"worlds":524288,"admissible_worlds":301069,"environments":2,"rows":128,"groups":16,"outputs":64,"memo":true,"changed_possible_groups":16,"changed_guaranteed_groups":16,"nonconstant_readouts":48,"build_s":[0.026037834],"support_s":[0.000745959],"import_s":[0.024469084],"admission_s":[0.000822042],"join_only_s":[2.0459e-5],"fresh_s":[0.413410625],"fresh_group_s":[0.0021665],"fresh_readout_s":[0.410696125],"fresh_compute_s":[0.412863417],"fresh_count_s":[0.000547042],"warm_s":[0.000643],"warm_group_s":[1.6875e-5],"warm_readout_s":[0.000105375],"warm_compute_s":[0.000122834],"warm_count_s":[0.000520042],"input_nodes":48613,"final_nodes":804725,"input_bytes_est":4502456,"final_bytes_est":92513484,"input_storage":{"layout":"slab","record_bytes":777808,"table_bytes":78432,"interner_bytes":1169300,"metadata_bytes":389236,"cache_bytes":2087680,"records":48613,"tables":9804,"logical_words":9804,"total_bytes_est":4502456},"final_storage":{"layout":"slab","record_bytes":24889856,"table_bytes":627456,"interner_bytes":21820032,"metadata_bytes":12445260,"cache_bytes":32721920,"records":804725,"tables":53272,"logical_words":53272,"total_bytes_est":92504524},"outer_memo_bytes":8960,"colt_bytes":14992,"checksum":12912164,"verified":true}
ok

test result: ok. 1 passed; 0 failed; 0 ignored; 0 measured; 1378 filtered out; finished in 13.51s


       13.52 real        13.27 user         0.23 sys
           291291136  maximum resident set size
                   0  average shared memory size
                   0  average unshared data size
                   0  average unshared stack size
               24551  page reclaims
                   0  page faults
                   0  swaps
                   0  block input operations
                   0  block output operations
                   0  messages sent
                   0  messages received
                   0  signals received
                   0  voluntary context switches
                 469  involuntary context switches
        155103479315  instructions retired
         45868964336  cycles elapsed
           288473760  peak memory footprint
