
running 1 test
test event_repr_lab::experiment ... EVENT_LAB {"kind":"readout_free_join","candidate":"retraction512","domain":"fibred","readout_family":"suffix-1","readout_faces":"x","hidden":1,"width":4,"bits":13,"worlds":8192,"admissible_worlds":3197,"environments":2,"rows":128,"groups":16,"outputs":64,"memo":false,"changed_possible_groups":16,"changed_guaranteed_groups":16,"nonconstant_readouts":48,"build_s":[0.001017708],"support_s":[0.00021025],"import_s":[0.0007265],"admission_s":[8.05e-5],"join_only_s":[3.1125e-5],"fresh_s":[0.014335875],"fresh_group_s":[0.000182708],"fresh_readout_s":[0.014133458],"fresh_compute_s":[0.014317625],"fresh_count_s":[1.8125e-5],"warm_s":[0.000349584],"warm_group_s":[1.7417e-5],"warm_readout_s":[0.000319334],"warm_compute_s":[0.000336917],"warm_count_s":[1.2541e-5],"input_nodes":1045,"final_nodes":19937,"input_bytes_est":124416,"final_bytes_est":3022596,"input_storage":{"layout":"slab","record_bytes":16720,"table_bytes":29936,"interner_bytes":34644,"metadata_bytes":8620,"cache_bytes":34496,"records":1045,"tables":1031,"logical_words":3742,"total_bytes_est":124416},"final_storage":{"layout":"slab","record_bytes":535040,"table_bytes":957952,"interner_bytes":621184,"metadata_bytes":267780,"cache_bytes":640640,"records":19937,"tables":12563,"logical_words":64825,"total_bytes_est":3022596},"outer_memo_bytes":0,"colt_bytes":14992,"checksum":598930,"verified":true}
EVENT_LAB {"kind":"readout_free_join","candidate":"retraction512","domain":"fibred","readout_family":"suffix-1","readout_faces":"x","hidden":1,"width":4,"bits":13,"worlds":8192,"admissible_worlds":3197,"environments":2,"rows":128,"groups":16,"outputs":64,"memo":true,"changed_possible_groups":16,"changed_guaranteed_groups":16,"nonconstant_readouts":48,"build_s":[0.001017708],"support_s":[0.00021025],"import_s":[0.0007265],"admission_s":[8.05e-5],"join_only_s":[3.1125e-5],"fresh_s":[0.013983125],"fresh_group_s":[0.000166625],"fresh_readout_s":[0.013805125],"fresh_compute_s":[0.013972],"fresh_count_s":[1.1042e-5],"warm_s":[0.000318875],"warm_group_s":[1.0042e-5],"warm_readout_s":[0.000296958],"warm_compute_s":[0.000307291],"warm_count_s":[1.15e-5],"input_nodes":1045,"final_nodes":19937,"input_bytes_est":124416,"final_bytes_est":3031556,"input_storage":{"layout":"slab","record_bytes":16720,"table_bytes":29936,"interner_bytes":34644,"metadata_bytes":8620,"cache_bytes":34496,"records":1045,"tables":1031,"logical_words":3742,"total_bytes_est":124416},"final_storage":{"layout":"slab","record_bytes":535040,"table_bytes":957952,"interner_bytes":621184,"metadata_bytes":267780,"cache_bytes":640640,"records":19937,"tables":12563,"logical_words":64825,"total_bytes_est":3022596},"outer_memo_bytes":8960,"colt_bytes":14992,"checksum":598930,"verified":true}
EVENT_LAB {"kind":"readout_free_join","candidate":"retraction512","domain":"fibred","readout_family":"suffix-1","readout_faces":"x","hidden":1,"width":6,"bits":19,"worlds":524288,"admissible_worlds":301069,"environments":2,"rows":128,"groups":16,"outputs":64,"memo":false,"changed_possible_groups":16,"changed_guaranteed_groups":16,"nonconstant_readouts":48,"build_s":[0.015168917],"support_s":[0.000761583],"import_s":[0.014046959],"admission_s":[0.000360083],"join_only_s":[1.4666e-5],"fresh_s":[0.411178834],"fresh_group_s":[0.001369458],"fresh_readout_s":[0.409607583],"fresh_compute_s":[0.410977917],"fresh_count_s":[0.000200833],"warm_s":[0.003918583],"warm_group_s":[4e-5],"warm_readout_s":[0.003675],"warm_compute_s":[0.0037155],"warm_count_s":[0.000203],"input_nodes":20384,"final_nodes":637135,"input_bytes_est":2181884,"final_bytes_est":60172364,"input_storage":{"layout":"slab","record_bytes":326144,"table_bytes":528432,"interner_bytes":568960,"metadata_bytes":163404,"cache_bytes":594944,"records":20384,"tables":10534,"logical_words":66054,"total_bytes_est":2181884},"final_storage":{"layout":"slab","record_bytes":10436608,"table_bytes":8454912,"interner_bytes":18206720,"metadata_bytes":5218636,"cache_bytes":17855488,"records":637135,"tables":145144,"logical_words":921561,"total_bytes_est":60172364},"outer_memo_bytes":0,"colt_bytes":14992,"checksum":11398018,"verified":true}
EVENT_LAB {"kind":"readout_free_join","candidate":"retraction512","domain":"fibred","readout_family":"suffix-1","readout_faces":"x","hidden":1,"width":6,"bits":19,"worlds":524288,"admissible_worlds":301069,"environments":2,"rows":128,"groups":16,"outputs":64,"memo":true,"changed_possible_groups":16,"changed_guaranteed_groups":16,"nonconstant_readouts":48,"build_s":[0.015168917],"support_s":[0.000761583],"import_s":[0.014046959],"admission_s":[0.000360083],"join_only_s":[1.4666e-5],"fresh_s":[0.415145958],"fresh_group_s":[0.001436875],"fresh_readout_s":[0.413505042],"fresh_compute_s":[0.414942916],"fresh_count_s":[0.000202917],"warm_s":[0.004072875],"warm_group_s":[1.7916e-5],"warm_readout_s":[0.003853708],"warm_compute_s":[0.003872083],"warm_count_s":[0.000200667],"input_nodes":20384,"final_nodes":637135,"input_bytes_est":2181884,"final_bytes_est":60181324,"input_storage":{"layout":"slab","record_bytes":326144,"table_bytes":528432,"interner_bytes":568960,"metadata_bytes":163404,"cache_bytes":594944,"records":20384,"tables":10534,"logical_words":66054,"total_bytes_est":2181884},"final_storage":{"layout":"slab","record_bytes":10436608,"table_bytes":8454912,"interner_bytes":18206720,"metadata_bytes":5218636,"cache_bytes":17855488,"records":637135,"tables":145144,"logical_words":921561,"total_bytes_est":60172364},"outer_memo_bytes":8960,"colt_bytes":14992,"checksum":11398018,"verified":true}
ok

test result: ok. 1 passed; 0 failed; 0 ignored; 0 measured; 1378 filtered out; finished in 17.12s


       17.12 real        16.76 user         0.35 sys
           476381184  maximum resident set size
                   0  average shared memory size
                   0  average unshared data size
                   0  average unshared stack size
               42402  page reclaims
                   0  page faults
                   0  swaps
                   0  block input operations
                   0  block output operations
                   0  messages sent
                   0  messages received
                   0  signals received
                   0  voluntary context switches
                 425  involuntary context switches
        195580498031  instructions retired
         58110301780  cycles elapsed
           473678736  peak memory footprint
