
running 1 test
test event_repr_lab::experiment ... EVENT_LAB {"kind":"free_join","candidate":"bdd-pair","scenario":"overlap_4096","shape":"triangle","memo":false,"worlds":4096,"rows":1024,"groups":64,"plan_nodes":3,"input_nodes":4096,"final_nodes":50584,"input_bytes_est":295376,"final_bytes_est":8396288,"colt_bytes":163104,"build_s":[0.002676958, 0.002574375, 0.0025235, 0.002699083, 0.00271975, 0.002572542, 0.002620792],"native_setup_s":0.00029125,"native_first_join_s":0.000125167,"join_only_s":[5.0792e-5, 4.4959e-5, 4.5e-5, 4.5917e-5, 4.5166e-5, 4.9e-5, 4.5959e-5],"fresh_s":[0.010359708, 0.010695792, 0.009798667, 0.010534292, 0.009583292, 0.010352375, 0.009106292],"warm_s":[0.001122309875, 0.0010394296875, 0.00104291796875, 0.0011386015625, 0.00112768490625, 0.0010626575625, 0.00107218490625],"warm_loops":32,"checksum":6418664,"verified":true}
EVENT_LAB {"kind":"free_join","candidate":"bdd-pair","scenario":"overlap_4096","shape":"triangle","memo":true,"worlds":4096,"rows":1024,"groups":64,"plan_nodes":3,"input_nodes":4096,"final_nodes":50584,"input_bytes_est":295376,"final_bytes_est":8414208,"colt_bytes":163104,"build_s":[0.002676958, 0.002574375, 0.0025235, 0.002699083, 0.00271975, 0.002572542, 0.002620792],"native_setup_s":0.00029125,"native_first_join_s":0.000125167,"join_only_s":[5.0792e-5, 4.4959e-5, 4.5e-5, 4.5917e-5, 4.5166e-5, 4.9e-5, 4.5959e-5],"fresh_s":[0.0097995, 0.009602333, 0.009499708, 0.008841625, 0.009836542, 0.009686042, 0.00962675],"warm_s":[0.0010073176875, 0.00104783725, 0.0009741328125, 0.000980556, 0.00099858721875, 0.001045428375, 0.0010134700625],"warm_loops":32,"checksum":6418664,"verified":true}
EVENT_LAB {"kind":"free_join","candidate":"bdd-pair","scenario":"overlap_4096","shape":"clover","memo":false,"worlds":4096,"rows":4096,"groups":64,"plan_nodes":3,"input_nodes":4096,"final_nodes":104092,"input_bytes_est":295376,"final_bytes_est":16803328,"colt_bytes":41104,"build_s":[0.002631583, 0.002502541, 0.002482625, 0.002514042, 0.002705541, 0.002570208, 0.00253625],"native_setup_s":0.000140125,"native_first_join_s":0.000097125,"join_only_s":[7.4166e-5, 7.1333e-5, 7.125e-5, 7.1583e-5, 7.1625e-5, 7.1417e-5, 7.1458e-5],"fresh_s":[0.028908375, 0.0300985, 0.028608375, 0.027391167, 0.02802025, 0.027736333, 0.030693375],"warm_s":[0.00130436975, 0.0014186301875, 0.001357627625, 0.001390283875, 0.0013465599375, 0.0013589583125, 0.0012929765625],"warm_loops":16,"checksum":6868992,"verified":true}
EVENT_LAB {"kind":"free_join","candidate":"bdd-pair","scenario":"overlap_4096","shape":"clover","memo":true,"worlds":4096,"rows":4096,"groups":64,"plan_nodes":3,"input_nodes":4096,"final_nodes":104092,"input_bytes_est":295376,"final_bytes_est":16839168,"colt_bytes":41104,"build_s":[0.002631583, 0.002502541, 0.002482625, 0.002514042, 0.002705541, 0.002570208, 0.00253625],"native_setup_s":0.000140125,"native_first_join_s":0.000097125,"join_only_s":[7.4166e-5, 7.1333e-5, 7.125e-5, 7.1583e-5, 7.1625e-5, 7.1417e-5, 7.1458e-5],"fresh_s":[0.028015208, 0.027611417, 0.026999375, 0.026671166, 0.025643416, 0.028229209, 0.02721275],"warm_s":[0.00109531903125, 0.00106272396875, 0.001150763, 0.00175629165625, 0.00166377471875, 0.00115472525, 0.0013078138125],"warm_loops":32,"checksum":6868992,"verified":true}
ok

test result: ok. 1 passed; 0 failed; 0 ignored; 0 measured; 1360 filtered out; finished in 1.81s


        1.82 real         1.75 user         0.02 sys
            58261504  maximum resident set size
                   0  average shared memory size
                   0  average unshared data size
                   0  average unshared stack size
                3770  page reclaims
                   0  page faults
                   0  swaps
                   0  block input operations
                   0  block output operations
                   0  messages sent
                   0  messages received
                   0  signals received
                   0  voluntary context switches
                1037  involuntary context switches
         17422155971  instructions retired
          5893955027  cycles elapsed
            55755160  peak memory footprint
