
running 1 test
test event_repr_lab::experiment ... EVENT_LAB {"kind":"symbolic","candidate":"bdd-pair","pairs":16,"interleaved":false,"worlds":4294967296,"build_s":0.03100675,"count_s":0.00497325,"nodes":393178,"bytes_est":34081920,"verified":true}
ok

test result: ok. 1 passed; 0 failed; 0 ignored; 0 measured; 1360 filtered out; finished in 0.04s


        0.04 real         0.03 user         0.00 sys
            54099968  maximum resident set size
                   0  average shared memory size
                   0  average unshared data size
                   0  average unshared stack size
                3777  page reclaims
                   0  page faults
                   0  swaps
                   0  block input operations
                   0  block output operations
                   0  messages sent
                   0  messages received
                   0  signals received
                   0  voluntary context switches
                  34  involuntary context switches
           327916572  instructions retired
           128365837  cycles elapsed
            52822424  peak memory footprint
