
running 1 test
test event_repr_lab::experiment ... EVENT_LAB {"kind":"complement","candidate":"bdd-pair","restricted":false,"events":48,"build_s":[0.005854625, 0.006895584, 0.007194834, 0.00624825, 0.006330416, 0.004826417, 0.006641333],"first_batch_s":[2.91e-7, 8.3e-8, 3.75e-7, 2.09e-7, 1.67e-7, 1.67e-7, 2.5e-7],"warm_per_not_s":[4.2978922526041665e-10, 3.4417724609375003e-10, 3.424886067708333e-10, 3.424886067708333e-10, 3.4417724609375003e-10, 3.4332275390625e-10, 3.416341145833334e-10],"input_bytes_est":1443648,"final_bytes_est":1280328,"verified":true}
EVENT_LAB {"kind":"complement","candidate":"bdd-pair","restricted":true,"events":48,"build_s":[0.00838075, 0.008545208, 0.008114625, 0.017912834, 0.014563875, 0.008373333, 0.008021375],"first_batch_s":[2.92e-7, 1.25e-7, 2.92e-7, 4.25e-6, 2.5e-7, 4.17e-7, 7.09e-7],"warm_per_not_s":[3.4840901692708334e-10, 3.458658854166667e-10, 3.4332275390625e-10, 3.4503173828125005e-10, 3.458658854166667e-10, 3.458658854166667e-10, 3.4246826171875e-10],"input_bytes_est":5637952,"final_bytes_est":5497272,"verified":true}
ok

test result: ok. 1 passed; 0 failed; 0 ignored; 0 measured; 1360 filtered out; finished in 0.25s


        0.25 real         0.22 user         0.01 sys
            30441472  maximum resident set size
                   0  average shared memory size
                   0  average unshared data size
                   0  average unshared stack size
                2070  page reclaims
                   0  page faults
                   0  swaps
                   0  block input operations
                   0  block output operations
                   0  messages sent
                   0  messages received
                   0  signals received
                   0  voluntary context switches
                 485  involuntary context switches
          1283679463  instructions retired
           732627092  cycles elapsed
            29016448  peak memory footprint
