
running 1 test
test event_repr_lab::experiment ... FAILED

failures:

failures:
    event_repr_lab::experiment

test result: FAILED. 0 passed; 1 failed; 0 ignored; 0 measured; 1360 filtered out; finished in 0.55s



thread 'event_repr_lab::experiment' (8678576) panicked at /Users/bjorn/Documents/bumbledb/proposal/experiments/event-repr-lab/src/diagram.rs:62:9:
RESOURCE_CAP: decision diagram nodes
note: run with `RUST_BACKTRACE=1` environment variable to display a backtrace
        0.55 real         0.51 user         0.03 sys
           460701696  maximum resident set size
                   0  average shared memory size
                   0  average unshared data size
                   0  average unshared stack size
               31277  page reclaims
                   0  page faults
                   0  swaps
                   0  block input operations
                   0  block output operations
                   0  messages sent
                   0  messages received
                   0  signals received
                   0  voluntary context switches
                 277  involuntary context switches
          3719427548  instructions retired
          1833488602  cycles elapsed
           459375360  peak memory footprint
