
running 1 test
test event_repr_lab::semantics ... EVENT_LAB {"kind":"verification","candidate":"dense","boolean_cases":61440,"passed":true}
EVENT_LAB {"kind":"verification","candidate":"sparse","boolean_cases":61440,"passed":true}
EVENT_LAB {"kind":"verification","candidate":"roaring","boolean_cases":61440,"passed":true}
EVENT_LAB {"kind":"verification","candidate":"runs","boolean_cases":61440,"passed":true}
EVENT_LAB {"kind":"verification","candidate":"bdd-root","boolean_cases":61440,"passed":true}
EVENT_LAB {"kind":"verification","candidate":"bdd-pair","boolean_cases":61440,"passed":true}
EVENT_LAB {"kind":"verification","candidate":"mdd4-pair","boolean_cases":61440,"passed":true}
ok

test result: ok. 1 passed; 0 failed; 0 ignored; 0 measured; 1360 filtered out; finished in 0.03s


        0.03 real         0.03 user         0.00 sys
             5341184  maximum resident set size
                   0  average shared memory size
                   0  average unshared data size
                   0  average unshared stack size
                 540  page reclaims
                   0  page faults
                   0  swaps
                   0  block input operations
                   0  block output operations
                   0  messages sent
                   0  messages received
                   0  signals received
                   0  voluntary context switches
                  32  involuntary context switches
           509393249  instructions retired
           111355033  cycles elapsed
             2900328  peak memory footprint
