
running 1 test
test event_repr_lab::experiment ... EVENT_LAB {"kind":"free_join","candidate":"mdd4-pair","scenario":"structured_65536","shape":"triangle","memo":false,"worlds":65536,"rows":1024,"groups":64,"plan_nodes":3,"input_nodes":33,"final_nodes":77217,"input_bytes_est":6592,"final_bytes_est":15395328,"colt_bytes":163104,"build_s":[0.009462792, 0.009579334, 0.009973541, 0.009399791, 0.00997525, 0.010105458, 0.009951167],"native_setup_s":0.000299125,"native_first_join_s":0.000276875,"join_only_s":[8.3791e-5, 5.4125e-5, 4.7791e-5, 5.2792e-5, 4.6e-5, 4.5875e-5, 4.7e-5],"fresh_s":[0.016193042, 0.015877625, 0.015880292, 0.015049209, 0.015129667, 0.015923, 0.014678542],"warm_s":[0.001809229125, 0.0018984375, 0.0019408515625, 0.001963484375, 0.001918341125, 0.001912747375, 0.00184380725],"warm_loops":16,"checksum":109067234,"verified":true}
EVENT_LAB {"kind":"free_join","candidate":"mdd4-pair","scenario":"structured_65536","shape":"triangle","memo":true,"worlds":65536,"rows":1024,"groups":64,"plan_nodes":3,"input_nodes":33,"final_nodes":77217,"input_bytes_est":6592,"final_bytes_est":15538688,"colt_bytes":163104,"build_s":[0.009462792, 0.009579334, 0.009973541, 0.009399791, 0.00997525, 0.010105458, 0.009951167],"native_setup_s":0.000299125,"native_first_join_s":0.000276875,"join_only_s":[8.3791e-5, 5.4125e-5, 4.7791e-5, 5.2792e-5, 4.6e-5, 4.5875e-5, 4.7e-5],"fresh_s":[0.015373167, 0.016294625, 0.015463667, 0.01549075, 0.015263041, 0.014986041, 0.014666875],"warm_s":[0.0017683828125, 0.0018709296875, 0.0018203984375, 0.001796484375, 0.0016957083125, 0.0018017943125, 0.001740471375],"warm_loops":16,"checksum":109067234,"verified":true}
EVENT_LAB {"kind":"free_join","candidate":"mdd4-pair","scenario":"structured_65536","shape":"clover","memo":false,"worlds":65536,"rows":4096,"groups":64,"plan_nodes":3,"input_nodes":33,"final_nodes":49449,"input_bytes_est":6592,"final_bytes_est":7907328,"colt_bytes":41104,"build_s":[0.009672708, 0.009586667, 0.009413958, 0.009509708, 0.009527625, 0.009477291, 0.009994],"native_setup_s":0.000135291,"native_first_join_s":0.000104125,"join_only_s":[7.4542e-5, 6.9792e-5, 6.9708e-5, 6.975e-5, 6.9667e-5, 8.0417e-5, 7.1625e-5],"fresh_s":[0.011388834, 0.011343875, 0.011396625, 0.011815834, 0.011470791, 0.010884208, 0.010935625],"warm_s":[0.0006655794375, 0.000666263, 0.00065652865625, 0.00064578515625, 0.00067496225, 0.00065538021875, 0.0006638801875],"warm_loops":32,"checksum":112347088,"verified":true}
EVENT_LAB {"kind":"free_join","candidate":"mdd4-pair","scenario":"structured_65536","shape":"clover","memo":true,"worlds":65536,"rows":4096,"groups":64,"plan_nodes":3,"input_nodes":33,"final_nodes":49449,"input_bytes_est":6592,"final_bytes_est":8194048,"colt_bytes":41104,"build_s":[0.009672708, 0.009586667, 0.009413958, 0.009509708, 0.009527625, 0.009477291, 0.009994],"native_setup_s":0.000135291,"native_first_join_s":0.000104125,"join_only_s":[7.4542e-5, 6.9792e-5, 6.9708e-5, 6.975e-5, 6.9667e-5, 8.0417e-5, 7.1625e-5],"fresh_s":[0.011115375, 0.010903042, 0.010578625, 0.010907667, 0.011087167, 0.011201959, 0.011549083],"warm_s":[0.00038775, 0.00039053646875, 0.0003900826875, 0.00038448046875, 0.000367300125, 0.0004031236875, 0.000396729171875],"warm_loops":64,"checksum":112347088,"verified":true}
ok

test result: ok. 1 passed; 0 failed; 0 ignored; 0 measured; 1360 filtered out; finished in 1.87s


        1.87 real         1.81 user         0.04 sys
            86851584  maximum resident set size
                   0  average shared memory size
                   0  average unshared data size
                   0  average unshared stack size
                5782  page reclaims
                   0  page faults
                   0  swaps
                   0  block input operations
                   0  block output operations
                   0  messages sent
                   0  messages received
                   0  signals received
                   0  voluntary context switches
                1531  involuntary context switches
         18958818116  instructions retired
          6207237364  cycles elapsed
            84427256  peak memory footprint
