
running 1 test
test event_repr_lab::experiment ... EVENT_LAB {"kind":"owned_free_join","candidate":"mdd4-pair","target_candidate":"mdd4-pair","bits":12,"target_layout":"bit-major","target_setup_s":[2.041e-6, 1.125e-6, 6.67e-7, 9.59e-7, 7.09e-7],"restore_inputs_s":[8.1541e-5, 6.5292e-5, 5.9791e-5, 6.625e-5, 5.8583e-5],"program_setup_s":[1.9875e-5, 1.6583e-5, 1.7417e-5, 1.675e-5, 1.5625e-5],"query_s":[0.00053, 0.000370667, 0.000365, 0.000399709, 0.000364875],"owned_compute_s":[0.000553083, 0.000388709, 0.000383667, 0.000418041, 0.000381792],"novel_publication_classes":[10, 10, 10, 10, 10],"input_roots":24,"output_roots":80,"input_packet_bytes":4499,"output_packet_bytes":1187,"final_arena_bytes_est":263216,"verified":true}
EVENT_LAB {"kind":"owned_free_join","candidate":"mdd4-pair","target_candidate":"mdd4-pair","bits":12,"target_layout":"face-major","target_setup_s":[5.84e-7, 5.84e-7, 5.41e-7, 1.708e-6, 7.92e-7],"restore_inputs_s":[8.4583e-5, 8.175e-5, 7.5167e-5, 8.2e-5, 9.1291e-5],"program_setup_s":[1.8667e-5, 1.8125e-5, 1.7041e-5, 2.5083e-5, 1.7625e-5],"query_s":[0.000425375, 0.000381625, 0.000379625, 0.0004485, 0.000406416],"owned_compute_s":[0.000445167, 0.000400875, 0.00039775, 0.000475167, 0.000425292],"novel_publication_classes":[10, 10, 10, 10, 10],"input_roots":24,"output_roots":80,"input_packet_bytes":4499,"output_packet_bytes":927,"final_arena_bytes_est":349232,"verified":true}
EVENT_LAB {"kind":"owned_free_join","candidate":"mdd4-pair","target_candidate":"packed512","bits":12,"target_layout":"bit-major","target_setup_s":[8.33e-7, 1.459e-6, 4.417e-6, 3.125e-6, 2.25e-6],"restore_inputs_s":[6.6625e-5, 6.0125e-5, 9.2834e-5, 6.8917e-5, 6.8417e-5],"program_setup_s":[4.475e-5, 4.0792e-5, 4.5208e-5, 4.275e-5, 4.0417e-5],"query_s":[0.000258042, 0.000227667, 0.000256875, 0.000238958, 0.0002265],"owned_compute_s":[0.000304375, 0.000269584, 0.000304167, 0.000283334, 0.000268291],"novel_publication_classes":[10, 10, 10, 10, 10],"input_roots":24,"output_roots":80,"input_packet_bytes":4499,"output_packet_bytes":1645,"final_arena_bytes_est":112740,"verified":true}
EVENT_LAB {"kind":"owned_free_join","candidate":"mdd4-pair","target_candidate":"mdd4-pair","bits":18,"target_layout":"bit-major","target_setup_s":[1.958e-6, 3.416e-6, 3.875e-6, 7.042e-6, 3.667e-6],"restore_inputs_s":[0.000222208, 0.000226959, 0.000227375, 0.0002495, 0.00023375],"program_setup_s":[0.000826709, 0.000812667, 0.000836, 0.000849833, 0.000826958],"query_s":[0.001249084, 0.001177834, 0.001204041, 0.001201, 0.00122725],"owned_compute_s":[0.002077916, 0.001992833, 0.002041875, 0.002053, 0.002056333],"novel_publication_classes":[18, 18, 18, 18, 18],"input_roots":24,"output_roots":80,"input_packet_bytes":16037,"output_packet_bytes":4873,"final_arena_bytes_est":1009736,"verified":true}
EVENT_LAB {"kind":"owned_free_join","candidate":"mdd4-pair","target_candidate":"mdd4-pair","bits":18,"target_layout":"face-major","target_setup_s":[1.75e-6, 3.417e-6, 7.333e-6, 2.917e-6, 3.458e-6],"restore_inputs_s":[0.000373333, 0.000379333, 0.000376291, 0.000385541, 0.000379292],"program_setup_s":[0.000904459, 0.000932208, 0.000923167, 0.000901, 0.0009015],"query_s":[0.002956625, 0.003104458, 0.002957625, 0.003004167, 0.002960666],"owned_compute_s":[0.003863334, 0.004039333, 0.003883, 0.003907417, 0.003864709],"novel_publication_classes":[18, 18, 18, 18, 18],"input_roots":24,"output_roots":80,"input_packet_bytes":16037,"output_packet_bytes":4535,"final_arena_bytes_est":1960008,"verified":true}
EVENT_LAB {"kind":"owned_free_join","candidate":"mdd4-pair","target_candidate":"packed512","bits":18,"target_layout":"bit-major","target_setup_s":[2.667e-6, 6.291e-6, 5.166e-6, 4.875e-6, 5.375e-6],"restore_inputs_s":[0.00018325, 0.000198542, 0.000233083, 0.000186958, 0.000187792],"program_setup_s":[0.00130975, 0.001250417, 0.001263166, 0.00123725, 0.001244958],"query_s":[0.000686333, 0.000786083, 0.00071325, 0.000758125, 0.000684375],"owned_compute_s":[0.001998791, 0.002043208, 0.001978792, 0.00199775, 0.001931917],"novel_publication_classes":[18, 18, 18, 18, 18],"input_roots":24,"output_roots":80,"input_packet_bytes":16037,"output_packet_bytes":5221,"final_arena_bytes_est":626852,"verified":true}
ok

test result: ok. 1 passed; 0 failed; 0 ignored; 0 measured; 1360 filtered out; finished in 6.75s


        6.75 real         6.70 user         0.04 sys
            16728064  maximum resident set size
                   0  average shared memory size
                   0  average unshared data size
                   0  average unshared stack size
                1233  page reclaims
                   0  page faults
                   0  swaps
                   0  block input operations
                   0  block output operations
                   0  messages sent
                   0  messages received
                   0  signals received
                   0  voluntary context switches
                1090  involuntary context switches
        115430554344  instructions retired
         22668419380  cycles elapsed
            13828480  peak memory footprint
