
running 1 test
test event_repr_lab::experiment ... EVENT_LAB {"kind":"symbolic_relation_free_join","candidate":"prefix512","bits":18,"states":64,"identity_mode":"native","input_s":[5.0083e-5],"program_setup_s":[1.7709e-5],"query_s":[0.000383459],"owned_compute_s":[0.000404875],"iterations":[7],"output_counts":[133120, 133120, 262144, 262144, 4096],"output_packet_bytes":811,"final_arena_bytes_est":41784,"new_classes":3,"input_storage":{"layout":"slab","record_bytes":1024,"table_bytes":1024,"interner_bytes":1208,"metadata_bytes":728,"cache_bytes":1190,"records":55,"tables":46,"logical_words":78,"total_bytes_est":5174},"final_storage":{"layout":"slab","record_bytes":8192,"table_bytes":8192,"interner_bytes":9664,"metadata_bytes":4312,"cache_bytes":11424,"records":304,"tables":197,"logical_words":709,"total_bytes_est":41784},"verified":true}
EVENT_LAB {"kind":"symbolic_relation_free_join","candidate":"prefix512","bits":36,"states":4096,"identity_mode":"native","input_s":[8.4875e-5],"program_setup_s":[2.2916e-5],"query_s":[0.001190417],"owned_compute_s":[0.001214416],"iterations":[13],"output_counts":[34368126976, 34368126976, 68719476736, 68719476736, 16777216],"output_packet_bytes":1641,"final_arena_bytes_est":126896,"new_classes":3,"input_storage":{"layout":"slab","record_bytes":4096,"table_bytes":2048,"interner_bytes":4832,"metadata_bytes":2480,"cache_bytes":4760,"records":139,"tables":75,"logical_words":150,"total_bytes_est":18216},"final_storage":{"layout":"slab","record_bytes":32768,"table_bytes":8192,"interner_bytes":38656,"metadata_bytes":16816,"cache_bytes":30464,"records":1327,"tables":248,"logical_words":843,"total_bytes_est":126896},"verified":true}
EVENT_LAB {"kind":"symbolic_relation_free_join","candidate":"prefix512","bits":60,"states":1048576,"identity_mode":"native","input_s":[0.000138125],"program_setup_s":[3.8666e-5],"query_s":[0.003332542],"owned_compute_s":[0.0033725],"iterations":[21],"output_counts":[576461302059237376, 576461302059237376, 1152921504606846976, 1152921504606846976, 1099511627776],"output_packet_bytes":2713,"final_arena_bytes_est":336848,"new_classes":3,"input_storage":{"layout":"slab","record_bytes":4096,"table_bytes":2048,"interner_bytes":8640,"metadata_bytes":2768,"cache_bytes":9520,"records":251,"tables":99,"logical_words":174,"total_bytes_est":27072},"final_storage":{"layout":"slab","record_bytes":65536,"table_bytes":8192,"interner_bytes":138240,"metadata_bytes":33488,"cache_bytes":91392,"records":3591,"tables":288,"logical_words":883,"total_bytes_est":336848},"verified":true}
ok

test result: ok. 1 passed; 0 failed; 0 ignored; 0 measured; 1378 filtered out; finished in 0.01s


        0.00 real         0.00 user         0.00 sys
             6520832  maximum resident set size
                   0  average shared memory size
                   0  average unshared data size
                   0  average unshared stack size
                 612  page reclaims
                   0  page faults
                   0  swaps
                   0  block input operations
                   0  block output operations
                   0  messages sent
                   0  messages received
                   0  signals received
                   0  voluntary context switches
                   7  involuntary context switches
           110608925  instructions retired
            28172664  cycles elapsed
             3637632  peak memory footprint
