
running 1 test
test event_repr_lab::experiment ... EVENT_LAB {"kind":"product_free_join","candidate":"essential64","product_mode":"materialized","bits":12,"worlds":4096,"rows":128,"groups":16,"memo":false,"build_s":[0.000134917],"join_only_s":[3.325e-5],"fresh_s":[0.0016715],"warm_s":[0.001168],"input_bytes_est":9629,"final_bytes_est":125168,"input_nodes":89,"final_nodes":829,"input_storage":{"layout":"enum","record_bytes":2848,"table_bytes":784,"interner_bytes":4592,"metadata_bytes":808,"cache_bytes":357,"records":89,"tables":49,"logical_words":49,"total_bytes_est":9389},"final_storage":{"layout":"enum","record_bytes":45568,"table_bytes":8288,"interner_bytes":36736,"metadata_bytes":11488,"cache_bytes":22848,"records":829,"tables":518,"logical_words":518,"total_bytes_est":124928},"checksum":464640,"verified":true}
EVENT_LAB {"kind":"product_free_join","candidate":"essential64","product_mode":"materialized","bits":12,"worlds":4096,"rows":128,"groups":16,"memo":true,"build_s":[0.000134917],"join_only_s":[3.325e-5],"fresh_s":[0.000553834],"warm_s":[8.875e-6],"input_bytes_est":9629,"final_bytes_est":132560,"input_nodes":89,"final_nodes":829,"input_storage":{"layout":"enum","record_bytes":2848,"table_bytes":784,"interner_bytes":4592,"metadata_bytes":808,"cache_bytes":357,"records":89,"tables":49,"logical_words":49,"total_bytes_est":9389},"final_storage":{"layout":"enum","record_bytes":45568,"table_bytes":8288,"interner_bytes":36736,"metadata_bytes":11488,"cache_bytes":22848,"records":829,"tables":518,"logical_words":518,"total_bytes_est":124928},"checksum":464640,"verified":true}
EVENT_LAB {"kind":"product_free_join","candidate":"essential64","product_mode":"materialized","bits":18,"worlds":262144,"rows":128,"groups":16,"memo":false,"build_s":[0.001569333],"join_only_s":[1.4584e-5],"fresh_s":[0.01065],"warm_s":[0.008773667],"input_bytes_est":62738,"final_bytes_est":826744,"input_nodes":552,"final_nodes":5582,"input_storage":{"layout":"enum","record_bytes":17664,"table_bytes":2704,"interner_bytes":36736,"metadata_bytes":4560,"cache_bytes":714,"records":552,"tables":169,"logical_words":169,"total_bytes_est":62378},"final_storage":{"layout":"enum","record_bytes":282624,"table_bytes":26752,"interner_bytes":293888,"metadata_bytes":70800,"cache_bytes":152320,"records":5582,"tables":1672,"logical_words":1672,"total_bytes_est":826384},"checksum":14852224,"verified":true}
EVENT_LAB {"kind":"product_free_join","candidate":"essential64","product_mode":"materialized","bits":18,"worlds":262144,"rows":128,"groups":16,"memo":true,"build_s":[0.001569333],"join_only_s":[1.4584e-5],"fresh_s":[0.003288333],"warm_s":[1.45e-5],"input_bytes_est":62738,"final_bytes_est":834136,"input_nodes":552,"final_nodes":5582,"input_storage":{"layout":"enum","record_bytes":17664,"table_bytes":2704,"interner_bytes":36736,"metadata_bytes":4560,"cache_bytes":714,"records":552,"tables":169,"logical_words":169,"total_bytes_est":62378},"final_storage":{"layout":"enum","record_bytes":282624,"table_bytes":26752,"interner_bytes":293888,"metadata_bytes":70800,"cache_bytes":152320,"records":5582,"tables":1672,"logical_words":1672,"total_bytes_est":826384},"checksum":14852224,"verified":true}
ok

test result: ok. 1 passed; 0 failed; 0 ignored; 0 measured; 1378 filtered out; finished in 0.28s


        0.28 real         0.27 user         0.00 sys
            11583488  maximum resident set size
                   0  average shared memory size
                   0  average unshared data size
                   0  average unshared stack size
                 920  page reclaims
                   0  page faults
                   0  swaps
                   0  block input operations
                   0  block output operations
                   0  messages sent
                   0  messages received
                   0  signals received
                   0  voluntary context switches
                  84  involuntary context switches
          4732979369  instructions retired
           937524825  cycles elapsed
             8814976  peak memory footprint
