
running 1 test
test event_repr_lab::experiment ... EVENT_LAB {"kind":"relations_free_join","candidate":"essential512","product_mode":"views-inputs","bits":12,"worlds":4096,"rows":128,"groups":16,"memo":false,"build_s":[0.000105166],"join_only_s":[3.9375e-5],"fresh_s":[0.000755042],"warm_s":[0.000569667],"input_bytes_est":5631,"final_bytes_est":58512,"input_nodes":40,"final_nodes":343,"input_storage":{"layout":"enum","record_bytes":1280,"table_bytes":1280,"interner_bytes":2296,"metadata_bytes":416,"cache_bytes":119,"records":40,"tables":39,"logical_words":80,"total_bytes_est":5391},"final_storage":{"layout":"enum","record_bytes":20480,"table_bytes":8496,"interner_bytes":18368,"metadata_bytes":5216,"cache_bytes":5712,"records":343,"tables":342,"logical_words":531,"total_bytes_est":58272},"closure_iterations":46,"checksum":7171072,"verified":true}
EVENT_LAB {"kind":"relations_free_join","candidate":"essential512","product_mode":"views-inputs","bits":12,"worlds":4096,"rows":128,"groups":16,"memo":true,"build_s":[0.000105166],"join_only_s":[3.9375e-5],"fresh_s":[0.000400625],"warm_s":[1.0417e-5],"input_bytes_est":5631,"final_bytes_est":70636,"input_nodes":40,"final_nodes":343,"input_storage":{"layout":"enum","record_bytes":1280,"table_bytes":1280,"interner_bytes":2296,"metadata_bytes":416,"cache_bytes":119,"records":40,"tables":39,"logical_words":80,"total_bytes_est":5391},"final_storage":{"layout":"enum","record_bytes":20480,"table_bytes":8496,"interner_bytes":18368,"metadata_bytes":5216,"cache_bytes":5712,"records":343,"tables":342,"logical_words":531,"total_bytes_est":58272},"closure_iterations":46,"checksum":7171072,"verified":true}
EVENT_LAB {"kind":"relations_free_join","candidate":"essential512","product_mode":"views-inputs","bits":18,"worlds":262144,"rows":128,"groups":16,"memo":false,"build_s":[0.001337],"join_only_s":[1.5125e-5],"fresh_s":[0.00869325],"warm_s":[0.006757625],"input_bytes_est":45330,"final_bytes_est":738664,"input_nodes":250,"final_nodes":3752,"input_storage":{"layout":"enum","record_bytes":8000,"table_bytes":15744,"interner_bytes":18368,"metadata_bytes":2144,"cache_bytes":714,"records":250,"tables":150,"logical_words":984,"total_bytes_est":44970},"final_storage":{"layout":"enum","record_bytes":128000,"table_bytes":131952,"interner_bytes":293888,"metadata_bytes":32144,"cache_bytes":152320,"records":3752,"tables":3228,"logical_words":8247,"total_bytes_est":738304},"closure_iterations":52,"checksum":215255808,"verified":true}
EVENT_LAB {"kind":"relations_free_join","candidate":"essential512","product_mode":"views-inputs","bits":18,"worlds":262144,"rows":128,"groups":16,"memo":true,"build_s":[0.001337],"join_only_s":[1.5125e-5],"fresh_s":[0.005560708],"warm_s":[2e-5],"input_bytes_est":45330,"final_bytes_est":751236,"input_nodes":250,"final_nodes":3752,"input_storage":{"layout":"enum","record_bytes":8000,"table_bytes":15744,"interner_bytes":18368,"metadata_bytes":2144,"cache_bytes":714,"records":250,"tables":150,"logical_words":984,"total_bytes_est":44970},"final_storage":{"layout":"enum","record_bytes":128000,"table_bytes":131952,"interner_bytes":293888,"metadata_bytes":32144,"cache_bytes":152320,"records":3752,"tables":3228,"logical_words":8247,"total_bytes_est":738304},"closure_iterations":52,"checksum":215255808,"verified":true}
ok

test result: ok. 1 passed; 0 failed; 0 ignored; 0 measured; 1378 filtered out; finished in 0.50s


        0.50 real         0.48 user         0.01 sys
            11255808  maximum resident set size
                   0  average shared memory size
                   0  average unshared data size
                   0  average unshared stack size
                 902  page reclaims
                   0  page faults
                   0  swaps
                   0  block input operations
                   0  block output operations
                   0  messages sent
                   0  messages received
                   0  signals received
                   0  voluntary context switches
                 229  involuntary context switches
          9024036740  instructions retired
          1680003385  cycles elapsed
             8372608  peak memory footprint
