
running 1 test
test event_repr_lab::experiment ... EVENT_LAB {"kind":"product_free_join","candidate":"essential512","product_mode":"views","bits":12,"worlds":4096,"rows":128,"groups":16,"memo":false,"build_s":[8.9167e-5],"join_only_s":[5.8917e-5],"fresh_s":[0.001702417],"warm_s":[0.001408083],"input_bytes_est":5631,"final_bytes_est":48768,"input_nodes":40,"final_nodes":291,"input_storage":{"layout":"enum","record_bytes":1280,"table_bytes":1280,"interner_bytes":2296,"metadata_bytes":416,"cache_bytes":119,"records":40,"tables":39,"logical_words":80,"total_bytes_est":5391},"final_storage":{"layout":"enum","record_bytes":10240,"table_bytes":13456,"interner_bytes":18368,"metadata_bytes":2656,"cache_bytes":3808,"records":291,"tables":290,"logical_words":841,"total_bytes_est":48528},"checksum":464640,"verified":true}
EVENT_LAB {"kind":"product_free_join","candidate":"essential512","product_mode":"views","bits":12,"worlds":4096,"rows":128,"groups":16,"memo":true,"build_s":[8.9167e-5],"join_only_s":[5.8917e-5],"fresh_s":[0.000420958],"warm_s":[1.1125e-5],"input_bytes_est":5631,"final_bytes_est":54844,"input_nodes":40,"final_nodes":291,"input_storage":{"layout":"enum","record_bytes":1280,"table_bytes":1280,"interner_bytes":2296,"metadata_bytes":416,"cache_bytes":119,"records":40,"tables":39,"logical_words":80,"total_bytes_est":5391},"final_storage":{"layout":"enum","record_bytes":10240,"table_bytes":13456,"interner_bytes":18368,"metadata_bytes":2656,"cache_bytes":3808,"records":291,"tables":290,"logical_words":841,"total_bytes_est":48528},"checksum":464640,"verified":true}
EVENT_LAB {"kind":"product_free_join","candidate":"essential512","product_mode":"views","bits":18,"worlds":262144,"rows":128,"groups":16,"memo":false,"build_s":[0.001395958],"join_only_s":[2.375e-5],"fresh_s":[0.138090542],"warm_s":[0.13389875],"input_bytes_est":45330,"final_bytes_est":1011464,"input_nodes":250,"final_nodes":5565,"input_storage":{"layout":"enum","record_bytes":8000,"table_bytes":15744,"interner_bytes":18368,"metadata_bytes":2144,"cache_bytes":714,"records":250,"tables":150,"logical_words":984,"total_bytes_est":44970},"final_storage":{"layout":"enum","record_bytes":256000,"table_bytes":259984,"interner_bytes":293888,"metadata_bytes":64144,"cache_bytes":137088,"records":5565,"tables":2648,"logical_words":16249,"total_bytes_est":1011104},"checksum":14852224,"verified":true}
EVENT_LAB {"kind":"product_free_join","candidate":"essential512","product_mode":"views","bits":18,"worlds":262144,"rows":128,"groups":16,"memo":true,"build_s":[0.001395958],"join_only_s":[2.375e-5],"fresh_s":[0.029230584],"warm_s":[1.6042e-5],"input_bytes_est":45330,"final_bytes_est":1017540,"input_nodes":250,"final_nodes":5565,"input_storage":{"layout":"enum","record_bytes":8000,"table_bytes":15744,"interner_bytes":18368,"metadata_bytes":2144,"cache_bytes":714,"records":250,"tables":150,"logical_words":984,"total_bytes_est":44970},"final_storage":{"layout":"enum","record_bytes":256000,"table_bytes":259984,"interner_bytes":293888,"metadata_bytes":64144,"cache_bytes":137088,"records":5565,"tables":2648,"logical_words":16249,"total_bytes_est":1011104},"checksum":14852224,"verified":true}
ok

test result: ok. 1 passed; 0 failed; 0 ignored; 0 measured; 1378 filtered out; finished in 0.53s


        0.53 real         0.52 user         0.01 sys
            12451840  maximum resident set size
                   0  average shared memory size
                   0  average unshared data size
                   0  average unshared stack size
                 975  page reclaims
                   0  page faults
                   0  swaps
                   0  block input operations
                   0  block output operations
                   0  messages sent
                   0  messages received
                   0  signals received
                   0  voluntary context switches
                 252  involuntary context switches
          9798493379  instructions retired
          1787245982  cycles elapsed
             9585024  peak memory footprint
