
running 1 test
test event_repr_lab::experiment ... EVENT_LAB {"kind":"product_free_join","candidate":"essential512","product_mode":"views","bits":12,"worlds":4096,"rows":128,"groups":16,"memo":false,"build_s":[9.2042e-5],"join_only_s":[2.875e-5],"fresh_s":[0.000969833],"warm_s":[0.000736834],"input_bytes_est":5631,"final_bytes_est":67296,"input_nodes":40,"final_nodes":389,"input_storage":{"layout":"enum","record_bytes":1280,"table_bytes":1280,"interner_bytes":2296,"metadata_bytes":416,"cache_bytes":119,"records":40,"tables":39,"logical_words":80,"total_bytes_est":5391},"final_storage":{"layout":"enum","record_bytes":20480,"table_bytes":15376,"interner_bytes":18368,"metadata_bytes":5216,"cache_bytes":7616,"records":389,"tables":388,"logical_words":961,"total_bytes_est":67056},"checksum":464640,"verified":true}
EVENT_LAB {"kind":"product_free_join","candidate":"essential512","product_mode":"views","bits":12,"worlds":4096,"rows":128,"groups":16,"memo":true,"build_s":[9.2042e-5],"join_only_s":[2.875e-5],"fresh_s":[0.000320666],"warm_s":[7.209e-6],"input_bytes_est":5631,"final_bytes_est":73372,"input_nodes":40,"final_nodes":389,"input_storage":{"layout":"enum","record_bytes":1280,"table_bytes":1280,"interner_bytes":2296,"metadata_bytes":416,"cache_bytes":119,"records":40,"tables":39,"logical_words":80,"total_bytes_est":5391},"final_storage":{"layout":"enum","record_bytes":20480,"table_bytes":15376,"interner_bytes":18368,"metadata_bytes":5216,"cache_bytes":7616,"records":389,"tables":388,"logical_words":961,"total_bytes_est":67056},"checksum":464640,"verified":true}
EVENT_LAB {"kind":"product_free_join","candidate":"essential512","product_mode":"views","bits":18,"worlds":262144,"rows":128,"groups":16,"memo":false,"build_s":[0.0012905],"join_only_s":[1.8083e-5],"fresh_s":[0.015024541],"warm_s":[0.011091792],"input_bytes_est":45330,"final_bytes_est":1082504,"input_nodes":250,"final_nodes":6007,"input_storage":{"layout":"enum","record_bytes":8000,"table_bytes":15744,"interner_bytes":18368,"metadata_bytes":2144,"cache_bytes":714,"records":250,"tables":150,"logical_words":984,"total_bytes_est":44970},"final_storage":{"layout":"enum","record_bytes":256000,"table_bytes":285328,"interner_bytes":293888,"metadata_bytes":64144,"cache_bytes":182784,"records":6007,"tables":3054,"logical_words":17833,"total_bytes_est":1082144},"checksum":14852224,"verified":true}
EVENT_LAB {"kind":"product_free_join","candidate":"essential512","product_mode":"views","bits":18,"worlds":262144,"rows":128,"groups":16,"memo":true,"build_s":[0.0012905],"join_only_s":[1.8083e-5],"fresh_s":[0.005749541],"warm_s":[1.7333e-5],"input_bytes_est":45330,"final_bytes_est":1088580,"input_nodes":250,"final_nodes":6007,"input_storage":{"layout":"enum","record_bytes":8000,"table_bytes":15744,"interner_bytes":18368,"metadata_bytes":2144,"cache_bytes":714,"records":250,"tables":150,"logical_words":984,"total_bytes_est":44970},"final_storage":{"layout":"enum","record_bytes":256000,"table_bytes":285328,"interner_bytes":293888,"metadata_bytes":64144,"cache_bytes":182784,"records":6007,"tables":3054,"logical_words":17833,"total_bytes_est":1082144},"checksum":14852224,"verified":true}
ok

test result: ok. 1 passed; 0 failed; 0 ignored; 0 measured; 1378 filtered out; finished in 0.26s


        0.26 real         0.25 user         0.00 sys
            11911168  maximum resident set size
                   0  average shared memory size
                   0  average unshared data size
                   0  average unshared stack size
                 942  page reclaims
                   0  page faults
                   0  swaps
                   0  block input operations
                   0  block output operations
                   0  messages sent
                   0  messages received
                   0  signals received
                   0  voluntary context switches
                 124  involuntary context switches
          4330788305  instructions retired
           876131160  cycles elapsed
             9027968  peak memory footprint
