
running 1 test
test event_repr_lab::experiment ... EVENT_LAB {"kind":"relations_free_join","candidate":"essential64","product_mode":"views-inputs","bits":12,"worlds":4096,"rows":128,"groups":16,"memo":false,"build_s":[0.000123125],"join_only_s":[3.4458e-5],"fresh_s":[0.002820375],"warm_s":[0.002540209],"input_bytes_est":15789,"final_bytes_est":96648,"input_nodes":117,"final_nodes":544,"input_storage":{"layout":"enum","record_bytes":3744,"table_bytes":1232,"interner_bytes":9184,"metadata_bytes":1032,"cache_bytes":357,"records":117,"tables":77,"logical_words":77,"total_bytes_est":15549},"final_storage":{"layout":"enum","record_bytes":29952,"table_bytes":5952,"interner_bytes":36736,"metadata_bytes":7584,"cache_bytes":16184,"records":544,"tables":372,"logical_words":372,"total_bytes_est":96408},"closure_iterations":46,"checksum":7171072,"verified":true}
EVENT_LAB {"kind":"relations_free_join","candidate":"essential64","product_mode":"views-inputs","bits":12,"worlds":4096,"rows":128,"groups":16,"memo":true,"build_s":[0.000123125],"join_only_s":[3.4458e-5],"fresh_s":[0.001629542],"warm_s":[1.1791e-5],"input_bytes_est":15789,"final_bytes_est":108772,"input_nodes":117,"final_nodes":544,"input_storage":{"layout":"enum","record_bytes":3744,"table_bytes":1232,"interner_bytes":9184,"metadata_bytes":1032,"cache_bytes":357,"records":117,"tables":77,"logical_words":77,"total_bytes_est":15549},"final_storage":{"layout":"enum","record_bytes":29952,"table_bytes":5952,"interner_bytes":36736,"metadata_bytes":7584,"cache_bytes":16184,"records":544,"tables":372,"logical_words":372,"total_bytes_est":96408},"closure_iterations":46,"checksum":7171072,"verified":true}
EVENT_LAB {"kind":"relations_free_join","candidate":"essential64","product_mode":"views-inputs","bits":18,"worlds":262144,"rows":128,"groups":16,"memo":false,"build_s":[0.001655417],"join_only_s":[2.2583e-5],"fresh_s":[0.040301375],"warm_s":[0.037407167],"input_bytes_est":126240,"final_bytes_est":911096,"input_nodes":1058,"final_nodes":4924,"input_storage":{"layout":"enum","record_bytes":33856,"table_bytes":5184,"interner_bytes":73472,"metadata_bytes":8608,"cache_bytes":4760,"records":1058,"tables":324,"logical_words":324,"total_bytes_est":125880},"final_storage":{"layout":"enum","record_bytes":270848,"table_bytes":26816,"interner_bytes":293888,"metadata_bytes":67856,"cache_bytes":251328,"records":4924,"tables":1676,"logical_words":1676,"total_bytes_est":910736},"closure_iterations":52,"checksum":215255808,"verified":true}
EVENT_LAB {"kind":"relations_free_join","candidate":"essential64","product_mode":"views-inputs","bits":18,"worlds":262144,"rows":128,"groups":16,"memo":true,"build_s":[0.001655417],"join_only_s":[2.2583e-5],"fresh_s":[0.021828542],"warm_s":[1.9625e-5],"input_bytes_est":126240,"final_bytes_est":923668,"input_nodes":1058,"final_nodes":4924,"input_storage":{"layout":"enum","record_bytes":33856,"table_bytes":5184,"interner_bytes":73472,"metadata_bytes":8608,"cache_bytes":4760,"records":1058,"tables":324,"logical_words":324,"total_bytes_est":125880},"final_storage":{"layout":"enum","record_bytes":270848,"table_bytes":26816,"interner_bytes":293888,"metadata_bytes":67856,"cache_bytes":251328,"records":4924,"tables":1676,"logical_words":1676,"total_bytes_est":910736},"closure_iterations":52,"checksum":215255808,"verified":true}
ok

test result: ok. 1 passed; 0 failed; 0 ignored; 0 measured; 1378 filtered out; finished in 0.69s


        0.69 real         0.67 user         0.01 sys
            13434880  maximum resident set size
                   0  average shared memory size
                   0  average unshared data size
                   0  average unshared stack size
                1035  page reclaims
                   0  page faults
                   0  swaps
                   0  block input operations
                   0  block output operations
                   0  messages sent
                   0  messages received
                   0  signals received
                   0  voluntary context switches
                 230  involuntary context switches
         11765349957  instructions retired
          2319264308  cycles elapsed
            10568064  peak memory footprint
