
running 1 test
test event_repr_lab::experiment ... EVENT_LAB {"kind":"relations_free_join","candidate":"essential64","product_mode":"views","bits":12,"worlds":4096,"rows":128,"groups":16,"memo":false,"build_s":[0.000141042],"join_only_s":[3.6084e-5],"fresh_s":[0.001894625],"warm_s":[0.000796],"input_bytes_est":15789,"final_bytes_est":383072,"input_nodes":117,"final_nodes":2243,"input_storage":{"layout":"enum","record_bytes":3744,"table_bytes":1232,"interner_bytes":9184,"metadata_bytes":1032,"cache_bytes":357,"records":117,"tables":77,"logical_words":77,"total_bytes_est":15549},"final_storage":{"layout":"enum","record_bytes":119808,"table_bytes":25104,"interner_bytes":146944,"metadata_bytes":30048,"cache_bytes":60928,"records":2243,"tables":1569,"logical_words":1569,"total_bytes_est":382832},"closure_iterations":46,"checksum":7171072,"verified":true}
EVENT_LAB {"kind":"relations_free_join","candidate":"essential64","product_mode":"views","bits":12,"worlds":4096,"rows":128,"groups":16,"memo":true,"build_s":[0.000141042],"join_only_s":[3.6084e-5],"fresh_s":[0.001337833],"warm_s":[1.8792e-5],"input_bytes_est":15789,"final_bytes_est":394844,"input_nodes":117,"final_nodes":2243,"input_storage":{"layout":"enum","record_bytes":3744,"table_bytes":1232,"interner_bytes":9184,"metadata_bytes":1032,"cache_bytes":357,"records":117,"tables":77,"logical_words":77,"total_bytes_est":15549},"final_storage":{"layout":"enum","record_bytes":119808,"table_bytes":25104,"interner_bytes":146944,"metadata_bytes":30048,"cache_bytes":60928,"records":2243,"tables":1569,"logical_words":1569,"total_bytes_est":382832},"closure_iterations":46,"checksum":7171072,"verified":true}
EVENT_LAB {"kind":"relations_free_join","candidate":"essential64","product_mode":"views","bits":18,"worlds":262144,"rows":128,"groups":16,"memo":false,"build_s":[0.001581791],"join_only_s":[1.7375e-5],"fresh_s":[0.01753475],"warm_s":[0.006766542],"input_bytes_est":126240,"final_bytes_est":3616088,"input_nodes":1058,"final_nodes":23097,"input_storage":{"layout":"enum","record_bytes":33856,"table_bytes":5184,"interner_bytes":73472,"metadata_bytes":8608,"cache_bytes":4760,"records":1058,"tables":324,"logical_words":324,"total_bytes_est":125880},"final_storage":{"layout":"enum","record_bytes":1083392,"table_bytes":110944,"interner_bytes":1175552,"metadata_bytes":270992,"cache_bytes":974848,"records":23097,"tables":6934,"logical_words":6934,"total_bytes_est":3615728},"closure_iterations":52,"checksum":215255808,"verified":true}
EVENT_LAB {"kind":"relations_free_join","candidate":"essential64","product_mode":"views","bits":18,"worlds":262144,"rows":128,"groups":16,"memo":true,"build_s":[0.001581791],"join_only_s":[1.7375e-5],"fresh_s":[0.014461042],"warm_s":[2.7958e-5],"input_bytes_est":126240,"final_bytes_est":3627860,"input_nodes":1058,"final_nodes":23097,"input_storage":{"layout":"enum","record_bytes":33856,"table_bytes":5184,"interner_bytes":73472,"metadata_bytes":8608,"cache_bytes":4760,"records":1058,"tables":324,"logical_words":324,"total_bytes_est":125880},"final_storage":{"layout":"enum","record_bytes":1083392,"table_bytes":110944,"interner_bytes":1175552,"metadata_bytes":270992,"cache_bytes":974848,"records":23097,"tables":6934,"logical_words":6934,"total_bytes_est":3615728},"closure_iterations":52,"checksum":215255808,"verified":true}
ok

test result: ok. 1 passed; 0 failed; 0 ignored; 0 measured; 1378 filtered out; finished in 0.62s


        0.62 real         0.61 user         0.01 sys
            15368192  maximum resident set size
                   0  average shared memory size
                   0  average unshared data size
                   0  average unshared stack size
                1151  page reclaims
                   0  page faults
                   0  swaps
                   0  block input operations
                   0  block output operations
                   0  messages sent
                   0  messages received
                   0  signals received
                   0  voluntary context switches
                 296  involuntary context switches
         10533049600  instructions retired
          2103108108  cycles elapsed
            12501400  peak memory footprint
