
running 1 test
test event_repr_lab::experiment ... EVENT_LAB {"kind":"legal_relation_free_join","candidate":"prefix512","domain":"below","product_mode":"views","support_gates":"certified","bits":12,"width":4,"environments":1,"worlds":4096,"admissible_worlds":2197,"rows":128,"groups":16,"outputs":80,"memo":false,"build_s":[0.000643125],"support_s":[8.4042e-5],"import_s":[0.000529416],"admission_s":[2.9041e-5],"join_only_s":[2.8333e-5],"fresh_s":[0.000735375],"warm_s":[0.00046925],"fresh_compute_s":[0.000686],"fresh_count_s":[4.9209e-5],"warm_compute_s":[0.000424291],"warm_count_s":[4.4709e-5],"input_bytes_est":80159,"final_bytes_est":125555,"input_nodes":674,"final_nodes":1141,"input_storage":{"layout":"slab","record_bytes":10784,"table_bytes":10536,"interner_bytes":17928,"metadata_bytes":5536,"cache_bytes":34919,"records":674,"tables":670,"logical_words":1317,"total_bytes_est":79703},"final_storage":{"layout":"slab","record_bytes":21568,"table_bytes":21072,"interner_bytes":35856,"metadata_bytes":10928,"cache_bytes":34919,"records":1141,"tables":1137,"logical_words":2244,"total_bytes_est":124343},"checksum":3773900,"verified":true}
EVENT_LAB {"kind":"legal_relation_free_join","candidate":"prefix512","domain":"below","product_mode":"views","support_gates":"certified","bits":12,"width":4,"environments":1,"worlds":4096,"admissible_worlds":2197,"rows":128,"groups":16,"outputs":80,"memo":true,"build_s":[0.000643125],"support_s":[8.4042e-5],"import_s":[0.000529416],"admission_s":[2.9041e-5],"join_only_s":[2.8333e-5],"fresh_s":[0.000519167],"warm_s":[5.6917e-5],"fresh_compute_s":[0.000475375],"fresh_count_s":[4.3459e-5],"warm_compute_s":[1.4209e-5],"warm_count_s":[4.2625e-5],"input_bytes_est":80159,"final_bytes_est":137455,"input_nodes":674,"final_nodes":1141,"input_storage":{"layout":"slab","record_bytes":10784,"table_bytes":10536,"interner_bytes":17928,"metadata_bytes":5536,"cache_bytes":34919,"records":674,"tables":670,"logical_words":1317,"total_bytes_est":79703},"final_storage":{"layout":"slab","record_bytes":21568,"table_bytes":21072,"interner_bytes":35856,"metadata_bytes":10928,"cache_bytes":34919,"records":1141,"tables":1137,"logical_words":2244,"total_bytes_est":124343},"checksum":3773900,"verified":true}
EVENT_LAB {"kind":"legal_relation_free_join","candidate":"prefix512","domain":"below","product_mode":"views","support_gates":"certified","bits":18,"width":6,"environments":1,"worlds":262144,"admissible_worlds":226981,"rows":128,"groups":16,"outputs":80,"memo":false,"build_s":[0.006261666],"support_s":[0.000108083],"import_s":[0.006077875],"admission_s":[7.4792e-5],"join_only_s":[1.7291e-5],"fresh_s":[0.010442584],"warm_s":[0.004967292],"fresh_compute_s":[0.010311167],"fresh_count_s":[0.000130958],"warm_compute_s":[0.004836834],"warm_count_s":[0.00013],"input_bytes_est":948555,"final_bytes_est":2523811,"input_nodes":8093,"final_nodes":19046,"input_storage":{"layout":"slab","record_bytes":129488,"table_bytes":156064,"interner_bytes":276084,"metadata_bytes":64960,"cache_bytes":321287,"records":8093,"tables":4282,"logical_words":19508,"total_bytes_est":947883},"final_storage":{"layout":"slab","record_bytes":517952,"table_bytes":624256,"interner_bytes":616912,"metadata_bytes":259192,"cache_bytes":504071,"records":19046,"tables":10910,"logical_words":48820,"total_bytes_est":2522383},"checksum":181462800,"verified":true}
EVENT_LAB {"kind":"legal_relation_free_join","candidate":"prefix512","domain":"below","product_mode":"views","support_gates":"certified","bits":18,"width":6,"environments":1,"worlds":262144,"admissible_worlds":226981,"rows":128,"groups":16,"outputs":80,"memo":true,"build_s":[0.006261666],"support_s":[0.000108083],"import_s":[0.006077875],"admission_s":[7.4792e-5],"join_only_s":[1.7291e-5],"fresh_s":[0.008099041],"warm_s":[0.000168458],"fresh_compute_s":[0.007962375],"fresh_count_s":[0.000136209],"warm_compute_s":[2.6958e-5],"warm_count_s":[0.000140833],"input_bytes_est":948555,"final_bytes_est":2537307,"input_nodes":8093,"final_nodes":19046,"input_storage":{"layout":"slab","record_bytes":129488,"table_bytes":156064,"interner_bytes":276084,"metadata_bytes":64960,"cache_bytes":321287,"records":8093,"tables":4282,"logical_words":19508,"total_bytes_est":947883},"final_storage":{"layout":"slab","record_bytes":517952,"table_bytes":624256,"interner_bytes":616912,"metadata_bytes":259192,"cache_bytes":504071,"records":19046,"tables":10910,"logical_words":48820,"total_bytes_est":2522383},"checksum":181462800,"verified":true}
ok

test result: ok. 1 passed; 0 failed; 0 ignored; 0 measured; 1378 filtered out; finished in 3.15s


        3.15 real         3.13 user         0.02 sys
            19300352  maximum resident set size
                   0  average shared memory size
                   0  average unshared data size
                   0  average unshared stack size
                1392  page reclaims
                   0  page faults
                   0  swaps
                   0  block input operations
                   0  block output operations
                   0  messages sent
                   0  messages received
                   0  signals received
                   0  voluntary context switches
                 397  involuntary context switches
         44939573353  instructions retired
         10513318665  cycles elapsed
            16220568  peak memory footprint
