
running 1 test
test event_repr_lab::experiment ... EVENT_LAB {"kind":"legal_relation_free_join","candidate":"packed512","domain":"fibred","product_mode":"materialized","support_gates":"materialized","bits":13,"width":4,"environments":2,"worlds":8192,"admissible_worlds":3197,"rows":128,"groups":16,"outputs":80,"memo":false,"build_s":[0.0013705],"support_s":[8.625e-5],"import_s":[0.001004084],"admission_s":[0.00027975],"join_only_s":[2.8833e-5],"fresh_s":[0.001690209],"warm_s":[0.001107458],"fresh_compute_s":[0.001644125],"fresh_count_s":[4.5916e-5],"warm_compute_s":[0.001066791],"warm_count_s":[4.0459e-5],"input_bytes_est":294828,"final_bytes_est":1034704,"input_nodes":2440,"final_nodes":6535,"input_storage":null,"final_storage":null,"checksum":5522780,"verified":true}
EVENT_LAB {"kind":"legal_relation_free_join","candidate":"packed512","domain":"fibred","product_mode":"materialized","support_gates":"materialized","bits":13,"width":4,"environments":2,"worlds":8192,"admissible_worlds":3197,"rows":128,"groups":16,"outputs":80,"memo":true,"build_s":[0.0013705],"support_s":[8.625e-5],"import_s":[0.001004084],"admission_s":[0.00027975],"join_only_s":[2.8833e-5],"fresh_s":[0.000858291],"warm_s":[5.3375e-5],"fresh_compute_s":[0.000815666],"fresh_count_s":[4.2459e-5],"warm_compute_s":[1.325e-5],"warm_count_s":[4.0042e-5],"input_bytes_est":294828,"final_bytes_est":1047696,"input_nodes":2440,"final_nodes":6535,"input_storage":null,"final_storage":null,"checksum":5522780,"verified":true}
EVENT_LAB {"kind":"legal_relation_free_join","candidate":"packed512","domain":"fibred","product_mode":"materialized","support_gates":"materialized","bits":19,"width":6,"environments":2,"worlds":524288,"admissible_worlds":301069,"rows":128,"groups":16,"outputs":80,"memo":false,"build_s":[0.061130292],"support_s":[0.00040225],"import_s":[0.055741125],"admission_s":[0.004985167],"join_only_s":[1.6292e-5],"fresh_s":[0.011292083],"warm_s":[0.006881958],"fresh_compute_s":[0.010445208],"fresh_count_s":[0.000846459],"warm_compute_s":[0.006037542],"warm_count_s":[0.000843666],"input_bytes_est":5620604,"final_bytes_est":13305144,"input_nodes":36612,"final_nodes":98153,"input_storage":null,"final_storage":null,"checksum":243821880,"verified":true}
EVENT_LAB {"kind":"legal_relation_free_join","candidate":"packed512","domain":"fibred","product_mode":"materialized","support_gates":"materialized","bits":19,"width":6,"environments":2,"worlds":524288,"admissible_worlds":301069,"rows":128,"groups":16,"outputs":80,"memo":true,"build_s":[0.061130292],"support_s":[0.00040225],"import_s":[0.055741125],"admission_s":[0.004985167],"join_only_s":[1.6292e-5],"fresh_s":[0.008739041],"warm_s":[0.000901208],"fresh_compute_s":[0.007875958],"fresh_count_s":[0.000859666],"warm_compute_s":[3.3875e-5],"warm_count_s":[0.000866083],"input_bytes_est":5620604,"final_bytes_est":13322168,"input_nodes":36612,"final_nodes":98153,"input_storage":null,"final_storage":null,"checksum":243821880,"verified":true}
ok

test result: ok. 1 passed; 0 failed; 0 ignored; 0 measured; 1378 filtered out; finished in 5.57s


        5.57 real         5.50 user         0.06 sys
            42598400  maximum resident set size
                   0  average shared memory size
                   0  average unshared data size
                   0  average unshared stack size
                2815  page reclaims
                   0  page faults
                   0  swaps
                   0  block input operations
                   0  block output operations
                   0  messages sent
                   0  messages received
                   0  signals received
                   0  voluntary context switches
                 152  involuntary context switches
         67319285968  instructions retired
         18851062559  cycles elapsed
            39748016  peak memory footprint
