
running 1 test
test event_repr_lab::experiment ... EVENT_LAB {"kind":"legal_relation_free_join","candidate":"essential512","domain":"below","product_mode":"views","support_gates":"certified","bits":12,"width":4,"environments":1,"worlds":4096,"admissible_worlds":2197,"rows":128,"groups":16,"outputs":80,"memo":false,"build_s":[0.000356792],"support_s":[4.775e-5],"import_s":[0.000157417],"admission_s":[0.000151167],"join_only_s":[5.875e-5],"fresh_s":[0.00238675],"warm_s":[0.00077075],"fresh_compute_s":[0.002386375],"fresh_count_s":[2.08e-7],"warm_compute_s":[0.000770334],"warm_count_s":[2.92e-7],"input_bytes_est":36808,"final_bytes_est":306783,"input_nodes":400,"final_nodes":2528,"input_storage":{"layout":"slab","record_bytes":6400,"table_bytes":7920,"interner_bytes":9216,"metadata_bytes":3296,"cache_bytes":9520,"records":400,"tables":213,"logical_words":990,"total_bytes_est":36352},"final_storage":{"layout":"slab","record_bytes":51200,"table_bytes":63360,"interner_bytes":73728,"metadata_bytes":25696,"cache_bytes":91587,"records":2528,"tables":1797,"logical_words":7856,"total_bytes_est":305571},"checksum":3773900,"verified":true}
EVENT_LAB {"kind":"legal_relation_free_join","candidate":"essential512","domain":"below","product_mode":"views","support_gates":"certified","bits":12,"width":4,"environments":1,"worlds":4096,"admissible_worlds":2197,"rows":128,"groups":16,"outputs":80,"memo":true,"build_s":[0.000356792],"support_s":[4.775e-5],"import_s":[0.000157417],"admission_s":[0.000151167],"join_only_s":[5.875e-5],"fresh_s":[0.001827125],"warm_s":[2.125e-5],"fresh_compute_s":[0.00182675],"fresh_count_s":[1.67e-7],"warm_compute_s":[2.05e-5],"warm_count_s":[4.17e-7],"input_bytes_est":36808,"final_bytes_est":318683,"input_nodes":400,"final_nodes":2528,"input_storage":{"layout":"slab","record_bytes":6400,"table_bytes":7920,"interner_bytes":9216,"metadata_bytes":3296,"cache_bytes":9520,"records":400,"tables":213,"logical_words":990,"total_bytes_est":36352},"final_storage":{"layout":"slab","record_bytes":51200,"table_bytes":63360,"interner_bytes":73728,"metadata_bytes":25696,"cache_bytes":91587,"records":2528,"tables":1797,"logical_words":7856,"total_bytes_est":305571},"checksum":3773900,"verified":true}
EVENT_LAB {"kind":"legal_relation_free_join","candidate":"essential512","domain":"below","product_mode":"views","support_gates":"certified","bits":18,"width":6,"environments":1,"worlds":262144,"admissible_worlds":226981,"rows":128,"groups":16,"outputs":80,"memo":false,"build_s":[0.001415625],"support_s":[4.35e-5],"import_s":[0.001040209],"admission_s":[0.000331541],"join_only_s":[1.6875e-5],"fresh_s":[0.025359333],"warm_s":[0.00867275],"fresh_compute_s":[0.025358625],"fresh_count_s":[5.84e-7],"warm_compute_s":[0.00867125],"warm_count_s":[1.042e-6],"input_bytes_est":134364,"final_bytes_est":4275351,"input_nodes":1499,"final_nodes":33993,"input_storage":{"layout":"slab","record_bytes":23984,"table_bytes":23032,"interner_bytes":36460,"metadata_bytes":12136,"cache_bytes":38080,"records":1499,"tables":514,"logical_words":2879,"total_bytes_est":133692},"final_storage":{"layout":"slab","record_bytes":767488,"table_bytes":737024,"interner_bytes":1166720,"metadata_bytes":383888,"cache_bytes":1218803,"records":33993,"tables":13901,"logical_words":70367,"total_bytes_est":4273923},"checksum":181462800,"verified":true}
EVENT_LAB {"kind":"legal_relation_free_join","candidate":"essential512","domain":"below","product_mode":"views","support_gates":"certified","bits":18,"width":6,"environments":1,"worlds":262144,"admissible_worlds":226981,"rows":128,"groups":16,"outputs":80,"memo":true,"build_s":[0.001415625],"support_s":[4.35e-5],"import_s":[0.001040209],"admission_s":[0.000331541],"join_only_s":[1.6875e-5],"fresh_s":[0.021720292],"warm_s":[2.925e-5],"fresh_compute_s":[0.021719292],"fresh_count_s":[5.42e-7],"warm_compute_s":[2.7334e-5],"warm_count_s":[1.291e-6],"input_bytes_est":134364,"final_bytes_est":4288847,"input_nodes":1499,"final_nodes":33993,"input_storage":{"layout":"slab","record_bytes":23984,"table_bytes":23032,"interner_bytes":36460,"metadata_bytes":12136,"cache_bytes":38080,"records":1499,"tables":514,"logical_words":2879,"total_bytes_est":133692},"final_storage":{"layout":"slab","record_bytes":767488,"table_bytes":737024,"interner_bytes":1166720,"metadata_bytes":383888,"cache_bytes":1218803,"records":33993,"tables":13901,"logical_words":70367,"total_bytes_est":4273923},"checksum":181462800,"verified":true}
ok

test result: ok. 1 passed; 0 failed; 0 ignored; 0 measured; 1378 filtered out; finished in 4.43s


        4.43 real         4.39 user         0.04 sys
            23642112  maximum resident set size
                   0  average shared memory size
                   0  average unshared data size
                   0  average unshared stack size
                1658  page reclaims
                   0  page faults
                   0  swaps
                   0  block input operations
                   0  block output operations
                   0  messages sent
                   0  messages received
                   0  signals received
                   0  voluntary context switches
                 397  involuntary context switches
         61287689080  instructions retired
         14820222197  cycles elapsed
            20627864  peak memory footprint
