
running 1 test
test event_repr_lab::experiment ... EVENT_LAB {"kind":"legal_relation_free_join","candidate":"packed512","domain":"below","product_mode":"materialized","support_gates":"materialized","bits":12,"width":4,"environments":1,"worlds":4096,"admissible_worlds":2197,"rows":128,"groups":16,"outputs":80,"memo":false,"build_s":[0.000609208],"support_s":[2.2041e-5],"import_s":[0.000494208],"admission_s":[9.2625e-5],"join_only_s":[2.7625e-5],"fresh_s":[0.001121459],"warm_s":[0.000918083],"fresh_compute_s":[0.0010975],"fresh_count_s":[2.375e-5],"warm_compute_s":[0.000890125],"warm_count_s":[2.775e-5],"input_bytes_est":94540,"final_bytes_est":330640,"input_nodes":642,"final_nodes":2427,"input_storage":null,"final_storage":null,"checksum":3773900,"verified":true}
EVENT_LAB {"kind":"legal_relation_free_join","candidate":"packed512","domain":"below","product_mode":"materialized","support_gates":"materialized","bits":12,"width":4,"environments":1,"worlds":4096,"admissible_worlds":2197,"rows":128,"groups":16,"outputs":80,"memo":true,"build_s":[0.000609208],"support_s":[2.2041e-5],"import_s":[0.000494208],"admission_s":[9.2625e-5],"join_only_s":[2.7625e-5],"fresh_s":[0.000472041],"warm_s":[3.6125e-5],"fresh_compute_s":[0.000450333],"fresh_count_s":[2.1542e-5],"warm_compute_s":[1.4792e-5],"warm_count_s":[2.1167e-5],"input_bytes_est":94540,"final_bytes_est":343632,"input_nodes":642,"final_nodes":2427,"input_storage":null,"final_storage":null,"checksum":3773900,"verified":true}
EVENT_LAB {"kind":"legal_relation_free_join","candidate":"packed512","domain":"below","product_mode":"materialized","support_gates":"materialized","bits":18,"width":6,"environments":1,"worlds":262144,"admissible_worlds":226981,"rows":128,"groups":16,"outputs":80,"memo":false,"build_s":[0.028068125],"support_s":[2.4042e-5],"import_s":[0.027888458],"admission_s":[0.000155125],"join_only_s":[1.3917e-5],"fresh_s":[0.003468625],"warm_s":[0.0020535],"fresh_compute_s":[0.003303083],"fresh_count_s":[0.000165083],"warm_compute_s":[0.001879292],"warm_count_s":[0.00017375],"input_bytes_est":344572,"final_bytes_est":2465152,"input_nodes":3011,"final_nodes":17618,"input_storage":null,"final_storage":null,"checksum":181462800,"verified":true}
EVENT_LAB {"kind":"legal_relation_free_join","candidate":"packed512","domain":"below","product_mode":"materialized","support_gates":"materialized","bits":18,"width":6,"environments":1,"worlds":262144,"admissible_worlds":226981,"rows":128,"groups":16,"outputs":80,"memo":true,"build_s":[0.028068125],"support_s":[2.4042e-5],"import_s":[0.027888458],"admission_s":[0.000155125],"join_only_s":[1.3917e-5],"fresh_s":[0.002273875],"warm_s":[0.000217],"fresh_compute_s":[0.002066334],"fresh_count_s":[0.000205541],"warm_compute_s":[2.8791e-5],"warm_count_s":[0.000187875],"input_bytes_est":344572,"final_bytes_est":2478144,"input_nodes":3011,"final_nodes":17618,"input_storage":null,"final_storage":null,"checksum":181462800,"verified":true}
ok

test result: ok. 1 passed; 0 failed; 0 ignored; 0 measured; 1378 filtered out; finished in 2.19s


        2.19 real         2.16 user         0.02 sys
            15171584  maximum resident set size
                   0  average shared memory size
                   0  average unshared data size
                   0  average unshared stack size
                1141  page reclaims
                   0  page faults
                   0  swaps
                   0  block input operations
                   0  block output operations
                   0  messages sent
                   0  messages received
                   0  signals received
                   0  voluntary context switches
                 195  involuntary context switches
         32542589852  instructions retired
          7340009924  cycles elapsed
            12321152  peak memory footprint
