
running 1 test
test event_repr_lab::experiment ... EVENT_LAB {"kind":"legal_relation_free_join","candidate":"essential512","domain":"full","product_mode":"views","support_gates":"certified","bits":12,"width":4,"environments":1,"worlds":4096,"admissible_worlds":4096,"rows":128,"groups":16,"outputs":80,"memo":false,"build_s":[8.7542e-5],"support_s":[1.4584e-5],"import_s":[4.9416e-5],"admission_s":[2.3083e-5],"join_only_s":[3.5417e-5],"fresh_s":[0.000554625],"warm_s":[0.000335417],"fresh_compute_s":[0.000554209],"fresh_count_s":[2.5e-7],"warm_compute_s":[0.000334917],"warm_count_s":[2.92e-7],"input_bytes_est":3383,"final_bytes_est":24908,"input_nodes":40,"final_nodes":215,"input_storage":{"layout":"slab","record_bytes":640,"table_bytes":640,"interner_bytes":1112,"metadata_bytes":416,"cache_bytes":119,"records":40,"tables":39,"logical_words":80,"total_bytes_est":2927},"final_storage":{"layout":"slab","record_bytes":5120,"table_bytes":5120,"interner_bytes":5088,"metadata_bytes":2656,"cache_bytes":5712,"records":215,"tables":214,"logical_words":450,"total_bytes_est":23696},"checksum":7171072,"verified":true}
EVENT_LAB {"kind":"legal_relation_free_join","candidate":"essential512","domain":"full","product_mode":"views","support_gates":"certified","bits":12,"width":4,"environments":1,"worlds":4096,"admissible_worlds":4096,"rows":128,"groups":16,"outputs":80,"memo":true,"build_s":[8.7542e-5],"support_s":[1.4584e-5],"import_s":[4.9416e-5],"admission_s":[2.3083e-5],"join_only_s":[3.5417e-5],"fresh_s":[0.000345292],"warm_s":[1.3458e-5],"fresh_compute_s":[0.000344834],"fresh_count_s":[2.5e-7],"warm_compute_s":[1.3083e-5],"warm_count_s":[3.33e-7],"input_bytes_est":3383,"final_bytes_est":36680,"input_nodes":40,"final_nodes":215,"input_storage":{"layout":"slab","record_bytes":640,"table_bytes":640,"interner_bytes":1112,"metadata_bytes":416,"cache_bytes":119,"records":40,"tables":39,"logical_words":80,"total_bytes_est":2927},"final_storage":{"layout":"slab","record_bytes":5120,"table_bytes":5120,"interner_bytes":5088,"metadata_bytes":2656,"cache_bytes":5712,"records":215,"tables":214,"logical_words":450,"total_bytes_est":23696},"checksum":7171072,"verified":true}
EVENT_LAB {"kind":"legal_relation_free_join","candidate":"essential512","domain":"full","product_mode":"views","support_gates":"certified","bits":18,"width":6,"environments":1,"worlds":262144,"admissible_worlds":262144,"rows":128,"groups":16,"outputs":80,"memo":false,"build_s":[0.000682041],"support_s":[7.333e-6],"import_s":[0.000650708],"admission_s":[2.3625e-5],"join_only_s":[1.725e-5],"fresh_s":[0.003223834],"warm_s":[0.00191375],"fresh_compute_s":[0.003223375],"fresh_count_s":[3.33e-7],"warm_compute_s":[0.001912667],"warm_count_s":[7.5e-7],"input_bytes_est":15611,"final_bytes_est":232996,"input_nodes":186,"final_nodes":1776,"input_storage":{"layout":"slab","record_bytes":2976,"table_bytes":5184,"interner_bytes":4552,"metadata_bytes":1632,"cache_bytes":595,"records":186,"tables":106,"logical_words":648,"total_bytes_est":14939},"final_storage":{"layout":"slab","record_bytes":47616,"table_bytes":41472,"interner_bytes":42368,"metadata_bytes":23952,"cache_bytes":76160,"records":1776,"tables":1414,"logical_words":4882,"total_bytes_est":231568},"checksum":215255808,"verified":true}
EVENT_LAB {"kind":"legal_relation_free_join","candidate":"essential512","domain":"full","product_mode":"views","support_gates":"certified","bits":18,"width":6,"environments":1,"worlds":262144,"admissible_worlds":262144,"rows":128,"groups":16,"outputs":80,"memo":true,"build_s":[0.000682041],"support_s":[7.333e-6],"import_s":[0.000650708],"admission_s":[2.3625e-5],"join_only_s":[1.725e-5],"fresh_s":[0.002327416],"warm_s":[2.7459e-5],"fresh_compute_s":[0.002326375],"fresh_count_s":[4.58e-7],"warm_compute_s":[2.6042e-5],"warm_count_s":[7.08e-7],"input_bytes_est":15611,"final_bytes_est":244768,"input_nodes":186,"final_nodes":1776,"input_storage":{"layout":"slab","record_bytes":2976,"table_bytes":5184,"interner_bytes":4552,"metadata_bytes":1632,"cache_bytes":595,"records":186,"tables":106,"logical_words":648,"total_bytes_est":14939},"final_storage":{"layout":"slab","record_bytes":47616,"table_bytes":41472,"interner_bytes":42368,"metadata_bytes":23952,"cache_bytes":76160,"records":1776,"tables":1414,"logical_words":4882,"total_bytes_est":231568},"checksum":215255808,"verified":true}
ok

test result: ok. 1 passed; 0 failed; 0 ignored; 0 measured; 1378 filtered out; finished in 0.98s


        0.98 real         0.97 user         0.00 sys
            10223616  maximum resident set size
                   0  average shared memory size
                   0  average unshared data size
                   0  average unshared stack size
                 838  page reclaims
                   0  page faults
                   0  swaps
                   0  block input operations
                   0  block output operations
                   0  messages sent
                   0  messages received
                   0  signals received
                   0  voluntary context switches
                 201  involuntary context switches
         18650008061  instructions retired
          3261478327  cycles elapsed
             7192960  peak memory footprint
