
running 1 test
test event_repr_lab::experiment ... EVENT_LAB {"kind":"legal_relation_free_join","candidate":"prefix512","domain":"below","product_mode":"views","support_gates":"certified","bits":12,"width":4,"environments":1,"worlds":4096,"admissible_worlds":2197,"rows":128,"groups":16,"outputs":80,"memo":false,"build_s":[0.000606834],"support_s":[8.6209e-5],"import_s":[0.000492166],"admission_s":[2.8083e-5],"join_only_s":[2.5e-5],"fresh_s":[0.000587791],"warm_s":[0.000385042],"fresh_compute_s":[0.000514625],"fresh_count_s":[7.3e-5],"warm_compute_s":[0.00031925],"warm_count_s":[6.5667e-5],"input_bytes_est":71107,"final_bytes_est":109467,"input_nodes":655,"final_nodes":824,"input_storage":{"layout":"slab","record_bytes":10480,"table_bytes":11648,"interner_bytes":17852,"metadata_bytes":5384,"cache_bytes":25287,"records":655,"tables":651,"logical_words":1456,"total_bytes_est":70651},"final_storage":{"layout":"slab","record_bytes":20960,"table_bytes":23296,"interner_bytes":20472,"metadata_bytes":10624,"cache_bytes":32903,"records":824,"tables":820,"logical_words":1820,"total_bytes_est":108255},"checksum":3773900,"verified":true}
EVENT_LAB {"kind":"legal_relation_free_join","candidate":"prefix512","domain":"below","product_mode":"views","support_gates":"certified","bits":12,"width":4,"environments":1,"worlds":4096,"admissible_worlds":2197,"rows":128,"groups":16,"outputs":80,"memo":true,"build_s":[0.000606834],"support_s":[8.6209e-5],"import_s":[0.000492166],"admission_s":[2.8083e-5],"join_only_s":[2.5e-5],"fresh_s":[0.000385625],"warm_s":[7.6542e-5],"fresh_compute_s":[0.0003205],"fresh_count_s":[6.5e-5],"warm_compute_s":[1.2167e-5],"warm_count_s":[6.4291e-5],"input_bytes_est":71107,"final_bytes_est":121367,"input_nodes":655,"final_nodes":824,"input_storage":{"layout":"slab","record_bytes":10480,"table_bytes":11648,"interner_bytes":17852,"metadata_bytes":5384,"cache_bytes":25287,"records":655,"tables":651,"logical_words":1456,"total_bytes_est":70651},"final_storage":{"layout":"slab","record_bytes":20960,"table_bytes":23296,"interner_bytes":20472,"metadata_bytes":10624,"cache_bytes":32903,"records":824,"tables":820,"logical_words":1820,"total_bytes_est":108255},"checksum":3773900,"verified":true}
EVENT_LAB {"kind":"legal_relation_free_join","candidate":"prefix512","domain":"below","product_mode":"views","support_gates":"certified","bits":18,"width":6,"environments":1,"worlds":262144,"admissible_worlds":226981,"rows":128,"groups":16,"outputs":80,"memo":false,"build_s":[0.006095958],"support_s":[0.000130208],"import_s":[0.005889875],"admission_s":[7.5458e-5],"join_only_s":[1.825e-5],"fresh_s":[0.00490425],"warm_s":[0.003605916],"fresh_compute_s":[0.003274125],"fresh_count_s":[0.001629916],"warm_compute_s":[0.001997791],"warm_count_s":[0.001607083],"input_bytes_est":666415,"final_bytes_est":1324115,"input_nodes":6924,"final_nodes":8461,"input_storage":{"layout":"slab","record_bytes":110784,"table_bytes":158432,"interner_bytes":149552,"metadata_bytes":55608,"cache_bytes":191367,"records":6924,"tables":4337,"logical_words":19804,"total_bytes_est":665743},"final_storage":{"layout":"slab","record_bytes":221568,"table_bytes":316864,"interner_bytes":299104,"metadata_bytes":111000,"cache_bytes":374151,"records":8461,"tables":5561,"logical_words":23829,"total_bytes_est":1322687},"checksum":181462800,"verified":true}
EVENT_LAB {"kind":"legal_relation_free_join","candidate":"prefix512","domain":"below","product_mode":"views","support_gates":"certified","bits":18,"width":6,"environments":1,"worlds":262144,"admissible_worlds":226981,"rows":128,"groups":16,"outputs":80,"memo":true,"build_s":[0.006095958],"support_s":[0.000130208],"import_s":[0.005889875],"admission_s":[7.5458e-5],"join_only_s":[1.825e-5],"fresh_s":[0.00412075],"warm_s":[0.001629334],"fresh_compute_s":[0.00243175],"fresh_count_s":[0.001688333],"warm_compute_s":[2.6167e-5],"warm_count_s":[0.001602334],"input_bytes_est":666415,"final_bytes_est":1337611,"input_nodes":6924,"final_nodes":8461,"input_storage":{"layout":"slab","record_bytes":110784,"table_bytes":158432,"interner_bytes":149552,"metadata_bytes":55608,"cache_bytes":191367,"records":6924,"tables":4337,"logical_words":19804,"total_bytes_est":665743},"final_storage":{"layout":"slab","record_bytes":221568,"table_bytes":316864,"interner_bytes":299104,"metadata_bytes":111000,"cache_bytes":374151,"records":8461,"tables":5561,"logical_words":23829,"total_bytes_est":1322687},"checksum":181462800,"verified":true}
ok

test result: ok. 1 passed; 0 failed; 0 ignored; 0 measured; 1378 filtered out; finished in 3.06s


        3.06 real         3.04 user         0.01 sys
            15679488  maximum resident set size
                   0  average shared memory size
                   0  average unshared data size
                   0  average unshared stack size
                1171  page reclaims
                   0  page faults
                   0  swaps
                   0  block input operations
                   0  block output operations
                   0  messages sent
                   0  messages received
                   0  signals received
                   0  voluntary context switches
                 387  involuntary context switches
         43812696136  instructions retired
         10210167728  cycles elapsed
            12599704  peak memory footprint
