
running 1 test
test event_repr_lab::experiment ... EVENT_LAB {"kind":"relations_free_join","candidate":"essential64","product_mode":"materialized","bits":12,"worlds":4096,"rows":128,"groups":16,"memo":false,"build_s":[0.000241083, 0.000166792, 0.000158584, 0.000193458, 0.000158542],"join_only_s":[6.1208e-5, 1.4333e-5, 1.3458e-5, 1.3417e-5, 1.35e-5],"fresh_s":[0.0040135, 0.001514125, 0.00146425, 0.001499458, 0.001461375],"warm_s":[0.000724792, 0.000715584, 0.000713, 0.000710792, 0.000718209],"input_bytes_est":8393,"final_bytes_est":138768,"input_nodes":117,"final_nodes":1342,"input_storage":{"layout":"slab","record_bytes":1872,"table_bytes":616,"interner_bytes":4276,"metadata_bytes":1032,"cache_bytes":357,"records":117,"tables":77,"logical_words":77,"total_bytes_est":8153},"final_storage":{"layout":"slab","record_bytes":29952,"table_bytes":9856,"interner_bytes":37952,"metadata_bytes":15072,"cache_bytes":45696,"records":1342,"tables":1026,"logical_words":1026,"total_bytes_est":138528},"closure_iterations":46,"checksum":7171072,"verified":true}
EVENT_LAB {"kind":"relations_free_join","candidate":"essential64","product_mode":"materialized","bits":12,"worlds":4096,"rows":128,"groups":16,"memo":true,"build_s":[0.000241083, 0.000166792, 0.000158584, 0.000193458, 0.000158542],"join_only_s":[6.1208e-5, 1.4333e-5, 1.3458e-5, 1.3417e-5, 1.35e-5],"fresh_s":[0.001107625, 0.001345958, 0.001134541, 0.001102792, 0.001124042],"warm_s":[1.4375e-5, 9.792e-6, 9.625e-6, 9.542e-6, 9.584e-6],"input_bytes_est":8393,"final_bytes_est":151760,"input_nodes":117,"final_nodes":1342,"input_storage":{"layout":"slab","record_bytes":1872,"table_bytes":616,"interner_bytes":4276,"metadata_bytes":1032,"cache_bytes":357,"records":117,"tables":77,"logical_words":77,"total_bytes_est":8153},"final_storage":{"layout":"slab","record_bytes":29952,"table_bytes":9856,"interner_bytes":37952,"metadata_bytes":15072,"cache_bytes":45696,"records":1342,"tables":1026,"logical_words":1026,"total_bytes_est":138528},"closure_iterations":46,"checksum":7171072,"verified":true}
EVENT_LAB {"kind":"relations_free_join","candidate":"essential64","product_mode":"materialized","bits":18,"worlds":262144,"rows":128,"groups":16,"memo":false,"build_s":[0.003789875, 0.003161833, 0.00160875, 0.001572833, 0.001614084],"join_only_s":[1.925e-5, 5.625e-6, 5.25e-6, 5.209e-6, 5.167e-6],"fresh_s":[0.04804825, 0.026853667, 0.02599825, 0.026566167, 0.025668917],"warm_s":[0.016734542, 0.016256542, 0.017471458, 0.016405, 0.016444625],"input_bytes_est":67944,"final_bytes_est":1308024,"input_nodes":1058,"final_nodes":9513,"input_storage":{"layout":"slab","record_bytes":16928,"table_bytes":2592,"interner_bytes":34696,"metadata_bytes":8608,"cache_bytes":4760,"records":1058,"tables":324,"logical_words":324,"total_bytes_est":67584},"final_storage":{"layout":"slab","record_bytes":270848,"table_bytes":41472,"interner_bytes":311424,"metadata_bytes":135568,"cache_bytes":548352,"records":9513,"tables":3306,"logical_words":3306,"total_bytes_est":1307664},"closure_iterations":52,"checksum":215255808,"verified":true}
EVENT_LAB {"kind":"relations_free_join","candidate":"essential64","product_mode":"materialized","bits":18,"worlds":262144,"rows":128,"groups":16,"memo":true,"build_s":[0.003789875, 0.003161833, 0.00160875, 0.001572833, 0.001614084],"join_only_s":[1.925e-5, 5.625e-6, 5.25e-6, 5.209e-6, 5.167e-6],"fresh_s":[0.017743583, 0.017999, 0.018415667, 0.019437417, 0.017761709],"warm_s":[2.3375e-5, 9.917e-6, 9.666e-6, 9.667e-6, 9.667e-6],"input_bytes_est":67944,"final_bytes_est":1321016,"input_nodes":1058,"final_nodes":9513,"input_storage":{"layout":"slab","record_bytes":16928,"table_bytes":2592,"interner_bytes":34696,"metadata_bytes":8608,"cache_bytes":4760,"records":1058,"tables":324,"logical_words":324,"total_bytes_est":67584},"final_storage":{"layout":"slab","record_bytes":270848,"table_bytes":41472,"interner_bytes":311424,"metadata_bytes":135568,"cache_bytes":548352,"records":9513,"tables":3306,"logical_words":3306,"total_bytes_est":1307664},"closure_iterations":52,"checksum":215255808,"verified":true}
ok

test result: ok. 1 passed; 0 failed; 0 ignored; 0 measured; 1374 filtered out; finished in 3.28s


        3.29 real         3.21 user         0.03 sys
            18579456  maximum resident set size
                   0  average shared memory size
                   0  average unshared data size
                   0  average unshared stack size
                1349  page reclaims
                   0  page faults
                   0  swaps
                   0  block input operations
                   0  block output operations
                   0  messages sent
                   0  messages received
                   0  signals received
                   0  voluntary context switches
                1175  involuntary context switches
         54696897103  instructions retired
         10791211150  cycles elapsed
            15778200  peak memory footprint
