
running 1 test
test event_repr_lab::experiment ... EVENT_LAB {"kind":"product_free_join","candidate":"essential64","product_mode":"materialized","bits":12,"worlds":4096,"rows":128,"groups":16,"memo":false,"build_s":[0.000124792, 7.5209e-5, 7.2333e-5, 7.0167e-5, 6.6333e-5],"join_only_s":[2.6083e-5, 5.375e-6, 5.208e-6, 5.083e-6, 5.209e-6],"fresh_s":[0.001388458, 0.001355959, 0.001317583, 0.001501417, 0.00138825],"warm_s":[0.00105825, 0.001072833, 0.001082667, 0.00121125, 0.001062792],"input_bytes_est":8393,"final_bytes_est":65744,"input_nodes":117,"final_nodes":851,"input_storage":{"layout":"slab","record_bytes":1872,"table_bytes":616,"interner_bytes":4276,"metadata_bytes":1032,"cache_bytes":357,"records":117,"tables":77,"logical_words":77,"total_bytes_est":8153},"final_storage":{"layout":"slab","record_bytes":14976,"table_bytes":4928,"interner_bytes":18976,"metadata_bytes":7584,"cache_bytes":19040,"records":851,"tables":531,"logical_words":531,"total_bytes_est":65504},"checksum":464640,"verified":true}
EVENT_LAB {"kind":"product_free_join","candidate":"essential64","product_mode":"materialized","bits":12,"worlds":4096,"rows":128,"groups":16,"memo":true,"build_s":[0.000124792, 7.5209e-5, 7.2333e-5, 7.0167e-5, 6.6333e-5],"join_only_s":[2.6083e-5, 5.375e-6, 5.208e-6, 5.083e-6, 5.209e-6],"fresh_s":[0.000462334, 0.000454334, 0.000449083, 0.000451166, 0.0004855],"warm_s":[9.083e-6, 8.417e-6, 8.375e-6, 8.333e-6, 8.292e-6],"input_bytes_est":8393,"final_bytes_est":73136,"input_nodes":117,"final_nodes":851,"input_storage":{"layout":"slab","record_bytes":1872,"table_bytes":616,"interner_bytes":4276,"metadata_bytes":1032,"cache_bytes":357,"records":117,"tables":77,"logical_words":77,"total_bytes_est":8153},"final_storage":{"layout":"slab","record_bytes":14976,"table_bytes":4928,"interner_bytes":18976,"metadata_bytes":7584,"cache_bytes":19040,"records":851,"tables":531,"logical_words":531,"total_bytes_est":65504},"checksum":464640,"verified":true}
EVENT_LAB {"kind":"product_free_join","candidate":"essential64","product_mode":"materialized","bits":18,"worlds":262144,"rows":128,"groups":16,"memo":false,"build_s":[0.001624375, 0.001584375, 0.0016245, 0.001518917, 0.001530166],"join_only_s":[1.9125e-5, 5.166e-6, 5e-6, 4.958e-6, 4.916e-6],"fresh_s":[0.006497709, 0.006299083, 0.006379375, 0.006295542, 0.006169958],"warm_s":[0.003824667, 0.003833458, 0.003717416, 0.003852542, 0.003794084],"input_bytes_est":67944,"final_bytes_est":639032,"input_nodes":1058,"final_nodes":7382,"input_storage":{"layout":"slab","record_bytes":16928,"table_bytes":2592,"interner_bytes":34696,"metadata_bytes":8608,"cache_bytes":4760,"records":1058,"tables":324,"logical_words":324,"total_bytes_est":67584},"final_storage":{"layout":"slab","record_bytes":135424,"table_bytes":20736,"interner_bytes":277568,"metadata_bytes":67856,"cache_bytes":137088,"records":7382,"tables":1443,"logical_words":1443,"total_bytes_est":638672},"checksum":14852224,"verified":true}
EVENT_LAB {"kind":"product_free_join","candidate":"essential64","product_mode":"materialized","bits":18,"worlds":262144,"rows":128,"groups":16,"memo":true,"build_s":[0.001624375, 0.001584375, 0.0016245, 0.001518917, 0.001530166],"join_only_s":[1.9125e-5, 5.166e-6, 5e-6, 4.958e-6, 4.916e-6],"fresh_s":[0.002890542, 0.010848208, 0.003560208, 0.002941792, 0.00301375],"warm_s":[1.7542e-5, 8.75e-6, 8.541e-6, 8.5e-6, 8.541e-6],"input_bytes_est":67944,"final_bytes_est":646424,"input_nodes":1058,"final_nodes":7382,"input_storage":{"layout":"slab","record_bytes":16928,"table_bytes":2592,"interner_bytes":34696,"metadata_bytes":8608,"cache_bytes":4760,"records":1058,"tables":324,"logical_words":324,"total_bytes_est":67584},"final_storage":{"layout":"slab","record_bytes":135424,"table_bytes":20736,"interner_bytes":277568,"metadata_bytes":67856,"cache_bytes":137088,"records":7382,"tables":1443,"logical_words":1443,"total_bytes_est":638672},"checksum":14852224,"verified":true}
ok

test result: ok. 1 passed; 0 failed; 0 ignored; 0 measured; 1374 filtered out; finished in 1.50s


        1.50 real         1.47 user         0.02 sys
            13910016  maximum resident set size
                   0  average shared memory size
                   0  average unshared data size
                   0  average unshared stack size
                1063  page reclaims
                   0  page faults
                   0  swaps
                   0  block input operations
                   0  block output operations
                   0  messages sent
                   0  messages received
                   0  signals received
                   0  voluntary context switches
                 522  involuntary context switches
         22142656843  instructions retired
          5017926631  cycles elapsed
            11157912  peak memory footprint
