
running 1 test
test event_repr_lab::experiment ... EVENT_LAB {"kind":"relations_free_join","candidate":"essential64","product_mode":"views","bits":12,"worlds":4096,"rows":128,"groups":16,"memo":false,"build_s":[0.000114375, 7.5917e-5, 6.6041e-5, 6.5333e-5, 6.5958e-5],"join_only_s":[2.4792e-5, 5.208e-6, 5e-6, 4.917e-6, 4.917e-6],"fresh_s":[0.003475375, 0.003363542, 0.003399834, 0.00361825, 0.00338775],"warm_s":[0.002970333, 0.002907459, 0.002760208, 0.002895917, 0.002692375],"input_bytes_est":15789,"final_bytes_est":196944,"input_nodes":117,"final_nodes":1499,"input_storage":{"layout":"enum","record_bytes":3744,"table_bytes":1232,"interner_bytes":9184,"metadata_bytes":1032,"cache_bytes":357,"records":117,"tables":77,"logical_words":77,"total_bytes_est":15549},"final_storage":{"layout":"enum","record_bytes":59904,"table_bytes":13984,"interner_bytes":73472,"metadata_bytes":15072,"cache_bytes":34272,"records":1499,"tables":874,"logical_words":874,"total_bytes_est":196704},"closure_iterations":46,"checksum":7171072,"verified":true}
EVENT_LAB {"kind":"relations_free_join","candidate":"essential64","product_mode":"views","bits":12,"worlds":4096,"rows":128,"groups":16,"memo":true,"build_s":[0.000114375, 7.5917e-5, 6.6041e-5, 6.5333e-5, 6.5958e-5],"join_only_s":[2.4792e-5, 5.208e-6, 5e-6, 4.917e-6, 4.917e-6],"fresh_s":[0.001956625, 0.002112917, 0.002007041, 0.002084834, 0.001926958],"warm_s":[1.4e-5, 1.0417e-5, 9.542e-6, 9.208e-6, 1.0541e-5],"input_bytes_est":15789,"final_bytes_est":208716,"input_nodes":117,"final_nodes":1499,"input_storage":{"layout":"enum","record_bytes":3744,"table_bytes":1232,"interner_bytes":9184,"metadata_bytes":1032,"cache_bytes":357,"records":117,"tables":77,"logical_words":77,"total_bytes_est":15549},"final_storage":{"layout":"enum","record_bytes":59904,"table_bytes":13984,"interner_bytes":73472,"metadata_bytes":15072,"cache_bytes":34272,"records":1499,"tables":874,"logical_words":874,"total_bytes_est":196704},"closure_iterations":46,"checksum":7171072,"verified":true}
EVENT_LAB {"kind":"relations_free_join","candidate":"essential64","product_mode":"views","bits":18,"worlds":262144,"rows":128,"groups":16,"memo":false,"build_s":[0.001579208, 0.001509208, 0.001498375, 0.001520875, 0.001555625],"join_only_s":[1.9042e-5, 5.292e-6, 5.125e-6, 5.792e-6, 6.166e-6],"fresh_s":[0.042182542, 0.042224916, 0.04168975, 0.042597959, 0.042045542],"warm_s":[0.036328375, 0.036043958, 0.037545292, 0.036767709, 0.036999292],"input_bytes_est":126240,"final_bytes_est":2402248,"input_nodes":1058,"final_nodes":14862,"input_storage":{"layout":"enum","record_bytes":33856,"table_bytes":5184,"interner_bytes":73472,"metadata_bytes":8608,"cache_bytes":4760,"records":1058,"tables":324,"logical_words":324,"total_bytes_est":125880},"final_storage":{"layout":"enum","record_bytes":541696,"table_bytes":31184,"interner_bytes":1175552,"metadata_bytes":135568,"cache_bytes":517888,"records":14862,"tables":1949,"logical_words":1949,"total_bytes_est":2401888},"closure_iterations":52,"checksum":215255808,"verified":true}
EVENT_LAB {"kind":"relations_free_join","candidate":"essential64","product_mode":"views","bits":18,"worlds":262144,"rows":128,"groups":16,"memo":true,"build_s":[0.001579208, 0.001509208, 0.001498375, 0.001520875, 0.001555625],"join_only_s":[1.9042e-5, 5.292e-6, 5.125e-6, 5.792e-6, 6.166e-6],"fresh_s":[0.02373525, 0.024402625, 0.024501333, 0.025168375, 0.024304833],"warm_s":[2.0375e-5, 8.708e-6, 8.459e-6, 8.458e-6, 8.417e-6],"input_bytes_est":126240,"final_bytes_est":2414020,"input_nodes":1058,"final_nodes":14862,"input_storage":{"layout":"enum","record_bytes":33856,"table_bytes":5184,"interner_bytes":73472,"metadata_bytes":8608,"cache_bytes":4760,"records":1058,"tables":324,"logical_words":324,"total_bytes_est":125880},"final_storage":{"layout":"enum","record_bytes":541696,"table_bytes":31184,"interner_bytes":1175552,"metadata_bytes":135568,"cache_bytes":517888,"records":14862,"tables":1949,"logical_words":1949,"total_bytes_est":2401888},"closure_iterations":52,"checksum":215255808,"verified":true}
ok

test result: ok. 1 passed; 0 failed; 0 ignored; 0 measured; 1374 filtered out; finished in 3.29s


        3.29 real         3.24 user         0.03 sys
            22020096  maximum resident set size
                   0  average shared memory size
                   0  average unshared data size
                   0  average unshared stack size
                1558  page reclaims
                   0  page faults
                   0  swaps
                   0  block input operations
                   0  block output operations
                   0  messages sent
                   0  messages received
                   0  signals received
                   0  voluntary context switches
                 814  involuntary context switches
         55508162421  instructions retired
         11012543366  cycles elapsed
            19186072  peak memory footprint
