
running 1 test
test event_repr_lab::experiment ... EVENT_LAB {"kind":"relations_free_join","candidate":"dense-dispatched","product_mode":"materialized","bits":12,"worlds":4096,"rows":128,"groups":16,"memo":false,"build_s":[4.6208e-5, 2.3334e-5, 2.2625e-5, 2.1958e-5, 2.2e-5],"join_only_s":[3.5375e-5, 5.542e-6, 5.25e-6, 5.125e-6, 5.208e-6],"fresh_s":[0.000170792, 0.00015175, 0.000147292, 0.000146542, 0.000147167],"warm_s":[0.000141917, 0.00013925, 0.000139208, 0.00013925, 0.000139166],"input_bytes_est":16000,"final_bytes_est":82536,"input_nodes":26,"final_nodes":140,"input_storage":null,"final_storage":null,"closure_iterations":46,"checksum":7171072,"verified":true}
EVENT_LAB {"kind":"relations_free_join","candidate":"dense-dispatched","product_mode":"materialized","bits":12,"worlds":4096,"rows":128,"groups":16,"memo":true,"build_s":[4.6208e-5, 2.3334e-5, 2.2625e-5, 2.1958e-5, 2.2e-5],"join_only_s":[3.5375e-5, 5.542e-6, 5.25e-6, 5.125e-6, 5.208e-6],"fresh_s":[6.4041e-5, 5.6208e-5, 5.6083e-5, 6.1333e-5, 5.35e-5],"warm_s":[1.0208e-5, 9.708e-6, 9.708e-6, 9.75e-6, 9.708e-6],"input_bytes_est":16000,"final_bytes_est":95528,"input_nodes":26,"final_nodes":140,"input_storage":null,"final_storage":null,"closure_iterations":46,"checksum":7171072,"verified":true}
EVENT_LAB {"kind":"relations_free_join","candidate":"dense-dispatched","product_mode":"materialized","bits":18,"worlds":262144,"rows":128,"groups":16,"memo":false,"build_s":[0.001210125, 0.001169916, 0.001303667, 0.001122334, 0.001144416],"join_only_s":[1.825e-5, 5.542e-6, 5.25e-6, 5.166e-6, 5.167e-6],"fresh_s":[0.0074055, 0.007540125, 0.007134416, 0.006981958, 0.007133042],"warm_s":[0.007269833, 0.007280083, 0.007262625, 0.007347375, 0.0072595],"input_bytes_est":919288,"final_bytes_est":5810728,"input_nodes":26,"final_nodes":175,"input_storage":null,"final_storage":null,"closure_iterations":52,"checksum":215255808,"verified":true}
EVENT_LAB {"kind":"relations_free_join","candidate":"dense-dispatched","product_mode":"materialized","bits":18,"worlds":262144,"rows":128,"groups":16,"memo":true,"build_s":[0.001210125, 0.001169916, 0.001303667, 0.001122334, 0.001144416],"join_only_s":[1.825e-5, 5.542e-6, 5.25e-6, 5.166e-6, 5.167e-6],"fresh_s":[0.0023795, 0.002334208, 0.002427542, 0.002477, 0.002431708],"warm_s":[5.5834e-5, 5.1875e-5, 5.1416e-5, 5.1417e-5, 5.125e-5],"input_bytes_est":919288,"final_bytes_est":5823720,"input_nodes":26,"final_nodes":175,"input_storage":null,"final_storage":null,"closure_iterations":52,"checksum":215255808,"verified":true}
ok

test result: ok. 1 passed; 0 failed; 0 ignored; 0 measured; 1374 filtered out; finished in 0.13s


        0.13 real         0.13 user         0.00 sys
            23281664  maximum resident set size
                   0  average shared memory size
                   0  average unshared data size
                   0  average unshared stack size
                1634  page reclaims
                   0  page faults
                   0  swaps
                   0  block input operations
                   0  block output operations
                   0  messages sent
                   0  messages received
                   0  signals received
                   0  voluntary context switches
                  81  involuntary context switches
          2029628072  instructions retired
           440685355  cycles elapsed
            20611480  peak memory footprint
