▶ admin certainty
  ✔ checkpoint completes with its report and the pre-dispatch ref (2.26775ms)
  ✔ registration refusal is not-started and E stays never (3.692084ms)
  ✔ a lost completion is outcome-unknown with the retained ref (0.403334ms)
  ✔ erase reports residual copies honestly (0.391542ms)
  ✔ verifyBackup is read-only with typed E (0.731042ms)
  ✔ interrupting admin joins cancellation and retains the caller's operationId (6.252042ms)
✔ admin certainty (19.091084ms)
✔ same-schema cross-origin caches refuse before serving or mutating anything (591.020208ms)
✔ a retained command ref resolves after reopen and receipts outlive their scope (134.846ms)
✔ closed and foreign capabilities refuse typed without dispatching (236.306625ms)
✔ open never creates: a missing configured database is a typed refusal, not genesis (14.117166ms)
✔ a hosted binding under the local constructor refuses typed with no genesis (5.115041ms)
▶ borrow lifecycle
  ✔ two acquires of one binding are DISTINCT borrows; releasing one leaves the other live (2.609584ms)
  ✔ a stale borrow refuses with ClosedHandle and dispatches nothing (10.320334ms)
  ✔ double release is harmless and joins the native transition (0.539292ms)
  ✔ scope close releases the borrow exactly once (idempotent with explicit release) (0.308041ms)
✔ borrow lifecycle (14.43325ms)
▶ cache surface
  ✔ evicting a borrowed slot refuses instead of revoking the borrow (1.053834ms)
  ✔ same-schema cross-origin bindings acquire isolated capabilities (0.356334ms)
  ✔ cache close is the owner decision; a released cache refuses new acquires (0.219333ms)
  ✔ inspection decodes the bounded native report (0.256958ms)
✔ cache surface (2.056375ms)
✔ native command boundaries retain exact sizes and distinguish caller misuse (677.312333ms)
✔ Event-selected log schemas survive command recovery, runtime release, cache, backup and restore (928.835458ms)
✔ Event selections participate in transition admission, replay, activation and abort (270.526584ms)
▶ LocalHistory.open
  ✔ open dispatches mode=open and never a create (2.170042ms)
  ✔ a missing database is a typed refusal, never an empty replacement (10.866375ms)
  ✔ create requires the creation artifact and dispatches mode=create (0.299917ms)
  ✔ create refuses existing authority with the native refusal, unchanged (0.256583ms)
  ✔ a hosted binding refuses at the local constructor before dispatch (0.453167ms)
✔ LocalHistory.open (14.68ms)
▶ HostedHistory.open
  ✔ credentials default to the supported provider chain (0.226708ms)
✔ HostedHistory.open (0.284375ms)
▶ bounded inspect
  ✔ inspect decodes the bounded health snapshot (OPS-TEST-01 fixture shape) (0.749584ms)
✔ bounded inspect (0.831042ms)
▶ closed capabilities
  ✔ resolve and inspect on a closed history refuse with ClosedHandle before dispatch (6.948334ms)
✔ closed capabilities (7.090292ms)
▶ returned certainty without duplicate phase
  ✔ submit decided retains its receipt without a phase field (2.978875ms)
  ✔ post-dispatch admin decode retains outcome-unknown (1.59125ms)
  ✔ native proved nonpublication stays not-started (0.245084ms)
✔ returned certainty without duplicate phase (5.468833ms)
✔ native command recovery and independent backup → verify → writable restore (1039.048917ms)
▶ submit certainty arms
  ✔ a decided receipt round-trips with local health; the ref exists before dispatch (2.774334ms)
  ✔ pre-dispatch refusal is not-submitted with the authentic ref; E stays never (2.792958ms)
  ✔ post-dispatch decode loss is outcome-unknown, never a fabricated rejection (0.50675ms)
  ✔ submit on a closed history refuses as not-submitted without dispatch (0.344208ms)
  ✔ a forged command capability is a defect, never a forged receipt or arm (0.54225ms)
  ✔ invalid submit options refuse pre-dispatch as not-submitted, not as E (0.330916ms)
✔ submit certainty arms (8.417ms)
▶ interruption after publication
  ✔ interrupt after dispatch preserves Cause and joins the native drain (12.332209ms)
  ✔ the retained original ref resolves after reopen; retry never seals a new id (1.998542ms)
  ✔ resolve also reports the closed/expired epochs as data, not errors (0.298125ms)
✔ interruption after publication (14.843042ms)
✔ the retained source and target declarations are independently generated exact native bindings (376.562958ms)
✔ ordinary imperative transition, comparison, activation and replay (children first: false) (493.536041ms)
✔ ordinary imperative transition, comparison, activation and replay (children first: true) (268.263583ms)
✔ native admission rejects a missing proof; unconstrained document loss requires application comparison (154.547625ms)
✔ complete native judgment refuses wrong-arm across ordinary population batches (97.608583ms)
✔ complete native judgment refuses orphan across ordinary population batches (106.636458ms)
✔ complete native judgment refuses key-conflict across ordinary population batches (102.086208ms)
✔ complete native judgment refuses missing-parent across ordinary population batches (99.959667ms)
ℹ tests 51
ℹ suites 10
ℹ pass 51
ℹ fail 0
ℹ cancelled 0
ℹ skipped 0
ℹ todo 0
ℹ duration_ms 2157.380875
{"node":"v26.4.0","platform":"bumbledb-darwin-arm64","tests":["event-selections","real-bridge-roundtrip","transition","command-boundaries","history-open","admin","borrows","adversarial-capabilities","submit-certainty","outcome-certainty"],"version":"1.3.1","addon_sha256":"755fa725da970ccbe100e5a73b1bc3defea281928782bf0d3a296e9b44676e9a"}
