✔ alternatives are the ordinary law expansion in roster order, independent of arm object order (9.0685ms)
✔ alternatives check dynamic arm coverage and scalar identity shapes (8.191375ms)
✔ alternatives preserve composite keys and payload types (0.23225ms)
✔ native expansion refusals cite both actual directions at their current statement positions (439.495541ms)
✔ ordinary native admission enforces payloads and accepts an atomic arm switch (170.675792ms)
✔ finite, infinite, NaN and negative-zero floats all cross as canonical $f64 bit images (1.332125ms)
✔ decoders reject malformed widths, noncanonical images, unknown tags and wrong-schema values (12.365917ms)
✔ typed and dynamic boundary input share one accepted domain — the encoder refuses what the decoder refuses (0.141125ms)
✔ student rows carry budget as exact decimal; a float budget image refuses (0.129375ms)
▶ the comparison pairing walls
  ✔ no variable side is constant-valued: the constructor refuses param-only and param-literal sides (3.290208ms)
  ✔ the order pair: cross-domain variable pairs are compile-refused (each side alone is orderable) (0.647417ms)
  ✔ the order pair: literals type against their sibling — bool-vs-bigint and u64-vs-boolean are compile-refused (0.512ms)
  ✔ the fold input: min/max over a bool var is refused (both tiers) (0.355833ms)
  ✔ the pointIn pair: the point lives in the interval's element domain (0.214791ms)
  ✔ the allen pair: two intervals of one element domain (Q1 — widths meet freely, u64-vs-i64 stays illegal) (0.223083ms)
  ✔ the legal pairs stay legal: same-domain vars, sibling-typed opens, one-element allen (2.680583ms)
✔ the comparison pairing walls (8.813041ms)
✔ key values infer exactly their declared projection (3.970875ms)
✔ a key owns its projection without freezing or retaining the caller's array (0.467083ms)
✔ every declared key reads the same snapshot with its own projection and native statement id (560.970791ms)
✔ inspection separates virtual mapping, file pages and disk blocks (528.529083ms)
✔ native row codecs own their values and remain reusable after cancelled delivery (6.8615ms)
✔ create/apply/snapshot/get/execute — the whole chapter 34 core flow, one scope (137.1215ms)
✔ open never creates; create refuses existing authority (69.100458ms)
✔ scoped preparation reuses parameters and closes independently of snapshots and results (79.356208ms)
✔ apply is the three-coordinate judgment: accepted, no-change, invariant-rejected, moved (54.726333ms)
✔ a snapshot is coherent: a later apply cannot move an open snapshot's facts (119.197208ms)
✔ methods are lazy: construction dispatches nothing, and a scope-escaped handle fails typed (39.451917ms)
✔ a foreign object where a ChangeSet is expected refuses BEFORE any native dispatch (26.773959ms)
✔ a foreign-schema query template refuses typed at execute (53.428166ms)
✔ interruption surfaces in Cause, never as a manufactured outcome arm (93.70075ms)
✔ closed Event authoring compares complete owned carriers without native work (1.58625ms)
✔ closed Events retain schema identity, coverage and query results across runtime release (576.428833ms)
✔ descriptor construction is lazy and pure transport remains addon-free (1.373416ms)
✔ all seven structural kinds admit, describe, inspect and roundtrip through owned BEDC (449.285666ms)
✔ derived projections and complete composition plans feed real stored Event queries (148.1955ms)
✔ composition inspection keeps three distinct roles in ST, TU, SU order (12.430792ms)
✔ nonrectangular shared environments, reversal and measured endpoints survive inspection (10.300459ms)
✔ admission refuses fake certificates, implicit full markers and malformed structural data (14.27175ms)
✔ native descriptor submission copies owned bytes before workers and refuses shared backing (3.506042ms)
✔ cancelled descriptor delivery drops all queued inspection data and permits reuse (4.644375ms)
✔ kernel/revision envelopes own bytes, retain roles, and construct Effects without an addon (5.423584ms)
✔ posterior replacement, likelihood and conditioning have distinct exact meanings (458.39825ms)
✔ impossible revisions retain zero-mass and empty indexed cells without hiding input errors (12.166583ms)
✔ BESC replay refuses forged receipt numbers, posterior laws and incomplete impossible outcomes (8.333875ms)
✔ channels normalize on zero-prior fibres and copy readouts without fresh randomness (14.642417ms)
✔ Coup channels obey visibility FDs and translate stored Events through posterior queries after reopen (177.608834ms)
✔ cancelled revision inspection reclaims owned outputs and leaves the runtime reusable (15.858917ms)
✔ expectation authoring and description imports preserve aggregate identity without loading native code (6.84675ms)
✔ fraction payoffs remain owned pure query expressions across description import (1.228917ms)
✔ numerical imports author and snapshot without loading native code (2.875125ms)
✔ query expectations own complete payoff rosters and survive collection, paging, and closed owners (534.895167ms)
✔ family expectations transport signed payoff functions and preserve impossible parameter endpoints (537.914208ms)
✔ fraction queries normalize equal presentations and reject hidden zero divisors (124.109625ms)
✔ function imports retain local covers, exact constants, descriptions and closed owners (100.28ms)
✔ family payoff queries glue at exact boundaries and promote finite patches (1700.188917ms)
✔ empty function import faults retain descriptors without invented variables (109.02525ms)
✔ family dynamics carriers copy transport, keep roles distinct and remain addon-free (3.110375ms)
✔ conditioning keeps exact positive domain, zero-mass possibilities and original-prior translation (1015.496708ms)
✔ likelihood scale is retained while posterior values and repeated evidence are exact (1742.941541ms)
✔ Jeffrey replacement retains indexed unsupported endpoints, empty cells and rejects partial targets (746.546084ms)
✔ everywhere-impossible requests keep identities and complete mathematical receipts (453.531583ms)
✔ restriction preserves the law while common refinement unifies predicates without changing domains (861.764833ms)
✔ family channels preserve prior marginals, share the parameter and check every parent row (422.425875ms)
✔ owned family updates translate stored Events through joined queries after reopen (432.338084ms)
✔ dynamics copy submitted inputs and cancel complete owned receipts without retaining handles (160.620708ms)
✔ piecewise Jeffrey targets refine exact boundaries and skip zero-target conditionals (640.237292ms)
✔ family roles remain owned and lazy, distinct from fixed functions and kernels (2.974334ms)
✔ live family Events persist, satisfy ordinary laws, join and retain owned observations (1472.864625ms)
✔ exact parameter worlds derive guards and retain irrational singleton cardinality (90.314ms)
✔ family functions preserve signed values, totality, explicit zeros and weighted maps (379.632209ms)
✔ refinement admits exact observation thresholds without changing worlds or law (1268.1245ms)
✔ signed parameter-dependent expectations and guard-local holes are exact (333.264541ms)
✔ family construction refuses hidden invalid inputs, non-unit laws and illegal worlds (173.634833ms)
✔ late owned family observations are reclaimed before delivery (123.915458ms)
✔ symbolic family normalization counts outcomes, never deterministic guard cases (108.209417ms)
✔ finite covers keep agreeing overlaps, supplied zeros, evidence and ownership (208.772334ms)
✔ zero mass does not waive coverage or pointwise value agreement (9.418958ms)
✔ family covers glue functions equal only on their actual overlap (802.715125ms)
✔ cancelling a completed cover releases its owned result before a late callback (131.129333ms)
✔ memory construction is lazy; pure transport owns bytes without loading the addon (2.406209ms)
✔ a reopened recipe remembers the secret after its screen is erased and supplies ordinary database Events (359.363875ms)
✔ memory admission rejects bad contexts, incomplete observations, forged graph fields and malformed envelopes (134.486875ms)
✔ parameter memory transport preserves one named unknown across transitions (92.2745ms)
✔ independent BEBM grammar and raw submission preserve owned bytes and operation registration (8.590125ms)
✔ observation stages mint exact query domains and replay without loading native code (33.081125ms)
✔ dynamic and description authors cannot coerce observation identities or mix producers with projections (3.84575ms)
✔ identity joins, antijoins, groups and mixed observations survive rebind, reopen and owner release (230.64025ms)
✔ consumer filters cannot hide a producer's missing zero-mass payoff coverage (83.300292ms)
✔ parameter carriers are owned, nominal, pure and version/role checked (2.882375ms)
✔ all region Boolean masks preserve exact open endpoints and disconnected sets (142.200917ms)
✔ irrational singleton witnesses and canonical roots remain exact across owners (95.914916ms)
✔ partial functions preserve holes, signs, arithmetic and distinct ambient domains (145.267583ms)
✔ a joined portable conditional function keeps zero-evidence holes after reopen (98.981542ms)
✔ invalid domains, roles, masks and unused operands refuse; ingress copies buffers (73.23525ms)
✔ late structured parameter results are reclaimed before callback delivery (17.462125ms)
✔ polynomial transport is owned and pure import stays lazy (2.554083ms)
✔ named polynomial arithmetic, normalization and simultaneous substitution survive runtime release (32.902417ms)
✔ explicit shared Beta moments produce correlated stored Events (117.747709ms)
✔ polynomial admission refuses malformed, missing, duplicate and unused invalid inputs (10.1925ms)
✔ late polynomial descriptions are cancelled and reclaimed before callback delivery (3.364375ms)
✔ Beta envelopes are owned, role-separated, lazy and require worker admission (2.434167ms)
✔ shared prior integrates raw masses before conditioning and owns complete certificates (691.711833ms)
✔ zero-prior-mass endpoint Events stay possible and retain exception certificates (490.821167ms)
✔ Beta contraction admits polynomial presentations, finite exceptions and signed payoffs (509.452291ms)
✔ Beta scope refuses missing laws, foreign sources, nonpolynomials and inherited holes (373.560542ms)
✔ stored Event joins remain parameter-dependent until explicit prior binding after reopen (269.698083ms)
✔ prior workers own submitted bytes and cancellation never publishes a late observation (181.096083ms)
✔ probability authoring and description imports stay pure, owned and query-only (7.024958ms)
✔ fixed query observations preserve provenance, zero-mass evidence, duplicate paths and sealed pages (84.01225ms)
✔ parameter probability queries retain p squared over p and its excluded zero, without a prior (328.437666ms)
✔ contextual full projections remain pure syntax with exact keys and no invented classes (2.036958ms)
✔ full coverage partitions measured worlds, including zero-mass branches, through commit and reopen (142.398791ms)
✔ full singleton lookup supplies no fabricated cell and remains distinct from a field named true (70.351458ms)
✔ closed scalar rosters admit explicit full keys and native ground coverage (4.901ms)
✔ guard plans and expression shape are pure, owned and strict (23.959083ms)
✔ common source guards preserve source laws and compose with predicate rosters (276.038542ms)
✔ query guard refinements preserve all truth cases, law, transport and owner closure (1712.04625ms)
✔ row-bound guard plans retain stored sources and presentation identities through staging (95.748042ms)
✔ numerical authoring, imports and descriptions are pure and keep query-only types (19.558292ms)
✔ numerical queries group before folds and preserve derivations after owners close (249.870417ms)
✔ every numerical operator, domain import and partial family survives SDK replay (318.238ms)
✔ predicate authoring is pure, authentic and bounded across numerical subtrees (10.177708ms)
✔ predicate grouping and identity joins preserve sources and owned replay (179.497792ms)
✔ predicate algebra keeps parameter holes, explicit quantifiers and producer errors (269.65425ms)
✔ direct region predicates retain exact origins, totality, common guards and owned replay (167.171125ms)
✔ pure Event query authoring retains types, stages, shape bounds and owned imports (10.374833ms)
✔ native Event heads preserve shared worlds through tests, descriptions, imported stages and Pack (96.728209ms)
✔ captured maps and typed relation programs execute through the public builders (198.096834ms)
✔ Event errors retain complete logical fault sets across stages, prepared queries and runtime release (40.818083ms)
✔ fixed-point authoring closes lexical handles without accidental capture (2.3225ms)
✔ query binders compose with nested modalities, Star, stages, tests and Pack (52.92475ms)
✔ Event schema selections own transport bytes without loading native code (1.879166ms)
✔ Event selections enforce exact matches across incremental writes, owner release and reopen (147.916334ms)
✔ exact scalar/function transport and lazy source programs do not load the addon (3.50925ms)
✔ exact native arithmetic preserves decimal/binary intent, canonical values and failure modes (26.041833ms)
✔ finite functions merge equal cells, add signed overlaps and sum copied readouts exactly once (16.380417ms)
✔ law designation is exact and retains symbolic and zero-mass possibilities (8.919417ms)
✔ Coup source algebra preserves shared worlds, exact posteriors and signed utility through storage (204.085833ms)
✔ finite function admission checks all contexts and shapes before zero shortcuts (12.018959ms)
✔ late cancelled source observations are reclaimed without delivering a partial result (5.220542ms)
✔ Event envelopes own immutable data and pure codecs never load native work (3.525375ms)
✔ Event executor checks all truth functions, shared contexts and symbolic supports (200.459875ms)
✔ typed Event rows reopen, join, pack and bind owned parameters (120.318041ms)
✔ raw Event bridge refuses unknown operations and shared or forged byte backing (11.04475ms)
✔ Event dependencies enforce disjointness and joint coverage through ordinary keys and mirrors (108.257125ms)
✔ interrupting completed Event delivery drains the output and leaves the runtime usable (15.209125ms)
✔ parameterized Event sources retain their domains through SDK storage and joins (583.668292ms)
✔ public field codecs agree with rows for every field kind and preserve generic inference (2.0415ms)
✔ strict field decoding rejects malformed representations and host schemas reject invalid values (5.695084ms)
✔ field descriptors are owned; accessors never execute while decoding values (0.155375ms)
✔ segment kinds survive description imports and fixed-width refinement is dropped (4.976833ms)
✔ pack widens fixed intervals before imported difference and measurement stages (109.2135ms)
✔ native marginal bands derive slices, preserve equal contributions, and round once (99.250333ms)
✔ difference emits products, dense measures and fixed intervals use native meanings (74.67475ms)
✔ the large-schema fixture constructs and both tiers agree at scale (0.446083ms)
▶ the three class laws
  ✔ generators name their classes; a 3-hop chain lands the whole chain in the generator's class; bare stays bare (2.053833ms)
  ✔ a generator-less class is named by its least member in relation-declaration × field-declaration order (0.26525ms)
  ✔ a ψ-selected closed face pairs exactly like the bare face — the selection changes classes not at all (0.856334ms)
  ✔ the selected-mirrors shape (Calendar): the mirrors law types the source column with the target's class (0.252125ms)
✔ the three class laws (4.006667ms)
▶ the generator authority after the fresh deletion — closed ids are the ONLY generators
  ✔ unifying two ordinary id columns is LAWFUL now — no mint, no wall; least member names the class (0.208583ms)
  ✔ mirrors and capacity pairings over ordinary ids are lawful classes too (0.513042ms)
  ✔ a closed relation's id stays a generator — a bare column never pairs it (the roster wall, at construction) (0.340459ms)
  ✔ a transitive chain over ordinary ids is one lawful class, not a wall (0.287292ms)
✔ the generator authority after the fresh deletion — closed ids are the ONLY generators (1.569791ms)
▶ the runtime/type agreement and the wire
  ✔ the runtime class map and the type-level class map are the same map (1.372167ms)
  ✔ the manifest golden: statements in == statements out — nothing synthesized, order preserved, count equal (0.704208ms)
  ✔ the wire: spec newtype = class name for classed slots, omitted for bare (fingerprint-neutral by the engine's drop) (0.405417ms)
  ✔ integer-index names are refused at construction — the declaration-order law's enumeration hazard (0.082083ms)
  ✔ dotted names are refused at construction — the coordinate encoding stays injective at both tiers (0.112292ms)
  ✔ a plain __proto__ declaration entry is refused — the Annex B setter would silently drop the key (0.151583ms)
✔ the runtime/type agreement and the wire (3.141834ms)
✔ interrupt after directory acquire and before db output adoption drains both owners (D18) (81.9275ms)
✔ retained JS tokens cannot prevent native drain; repeated close joins (D18) (71.611125ms)
✔ abort after publication drains without take; retained wrappers cannot pin output (D18) (76.335167ms)
✔ draft interruption spends the draft and joins drain (27.539208ms)
▶ pure schema import
  ✔ constructs metadata with the platform addon unresolvable (284.631709ms)
✔ pure schema import (285.171542ms)
✔ generated descriptions execute, prepare, compose and infer their checked result (181.877667ms)
✔ descriptions preserve joins, negation, aggregates, computations and interiors (6.79575ms)
✔ descriptions preserve recursion and interval/closed-reference domains (52.4565ms)
✔ description checking refuses malformed grammar, wrong result claims, unbound vars and foreign field tags (1.289375ms)
✔ flat projection keeps only row count and owned cells, without obsolete quota accounting (1.486709ms)
✔ flat projection closes the source iterator when a row is invalid (0.290667ms)
✔ snapshot bindings preserve owned Event field types and dependency identity (136.631333ms)
✔ snapshot bindings preserve contextual full projections and explicit closed full keys (129.459959ms)
✔ snapshot bindings preserve every field kind, exact payload values, names and field order (117.396292ms)
✔ independent bindings preserve selected mirror directions, capacities and expanded statement IDs (116.834167ms)
✔ emission refuses unrepresentable conditional roster pairing and invalid declaration names (3.709292ms)
✔ bindings derive transitive total roster membership without losing or adding laws (123.251833ms)
✔ mutually referring closed payloads use the existing field descriptors without declaration cycles (126.039416ms)
✔ snapshot bindings preserve canonical Event selection literals and schema identity (116.985ms)
✔ snapshot bindings preserve closed Event axioms and their explicit pointwise keys (116.303625ms)
▶ the Ledger example
  ✔ lowers to the SchemaSpec shape, declaration order throughout, newtype slots carrying the law-computed class names (4.174ms)
  ✔ the composite key and pointwise containment lower positionally (0.340083ms)
  ✔ a closed payload column lowers pure structure — the newtype slots carry its law-computed classes (0.399958ms)
  ✔ lowering is deterministic across independent constructions (0.999084ms)
✔ the Ledger example (6.742709ms)
▶ renderStatement
  ✔ each statement form renders its canonical 70-api spelling (0.440291ms)
  ✔ composite positions render in written tuple order (0.156459ms)
  ✔ every legal capacity spelling renders canonically — unit strings byte-for-byte, the weighted rows beside them (2.257541ms)
  ✔ literal sets and interval literals render in macro notation (0.674375ms)
✔ renderStatement (3.706417ms)
▶ the ban table, one row at a time — literal spellings are UNWRITABLE
  ✔ the capacity mint vocabulary is exactly the roster — no sixth mint exists (0.122917ms)
  ✔ degenerate literal sets refuse — a membership array needs two DISTINCT members, and the refusal locates itself (1.122542ms)
  ✔ a duplicate field in a key() projection refuses at the mint — the engine's FieldSet duplicate, canonical voice (0.342959ms)
  ✔ a plain u64 face never pairs a closed [id] face — closedness rides the descriptor (both tiers) (0.393666ms)
  ✔ an arity-mismatched pairing is a construction error — the SameArity runtime twin (untyped path) (0.271167ms)
✔ the ban table, one row at a time — literal spellings are UNWRITABLE (2.388417ms)
▶ the ban table's construction tier — computed bounds the type cannot judge
  ✔ computed equivalent spellings lower to the canonical law; only negatives refuse (0.158583ms)
  ✔ an inverted window is unsatisfiable — bigint literals carry no type-level order (0.058458ms)
  ✔ unit floors are accepted canonical laws now — the spelling police is deleted (0.165167ms)
  ✔ the C18 dimension gate fires at the capacity() call — a unit window never takes a duration() bound (both tiers) (0.163125ms)
  ✔ a computed path weight or bound is a construction refusal naming the pinned-column idiom (0.11925ms)
  ✔ the weight and dependent-bound walls hold at construction for untyped callers (0.48425ms)
  ✔ generated capacity values use the same validation as constructors (0.374417ms)
✔ the ban table's construction tier — computed bounds the type cannot judge (1.635625ms)
▶ schema() construction boundary
  ✔ a statement over an undeclared relation is rejected with the statement rendered (0.417667ms)
  ✔ same-named relations resolve structurally, including field order (0.236375ms)
  ✔ declared id keys are ordinary statements now — the fresh-implied key is deleted (E-NO-RESERVE) (0.390125ms)
  ✔ duplicate statements are rejected via their canonical rendering (2.20025ms)
  ✔ a record key must equal its relation's declared name (0.369208ms)
  ✔ the paste-back law: a handle selection needs its resolving containment declared (0.664834ms)
  ✔ generated statements are checked semantically without an admission token (2.118916ms)
✔ schema() construction boundary (6.567917ms)
▶ ψ statements over closed relations — closed().where() as a face source
  ✔ a ψ-selected closed face renders canonically and schema() admits both forms (0.406417ms)
  ✔ ψ lowers PASS-THROUGH — the selection rides the SideSpec, never pre-folded into ids (0.291208ms)
  ✔ the closed where() speaks the ordinary selection vocabulary — literal sets and written order (0.347583ms)
  ✔ the empty ψ is the bare closed relation respelled and rejected (canonical utterance) (0.221708ms)
  ✔ the compile walls carry runtime twins through the one selection machine (0.291ms)
  ✔ a handle named `where` is ordinary roster data — NO name is reserved, both tiers (0.12275ms)
✔ ψ statements over closed relations — closed().where() as a face source (1.783125ms)
✔ facts, selections, host cells, and JSON codecs share the complete native value domain (6.080208ms)
✔ unknown, inherited, absent, symbolic, and nested fields are never silently dropped (0.890166ms)
✔ query parameters use the same interpreter and exact supplied parameter fields (3.562792ms)
✔ authored queries own mutable binding and comparison literals (5.631333ms)
✔ query bindings and result records reject getters and explicit undefined fields (0.583542ms)
✔ host admission matches the real native codec; rejected facts do not enter a database (40.066792ms)
✔ native names and query parameters reject lossy Unicode conversion (30.643791ms)
✔ prototype-sensitive field and result names are ordinary owned data (54.148917ms)
ℹ tests 230
ℹ suites 11
ℹ pass 230
ℹ fail 0
ℹ cancelled 0
ℹ skipped 0
ℹ todo 0
ℹ duration_ms 7033.645167
SDK integration passed against isolated @bjornpagen/bumbledb-darwin-arm64; version unchanged at 1.3.1
{"node":"v26.4.0","platform":"@bjornpagen/bumbledb-darwin-arm64","tests":["event","event-query","event-probability","event-expectation","event-observation-stages","event-query-numbers","event-query-predicates","event-query-guards","event-descriptor","event-memory","event-source","event-polynomial","event-parameter","event-family","event-function-cover","event-family-dynamics","event-prior","event-dynamics","event-projections","event-selections","event-closed","statements","declared-key","law-typing","law-scale","schema-bindings","pure-import","field-codec","query-description","comparison-pairing","alternatives","rows","boundary-codec","value-conformance","interval-outputs","effect-core","ownership-interrupt"],"addon_sha256":"eeb1ee07573c66ac4b99613a6ef89139129e1a8cbe89637618eb7c3e4ef2e5e0"}
