
running 1 test
test event_repr_lab::experiment ... EVENT_LAB {"kind":"readout_free_join","candidate":"dense-dispatched","domain":"holes","readout_family":"suffix-half","readout_faces":"xy","hidden":51,"width":4,"bits":12,"worlds":4096,"admissible_worlds":1000,"environments":1,"rows":128,"groups":16,"outputs":64,"memo":false,"changed_possible_groups":16,"changed_guaranteed_groups":16,"nonconstant_readouts":32,"build_s":[0.000582167, 0.000569917, 0.000567875, 0.00057275, 0.000586083],"support_s":[3.5709e-5, 2.8959e-5, 2.875e-5, 2.8708e-5, 2.9667e-5],"import_s":[5.333e-6, 3.792e-6, 3.625e-6, 4.875e-6, 3.875e-6],"admission_s":[0.00054075, 0.000537083, 0.000535459, 0.000539083, 0.00055225],"join_only_s":[3.1875e-5, 5.375e-6, 5.166e-6, 5.167e-6, 5.208e-6],"fresh_s":[6.575e-5, 5.1209e-5, 4.7917e-5, 4.7584e-5, 5.1834e-5],"fresh_group_s":[5.2166e-5, 4.2084e-5, 3.9125e-5, 3.8667e-5, 4.1375e-5],"fresh_readout_s":[1.15e-5, 8.375e-6, 8.084e-6, 8.25e-6, 9.5e-6],"fresh_compute_s":[6.4917e-5, 5.05e-5, 4.7333e-5, 4.7e-5, 5.1125e-5],"fresh_count_s":[7.5e-7, 6.25e-7, 5.42e-7, 5.42e-7, 5.41e-7],"warm_s":[4.8709e-5, 4.7833e-5, 4.6667e-5, 4.6416e-5, 4.6584e-5],"warm_group_s":[3.9917e-5, 3.9583e-5, 3.85e-5, 3.825e-5, 3.8167e-5],"warm_readout_s":[7.792e-6, 7.625e-6, 7.458e-6, 7.541e-6, 7.459e-6],"warm_compute_s":[4.7917e-5, 4.7208e-5, 4.6084e-5, 4.5833e-5, 4.5917e-5],"warm_count_s":[7.08e-7, 5.41e-7, 5e-7, 5.42e-7, 5e-7],"input_nodes":97,"final_nodes":200,"input_bytes_est":56116,"final_bytes_est":115176,"input_storage":null,"final_storage":null,"outer_memo_bytes":0,"colt_bytes":14992,"checksum":353240,"verified":true}
EVENT_LAB {"kind":"readout_free_join","candidate":"dense-dispatched","domain":"holes","readout_family":"suffix-half","readout_faces":"xy","hidden":51,"width":4,"bits":12,"worlds":4096,"admissible_worlds":1000,"environments":1,"rows":128,"groups":16,"outputs":64,"memo":true,"changed_possible_groups":16,"changed_guaranteed_groups":16,"nonconstant_readouts":32,"build_s":[0.000582167, 0.000569917, 0.000567875, 0.00057275, 0.000586083],"support_s":[3.5709e-5, 2.8959e-5, 2.875e-5, 2.8708e-5, 2.9667e-5],"import_s":[5.333e-6, 3.792e-6, 3.625e-6, 4.875e-6, 3.875e-6],"admission_s":[0.00054075, 0.000537083, 0.000535459, 0.000539083, 0.00055225],"join_only_s":[3.1875e-5, 5.375e-6, 5.166e-6, 5.167e-6, 5.208e-6],"fresh_s":[3.6875e-5, 3.425e-5, 3.15e-5, 3.05e-5, 3.1166e-5],"fresh_group_s":[2.725e-5, 2.5125e-5, 2.2375e-5, 2.1917e-5, 2.225e-5],"fresh_readout_s":[8.833e-6, 8.458e-6, 8.458e-6, 7.917e-6, 8.041e-6],"fresh_compute_s":[3.625e-5, 3.3667e-5, 3.0917e-5, 2.9917e-5, 3.05e-5],"fresh_count_s":[5.41e-7, 5.41e-7, 5.42e-7, 5.41e-7, 5.42e-7],"warm_s":[1.65e-5, 1.6292e-5, 1.625e-5, 1.625e-5, 1.6375e-5],"warm_group_s":[8e-6, 8.042e-6, 7.958e-6, 8.041e-6, 7.917e-6],"warm_readout_s":[7.791e-6, 7.542e-6, 7.625e-6, 7.542e-6, 7.583e-6],"warm_compute_s":[1.5875e-5, 1.5709e-5, 1.5667e-5, 1.5667e-5, 1.5709e-5],"warm_count_s":[5e-7, 5.41e-7, 5e-7, 5.41e-7, 5.42e-7],"input_nodes":97,"final_nodes":200,"input_bytes_est":56116,"final_bytes_est":124136,"input_storage":null,"final_storage":null,"outer_memo_bytes":8960,"colt_bytes":14992,"checksum":353240,"verified":true}
EVENT_LAB {"kind":"readout_free_join","candidate":"dense-dispatched","domain":"holes","readout_family":"suffix-half","readout_faces":"xy","hidden":455,"width":6,"bits":18,"worlds":262144,"admissible_worlds":74088,"environments":1,"rows":128,"groups":16,"outputs":64,"memo":false,"changed_possible_groups":16,"changed_guaranteed_groups":16,"nonconstant_readouts":32,"build_s":[0.223175417, 0.2252405, 0.223480417, 0.224409125, 0.225218],"support_s":[0.001931709, 0.001973708, 0.00197475, 0.002028042, 0.002051084],"import_s":[0.000150042, 0.000159208, 0.000113125, 0.00012625, 0.0001185],"admission_s":[0.221092875, 0.223107208, 0.221392375, 0.222254708, 0.223046417],"join_only_s":[1.8209e-5, 5.208e-6, 5.042e-6, 4.959e-6, 5e-6],"fresh_s":[0.0020105, 0.00201475, 0.002041542, 0.001920167, 0.001925291],"fresh_group_s":[0.001422625, 0.001457125, 0.0014795, 0.001369584, 0.001372292],"fresh_readout_s":[0.000552542, 0.000526666, 0.000531125, 0.000519875, 0.000521583],"fresh_compute_s":[0.001975833, 0.001983833, 0.002010833, 0.001889542, 0.001894291],"fresh_count_s":[3.45e-5, 3.0875e-5, 3.0667e-5, 3.0541e-5, 3.0917e-5],"warm_s":[0.002012375, 0.002003375, 0.0020375, 0.002015708, 0.002016625],"warm_group_s":[0.001456291, 0.001452416, 0.001481, 0.0014625, 0.001452542],"warm_readout_s":[0.000525042, 0.00052025, 0.000525791, 0.000522625, 0.000532875],"warm_compute_s":[0.001981542, 0.00197275, 0.002006833, 0.001985208, 0.001985875],"warm_count_s":[3.0709e-5, 3.0542e-5, 3.0583e-5, 3.0417e-5, 3.0583e-5],"input_nodes":394,"final_nodes":517,"input_bytes_est":12997936,"final_bytes_est":17043680,"input_storage":null,"final_storage":null,"outer_memo_bytes":0,"colt_bytes":14992,"checksum":5067888,"verified":true}
EVENT_LAB {"kind":"readout_free_join","candidate":"dense-dispatched","domain":"holes","readout_family":"suffix-half","readout_faces":"xy","hidden":455,"width":6,"bits":18,"worlds":262144,"admissible_worlds":74088,"environments":1,"rows":128,"groups":16,"outputs":64,"memo":true,"changed_possible_groups":16,"changed_guaranteed_groups":16,"nonconstant_readouts":32,"build_s":[0.223175417, 0.2252405, 0.223480417, 0.224409125, 0.225218],"support_s":[0.001931709, 0.001973708, 0.00197475, 0.002028042, 0.002051084],"import_s":[0.000150042, 0.000159208, 0.000113125, 0.00012625, 0.0001185],"admission_s":[0.221092875, 0.223107208, 0.221392375, 0.222254708, 0.223046417],"join_only_s":[1.8209e-5, 5.208e-6, 5.042e-6, 4.959e-6, 5e-6],"fresh_s":[0.001041792, 0.001023291, 0.000987, 0.001003667, 0.001006042],"fresh_group_s":[0.000489417, 0.000467, 0.000457792, 0.000460375, 0.0004625],"fresh_readout_s":[0.000521375, 0.000524959, 0.000499333, 0.000512709, 0.000512917],"fresh_compute_s":[0.001011, 0.000992041, 0.000957459, 0.000973208, 0.000975792],"fresh_count_s":[3.0708e-5, 3.1125e-5, 2.95e-5, 3.0375e-5, 3.0167e-5],"warm_s":[0.000558125, 0.000562333, 0.000552458, 0.000554542, 0.000553459],"warm_group_s":[8.583e-6, 8.167e-6, 8.125e-6, 8.125e-6, 8.125e-6],"warm_readout_s":[0.000518958, 0.000523834, 0.000513791, 0.000515916, 0.000514792],"warm_compute_s":[0.000527708, 0.000532042, 0.000522, 0.000524125, 0.000523167],"warm_count_s":[3.0375e-5, 3.025e-5, 3.0458e-5, 3.0333e-5, 3.0125e-5],"input_nodes":394,"final_nodes":517,"input_bytes_est":12997936,"final_bytes_est":17052640,"input_storage":null,"final_storage":null,"outer_memo_bytes":8960,"colt_bytes":14992,"checksum":5067888,"verified":true}
ok

test result: ok. 1 passed; 0 failed; 0 ignored; 0 measured; 1378 filtered out; finished in 1.23s


        1.22 real         1.21 user         0.01 sys
            89047040  maximum resident set size
                   0  average shared memory size
                   0  average unshared data size
                   0  average unshared stack size
                5650  page reclaims
                   0  page faults
                   0  swaps
                   0  block input operations
                   0  block output operations
                   0  messages sent
                   0  messages received
                   0  signals received
                   0  voluntary context switches
                  79  involuntary context switches
         11152941823  instructions retired
          4104198032  cycles elapsed
            86344136  peak memory footprint
