
running 1 test
test event_repr_lab::experiment ... EVENT_LAB {"kind":"readout_free_join","candidate":"prefix512","domain":"full","readout_family":"suffix-half","readout_faces":"xy","hidden":51,"width":4,"bits":12,"worlds":4096,"admissible_worlds":4096,"environments":1,"rows":128,"groups":16,"outputs":64,"memo":false,"changed_possible_groups":16,"changed_guaranteed_groups":16,"nonconstant_readouts":32,"build_s":[6.6167e-5],"support_s":[2.4167e-5],"import_s":[4.1625e-5],"admission_s":[8.3e-8],"join_only_s":[2.5458e-5],"fresh_s":[0.000168875],"fresh_group_s":[0.000129583],"fresh_readout_s":[3.65e-5],"fresh_compute_s":[0.000167167],"fresh_count_s":[1.625e-6],"warm_s":[4.5583e-5],"warm_group_s":[1.2333e-5],"warm_readout_s":[3.2667e-5],"warm_compute_s":[4.5125e-5],"warm_count_s":[3.75e-7],"input_nodes":37,"final_nodes":169,"input_bytes_est":2932,"final_bytes_est":21552,"input_storage":{"layout":"slab","record_bytes":592,"table_bytes":672,"interner_bytes":1100,"metadata_bytes":568,"cache_bytes":0,"records":37,"tables":36,"logical_words":84,"total_bytes_est":2932},"final_storage":{"layout":"slab","record_bytes":4736,"table_bytes":5376,"interner_bytes":4992,"metadata_bytes":2640,"cache_bytes":3808,"records":169,"tables":168,"logical_words":600,"total_bytes_est":21552},"outer_memo_bytes":0,"colt_bytes":14992,"checksum":1804000,"verified":true}
EVENT_LAB {"kind":"readout_free_join","candidate":"prefix512","domain":"full","readout_family":"suffix-half","readout_faces":"xy","hidden":51,"width":4,"bits":12,"worlds":4096,"admissible_worlds":4096,"environments":1,"rows":128,"groups":16,"outputs":64,"memo":true,"changed_possible_groups":16,"changed_guaranteed_groups":16,"nonconstant_readouts":32,"build_s":[6.6167e-5],"support_s":[2.4167e-5],"import_s":[4.1625e-5],"admission_s":[8.3e-8],"join_only_s":[2.5458e-5],"fresh_s":[0.000149125],"fresh_group_s":[0.000117708],"fresh_readout_s":[3.0875e-5],"fresh_compute_s":[0.000148708],"fresh_count_s":[3.75e-7],"warm_s":[3.8583e-5],"warm_group_s":[7.917e-6],"warm_readout_s":[3.0166e-5],"warm_compute_s":[3.8167e-5],"warm_count_s":[3.34e-7],"input_nodes":37,"final_nodes":169,"input_bytes_est":2932,"final_bytes_est":30512,"input_storage":{"layout":"slab","record_bytes":592,"table_bytes":672,"interner_bytes":1100,"metadata_bytes":568,"cache_bytes":0,"records":37,"tables":36,"logical_words":84,"total_bytes_est":2932},"final_storage":{"layout":"slab","record_bytes":4736,"table_bytes":5376,"interner_bytes":4992,"metadata_bytes":2640,"cache_bytes":3808,"records":169,"tables":168,"logical_words":600,"total_bytes_est":21552},"outer_memo_bytes":8960,"colt_bytes":14992,"checksum":1804000,"verified":true}
EVENT_LAB {"kind":"readout_free_join","candidate":"prefix512","domain":"full","readout_family":"suffix-half","readout_faces":"xy","hidden":455,"width":6,"bits":18,"worlds":262144,"admissible_worlds":262144,"environments":1,"rows":128,"groups":16,"outputs":64,"memo":false,"changed_possible_groups":16,"changed_guaranteed_groups":16,"nonconstant_readouts":32,"build_s":[0.000531833],"support_s":[1.5458e-5],"import_s":[0.000515792],"admission_s":[8.4e-8],"join_only_s":[1.4833e-5],"fresh_s":[0.000839083],"fresh_group_s":[0.000624458],"fresh_readout_s":[0.000214],"fresh_compute_s":[0.000838625],"fresh_count_s":[3.33e-7],"warm_s":[0.00023475],"warm_group_s":[1.9375e-5],"warm_readout_s":[0.0002145],"warm_compute_s":[0.000234291],"warm_count_s":[3.75e-7],"input_nodes":229,"final_nodes":1254,"input_bytes_est":20916,"final_bytes_est":166824,"input_storage":{"layout":"slab","record_bytes":3664,"table_bytes":6544,"interner_bytes":8532,"metadata_bytes":2176,"cache_bytes":0,"records":229,"tables":125,"logical_words":818,"total_bytes_est":20916},"final_storage":{"layout":"slab","record_bytes":29312,"table_bytes":52352,"interner_bytes":37792,"metadata_bytes":15000,"cache_bytes":32368,"records":1254,"tables":544,"logical_words":3864,"total_bytes_est":166824},"outer_memo_bytes":0,"colt_bytes":14992,"checksum":19699840,"verified":true}
EVENT_LAB {"kind":"readout_free_join","candidate":"prefix512","domain":"full","readout_family":"suffix-half","readout_faces":"xy","hidden":455,"width":6,"bits":18,"worlds":262144,"admissible_worlds":262144,"environments":1,"rows":128,"groups":16,"outputs":64,"memo":true,"changed_possible_groups":16,"changed_guaranteed_groups":16,"nonconstant_readouts":32,"build_s":[0.000531833],"support_s":[1.5458e-5],"import_s":[0.000515792],"admission_s":[8.4e-8],"join_only_s":[1.4833e-5],"fresh_s":[0.00083875],"fresh_group_s":[0.000628541],"fresh_readout_s":[0.000209208],"fresh_compute_s":[0.000838416],"fresh_count_s":[2.92e-7],"warm_s":[0.000245333],"warm_group_s":[1.6125e-5],"warm_readout_s":[0.000228416],"warm_compute_s":[0.000244917],"warm_count_s":[4.16e-7],"input_nodes":229,"final_nodes":1254,"input_bytes_est":20916,"final_bytes_est":175784,"input_storage":{"layout":"slab","record_bytes":3664,"table_bytes":6544,"interner_bytes":8532,"metadata_bytes":2176,"cache_bytes":0,"records":229,"tables":125,"logical_words":818,"total_bytes_est":20916},"final_storage":{"layout":"slab","record_bytes":29312,"table_bytes":52352,"interner_bytes":37792,"metadata_bytes":15000,"cache_bytes":32368,"records":1254,"tables":544,"logical_words":3864,"total_bytes_est":166824},"outer_memo_bytes":8960,"colt_bytes":14992,"checksum":19699840,"verified":true}
ok

test result: ok. 1 passed; 0 failed; 0 ignored; 0 measured; 1378 filtered out; finished in 0.79s


        0.79 real         0.78 user         0.00 sys
            10256384  maximum resident set size
                   0  average shared memory size
                   0  average unshared data size
                   0  average unshared stack size
                 842  page reclaims
                   0  page faults
                   0  swaps
                   0  block input operations
                   0  block output operations
                   0  messages sent
                   0  messages received
                   0  signals received
                   0  voluntary context switches
                  39  involuntary context switches
         14684396959  instructions retired
          2664233374  cycles elapsed
             7258496  peak memory footprint
