
running 1 test
test event_repr_lab::experiment ... EVENT_LAB {"kind":"readout_free_join","candidate":"retraction512","domain":"holes","readout_family":"suffix-half","readout_faces":"xy","hidden":51,"width":4,"bits":12,"worlds":4096,"admissible_worlds":1000,"environments":1,"rows":128,"groups":16,"outputs":64,"memo":false,"changed_possible_groups":16,"changed_guaranteed_groups":16,"nonconstant_readouts":32,"build_s":[0.000480875],"support_s":[0.0001315],"import_s":[0.000310166],"admission_s":[3.8584e-5],"join_only_s":[3.2375e-5],"fresh_s":[0.000202625],"fresh_group_s":[0.000123],"fresh_readout_s":[6.6917e-5],"fresh_compute_s":[0.000191417],"fresh_count_s":[1.1084e-5],"warm_s":[5.4e-5],"warm_group_s":[1.675e-5],"warm_readout_s":[3.125e-5],"warm_compute_s":[4.8459e-5],"warm_count_s":[5.459e-6],"input_nodes":513,"final_nodes":656,"input_bytes_est":64420,"final_bytes_est":90264,"input_storage":{"layout":"slab","record_bytes":8208,"table_bytes":7672,"interner_bytes":17284,"metadata_bytes":4376,"cache_bytes":26880,"records":513,"tables":506,"logical_words":959,"total_bytes_est":64420},"final_storage":{"layout":"slab","record_bytes":16416,"table_bytes":15344,"interner_bytes":19336,"metadata_bytes":8480,"cache_bytes":30688,"records":656,"tables":649,"logical_words":1472,"total_bytes_est":90264},"outer_memo_bytes":0,"colt_bytes":14992,"checksum":353240,"verified":true}
EVENT_LAB {"kind":"readout_free_join","candidate":"retraction512","domain":"holes","readout_family":"suffix-half","readout_faces":"xy","hidden":51,"width":4,"bits":12,"worlds":4096,"admissible_worlds":1000,"environments":1,"rows":128,"groups":16,"outputs":64,"memo":true,"changed_possible_groups":16,"changed_guaranteed_groups":16,"nonconstant_readouts":32,"build_s":[0.000480875],"support_s":[0.0001315],"import_s":[0.000310166],"admission_s":[3.8584e-5],"join_only_s":[3.2375e-5],"fresh_s":[0.000182],"fresh_group_s":[0.000113916],"fresh_readout_s":[6.2417e-5],"fresh_compute_s":[0.000176667],"fresh_count_s":[5e-6],"warm_s":[5.2083e-5],"warm_group_s":[1.4833e-5],"warm_readout_s":[3.1833e-5],"warm_compute_s":[4.7083e-5],"warm_count_s":[4.75e-6],"input_nodes":513,"final_nodes":656,"input_bytes_est":64420,"final_bytes_est":99224,"input_storage":{"layout":"slab","record_bytes":8208,"table_bytes":7672,"interner_bytes":17284,"metadata_bytes":4376,"cache_bytes":26880,"records":513,"tables":506,"logical_words":959,"total_bytes_est":64420},"final_storage":{"layout":"slab","record_bytes":16416,"table_bytes":15344,"interner_bytes":19336,"metadata_bytes":8480,"cache_bytes":30688,"records":656,"tables":649,"logical_words":1472,"total_bytes_est":90264},"outer_memo_bytes":8960,"colt_bytes":14992,"checksum":353240,"verified":true}
EVENT_LAB {"kind":"readout_free_join","candidate":"retraction512","domain":"holes","readout_family":"suffix-half","readout_faces":"xy","hidden":455,"width":6,"bits":18,"worlds":262144,"admissible_worlds":74088,"environments":1,"rows":128,"groups":16,"outputs":64,"memo":false,"changed_possible_groups":16,"changed_guaranteed_groups":16,"nonconstant_readouts":32,"build_s":[0.004713375],"support_s":[0.000378625],"import_s":[0.004058125],"admission_s":[0.000275958],"join_only_s":[2.0542e-5],"fresh_s":[0.001330416],"fresh_group_s":[0.000812],"fresh_readout_s":[0.000457458],"fresh_compute_s":[0.001270666],"fresh_count_s":[5.9625e-5],"warm_s":[0.000359709],"warm_group_s":[2.725e-5],"warm_readout_s":[0.000273333],"warm_compute_s":[0.000301125],"warm_count_s":[5.8416e-5],"input_nodes":5922,"final_nodes":7015,"input_bytes_est":592280,"final_bytes_est":901976,"input_storage":{"layout":"slab","record_bytes":94752,"table_bytes":113416,"interner_bytes":145544,"metadata_bytes":47720,"cache_bytes":190848,"records":5922,"tables":2940,"logical_words":14177,"total_bytes_est":592280},"final_storage":{"layout":"slab","record_bytes":189504,"table_bytes":226832,"interner_bytes":169232,"metadata_bytes":95096,"cache_bytes":221312,"records":7015,"tables":3389,"logical_words":17445,"total_bytes_est":901976},"outer_memo_bytes":0,"colt_bytes":14992,"checksum":5067888,"verified":true}
EVENT_LAB {"kind":"readout_free_join","candidate":"retraction512","domain":"holes","readout_family":"suffix-half","readout_faces":"xy","hidden":455,"width":6,"bits":18,"worlds":262144,"admissible_worlds":74088,"environments":1,"rows":128,"groups":16,"outputs":64,"memo":true,"changed_possible_groups":16,"changed_guaranteed_groups":16,"nonconstant_readouts":32,"build_s":[0.004713375],"support_s":[0.000378625],"import_s":[0.004058125],"admission_s":[0.000275958],"join_only_s":[2.0542e-5],"fresh_s":[0.00134525],"fresh_group_s":[0.000824583],"fresh_readout_s":[0.000464625],"fresh_compute_s":[0.001289833],"fresh_count_s":[5.5333e-5],"warm_s":[0.000360333],"warm_group_s":[1.7292e-5],"warm_readout_s":[0.000285292],"warm_compute_s":[0.000303041],"warm_count_s":[5.7208e-5],"input_nodes":5922,"final_nodes":7015,"input_bytes_est":592280,"final_bytes_est":910936,"input_storage":{"layout":"slab","record_bytes":94752,"table_bytes":113416,"interner_bytes":145544,"metadata_bytes":47720,"cache_bytes":190848,"records":5922,"tables":2940,"logical_words":14177,"total_bytes_est":592280},"final_storage":{"layout":"slab","record_bytes":189504,"table_bytes":226832,"interner_bytes":169232,"metadata_bytes":95096,"cache_bytes":221312,"records":7015,"tables":3389,"logical_words":17445,"total_bytes_est":901976},"outer_memo_bytes":8960,"colt_bytes":14992,"checksum":5067888,"verified":true}
ok

test result: ok. 1 passed; 0 failed; 0 ignored; 0 measured; 1378 filtered out; finished in 4.26s


        4.26 real         4.22 user         0.03 sys
            15826944  maximum resident set size
                   0  average shared memory size
                   0  average unshared data size
                   0  average unshared stack size
                1183  page reclaims
                   0  page faults
                   0  swaps
                   0  block input operations
                   0  block output operations
                   0  messages sent
                   0  messages received
                   0  signals received
                   0  voluntary context switches
                 743  involuntary context switches
         47834839220  instructions retired
         14058720769  cycles elapsed
            12730752  peak memory footprint
