
running 1 test
test event_repr_lab::experiment ... EVENT_LAB {"kind":"readout_free_join","candidate":"packed512","domain":"holes","readout_family":"suffix-half","readout_faces":"xy","hidden":51,"width":4,"bits":12,"worlds":4096,"admissible_worlds":1000,"environments":1,"rows":128,"groups":16,"outputs":64,"memo":false,"changed_possible_groups":16,"changed_guaranteed_groups":16,"nonconstant_readouts":32,"build_s":[0.000222375],"support_s":[8.3042e-5],"import_s":[2.3458e-5],"admission_s":[0.000115542],"join_only_s":[2.6666e-5],"fresh_s":[0.000165958],"fresh_group_s":[0.000109958],"fresh_readout_s":[3.625e-5],"fresh_compute_s":[0.0001475],"fresh_count_s":[1.8375e-5],"warm_s":[4.2042e-5],"warm_group_s":[1.25e-5],"warm_readout_s":[1.5459e-5],"warm_compute_s":[2.8125e-5],"warm_count_s":[1.3791e-5],"input_nodes":895,"final_nodes":2075,"input_bytes_est":136756,"final_bytes_est":331732,"input_storage":null,"final_storage":null,"outer_memo_bytes":0,"colt_bytes":14992,"checksum":353240,"verified":true}
EVENT_LAB {"kind":"readout_free_join","candidate":"packed512","domain":"holes","readout_family":"suffix-half","readout_faces":"xy","hidden":51,"width":4,"bits":12,"worlds":4096,"admissible_worlds":1000,"environments":1,"rows":128,"groups":16,"outputs":64,"memo":true,"changed_possible_groups":16,"changed_guaranteed_groups":16,"nonconstant_readouts":32,"build_s":[0.000222375],"support_s":[8.3042e-5],"import_s":[2.3458e-5],"admission_s":[0.000115542],"join_only_s":[2.6666e-5],"fresh_s":[0.000125959],"fresh_group_s":[8.8167e-5],"fresh_readout_s":[2.3833e-5],"fresh_compute_s":[0.000112167],"fresh_count_s":[1.3625e-5],"warm_s":[3.6917e-5],"warm_group_s":[8.125e-6],"warm_readout_s":[1.4833e-5],"warm_compute_s":[2.3125e-5],"warm_count_s":[1.3708e-5],"input_nodes":895,"final_nodes":2075,"input_bytes_est":136756,"final_bytes_est":340692,"input_storage":null,"final_storage":null,"outer_memo_bytes":8960,"colt_bytes":14992,"checksum":353240,"verified":true}
EVENT_LAB {"kind":"readout_free_join","candidate":"packed512","domain":"holes","readout_family":"suffix-half","readout_faces":"xy","hidden":455,"width":6,"bits":18,"worlds":262144,"admissible_worlds":74088,"environments":1,"rows":128,"groups":16,"outputs":64,"memo":false,"changed_possible_groups":16,"changed_guaranteed_groups":16,"nonconstant_readouts":32,"build_s":[0.001384666],"support_s":[0.000263958],"import_s":[0.000421458],"admission_s":[0.000698709],"join_only_s":[1.8209e-5],"fresh_s":[0.0003565],"fresh_group_s":[0.000247542],"fresh_readout_s":[6.2083e-5],"fresh_compute_s":[0.00031075],"fresh_count_s":[4.5667e-5],"warm_s":[0.000127542],"warm_group_s":[3.1125e-5],"warm_readout_s":[5.2125e-5],"warm_compute_s":[8.4167e-5],"warm_count_s":[4.3291e-5],"input_nodes":7708,"final_nodes":10792,"input_bytes_est":884780,"final_bytes_est":1282028,"input_storage":null,"final_storage":null,"outer_memo_bytes":0,"colt_bytes":14992,"checksum":5067888,"verified":true}
EVENT_LAB {"kind":"readout_free_join","candidate":"packed512","domain":"holes","readout_family":"suffix-half","readout_faces":"xy","hidden":455,"width":6,"bits":18,"worlds":262144,"admissible_worlds":74088,"environments":1,"rows":128,"groups":16,"outputs":64,"memo":true,"changed_possible_groups":16,"changed_guaranteed_groups":16,"nonconstant_readouts":32,"build_s":[0.001384666],"support_s":[0.000263958],"import_s":[0.000421458],"admission_s":[0.000698709],"join_only_s":[1.8209e-5],"fresh_s":[0.000342583],"fresh_group_s":[0.000233125],"fresh_readout_s":[5.8125e-5],"fresh_compute_s":[0.000294958],"fresh_count_s":[4.75e-5],"warm_s":[0.000104291],"warm_group_s":[1.4041e-5],"warm_readout_s":[4.7917e-5],"warm_compute_s":[6.225e-5],"warm_count_s":[4.1959e-5],"input_nodes":7708,"final_nodes":10792,"input_bytes_est":884780,"final_bytes_est":1290988,"input_storage":null,"final_storage":null,"outer_memo_bytes":8960,"colt_bytes":14992,"checksum":5067888,"verified":true}
ok

test result: ok. 1 passed; 0 failed; 0 ignored; 0 measured; 1378 filtered out; finished in 1.56s


        1.56 real         1.55 user         0.01 sys
            14139392  maximum resident set size
                   0  average shared memory size
                   0  average unshared data size
                   0  average unshared stack size
                1079  page reclaims
                   0  page faults
                   0  swaps
                   0  block input operations
                   0  block output operations
                   0  messages sent
                   0  messages received
                   0  signals received
                   0  voluntary context switches
                 119  involuntary context switches
         21017458117  instructions retired
          5244938050  cycles elapsed
            11272576  peak memory footprint
