
running 1 test
test event_repr_lab::experiment ... EVENT_LAB {"kind":"readout_free_join","candidate":"retraction512","domain":"holes","readout_family":"suffix-half","readout_faces":"xy","hidden":51,"width":4,"bits":12,"worlds":4096,"admissible_worlds":1000,"environments":1,"rows":128,"groups":16,"outputs":64,"memo":false,"changed_possible_groups":16,"changed_guaranteed_groups":16,"nonconstant_readouts":32,"build_s":[0.000457125],"support_s":[0.000119292],"import_s":[0.000299417],"admission_s":[3.8e-5],"join_only_s":[2.8416e-5],"fresh_s":[0.000189792],"fresh_group_s":[0.000115],"fresh_readout_s":[6.4417e-5],"fresh_compute_s":[0.000180709],"fresh_count_s":[9e-6],"warm_s":[5.0875e-5],"warm_group_s":[1.4167e-5],"warm_readout_s":[3.1542e-5],"warm_compute_s":[4.5833e-5],"warm_count_s":[5e-6],"input_nodes":513,"final_nodes":656,"input_bytes_est":64420,"final_bytes_est":90264,"input_storage":{"layout":"slab","record_bytes":8208,"table_bytes":7672,"interner_bytes":17284,"metadata_bytes":4376,"cache_bytes":26880,"records":513,"tables":506,"logical_words":959,"total_bytes_est":64420},"final_storage":{"layout":"slab","record_bytes":16416,"table_bytes":15344,"interner_bytes":19336,"metadata_bytes":8480,"cache_bytes":30688,"records":656,"tables":649,"logical_words":1472,"total_bytes_est":90264},"outer_memo_bytes":0,"colt_bytes":14992,"checksum":353240,"verified":true}
EVENT_LAB {"kind":"readout_free_join","candidate":"retraction512","domain":"holes","readout_family":"suffix-half","readout_faces":"xy","hidden":51,"width":4,"bits":12,"worlds":4096,"admissible_worlds":1000,"environments":1,"rows":128,"groups":16,"outputs":64,"memo":true,"changed_possible_groups":16,"changed_guaranteed_groups":16,"nonconstant_readouts":32,"build_s":[0.000457125],"support_s":[0.000119292],"import_s":[0.000299417],"admission_s":[3.8e-5],"join_only_s":[2.8416e-5],"fresh_s":[0.000173334],"fresh_group_s":[0.000107917],"fresh_readout_s":[6.0583e-5],"fresh_compute_s":[0.000168625],"fresh_count_s":[4.625e-6],"warm_s":[4.3125e-5],"warm_group_s":[8.291e-6],"warm_readout_s":[3.0167e-5],"warm_compute_s":[3.8541e-5],"warm_count_s":[4.458e-6],"input_nodes":513,"final_nodes":656,"input_bytes_est":64420,"final_bytes_est":99224,"input_storage":{"layout":"slab","record_bytes":8208,"table_bytes":7672,"interner_bytes":17284,"metadata_bytes":4376,"cache_bytes":26880,"records":513,"tables":506,"logical_words":959,"total_bytes_est":64420},"final_storage":{"layout":"slab","record_bytes":16416,"table_bytes":15344,"interner_bytes":19336,"metadata_bytes":8480,"cache_bytes":30688,"records":656,"tables":649,"logical_words":1472,"total_bytes_est":90264},"outer_memo_bytes":8960,"colt_bytes":14992,"checksum":353240,"verified":true}
EVENT_LAB {"kind":"readout_free_join","candidate":"retraction512","domain":"holes","readout_family":"suffix-half","readout_faces":"xy","hidden":455,"width":6,"bits":18,"worlds":262144,"admissible_worlds":74088,"environments":1,"rows":128,"groups":16,"outputs":64,"memo":false,"changed_possible_groups":16,"changed_guaranteed_groups":16,"nonconstant_readouts":32,"build_s":[0.004550833],"support_s":[0.000351667],"import_s":[0.003931041],"admission_s":[0.000267833],"join_only_s":[1.4333e-5],"fresh_s":[0.001314209],"fresh_group_s":[0.000796125],"fresh_readout_s":[0.000463583],"fresh_compute_s":[0.001259834],"fresh_count_s":[5.4208e-5],"warm_s":[0.000352917],"warm_group_s":[2.6334e-5],"warm_readout_s":[0.000273917],"warm_compute_s":[0.000300792],"warm_count_s":[5.2042e-5],"input_nodes":5922,"final_nodes":7015,"input_bytes_est":592280,"final_bytes_est":901976,"input_storage":{"layout":"slab","record_bytes":94752,"table_bytes":113416,"interner_bytes":145544,"metadata_bytes":47720,"cache_bytes":190848,"records":5922,"tables":2940,"logical_words":14177,"total_bytes_est":592280},"final_storage":{"layout":"slab","record_bytes":189504,"table_bytes":226832,"interner_bytes":169232,"metadata_bytes":95096,"cache_bytes":221312,"records":7015,"tables":3389,"logical_words":17445,"total_bytes_est":901976},"outer_memo_bytes":0,"colt_bytes":14992,"checksum":5067888,"verified":true}
EVENT_LAB {"kind":"readout_free_join","candidate":"retraction512","domain":"holes","readout_family":"suffix-half","readout_faces":"xy","hidden":455,"width":6,"bits":18,"worlds":262144,"admissible_worlds":74088,"environments":1,"rows":128,"groups":16,"outputs":64,"memo":true,"changed_possible_groups":16,"changed_guaranteed_groups":16,"nonconstant_readouts":32,"build_s":[0.004550833],"support_s":[0.000351667],"import_s":[0.003931041],"admission_s":[0.000267833],"join_only_s":[1.4333e-5],"fresh_s":[0.001287875],"fresh_group_s":[0.000785666],"fresh_readout_s":[0.00045],"fresh_compute_s":[0.001236334],"fresh_count_s":[5.1459e-5],"warm_s":[0.000346458],"warm_group_s":[1.6e-5],"warm_readout_s":[0.000277208],"warm_compute_s":[0.000293667],"warm_count_s":[5.2709e-5],"input_nodes":5922,"final_nodes":7015,"input_bytes_est":592280,"final_bytes_est":910936,"input_storage":{"layout":"slab","record_bytes":94752,"table_bytes":113416,"interner_bytes":145544,"metadata_bytes":47720,"cache_bytes":190848,"records":5922,"tables":2940,"logical_words":14177,"total_bytes_est":592280},"final_storage":{"layout":"slab","record_bytes":189504,"table_bytes":226832,"interner_bytes":169232,"metadata_bytes":95096,"cache_bytes":221312,"records":7015,"tables":3389,"logical_words":17445,"total_bytes_est":901976},"outer_memo_bytes":8960,"colt_bytes":14992,"checksum":5067888,"verified":true}
ok

test result: ok. 1 passed; 0 failed; 0 ignored; 0 measured; 1378 filtered out; finished in 4.19s


        4.19 real         4.15 user         0.03 sys
            17448960  maximum resident set size
                   0  average shared memory size
                   0  average unshared data size
                   0  average unshared stack size
                1281  page reclaims
                   0  page faults
                   0  swaps
                   0  block input operations
                   0  block output operations
                   0  messages sent
                   0  messages received
                   0  signals received
                   0  voluntary context switches
                 268  involuntary context switches
         47831590524  instructions retired
         14022217892  cycles elapsed
            14352768  peak memory footprint
