
running 1 test
test event_repr_lab::experiment ... EVENT_LAB {"kind":"readout_free_join","candidate":"prefix512","domain":"holes","readout_family":"suffix-half","readout_faces":"xy","hidden":51,"width":4,"bits":12,"worlds":4096,"admissible_worlds":1000,"environments":1,"rows":128,"groups":16,"outputs":64,"memo":false,"changed_possible_groups":16,"changed_guaranteed_groups":16,"nonconstant_readouts":32,"build_s":[0.000556708],"support_s":[0.000150666],"import_s":[0.000358625],"admission_s":[4.7042e-5],"join_only_s":[2.9667e-5],"fresh_s":[0.000185041],"fresh_group_s":[0.000135375],"fresh_readout_s":[3.1042e-5],"fresh_compute_s":[0.000167833],"fresh_count_s":[1.7083e-5],"warm_s":[6.6541e-5],"warm_group_s":[1.5167e-5],"warm_readout_s":[4.2458e-5],"warm_compute_s":[5.7708e-5],"warm_count_s":[8.75e-6],"input_nodes":656,"final_nodes":759,"input_bytes_est":78896,"final_bytes_est":107792,"input_storage":{"layout":"slab","record_bytes":10496,"table_bytes":10528,"interner_bytes":17856,"metadata_bytes":5520,"cache_bytes":34496,"records":656,"tables":648,"logical_words":1316,"total_bytes_est":78896},"final_storage":{"layout":"slab","record_bytes":20992,"table_bytes":21056,"interner_bytes":20480,"metadata_bytes":10768,"cache_bytes":34496,"records":759,"tables":751,"logical_words":1648,"total_bytes_est":107792},"outer_memo_bytes":0,"colt_bytes":14992,"checksum":353240,"verified":true}
EVENT_LAB {"kind":"readout_free_join","candidate":"prefix512","domain":"holes","readout_family":"suffix-half","readout_faces":"xy","hidden":51,"width":4,"bits":12,"worlds":4096,"admissible_worlds":1000,"environments":1,"rows":128,"groups":16,"outputs":64,"memo":true,"changed_possible_groups":16,"changed_guaranteed_groups":16,"nonconstant_readouts":32,"build_s":[0.000556708],"support_s":[0.000150666],"import_s":[0.000358625],"admission_s":[4.7042e-5],"join_only_s":[2.9667e-5],"fresh_s":[0.000191875],"fresh_group_s":[0.000140792],"fresh_readout_s":[3.5958e-5],"fresh_compute_s":[0.000182083],"fresh_count_s":[9.708e-6],"warm_s":[4.7792e-5],"warm_group_s":[9.875e-6],"warm_readout_s":[2.9458e-5],"warm_compute_s":[3.95e-5],"warm_count_s":[8.208e-6],"input_nodes":656,"final_nodes":759,"input_bytes_est":78896,"final_bytes_est":116752,"input_storage":{"layout":"slab","record_bytes":10496,"table_bytes":10528,"interner_bytes":17856,"metadata_bytes":5520,"cache_bytes":34496,"records":656,"tables":648,"logical_words":1316,"total_bytes_est":78896},"final_storage":{"layout":"slab","record_bytes":20992,"table_bytes":21056,"interner_bytes":20480,"metadata_bytes":10768,"cache_bytes":34496,"records":759,"tables":751,"logical_words":1648,"total_bytes_est":107792},"outer_memo_bytes":8960,"colt_bytes":14992,"checksum":353240,"verified":true}
EVENT_LAB {"kind":"readout_free_join","candidate":"prefix512","domain":"holes","readout_family":"suffix-half","readout_faces":"xy","hidden":455,"width":6,"bits":18,"worlds":262144,"admissible_worlds":74088,"environments":1,"rows":128,"groups":16,"outputs":64,"memo":false,"changed_possible_groups":16,"changed_guaranteed_groups":16,"nonconstant_readouts":32,"build_s":[0.006644333],"support_s":[0.000720625],"import_s":[0.005634167],"admission_s":[0.000289042],"join_only_s":[1.9958e-5],"fresh_s":[0.000803084],"fresh_group_s":[0.000520542],"fresh_readout_s":[0.000151875],"fresh_compute_s":[0.00067275],"fresh_count_s":[0.000130292],"warm_s":[0.000308458],"warm_group_s":[2.7375e-5],"warm_readout_s":[0.000157209],"warm_compute_s":[0.00018475],"warm_count_s":[0.000123625],"input_nodes":8899,"final_nodes":9539,"input_bytes_est":917956,"final_bytes_est":1431472,"input_storage":{"layout":"slab","record_bytes":142384,"table_bytes":233880,"interner_bytes":279308,"metadata_bytes":71536,"cache_bytes":190848,"records":8899,"tables":5050,"logical_words":29235,"total_bytes_est":917956},"final_storage":{"layout":"slab","record_bytes":284768,"table_bytes":467760,"interner_bytes":314904,"metadata_bytes":142728,"cache_bytes":221312,"records":9539,"tables":5287,"logical_words":30768,"total_bytes_est":1431472},"outer_memo_bytes":0,"colt_bytes":14992,"checksum":5067888,"verified":true}
EVENT_LAB {"kind":"readout_free_join","candidate":"prefix512","domain":"holes","readout_family":"suffix-half","readout_faces":"xy","hidden":455,"width":6,"bits":18,"worlds":262144,"admissible_worlds":74088,"environments":1,"rows":128,"groups":16,"outputs":64,"memo":true,"changed_possible_groups":16,"changed_guaranteed_groups":16,"nonconstant_readouts":32,"build_s":[0.006644333],"support_s":[0.000720625],"import_s":[0.005634167],"admission_s":[0.000289042],"join_only_s":[1.9958e-5],"fresh_s":[0.000804833],"fresh_group_s":[0.000524167],"fresh_readout_s":[0.000154125],"fresh_compute_s":[0.000678875],"fresh_count_s":[0.000125916],"warm_s":[0.000401708],"warm_group_s":[1.6625e-5],"warm_readout_s":[0.000158209],"warm_compute_s":[0.000175708],"warm_count_s":[0.000225459],"input_nodes":8899,"final_nodes":9539,"input_bytes_est":917956,"final_bytes_est":1440432,"input_storage":{"layout":"slab","record_bytes":142384,"table_bytes":233880,"interner_bytes":279308,"metadata_bytes":71536,"cache_bytes":190848,"records":8899,"tables":5050,"logical_words":29235,"total_bytes_est":917956},"final_storage":{"layout":"slab","record_bytes":284768,"table_bytes":467760,"interner_bytes":314904,"metadata_bytes":142728,"cache_bytes":221312,"records":9539,"tables":5287,"logical_words":30768,"total_bytes_est":1431472},"outer_memo_bytes":8960,"colt_bytes":14992,"checksum":5067888,"verified":true}
ok

test result: ok. 1 passed; 0 failed; 0 ignored; 0 measured; 1378 filtered out; finished in 6.42s


        6.42 real         6.10 user         0.11 sys
            84328448  maximum resident set size
                   0  average shared memory size
                   0  average unshared data size
                   0  average unshared stack size
                6602  page reclaims
                   0  page faults
                   0  swaps
                   0  block input operations
                   0  block output operations
                   0  messages sent
                   0  messages received
                   0  signals received
                   0  voluntary context switches
               11022  involuntary context switches
         64205046295  instructions retired
         20314069231  cycles elapsed
            81314272  peak memory footprint
