
running 1 test
test event_repr_lab::experiment ... EVENT_LAB {"kind":"readout_free_join","candidate":"retraction512","domain":"full","readout_family":"suffix-half","readout_faces":"xy","hidden":51,"width":4,"bits":12,"worlds":4096,"admissible_worlds":4096,"environments":1,"rows":128,"groups":16,"outputs":64,"memo":false,"changed_possible_groups":16,"changed_guaranteed_groups":16,"nonconstant_readouts":32,"build_s":[6.9875e-5],"support_s":[2.7667e-5],"import_s":[4.175e-5],"admission_s":[8.3e-8],"join_only_s":[2.7708e-5],"fresh_s":[0.000175042],"fresh_group_s":[0.0001325],"fresh_readout_s":[3.9417e-5],"fresh_compute_s":[0.000173167],"fresh_count_s":[1.75e-6],"warm_s":[4.3e-5],"warm_group_s":[1.175e-5],"warm_readout_s":[3.0791e-5],"warm_compute_s":[4.2625e-5],"warm_count_s":[2.92e-7],"input_nodes":37,"final_nodes":169,"input_bytes_est":2932,"final_bytes_est":21552,"input_storage":{"layout":"slab","record_bytes":592,"table_bytes":672,"interner_bytes":1100,"metadata_bytes":568,"cache_bytes":0,"records":37,"tables":36,"logical_words":84,"total_bytes_est":2932},"final_storage":{"layout":"slab","record_bytes":4736,"table_bytes":5376,"interner_bytes":4992,"metadata_bytes":2640,"cache_bytes":3808,"records":169,"tables":168,"logical_words":600,"total_bytes_est":21552},"outer_memo_bytes":0,"colt_bytes":14992,"checksum":1804000,"verified":true}
EVENT_LAB {"kind":"readout_free_join","candidate":"retraction512","domain":"full","readout_family":"suffix-half","readout_faces":"xy","hidden":51,"width":4,"bits":12,"worlds":4096,"admissible_worlds":4096,"environments":1,"rows":128,"groups":16,"outputs":64,"memo":true,"changed_possible_groups":16,"changed_guaranteed_groups":16,"nonconstant_readouts":32,"build_s":[6.9875e-5],"support_s":[2.7667e-5],"import_s":[4.175e-5],"admission_s":[8.3e-8],"join_only_s":[2.7708e-5],"fresh_s":[0.0001505],"fresh_group_s":[0.000119],"fresh_readout_s":[3.0916e-5],"fresh_compute_s":[0.000150042],"fresh_count_s":[3.75e-7],"warm_s":[3.8833e-5],"warm_group_s":[8.25e-6],"warm_readout_s":[3.0083e-5],"warm_compute_s":[3.8458e-5],"warm_count_s":[2.92e-7],"input_nodes":37,"final_nodes":169,"input_bytes_est":2932,"final_bytes_est":30512,"input_storage":{"layout":"slab","record_bytes":592,"table_bytes":672,"interner_bytes":1100,"metadata_bytes":568,"cache_bytes":0,"records":37,"tables":36,"logical_words":84,"total_bytes_est":2932},"final_storage":{"layout":"slab","record_bytes":4736,"table_bytes":5376,"interner_bytes":4992,"metadata_bytes":2640,"cache_bytes":3808,"records":169,"tables":168,"logical_words":600,"total_bytes_est":21552},"outer_memo_bytes":8960,"colt_bytes":14992,"checksum":1804000,"verified":true}
EVENT_LAB {"kind":"readout_free_join","candidate":"retraction512","domain":"full","readout_family":"suffix-half","readout_faces":"xy","hidden":455,"width":6,"bits":18,"worlds":262144,"admissible_worlds":262144,"environments":1,"rows":128,"groups":16,"outputs":64,"memo":false,"changed_possible_groups":16,"changed_guaranteed_groups":16,"nonconstant_readouts":32,"build_s":[0.000541125],"support_s":[1.5375e-5],"import_s":[0.000525459],"admission_s":[1.25e-7],"join_only_s":[1.4209e-5],"fresh_s":[0.000860083],"fresh_group_s":[0.000634542],"fresh_readout_s":[0.000225083],"fresh_compute_s":[0.000859708],"fresh_count_s":[2.92e-7],"warm_s":[0.000240209],"warm_group_s":[1.9959e-5],"warm_readout_s":[0.000216417],"warm_compute_s":[0.000236584],"warm_count_s":[3.459e-6],"input_nodes":229,"final_nodes":1254,"input_bytes_est":20916,"final_bytes_est":166824,"input_storage":{"layout":"slab","record_bytes":3664,"table_bytes":6544,"interner_bytes":8532,"metadata_bytes":2176,"cache_bytes":0,"records":229,"tables":125,"logical_words":818,"total_bytes_est":20916},"final_storage":{"layout":"slab","record_bytes":29312,"table_bytes":52352,"interner_bytes":37792,"metadata_bytes":15000,"cache_bytes":32368,"records":1254,"tables":544,"logical_words":3864,"total_bytes_est":166824},"outer_memo_bytes":0,"colt_bytes":14992,"checksum":19699840,"verified":true}
EVENT_LAB {"kind":"readout_free_join","candidate":"retraction512","domain":"full","readout_family":"suffix-half","readout_faces":"xy","hidden":455,"width":6,"bits":18,"worlds":262144,"admissible_worlds":262144,"environments":1,"rows":128,"groups":16,"outputs":64,"memo":true,"changed_possible_groups":16,"changed_guaranteed_groups":16,"nonconstant_readouts":32,"build_s":[0.000541125],"support_s":[1.5375e-5],"import_s":[0.000525459],"admission_s":[1.25e-7],"join_only_s":[1.4209e-5],"fresh_s":[0.000856458],"fresh_group_s":[0.000638375],"fresh_readout_s":[0.000217166],"fresh_compute_s":[0.000856],"fresh_count_s":[4.16e-7],"warm_s":[0.000233],"warm_group_s":[1.4125e-5],"warm_readout_s":[0.000218084],"warm_compute_s":[0.000232625],"warm_count_s":[2.92e-7],"input_nodes":229,"final_nodes":1254,"input_bytes_est":20916,"final_bytes_est":175784,"input_storage":{"layout":"slab","record_bytes":3664,"table_bytes":6544,"interner_bytes":8532,"metadata_bytes":2176,"cache_bytes":0,"records":229,"tables":125,"logical_words":818,"total_bytes_est":20916},"final_storage":{"layout":"slab","record_bytes":29312,"table_bytes":52352,"interner_bytes":37792,"metadata_bytes":15000,"cache_bytes":32368,"records":1254,"tables":544,"logical_words":3864,"total_bytes_est":166824},"outer_memo_bytes":8960,"colt_bytes":14992,"checksum":19699840,"verified":true}
ok

test result: ok. 1 passed; 0 failed; 0 ignored; 0 measured; 1378 filtered out; finished in 0.79s


        0.79 real         0.78 user         0.00 sys
            10338304  maximum resident set size
                   0  average shared memory size
                   0  average unshared data size
                   0  average unshared stack size
                 846  page reclaims
                   0  page faults
                   0  swaps
                   0  block input operations
                   0  block output operations
                   0  messages sent
                   0  messages received
                   0  signals received
                   0  voluntary context switches
                  51  involuntary context switches
         14682472274  instructions retired
          2649430082  cycles elapsed
             7324032  peak memory footprint
