
running 1 test
test event_repr_lab::experiment ... EVENT_LAB {"kind":"readout_free_join","candidate":"retraction512","domain":"full","readout_family":"suffix-half","readout_faces":"xy","hidden":51,"width":4,"bits":12,"worlds":4096,"admissible_worlds":4096,"environments":1,"rows":128,"groups":16,"outputs":64,"memo":false,"changed_possible_groups":16,"changed_guaranteed_groups":16,"nonconstant_readouts":32,"build_s":[6.4666e-5],"support_s":[2.325e-5],"import_s":[4.1083e-5],"admission_s":[8.4e-8],"join_only_s":[2.9791e-5],"fresh_s":[0.000175916],"fresh_group_s":[0.000132584],"fresh_readout_s":[3.7625e-5],"fresh_compute_s":[0.00017125],"fresh_count_s":[4.333e-6],"warm_s":[4.3833e-5],"warm_group_s":[1.2083e-5],"warm_readout_s":[3.1167e-5],"warm_compute_s":[4.3375e-5],"warm_count_s":[3.33e-7],"input_nodes":37,"final_nodes":169,"input_bytes_est":2932,"final_bytes_est":21552,"input_storage":{"layout":"slab","record_bytes":592,"table_bytes":672,"interner_bytes":1100,"metadata_bytes":568,"cache_bytes":0,"records":37,"tables":36,"logical_words":84,"total_bytes_est":2932},"final_storage":{"layout":"slab","record_bytes":4736,"table_bytes":5376,"interner_bytes":4992,"metadata_bytes":2640,"cache_bytes":3808,"records":169,"tables":168,"logical_words":600,"total_bytes_est":21552},"outer_memo_bytes":0,"colt_bytes":14992,"checksum":1804000,"verified":true}
EVENT_LAB {"kind":"readout_free_join","candidate":"retraction512","domain":"full","readout_family":"suffix-half","readout_faces":"xy","hidden":51,"width":4,"bits":12,"worlds":4096,"admissible_worlds":4096,"environments":1,"rows":128,"groups":16,"outputs":64,"memo":true,"changed_possible_groups":16,"changed_guaranteed_groups":16,"nonconstant_readouts":32,"build_s":[6.4666e-5],"support_s":[2.325e-5],"import_s":[4.1083e-5],"admission_s":[8.4e-8],"join_only_s":[2.9791e-5],"fresh_s":[0.000147084],"fresh_group_s":[0.000116042],"fresh_readout_s":[3.0583e-5],"fresh_compute_s":[0.00014675],"fresh_count_s":[2.5e-7],"warm_s":[3.8584e-5],"warm_group_s":[8e-6],"warm_readout_s":[3.0125e-5],"warm_compute_s":[3.825e-5],"warm_count_s":[2.5e-7],"input_nodes":37,"final_nodes":169,"input_bytes_est":2932,"final_bytes_est":30512,"input_storage":{"layout":"slab","record_bytes":592,"table_bytes":672,"interner_bytes":1100,"metadata_bytes":568,"cache_bytes":0,"records":37,"tables":36,"logical_words":84,"total_bytes_est":2932},"final_storage":{"layout":"slab","record_bytes":4736,"table_bytes":5376,"interner_bytes":4992,"metadata_bytes":2640,"cache_bytes":3808,"records":169,"tables":168,"logical_words":600,"total_bytes_est":21552},"outer_memo_bytes":8960,"colt_bytes":14992,"checksum":1804000,"verified":true}
EVENT_LAB {"kind":"readout_free_join","candidate":"retraction512","domain":"full","readout_family":"suffix-half","readout_faces":"xy","hidden":455,"width":6,"bits":18,"worlds":262144,"admissible_worlds":262144,"environments":1,"rows":128,"groups":16,"outputs":64,"memo":false,"changed_possible_groups":16,"changed_guaranteed_groups":16,"nonconstant_readouts":32,"build_s":[0.000551625],"support_s":[1.3041e-5],"import_s":[0.00053825],"admission_s":[1.25e-7],"join_only_s":[1.4791e-5],"fresh_s":[0.000652208],"fresh_group_s":[0.000482625],"fresh_readout_s":[0.000168125],"fresh_compute_s":[0.000651833],"fresh_count_s":[2.91e-7],"warm_s":[0.000180958],"warm_group_s":[1.725e-5],"warm_readout_s":[0.000162709],"warm_compute_s":[0.000180625],"warm_count_s":[2.5e-7],"input_nodes":175,"final_nodes":1030,"input_bytes_est":13548,"final_bytes_est":137392,"input_storage":{"layout":"slab","record_bytes":2800,"table_bytes":4496,"interner_bytes":4508,"metadata_bytes":1744,"cache_bytes":0,"records":175,"tables":93,"logical_words":562,"total_bytes_est":13548},"final_storage":{"layout":"slab","record_bytes":22400,"table_bytes":35968,"interner_bytes":36064,"metadata_bytes":11544,"cache_bytes":31416,"records":1030,"tables":390,"logical_words":2688,"total_bytes_est":137392},"outer_memo_bytes":0,"colt_bytes":14992,"checksum":19699840,"verified":true}
EVENT_LAB {"kind":"readout_free_join","candidate":"retraction512","domain":"full","readout_family":"suffix-half","readout_faces":"xy","hidden":455,"width":6,"bits":18,"worlds":262144,"admissible_worlds":262144,"environments":1,"rows":128,"groups":16,"outputs":64,"memo":true,"changed_possible_groups":16,"changed_guaranteed_groups":16,"nonconstant_readouts":32,"build_s":[0.000551625],"support_s":[1.3041e-5],"import_s":[0.00053825],"admission_s":[1.25e-7],"join_only_s":[1.4791e-5],"fresh_s":[0.000683417],"fresh_group_s":[0.0005135],"fresh_readout_s":[0.000168708],"fresh_compute_s":[0.000682875],"fresh_count_s":[4.17e-7],"warm_s":[0.000195791],"warm_group_s":[1.45e-5],"warm_readout_s":[0.000180375],"warm_compute_s":[0.000195333],"warm_count_s":[4.17e-7],"input_nodes":175,"final_nodes":1030,"input_bytes_est":13548,"final_bytes_est":146352,"input_storage":{"layout":"slab","record_bytes":2800,"table_bytes":4496,"interner_bytes":4508,"metadata_bytes":1744,"cache_bytes":0,"records":175,"tables":93,"logical_words":562,"total_bytes_est":13548},"final_storage":{"layout":"slab","record_bytes":22400,"table_bytes":35968,"interner_bytes":36064,"metadata_bytes":11544,"cache_bytes":31416,"records":1030,"tables":390,"logical_words":2688,"total_bytes_est":137392},"outer_memo_bytes":8960,"colt_bytes":14992,"checksum":19699840,"verified":true}
ok

test result: ok. 1 passed; 0 failed; 0 ignored; 0 measured; 1378 filtered out; finished in 0.77s


        0.77 real         0.76 user         0.00 sys
            10371072  maximum resident set size
                   0  average shared memory size
                   0  average unshared data size
                   0  average unshared stack size
                 849  page reclaims
                   0  page faults
                   0  swaps
                   0  block input operations
                   0  block output operations
                   0  messages sent
                   0  messages received
                   0  signals received
                   0  voluntary context switches
                  43  involuntary context switches
         14163610547  instructions retired
          2587422446  cycles elapsed
             7356800  peak memory footprint
