
running 1 test
test event_repr_lab::experiment ... EVENT_LAB {"kind":"readout_free_join","candidate":"prefix512","domain":"full","readout_family":"suffix-half","readout_faces":"xy","hidden":51,"width":4,"bits":12,"worlds":4096,"admissible_worlds":4096,"environments":1,"rows":128,"groups":16,"outputs":64,"memo":false,"changed_possible_groups":16,"changed_guaranteed_groups":16,"nonconstant_readouts":32,"build_s":[0.00015525],"support_s":[4.9209e-5],"import_s":[0.000105083],"admission_s":[2.91e-7],"join_only_s":[6.5292e-5],"fresh_s":[0.000449125],"fresh_group_s":[0.0003325],"fresh_readout_s":[0.0001025],"fresh_compute_s":[0.000437291],"fresh_count_s":[1.1584e-5],"warm_s":[0.000151125],"warm_group_s":[3.6916e-5],"warm_readout_s":[0.000111916],"warm_compute_s":[0.000149917],"warm_count_s":[9.58e-7],"input_nodes":37,"final_nodes":169,"input_bytes_est":2932,"final_bytes_est":21552,"input_storage":{"layout":"slab","record_bytes":592,"table_bytes":672,"interner_bytes":1100,"metadata_bytes":568,"cache_bytes":0,"records":37,"tables":36,"logical_words":84,"total_bytes_est":2932},"final_storage":{"layout":"slab","record_bytes":4736,"table_bytes":5376,"interner_bytes":4992,"metadata_bytes":2640,"cache_bytes":3808,"records":169,"tables":168,"logical_words":600,"total_bytes_est":21552},"outer_memo_bytes":0,"colt_bytes":14992,"checksum":1804000,"verified":true}
EVENT_LAB {"kind":"readout_free_join","candidate":"prefix512","domain":"full","readout_family":"suffix-half","readout_faces":"xy","hidden":51,"width":4,"bits":12,"worlds":4096,"admissible_worlds":4096,"environments":1,"rows":128,"groups":16,"outputs":64,"memo":true,"changed_possible_groups":16,"changed_guaranteed_groups":16,"nonconstant_readouts":32,"build_s":[0.00015525],"support_s":[4.9209e-5],"import_s":[0.000105083],"admission_s":[2.91e-7],"join_only_s":[6.5292e-5],"fresh_s":[0.000166584],"fresh_group_s":[0.000131709],"fresh_readout_s":[3.3709e-5],"fresh_compute_s":[0.000165959],"fresh_count_s":[5e-7],"warm_s":[4.1584e-5],"warm_group_s":[9.375e-6],"warm_readout_s":[3.1542e-5],"warm_compute_s":[4.1084e-5],"warm_count_s":[3.75e-7],"input_nodes":37,"final_nodes":169,"input_bytes_est":2932,"final_bytes_est":30512,"input_storage":{"layout":"slab","record_bytes":592,"table_bytes":672,"interner_bytes":1100,"metadata_bytes":568,"cache_bytes":0,"records":37,"tables":36,"logical_words":84,"total_bytes_est":2932},"final_storage":{"layout":"slab","record_bytes":4736,"table_bytes":5376,"interner_bytes":4992,"metadata_bytes":2640,"cache_bytes":3808,"records":169,"tables":168,"logical_words":600,"total_bytes_est":21552},"outer_memo_bytes":8960,"colt_bytes":14992,"checksum":1804000,"verified":true}
EVENT_LAB {"kind":"readout_free_join","candidate":"prefix512","domain":"full","readout_family":"suffix-half","readout_faces":"xy","hidden":455,"width":6,"bits":18,"worlds":262144,"admissible_worlds":262144,"environments":1,"rows":128,"groups":16,"outputs":64,"memo":false,"changed_possible_groups":16,"changed_guaranteed_groups":16,"nonconstant_readouts":32,"build_s":[0.000568667],"support_s":[1.8375e-5],"import_s":[0.000549833],"admission_s":[8.3e-8],"join_only_s":[1.9041e-5],"fresh_s":[0.00067475],"fresh_group_s":[0.000499625],"fresh_readout_s":[0.000173375],"fresh_compute_s":[0.000673292],"fresh_count_s":[5.41e-7],"warm_s":[0.000208041],"warm_group_s":[2.975e-5],"warm_readout_s":[0.000175875],"warm_compute_s":[0.000207],"warm_count_s":[1e-6],"input_nodes":175,"final_nodes":1030,"input_bytes_est":13548,"final_bytes_est":137392,"input_storage":{"layout":"slab","record_bytes":2800,"table_bytes":4496,"interner_bytes":4508,"metadata_bytes":1744,"cache_bytes":0,"records":175,"tables":93,"logical_words":562,"total_bytes_est":13548},"final_storage":{"layout":"slab","record_bytes":22400,"table_bytes":35968,"interner_bytes":36064,"metadata_bytes":11544,"cache_bytes":31416,"records":1030,"tables":390,"logical_words":2688,"total_bytes_est":137392},"outer_memo_bytes":0,"colt_bytes":14992,"checksum":19699840,"verified":true}
EVENT_LAB {"kind":"readout_free_join","candidate":"prefix512","domain":"full","readout_family":"suffix-half","readout_faces":"xy","hidden":455,"width":6,"bits":18,"worlds":262144,"admissible_worlds":262144,"environments":1,"rows":128,"groups":16,"outputs":64,"memo":true,"changed_possible_groups":16,"changed_guaranteed_groups":16,"nonconstant_readouts":32,"build_s":[0.000568667],"support_s":[1.8375e-5],"import_s":[0.000549833],"admission_s":[8.3e-8],"join_only_s":[1.9041e-5],"fresh_s":[0.000703959],"fresh_group_s":[0.000531],"fresh_readout_s":[0.000171834],"fresh_compute_s":[0.000703334],"fresh_count_s":[5e-7],"warm_s":[0.000202458],"warm_group_s":[1.9042e-5],"warm_readout_s":[0.00018175],"warm_compute_s":[0.000201333],"warm_count_s":[1.041e-6],"input_nodes":175,"final_nodes":1030,"input_bytes_est":13548,"final_bytes_est":146352,"input_storage":{"layout":"slab","record_bytes":2800,"table_bytes":4496,"interner_bytes":4508,"metadata_bytes":1744,"cache_bytes":0,"records":175,"tables":93,"logical_words":562,"total_bytes_est":13548},"final_storage":{"layout":"slab","record_bytes":22400,"table_bytes":35968,"interner_bytes":36064,"metadata_bytes":11544,"cache_bytes":31416,"records":1030,"tables":390,"logical_words":2688,"total_bytes_est":137392},"outer_memo_bytes":8960,"colt_bytes":14992,"checksum":19699840,"verified":true}
ok

test result: ok. 1 passed; 0 failed; 0 ignored; 0 measured; 1378 filtered out; finished in 2.68s


        2.68 real         0.86 user         0.00 sys
            10731520  maximum resident set size
                   0  average shared memory size
                   0  average unshared data size
                   0  average unshared stack size
                 872  page reclaims
                   0  page faults
                   0  swaps
                   0  block input operations
                   0  block output operations
                   0  messages sent
                   0  messages received
                   0  signals received
                   0  voluntary context switches
                 542  involuntary context switches
         14168379388  instructions retired
          2713878099  cycles elapsed
             7750040  peak memory footprint
