
running 1 test
test event_repr_lab::experiment ... EVENT_LAB {"kind":"readout_free_join","candidate":"retraction512","domain":"holes","readout_family":"suffix-half","readout_faces":"xy","hidden":51,"width":4,"bits":12,"worlds":4096,"admissible_worlds":1000,"environments":1,"rows":128,"groups":16,"outputs":64,"memo":false,"changed_possible_groups":16,"changed_guaranteed_groups":16,"nonconstant_readouts":32,"build_s":[0.00052225],"support_s":[0.000130083],"import_s":[0.000354834],"admission_s":[3.7042e-5],"join_only_s":[2.8833e-5],"fresh_s":[0.000193583],"fresh_group_s":[0.000116708],"fresh_readout_s":[6.5917e-5],"fresh_compute_s":[0.000183917],"fresh_count_s":[9.459e-6],"warm_s":[5.5875e-5],"warm_group_s":[1.6959e-5],"warm_readout_s":[3.3709e-5],"warm_compute_s":[5.0791e-5],"warm_count_s":[5e-6],"input_nodes":603,"final_nodes":751,"input_bytes_est":76956,"final_bytes_est":103912,"input_storage":{"layout":"slab","record_bytes":9648,"table_bytes":10072,"interner_bytes":17644,"metadata_bytes":5096,"cache_bytes":34496,"records":603,"tables":595,"logical_words":1259,"total_bytes_est":76956},"final_storage":{"layout":"slab","record_bytes":19296,"table_bytes":20144,"interner_bytes":20056,"metadata_bytes":9920,"cache_bytes":34496,"records":751,"tables":743,"logical_words":1789,"total_bytes_est":103912},"outer_memo_bytes":0,"colt_bytes":14992,"checksum":353240,"verified":true}
EVENT_LAB {"kind":"readout_free_join","candidate":"retraction512","domain":"holes","readout_family":"suffix-half","readout_faces":"xy","hidden":51,"width":4,"bits":12,"worlds":4096,"admissible_worlds":1000,"environments":1,"rows":128,"groups":16,"outputs":64,"memo":true,"changed_possible_groups":16,"changed_guaranteed_groups":16,"nonconstant_readouts":32,"build_s":[0.00052225],"support_s":[0.000130083],"import_s":[0.000354834],"admission_s":[3.7042e-5],"join_only_s":[2.8833e-5],"fresh_s":[0.000182333],"fresh_group_s":[0.0001125],"fresh_readout_s":[6.4708e-5],"fresh_compute_s":[0.00017725],"fresh_count_s":[5e-6],"warm_s":[4.375e-5],"warm_group_s":[7.959e-6],"warm_readout_s":[3.1e-5],"warm_compute_s":[3.9083e-5],"warm_count_s":[4.583e-6],"input_nodes":603,"final_nodes":751,"input_bytes_est":76956,"final_bytes_est":112872,"input_storage":{"layout":"slab","record_bytes":9648,"table_bytes":10072,"interner_bytes":17644,"metadata_bytes":5096,"cache_bytes":34496,"records":603,"tables":595,"logical_words":1259,"total_bytes_est":76956},"final_storage":{"layout":"slab","record_bytes":19296,"table_bytes":20144,"interner_bytes":20056,"metadata_bytes":9920,"cache_bytes":34496,"records":751,"tables":743,"logical_words":1789,"total_bytes_est":103912},"outer_memo_bytes":8960,"colt_bytes":14992,"checksum":353240,"verified":true}
EVENT_LAB {"kind":"readout_free_join","candidate":"retraction512","domain":"holes","readout_family":"suffix-half","readout_faces":"xy","hidden":455,"width":6,"bits":18,"worlds":262144,"admissible_worlds":74088,"environments":1,"rows":128,"groups":16,"outputs":64,"memo":false,"changed_possible_groups":16,"changed_guaranteed_groups":16,"nonconstant_readouts":32,"build_s":[0.006892375],"support_s":[0.000654],"import_s":[0.0059765],"admission_s":[0.000261459],"join_only_s":[1.5e-5],"fresh_s":[0.001255416],"fresh_group_s":[0.0007215],"fresh_readout_s":[0.000477334],"fresh_compute_s":[0.001199041],"fresh_count_s":[5.6292e-5],"warm_s":[0.000364708],"warm_group_s":[2.6166e-5],"warm_readout_s":[0.000279959],"warm_compute_s":[0.000306708],"warm_count_s":[5.7875e-5],"input_nodes":8870,"final_nodes":9815,"input_bytes_est":1043472,"final_bytes_est":1560648,"input_storage":{"layout":"slab","record_bytes":141920,"table_bytes":238352,"interner_bytes":279192,"metadata_bytes":71304,"cache_bytes":312704,"records":8870,"tables":4904,"logical_words":29794,"total_bytes_est":1043472},"final_storage":{"layout":"slab","record_bytes":283840,"table_bytes":476704,"interner_bytes":314672,"metadata_bytes":142264,"cache_bytes":343168,"records":9815,"tables":5249,"logical_words":32337,"total_bytes_est":1560648},"outer_memo_bytes":0,"colt_bytes":14992,"checksum":5067888,"verified":true}
EVENT_LAB {"kind":"readout_free_join","candidate":"retraction512","domain":"holes","readout_family":"suffix-half","readout_faces":"xy","hidden":455,"width":6,"bits":18,"worlds":262144,"admissible_worlds":74088,"environments":1,"rows":128,"groups":16,"outputs":64,"memo":true,"changed_possible_groups":16,"changed_guaranteed_groups":16,"nonconstant_readouts":32,"build_s":[0.006892375],"support_s":[0.000654],"import_s":[0.0059765],"admission_s":[0.000261459],"join_only_s":[1.5e-5],"fresh_s":[0.00124425],"fresh_group_s":[0.000721125],"fresh_readout_s":[0.000468167],"fresh_compute_s":[0.001190375],"fresh_count_s":[5.375e-5],"warm_s":[0.000364875],"warm_group_s":[1.6167e-5],"warm_readout_s":[0.000286667],"warm_compute_s":[0.000303625],"warm_count_s":[6.1083e-5],"input_nodes":8870,"final_nodes":9815,"input_bytes_est":1043472,"final_bytes_est":1569608,"input_storage":{"layout":"slab","record_bytes":141920,"table_bytes":238352,"interner_bytes":279192,"metadata_bytes":71304,"cache_bytes":312704,"records":8870,"tables":4904,"logical_words":29794,"total_bytes_est":1043472},"final_storage":{"layout":"slab","record_bytes":283840,"table_bytes":476704,"interner_bytes":314672,"metadata_bytes":142264,"cache_bytes":343168,"records":9815,"tables":5249,"logical_words":32337,"total_bytes_est":1560648},"outer_memo_bytes":8960,"colt_bytes":14992,"checksum":5067888,"verified":true}
ok

test result: ok. 1 passed; 0 failed; 0 ignored; 0 measured; 1378 filtered out; finished in 7.84s


        7.84 real         6.24 user         0.05 sys
            67502080  maximum resident set size
                   0  average shared memory size
                   0  average unshared data size
                   0  average unshared stack size
                4643  page reclaims
                   0  page faults
                   0  swaps
                   0  block input operations
                   0  block output operations
                   0  messages sent
                   0  messages received
                   0  signals received
                   0  voluntary context switches
                2012  involuntary context switches
         67920580845  instructions retired
         20866980784  cycles elapsed
            64455112  peak memory footprint
