
running 1 test
test event_repr_lab::experiment ... EVENT_LAB {"kind":"readout_free_join","candidate":"prefix512","domain":"full","readout_family":"suffix-half","readout_faces":"xy","hidden":51,"width":4,"bits":12,"worlds":4096,"admissible_worlds":4096,"environments":1,"rows":128,"groups":16,"outputs":64,"memo":false,"changed_possible_groups":16,"changed_guaranteed_groups":16,"nonconstant_readouts":32,"build_s":[0.00015625],"support_s":[5.1416e-5],"import_s":[0.000103541],"admission_s":[2.09e-7],"join_only_s":[5.8792e-5],"fresh_s":[0.000611333],"fresh_group_s":[0.000502708],"fresh_readout_s":[9.4209e-5],"fresh_compute_s":[0.000599333],"fresh_count_s":[1.175e-5],"warm_s":[0.00012725],"warm_group_s":[4.0542e-5],"warm_readout_s":[8.425e-5],"warm_compute_s":[0.000125916],"warm_count_s":[9.59e-7],"input_nodes":37,"final_nodes":169,"input_bytes_est":2932,"final_bytes_est":21552,"input_storage":{"layout":"slab","record_bytes":592,"table_bytes":672,"interner_bytes":1100,"metadata_bytes":568,"cache_bytes":0,"records":37,"tables":36,"logical_words":84,"total_bytes_est":2932},"final_storage":{"layout":"slab","record_bytes":4736,"table_bytes":5376,"interner_bytes":4992,"metadata_bytes":2640,"cache_bytes":3808,"records":169,"tables":168,"logical_words":600,"total_bytes_est":21552},"outer_memo_bytes":0,"colt_bytes":14992,"checksum":1804000,"verified":true}
EVENT_LAB {"kind":"readout_free_join","candidate":"prefix512","domain":"full","readout_family":"suffix-half","readout_faces":"xy","hidden":51,"width":4,"bits":12,"worlds":4096,"admissible_worlds":4096,"environments":1,"rows":128,"groups":16,"outputs":64,"memo":true,"changed_possible_groups":16,"changed_guaranteed_groups":16,"nonconstant_readouts":32,"build_s":[0.00015625],"support_s":[5.1416e-5],"import_s":[0.000103541],"admission_s":[2.09e-7],"join_only_s":[5.8792e-5],"fresh_s":[0.000161333],"fresh_group_s":[0.000126792],"fresh_readout_s":[3.3667e-5],"fresh_compute_s":[0.000160875],"fresh_count_s":[3.75e-7],"warm_s":[4.075e-5],"warm_group_s":[9.167e-6],"warm_readout_s":[3.1125e-5],"warm_compute_s":[4.0334e-5],"warm_count_s":[3.34e-7],"input_nodes":37,"final_nodes":169,"input_bytes_est":2932,"final_bytes_est":30512,"input_storage":{"layout":"slab","record_bytes":592,"table_bytes":672,"interner_bytes":1100,"metadata_bytes":568,"cache_bytes":0,"records":37,"tables":36,"logical_words":84,"total_bytes_est":2932},"final_storage":{"layout":"slab","record_bytes":4736,"table_bytes":5376,"interner_bytes":4992,"metadata_bytes":2640,"cache_bytes":3808,"records":169,"tables":168,"logical_words":600,"total_bytes_est":21552},"outer_memo_bytes":8960,"colt_bytes":14992,"checksum":1804000,"verified":true}
EVENT_LAB {"kind":"readout_free_join","candidate":"prefix512","domain":"full","readout_family":"suffix-half","readout_faces":"xy","hidden":455,"width":6,"bits":18,"worlds":262144,"admissible_worlds":262144,"environments":1,"rows":128,"groups":16,"outputs":64,"memo":false,"changed_possible_groups":16,"changed_guaranteed_groups":16,"nonconstant_readouts":32,"build_s":[0.000603792],"support_s":[3.5458e-5],"import_s":[0.000567792],"admission_s":[4.2e-8],"join_only_s":[2.025e-5],"fresh_s":[0.000679917],"fresh_group_s":[0.000502375],"fresh_readout_s":[0.000176333],"fresh_compute_s":[0.000679125],"fresh_count_s":[7.08e-7],"warm_s":[0.00020525],"warm_group_s":[2.9e-5],"warm_readout_s":[0.000174666],"warm_compute_s":[0.000204209],"warm_count_s":[9.59e-7],"input_nodes":175,"final_nodes":1030,"input_bytes_est":13548,"final_bytes_est":137392,"input_storage":{"layout":"slab","record_bytes":2800,"table_bytes":4496,"interner_bytes":4508,"metadata_bytes":1744,"cache_bytes":0,"records":175,"tables":93,"logical_words":562,"total_bytes_est":13548},"final_storage":{"layout":"slab","record_bytes":22400,"table_bytes":35968,"interner_bytes":36064,"metadata_bytes":11544,"cache_bytes":31416,"records":1030,"tables":390,"logical_words":2688,"total_bytes_est":137392},"outer_memo_bytes":0,"colt_bytes":14992,"checksum":19699840,"verified":true}
EVENT_LAB {"kind":"readout_free_join","candidate":"prefix512","domain":"full","readout_family":"suffix-half","readout_faces":"xy","hidden":455,"width":6,"bits":18,"worlds":262144,"admissible_worlds":262144,"environments":1,"rows":128,"groups":16,"outputs":64,"memo":true,"changed_possible_groups":16,"changed_guaranteed_groups":16,"nonconstant_readouts":32,"build_s":[0.000603792],"support_s":[3.5458e-5],"import_s":[0.000567792],"admission_s":[4.2e-8],"join_only_s":[2.025e-5],"fresh_s":[0.000679583],"fresh_group_s":[0.000506791],"fresh_readout_s":[0.000171583],"fresh_compute_s":[0.000678958],"fresh_count_s":[5e-7],"warm_s":[0.000192666],"warm_group_s":[1.7459e-5],"warm_readout_s":[0.000173959],"warm_compute_s":[0.000191708],"warm_count_s":[8.34e-7],"input_nodes":175,"final_nodes":1030,"input_bytes_est":13548,"final_bytes_est":146352,"input_storage":{"layout":"slab","record_bytes":2800,"table_bytes":4496,"interner_bytes":4508,"metadata_bytes":1744,"cache_bytes":0,"records":175,"tables":93,"logical_words":562,"total_bytes_est":13548},"final_storage":{"layout":"slab","record_bytes":22400,"table_bytes":35968,"interner_bytes":36064,"metadata_bytes":11544,"cache_bytes":31416,"records":1030,"tables":390,"logical_words":2688,"total_bytes_est":137392},"outer_memo_bytes":8960,"colt_bytes":14992,"checksum":19699840,"verified":true}
ok

test result: ok. 1 passed; 0 failed; 0 ignored; 0 measured; 1378 filtered out; finished in 3.86s


        3.86 real         0.89 user         0.01 sys
            11108352  maximum resident set size
                   0  average shared memory size
                   0  average unshared data size
                   0  average unshared stack size
                 893  page reclaims
                   0  page faults
                   0  swaps
                   0  block input operations
                   0  block output operations
                   0  messages sent
                   0  messages received
                   0  signals received
                   2  voluntary context switches
                 993  involuntary context switches
         14173239783  instructions retired
          2785712563  cycles elapsed
             8126872  peak memory footprint
