
running 1 test
test event_repr_lab::experiment ... EVENT_LAB {"kind":"readout_free_join","candidate":"retraction512","domain":"holes","readout_family":"suffix-half","readout_faces":"xy","hidden":51,"width":4,"bits":12,"worlds":4096,"admissible_worlds":1000,"environments":1,"rows":128,"groups":16,"outputs":64,"memo":false,"changed_possible_groups":16,"changed_guaranteed_groups":16,"nonconstant_readouts":32,"build_s":[0.000531709],"support_s":[0.000132959],"import_s":[0.000361625],"admission_s":[3.675e-5],"join_only_s":[3.1333e-5],"fresh_s":[0.001038375],"fresh_group_s":[0.000112875],"fresh_readout_s":[0.00091425],"fresh_compute_s":[0.001028583],"fresh_count_s":[9.708e-6],"warm_s":[0.000295333],"warm_group_s":[1.3833e-5],"warm_readout_s":[0.000276625],"warm_compute_s":[0.000290625],"warm_count_s":[4.625e-6],"input_nodes":603,"final_nodes":1626,"input_bytes_est":76956,"final_bytes_est":188288,"input_storage":{"layout":"slab","record_bytes":9648,"table_bytes":10072,"interner_bytes":17644,"metadata_bytes":5096,"cache_bytes":34496,"records":603,"tables":595,"logical_words":1259,"total_bytes_est":76956},"final_storage":{"layout":"slab","record_bytes":38592,"table_bytes":40288,"interner_bytes":40112,"metadata_bytes":19568,"cache_bytes":49728,"records":1626,"tables":1274,"logical_words":4158,"total_bytes_est":188288},"outer_memo_bytes":0,"colt_bytes":14992,"checksum":353240,"verified":true}
EVENT_LAB {"kind":"readout_free_join","candidate":"retraction512","domain":"holes","readout_family":"suffix-half","readout_faces":"xy","hidden":51,"width":4,"bits":12,"worlds":4096,"admissible_worlds":1000,"environments":1,"rows":128,"groups":16,"outputs":64,"memo":true,"changed_possible_groups":16,"changed_guaranteed_groups":16,"nonconstant_readouts":32,"build_s":[0.000531709],"support_s":[0.000132959],"import_s":[0.000361625],"admission_s":[3.675e-5],"join_only_s":[3.1333e-5],"fresh_s":[0.001147292],"fresh_group_s":[0.000112625],"fresh_readout_s":[0.001027791],"fresh_compute_s":[0.001140959],"fresh_count_s":[6.167e-6],"warm_s":[0.000297542],"warm_group_s":[1.5333e-5],"warm_readout_s":[0.000276584],"warm_compute_s":[0.000292209],"warm_count_s":[5.291e-6],"input_nodes":603,"final_nodes":1626,"input_bytes_est":76956,"final_bytes_est":197248,"input_storage":{"layout":"slab","record_bytes":9648,"table_bytes":10072,"interner_bytes":17644,"metadata_bytes":5096,"cache_bytes":34496,"records":603,"tables":595,"logical_words":1259,"total_bytes_est":76956},"final_storage":{"layout":"slab","record_bytes":38592,"table_bytes":40288,"interner_bytes":40112,"metadata_bytes":19568,"cache_bytes":49728,"records":1626,"tables":1274,"logical_words":4158,"total_bytes_est":188288},"outer_memo_bytes":8960,"colt_bytes":14992,"checksum":353240,"verified":true}
EVENT_LAB {"kind":"readout_free_join","candidate":"retraction512","domain":"holes","readout_family":"suffix-half","readout_faces":"xy","hidden":455,"width":6,"bits":18,"worlds":262144,"admissible_worlds":74088,"environments":1,"rows":128,"groups":16,"outputs":64,"memo":false,"changed_possible_groups":16,"changed_guaranteed_groups":16,"nonconstant_readouts":32,"build_s":[0.006982708],"support_s":[0.000675791],"import_s":[0.006043666],"admission_s":[0.000263083],"join_only_s":[1.8458e-5],"fresh_s":[0.010105792],"fresh_group_s":[0.000716],"fresh_readout_s":[0.009329084],"fresh_compute_s":[0.010045417],"fresh_count_s":[6.025e-5],"warm_s":[0.003076333],"warm_group_s":[3.175e-5],"warm_readout_s":[0.002985833],"warm_compute_s":[0.003018041],"warm_count_s":[5.8208e-5],"input_nodes":8870,"final_nodes":16955,"input_bytes_est":1043472,"final_bytes_est":2139464,"input_storage":{"layout":"slab","record_bytes":141920,"table_bytes":238352,"interner_bytes":279192,"metadata_bytes":71304,"cache_bytes":312704,"records":8870,"tables":4904,"logical_words":29794,"total_bytes_est":1043472},"final_storage":{"layout":"slab","record_bytes":283840,"table_bytes":476704,"interner_bytes":558384,"metadata_bytes":142264,"cache_bytes":678272,"records":16955,"tables":6820,"logical_words":40144,"total_bytes_est":2139464},"outer_memo_bytes":0,"colt_bytes":14992,"checksum":5067888,"verified":true}
EVENT_LAB {"kind":"readout_free_join","candidate":"retraction512","domain":"holes","readout_family":"suffix-half","readout_faces":"xy","hidden":455,"width":6,"bits":18,"worlds":262144,"admissible_worlds":74088,"environments":1,"rows":128,"groups":16,"outputs":64,"memo":true,"changed_possible_groups":16,"changed_guaranteed_groups":16,"nonconstant_readouts":32,"build_s":[0.006982708],"support_s":[0.000675791],"import_s":[0.006043666],"admission_s":[0.000263083],"join_only_s":[1.8458e-5],"fresh_s":[0.010142541],"fresh_group_s":[0.000715083],"fresh_readout_s":[0.009373542],"fresh_compute_s":[0.010089083],"fresh_count_s":[5.3125e-5],"warm_s":[0.003087167],"warm_group_s":[1.6417e-5],"warm_readout_s":[0.003012375],"warm_compute_s":[0.003029542],"warm_count_s":[5.7542e-5],"input_nodes":8870,"final_nodes":16955,"input_bytes_est":1043472,"final_bytes_est":2148424,"input_storage":{"layout":"slab","record_bytes":141920,"table_bytes":238352,"interner_bytes":279192,"metadata_bytes":71304,"cache_bytes":312704,"records":8870,"tables":4904,"logical_words":29794,"total_bytes_est":1043472},"final_storage":{"layout":"slab","record_bytes":283840,"table_bytes":476704,"interner_bytes":558384,"metadata_bytes":142264,"cache_bytes":678272,"records":16955,"tables":6820,"logical_words":40144,"total_bytes_est":2139464},"outer_memo_bytes":8960,"colt_bytes":14992,"checksum":5067888,"verified":true}
ok

test result: ok. 1 passed; 0 failed; 0 ignored; 0 measured; 1378 filtered out; finished in 6.22s


        6.22 real         6.16 user         0.05 sys
            87195648  maximum resident set size
                   0  average shared memory size
                   0  average unshared data size
                   0  average unshared stack size
                7468  page reclaims
                   0  page faults
                   0  swaps
                   0  block input operations
                   0  block output operations
                   0  messages sent
                   0  messages received
                   0  signals received
                   0  voluntary context switches
                 390  involuntary context switches
         68417112599  instructions retired
         20813486723  cycles elapsed
            84181496  peak memory footprint
