✔ alternatives are the ordinary law expansion in roster order, independent of arm object order (6.045ms)
✔ alternatives check dynamic arm coverage and scalar identity shapes (1.962667ms)
✔ alternatives preserve composite keys and payload types (0.228209ms)
✔ native expansion refusals cite both actual directions at their current statement positions (389.413583ms)
✔ ordinary native admission enforces payloads and accepts an atomic arm switch (165.615625ms)
✔ finite, infinite, NaN and negative-zero floats all cross as canonical $f64 bit images (2.0745ms)
✔ decoders reject malformed widths, noncanonical images, unknown tags and wrong-schema values (2.284083ms)
✔ typed and dynamic boundary input share one accepted domain — the encoder refuses what the decoder refuses (0.121292ms)
✔ student rows carry budget as exact decimal; a float budget image refuses (0.652791ms)
▶ the comparison pairing walls
  ✔ no variable side is constant-valued: the constructor refuses param-only and param-literal sides (2.774459ms)
  ✔ the order pair: cross-domain variable pairs are compile-refused (each side alone is orderable) (0.834333ms)
  ✔ the order pair: literals type against their sibling — bool-vs-bigint and u64-vs-boolean are compile-refused (0.438333ms)
  ✔ the fold input: min/max over a bool var is refused (both tiers) (0.329583ms)
  ✔ the pointIn pair: the point lives in the interval's element domain (0.201458ms)
  ✔ the allen pair: two intervals of one element domain (Q1 — widths meet freely, u64-vs-i64 stays illegal) (0.199083ms)
  ✔ the legal pairs stay legal: same-domain vars, sibling-typed opens, one-element allen (0.398542ms)
✔ the comparison pairing walls (6.044833ms)
✔ key values infer exactly their declared projection (0.802542ms)
✔ a key owns its projection without freezing or retaining the caller's array (0.407709ms)
✔ every declared key reads the same snapshot with its own projection and native statement id (497.062292ms)
✔ inspection separates virtual mapping, file pages and disk blocks (452.986417ms)
✔ native row codecs own their values and remain reusable after cancelled delivery (8.166208ms)
✔ create/apply/snapshot/get/execute — the whole chapter 34 core flow, one scope (140.453625ms)
✔ open never creates; create refuses existing authority (108.416958ms)
✔ scoped preparation reuses parameters and closes independently of snapshots and results (66.80375ms)
✔ apply is the three-coordinate judgment: accepted, no-change, invariant-rejected, moved (59.527208ms)
✔ a snapshot is coherent: a later apply cannot move an open snapshot's facts (78.383208ms)
✔ methods are lazy: construction dispatches nothing, and a scope-escaped handle fails typed (51.093834ms)
✔ a foreign object where a ChangeSet is expected refuses BEFORE any native dispatch (53.614542ms)
✔ a foreign-schema query template refuses typed at execute (63.522875ms)
✔ interruption surfaces in Cause, never as a manufactured outcome arm (47.079291ms)
✔ descriptor construction is lazy and pure transport remains addon-free (1.11175ms)
✔ all seven structural kinds admit, describe, inspect and roundtrip through owned BEDC (408.954958ms)
✔ derived projections and complete composition plans feed real stored Event queries (115.231958ms)
✔ composition inspection keeps three distinct roles in ST, TU, SU order (6.306ms)
✔ nonrectangular shared environments, reversal and measured endpoints survive inspection (6.692917ms)
✔ admission refuses fake certificates, implicit full markers and malformed structural data (8.836625ms)
✔ native descriptor submission copies owned bytes before workers and refuses shared backing (2.601ms)
✔ cancelled descriptor delivery drops all queued inspection data and permits reuse (4.191209ms)
✔ kernel/revision envelopes own bytes, retain roles, and construct Effects without an addon (2.595667ms)
✔ posterior replacement, likelihood and conditioning have distinct exact meanings (386.682416ms)
✔ impossible revisions retain zero-mass and empty indexed cells without hiding input errors (11.833666ms)
✔ BESC replay refuses forged receipt numbers, posterior laws and incomplete impossible outcomes (6.60575ms)
✔ channels normalize on zero-prior fibres and copy readouts without fresh randomness (14.134792ms)
✔ Coup channels obey visibility FDs and translate stored Events through posterior queries after reopen (184.496ms)
✔ cancelled revision inspection reclaims owned outputs and leaves the runtime reusable (12.614958ms)
✔ contextual full projections remain pure syntax with exact keys and no invented classes (2.613333ms)
✔ full coverage partitions measured worlds, including zero-mass branches, through commit and reopen (499.838875ms)
✔ full singleton lookup supplies no fabricated cell and remains distinct from a field named true (142.964ms)
✔ closed scalar rosters admit explicit full keys and native ground coverage (10.478125ms)
✔ pure Event query authoring retains types, stages, shape bounds and owned imports (10.525667ms)
✔ native Event heads preserve shared worlds through tests, descriptions, imported stages and Pack (449.96975ms)
✔ captured maps and typed relation programs execute through the public builders (160.715625ms)
✔ Event errors retain complete logical fault sets across stages, prepared queries and runtime release (93.410083ms)
✔ exact scalar/function transport and lazy source programs do not load the addon (2.511333ms)
✔ exact native arithmetic preserves decimal/binary intent, canonical values and failure modes (363.973333ms)
✔ finite functions merge equal cells, add signed overlaps and sum copied readouts exactly once (10.9425ms)
✔ law designation is exact and retains symbolic and zero-mass possibilities (6.109208ms)
✔ Coup source algebra preserves shared worlds, exact posteriors and signed utility through storage (194.227125ms)
✔ finite function admission checks all contexts and shapes before zero shortcuts (5.535542ms)
✔ late cancelled source observations are reclaimed without delivering a partial result (3.023625ms)
✔ Event envelopes own immutable data and pure codecs never load native work (3.82975ms)
✔ Event executor checks all truth functions, shared contexts and symbolic supports (370.178333ms)
✔ typed Event rows reopen, join, pack and bind owned parameters (157.870333ms)
✔ raw Event bridge refuses unknown operations and shared or forged byte backing (1.416542ms)
✔ Event dependencies enforce disjointness and joint coverage through ordinary keys and mirrors (165.617917ms)
✔ interrupting completed Event delivery drains the output and leaves the runtime usable (5.002625ms)
✔ public field codecs agree with rows for every field kind and preserve generic inference (2.084042ms)
✔ strict field decoding rejects malformed representations and host schemas reject invalid values (2.890458ms)
✔ field descriptors are owned; accessors never execute while decoding values (0.163083ms)
✔ segment kinds survive description imports and fixed-width refinement is dropped (3.582917ms)
✔ pack widens fixed intervals before imported difference and measurement stages (232.543417ms)
✔ native marginal bands derive slices, preserve equal contributions, and round once (151.612875ms)
✔ difference emits products, dense measures and fixed intervals use native meanings (95.66775ms)
✔ the large-schema fixture constructs and both tiers agree at scale (0.431541ms)
▶ the three class laws
  ✔ generators name their classes; a 3-hop chain lands the whole chain in the generator's class; bare stays bare (2.068917ms)
  ✔ a generator-less class is named by its least member in relation-declaration × field-declaration order (0.262167ms)
  ✔ a ψ-selected closed face pairs exactly like the bare face — the selection changes classes not at all (0.856542ms)
  ✔ the selected-mirrors shape (Calendar): the mirrors law types the source column with the target's class (0.288208ms)
✔ the three class laws (4.059625ms)
▶ the generator authority after the fresh deletion — closed ids are the ONLY generators
  ✔ unifying two ordinary id columns is LAWFUL now — no mint, no wall; least member names the class (0.24575ms)
  ✔ mirrors and capacity pairings over ordinary ids are lawful classes too (0.49ms)
  ✔ a closed relation's id stays a generator — a bare column never pairs it (the roster wall, at construction) (0.331375ms)
  ✔ a transitive chain over ordinary ids is one lawful class, not a wall (0.208583ms)
✔ the generator authority after the fresh deletion — closed ids are the ONLY generators (1.42525ms)
▶ the runtime/type agreement and the wire
  ✔ the runtime class map and the type-level class map are the same map (0.498ms)
  ✔ the manifest golden: statements in == statements out — nothing synthesized, order preserved, count equal (0.570208ms)
  ✔ the wire: spec newtype = class name for classed slots, omitted for bare (fingerprint-neutral by the engine's drop) (0.461125ms)
  ✔ integer-index names are refused at construction — the declaration-order law's enumeration hazard (0.086292ms)
  ✔ dotted names are refused at construction — the coordinate encoding stays injective at both tiers (0.119125ms)
  ✔ a plain __proto__ declaration entry is refused — the Annex B setter would silently drop the key (0.164959ms)
✔ the runtime/type agreement and the wire (2.043875ms)
✔ interrupt after directory acquire and before db output adoption drains both owners (D18) (64.031083ms)
✔ retained JS tokens cannot prevent native drain; repeated close joins (D18) (33.706375ms)
✔ abort after publication drains without take; retained wrappers cannot pin output (D18) (83.191583ms)
✔ draft interruption spends the draft and joins drain (10.241042ms)
▶ pure schema import
  ✔ constructs metadata with the platform addon unresolvable (260.015334ms)
✔ pure schema import (261.192416ms)
✔ generated descriptions execute, prepare, compose and infer their checked result (74.882291ms)
✔ descriptions preserve joins, negation, aggregates, computations and interiors (3.838ms)
✔ descriptions preserve recursion and interval/closed-reference domains (92.316416ms)
✔ description checking refuses malformed grammar, wrong result claims, unbound vars and foreign field tags (1.277417ms)
✔ flat projection keeps only row count and owned cells, without obsolete quota accounting (1.29825ms)
✔ flat projection closes the source iterator when a row is invalid (0.262167ms)
✔ snapshot bindings preserve owned Event field types and dependency identity (143.155209ms)
✔ snapshot bindings preserve contextual full projections and explicit closed full keys (120.720834ms)
✔ snapshot bindings preserve every field kind, exact payload values, names and field order (121.360167ms)
✔ independent bindings preserve selected mirror directions, capacities and expanded statement IDs (110.786917ms)
✔ emission refuses unrepresentable conditional roster pairing and invalid declaration names (4.045ms)
✔ bindings derive transitive total roster membership without losing or adding laws (105.160208ms)
✔ mutually referring closed payloads use the existing field descriptors without declaration cycles (104.146208ms)
▶ the Ledger example
  ✔ lowers to the SchemaSpec shape, declaration order throughout, newtype slots carrying the law-computed class names (3.741ms)
  ✔ the composite key and pointwise containment lower positionally (0.29725ms)
  ✔ a closed payload column lowers pure structure — the newtype slots carry its law-computed classes (0.401625ms)
  ✔ lowering is deterministic across independent constructions (1.434541ms)
✔ the Ledger example (6.478708ms)
▶ renderStatement
  ✔ each statement form renders its canonical 70-api spelling (0.435ms)
  ✔ composite positions render in written tuple order (0.16275ms)
  ✔ every legal capacity spelling renders canonically — unit strings byte-for-byte, the weighted rows beside them (1.193167ms)
  ✔ literal sets and interval literals render in macro notation (0.510792ms)
✔ renderStatement (2.491792ms)
▶ the ban table, one row at a time — literal spellings are UNWRITABLE
  ✔ the capacity mint vocabulary is exactly the roster — no sixth mint exists (0.111708ms)
  ✔ degenerate literal sets refuse — a membership array needs two DISTINCT members, and the refusal locates itself (1.031959ms)
  ✔ a duplicate field in a key() projection refuses at the mint — the engine's FieldSet duplicate, canonical voice (0.328292ms)
  ✔ a plain u64 face never pairs a closed [id] face — closedness rides the descriptor (both tiers) (0.410416ms)
  ✔ an arity-mismatched pairing is a construction error — the SameArity runtime twin (untyped path) (0.284375ms)
✔ the ban table, one row at a time — literal spellings are UNWRITABLE (2.289417ms)
▶ the ban table's construction tier — computed bounds the type cannot judge
  ✔ computed equivalent spellings lower to the canonical law; only negatives refuse (0.134292ms)
  ✔ an inverted window is unsatisfiable — bigint literals carry no type-level order (0.050417ms)
  ✔ unit floors are accepted canonical laws now — the spelling police is deleted (0.173583ms)
  ✔ the C18 dimension gate fires at the capacity() call — a unit window never takes a duration() bound (both tiers) (0.155583ms)
  ✔ a computed path weight or bound is a construction refusal naming the pinned-column idiom (0.114417ms)
  ✔ the weight and dependent-bound walls hold at construction for untyped callers (0.358125ms)
  ✔ generated capacity values use the same validation as constructors (0.295375ms)
✔ the ban table's construction tier — computed bounds the type cannot judge (1.373292ms)
▶ schema() construction boundary
  ✔ a statement over an undeclared relation is rejected with the statement rendered (0.685667ms)
  ✔ same-named relations resolve structurally, including field order (0.2655ms)
  ✔ declared id keys are ordinary statements now — the fresh-implied key is deleted (E-NO-RESERVE) (0.383958ms)
  ✔ duplicate statements are rejected via their canonical rendering (0.385459ms)
  ✔ a record key must equal its relation's declared name (0.308792ms)
  ✔ the paste-back law: a handle selection needs its resolving containment declared (0.365333ms)
  ✔ generated statements are checked semantically without an admission token (1.687875ms)
✔ schema() construction boundary (4.258375ms)
▶ ψ statements over closed relations — closed().where() as a face source
  ✔ a ψ-selected closed face renders canonically and schema() admits both forms (0.320083ms)
  ✔ ψ lowers PASS-THROUGH — the selection rides the SideSpec, never pre-folded into ids (0.245167ms)
  ✔ the closed where() speaks the ordinary selection vocabulary — literal sets and written order (0.310959ms)
  ✔ the empty ψ is the bare closed relation respelled and rejected (canonical utterance) (0.193ms)
  ✔ the compile walls carry runtime twins through the one selection machine (0.263458ms)
  ✔ a handle named `where` is ordinary roster data — NO name is reserved, both tiers (0.120834ms)
✔ ψ statements over closed relations — closed().where() as a face source (1.539333ms)
✔ facts, selections, host cells, and JSON codecs share the complete native value domain (5.840583ms)
✔ unknown, inherited, absent, symbolic, and nested fields are never silently dropped (0.891583ms)
✔ query parameters use the same interpreter and exact supplied parameter fields (2.041042ms)
✔ authored queries own mutable binding and comparison literals (3.8075ms)
✔ query bindings and result records reject getters and explicit undefined fields (0.4245ms)
✔ host admission matches the real native codec; rejected facts do not enter a database (95.977625ms)
✔ native names and query parameters reject lossy Unicode conversion (64.549709ms)
✔ prototype-sensitive field and result names are ordinary owned data (59.221625ms)
ℹ tests 147
ℹ suites 11
ℹ pass 147
ℹ fail 0
ℹ cancelled 0
ℹ skipped 0
ℹ todo 0
ℹ duration_ms 2155.83775
SDK integration passed against isolated @bjornpagen/bumbledb-darwin-arm64; version unchanged at 1.3.1
{"node":"v26.4.0","platform":"@bjornpagen/bumbledb-darwin-arm64","tests":["event","event-query","event-descriptor","event-source","event-dynamics","event-projections","statements","declared-key","law-typing","law-scale","schema-bindings","pure-import","field-codec","query-description","comparison-pairing","alternatives","rows","boundary-codec","value-conformance","interval-outputs","effect-core","ownership-interrupt"],"addon_sha256":"682f6d48201c18e4c40676363a94903ece4d53cdb1659fbbe5982396a3fd0ebd"}
