diff --git a/crates/bumbledb/src/api/prepared/run_join.rs b/crates/bumbledb/src/api/prepared/run_join.rs
index 5fc1da85..6be3f514 100644
--- a/crates/bumbledb/src/api/prepared/run_join.rs
+++ b/crates/bumbledb/src/api/prepared/run_join.rs
@@ -155,7 +155,8 @@ where
     }
 
     for (occ_idx, keys) in resolved_selections.iter().enumerate() {
-        if plan.occurrences()[occ_idx].role.discharged() {
+        let occurrence = &plan.occurrences()[occ_idx];
+        if occurrence.role.discharged() {
             debug_assert!(
                 keys.is_empty(),
                 "discharged occurrences carry no selections"
@@ -163,11 +164,17 @@ where
             continue;
         }
         checkpoint_join_work(work, &mut pending_steps)?;
-        let selected = memo.colts[occ_idx]
-            .select(keys)
-            .map_err(crate::api::prepared::source::work_error)?;
-        let hit = selected.is_some();
-        if !hit {
+        // A positive empty input empties this rule regardless of join order.
+        // With no selection levels, select returns a root cursor even for
+        // zero rows; executing it could first force unrelated nonempty tries.
+        // Empty negation is not evidence that the positive join is empty.
+        if (occurrence.role.participates() && memo.colts[occ_idx].is_empty())
+            || memo.colts[occ_idx]
+                .select(keys)
+                .map_err(crate::api::prepared::source::work_error)?
+                .is_none()
+        {
+            flush_join_work(work, &mut pending_steps)?;
             return Ok(());
         }
     }
diff --git a/crates/bumbledb/src/api/prepared/tests.rs b/crates/bumbledb/src/api/prepared/tests.rs
index a649fdb1..34fa32a6 100644
--- a/crates/bumbledb/src/api/prepared/tests.rs
+++ b/crates/bumbledb/src/api/prepared/tests.rs
@@ -26,6 +26,7 @@ mod answers;
 mod budgets;
 mod correctness;
 mod disjoint;
+mod empty_inputs;
 mod float_aggregates;
 mod folded;
 mod gates;
@@ -45,6 +46,9 @@ mod statically_empty;
 mod text_retention;
 mod view_memo;
 
+#[path = "/Users/bjorn/Documents/bumbledb/bench-out/autoresearch-20260908.pMXtzv/m1_saved.rs"]
+mod m1_saved;
+
 /// The one dynamic test theory: any descriptor as a `Theory`.
 #[derive(Clone)]
 pub(super) struct T(pub(super) SchemaDescriptor);
diff --git a/crates/bumbledb/src/exec/colt.rs b/crates/bumbledb/src/exec/colt.rs
index 4b1b139c..66280f1e 100644
--- a/crates/bumbledb/src/exec/colt.rs
+++ b/crates/bumbledb/src/exec/colt.rs
@@ -426,3 +426,7 @@ pub fn hash_key_core<const K: usize>(words: &[u64]) -> u64 {
 
 #[cfg(test)]
 mod tests;
+
+#[cfg(test)]
+#[path = "/Users/bjorn/Documents/bumbledb/bench-out/autoresearch-20260908.pMXtzv/m1_saved_observer.rs"]
+pub(crate) mod m1_observer;
diff --git a/crates/bumbledb/src/exec/colt/force.rs b/crates/bumbledb/src/exec/colt/force.rs
index ddaa6545..2fe3855e 100644
--- a/crates/bumbledb/src/exec/colt/force.rs
+++ b/crates/bumbledb/src/exec/colt/force.rs
@@ -158,6 +158,8 @@ impl Colt {
         other: &Colt,
         mut buffer: Vec<u32>,
     ) -> Result<View, WorkError> {
+        #[cfg(test)]
+        super::m1_observer::record_clone(other);
         debug_assert!(
             self.same_shape(other),
             "the occurrence dedup clones between identical trie shapes only"
diff --git a/crates/bumbledb/src/exec/colt/new.rs b/crates/bumbledb/src/exec/colt/new.rs
index 4d760283..b02383a2 100644
--- a/crates/bumbledb/src/exec/colt/new.rs
+++ b/crates/bumbledb/src/exec/colt/new.rs
@@ -5,6 +5,12 @@ impl Colt {
         self.view.bound().expect("execute binds the COLT view")
     }
 
+    /// Whether the bound input has any rows, before prefix selection.
+    /// Unbound is a caller error, not an empty relation.
+    pub(crate) fn is_empty(&self) -> bool {
+        self.bound_view().len() == 0
+    }
+
     #[must_use]
     pub fn new(view: View, selections: &[SelectionLevel], join_schema: Vec<Vec<usize>>) -> Self {
         let schema_columns: Vec<Vec<usize>> = selections
