diff --git a/crates/bumbledb/src/exec/run/tests.rs b/crates/bumbledb/src/exec/run/tests.rs
index ca0f88a9..34e2cf13 100644
--- a/crates/bumbledb/src/exec/run/tests.rs
+++ b/crates/bumbledb/src/exec/run/tests.rs
@@ -357,6 +357,7 @@ mod intervals;
 mod mechanics;
 mod negation;
 mod pipeline;
+mod probe_runs;
 mod scan;
 mod spill_bounded;
 mod work_ledger;
diff --git a/crates/bumbledb/src/exec/sink/aggregate/fold_batch.rs b/crates/bumbledb/src/exec/sink/aggregate/fold_batch.rs
index 3197c9d0..2c7c1d64 100644
--- a/crates/bumbledb/src/exec/sink/aggregate/fold_batch.rs
+++ b/crates/bumbledb/src/exec/sink/aggregate/fold_batch.rs
@@ -6,15 +6,29 @@ use super::reduce::{Partial, merge};
 
 impl AggregateSink {
     pub(super) fn fold_batch_rows(&mut self, batch: &LeafBatch<'_>) {
+        if self.distinct_bindings() {
+            for &entry in batch.survivors {
+                self.fold_row(&[], |slot| match batch.source_of(slot) {
+                    LeafSource::Outer => batch.bindings.get(slot),
+                    LeafSource::Key(word) => batch.key(entry, word),
+                });
+            }
+            return;
+        }
+
+        // Dedup needs the full binding. Keep the outer copy amortized over
+        // the batch and borrow this owner while mutating group state.
+        let mut row = std::mem::take(&mut self.binding_scratch);
         for &slot in &self.cached_outer_slots {
-            self.binding_scratch[slot] = batch.bindings.get(slot);
+            row[slot] = batch.bindings.get(slot);
         }
         for &entry in batch.survivors {
             for (word, slot) in batch.key_slots.iter().enumerate() {
-                self.binding_scratch[*slot] = batch.key(entry, word);
+                row[*slot] = batch.key(entry, word);
             }
-            self.fold_scratch_row();
+            self.fold_row(&row, |slot| row[slot]);
         }
+        self.binding_scratch = row;
     }
 
     pub(super) fn fold_batch_dedup_constant_group(&mut self, batch: &LeafBatch<'_>) {
diff --git a/crates/bumbledb/src/exec/sink/aggregate/fold_row.rs b/crates/bumbledb/src/exec/sink/aggregate/fold_row.rs
index 2c7d2699..2849bd60 100644
--- a/crates/bumbledb/src/exec/sink/aggregate/fold_row.rs
+++ b/crates/bumbledb/src/exec/sink/aggregate/fold_row.rs
@@ -1,23 +1,25 @@
 use crate::exec::sink::{Acc, AggSpec, AggregateSink, FoldOp, GroupState, SinkSpec, word_to_i64};
 
+#[cfg(test)]
+#[path = "/Users/bjorn/Documents/bumbledb/bench-out/autoresearch-20260908.pMXtzv/p2_wide.rs"]
+mod wide_diagnostic;
+
 impl AggregateSink {
-    pub(super) fn fold_scratch_row(&mut self) {
+    /// Fold borrowed inputs; full bindings are needed only for the seen set.
+    /// A checked distinctness witness permits an empty dedup input.
+    pub(super) fn fold_row(&mut self, bindings: &[u64], get: impl Fn(usize) -> u64) {
         // A full dense-index representation flushes before another group
         // could be inserted. This is not an estimated-byte threshold.
         self.maybe_spill_groups();
         if self.error.is_some()
             || self.cardinality_overflow
             || (!self.distinct_bindings()
-                && !self
-                    .dedup
-                    .consider(&self.binding_scratch, &mut self.union_scratch))
+                && !self.dedup.consider(bindings, &mut self.union_scratch))
         {
             return;
         }
 
-        super::groups::load_group_key(&mut self.key_scratch, &self.group_spans, |slot| {
-            self.binding_scratch[slot]
-        });
+        super::groups::load_group_key(&mut self.key_scratch, &self.group_spans, &get);
         let group_idx = self.probe_group();
         if matches!(self.group_state, GroupState::Folds { .. }) && !self.advance_group(group_idx, 1)
         {
@@ -26,8 +28,7 @@ impl AggregateSink {
 
         match &mut self.group_state {
             GroupState::Pack { slot, claims } => {
-                claims[group_idx]
-                    .push([self.binding_scratch[*slot], self.binding_scratch[*slot + 1]]);
+                claims[group_idx].push([get(*slot), get(*slot + 1)]);
             }
             GroupState::Folds { accs, n_aggs } => {
                 let n_aggs = *n_aggs;
@@ -44,10 +45,8 @@ impl AggregateSink {
                                 unreachable!("float accumulator handle")
                             };
                             if *primary {
-                                let value = bumbledb_theory::F64::from_order_key(
-                                    self.binding_scratch[*slot],
-                                )
-                                .expect("validated canonical F64 binding");
+                                let value = bumbledb_theory::F64::from_order_key(get(*slot))
+                                    .expect("validated canonical F64 binding");
                                 if self.float_accs[*index].push(value).is_err() {
                                     self.cardinality_overflow = true;
                                     return;
@@ -63,7 +62,7 @@ impl AggregateSink {
                         AggSpec::Fold {
                             op, slot, signed, ..
                         } => {
-                            let word = self.binding_scratch[*slot];
+                            let word = get(*slot);
                             match (op, acc) {
                                 (FoldOp::Sum, Acc::SumSigned(total)) => {
                                     debug_assert!(*signed);
diff --git a/crates/bumbledb/src/exec/sink/aggregate/sink.rs b/crates/bumbledb/src/exec/sink/aggregate/sink.rs
index aef6c485..696f3e8e 100644
--- a/crates/bumbledb/src/exec/sink/aggregate/sink.rs
+++ b/crates/bumbledb/src/exec/sink/aggregate/sink.rs
@@ -29,10 +29,16 @@ impl Sink for AggregateSink {
     }
 
     fn emit(&mut self, bindings: &Bindings) -> Flow {
-        for slot in 0..bindings.slot_count() {
-            self.binding_scratch[slot] = bindings.get(slot);
+        if self.distinct_bindings() {
+            self.fold_row(&[], |slot| bindings.get(slot));
+        } else {
+            let mut row = std::mem::take(&mut self.binding_scratch);
+            for (slot, word) in row[..bindings.slot_count()].iter_mut().enumerate() {
+                *word = bindings.get(slot);
+            }
+            self.fold_row(&row, |slot| bindings.get(slot));
+            self.binding_scratch = row;
         }
-        self.fold_scratch_row();
         Flow::from_sink_progress(AggregateSink::progress(self))
     }
 
diff --git a/crates/bumbledb/src/exec/sink/tests.rs b/crates/bumbledb/src/exec/sink/tests.rs
index ff988979..6bbfa35b 100644
--- a/crates/bumbledb/src/exec/sink/tests.rs
+++ b/crates/bumbledb/src/exec/sink/tests.rs
@@ -18,6 +18,7 @@ use std::collections::{BTreeMap, BTreeSet};
 use std::sync::Arc;
 
 mod aggregate;
+mod borrowed_rows;
 mod memory;
 mod pack;
 mod projection;
diff --git a/crates/bumbledb/tests/alloc_census.rs b/crates/bumbledb/tests/alloc_census.rs
index 31723df6..1a502ee8 100644
--- a/crates/bumbledb/tests/alloc_census.rs
+++ b/crates/bumbledb/tests/alloc_census.rs
@@ -16,7 +16,7 @@ use bumbledb::ir::{
 };
 use bumbledb::schema::{
     Bound, FieldDescriptor, FieldId, RelationDescriptor, RelationId, SchemaDescriptor, Side,
-    StatementDescriptor, ValueType, Weight,
+    StatementDescriptor, ValidateDescriptor as _, ValueType, Weight,
 };
 use bumbledb::{AllenMask, Answers, BindValue, ConditionTree, Db, NonEmpty, ProjectionRule};
 
@@ -357,6 +357,10 @@ fn schema() -> SchemaDescriptor {
                 relation: PROFILE,
                 projection: Box::new([FieldId(0)]),
             },
+            StatementDescriptor::Functionality {
+                relation: ACCOUNT,
+                projection: Box::new([FieldId(0)]),
+            },
         ],
     }
 }
@@ -1177,6 +1181,46 @@ fn flow_insert_and_scan() {
     .expect("typed read");
 }
 
+// Keep fixture validity in the normal test run, without capturing allocation
+// backtraces or running the census's repeated measurement windows.
+#[test]
+fn census_fixture_smoke() {
+    schema().validate().expect("valid census schema");
+    for n in [4, 16, 64] {
+        wide_schema(n).validate().expect("valid wide schema");
+    }
+    let dir = common::TempDir::new("census-fixture-smoke");
+    let db = Db::create(dir.path(), schema(), common::work())
+        .expect("create")
+        .expect("accepted");
+    populate(&db);
+    for query in [
+        chain_query(8, 4, 1),
+        chain_query(2, 1, 8),
+        chain_query(2, 8, 1),
+        dnf_query(8),
+    ] {
+        db.prepare(&query, common::work()).expect("prepare");
+    }
+    for (query, params) in [
+        (join_query(), vec![BindValue::I64(0)]),
+        (interiors_only_query(), vec![BindValue::I64(0)]),
+        (aggregate_query(), vec![]),
+        (string_query(), vec![]),
+        (pack_query(), vec![]),
+        (calendar_query(), vec![BindValue::U64(2)]),
+        (marks_query(), vec![BindValue::U64(3)]),
+        (recursive_query(), vec![BindValue::U64(110)]),
+    ] {
+        let mut prepared = db.prepare(&query, common::work()).expect("prepare");
+        db.read(common::work(), |snap| {
+            snap.execute(&mut prepared, &params, &mut Answers::new())?;
+            Ok(())
+        })
+        .expect("execute fixture query");
+    }
+}
+
 #[test]
 #[ignore = "the census harness — a measurement instrument, run explicitly"]
 fn allocation_deep_census() {
