
running 1 test
test event_repr_lab::experiment ... EVENT_LAB {"kind":"scoped_product_free_join","candidate":"essential512","product_mode":"views","support":"full","admissible_worlds":4096,"bits":12,"worlds":4096,"rows":128,"groups":16,"memo":false,"build_s":[6.4917e-5, 3.7833e-5, 3.5083e-5],"join_only_s":[2.6542e-5, 5.209e-6, 5.042e-6],"fresh_s":[0.00176225, 0.001766417, 0.001707],"warm_s":[0.0015945, 0.001605375, 0.00154975],"input_bytes_est":2128,"final_bytes_est":31016,"input_nodes":25,"final_nodes":277,"input_storage":{"layout":"slab","record_bytes":400,"table_bytes":496,"interner_bytes":576,"metadata_bytes":296,"cache_bytes":0,"records":25,"tables":24,"logical_words":62,"total_bytes_est":1768},"final_storage":{"layout":"slab","record_bytes":6400,"table_bytes":7936,"interner_bytes":9216,"metadata_bytes":3296,"cache_bytes":3808,"records":277,"tables":276,"logical_words":761,"total_bytes_est":30656},"checksum":523968,"verified":true}
EVENT_LAB {"kind":"scoped_product_free_join","candidate":"essential512","product_mode":"views","support":"full","admissible_worlds":4096,"bits":12,"worlds":4096,"rows":128,"groups":16,"memo":true,"build_s":[6.4917e-5, 3.7833e-5, 3.5083e-5],"join_only_s":[2.6542e-5, 5.209e-6, 5.042e-6],"fresh_s":[0.000446792, 0.000431792, 0.000437041],"warm_s":[6.583e-6, 6.542e-6, 7.583e-6],"input_bytes_est":2128,"final_bytes_est":36392,"input_nodes":25,"final_nodes":277,"input_storage":{"layout":"slab","record_bytes":400,"table_bytes":496,"interner_bytes":576,"metadata_bytes":296,"cache_bytes":0,"records":25,"tables":24,"logical_words":62,"total_bytes_est":1768},"final_storage":{"layout":"slab","record_bytes":6400,"table_bytes":7936,"interner_bytes":9216,"metadata_bytes":3296,"cache_bytes":3808,"records":277,"tables":276,"logical_words":761,"total_bytes_est":30656},"checksum":523968,"verified":true}
EVENT_LAB {"kind":"scoped_product_free_join","candidate":"essential512","product_mode":"views","support":"full","admissible_worlds":262144,"bits":18,"worlds":262144,"rows":128,"groups":16,"memo":false,"build_s":[0.000734459, 0.000666084, 0.000655583],"join_only_s":[2.0958e-5, 5.375e-6, 5.167e-6],"fresh_s":[0.140636875, 0.139608125, 0.143454875],"warm_s":[0.137102083, 0.136325542, 0.137384209],"input_bytes_est":17212,"final_bytes_est":867000,"input_nodes":207,"final_nodes":6677,"input_storage":{"layout":"slab","record_bytes":3312,"table_bytes":6912,"interner_bytes":4636,"metadata_bytes":1800,"cache_bytes":0,"records":207,"tables":115,"logical_words":864,"total_bytes_est":16660},"final_storage":{"layout":"slab","record_bytes":211968,"table_bytes":221184,"interner_bytes":174848,"metadata_bytes":106128,"cache_bytes":152320,"records":6677,"tables":3372,"logical_words":20263,"total_bytes_est":866448},"checksum":18577792,"verified":true}
EVENT_LAB {"kind":"scoped_product_free_join","candidate":"essential512","product_mode":"views","support":"full","admissible_worlds":262144,"bits":18,"worlds":262144,"rows":128,"groups":16,"memo":true,"build_s":[0.000734459, 0.000666084, 0.000655583],"join_only_s":[2.0958e-5, 5.375e-6, 5.167e-6],"fresh_s":[0.028863083, 0.029773791, 0.028753958],"warm_s":[1.6542e-5, 2.1083e-5, 1.7666e-5],"input_bytes_est":17212,"final_bytes_est":872376,"input_nodes":207,"final_nodes":6677,"input_storage":{"layout":"slab","record_bytes":3312,"table_bytes":6912,"interner_bytes":4636,"metadata_bytes":1800,"cache_bytes":0,"records":207,"tables":115,"logical_words":864,"total_bytes_est":16660},"final_storage":{"layout":"slab","record_bytes":211968,"table_bytes":221184,"interner_bytes":174848,"metadata_bytes":106128,"cache_bytes":152320,"records":6677,"tables":3372,"logical_words":20263,"total_bytes_est":866448},"checksum":18577792,"verified":true}
ok

test result: ok. 1 passed; 0 failed; 0 ignored; 0 measured; 1378 filtered out; finished in 2.54s


        2.54 real         2.52 user         0.00 sys
            14680064  maximum resident set size
                   0  average shared memory size
                   0  average unshared data size
                   0  average unshared stack size
                1110  page reclaims
                   0  page faults
                   0  swaps
                   0  block input operations
                   0  block output operations
                   0  messages sent
                   0  messages received
                   0  signals received
                   0  voluntary context switches
                1044  involuntary context switches
         40153471529  instructions retired
          8499565718  cycles elapsed
            11796888  peak memory footprint
