
running 1 test
test event_repr_lab::experiment ... EVENT_LAB {"kind":"scoped_product_free_join","candidate":"essential512","product_mode":"materialized","support":"legal-product","admissible_worlds":2197,"bits":12,"worlds":4096,"rows":128,"groups":16,"memo":false,"build_s":[0.000195916, 0.000142333, 0.000130792],"join_only_s":[3.0709e-5, 5.334e-6, 5e-6],"fresh_s":[0.003299625, 0.003280625, 0.003192125],"warm_s":[0.001603041, 0.001539709, 0.001700792],"input_bytes_est":18395,"final_bytes_est":300808,"input_nodes":215,"final_nodes":2829,"input_storage":{"layout":"slab","record_bytes":3440,"table_bytes":4184,"interner_bytes":4668,"metadata_bytes":1816,"cache_bytes":3927,"records":215,"tables":103,"logical_words":523,"total_bytes_est":18035},"final_storage":{"layout":"slab","record_bytes":55040,"table_bytes":66944,"interner_bytes":74688,"metadata_bytes":27616,"cache_bytes":76160,"records":2829,"tables":1775,"logical_words":8194,"total_bytes_est":300448},"checksum":222092,"verified":true}
EVENT_LAB {"kind":"scoped_product_free_join","candidate":"essential512","product_mode":"materialized","support":"legal-product","admissible_worlds":2197,"bits":12,"worlds":4096,"rows":128,"groups":16,"memo":true,"build_s":[0.000195916, 0.000142333, 0.000130792],"join_only_s":[3.0709e-5, 5.334e-6, 5e-6],"fresh_s":[0.001995709, 0.001946875, 0.001945167],"warm_s":[7.084e-6, 6.792e-6, 8.792e-6],"input_bytes_est":18395,"final_bytes_est":306184,"input_nodes":215,"final_nodes":2829,"input_storage":{"layout":"slab","record_bytes":3440,"table_bytes":4184,"interner_bytes":4668,"metadata_bytes":1816,"cache_bytes":3927,"records":215,"tables":103,"logical_words":523,"total_bytes_est":18035},"final_storage":{"layout":"slab","record_bytes":55040,"table_bytes":66944,"interner_bytes":74688,"metadata_bytes":27616,"cache_bytes":76160,"records":2829,"tables":1775,"logical_words":8194,"total_bytes_est":300448},"checksum":222092,"verified":true}
EVENT_LAB {"kind":"scoped_product_free_join","candidate":"essential512","product_mode":"materialized","support":"legal-product","admissible_worlds":226981,"bits":18,"worlds":262144,"rows":128,"groups":16,"memo":false,"build_s":[0.001090792, 0.001047541, 0.001048125],"join_only_s":[2.275e-5, 5.541e-6, 5.292e-6],"fresh_s":[0.024768875, 0.026378959, 0.024794708],"warm_s":[0.008905834, 0.008908625, 0.009234667],"input_bytes_est":74796,"final_bytes_est":4306360,"input_nodes":867,"final_nodes":33764,"input_storage":{"layout":"slab","record_bytes":13872,"table_bytes":17456,"interner_bytes":18700,"metadata_bytes":7080,"cache_bytes":17136,"records":867,"tables":348,"logical_words":2182,"total_bytes_est":74244},"final_storage":{"layout":"slab","record_bytes":887808,"table_bytes":558592,"interner_bytes":1196800,"metadata_bytes":444048,"cache_bytes":1218560,"records":33764,"tables":10452,"logical_words":52726,"total_bytes_est":4305808},"checksum":13526628,"verified":true}
EVENT_LAB {"kind":"scoped_product_free_join","candidate":"essential512","product_mode":"materialized","support":"legal-product","admissible_worlds":226981,"bits":18,"worlds":262144,"rows":128,"groups":16,"memo":true,"build_s":[0.001090792, 0.001047541, 0.001048125],"join_only_s":[2.275e-5, 5.541e-6, 5.292e-6],"fresh_s":[0.017527417, 0.017846625, 0.019312083],"warm_s":[1.5959e-5, 1.5875e-5, 1.75e-5],"input_bytes_est":74796,"final_bytes_est":4311736,"input_nodes":867,"final_nodes":33764,"input_storage":{"layout":"slab","record_bytes":13872,"table_bytes":17456,"interner_bytes":18700,"metadata_bytes":7080,"cache_bytes":17136,"records":867,"tables":348,"logical_words":2182,"total_bytes_est":74244},"final_storage":{"layout":"slab","record_bytes":887808,"table_bytes":558592,"interner_bytes":1196800,"metadata_bytes":444048,"cache_bytes":1218560,"records":33764,"tables":10452,"logical_words":52726,"total_bytes_est":4305808},"checksum":13526628,"verified":true}
ok

test result: ok. 1 passed; 0 failed; 0 ignored; 0 measured; 1378 filtered out; finished in 3.32s


        3.31 real         3.29 user         0.01 sys
            34160640  maximum resident set size
                   0  average shared memory size
                   0  average unshared data size
                   0  average unshared stack size
                2298  page reclaims
                   0  page faults
                   0  swaps
                   0  block input operations
                   0  block output operations
                   0  messages sent
                   0  messages received
                   0  signals received
                   1  voluntary context switches
                1256  involuntary context switches
         43215882354  instructions retired
         11069629727  cycles elapsed
            31277464  peak memory footprint
