
running 1 test
test event_repr_lab::experiment ... EVENT_LAB {"kind":"scoped_product_free_join","candidate":"essential512","product_mode":"views-inputs","support":"asymmetric","admissible_worlds":2548,"bits":12,"worlds":4096,"rows":128,"groups":16,"memo":false,"build_s":[0.000504667, 0.000437, 0.000420792],"join_only_s":[2.9792e-5, 5.417e-6, 5.166e-6],"fresh_s":[0.004801542, 0.004675167, 0.004553333],"warm_s":[0.002654375, 0.00263425, 0.002630417],"input_bytes_est":118270,"final_bytes_est":631832,"input_nodes":617,"final_nodes":3306,"input_storage":{"layout":"enum","record_bytes":19744,"table_bytes":40928,"interner_bytes":36736,"metadata_bytes":5032,"cache_bytes":15470,"records":617,"tables":354,"logical_words":2558,"total_bytes_est":117910},"final_storage":{"layout":"enum","record_bytes":157952,"table_bytes":195600,"interner_bytes":146944,"metadata_bytes":39584,"cache_bytes":91392,"records":3306,"tables":2185,"logical_words":12225,"total_bytes_est":631472},"checksum":235092,"verified":true}
EVENT_LAB {"kind":"scoped_product_free_join","candidate":"essential512","product_mode":"views-inputs","support":"asymmetric","admissible_worlds":2548,"bits":12,"worlds":4096,"rows":128,"groups":16,"memo":true,"build_s":[0.000504667, 0.000437, 0.000420792],"join_only_s":[2.9792e-5, 5.417e-6, 5.166e-6],"fresh_s":[0.002555666, 0.002550583, 0.002501083],"warm_s":[1.3667e-5, 7.25e-6, 6.917e-6],"input_bytes_est":118270,"final_bytes_est":637208,"input_nodes":617,"final_nodes":3306,"input_storage":{"layout":"enum","record_bytes":19744,"table_bytes":40928,"interner_bytes":36736,"metadata_bytes":5032,"cache_bytes":15470,"records":617,"tables":354,"logical_words":2558,"total_bytes_est":117910},"final_storage":{"layout":"enum","record_bytes":157952,"table_bytes":195600,"interner_bytes":146944,"metadata_bytes":39584,"cache_bytes":91392,"records":3306,"tables":2185,"logical_words":12225,"total_bytes_est":631472},"checksum":235092,"verified":true}
EVENT_LAB {"kind":"scoped_product_free_join","candidate":"essential512","product_mode":"views-inputs","support":"asymmetric","admissible_worlds":234484,"bits":18,"worlds":262144,"rows":128,"groups":16,"memo":false,"build_s":[0.021691375, 0.020568625, 0.019238459],"join_only_s":[1.7041e-5, 5.25e-6, 5e-6],"fresh_s":[0.15430375, 0.154844708, 0.152786792],"warm_s":[0.044602542, 0.041260125, 0.046077875],"input_bytes_est":4006624,"final_bytes_est":26324664,"input_nodes":21563,"final_nodes":121532,"input_storage":{"layout":"enum","record_bytes":690016,"table_bytes":985392,"interner_bytes":1175552,"metadata_bytes":172648,"cache_bytes":982464,"records":21563,"tables":7999,"logical_words":61587,"total_bytes_est":4006072},"final_storage":{"layout":"enum","record_bytes":5520128,"table_bytes":5145152,"interner_bytes":9404416,"metadata_bytes":1380176,"cache_bytes":4874240,"records":121532,"tables":50503,"logical_words":321572,"total_bytes_est":26324112},"checksum":13404140,"verified":true}
EVENT_LAB {"kind":"scoped_product_free_join","candidate":"essential512","product_mode":"views-inputs","support":"asymmetric","admissible_worlds":234484,"bits":18,"worlds":262144,"rows":128,"groups":16,"memo":true,"build_s":[0.021691375, 0.020568625, 0.019238459],"join_only_s":[1.7041e-5, 5.25e-6, 5e-6],"fresh_s":[0.10548425, 0.105695333, 0.107677292],"warm_s":[2.0208e-5, 1.7292e-5, 1.8083e-5],"input_bytes_est":4006624,"final_bytes_est":26330040,"input_nodes":21563,"final_nodes":121532,"input_storage":{"layout":"enum","record_bytes":690016,"table_bytes":985392,"interner_bytes":1175552,"metadata_bytes":172648,"cache_bytes":982464,"records":21563,"tables":7999,"logical_words":61587,"total_bytes_est":4006072},"final_storage":{"layout":"enum","record_bytes":5520128,"table_bytes":5145152,"interner_bytes":9404416,"metadata_bytes":1380176,"cache_bytes":4874240,"records":121532,"tables":50503,"logical_words":321572,"total_bytes_est":26324112},"checksum":13404140,"verified":true}
ok

test result: ok. 1 passed; 0 failed; 0 ignored; 0 measured; 1378 filtered out; finished in 6.58s


        6.58 real         6.55 user         0.01 sys
            97288192  maximum resident set size
                   0  average shared memory size
                   0  average unshared data size
                   0  average unshared stack size
                6322  page reclaims
                   0  page faults
                   0  swaps
                   0  block input operations
                   0  block output operations
                   0  messages sent
                   0  messages received
                   0  signals received
                   0  voluntary context switches
                1172  involuntary context switches
         79926617149  instructions retired
         22015486119  cycles elapsed
            94405064  peak memory footprint
