
running 1 test
test event_repr_lab::experiment ... EVENT_LAB {"kind":"scoped_product_free_join","candidate":"essential64","product_mode":"views-inputs","support":"asymmetric","admissible_worlds":2548,"bits":12,"worlds":4096,"rows":128,"groups":16,"memo":false,"build_s":[0.00060875, 0.000537541, 0.000570792],"join_only_s":[2.9e-5, 5.292e-6, 5.042e-6],"fresh_s":[0.008222875, 0.007788917, 0.008059334],"warm_s":[0.004855917, 0.004748375, 0.004809917],"input_bytes_est":159528,"final_bytes_est":845416,"input_nodes":1034,"final_nodes":5939,"input_storage":{"layout":"enum","record_bytes":33088,"table_bytes":6160,"interner_bytes":73472,"metadata_bytes":8368,"cache_bytes":38080,"records":1034,"tables":385,"logical_words":385,"total_bytes_est":159168},"final_storage":{"layout":"enum","record_bytes":264704,"table_bytes":37408,"interner_bytes":293888,"metadata_bytes":66272,"cache_bytes":182784,"records":5939,"tables":2338,"logical_words":2338,"total_bytes_est":845056},"checksum":235092,"verified":true}
EVENT_LAB {"kind":"scoped_product_free_join","candidate":"essential64","product_mode":"views-inputs","support":"asymmetric","admissible_worlds":2548,"bits":12,"worlds":4096,"rows":128,"groups":16,"memo":true,"build_s":[0.00060875, 0.000537541, 0.000570792],"join_only_s":[2.9e-5, 5.292e-6, 5.042e-6],"fresh_s":[0.004114416, 0.003969625, 0.004059125],"warm_s":[1.2041e-5, 7.042e-6, 8.125e-6],"input_bytes_est":159528,"final_bytes_est":850792,"input_nodes":1034,"final_nodes":5939,"input_storage":{"layout":"enum","record_bytes":33088,"table_bytes":6160,"interner_bytes":73472,"metadata_bytes":8368,"cache_bytes":38080,"records":1034,"tables":385,"logical_words":385,"total_bytes_est":159168},"final_storage":{"layout":"enum","record_bytes":264704,"table_bytes":37408,"interner_bytes":293888,"metadata_bytes":66272,"cache_bytes":182784,"records":5939,"tables":2338,"logical_words":2338,"total_bytes_est":845056},"checksum":235092,"verified":true}
EVENT_LAB {"kind":"scoped_product_free_join","candidate":"essential64","product_mode":"views-inputs","support":"asymmetric","admissible_worlds":234484,"bits":18,"worlds":262144,"rows":128,"groups":16,"memo":false,"build_s":[0.002753875, 0.002780625, 0.002786667],"join_only_s":[1.9083e-5, 5.291e-6, 4.959e-6],"fresh_s":[0.04546075, 0.044845792, 0.046869],"warm_s":[0.026459875, 0.026910917, 0.027665],"input_bytes_est":675656,"final_bytes_est":5527592,"input_nodes":5726,"final_nodes":39449,"input_storage":{"layout":"enum","record_bytes":183232,"table_bytes":14944,"interner_bytes":293888,"metadata_bytes":45952,"cache_bytes":137088,"records":5726,"tables":934,"logical_words":934,"total_bytes_est":675104},"final_storage":{"layout":"enum","record_bytes":1465856,"table_bytes":124912,"interner_bytes":2351104,"metadata_bytes":366608,"cache_bytes":1218560,"records":39449,"tables":7807,"logical_words":7807,"total_bytes_est":5527040},"checksum":13404140,"verified":true}
EVENT_LAB {"kind":"scoped_product_free_join","candidate":"essential64","product_mode":"views-inputs","support":"asymmetric","admissible_worlds":234484,"bits":18,"worlds":262144,"rows":128,"groups":16,"memo":true,"build_s":[0.002753875, 0.002780625, 0.002786667],"join_only_s":[1.9083e-5, 5.291e-6, 4.959e-6],"fresh_s":[0.023727959, 0.025185417, 0.023856917],"warm_s":[1.5875e-5, 1.6667e-5, 1.6375e-5],"input_bytes_est":675656,"final_bytes_est":5532968,"input_nodes":5726,"final_nodes":39449,"input_storage":{"layout":"enum","record_bytes":183232,"table_bytes":14944,"interner_bytes":293888,"metadata_bytes":45952,"cache_bytes":137088,"records":5726,"tables":934,"logical_words":934,"total_bytes_est":675104},"final_storage":{"layout":"enum","record_bytes":1465856,"table_bytes":124912,"interner_bytes":2351104,"metadata_bytes":366608,"cache_bytes":1218560,"records":39449,"tables":7807,"logical_words":7807,"total_bytes_est":5527040},"checksum":13404140,"verified":true}
ok

test result: ok. 1 passed; 0 failed; 0 ignored; 0 measured; 1378 filtered out; finished in 4.10s


        4.10 real         4.06 user         0.02 sys
            40501248  maximum resident set size
                   0  average shared memory size
                   0  average unshared data size
                   0  average unshared stack size
                2687  page reclaims
                   0  page faults
                   0  swaps
                   0  block input operations
                   0  block output operations
                   0  messages sent
                   0  messages received
                   0  signals received
                   0  voluntary context switches
                2108  involuntary context switches
         54215020865  instructions retired
         13645690112  cycles elapsed
            37634456  peak memory footprint
