
running 1 test
test event_repr_lab::experiment ... EVENT_LAB {"kind":"scoped_product_free_join","candidate":"essential64","product_mode":"views","support":"legal-product","admissible_worlds":2197,"bits":12,"worlds":4096,"rows":128,"groups":16,"memo":false,"build_s":[0.000386583, 0.000334167, 0.000319375],"join_only_s":[2.5917e-5, 5.292e-6, 4.958e-6],"fresh_s":[0.017989792, 0.017889791, 0.017852792],"warm_s":[0.016899917, 0.0169085, 0.016828916],"input_bytes_est":55032,"final_bytes_est":218760,"input_nodes":646,"final_nodes":2088,"input_storage":{"layout":"slab","record_bytes":10336,"table_bytes":2216,"interner_bytes":17816,"metadata_bytes":5264,"cache_bytes":19040,"records":646,"tables":277,"logical_words":277,"total_bytes_est":54672},"final_storage":{"layout":"slab","record_bytes":41344,"table_bytes":8864,"interner_bytes":71264,"metadata_bytes":20768,"cache_bytes":76160,"records":2088,"tables":863,"logical_words":863,"total_bytes_est":218400},"checksum":222092,"verified":true}
EVENT_LAB {"kind":"scoped_product_free_join","candidate":"essential64","product_mode":"views","support":"legal-product","admissible_worlds":2197,"bits":12,"worlds":4096,"rows":128,"groups":16,"memo":true,"build_s":[0.000386583, 0.000334167, 0.000319375],"join_only_s":[2.5917e-5, 5.292e-6, 4.958e-6],"fresh_s":[0.004182125, 0.004090125, 0.004057958],"warm_s":[6.708e-6, 6.625e-6, 6.542e-6],"input_bytes_est":55032,"final_bytes_est":224136,"input_nodes":646,"final_nodes":2088,"input_storage":{"layout":"slab","record_bytes":10336,"table_bytes":2216,"interner_bytes":17816,"metadata_bytes":5264,"cache_bytes":19040,"records":646,"tables":277,"logical_words":277,"total_bytes_est":54672},"final_storage":{"layout":"slab","record_bytes":41344,"table_bytes":8864,"interner_bytes":71264,"metadata_bytes":20768,"cache_bytes":76160,"records":2088,"tables":863,"logical_words":863,"total_bytes_est":218400},"checksum":222092,"verified":true}
EVENT_LAB {"kind":"scoped_product_free_join","candidate":"essential64","product_mode":"views","support":"legal-product","admissible_worlds":226981,"bits":18,"worlds":262144,"rows":128,"groups":16,"memo":false,"build_s":[0.001967458, 0.001832417, 0.001783875],"join_only_s":[2.25e-5, 5.166e-6, 5.083e-6],"fresh_s":[0.374814792, 0.37422525, 0.372257834],"warm_s":[0.365909875, 0.365395541, 0.366708167],"input_bytes_est":230796,"final_bytes_est":1164808,"input_nodes":3121,"final_nodes":12228,"input_storage":{"layout":"slab","record_bytes":49936,"table_bytes":5624,"interner_bytes":73412,"metadata_bytes":25112,"cache_bytes":76160,"records":3121,"tables":703,"logical_words":703,"total_bytes_est":230244},"final_storage":{"layout":"slab","record_bytes":199744,"table_bytes":22496,"interner_bytes":293648,"metadata_bytes":100016,"cache_bytes":548352,"records":12228,"tables":2790,"logical_words":2790,"total_bytes_est":1164256},"checksum":13526628,"verified":true}
EVENT_LAB {"kind":"scoped_product_free_join","candidate":"essential64","product_mode":"views","support":"legal-product","admissible_worlds":226981,"bits":18,"worlds":262144,"rows":128,"groups":16,"memo":true,"build_s":[0.001967458, 0.001832417, 0.001783875],"join_only_s":[2.25e-5, 5.166e-6, 5.083e-6],"fresh_s":[0.074280625, 0.075253875, 0.074361208],"warm_s":[1.3375e-5, 1.3e-5, 1.4625e-5],"input_bytes_est":230796,"final_bytes_est":1170184,"input_nodes":3121,"final_nodes":12228,"input_storage":{"layout":"slab","record_bytes":49936,"table_bytes":5624,"interner_bytes":73412,"metadata_bytes":25112,"cache_bytes":76160,"records":3121,"tables":703,"logical_words":703,"total_bytes_est":230244},"final_storage":{"layout":"slab","record_bytes":199744,"table_bytes":22496,"interner_bytes":293648,"metadata_bytes":100016,"cache_bytes":548352,"records":12228,"tables":2790,"logical_words":2790,"total_bytes_est":1164256},"checksum":13526628,"verified":true}
ok

test result: ok. 1 passed; 0 failed; 0 ignored; 0 measured; 1378 filtered out; finished in 5.61s


        5.61 real         5.59 user         0.01 sys
            17186816  maximum resident set size
                   0  average shared memory size
                   0  average unshared data size
                   0  average unshared stack size
                1263  page reclaims
                   0  page faults
                   0  swaps
                   0  block input operations
                   0  block output operations
                   0  messages sent
                   0  messages received
                   0  signals received
                   0  voluntary context switches
                 527  involuntary context switches
         93415266914  instructions retired
         18907787594  cycles elapsed
            14336408  peak memory footprint
