
running 1 test
test event_repr_lab::experiment ... EVENT_LAB {"kind":"scoped_product_free_join","candidate":"essential512","product_mode":"views-inputs","support":"asymmetric","admissible_worlds":2548,"bits":12,"worlds":4096,"rows":128,"groups":16,"memo":false,"build_s":[0.00036525, 0.0002935, 0.000281833],"join_only_s":[2.8708e-5, 5.125e-6, 4.959e-6],"fresh_s":[0.005159042, 0.005242584, 0.005368417],"warm_s":[0.004221917, 0.004153125, 0.0041685],"input_bytes_est":39384,"final_bytes_est":296648,"input_nodes":442,"final_nodes":1812,"input_storage":{"layout":"slab","record_bytes":7072,"table_bytes":7512,"interner_bytes":9384,"metadata_bytes":3632,"cache_bytes":11424,"records":442,"tables":247,"logical_words":939,"total_bytes_est":39024},"final_storage":{"layout":"slab","record_bytes":56576,"table_bytes":60096,"interner_bytes":75072,"metadata_bytes":28384,"cache_bytes":76160,"records":1812,"tables":959,"logical_words":3997,"total_bytes_est":296288},"checksum":235092,"verified":true}
EVENT_LAB {"kind":"scoped_product_free_join","candidate":"essential512","product_mode":"views-inputs","support":"asymmetric","admissible_worlds":2548,"bits":12,"worlds":4096,"rows":128,"groups":16,"memo":true,"build_s":[0.00036525, 0.0002935, 0.000281833],"join_only_s":[2.8708e-5, 5.125e-6, 4.959e-6],"fresh_s":[0.001771125, 0.001911083, 0.001883083],"warm_s":[8.416e-6, 1.6208e-5, 1.0833e-5],"input_bytes_est":39384,"final_bytes_est":302024,"input_nodes":442,"final_nodes":1812,"input_storage":{"layout":"slab","record_bytes":7072,"table_bytes":7512,"interner_bytes":9384,"metadata_bytes":3632,"cache_bytes":11424,"records":442,"tables":247,"logical_words":939,"total_bytes_est":39024},"final_storage":{"layout":"slab","record_bytes":56576,"table_bytes":60096,"interner_bytes":75072,"metadata_bytes":28384,"cache_bytes":76160,"records":1812,"tables":959,"logical_words":3997,"total_bytes_est":296288},"checksum":235092,"verified":true}
EVENT_LAB {"kind":"scoped_product_free_join","candidate":"essential512","product_mode":"views-inputs","support":"asymmetric","admissible_worlds":234484,"bits":18,"worlds":262144,"rows":128,"groups":16,"memo":false,"build_s":[0.002943208, 0.002767625, 0.002886292],"join_only_s":[1.7125e-5, 5.25e-6, 5.083e-6],"fresh_s":[0.177279125, 0.177790667, 0.176670417],"warm_s":[0.166495459, 0.165901, 0.164750833],"input_bytes_est":437400,"final_bytes_est":2885048,"input_nodes":3936,"final_nodes":20994,"input_storage":{"layout":"slab","record_bytes":62976,"table_bytes":52320,"interner_bytes":137600,"metadata_bytes":31632,"cache_bytes":152320,"records":3936,"tables":1406,"logical_words":6540,"total_bytes_est":436848},"final_storage":{"layout":"slab","record_bytes":503808,"table_bytes":418560,"interner_bytes":613376,"metadata_bytes":252048,"cache_bytes":1096704,"records":20994,"tables":7652,"logical_words":36613,"total_bytes_est":2884496},"checksum":13404140,"verified":true}
EVENT_LAB {"kind":"scoped_product_free_join","candidate":"essential512","product_mode":"views-inputs","support":"asymmetric","admissible_worlds":234484,"bits":18,"worlds":262144,"rows":128,"groups":16,"memo":true,"build_s":[0.002943208, 0.002767625, 0.002886292],"join_only_s":[1.7125e-5, 5.25e-6, 5.083e-6],"fresh_s":[0.045439417, 0.045443958, 0.045311834],"warm_s":[1.6666e-5, 1.7375e-5, 1.7833e-5],"input_bytes_est":437400,"final_bytes_est":2890424,"input_nodes":3936,"final_nodes":20994,"input_storage":{"layout":"slab","record_bytes":62976,"table_bytes":52320,"interner_bytes":137600,"metadata_bytes":31632,"cache_bytes":152320,"records":3936,"tables":1406,"logical_words":6540,"total_bytes_est":436848},"final_storage":{"layout":"slab","record_bytes":503808,"table_bytes":418560,"interner_bytes":613376,"metadata_bytes":252048,"cache_bytes":1096704,"records":20994,"tables":7652,"logical_words":36613,"total_bytes_est":2884496},"checksum":13404140,"verified":true}
ok

test result: ok. 1 passed; 0 failed; 0 ignored; 0 measured; 1378 filtered out; finished in 5.02s


        5.02 real         4.97 user         0.01 sys
            25378816  maximum resident set size
                   0  average shared memory size
                   0  average unshared data size
                   0  average unshared stack size
                1762  page reclaims
                   0  page faults
                   0  swaps
                   0  block input operations
                   0  block output operations
                   0  messages sent
                   0  messages received
                   0  signals received
                   0  voluntary context switches
                2479  involuntary context switches
         68649293351  instructions retired
         16510129129  cycles elapsed
            22479256  peak memory footprint
