
running 1 test
test event_repr_lab::experiment ... EVENT_LAB {"kind":"scoped_product_free_join","candidate":"packed512","product_mode":"materialized","support":"legal-product","admissible_worlds":2197,"bits":12,"worlds":4096,"rows":128,"groups":16,"memo":false,"build_s":[3.1208e-5, 2.0791e-5, 1.4625e-5],"join_only_s":[2.6125e-5, 5.209e-6, 4.958e-6],"fresh_s":[0.006341291, 0.006377959, 0.006282875],"warm_s":[0.006146208, 0.006583209, 0.006309917],"input_bytes_est":24364,"final_bytes_est":622524,"input_nodes":150,"final_nodes":3985,"input_storage":null,"final_storage":null,"checksum":222092,"verified":true}
EVENT_LAB {"kind":"scoped_product_free_join","candidate":"packed512","product_mode":"materialized","support":"legal-product","admissible_worlds":2197,"bits":12,"worlds":4096,"rows":128,"groups":16,"memo":true,"build_s":[3.1208e-5, 2.0791e-5, 1.4625e-5],"join_only_s":[2.6125e-5, 5.209e-6, 4.958e-6],"fresh_s":[0.001466709, 0.001389459, 0.001358041],"warm_s":[9.084e-6, 8.709e-6, 8.75e-6],"input_bytes_est":24364,"final_bytes_est":627900,"input_nodes":150,"final_nodes":3985,"input_storage":null,"final_storage":null,"checksum":222092,"verified":true}
EVENT_LAB {"kind":"scoped_product_free_join","candidate":"packed512","product_mode":"materialized","support":"legal-product","admissible_worlds":226981,"bits":18,"worlds":262144,"rows":128,"groups":16,"memo":false,"build_s":[0.000413417, 0.000400292, 0.000400583],"join_only_s":[1.5541e-5, 5.166e-6, 5.042e-6],"fresh_s":[0.024480959, 0.024472, 0.024370875],"warm_s":[0.022231709, 0.022072709, 0.022962542],"input_bytes_est":64388,"final_bytes_est":5079700,"input_nodes":632,"final_nodes":37394,"input_storage":null,"final_storage":null,"checksum":13526628,"verified":true}
EVENT_LAB {"kind":"scoped_product_free_join","candidate":"packed512","product_mode":"materialized","support":"legal-product","admissible_worlds":226981,"bits":18,"worlds":262144,"rows":128,"groups":16,"memo":true,"build_s":[0.000413417, 0.000400292, 0.000400583],"join_only_s":[1.5541e-5, 5.166e-6, 5.042e-6],"fresh_s":[0.006717209, 0.00646375, 0.006647125],"warm_s":[3.3916e-5, 3.0083e-5, 2.8459e-5],"input_bytes_est":64388,"final_bytes_est":5085076,"input_nodes":632,"final_nodes":37394,"input_storage":null,"final_storage":null,"checksum":13526628,"verified":true}
ok

test result: ok. 1 passed; 0 failed; 0 ignored; 0 measured; 1378 filtered out; finished in 1.24s


        1.24 real         1.23 user         0.00 sys
            27525120  maximum resident set size
                   0  average shared memory size
                   0  average unshared data size
                   0  average unshared stack size
                1894  page reclaims
                   0  page faults
                   0  swaps
                   0  block input operations
                   0  block output operations
                   0  messages sent
                   0  messages received
                   0  signals received
                   0  voluntary context switches
                 191  involuntary context switches
         20481717055  instructions retired
          4165407007  cycles elapsed
            24773016  peak memory footprint
