
running 1 test
test event_repr_lab::experiment ... EVENT_LAB {"kind":"scoped_product_free_join","candidate":"essential64","product_mode":"views","support":"full","admissible_worlds":4096,"bits":12,"worlds":4096,"rows":128,"groups":16,"memo":false,"build_s":[8.1417e-5, 5.4041e-5, 4.7959e-5],"join_only_s":[2.6458e-5, 5.25e-6, 5e-6],"fresh_s":[0.001977417, 0.002003542, 0.001915625],"warm_s":[0.0014085, 0.001441625, 0.00143525],"input_bytes_est":9776,"final_bytes_est":177208,"input_nodes":95,"final_nodes":1196,"input_storage":{"layout":"enum","record_bytes":3040,"table_bytes":928,"interner_bytes":4592,"metadata_bytes":856,"cache_bytes":0,"records":95,"tables":58,"logical_words":58,"total_bytes_est":9416},"final_storage":{"layout":"enum","record_bytes":48640,"table_bytes":12016,"interner_bytes":73472,"metadata_bytes":12256,"cache_bytes":30464,"records":1196,"tables":751,"logical_words":751,"total_bytes_est":176848},"checksum":523968,"verified":true}
EVENT_LAB {"kind":"scoped_product_free_join","candidate":"essential64","product_mode":"views","support":"full","admissible_worlds":4096,"bits":12,"worlds":4096,"rows":128,"groups":16,"memo":true,"build_s":[8.1417e-5, 5.4041e-5, 4.7959e-5],"join_only_s":[2.6458e-5, 5.25e-6, 5e-6],"fresh_s":[0.000734541, 0.000758042, 0.000736042],"warm_s":[7e-6, 1.0125e-5, 6.625e-6],"input_bytes_est":9776,"final_bytes_est":182584,"input_nodes":95,"final_nodes":1196,"input_storage":{"layout":"enum","record_bytes":3040,"table_bytes":928,"interner_bytes":4592,"metadata_bytes":856,"cache_bytes":0,"records":95,"tables":58,"logical_words":58,"total_bytes_est":9416},"final_storage":{"layout":"enum","record_bytes":48640,"table_bytes":12016,"interner_bytes":73472,"metadata_bytes":12256,"cache_bytes":30464,"records":1196,"tables":751,"logical_words":751,"total_bytes_est":176848},"checksum":523968,"verified":true}
EVENT_LAB {"kind":"scoped_product_free_join","candidate":"essential64","product_mode":"views","support":"full","admissible_worlds":262144,"bits":18,"worlds":262144,"rows":128,"groups":16,"memo":false,"build_s":[0.00093375, 0.000908083, 0.000897333],"join_only_s":[1.4708e-5, 5.208e-6, 4.917e-6],"fresh_s":[0.021360334, 0.021220708, 0.021105375],"warm_s":[0.01746075, 0.018177, 0.017643542],"input_bytes_est":77104,"final_bytes_est":1500264,"input_nodes":895,"final_nodes":12948,"input_storage":{"layout":"enum","record_bytes":28640,"table_bytes":3872,"interner_bytes":36736,"metadata_bytes":7304,"cache_bytes":0,"records":895,"tables":242,"logical_words":242,"total_bytes_est":76552},"final_storage":{"layout":"enum","record_bytes":458240,"table_bytes":34352,"interner_bytes":587776,"metadata_bytes":114704,"cache_bytes":304640,"records":12948,"tables":2147,"logical_words":2147,"total_bytes_est":1499712},"checksum":18577792,"verified":true}
EVENT_LAB {"kind":"scoped_product_free_join","candidate":"essential64","product_mode":"views","support":"full","admissible_worlds":262144,"bits":18,"worlds":262144,"rows":128,"groups":16,"memo":true,"build_s":[0.00093375, 0.000908083, 0.000897333],"join_only_s":[1.4708e-5, 5.208e-6, 4.917e-6],"fresh_s":[0.007107083, 0.007022625, 0.006945584],"warm_s":[1.5125e-5, 1.2666e-5, 1.5875e-5],"input_bytes_est":77104,"final_bytes_est":1505640,"input_nodes":895,"final_nodes":12948,"input_storage":{"layout":"enum","record_bytes":28640,"table_bytes":3872,"interner_bytes":36736,"metadata_bytes":7304,"cache_bytes":0,"records":895,"tables":242,"logical_words":242,"total_bytes_est":76552},"final_storage":{"layout":"enum","record_bytes":458240,"table_bytes":34352,"interner_bytes":587776,"metadata_bytes":114704,"cache_bytes":304640,"records":12948,"tables":2147,"logical_words":2147,"total_bytes_est":1499712},"checksum":18577792,"verified":true}
ok

test result: ok. 1 passed; 0 failed; 0 ignored; 0 measured; 1378 filtered out; finished in 1.97s


        1.97 real         1.96 user         0.00 sys
            16302080  maximum resident set size
                   0  average shared memory size
                   0  average unshared data size
                   0  average unshared stack size
                1209  page reclaims
                   0  page faults
                   0  swaps
                   0  block input operations
                   0  block output operations
                   0  messages sent
                   0  messages received
                   0  signals received
                   0  voluntary context switches
                 196  involuntary context switches
         28915802627  instructions retired
          6642433144  cycles elapsed
            13451672  peak memory footprint
