
running 1 test
test event_repr_lab::experiment ... EVENT_LAB {"kind":"scoped_product_free_join","candidate":"essential512","product_mode":"views-inputs","support":"full","admissible_worlds":4096,"bits":12,"worlds":4096,"rows":128,"groups":16,"memo":false,"build_s":[6.4917e-5, 3.8625e-5, 3.5333e-5],"join_only_s":[2.6917e-5, 5.417e-6, 5e-6],"fresh_s":[0.001295375, 0.001264459, 0.001257042],"warm_s":[0.001175542, 0.001168208, 0.001162],"input_bytes_est":2128,"final_bytes_est":30064,"input_nodes":25,"final_nodes":327,"input_storage":{"layout":"slab","record_bytes":400,"table_bytes":496,"interner_bytes":576,"metadata_bytes":296,"cache_bytes":0,"records":25,"tables":24,"logical_words":62,"total_bytes_est":1768},"final_storage":{"layout":"slab","record_bytes":6400,"table_bytes":7936,"interner_bytes":9216,"metadata_bytes":3296,"cache_bytes":2856,"records":327,"tables":326,"logical_words":597,"total_bytes_est":29704},"checksum":523968,"verified":true}
EVENT_LAB {"kind":"scoped_product_free_join","candidate":"essential512","product_mode":"views-inputs","support":"full","admissible_worlds":4096,"bits":12,"worlds":4096,"rows":128,"groups":16,"memo":true,"build_s":[6.4917e-5, 3.8625e-5, 3.5333e-5],"join_only_s":[2.6917e-5, 5.417e-6, 5e-6],"fresh_s":[0.000300792, 0.000293625, 0.000284584],"warm_s":[6.666e-6, 6.541e-6, 6.458e-6],"input_bytes_est":2128,"final_bytes_est":35440,"input_nodes":25,"final_nodes":327,"input_storage":{"layout":"slab","record_bytes":400,"table_bytes":496,"interner_bytes":576,"metadata_bytes":296,"cache_bytes":0,"records":25,"tables":24,"logical_words":62,"total_bytes_est":1768},"final_storage":{"layout":"slab","record_bytes":6400,"table_bytes":7936,"interner_bytes":9216,"metadata_bytes":3296,"cache_bytes":2856,"records":327,"tables":326,"logical_words":597,"total_bytes_est":29704},"checksum":523968,"verified":true}
EVENT_LAB {"kind":"scoped_product_free_join","candidate":"essential512","product_mode":"views-inputs","support":"full","admissible_worlds":262144,"bits":18,"worlds":262144,"rows":128,"groups":16,"memo":false,"build_s":[0.000672125, 0.00072225, 0.000662708],"join_only_s":[1.6542e-5, 5.166e-6, 4.958e-6],"fresh_s":[0.008335166, 0.008382917, 0.008331708],"warm_s":[0.007194333, 0.007057542, 0.007145292],"input_bytes_est":17212,"final_bytes_est":325880,"input_nodes":207,"final_nodes":3262,"input_storage":{"layout":"slab","record_bytes":3312,"table_bytes":6912,"interner_bytes":4636,"metadata_bytes":1800,"cache_bytes":0,"records":207,"tables":115,"logical_words":864,"total_bytes_est":16660},"final_storage":{"layout":"slab","record_bytes":52992,"table_bytes":110592,"interner_bytes":74176,"metadata_bytes":26640,"cache_bytes":60928,"records":3262,"tables":2285,"logical_words":9323,"total_bytes_est":325328},"checksum":18577792,"verified":true}
EVENT_LAB {"kind":"scoped_product_free_join","candidate":"essential512","product_mode":"views-inputs","support":"full","admissible_worlds":262144,"bits":18,"worlds":262144,"rows":128,"groups":16,"memo":true,"build_s":[0.000672125, 0.00072225, 0.000662708],"join_only_s":[1.6542e-5, 5.166e-6, 4.958e-6],"fresh_s":[0.002450667, 0.002519875, 0.002527709],"warm_s":[1.3875e-5, 1.425e-5, 1.1542e-5],"input_bytes_est":17212,"final_bytes_est":331256,"input_nodes":207,"final_nodes":3262,"input_storage":{"layout":"slab","record_bytes":3312,"table_bytes":6912,"interner_bytes":4636,"metadata_bytes":1800,"cache_bytes":0,"records":207,"tables":115,"logical_words":864,"total_bytes_est":16660},"final_storage":{"layout":"slab","record_bytes":52992,"table_bytes":110592,"interner_bytes":74176,"metadata_bytes":26640,"cache_bytes":60928,"records":3262,"tables":2285,"logical_words":9323,"total_bytes_est":325328},"checksum":18577792,"verified":true}
ok

test result: ok. 1 passed; 0 failed; 0 ignored; 0 measured; 1378 filtered out; finished in 1.67s


        1.67 real         1.65 user         0.02 sys
            11927552  maximum resident set size
                   0  average shared memory size
                   0  average unshared data size
                   0  average unshared stack size
                 941  page reclaims
                   0  page faults
                   0  swaps
                   0  block input operations
                   0  block output operations
                   0  messages sent
                   0  messages received
                   0  signals received
                   0  voluntary context switches
                 169  involuntary context switches
         22832968927  instructions retired
          5645445083  cycles elapsed
             9011584  peak memory footprint
