
running 1 test
test event_repr_lab::experiment ... EVENT_LAB {"kind":"scoped_product_free_join","candidate":"essential64","product_mode":"materialized","support":"legal-product","admissible_worlds":2197,"bits":12,"worlds":4096,"rows":128,"groups":16,"memo":false,"build_s":[0.000244625, 0.000194167, 0.000230417],"join_only_s":[3.125e-5, 5.5e-6, 5.208e-6],"fresh_s":[0.00327725, 0.003167333, 0.003133583],"warm_s":[0.001471916, 0.001664, 0.001529584],"input_bytes_est":45160,"final_bytes_est":716200,"input_nodes":391,"final_nodes":4397,"input_storage":{"layout":"enum","record_bytes":12512,"table_bytes":2128,"interner_bytes":18368,"metadata_bytes":3224,"cache_bytes":8568,"records":391,"tables":133,"logical_words":133,"total_bytes_est":44800},"final_storage":{"layout":"enum","record_bytes":200192,"table_bytes":19296,"interner_bytes":293888,"metadata_bytes":50144,"cache_bytes":152320,"records":4397,"tables":1206,"logical_words":1206,"total_bytes_est":715840},"checksum":222092,"verified":true}
EVENT_LAB {"kind":"scoped_product_free_join","candidate":"essential64","product_mode":"materialized","support":"legal-product","admissible_worlds":2197,"bits":12,"worlds":4096,"rows":128,"groups":16,"memo":true,"build_s":[0.000244625, 0.000194167, 0.000230417],"join_only_s":[3.125e-5, 5.5e-6, 5.208e-6],"fresh_s":[0.002073375, 0.002002542, 0.001934958],"warm_s":[7.125e-6, 6.625e-6, 6.542e-6],"input_bytes_est":45160,"final_bytes_est":721576,"input_nodes":391,"final_nodes":4397,"input_storage":{"layout":"enum","record_bytes":12512,"table_bytes":2128,"interner_bytes":18368,"metadata_bytes":3224,"cache_bytes":8568,"records":391,"tables":133,"logical_words":133,"total_bytes_est":44800},"final_storage":{"layout":"enum","record_bytes":200192,"table_bytes":19296,"interner_bytes":293888,"metadata_bytes":50144,"cache_bytes":152320,"records":4397,"tables":1206,"logical_words":1206,"total_bytes_est":715840},"checksum":222092,"verified":true}
EVENT_LAB {"kind":"scoped_product_free_join","candidate":"essential64","product_mode":"materialized","support":"legal-product","admissible_worlds":226981,"bits":18,"worlds":262144,"rows":128,"groups":16,"memo":false,"build_s":[0.001529666, 0.001472375, 0.001530583],"join_only_s":[1.9583e-5, 5.416e-6, 5.25e-6],"fresh_s":[0.018502416, 0.01854675, 0.01940225],"warm_s":[0.0078945, 0.007777458, 0.008172833],"input_bytes_est":274488,"final_bytes_est":6046184,"input_nodes":2046,"final_nodes":40396,"input_storage":{"layout":"enum","record_bytes":65472,"table_bytes":6928,"interner_bytes":146944,"metadata_bytes":16512,"cache_bytes":38080,"records":2046,"tables":433,"logical_words":433,"total_bytes_est":273936},"final_storage":{"layout":"enum","record_bytes":2095104,"table_bytes":39728,"interner_bytes":2351104,"metadata_bytes":523920,"cache_bytes":1035776,"records":40396,"tables":2483,"logical_words":2483,"total_bytes_est":6045632},"checksum":13526628,"verified":true}
EVENT_LAB {"kind":"scoped_product_free_join","candidate":"essential64","product_mode":"materialized","support":"legal-product","admissible_worlds":226981,"bits":18,"worlds":262144,"rows":128,"groups":16,"memo":true,"build_s":[0.001529666, 0.001472375, 0.001530583],"join_only_s":[1.9583e-5, 5.416e-6, 5.25e-6],"fresh_s":[0.011963958, 0.012290917, 0.011705917],"warm_s":[1.6083e-5, 1.65e-5, 1.7291e-5],"input_bytes_est":274488,"final_bytes_est":6051560,"input_nodes":2046,"final_nodes":40396,"input_storage":{"layout":"enum","record_bytes":65472,"table_bytes":6928,"interner_bytes":146944,"metadata_bytes":16512,"cache_bytes":38080,"records":2046,"tables":433,"logical_words":433,"total_bytes_est":273936},"final_storage":{"layout":"enum","record_bytes":2095104,"table_bytes":39728,"interner_bytes":2351104,"metadata_bytes":523920,"cache_bytes":1035776,"records":40396,"tables":2483,"logical_words":2483,"total_bytes_est":6045632},"checksum":13526628,"verified":true}
ok

test result: ok. 1 passed; 0 failed; 0 ignored; 0 measured; 1378 filtered out; finished in 3.38s


        3.38 real         3.35 user         0.01 sys
            36929536  maximum resident set size
                   0  average shared memory size
                   0  average unshared data size
                   0  average unshared stack size
                2468  page reclaims
                   0  page faults
                   0  swaps
                   0  block input operations
                   0  block output operations
                   0  messages sent
                   0  messages received
                   0  signals received
                   0  voluntary context switches
                1305  involuntary context switches
         46267701934  instructions retired
         11266565434  cycles elapsed
            34095512  peak memory footprint
