
running 1 test
test event_repr_lab::experiment ... EVENT_LAB {"kind":"legal_relation_free_join","candidate":"prefix512","domain":"below","product_mode":"views","support_gates":"certified","bits":12,"width":4,"environments":1,"worlds":4096,"admissible_worlds":2197,"rows":128,"groups":16,"outputs":80,"memo":false,"build_s":[0.00061875, 0.000528042, 0.000511292, 0.000527125, 0.000561],"support_s":[8.2208e-5, 3.9e-5, 4.1333e-5, 3.9875e-5, 5.1959e-5],"import_s":[0.000505417, 0.000469417, 0.000452042, 0.000468291, 0.000487584],"admission_s":[3.0708e-5, 1.95e-5, 1.7834e-5, 1.8875e-5, 2.0833e-5],"join_only_s":[2.5667e-5, 5.25e-6, 5.042e-6, 5e-6, 4.958e-6],"fresh_s":[0.000711375, 0.000690167, 0.000693375, 0.000733292, 0.000669708],"warm_s":[0.000451084, 0.000476291, 0.000504916, 0.000440666, 0.000429209],"fresh_compute_s":[0.000664, 0.000646667, 0.000650708, 0.000688917, 0.000623958],"fresh_count_s":[4.7084e-5, 4.3416e-5, 4.2542e-5, 4.4334e-5, 4.5333e-5],"warm_compute_s":[0.000407875, 0.000431916, 0.000456208, 0.000399, 0.000381167],"warm_count_s":[4.3125e-5, 4.4125e-5, 4.8625e-5, 4.1584e-5, 4.1291e-5],"input_bytes_est":80159,"final_bytes_est":125555,"input_nodes":674,"final_nodes":1141,"input_storage":{"layout":"slab","record_bytes":10784,"table_bytes":10536,"interner_bytes":17928,"metadata_bytes":5536,"cache_bytes":34919,"records":674,"tables":670,"logical_words":1317,"total_bytes_est":79703},"final_storage":{"layout":"slab","record_bytes":21568,"table_bytes":21072,"interner_bytes":35856,"metadata_bytes":10928,"cache_bytes":34919,"records":1141,"tables":1137,"logical_words":2244,"total_bytes_est":124343},"checksum":3773900,"verified":true}
EVENT_LAB {"kind":"legal_relation_free_join","candidate":"prefix512","domain":"below","product_mode":"views","support_gates":"certified","bits":12,"width":4,"environments":1,"worlds":4096,"admissible_worlds":2197,"rows":128,"groups":16,"outputs":80,"memo":true,"build_s":[0.00061875, 0.000528042, 0.000511292, 0.000527125, 0.000561],"support_s":[8.2208e-5, 3.9e-5, 4.1333e-5, 3.9875e-5, 5.1959e-5],"import_s":[0.000505417, 0.000469417, 0.000452042, 0.000468291, 0.000487584],"admission_s":[3.0708e-5, 1.95e-5, 1.7834e-5, 1.8875e-5, 2.0833e-5],"join_only_s":[2.5667e-5, 5.25e-6, 5.042e-6, 5e-6, 4.958e-6],"fresh_s":[0.000581541, 0.000481042, 0.000523417, 0.000484459, 0.000463042],"warm_s":[5.3834e-5, 5.325e-5, 5.7834e-5, 5.2333e-5, 6.6958e-5],"fresh_compute_s":[0.000530875, 0.0004395, 0.000474917, 0.000442625, 0.000418292],"fresh_count_s":[5.05e-5, 4.15e-5, 4.5416e-5, 4.175e-5, 4.1417e-5],"warm_compute_s":[1.2125e-5, 1.1792e-5, 1.575e-5, 1.1375e-5, 2.1333e-5],"warm_count_s":[4.1625e-5, 4.1375e-5, 4.2042e-5, 4.0916e-5, 4.5e-5],"input_bytes_est":80159,"final_bytes_est":137455,"input_nodes":674,"final_nodes":1141,"input_storage":{"layout":"slab","record_bytes":10784,"table_bytes":10536,"interner_bytes":17928,"metadata_bytes":5536,"cache_bytes":34919,"records":674,"tables":670,"logical_words":1317,"total_bytes_est":79703},"final_storage":{"layout":"slab","record_bytes":21568,"table_bytes":21072,"interner_bytes":35856,"metadata_bytes":10928,"cache_bytes":34919,"records":1141,"tables":1137,"logical_words":2244,"total_bytes_est":124343},"checksum":3773900,"verified":true}
EVENT_LAB {"kind":"legal_relation_free_join","candidate":"prefix512","domain":"below","product_mode":"views","support_gates":"certified","bits":18,"width":6,"environments":1,"worlds":262144,"admissible_worlds":226981,"rows":128,"groups":16,"outputs":80,"memo":false,"build_s":[0.006232292, 0.005954917, 0.005910958, 0.005932167, 0.005920833],"support_s":[9.8458e-5, 8.5e-5, 7.8458e-5, 7.5792e-5, 7.775e-5],"import_s":[0.0060545, 0.005804667, 0.005768, 0.005788666, 0.005775583],"admission_s":[7.5833e-5, 6.5125e-5, 6.4375e-5, 6.7667e-5, 6.7125e-5],"join_only_s":[2.2e-5, 5.333e-6, 5.292e-6, 5.166e-6, 5.084e-6],"fresh_s":[0.009876791, 0.010353458, 0.009959875, 0.010532125, 0.010030459],"warm_s":[0.004253916, 0.004399792, 0.004614208, 0.004266167, 0.004235417],"fresh_compute_s":[0.009743333, 0.010224583, 0.009823916, 0.010390375, 0.009898959],"fresh_count_s":[0.00013325, 0.000128833, 0.000135667, 0.000141667, 0.000130834],"warm_compute_s":[0.004122166, 0.004267375, 0.004483208, 0.004134792, 0.004102875],"warm_count_s":[0.000131208, 0.00013225, 0.000130875, 0.000131292, 0.000131875],"input_bytes_est":948555,"final_bytes_est":2523811,"input_nodes":8093,"final_nodes":19046,"input_storage":{"layout":"slab","record_bytes":129488,"table_bytes":156064,"interner_bytes":276084,"metadata_bytes":64960,"cache_bytes":321287,"records":8093,"tables":4282,"logical_words":19508,"total_bytes_est":947883},"final_storage":{"layout":"slab","record_bytes":517952,"table_bytes":624256,"interner_bytes":616912,"metadata_bytes":259192,"cache_bytes":504071,"records":19046,"tables":10910,"logical_words":48820,"total_bytes_est":2522383},"checksum":181462800,"verified":true}
EVENT_LAB {"kind":"legal_relation_free_join","candidate":"prefix512","domain":"below","product_mode":"views","support_gates":"certified","bits":18,"width":6,"environments":1,"worlds":262144,"admissible_worlds":226981,"rows":128,"groups":16,"outputs":80,"memo":true,"build_s":[0.006232292, 0.005954917, 0.005910958, 0.005932167, 0.005920833],"support_s":[9.8458e-5, 8.5e-5, 7.8458e-5, 7.5792e-5, 7.775e-5],"import_s":[0.0060545, 0.005804667, 0.005768, 0.005788666, 0.005775583],"admission_s":[7.5833e-5, 6.5125e-5, 6.4375e-5, 6.7667e-5, 6.7125e-5],"join_only_s":[2.2e-5, 5.333e-6, 5.292e-6, 5.166e-6, 5.084e-6],"fresh_s":[0.0079495, 0.008281667, 0.008172375, 0.008031208, 0.008526208],"warm_s":[0.000166667, 0.000167042, 0.000174417, 0.000174709, 0.0001645],"fresh_compute_s":[0.00781, 0.008149458, 0.008040959, 0.007894917, 0.008388],"fresh_count_s":[0.000139, 0.000132042, 0.000131292, 0.000136167, 0.000137459],"warm_compute_s":[2.5542e-5, 2.7083e-5, 2.5209e-5, 2.8584e-5, 2.6792e-5],"warm_count_s":[0.00014075, 0.000139875, 0.000149125, 0.000146042, 0.000136875],"input_bytes_est":948555,"final_bytes_est":2537307,"input_nodes":8093,"final_nodes":19046,"input_storage":{"layout":"slab","record_bytes":129488,"table_bytes":156064,"interner_bytes":276084,"metadata_bytes":64960,"cache_bytes":321287,"records":8093,"tables":4282,"logical_words":19508,"total_bytes_est":947883},"final_storage":{"layout":"slab","record_bytes":517952,"table_bytes":624256,"interner_bytes":616912,"metadata_bytes":259192,"cache_bytes":504071,"records":19046,"tables":10910,"logical_words":48820,"total_bytes_est":2522383},"checksum":181462800,"verified":true}
ok

test result: ok. 1 passed; 0 failed; 0 ignored; 0 measured; 1378 filtered out; finished in 15.55s


       15.55 real        15.38 user         0.13 sys
            26558464  maximum resident set size
                   0  average shared memory size
                   0  average unshared data size
                   0  average unshared stack size
                1836  page reclaims
                   0  page faults
                   0  swaps
                   0  block input operations
                   0  block output operations
                   0  messages sent
                   0  messages received
                   0  signals received
                   0  voluntary context switches
                2246  involuntary context switches
        218321652554  instructions retired
         51633741313  cycles elapsed
            23478680  peak memory footprint
