
running 1 test
test event_repr_lab::experiment ... EVENT_LAB {"kind":"legal_relation_free_join","candidate":"packed512","domain":"below","product_mode":"materialized","support_gates":"materialized","bits":12,"width":4,"environments":1,"worlds":4096,"admissible_worlds":2197,"rows":128,"groups":16,"outputs":80,"memo":false,"build_s":[0.000130958, 9.7959e-5, 0.000100041, 8.9792e-5, 8.7417e-5],"support_s":[2.0125e-5, 8.709e-6, 1.5583e-5, 9.625e-6, 1.025e-5],"import_s":[1.6375e-5, 1.425e-5, 1.325e-5, 1.0625e-5, 1.0333e-5],"admission_s":[9.4209e-5, 7.4875e-5, 7.1125e-5, 6.9458e-5, 6.65e-5],"join_only_s":[2.6083e-5, 5.417e-6, 5.25e-6, 5.125e-6, 5.125e-6],"fresh_s":[0.002281375, 0.002280834, 0.002142625, 0.002180583, 0.002172417],"warm_s":[0.001825792, 0.001907208, 0.001826458, 0.001837375, 0.00193125],"fresh_compute_s":[0.00227075, 0.002270417, 0.002132083, 0.00217025, 0.002161792],"fresh_count_s":[1.05e-5, 1.0375e-5, 1.0458e-5, 1.025e-5, 1.0292e-5],"warm_compute_s":[0.001815167, 0.001896875, 0.00181625, 0.001827125, 0.001920959],"warm_count_s":[1.0375e-5, 1.0291e-5, 1.0166e-5, 1.025e-5, 1.0041e-5],"input_bytes_est":57804,"final_bytes_est":802832,"input_nodes":393,"final_nodes":4803,"input_storage":null,"final_storage":null,"checksum":3773900,"verified":true}
EVENT_LAB {"kind":"legal_relation_free_join","candidate":"packed512","domain":"below","product_mode":"materialized","support_gates":"materialized","bits":12,"width":4,"environments":1,"worlds":4096,"admissible_worlds":2197,"rows":128,"groups":16,"outputs":80,"memo":true,"build_s":[0.000130958, 9.7959e-5, 0.000100041, 8.9792e-5, 8.7417e-5],"support_s":[2.0125e-5, 8.709e-6, 1.5583e-5, 9.625e-6, 1.025e-5],"import_s":[1.6375e-5, 1.425e-5, 1.325e-5, 1.0625e-5, 1.0333e-5],"admission_s":[9.4209e-5, 7.4875e-5, 7.1125e-5, 6.9458e-5, 6.65e-5],"join_only_s":[2.6083e-5, 5.417e-6, 5.25e-6, 5.125e-6, 5.125e-6],"fresh_s":[0.000895291, 0.000904542, 0.00087725, 0.000866792, 0.00085625],"warm_s":[2.4292e-5, 2.2875e-5, 2.25e-5, 2.2625e-5, 3.15e-5],"fresh_compute_s":[0.000884875, 0.000894167, 0.000867, 0.000856417, 0.00084575],"fresh_count_s":[1.0292e-5, 1.0291e-5, 1.025e-5, 1.0333e-5, 1.0167e-5],"warm_compute_s":[1.275e-5, 1.2542e-5, 1.2333e-5, 1.2375e-5, 1.7458e-5],"warm_count_s":[1.0375e-5, 1.0291e-5, 1.0167e-5, 1.0166e-5, 1.1291e-5],"input_bytes_est":57804,"final_bytes_est":815824,"input_nodes":393,"final_nodes":4803,"input_storage":null,"final_storage":null,"checksum":3773900,"verified":true}
EVENT_LAB {"kind":"legal_relation_free_join","candidate":"packed512","domain":"below","product_mode":"materialized","support_gates":"materialized","bits":18,"width":6,"environments":1,"worlds":262144,"admissible_worlds":226981,"rows":128,"groups":16,"outputs":80,"memo":false,"build_s":[0.000579, 0.000530375, 0.000491042, 0.000484209, 0.000500875],"support_s":[2.55e-5, 1.2291e-5, 1.0209e-5, 9.792e-6, 8.25e-6],"import_s":[0.000429292, 0.000409375, 0.000383667, 0.000379791, 0.000400416],"admission_s":[0.000123875, 0.000108625, 9.7083e-5, 9.4542e-5, 9.1834e-5],"join_only_s":[1.4625e-5, 5.167e-6, 4.875e-6, 4.917e-6, 4.916e-6],"fresh_s":[0.011071834, 0.01115475, 0.011029792, 0.010747666, 0.011399583],"warm_s":[0.007180917, 0.007446, 0.00734775, 0.007621542, 0.007099],"fresh_compute_s":[0.011027459, 0.011109417, 0.010984959, 0.010701375, 0.011350791],"fresh_count_s":[4.4292e-5, 4.5125e-5, 4.4791e-5, 4.5959e-5, 4.8375e-5],"warm_compute_s":[0.007129, 0.007392834, 0.007296583, 0.007575542, 0.007048125],"warm_count_s":[5.1291e-5, 5.2875e-5, 5.0584e-5, 4.5333e-5, 4.9917e-5],"input_bytes_est":173212,"final_bytes_est":6857216,"input_nodes":1350,"final_nodes":60584,"input_storage":null,"final_storage":null,"checksum":181462800,"verified":true}
EVENT_LAB {"kind":"legal_relation_free_join","candidate":"packed512","domain":"below","product_mode":"materialized","support_gates":"materialized","bits":18,"width":6,"environments":1,"worlds":262144,"admissible_worlds":226981,"rows":128,"groups":16,"outputs":80,"memo":true,"build_s":[0.000579, 0.000530375, 0.000491042, 0.000484209, 0.000500875],"support_s":[2.55e-5, 1.2291e-5, 1.0209e-5, 9.792e-6, 8.25e-6],"import_s":[0.000429292, 0.000409375, 0.000383667, 0.000379791, 0.000400416],"admission_s":[0.000123875, 0.000108625, 9.7083e-5, 9.4542e-5, 9.1834e-5],"join_only_s":[1.4625e-5, 5.167e-6, 4.875e-6, 4.917e-6, 4.916e-6],"fresh_s":[0.006480875, 0.008280875, 0.006725292, 0.006718375, 0.006888042],"warm_s":[7.6083e-5, 7.8084e-5, 7.9416e-5, 8.05e-5, 8.5333e-5],"fresh_compute_s":[0.006433875, 0.008225333, 0.006678458, 0.006672542, 0.0068395],"fresh_count_s":[4.6709e-5, 5.5458e-5, 4.6625e-5, 4.575e-5, 4.7583e-5],"warm_compute_s":[2.5333e-5, 2.6792e-5, 2.65e-5, 2.8291e-5, 2.925e-5],"warm_count_s":[5.0292e-5, 5.1125e-5, 5.2792e-5, 5.2084e-5, 5.4417e-5],"input_bytes_est":173212,"final_bytes_est":6870208,"input_nodes":1350,"final_nodes":60584,"input_storage":null,"final_storage":null,"checksum":181462800,"verified":true}
ok

test result: ok. 1 passed; 0 failed; 0 ignored; 0 measured; 1378 filtered out; finished in 7.53s


        7.53 real         7.38 user         0.10 sys
            32112640  maximum resident set size
                   0  average shared memory size
                   0  average unshared data size
                   0  average unshared stack size
                2175  page reclaims
                   0  page faults
                   0  swaps
                   0  block input operations
                   0  block output operations
                   0  messages sent
                   0  messages received
                   0  signals received
                   0  voluntary context switches
                 747  involuntary context switches
        135156170642  instructions retired
         24948178433  cycles elapsed
            29278616  peak memory footprint
