
running 1 test
test event_repr_lab::experiment ... EVENT_LAB {"kind":"legal_relation_free_join","candidate":"essential512","domain":"holes","product_mode":"views","support_gates":"certified","bits":12,"width":4,"environments":1,"worlds":4096,"admissible_worlds":1000,"rows":128,"groups":16,"outputs":80,"memo":false,"build_s":[0.00099025, 0.000880125, 0.000866166, 0.000865291, 0.000856584],"support_s":[0.000106875, 6.2625e-5, 6.2333e-5, 5.85e-5, 5.7584e-5],"import_s":[0.000252208, 0.000218375, 0.00021575, 0.000219291, 0.000216583],"admission_s":[0.00063075, 0.000599041, 0.000587959, 0.000587417, 0.000582],"join_only_s":[2.9542e-5, 5.292e-6, 5.125e-6, 5e-6, 4.916e-6],"fresh_s":[0.004122458, 0.004025917, 0.003993042, 0.00397025, 0.003980792],"warm_s":[0.001074041, 0.001075458, 0.001074417, 0.001066583, 0.001085417],"fresh_compute_s":[0.004122042, 0.004025583, 0.003992792, 0.00397, 0.003980417],"fresh_count_s":[2.92e-7, 1.67e-7, 1.67e-7, 2.08e-7, 1.66e-7],"warm_compute_s":[0.00107375, 0.001075208, 0.001074209, 0.001066375, 0.001085084],"warm_count_s":[2.09e-7, 1.67e-7, 1.66e-7, 1.67e-7, 1.67e-7],"input_bytes_est":131336,"final_bytes_est":894895,"input_nodes":1300,"final_nodes":5252,"input_storage":{"layout":"slab","record_bytes":20800,"table_bytes":29568,"interner_bytes":35664,"metadata_bytes":10496,"cache_bytes":34272,"records":1300,"tables":674,"logical_words":3696,"total_bytes_est":130800},"final_storage":{"layout":"slab","record_bytes":166400,"table_bytes":236544,"interner_bytes":163456,"metadata_bytes":83296,"cache_bytes":243907,"records":5252,"tables":3538,"logical_words":18566,"total_bytes_est":893603},"checksum":1730760,"verified":true}
EVENT_LAB {"kind":"legal_relation_free_join","candidate":"essential512","domain":"holes","product_mode":"views","support_gates":"certified","bits":12,"width":4,"environments":1,"worlds":4096,"admissible_worlds":1000,"rows":128,"groups":16,"outputs":80,"memo":true,"build_s":[0.00099025, 0.000880125, 0.000866166, 0.000865291, 0.000856584],"support_s":[0.000106875, 6.2625e-5, 6.2333e-5, 5.85e-5, 5.7584e-5],"import_s":[0.000252208, 0.000218375, 0.00021575, 0.000219291, 0.000216583],"admission_s":[0.00063075, 0.000599041, 0.000587959, 0.000587417, 0.000582],"join_only_s":[2.9542e-5, 5.292e-6, 5.125e-6, 5e-6, 4.916e-6],"fresh_s":[0.003469333, 0.003499458, 0.003437834, 0.003403083, 0.003439542],"warm_s":[1.3375e-5, 1.3959e-5, 1.1875e-5, 1.2167e-5, 1.225e-5],"fresh_compute_s":[0.003468916, 0.003499125, 0.003437334, 0.003402792, 0.003439042],"fresh_count_s":[2.91e-7, 1.67e-7, 2.91e-7, 2.5e-7, 2.08e-7],"warm_compute_s":[1.3041e-5, 1.3625e-5, 1.1667e-5, 1.1959e-5, 1.1459e-5],"warm_count_s":[2.08e-7, 2.92e-7, 1.25e-7, 1.25e-7, 1.67e-7],"input_bytes_est":131336,"final_bytes_est":908391,"input_nodes":1300,"final_nodes":5252,"input_storage":{"layout":"slab","record_bytes":20800,"table_bytes":29568,"interner_bytes":35664,"metadata_bytes":10496,"cache_bytes":34272,"records":1300,"tables":674,"logical_words":3696,"total_bytes_est":130800},"final_storage":{"layout":"slab","record_bytes":166400,"table_bytes":236544,"interner_bytes":163456,"metadata_bytes":83296,"cache_bytes":243907,"records":5252,"tables":3538,"logical_words":18566,"total_bytes_est":893603},"checksum":1730760,"verified":true}
EVENT_LAB {"kind":"legal_relation_free_join","candidate":"essential512","domain":"holes","product_mode":"views","support_gates":"certified","bits":18,"width":6,"environments":1,"worlds":262144,"admissible_worlds":74088,"rows":128,"groups":16,"outputs":80,"memo":false,"build_s":[0.004743833, 0.004727625, 0.004722333, 0.004746917, 0.00465175],"support_s":[0.000356708, 0.000338833, 0.000339958, 0.000345375, 0.000341208],"import_s":[0.001076459, 0.001072041, 0.001079917, 0.001089458, 0.001063917],"admission_s":[0.003309791, 0.0033165, 0.003302334, 0.003311958, 0.003246208],"join_only_s":[1.7875e-5, 5.5e-6, 5.291e-6, 5.167e-6, 5.209e-6],"fresh_s":[0.046203208, 0.044435, 0.044975667, 0.043212417, 0.043696792],"warm_s":[0.008307292, 0.008432167, 0.008765666, 0.009394792, 0.009249375],"fresh_compute_s":[0.046201833, 0.044434208, 0.044974959, 0.043211625, 0.043695458],"fresh_count_s":[8.33e-7, 7.08e-7, 6.25e-7, 7.08e-7, 7.92e-7],"warm_compute_s":[0.008305708, 0.008431125, 0.008764291, 0.009393792, 0.00924775],"warm_count_s":[1.042e-6, 9.16e-7, 1.167e-6, 9.17e-7, 9.17e-7],"input_bytes_est":863896,"final_bytes_est":7904999,"input_nodes":10024,"final_nodes":73266,"input_storage":{"layout":"slab","record_bytes":160384,"table_bytes":79416,"interner_bytes":283808,"metadata_bytes":80336,"cache_bytes":258944,"records":10024,"tables":1796,"logical_words":9927,"total_bytes_est":862888},"final_storage":{"layout":"slab","record_bytes":1283072,"table_bytes":1270656,"interner_bytes":2270464,"metadata_bytes":641680,"cache_bytes":2437363,"records":73266,"tables":22587,"logical_words":133861,"total_bytes_est":7903235},"checksum":60726120,"verified":true}
EVENT_LAB {"kind":"legal_relation_free_join","candidate":"essential512","domain":"holes","product_mode":"views","support_gates":"certified","bits":18,"width":6,"environments":1,"worlds":262144,"admissible_worlds":74088,"rows":128,"groups":16,"outputs":80,"memo":true,"build_s":[0.004743833, 0.004727625, 0.004722333, 0.004746917, 0.00465175],"support_s":[0.000356708, 0.000338833, 0.000339958, 0.000345375, 0.000341208],"import_s":[0.001076459, 0.001072041, 0.001079917, 0.001089458, 0.001063917],"admission_s":[0.003309791, 0.0033165, 0.003302334, 0.003311958, 0.003246208],"join_only_s":[1.7875e-5, 5.5e-6, 5.291e-6, 5.167e-6, 5.209e-6],"fresh_s":[0.039582542, 0.04006375, 0.039642458, 0.040734375, 0.043716666],"warm_s":[2.6667e-5, 2.6667e-5, 2.7416e-5, 2.7917e-5, 2.925e-5],"fresh_compute_s":[0.039581542, 0.040062917, 0.039641542, 0.0407335, 0.0437155],"fresh_count_s":[5.83e-7, 7.5e-7, 6.67e-7, 7.09e-7, 5.83e-7],"warm_compute_s":[2.5125e-5, 2.525e-5, 2.6166e-5, 2.6583e-5, 2.7167e-5],"warm_count_s":[1.125e-6, 1.25e-6, 1.042e-6, 1.167e-6, 9.58e-7],"input_bytes_est":863896,"final_bytes_est":7918495,"input_nodes":10024,"final_nodes":73266,"input_storage":{"layout":"slab","record_bytes":160384,"table_bytes":79416,"interner_bytes":283808,"metadata_bytes":80336,"cache_bytes":258944,"records":10024,"tables":1796,"logical_words":9927,"total_bytes_est":862888},"final_storage":{"layout":"slab","record_bytes":1283072,"table_bytes":1270656,"interner_bytes":2270464,"metadata_bytes":641680,"cache_bytes":2437363,"records":73266,"tables":22587,"logical_words":133861,"total_bytes_est":7903235},"checksum":60726120,"verified":true}
ok

test result: ok. 1 passed; 0 failed; 0 ignored; 0 measured; 1378 filtered out; finished in 32.53s


       32.53 real        31.96 user         0.56 sys
            52330496  maximum resident set size
                   0  average shared memory size
                   0  average unshared data size
                   0  average unshared stack size
                3408  page reclaims
                   0  page faults
                   0  swaps
                   0  block input operations
                   0  block output operations
                   0  messages sent
                   0  messages received
                   0  signals received
                   0  voluntary context switches
                1043  involuntary context switches
        351302070747  instructions retired
        109899064396  cycles elapsed
            49021336  peak memory footprint
