
running 1 test
test event_repr_lab::experiment ... EVENT_LAB {"kind":"legal_relation_free_join","candidate":"essential512","domain":"fibred","product_mode":"views","support_gates":"certified","bits":13,"width":4,"environments":2,"worlds":8192,"admissible_worlds":3197,"rows":128,"groups":16,"outputs":80,"memo":false,"build_s":[0.001471375, 0.001395833, 0.001347417, 0.00133425, 0.001341667],"support_s":[0.000126291, 7.6917e-5, 7.6875e-5, 7.4417e-5, 7.3459e-5],"import_s":[0.000354417, 0.000328542, 0.000324208, 0.000320125, 0.000322875],"admission_s":[0.000990208, 0.000990333, 0.000946292, 0.000939583, 0.000944875],"join_only_s":[2.575e-5, 5.292e-6, 5e-6, 4.958e-6, 5e-6],"fresh_s":[0.006078875, 0.006211458, 0.006158416, 0.005984542, 0.006057583],"warm_s":[0.001946209, 0.001834417, 0.001831417, 0.001852917, 0.001828292],"fresh_compute_s":[0.006078291, 0.006211166, 0.006158125, 0.005984334, 0.006056792],"fresh_count_s":[3.75e-7, 1.66e-7, 2.09e-7, 1.67e-7, 1.67e-7],"warm_compute_s":[0.001945875, 0.001834125, 0.001831167, 0.001852667, 0.001827875],"warm_count_s":[2.08e-7, 2.08e-7, 1.67e-7, 1.67e-7, 1.25e-7],"input_bytes_est":235828,"final_bytes_est":1088715,"input_nodes":2194,"final_nodes":7971,"input_storage":{"layout":"slab","record_bytes":35104,"table_bytes":44240,"interner_bytes":69704,"metadata_bytes":17656,"cache_bytes":68544,"records":2194,"tables":1021,"logical_words":5530,"total_bytes_est":235248},"final_storage":{"layout":"slab","record_bytes":140416,"table_bytes":353920,"interner_bytes":278816,"metadata_bytes":70312,"cache_bytes":243915,"records":7971,"tables":5201,"logical_words":26000,"total_bytes_est":1087379},"checksum":5522780,"verified":true}
EVENT_LAB {"kind":"legal_relation_free_join","candidate":"essential512","domain":"fibred","product_mode":"views","support_gates":"certified","bits":13,"width":4,"environments":2,"worlds":8192,"admissible_worlds":3197,"rows":128,"groups":16,"outputs":80,"memo":true,"build_s":[0.001471375, 0.001395833, 0.001347417, 0.00133425, 0.001341667],"support_s":[0.000126291, 7.6917e-5, 7.6875e-5, 7.4417e-5, 7.3459e-5],"import_s":[0.000354417, 0.000328542, 0.000324208, 0.000320125, 0.000322875],"admission_s":[0.000990208, 0.000990333, 0.000946292, 0.000939583, 0.000944875],"join_only_s":[2.575e-5, 5.292e-6, 5e-6, 4.958e-6, 5e-6],"fresh_s":[0.005357, 0.005041167, 0.005070334, 0.005084625, 0.005052541],"warm_s":[1.3333e-5, 1.2625e-5, 1.3333e-5, 1.25e-5, 1.2667e-5],"fresh_compute_s":[0.005356292, 0.005040833, 0.005070084, 0.005084375, 0.005052166],"fresh_count_s":[2.5e-7, 2.92e-7, 2.5e-7, 2.08e-7, 2.08e-7],"warm_compute_s":[1.3e-5, 1.2375e-5, 1.2916e-5, 1.225e-5, 1.2084e-5],"warm_count_s":[2.5e-7, 1.67e-7, 3.75e-7, 2.08e-7, 3.75e-7],"input_bytes_est":235828,"final_bytes_est":1102211,"input_nodes":2194,"final_nodes":7971,"input_storage":{"layout":"slab","record_bytes":35104,"table_bytes":44240,"interner_bytes":69704,"metadata_bytes":17656,"cache_bytes":68544,"records":2194,"tables":1021,"logical_words":5530,"total_bytes_est":235248},"final_storage":{"layout":"slab","record_bytes":140416,"table_bytes":353920,"interner_bytes":278816,"metadata_bytes":70312,"cache_bytes":243915,"records":7971,"tables":5201,"logical_words":26000,"total_bytes_est":1087379},"checksum":5522780,"verified":true}
EVENT_LAB {"kind":"legal_relation_free_join","candidate":"essential512","domain":"fibred","product_mode":"views","support_gates":"certified","bits":19,"width":6,"environments":2,"worlds":524288,"admissible_worlds":301069,"rows":128,"groups":16,"outputs":80,"memo":false,"build_s":[0.007358, 0.007254292, 0.00721825, 0.007146375, 0.007164708],"support_s":[0.000416292, 0.000354542, 0.000364917, 0.000354667, 0.000373958],"import_s":[0.001883708, 0.001847083, 0.001784166, 0.0017515, 0.001774833],"admission_s":[0.0050575, 0.005052583, 0.005068958, 0.005040125, 0.005015583],"join_only_s":[1.6291e-5, 5.292e-6, 5e-6, 4.959e-6, 4.959e-6],"fresh_s":[0.069709375, 0.069680542, 0.070243, 0.073353583, 0.077914417],"warm_s":[0.01736175, 0.018432709, 0.016656875, 0.017091, 0.017060584],"fresh_compute_s":[0.069708542, 0.069679459, 0.07024225, 0.073352958, 0.077912792],"fresh_count_s":[6.67e-7, 8.75e-7, 6.66e-7, 5.42e-7, 9.59e-7],"warm_compute_s":[0.017359958, 0.018431459, 0.016655709, 0.01708975, 0.017059167],"warm_count_s":[1.166e-6, 1e-6, 1e-6, 9.58e-7, 8.33e-7],"input_bytes_est":1527240,"final_bytes_est":12039035,"input_nodes":15013,"final_nodes":109616,"input_storage":{"layout":"slab","record_bytes":240208,"table_bytes":115592,"interner_bytes":547476,"metadata_bytes":120256,"cache_bytes":502656,"records":15013,"tables":2572,"logical_words":14449,"total_bytes_est":1526188},"final_storage":{"layout":"slab","record_bytes":1921664,"table_bytes":1849472,"interner_bytes":2430112,"metadata_bytes":960984,"cache_bytes":4874491,"records":109616,"tables":35743,"logical_words":200587,"total_bytes_est":12036723},"checksum":243821880,"verified":true}
EVENT_LAB {"kind":"legal_relation_free_join","candidate":"essential512","domain":"fibred","product_mode":"views","support_gates":"certified","bits":19,"width":6,"environments":2,"worlds":524288,"admissible_worlds":301069,"rows":128,"groups":16,"outputs":80,"memo":true,"build_s":[0.007358, 0.007254292, 0.00721825, 0.007146375, 0.007164708],"support_s":[0.000416292, 0.000354542, 0.000364917, 0.000354667, 0.000373958],"import_s":[0.001883708, 0.001847083, 0.001784166, 0.0017515, 0.001774833],"admission_s":[0.0050575, 0.005052583, 0.005068958, 0.005040125, 0.005015583],"join_only_s":[1.6291e-5, 5.292e-6, 5e-6, 4.959e-6, 4.959e-6],"fresh_s":[0.061383875, 0.060417333, 0.064257791, 0.061741083, 0.06045475],"warm_s":[2.6334e-5, 2.8792e-5, 2.7e-5, 2.6916e-5, 2.8e-5],"fresh_compute_s":[0.061382625, 0.060416667, 0.064257, 0.061740291, 0.060453708],"fresh_count_s":[7.08e-7, 5.83e-7, 7.5e-7, 5.83e-7, 5.84e-7],"warm_compute_s":[2.4834e-5, 2.75e-5, 2.5792e-5, 2.5833e-5, 2.5959e-5],"warm_count_s":[1.041e-6, 1.042e-6, 1.042e-6, 9.58e-7, 1.042e-6],"input_bytes_est":1527240,"final_bytes_est":12052755,"input_nodes":15013,"final_nodes":109616,"input_storage":{"layout":"slab","record_bytes":240208,"table_bytes":115592,"interner_bytes":547476,"metadata_bytes":120256,"cache_bytes":502656,"records":15013,"tables":2572,"logical_words":14449,"total_bytes_est":1526188},"final_storage":{"layout":"slab","record_bytes":1921664,"table_bytes":1849472,"interner_bytes":2430112,"metadata_bytes":960984,"cache_bytes":4874491,"records":109616,"tables":35743,"logical_words":200587,"total_bytes_est":12036723},"checksum":243821880,"verified":true}
ok

test result: ok. 1 passed; 0 failed; 0 ignored; 0 measured; 1378 filtered out; finished in 62.49s


       62.49 real        61.54 user         0.93 sys
            74612736  maximum resident set size
                   0  average shared memory size
                   0  average unshared data size
                   0  average unshared stack size
                5181  page reclaims
                   0  page faults
                   0  swaps
                   0  block input operations
                   0  block output operations
                   0  messages sent
                   0  messages received
                   0  signals received
                   0  voluntary context switches
                3149  involuntary context switches
        734372009704  instructions retired
        211170138176  cycles elapsed
            61784472  peak memory footprint
