
running 1 test
test event_repr_lab::experiment ... EVENT_LAB {"kind":"legal_relation_free_join","candidate":"packed512","domain":"below","product_mode":"materialized","support_gates":"materialized","bits":12,"width":4,"environments":1,"worlds":4096,"admissible_worlds":2197,"rows":128,"groups":16,"outputs":80,"memo":false,"build_s":[0.001535875, 0.001414792, 0.001407709, 0.001396291, 0.001178708],"support_s":[4.6583e-5, 2.0875e-5, 2.8292e-5, 2.175e-5, 2.1833e-5],"import_s":[0.001308291, 0.00126025, 0.001252625, 0.001251292, 0.001055958],"admission_s":[0.000179209, 0.000133375, 0.000126459, 0.000122958, 9.8208e-5],"join_only_s":[3.1083e-5, 5.666e-6, 5.375e-6, 5.333e-6, 5.334e-6],"fresh_s":[0.001215084, 0.001161167, 0.00114075, 0.001121583, 0.001160708],"warm_s":[0.001027958, 0.001028, 0.001024708, 0.001010417, 0.001010875],"fresh_compute_s":[0.001187584, 0.001137833, 0.001118, 0.001098833, 0.001136917],"fresh_count_s":[2.7333e-5, 2.325e-5, 2.2667e-5, 2.2708e-5, 2.3375e-5],"warm_compute_s":[0.001004167, 0.0010035, 0.001001083, 0.000986959, 0.000986875],"warm_count_s":[2.3458e-5, 2.4417e-5, 2.3542e-5, 2.3291e-5, 2.3334e-5],"input_bytes_est":94540,"final_bytes_est":330640,"input_nodes":642,"final_nodes":2427,"input_storage":null,"final_storage":null,"checksum":3773900,"verified":true}
EVENT_LAB {"kind":"legal_relation_free_join","candidate":"packed512","domain":"below","product_mode":"materialized","support_gates":"materialized","bits":12,"width":4,"environments":1,"worlds":4096,"admissible_worlds":2197,"rows":128,"groups":16,"outputs":80,"memo":true,"build_s":[0.001535875, 0.001414792, 0.001407709, 0.001396291, 0.001178708],"support_s":[4.6583e-5, 2.0875e-5, 2.8292e-5, 2.175e-5, 2.1833e-5],"import_s":[0.001308291, 0.00126025, 0.001252625, 0.001251292, 0.001055958],"admission_s":[0.000179209, 0.000133375, 0.000126459, 0.000122958, 9.8208e-5],"join_only_s":[3.1083e-5, 5.666e-6, 5.375e-6, 5.333e-6, 5.334e-6],"fresh_s":[0.000497083, 0.000481458, 0.00047425, 0.000472208, 0.00047175],"warm_s":[4.0916e-5, 3.8083e-5, 3.7917e-5, 3.8417e-5, 3.8916e-5],"fresh_compute_s":[0.0004725, 0.000457667, 0.000450542, 0.0004485, 0.000447416],"fresh_count_s":[2.425e-5, 2.375e-5, 2.3625e-5, 2.3542e-5, 2.3834e-5],"warm_compute_s":[1.7541e-5, 1.4458e-5, 1.4542e-5, 1.5e-5, 1.4708e-5],"warm_count_s":[2.3167e-5, 2.3583e-5, 2.3291e-5, 2.3333e-5, 2.3083e-5],"input_bytes_est":94540,"final_bytes_est":343632,"input_nodes":642,"final_nodes":2427,"input_storage":null,"final_storage":null,"checksum":3773900,"verified":true}
EVENT_LAB {"kind":"legal_relation_free_join","candidate":"packed512","domain":"below","product_mode":"materialized","support_gates":"materialized","bits":18,"width":6,"environments":1,"worlds":262144,"admissible_worlds":226981,"rows":128,"groups":16,"outputs":80,"memo":false,"build_s":[0.045426917, 0.065787542, 0.040533042, 0.037949875, 0.034839584],"support_s":[2.7667e-5, 3.225e-5, 2.1792e-5, 2.1375e-5, 2.1375e-5],"import_s":[0.04518975, 0.065558917, 0.040317709, 0.037744167, 0.034625375],"admission_s":[0.00020725, 0.000196041, 0.000193083, 0.000184125, 0.000190584],"join_only_s":[2.1292e-5, 6.208e-6, 5.958e-6, 5.875e-6, 5.833e-6],"fresh_s":[0.003820208, 0.003701875, 0.003656459, 0.003426166, 0.00509625],"warm_s":[0.002405375, 0.002409375, 0.002300041, 0.002302708, 0.002547583],"fresh_compute_s":[0.0036155, 0.003505458, 0.003459292, 0.003238791, 0.004908667],"fresh_count_s":[0.000204084, 0.000196042, 0.000196833, 0.000187375, 0.000186833],"warm_compute_s":[0.002213833, 0.002218709, 0.002119625, 0.002122625, 0.00236475],"warm_count_s":[0.00019075, 0.0001905, 0.00018025, 0.000179791, 0.000182083],"input_bytes_est":344572,"final_bytes_est":2465152,"input_nodes":3011,"final_nodes":17618,"input_storage":null,"final_storage":null,"checksum":181462800,"verified":true}
EVENT_LAB {"kind":"legal_relation_free_join","candidate":"packed512","domain":"below","product_mode":"materialized","support_gates":"materialized","bits":18,"width":6,"environments":1,"worlds":262144,"admissible_worlds":226981,"rows":128,"groups":16,"outputs":80,"memo":true,"build_s":[0.045426917, 0.065787542, 0.040533042, 0.037949875, 0.034839584],"support_s":[2.7667e-5, 3.225e-5, 2.1792e-5, 2.1375e-5, 2.1375e-5],"import_s":[0.04518975, 0.065558917, 0.040317709, 0.037744167, 0.034625375],"admission_s":[0.00020725, 0.000196041, 0.000193083, 0.000184125, 0.000190584],"join_only_s":[2.1292e-5, 6.208e-6, 5.958e-6, 5.875e-6, 5.833e-6],"fresh_s":[0.002248375, 0.002247166, 0.002248542, 0.002214084, 0.002515333],"warm_s":[0.000213416, 0.000208625, 0.000209875, 0.000224667, 0.000210292],"fresh_compute_s":[0.00207525, 0.002067458, 0.002071792, 0.002036542, 0.002334833],"fresh_count_s":[0.0001725, 0.000179625, 0.000176542, 0.000177458, 0.000179542],"warm_compute_s":[2.6833e-5, 2.7375e-5, 2.75e-5, 3e-5, 2.8542e-5],"warm_count_s":[0.000185458, 0.000181, 0.000182083, 0.000194292, 0.000179667],"input_bytes_est":344572,"final_bytes_est":2478144,"input_nodes":3011,"final_nodes":17618,"input_storage":null,"final_storage":null,"checksum":181462800,"verified":true}
ok

test result: ok. 1 passed; 0 failed; 0 ignored; 0 measured; 1378 filtered out; finished in 12.17s


       12.17 real        11.21 user         0.04 sys
            24936448  maximum resident set size
                   0  average shared memory size
                   0  average unshared data size
                   0  average unshared stack size
                1738  page reclaims
                   0  page faults
                   0  swaps
                   0  block input operations
                   0  block output operations
                   0  messages sent
                   0  messages received
                   0  signals received
                   0  voluntary context switches
                2684  involuntary context switches
        156327246106  instructions retired
         35817351705  cycles elapsed
            22102424  peak memory footprint
