
running 1 test
test event_repr_lab::experiment ... EVENT_LAB {"kind":"readout_free_join","candidate":"prefix512","domain":"fibred","readout_family":"non-suffix","readout_faces":"x","hidden":8,"width":4,"bits":13,"worlds":8192,"admissible_worlds":3197,"environments":2,"rows":128,"groups":16,"outputs":64,"memo":false,"changed_possible_groups":16,"changed_guaranteed_groups":16,"nonconstant_readouts":48,"build_s":[0.001428792],"support_s":[0.000247209],"import_s":[0.001125208],"admission_s":[5.5875e-5],"join_only_s":[2.6083e-5],"fresh_s":[0.000398667],"fresh_group_s":[0.000172625],"fresh_readout_s":[0.000209],"fresh_compute_s":[0.000382917],"fresh_count_s":[1.5667e-5],"warm_s":[4.7042e-5],"warm_group_s":[1.9375e-5],"warm_readout_s":[1.5167e-5],"warm_compute_s":[3.4792e-5],"warm_count_s":[1.2125e-5],"input_nodes":1574,"final_nodes":1959,"input_bytes_est":182956,"final_bytes_est":332428,"input_storage":{"layout":"slab","record_bytes":25184,"table_bytes":58304,"interner_bytes":36760,"metadata_bytes":12980,"cache_bytes":49728,"records":1574,"tables":1560,"logical_words":7288,"total_bytes_est":182956},"final_storage":{"layout":"slab","record_bytes":50368,"table_bytes":116608,"interner_bytes":73520,"metadata_bytes":25572,"cache_bytes":66360,"records":1959,"tables":1945,"logical_words":9656,"total_bytes_est":332428},"outer_memo_bytes":0,"colt_bytes":14992,"checksum":607690,"verified":true}
EVENT_LAB {"kind":"readout_free_join","candidate":"prefix512","domain":"fibred","readout_family":"non-suffix","readout_faces":"x","hidden":8,"width":4,"bits":13,"worlds":8192,"admissible_worlds":3197,"environments":2,"rows":128,"groups":16,"outputs":64,"memo":true,"changed_possible_groups":16,"changed_guaranteed_groups":16,"nonconstant_readouts":48,"build_s":[0.001428792],"support_s":[0.000247209],"import_s":[0.001125208],"admission_s":[5.5875e-5],"join_only_s":[2.6083e-5],"fresh_s":[0.000371208],"fresh_group_s":[0.0001555],"fresh_readout_s":[0.000203834],"fresh_compute_s":[0.000359583],"fresh_count_s":[1.1541e-5],"warm_s":[3.75e-5],"warm_group_s":[1.0958e-5],"warm_readout_s":[1.4792e-5],"warm_compute_s":[2.5916e-5],"warm_count_s":[1.15e-5],"input_nodes":1574,"final_nodes":1959,"input_bytes_est":182956,"final_bytes_est":341388,"input_storage":{"layout":"slab","record_bytes":25184,"table_bytes":58304,"interner_bytes":36760,"metadata_bytes":12980,"cache_bytes":49728,"records":1574,"tables":1560,"logical_words":7288,"total_bytes_est":182956},"final_storage":{"layout":"slab","record_bytes":50368,"table_bytes":116608,"interner_bytes":73520,"metadata_bytes":25572,"cache_bytes":66360,"records":1959,"tables":1945,"logical_words":9656,"total_bytes_est":332428},"outer_memo_bytes":8960,"colt_bytes":14992,"checksum":607690,"verified":true}
EVENT_LAB {"kind":"readout_free_join","candidate":"prefix512","domain":"fibred","readout_family":"non-suffix","readout_faces":"x","hidden":32,"width":6,"bits":19,"worlds":524288,"admissible_worlds":301069,"environments":2,"rows":128,"groups":16,"outputs":64,"memo":false,"changed_possible_groups":16,"changed_guaranteed_groups":16,"nonconstant_readouts":48,"build_s":[0.025150583],"support_s":[0.000804667],"import_s":[0.024048],"admission_s":[0.0002975],"join_only_s":[1.5916e-5],"fresh_s":[0.002789542],"fresh_group_s":[0.0011005],"fresh_readout_s":[0.001561375],"fresh_compute_s":[0.002662],"fresh_count_s":[0.000127458],"warm_s":[0.0002215],"warm_group_s":[3.6708e-5],"warm_readout_s":[3.8583e-5],"warm_compute_s":[7.6083e-5],"warm_count_s":[0.000145292],"input_nodes":37869,"final_nodes":41745,"input_bytes_est":4107264,"final_bytes_est":6127788,"input_storage":{"layout":"slab","record_bytes":605904,"table_bytes":958792,"interner_bytes":1126324,"metadata_bytes":303412,"cache_bytes":1112832,"records":37869,"tables":18963,"logical_words":119849,"total_bytes_est":4107264},"final_storage":{"layout":"slab","record_bytes":1211808,"table_bytes":1917584,"interner_bytes":1277800,"metadata_bytes":606364,"cache_bytes":1114232,"records":41745,"tables":20510,"logical_words":130141,"total_bytes_est":6127788},"outer_memo_bytes":0,"colt_bytes":14992,"checksum":12912164,"verified":true}
EVENT_LAB {"kind":"readout_free_join","candidate":"prefix512","domain":"fibred","readout_family":"non-suffix","readout_faces":"x","hidden":32,"width":6,"bits":19,"worlds":524288,"admissible_worlds":301069,"environments":2,"rows":128,"groups":16,"outputs":64,"memo":true,"changed_possible_groups":16,"changed_guaranteed_groups":16,"nonconstant_readouts":48,"build_s":[0.025150583],"support_s":[0.000804667],"import_s":[0.024048],"admission_s":[0.0002975],"join_only_s":[1.5916e-5],"fresh_s":[0.002764125],"fresh_group_s":[0.001041792],"fresh_readout_s":[0.001592542],"fresh_compute_s":[0.002634791],"fresh_count_s":[0.000129334],"warm_s":[0.000199125],"warm_group_s":[2.0834e-5],"warm_readout_s":[4.4667e-5],"warm_compute_s":[6.5959e-5],"warm_count_s":[0.000133125],"input_nodes":37869,"final_nodes":41745,"input_bytes_est":4107264,"final_bytes_est":6136748,"input_storage":{"layout":"slab","record_bytes":605904,"table_bytes":958792,"interner_bytes":1126324,"metadata_bytes":303412,"cache_bytes":1112832,"records":37869,"tables":18963,"logical_words":119849,"total_bytes_est":4107264},"final_storage":{"layout":"slab","record_bytes":1211808,"table_bytes":1917584,"interner_bytes":1277800,"metadata_bytes":606364,"cache_bytes":1114232,"records":41745,"tables":20510,"logical_words":130141,"total_bytes_est":6127788},"outer_memo_bytes":8960,"colt_bytes":14992,"checksum":12912164,"verified":true}
ok

test result: ok. 1 passed; 0 failed; 0 ignored; 0 measured; 1378 filtered out; finished in 15.35s


       15.35 real        15.25 user         0.09 sys
           344276992  maximum resident set size
                   0  average shared memory size
                   0  average unshared data size
                   0  average unshared stack size
               27671  page reclaims
                   0  page faults
                   0  swaps
                   0  block input operations
                   0  block output operations
                   0  messages sent
                   0  messages received
                   0  signals received
                   0  voluntary context switches
                 415  involuntary context switches
        169883002037  instructions retired
         51690125785  cycles elapsed
           341410488  peak memory footprint
