▶ parseQueryIr
  ✔ brands a shape-legal QueryIr (1.159292ms)
  ✔ owns complete descriptions without freezing or retaining caller arrays (0.568ms)
  ✔ rejects malformed nodes and ordinal overflow at every boundary (1.236917ms)
  ✔ rejects getters, sparse arrays and malformed binding tuples without invoking accessors (0.293458ms)
  ✔ bounds recursive input before stack exhaustion and checks aggregate operators (0.931166ms)
  ✔ logical byte literals are detached and scalars use canonical field values (0.20975ms)
  ✔ rejects empty main with populated interiors (0.101625ms)
  ✔ rejects rec with an empty base (0.138125ms)
  ✔ a compute find term requires the shared expr grammar arm (0.128625ms)
  ✔ rejects Count-with-over (0.126917ms)
  ✔ preparation rejects an unbranded QueryIr object literal (0.050541ms)
  ▶ raw Event query programs
    ✔ owns all structural constructors and test operators (1.061875ms)
    ✔ refuses malformed, cyclic and oversized programs before native execution (0.641375ms)
    ✔ owns bounded BEDC payloads while native import remains the semantic gate (1.335834ms)
    ✔ parses owned relation programs under the shared Event tree budget (1.569417ms)
  ✔ raw Event query programs (4.736166ms)
✔ parseQueryIr (10.552375ms)
✔ the wire-tag rosters equal the tags.json golden, key for key (0.857083ms)
ℹ tests 16
ℹ suites 2
ℹ pass 16
ℹ fail 0
ℹ cancelled 0
ℹ skipped 0
ℹ todo 0
ℹ duration_ms 201.718917
