✔ alternatives are the ordinary law expansion in roster order, independent of arm object order (7.464041ms)
✔ alternatives check dynamic arm coverage and scalar identity shapes (3.64725ms)
✔ alternatives preserve composite keys and payload types (0.231917ms)
✔ native expansion refusals cite both actual directions at their current statement positions (339.157334ms)
✔ ordinary native admission enforces payloads and accepts an atomic arm switch (172.056375ms)
✔ finite, infinite, NaN and negative-zero floats all cross as canonical $f64 bit images (1.497417ms)
✔ decoders reject malformed widths, noncanonical images, unknown tags and wrong-schema values (2.22175ms)
✔ typed and dynamic boundary input share one accepted domain — the encoder refuses what the decoder refuses (0.116667ms)
✔ student rows carry budget as exact decimal; a float budget image refuses (0.105166ms)
▶ the comparison pairing walls
  ✔ no variable side is constant-valued: the constructor refuses param-only and param-literal sides (3.264708ms)
  ✔ the order pair: cross-domain variable pairs are compile-refused (each side alone is orderable) (0.629292ms)
  ✔ the order pair: literals type against their sibling — bool-vs-bigint and u64-vs-boolean are compile-refused (0.38175ms)
  ✔ the fold input: min/max over a bool var is refused (both tiers) (0.325792ms)
  ✔ the pointIn pair: the point lives in the interval's element domain (0.197ms)
  ✔ the allen pair: two intervals of one element domain (Q1 — widths meet freely, u64-vs-i64 stays illegal) (0.190167ms)
  ✔ the legal pairs stay legal: same-domain vars, sibling-typed opens, one-element allen (0.381791ms)
✔ the comparison pairing walls (6.014166ms)
✔ key values infer exactly their declared projection (0.777667ms)
✔ a key owns its projection without freezing or retaining the caller's array (0.453667ms)
✔ every declared key reads the same snapshot with its own projection and native statement id (438.091709ms)
✔ inspection separates virtual mapping, file pages and disk blocks (415.763875ms)
✔ native row codecs own their values and remain reusable after cancelled delivery (6.595084ms)
✔ create/apply/snapshot/get/execute — the whole chapter 34 core flow, one scope (144.848041ms)
✔ open never creates; create refuses existing authority (77.322334ms)
✔ scoped preparation reuses parameters and closes independently of snapshots and results (110.363ms)
✔ apply is the three-coordinate judgment: accepted, no-change, invariant-rejected, moved (64.305791ms)
✔ a snapshot is coherent: a later apply cannot move an open snapshot's facts (53.221708ms)
✔ methods are lazy: construction dispatches nothing, and a scope-escaped handle fails typed (64.216834ms)
✔ a foreign object where a ChangeSet is expected refuses BEFORE any native dispatch (57.024833ms)
✔ a foreign-schema query template refuses typed at execute (69.045459ms)
✔ interruption surfaces in Cause, never as a manufactured outcome arm (93.139708ms)
✔ closed Event authoring compares complete owned carriers without native work (1.395708ms)
✔ closed Events retain schema identity, coverage and query results across runtime release (471.150375ms)
✔ descriptor construction is lazy and pure transport remains addon-free (1.683542ms)
✔ all seven structural kinds admit, describe, inspect and roundtrip through owned BEDC (408.367542ms)
✔ derived projections and complete composition plans feed real stored Event queries (141.176666ms)
✔ composition inspection keeps three distinct roles in ST, TU, SU order (4.664375ms)
✔ nonrectangular shared environments, reversal and measured endpoints survive inspection (6.152291ms)
✔ admission refuses fake certificates, implicit full markers and malformed structural data (7.746375ms)
✔ native descriptor submission copies owned bytes before workers and refuses shared backing (1.997375ms)
✔ cancelled descriptor delivery drops all queued inspection data and permits reuse (1.790709ms)
✔ kernel/revision envelopes own bytes, retain roles, and construct Effects without an addon (5.338ms)
✔ posterior replacement, likelihood and conditioning have distinct exact meanings (361.319666ms)
✔ impossible revisions retain zero-mass and empty indexed cells without hiding input errors (10.259375ms)
✔ BESC replay refuses forged receipt numbers, posterior laws and incomplete impossible outcomes (5.348792ms)
✔ channels normalize on zero-prior fibres and copy readouts without fresh randomness (11.799ms)
✔ Coup channels obey visibility FDs and translate stored Events through posterior queries after reopen (187.49125ms)
✔ cancelled revision inspection reclaims owned outputs and leaves the runtime reusable (5.114833ms)
✔ contextual full projections remain pure syntax with exact keys and no invented classes (1.796375ms)
✔ full coverage partitions measured worlds, including zero-mass branches, through commit and reopen (470.9625ms)
✔ full singleton lookup supplies no fabricated cell and remains distinct from a field named true (140.003ms)
✔ closed scalar rosters admit explicit full keys and native ground coverage (6.042125ms)
✔ pure Event query authoring retains types, stages, shape bounds and owned imports (9.550375ms)
✔ native Event heads preserve shared worlds through tests, descriptions, imported stages and Pack (418.967417ms)
✔ captured maps and typed relation programs execute through the public builders (193.308875ms)
✔ Event errors retain complete logical fault sets across stages, prepared queries and runtime release (90.106458ms)
✔ Event schema selections own transport bytes without loading native code (2.029375ms)
✔ Event selections enforce exact matches across incremental writes, owner release and reopen (478.191209ms)
✔ exact scalar/function transport and lazy source programs do not load the addon (2.517541ms)
✔ exact native arithmetic preserves decimal/binary intent, canonical values and failure modes (143.493667ms)
✔ finite functions merge equal cells, add signed overlaps and sum copied readouts exactly once (10.401084ms)
✔ law designation is exact and retains symbolic and zero-mass possibilities (5.69825ms)
✔ Coup source algebra preserves shared worlds, exact posteriors and signed utility through storage (178.315084ms)
✔ finite function admission checks all contexts and shapes before zero shortcuts (4.679584ms)
✔ late cancelled source observations are reclaimed without delivering a partial result (1.682625ms)
✔ Event envelopes own immutable data and pure codecs never load native work (3.441125ms)
✔ Event executor checks all truth functions, shared contexts and symbolic supports (124.811958ms)
✔ typed Event rows reopen, join, pack and bind owned parameters (152.042375ms)
✔ raw Event bridge refuses unknown operations and shared or forged byte backing (1.489375ms)
✔ Event dependencies enforce disjointness and joint coverage through ordinary keys and mirrors (136.1615ms)
✔ interrupting completed Event delivery drains the output and leaves the runtime usable (5.18625ms)
✔ public field codecs agree with rows for every field kind and preserve generic inference (2.134041ms)
✔ strict field decoding rejects malformed representations and host schemas reject invalid values (3.215375ms)
✔ field descriptors are owned; accessors never execute while decoding values (0.213833ms)
✔ segment kinds survive description imports and fixed-width refinement is dropped (3.888333ms)
✔ pack widens fixed intervals before imported difference and measurement stages (89.127542ms)
✔ native marginal bands derive slices, preserve equal contributions, and round once (85.594041ms)
✔ difference emits products, dense measures and fixed intervals use native meanings (105.408ms)
✔ the large-schema fixture constructs and both tiers agree at scale (1.147542ms)
▶ the three class laws
  ✔ generators name their classes; a 3-hop chain lands the whole chain in the generator's class; bare stays bare (2.278625ms)
  ✔ a generator-less class is named by its least member in relation-declaration × field-declaration order (0.600083ms)
  ✔ a ψ-selected closed face pairs exactly like the bare face — the selection changes classes not at all (1.013416ms)
  ✔ the selected-mirrors shape (Calendar): the mirrors law types the source column with the target's class (0.290875ms)
✔ the three class laws (4.83125ms)
▶ the generator authority after the fresh deletion — closed ids are the ONLY generators
  ✔ unifying two ordinary id columns is LAWFUL now — no mint, no wall; least member names the class (0.230333ms)
  ✔ mirrors and capacity pairings over ordinary ids are lawful classes too (0.9565ms)
  ✔ a closed relation's id stays a generator — a bare column never pairs it (the roster wall, at construction) (0.354291ms)
  ✔ a transitive chain over ordinary ids is one lawful class, not a wall (0.233708ms)
✔ the generator authority after the fresh deletion — closed ids are the ONLY generators (1.9435ms)
▶ the runtime/type agreement and the wire
  ✔ the runtime class map and the type-level class map are the same map (0.492791ms)
  ✔ the manifest golden: statements in == statements out — nothing synthesized, order preserved, count equal (0.613125ms)
  ✔ the wire: spec newtype = class name for classed slots, omitted for bare (fingerprint-neutral by the engine's drop) (0.392959ms)
  ✔ integer-index names are refused at construction — the declaration-order law's enumeration hazard (0.088125ms)
  ✔ dotted names are refused at construction — the coordinate encoding stays injective at both tiers (0.118834ms)
  ✔ a plain __proto__ declaration entry is refused — the Annex B setter would silently drop the key (0.136208ms)
✔ the runtime/type agreement and the wire (1.993042ms)
✔ interrupt after directory acquire and before db output adoption drains both owners (D18) (68.793625ms)
✔ retained JS tokens cannot prevent native drain; repeated close joins (D18) (64.202542ms)
✔ abort after publication drains without take; retained wrappers cannot pin output (D18) (101.968917ms)
✔ draft interruption spends the draft and joins drain (7.321916ms)
▶ pure schema import
  ✔ constructs metadata with the platform addon unresolvable (301.096416ms)
✔ pure schema import (302.166042ms)
✔ generated descriptions execute, prepare, compose and infer their checked result (112.65075ms)
✔ descriptions preserve joins, negation, aggregates, computations and interiors (3.935166ms)
✔ descriptions preserve recursion and interval/closed-reference domains (75.413458ms)
✔ description checking refuses malformed grammar, wrong result claims, unbound vars and foreign field tags (1.340542ms)
✔ flat projection keeps only row count and owned cells, without obsolete quota accounting (4.503875ms)
✔ flat projection closes the source iterator when a row is invalid (0.330792ms)
✔ snapshot bindings preserve owned Event field types and dependency identity (160.053208ms)
✔ snapshot bindings preserve contextual full projections and explicit closed full keys (121.792167ms)
✔ snapshot bindings preserve every field kind, exact payload values, names and field order (115.612958ms)
✔ independent bindings preserve selected mirror directions, capacities and expanded statement IDs (108.192208ms)
✔ emission refuses unrepresentable conditional roster pairing and invalid declaration names (3.410417ms)
✔ bindings derive transitive total roster membership without losing or adding laws (103.050459ms)
✔ mutually referring closed payloads use the existing field descriptors without declaration cycles (103.261417ms)
✔ snapshot bindings preserve canonical Event selection literals and schema identity (107.917541ms)
✔ snapshot bindings preserve closed Event axioms and their explicit pointwise keys (111.068084ms)
▶ the Ledger example
  ✔ lowers to the SchemaSpec shape, declaration order throughout, newtype slots carrying the law-computed class names (3.653875ms)
  ✔ the composite key and pointwise containment lower positionally (0.345083ms)
  ✔ a closed payload column lowers pure structure — the newtype slots carry its law-computed classes (0.910792ms)
  ✔ lowering is deterministic across independent constructions (1.169417ms)
✔ the Ledger example (6.695417ms)
▶ renderStatement
  ✔ each statement form renders its canonical 70-api spelling (0.606916ms)
  ✔ composite positions render in written tuple order (0.621375ms)
  ✔ every legal capacity spelling renders canonically — unit strings byte-for-byte, the weighted rows beside them (0.879666ms)
  ✔ literal sets and interval literals render in macro notation (0.554583ms)
✔ renderStatement (2.84125ms)
▶ the ban table, one row at a time — literal spellings are UNWRITABLE
  ✔ the capacity mint vocabulary is exactly the roster — no sixth mint exists (0.105292ms)
  ✔ degenerate literal sets refuse — a membership array needs two DISTINCT members, and the refusal locates itself (1.160417ms)
  ✔ a duplicate field in a key() projection refuses at the mint — the engine's FieldSet duplicate, canonical voice (0.440416ms)
  ✔ a plain u64 face never pairs a closed [id] face — closedness rides the descriptor (both tiers) (0.607667ms)
  ✔ an arity-mismatched pairing is a construction error — the SameArity runtime twin (untyped path) (0.283875ms)
✔ the ban table, one row at a time — literal spellings are UNWRITABLE (2.741708ms)
▶ the ban table's construction tier — computed bounds the type cannot judge
  ✔ computed equivalent spellings lower to the canonical law; only negatives refuse (0.145459ms)
  ✔ an inverted window is unsatisfiable — bigint literals carry no type-level order (0.051833ms)
  ✔ unit floors are accepted canonical laws now — the spelling police is deleted (0.16725ms)
  ✔ the C18 dimension gate fires at the capacity() call — a unit window never takes a duration() bound (both tiers) (0.148708ms)
  ✔ a computed path weight or bound is a construction refusal naming the pinned-column idiom (0.229167ms)
  ✔ the weight and dependent-bound walls hold at construction for untyped callers (0.433625ms)
  ✔ generated capacity values use the same validation as constructors (0.315166ms)
✔ the ban table's construction tier — computed bounds the type cannot judge (1.611083ms)
▶ schema() construction boundary
  ✔ a statement over an undeclared relation is rejected with the statement rendered (0.404833ms)
  ✔ same-named relations resolve structurally, including field order (0.23425ms)
  ✔ declared id keys are ordinary statements now — the fresh-implied key is deleted (E-NO-RESERVE) (0.365167ms)
  ✔ duplicate statements are rejected via their canonical rendering (0.35975ms)
  ✔ a record key must equal its relation's declared name (0.399916ms)
  ✔ the paste-back law: a handle selection needs its resolving containment declared (0.877584ms)
  ✔ generated statements are checked semantically without an admission token (1.674416ms)
✔ schema() construction boundary (4.442833ms)
▶ ψ statements over closed relations — closed().where() as a face source
  ✔ a ψ-selected closed face renders canonically and schema() admits both forms (0.304666ms)
  ✔ ψ lowers PASS-THROUGH — the selection rides the SideSpec, never pre-folded into ids (0.233375ms)
  ✔ the closed where() speaks the ordinary selection vocabulary — literal sets and written order (0.307417ms)
  ✔ the empty ψ is the bare closed relation respelled and rejected (canonical utterance) (0.194167ms)
  ✔ the compile walls carry runtime twins through the one selection machine (0.271708ms)
  ✔ a handle named `where` is ordinary roster data — NO name is reserved, both tiers (0.26525ms)
✔ ψ statements over closed relations — closed().where() as a face source (1.674875ms)
✔ facts, selections, host cells, and JSON codecs share the complete native value domain (4.990291ms)
✔ unknown, inherited, absent, symbolic, and nested fields are never silently dropped (1.06525ms)
✔ query parameters use the same interpreter and exact supplied parameter fields (1.962833ms)
✔ authored queries own mutable binding and comparison literals (4.887834ms)
✔ query bindings and result records reject getters and explicit undefined fields (0.420375ms)
✔ host admission matches the real native codec; rejected facts do not enter a database (103.40325ms)
✔ native names and query parameters reject lossy Unicode conversion (54.685625ms)
✔ prototype-sensitive field and result names are ordinary owned data (40.433ms)
ℹ tests 153
ℹ suites 11
ℹ pass 153
ℹ fail 0
ℹ cancelled 0
ℹ skipped 0
ℹ todo 0
ℹ duration_ms 2389.428625
SDK integration passed against isolated @bjornpagen/bumbledb-darwin-arm64; version unchanged at 1.3.1
{"node":"v26.4.0","platform":"@bjornpagen/bumbledb-darwin-arm64","tests":["event","event-query","event-descriptor","event-source","event-dynamics","event-projections","event-selections","event-closed","statements","declared-key","law-typing","law-scale","schema-bindings","pure-import","field-codec","query-description","comparison-pairing","alternatives","rows","boundary-codec","value-conformance","interval-outputs","effect-core","ownership-interrupt"],"addon_sha256":"c9db5e6b8c47f90f9e24a386040cf9ebeaac35407e8685b926c69bd3c2bfeeb6"}
