
running 1 test
test event_repr_lab::experiment ... EVENT_LAB {"kind":"relations_free_join","candidate":"bdd-root","bits":12,"worlds":4096,"rows":128,"groups":16,"memo":false,"build_s":[0.000625375, 0.000563125, 0.000550459, 0.000551583, 0.000551959, 0.000543917, 0.000548],"join_only_s":[2.875e-5, 5.458e-6, 5.25e-6, 5.125e-6, 5.125e-6, 5.084e-6, 5.084e-6],"fresh_s":[0.000607833, 0.000541959, 0.000493416, 0.000633209, 0.000559166, 0.00052525, 0.000504],"warm_s":[0.0003605, 0.000348125, 0.000348166, 0.000498084, 0.000405167, 0.000341875, 0.000332417],"input_bytes_est":22896,"final_bytes_est":176624,"final_nodes":1754,"closure_iterations":46,"checksum":7171072,"verified":true}
EVENT_LAB {"kind":"relations_free_join","candidate":"bdd-root","bits":12,"worlds":4096,"rows":128,"groups":16,"memo":true,"build_s":[0.000625375, 0.000563125, 0.000550459, 0.000551583, 0.000551959, 0.000543917, 0.000548],"join_only_s":[2.875e-5, 5.458e-6, 5.25e-6, 5.125e-6, 5.125e-6, 5.084e-6, 5.084e-6],"fresh_s":[0.000325542, 0.000456333, 0.000328916, 0.000305333, 0.000306125, 0.000300792, 0.000302667],"warm_s":[1.55e-5, 1.5042e-5, 1.4834e-5, 1.4875e-5, 1.4834e-5, 1.4833e-5, 1.475e-5],"input_bytes_est":22896,"final_bytes_est":189616,"final_nodes":1754,"closure_iterations":46,"checksum":7171072,"verified":true}
EVENT_LAB {"kind":"relations_free_join","candidate":"bdd-root","bits":18,"worlds":262144,"rows":128,"groups":16,"memo":false,"build_s":[0.029770458, 0.028522709, 0.028414417, 0.028426459, 0.0281345, 0.02827575, 0.028318625],"join_only_s":[1.9792e-5, 5.125e-6, 4.959e-6, 4.959e-6, 4.959e-6, 4.916e-6, 4.875e-6],"fresh_s":[0.001859375, 0.001900084, 0.001964166, 0.001848292, 0.0018085, 0.001778417, 0.001772125],"warm_s":[0.001337958, 0.001136083, 0.00132075, 0.001173416, 0.001592167, 0.0013885, 0.001133791],"input_bytes_est":74240,"final_bytes_est":1033728,"final_nodes":7434,"closure_iterations":52,"checksum":215255808,"verified":true}
EVENT_LAB {"kind":"relations_free_join","candidate":"bdd-root","bits":18,"worlds":262144,"rows":128,"groups":16,"memo":true,"build_s":[0.029770458, 0.028522709, 0.028414417, 0.028426459, 0.0281345, 0.02827575, 0.028318625],"join_only_s":[1.9792e-5, 5.125e-6, 4.959e-6, 4.959e-6, 4.959e-6, 4.916e-6, 4.875e-6],"fresh_s":[0.001159958, 0.001192958, 0.001248208, 0.001314583, 0.001261041, 0.001281709, 0.001157625],"warm_s":[6.15e-5, 3.9584e-5, 3.9584e-5, 3.9334e-5, 3.9083e-5, 3.9125e-5, 3.9375e-5],"input_bytes_est":74240,"final_bytes_est":1046720,"final_nodes":7434,"closure_iterations":52,"checksum":215255808,"verified":true}
ok

test result: ok. 1 passed; 0 failed; 0 ignored; 0 measured; 1360 filtered out; finished in 1.70s


        1.70 real         1.68 user         0.00 sys
            16318464  maximum resident set size
                   0  average shared memory size
                   0  average unshared data size
                   0  average unshared stack size
                1209  page reclaims
                   0  page faults
                   0  swaps
                   0  block input operations
                   0  block output operations
                   0  messages sent
                   0  messages received
                   0  signals received
                   0  voluntary context switches
                 820  involuntary context switches
         26818218853  instructions retired
          5666957671  cycles elapsed
            13681024  peak memory footprint
