
running 1 test
test event_repr_lab::experiment ... EVENT_LAB {"kind":"relations_free_join","candidate":"runs","bits":12,"worlds":4096,"rows":128,"groups":16,"memo":false,"build_s":[0.00020025, 0.000169959, 0.000169083, 0.000160042, 0.000161834, 0.000160791, 0.000163209],"join_only_s":[2.7625e-5, 5.209e-6, 5.042e-6, 4.958e-6, 4.958e-6, 5e-6, 5e-6],"fresh_s":[0.003802292, 0.003779375, 0.003764084, 0.003815333, 0.00376175, 0.003753666, 0.003927125],"warm_s":[0.003802083, 0.00383075, 0.003739, 0.003913375, 0.003793209, 0.003766792, 0.0037985],"input_bytes_est":54920,"final_bytes_est":417512,"final_nodes":140,"closure_iterations":46,"checksum":7171072,"verified":true}
EVENT_LAB {"kind":"relations_free_join","candidate":"runs","bits":12,"worlds":4096,"rows":128,"groups":16,"memo":true,"build_s":[0.00020025, 0.000169959, 0.000169083, 0.000160042, 0.000161834, 0.000160791, 0.000163209],"join_only_s":[2.7625e-5, 5.209e-6, 5.042e-6, 4.958e-6, 4.958e-6, 5e-6, 5e-6],"fresh_s":[0.001183625, 0.001185166, 0.001248459, 0.00121775, 0.001212834, 0.001209791, 0.001215],"warm_s":[1.6291e-5, 1.1709e-5, 1.1625e-5, 1.15e-5, 1.1542e-5, 1.1583e-5, 1.15e-5],"input_bytes_est":54920,"final_bytes_est":430504,"final_nodes":140,"closure_iterations":46,"checksum":7171072,"verified":true}
EVENT_LAB {"kind":"relations_free_join","candidate":"runs","bits":18,"worlds":262144,"rows":128,"groups":16,"memo":false,"build_s":[0.007360334, 0.007179583, 0.00717825, 0.007037209, 0.007115292, 0.007256125, 0.007081],"join_only_s":[1.9042e-5, 5.375e-6, 5.25e-6, 5.25e-6, 5.208e-6, 5.166e-6, 5.292e-6],"fresh_s":[0.093569917, 0.093381, 0.093574833, 0.093957875, 0.093631292, 0.094442833, 0.095524042],"warm_s":[0.094683125, 0.094894917, 0.100218208, 0.096234334, 0.093192792, 0.094299292, 0.093951417],"input_bytes_est":1123560,"final_bytes_est":8301672,"final_nodes":175,"closure_iterations":52,"checksum":215255808,"verified":true}
EVENT_LAB {"kind":"relations_free_join","candidate":"runs","bits":18,"worlds":262144,"rows":128,"groups":16,"memo":true,"build_s":[0.007360334, 0.007179583, 0.00717825, 0.007037209, 0.007115292, 0.007256125, 0.007081],"join_only_s":[1.9042e-5, 5.375e-6, 5.25e-6, 5.25e-6, 5.208e-6, 5.166e-6, 5.292e-6],"fresh_s":[0.034258584, 0.034300333, 0.034548083, 0.034609333, 0.034042209, 0.034342291, 0.03469075],"warm_s":[9.6208e-5, 7.3083e-5, 7.125e-5, 7.1375e-5, 7.1375e-5, 7.0791e-5, 7.0458e-5],"input_bytes_est":1123560,"final_bytes_est":8314664,"final_nodes":175,"closure_iterations":52,"checksum":215255808,"verified":true}
ok

test result: ok. 1 passed; 0 failed; 0 ignored; 0 measured; 1360 filtered out; finished in 1.83s


        1.83 real         1.81 user         0.01 sys
            40583168  maximum resident set size
                   0  average shared memory size
                   0  average unshared data size
                   0  average unshared stack size
                2690  page reclaims
                   0  page faults
                   0  swaps
                   0  block input operations
                   0  block output operations
                   0  messages sent
                   0  messages received
                   0  signals received
                   0  voluntary context switches
                 706  involuntary context switches
         25229090114  instructions retired
          6033447288  cycles elapsed
            38060440  peak memory footprint
