
running 1 test
test event_repr_lab::experiment ... EVENT_LAB {"kind":"relations_free_join","candidate":"runs","bits":12,"worlds":4096,"rows":128,"groups":16,"memo":false,"build_s":[0.0002005, 0.000171708, 0.000167667, 0.000159875, 0.000162834, 0.000161584, 0.00016075],"join_only_s":[3.2292e-5, 5.292e-6, 5e-6, 5e-6, 5e-6, 5e-6, 4.959e-6],"fresh_s":[0.00391475, 0.004004583, 0.003973083, 0.003843125, 0.003704041, 0.003614958, 0.003700666],"warm_s":[0.0038545, 0.0038105, 0.003764417, 0.003913667, 0.003708542, 0.003701542, 0.003856125],"input_bytes_est":54920,"final_bytes_est":417512,"final_nodes":140,"closure_iterations":46,"checksum":7171072,"verified":true}
EVENT_LAB {"kind":"relations_free_join","candidate":"runs","bits":12,"worlds":4096,"rows":128,"groups":16,"memo":true,"build_s":[0.0002005, 0.000171708, 0.000167667, 0.000159875, 0.000162834, 0.000161584, 0.00016075],"join_only_s":[3.2292e-5, 5.292e-6, 5e-6, 5e-6, 5e-6, 5e-6, 4.959e-6],"fresh_s":[0.00121, 0.001244083, 0.001240625, 0.001268333, 0.001351958, 0.001269625, 0.001188083],"warm_s":[1.2458e-5, 1.1833e-5, 1.1584e-5, 1.1625e-5, 1.1625e-5, 1.1625e-5, 1.1625e-5],"input_bytes_est":54920,"final_bytes_est":430504,"final_nodes":140,"closure_iterations":46,"checksum":7171072,"verified":true}
EVENT_LAB {"kind":"relations_free_join","candidate":"runs","bits":18,"worlds":262144,"rows":128,"groups":16,"memo":false,"build_s":[0.007104209, 0.007036792, 0.007107042, 0.007255042, 0.007018625, 0.007095291, 0.006942291],"join_only_s":[1.7625e-5, 5.333e-6, 4.958e-6, 4.958e-6, 4.958e-6, 4.917e-6, 4.916e-6],"fresh_s":[0.093117459, 0.09248975, 0.094532375, 0.093522834, 0.092195584, 0.093647583, 0.093465],"warm_s":[0.094090167, 0.094119333, 0.093143875, 0.09286225, 0.093639458, 0.092532292, 0.093249667],"input_bytes_est":1123560,"final_bytes_est":8301672,"final_nodes":175,"closure_iterations":52,"checksum":215255808,"verified":true}
EVENT_LAB {"kind":"relations_free_join","candidate":"runs","bits":18,"worlds":262144,"rows":128,"groups":16,"memo":true,"build_s":[0.007104209, 0.007036792, 0.007107042, 0.007255042, 0.007018625, 0.007095291, 0.006942291],"join_only_s":[1.7625e-5, 5.333e-6, 4.958e-6, 4.958e-6, 4.958e-6, 4.917e-6, 4.916e-6],"fresh_s":[0.03353175, 0.033577125, 0.034042917, 0.034043541, 0.033425042, 0.0335065, 0.033901333],"warm_s":[9.6209e-5, 6.8792e-5, 7.125e-5, 6.7542e-5, 6.7291e-5, 6.7333e-5, 6.7416e-5],"input_bytes_est":1123560,"final_bytes_est":8314664,"final_nodes":175,"closure_iterations":52,"checksum":215255808,"verified":true}
ok

test result: ok. 1 passed; 0 failed; 0 ignored; 0 measured; 1360 filtered out; finished in 1.81s


        1.81 real         1.78 user         0.01 sys
            40321024  maximum resident set size
                   0  average shared memory size
                   0  average unshared data size
                   0  average unshared stack size
                2674  page reclaims
                   0  page faults
                   0  swaps
                   0  block input operations
                   0  block output operations
                   0  messages sent
                   0  messages received
                   0  signals received
                   0  voluntary context switches
                 954  involuntary context switches
         25236157987  instructions retired
          6057299174  cycles elapsed
            37798296  peak memory footprint
