
running 1 test
test event_repr_lab::experiment ... EVENT_LAB {"kind":"relations_free_join","candidate":"sparse","bits":12,"worlds":4096,"rows":128,"groups":16,"memo":false,"build_s":[0.000516292, 0.000478291, 0.000457667, 0.000440416, 0.000440625, 0.000440042, 0.000436375],"join_only_s":[3.3208e-5, 5.291e-6, 5e-6, 4.958e-6, 4.958e-6, 5e-6, 4.958e-6],"fresh_s":[0.008642708, 0.009035375, 0.00872225, 0.008655542, 0.008613708, 0.008715209, 0.008712541],"warm_s":[0.008530125, 0.008771583, 0.008849958, 0.008469542, 0.0087115, 0.008501417, 0.008843583],"input_bytes_est":205544,"final_bytes_est":1133048,"final_nodes":140,"closure_iterations":46,"checksum":7171072,"verified":true}
EVENT_LAB {"kind":"relations_free_join","candidate":"sparse","bits":12,"worlds":4096,"rows":128,"groups":16,"memo":true,"build_s":[0.000516292, 0.000478291, 0.000457667, 0.000440416, 0.000440625, 0.000440042, 0.000436375],"join_only_s":[3.3208e-5, 5.291e-6, 5e-6, 4.958e-6, 4.958e-6, 5e-6, 4.958e-6],"fresh_s":[0.002762292, 0.002517625, 0.002714833, 0.002569584, 0.0026365, 0.002438625, 0.002580542],"warm_s":[1.1209e-5, 9.291e-6, 9.208e-6, 9.083e-6, 9.125e-6, 9.167e-6, 9.125e-6],"input_bytes_est":205544,"final_bytes_est":1146040,"final_nodes":140,"closure_iterations":46,"checksum":7171072,"verified":true}
EVENT_LAB {"kind":"relations_free_join","candidate":"sparse","bits":18,"worlds":262144,"rows":128,"groups":16,"memo":false,"build_s":[0.021591125, 0.021337958, 0.020774542, 0.020685542, 0.021062041, 0.021004584, 0.020912],"join_only_s":[1.8708e-5, 5.417e-6, 5.209e-6, 5.125e-6, 5e-6, 5.041e-6, 5.084e-6],"fresh_s":[0.292301416, 0.290907416, 0.292468375, 0.299230084, 0.289185833, 0.296466541, 0.306041125],"warm_s":[0.292615792, 0.29284275, 0.297739125, 0.292369, 0.296996, 0.294978625, 0.297208791],"input_bytes_est":6592968,"final_bytes_est":45568992,"final_nodes":175,"closure_iterations":52,"checksum":215255808,"verified":true}
EVENT_LAB {"kind":"relations_free_join","candidate":"sparse","bits":18,"worlds":262144,"rows":128,"groups":16,"memo":true,"build_s":[0.021591125, 0.021337958, 0.020774542, 0.020685542, 0.021062041, 0.021004584, 0.020912],"join_only_s":[1.8708e-5, 5.417e-6, 5.209e-6, 5.125e-6, 5e-6, 5.041e-6, 5.084e-6],"fresh_s":[0.108708042, 0.1075795, 0.107627917, 0.107710417, 0.108492834, 0.106960958, 0.105498125],"warm_s":[1.6875e-5, 9.542e-6, 9.375e-6, 9.375e-6, 9.375e-6, 9.417e-6, 9.334e-6],"input_bytes_est":6592968,"final_bytes_est":45581984,"final_nodes":175,"closure_iterations":52,"checksum":215255808,"verified":true}
ok

test result: ok. 1 passed; 0 failed; 0 ignored; 0 measured; 1360 filtered out; finished in 5.37s


        5.37 real         5.28 user         0.03 sys
           150421504  maximum resident set size
                   0  average shared memory size
                   0  average unshared data size
                   0  average unshared stack size
                9391  page reclaims
                   2  page faults
                   0  swaps
                   0  block input operations
                   0  block output operations
                   0  messages sent
                   0  messages received
                   0  signals received
                   0  voluntary context switches
                4931  involuntary context switches
         58463290599  instructions retired
         17416027598  cycles elapsed
           147898872  peak memory footprint
