
running 1 test
test event_repr_lab::experiment ... EVENT_LAB {"kind":"relations_free_join","candidate":"block64","bits":12,"worlds":4096,"rows":128,"groups":16,"memo":false,"build_s":[0.00059275, 0.0005615, 0.000550541, 0.000546875, 0.000556125, 0.000550166, 0.000547875],"join_only_s":[3.4916e-5, 5.5e-6, 5.375e-6, 5.209e-6, 5.084e-6, 5.208e-6, 5.083e-6],"fresh_s":[0.000502417, 0.00048375, 0.000462667, 0.000459834, 0.000439708, 0.000444875, 0.000486125],"warm_s":[0.000405083, 0.000378958, 0.000378, 0.000376375, 0.000382584, 0.000379375, 0.000387084],"input_bytes_est":6492,"final_bytes_est":43724,"final_nodes":447,"closure_iterations":46,"checksum":7171072,"verified":true}
EVENT_LAB {"kind":"relations_free_join","candidate":"block64","bits":12,"worlds":4096,"rows":128,"groups":16,"memo":true,"build_s":[0.00059275, 0.0005615, 0.000550541, 0.000546875, 0.000556125, 0.000550166, 0.000547875],"join_only_s":[3.4916e-5, 5.5e-6, 5.375e-6, 5.209e-6, 5.084e-6, 5.208e-6, 5.083e-6],"fresh_s":[0.000211334, 0.0002255, 0.00025725, 0.000246708, 0.000239417, 0.000244083, 0.000255334],"warm_s":[2.275e-5, 1.4917e-5, 1.4666e-5, 1.45e-5, 1.45e-5, 1.4125e-5, 1.4333e-5],"input_bytes_est":6492,"final_bytes_est":56716,"final_nodes":447,"closure_iterations":46,"checksum":7171072,"verified":true}
EVENT_LAB {"kind":"relations_free_join","candidate":"block64","bits":18,"worlds":262144,"rows":128,"groups":16,"memo":false,"build_s":[0.030726959, 0.030571166, 0.030717792, 0.030954209, 0.030583333, 0.030945375, 0.031665125],"join_only_s":[1.9084e-5, 5.375e-6, 5.125e-6, 5.041e-6, 5.042e-6, 5.042e-6, 5.125e-6],"fresh_s":[0.0021605, 0.002072125, 0.002107834, 0.002072375, 0.0020125, 0.0021945, 0.00208025],"warm_s":[0.001878417, 0.001885333, 0.001789292, 0.001785375, 0.001778417, 0.001936333, 0.001839666],"input_bytes_est":25480,"final_bytes_est":207344,"final_nodes":1293,"closure_iterations":52,"checksum":215255808,"verified":true}
EVENT_LAB {"kind":"relations_free_join","candidate":"block64","bits":18,"worlds":262144,"rows":128,"groups":16,"memo":true,"build_s":[0.030726959, 0.030571166, 0.030717792, 0.030954209, 0.030583333, 0.030945375, 0.031665125],"join_only_s":[1.9084e-5, 5.375e-6, 5.125e-6, 5.041e-6, 5.042e-6, 5.042e-6, 5.125e-6],"fresh_s":[0.00107775, 0.001183583, 0.001084084, 0.001123333, 0.00120025, 0.001134459, 0.001125292],"warm_s":[4.2584e-5, 2.6417e-5, 2.6e-5, 2.5708e-5, 2.5792e-5, 2.5958e-5, 2.5542e-5],"input_bytes_est":25480,"final_bytes_est":220336,"final_nodes":1293,"closure_iterations":52,"checksum":215255808,"verified":true}
ok

test result: ok. 1 passed; 0 failed; 0 ignored; 0 measured; 1360 filtered out; finished in 6.12s


        6.12 real         6.06 user         0.03 sys
            10354688  maximum resident set size
                   0  average shared memory size
                   0  average unshared data size
                   0  average unshared stack size
                 845  page reclaims
                   0  page faults
                   0  swaps
                   0  block input operations
                   0  block output operations
                   0  messages sent
                   0  messages received
                   0  signals received
                   0  voluntary context switches
                2480  involuntary context switches
        121576706744  instructions retired
         20116948644  cycles elapsed
             7668072  peak memory footprint
