
running 1 test
test event_repr_lab::experiment ... EVENT_LAB {"kind":"readout_free_join","candidate":"prefix512","domain":"fibred","readout_family":"non-suffix","readout_faces":"x","hidden":8,"width":4,"bits":13,"worlds":8192,"admissible_worlds":3197,"environments":2,"rows":128,"groups":16,"outputs":64,"memo":false,"changed_possible_groups":16,"changed_guaranteed_groups":16,"nonconstant_readouts":48,"build_s":[0.00134275],"support_s":[0.000219042],"import_s":[0.00107325],"admission_s":[4.9917e-5],"join_only_s":[2.7084e-5],"fresh_s":[0.002534375],"fresh_group_s":[0.000170958],"fresh_readout_s":[0.002345375],"fresh_compute_s":[0.002517916],"fresh_count_s":[1.6333e-5],"warm_s":[0.000260291],"warm_group_s":[2.325e-5],"warm_readout_s":[0.000220959],"warm_compute_s":[0.000248083],"warm_count_s":[1.2125e-5],"input_nodes":1504,"final_nodes":5407,"input_bytes_est":188524,"final_bytes_est":684132,"input_storage":{"layout":"slab","record_bytes":24064,"table_bytes":50664,"interner_bytes":36480,"metadata_bytes":12356,"cache_bytes":64960,"records":1504,"tables":1491,"logical_words":6333,"total_bytes_est":188524},"final_storage":{"layout":"slab","record_bytes":96256,"table_bytes":202656,"interner_bytes":145920,"metadata_bytes":48452,"cache_bytes":190848,"records":5407,"tables":3041,"logical_words":15839,"total_bytes_est":684132},"outer_memo_bytes":0,"colt_bytes":14992,"checksum":607690,"verified":true}
EVENT_LAB {"kind":"readout_free_join","candidate":"prefix512","domain":"fibred","readout_family":"non-suffix","readout_faces":"x","hidden":8,"width":4,"bits":13,"worlds":8192,"admissible_worlds":3197,"environments":2,"rows":128,"groups":16,"outputs":64,"memo":true,"changed_possible_groups":16,"changed_guaranteed_groups":16,"nonconstant_readouts":48,"build_s":[0.00134275],"support_s":[0.000219042],"import_s":[0.00107325],"admission_s":[4.9917e-5],"join_only_s":[2.7084e-5],"fresh_s":[0.002577708],"fresh_group_s":[0.000161375],"fresh_readout_s":[0.002400625],"fresh_compute_s":[0.002562375],"fresh_count_s":[1.5209e-5],"warm_s":[0.000236291],"warm_group_s":[1.0667e-5],"warm_readout_s":[0.000213041],"warm_compute_s":[0.000223875],"warm_count_s":[1.1875e-5],"input_nodes":1504,"final_nodes":5407,"input_bytes_est":188524,"final_bytes_est":693092,"input_storage":{"layout":"slab","record_bytes":24064,"table_bytes":50664,"interner_bytes":36480,"metadata_bytes":12356,"cache_bytes":64960,"records":1504,"tables":1491,"logical_words":6333,"total_bytes_est":188524},"final_storage":{"layout":"slab","record_bytes":96256,"table_bytes":202656,"interner_bytes":145920,"metadata_bytes":48452,"cache_bytes":190848,"records":5407,"tables":3041,"logical_words":15839,"total_bytes_est":684132},"outer_memo_bytes":8960,"colt_bytes":14992,"checksum":607690,"verified":true}
EVENT_LAB {"kind":"readout_free_join","candidate":"prefix512","domain":"fibred","readout_family":"non-suffix","readout_faces":"x","hidden":32,"width":6,"bits":19,"worlds":524288,"admissible_worlds":301069,"environments":2,"rows":128,"groups":16,"outputs":64,"memo":false,"changed_possible_groups":16,"changed_guaranteed_groups":16,"nonconstant_readouts":48,"build_s":[0.018945084],"support_s":[0.000542459],"import_s":[0.018139625],"admission_s":[0.000262583],"join_only_s":[1.7334e-5],"fresh_s":[0.01477675],"fresh_group_s":[0.00134825],"fresh_readout_s":[0.0132825],"fresh_compute_s":[0.014631],"fresh_count_s":[0.000145625],"warm_s":[0.000775125],"warm_group_s":[4.2917e-5],"warm_readout_s":[0.000585875],"warm_compute_s":[0.000629375],"warm_count_s":[0.000145667],"input_nodes":31116,"final_nodes":59034,"input_bytes_est":3505212,"final_bytes_est":7010028,"input_storage":{"layout":"slab","record_bytes":497856,"table_bytes":545888,"interner_bytes":1099312,"metadata_bytes":249324,"cache_bytes":1112832,"records":31116,"tables":12210,"logical_words":68236,"total_bytes_est":3505212},"final_storage":{"layout":"slab","record_bytes":995712,"table_bytes":1091776,"interner_bytes":2198624,"metadata_bytes":498252,"cache_bytes":2225664,"records":59034,"tables":19617,"logical_words":112182,"total_bytes_est":7010028},"outer_memo_bytes":0,"colt_bytes":14992,"checksum":12912164,"verified":true}
EVENT_LAB {"kind":"readout_free_join","candidate":"prefix512","domain":"fibred","readout_family":"non-suffix","readout_faces":"x","hidden":32,"width":6,"bits":19,"worlds":524288,"admissible_worlds":301069,"environments":2,"rows":128,"groups":16,"outputs":64,"memo":true,"changed_possible_groups":16,"changed_guaranteed_groups":16,"nonconstant_readouts":48,"build_s":[0.018945084],"support_s":[0.000542459],"import_s":[0.018139625],"admission_s":[0.000262583],"join_only_s":[1.7334e-5],"fresh_s":[0.014500125],"fresh_group_s":[0.001355917],"fresh_readout_s":[0.013011708],"fresh_compute_s":[0.014367792],"fresh_count_s":[0.00013225],"warm_s":[0.000759541],"warm_group_s":[1.6583e-5],"warm_readout_s":[0.000594],"warm_compute_s":[0.000611291],"warm_count_s":[0.000148167],"input_nodes":31116,"final_nodes":59034,"input_bytes_est":3505212,"final_bytes_est":7018988,"input_storage":{"layout":"slab","record_bytes":497856,"table_bytes":545888,"interner_bytes":1099312,"metadata_bytes":249324,"cache_bytes":1112832,"records":31116,"tables":12210,"logical_words":68236,"total_bytes_est":3505212},"final_storage":{"layout":"slab","record_bytes":995712,"table_bytes":1091776,"interner_bytes":2198624,"metadata_bytes":498252,"cache_bytes":2225664,"records":59034,"tables":19617,"logical_words":112182,"total_bytes_est":7010028},"outer_memo_bytes":8960,"colt_bytes":14992,"checksum":12912164,"verified":true}
ok

test result: ok. 1 passed; 0 failed; 0 ignored; 0 measured; 1378 filtered out; finished in 7.99s


        7.99 real         7.92 user         0.06 sys
            48939008  maximum resident set size
                   0  average shared memory size
                   0  average unshared data size
                   0  average unshared stack size
                3204  page reclaims
                   0  page faults
                   0  swaps
                   0  block input operations
                   0  block output operations
                   0  messages sent
                   0  messages received
                   0  signals received
                   0  voluntary context switches
                 750  involuntary context switches
        100591153649  instructions retired
         26725897569  cycles elapsed
            45875608  peak memory footprint
