
running 1 test
test event_repr_lab::experiment ... EVENT_LAB {"kind":"readout_free_join","candidate":"prefix512","domain":"fibred","readout_family":"non-suffix","readout_faces":"x","hidden":8,"width":4,"bits":13,"worlds":8192,"admissible_worlds":3197,"environments":2,"rows":128,"groups":16,"outputs":64,"memo":false,"changed_possible_groups":16,"changed_guaranteed_groups":16,"nonconstant_readouts":48,"build_s":[0.001398709],"support_s":[0.000227459],"import_s":[0.001113875],"admission_s":[5.6917e-5],"join_only_s":[2.5083e-5],"fresh_s":[0.000792125],"fresh_group_s":[0.00016875],"fresh_readout_s":[0.000605334],"fresh_compute_s":[0.000775542],"fresh_count_s":[1.6459e-5],"warm_s":[5.1583e-5],"warm_group_s":[2.125e-5],"warm_readout_s":[1.7333e-5],"warm_compute_s":[3.8791e-5],"warm_count_s":[1.2708e-5],"input_nodes":1574,"final_nodes":2403,"input_bytes_est":182892,"final_bytes_est":365460,"input_storage":{"layout":"slab","record_bytes":25184,"table_bytes":58304,"interner_bytes":36760,"metadata_bytes":12916,"cache_bytes":49728,"records":1574,"tables":1560,"logical_words":7288,"total_bytes_est":182892},"final_storage":{"layout":"slab","record_bytes":50368,"table_bytes":116608,"interner_bytes":73520,"metadata_bytes":25508,"cache_bytes":99456,"records":2403,"tables":2389,"logical_words":12122,"total_bytes_est":365460},"outer_memo_bytes":0,"colt_bytes":14992,"checksum":607690,"verified":true}
EVENT_LAB {"kind":"readout_free_join","candidate":"prefix512","domain":"fibred","readout_family":"non-suffix","readout_faces":"x","hidden":8,"width":4,"bits":13,"worlds":8192,"admissible_worlds":3197,"environments":2,"rows":128,"groups":16,"outputs":64,"memo":true,"changed_possible_groups":16,"changed_guaranteed_groups":16,"nonconstant_readouts":48,"build_s":[0.001398709],"support_s":[0.000227459],"import_s":[0.001113875],"admission_s":[5.6917e-5],"join_only_s":[2.5083e-5],"fresh_s":[0.0007385],"fresh_group_s":[0.00014825],"fresh_readout_s":[0.000577834],"fresh_compute_s":[0.00072625],"fresh_count_s":[1.2084e-5],"warm_s":[3.9709e-5],"warm_group_s":[1.0625e-5],"warm_readout_s":[1.6667e-5],"warm_compute_s":[2.7417e-5],"warm_count_s":[1.2125e-5],"input_nodes":1574,"final_nodes":2403,"input_bytes_est":182892,"final_bytes_est":374420,"input_storage":{"layout":"slab","record_bytes":25184,"table_bytes":58304,"interner_bytes":36760,"metadata_bytes":12916,"cache_bytes":49728,"records":1574,"tables":1560,"logical_words":7288,"total_bytes_est":182892},"final_storage":{"layout":"slab","record_bytes":50368,"table_bytes":116608,"interner_bytes":73520,"metadata_bytes":25508,"cache_bytes":99456,"records":2403,"tables":2389,"logical_words":12122,"total_bytes_est":365460},"outer_memo_bytes":8960,"colt_bytes":14992,"checksum":607690,"verified":true}
EVENT_LAB {"kind":"readout_free_join","candidate":"prefix512","domain":"fibred","readout_family":"non-suffix","readout_faces":"x","hidden":32,"width":6,"bits":19,"worlds":524288,"admissible_worlds":301069,"environments":2,"rows":128,"groups":16,"outputs":64,"memo":false,"changed_possible_groups":16,"changed_guaranteed_groups":16,"nonconstant_readouts":48,"build_s":[0.025207917],"support_s":[0.000787083],"import_s":[0.024108417],"admission_s":[0.000311791],"join_only_s":[1.6125e-5],"fresh_s":[0.01894],"fresh_group_s":[0.001136834],"fresh_readout_s":[0.017665167],"fresh_compute_s":[0.01880225],"fresh_count_s":[0.000137709],"warm_s":[0.000229583],"warm_group_s":[3.8333e-5],"warm_readout_s":[4.8541e-5],"warm_compute_s":[8.7541e-5],"warm_count_s":[0.000141958],"input_nodes":37869,"final_nodes":66516,"input_bytes_est":4107200,"final_bytes_est":8076020,"input_storage":{"layout":"slab","record_bytes":605904,"table_bytes":958792,"interner_bytes":1126324,"metadata_bytes":303348,"cache_bytes":1112832,"records":37869,"tables":18963,"logical_words":119849,"total_bytes_est":4107200},"final_storage":{"layout":"slab","record_bytes":1211808,"table_bytes":1917584,"interner_bytes":2252648,"metadata_bytes":606300,"cache_bytes":2087680,"records":66516,"tables":33407,"logical_words":214840,"total_bytes_est":8076020},"outer_memo_bytes":0,"colt_bytes":14992,"checksum":12912164,"verified":true}
EVENT_LAB {"kind":"readout_free_join","candidate":"prefix512","domain":"fibred","readout_family":"non-suffix","readout_faces":"x","hidden":32,"width":6,"bits":19,"worlds":524288,"admissible_worlds":301069,"environments":2,"rows":128,"groups":16,"outputs":64,"memo":true,"changed_possible_groups":16,"changed_guaranteed_groups":16,"nonconstant_readouts":48,"build_s":[0.025207917],"support_s":[0.000787083],"import_s":[0.024108417],"admission_s":[0.000311791],"join_only_s":[1.6125e-5],"fresh_s":[0.018771959],"fresh_group_s":[0.001040125],"fresh_readout_s":[0.0175965],"fresh_compute_s":[0.018637209],"fresh_count_s":[0.000134583],"warm_s":[0.0002205],"warm_group_s":[1.8916e-5],"warm_readout_s":[5.2875e-5],"warm_compute_s":[7.2541e-5],"warm_count_s":[0.000147917],"input_nodes":37869,"final_nodes":66516,"input_bytes_est":4107200,"final_bytes_est":8084980,"input_storage":{"layout":"slab","record_bytes":605904,"table_bytes":958792,"interner_bytes":1126324,"metadata_bytes":303348,"cache_bytes":1112832,"records":37869,"tables":18963,"logical_words":119849,"total_bytes_est":4107200},"final_storage":{"layout":"slab","record_bytes":1211808,"table_bytes":1917584,"interner_bytes":2252648,"metadata_bytes":606300,"cache_bytes":2087680,"records":66516,"tables":33407,"logical_words":214840,"total_bytes_est":8076020},"outer_memo_bytes":8960,"colt_bytes":14992,"checksum":12912164,"verified":true}
ok

test result: ok. 1 passed; 0 failed; 0 ignored; 0 measured; 1378 filtered out; finished in 15.54s


       15.55 real        15.27 user         0.26 sys
           328712192  maximum resident set size
                   0  average shared memory size
                   0  average unshared data size
                   0  average unshared stack size
               31827  page reclaims
                   0  page faults
                   0  swaps
                   0  block input operations
                   0  block output operations
                   0  messages sent
                   0  messages received
                   0  signals received
                   0  voluntary context switches
                 584  involuntary context switches
        171484781694  instructions retired
         52482833715  cycles elapsed
           325927704  peak memory footprint
