
running 1 test
test event_repr_lab::experiment ... EVENT_LAB {"kind":"scoped_product_free_join","candidate":"essential512","product_mode":"views","support":"legal-product","admissible_worlds":2197,"bits":12,"worlds":4096,"rows":128,"groups":16,"memo":false,"build_s":[0.000234875, 0.000148791, 0.000131125, 0.000129458, 0.000125166, 0.000127375, 0.00012325, 0.000123, 0.000129208],"join_only_s":[2.7875e-5, 5.167e-6, 5.041e-6, 4.958e-6, 5.042e-6, 5e-6, 5.083e-6, 5e-6, 5e-6],"fresh_s":[0.002134708, 0.002093167, 0.002068917, 0.002069583, 0.00218425, 0.002157959, 0.002169084, 0.002107875, 0.002129083],"warm_s":[0.001414792, 0.001489209, 0.001429334, 0.00141325, 0.001413459, 0.001406625, 0.001478208, 0.001425584, 0.001410125],"input_bytes_est":18395,"final_bytes_est":158248,"input_nodes":215,"final_nodes":1235,"input_storage":{"layout":"slab","record_bytes":3440,"table_bytes":4184,"interner_bytes":4668,"metadata_bytes":1816,"cache_bytes":3927,"records":215,"tables":103,"logical_words":523,"total_bytes_est":18035},"final_storage":{"layout":"slab","record_bytes":27520,"table_bytes":33472,"interner_bytes":37344,"metadata_bytes":13856,"cache_bytes":45696,"records":1235,"tables":798,"logical_words":3683,"total_bytes_est":157888},"checksum":222092,"verified":true}
EVENT_LAB {"kind":"scoped_product_free_join","candidate":"essential512","product_mode":"views","support":"legal-product","admissible_worlds":2197,"bits":12,"worlds":4096,"rows":128,"groups":16,"memo":true,"build_s":[0.000234875, 0.000148791, 0.000131125, 0.000129458, 0.000125166, 0.000127375, 0.00012325, 0.000123, 0.000129208],"join_only_s":[2.7875e-5, 5.167e-6, 5.041e-6, 4.958e-6, 5.042e-6, 5e-6, 5.083e-6, 5e-6, 5e-6],"fresh_s":[0.001000542, 0.000994334, 0.000952, 0.000982041, 0.000958416, 0.000951709, 0.000959792, 0.000949625, 0.001129875],"warm_s":[1.6292e-5, 7.208e-6, 6.875e-6, 6.833e-6, 1.0334e-5, 7.042e-6, 6.792e-6, 6.792e-6, 8.833e-6],"input_bytes_est":18395,"final_bytes_est":163624,"input_nodes":215,"final_nodes":1235,"input_storage":{"layout":"slab","record_bytes":3440,"table_bytes":4184,"interner_bytes":4668,"metadata_bytes":1816,"cache_bytes":3927,"records":215,"tables":103,"logical_words":523,"total_bytes_est":18035},"final_storage":{"layout":"slab","record_bytes":27520,"table_bytes":33472,"interner_bytes":37344,"metadata_bytes":13856,"cache_bytes":45696,"records":1235,"tables":798,"logical_words":3683,"total_bytes_est":157888},"checksum":222092,"verified":true}
EVENT_LAB {"kind":"scoped_product_free_join","candidate":"essential512","product_mode":"views","support":"legal-product","admissible_worlds":226981,"bits":18,"worlds":262144,"rows":128,"groups":16,"memo":false,"build_s":[0.001091791, 0.001030209, 0.000999125, 0.001042708, 0.001123666, 0.001091917, 0.0010685, 0.001033625, 0.001001667],"join_only_s":[1.7541e-5, 5.292e-6, 5.125e-6, 5.084e-6, 5.041e-6, 5.041e-6, 5.042e-6, 5e-6, 5.042e-6],"fresh_s":[0.037624584, 0.03636325, 0.036469542, 0.03658575, 0.037445875, 0.036793375, 0.036456667, 0.036112667, 0.03768825],"warm_s":[0.029226, 0.029319292, 0.028931542, 0.029623417, 0.029605, 0.029083958, 0.02962325, 0.029438709, 0.0294035],"input_bytes_est":74796,"final_bytes_est":1666104,"input_nodes":867,"final_nodes":14258,"input_storage":{"layout":"slab","record_bytes":13872,"table_bytes":17456,"interner_bytes":18700,"metadata_bytes":7080,"cache_bytes":17136,"records":867,"tables":348,"logical_words":2182,"total_bytes_est":74244},"final_storage":{"layout":"slab","record_bytes":443904,"table_bytes":279296,"interner_bytes":354688,"metadata_bytes":222096,"cache_bytes":365568,"records":14258,"tables":5729,"logical_words":33683,"total_bytes_est":1665552},"checksum":13526628,"verified":true}
EVENT_LAB {"kind":"scoped_product_free_join","candidate":"essential512","product_mode":"views","support":"legal-product","admissible_worlds":226981,"bits":18,"worlds":262144,"rows":128,"groups":16,"memo":true,"build_s":[0.001091791, 0.001030209, 0.000999125, 0.001042708, 0.001123666, 0.001091917, 0.0010685, 0.001033625, 0.001001667],"join_only_s":[1.7541e-5, 5.292e-6, 5.125e-6, 5.084e-6, 5.041e-6, 5.041e-6, 5.042e-6, 5e-6, 5.042e-6],"fresh_s":[0.013332208, 0.013498375, 0.013591833, 0.0257865, 0.01338175, 0.013678292, 0.013488, 0.013424834, 0.013081375],"warm_s":[1.85e-5, 2.0041e-5, 1.725e-5, 1.775e-5, 1.7541e-5, 1.7292e-5, 1.7291e-5, 1.9584e-5, 1.9792e-5],"input_bytes_est":74796,"final_bytes_est":1671480,"input_nodes":867,"final_nodes":14258,"input_storage":{"layout":"slab","record_bytes":13872,"table_bytes":17456,"interner_bytes":18700,"metadata_bytes":7080,"cache_bytes":17136,"records":867,"tables":348,"logical_words":2182,"total_bytes_est":74244},"final_storage":{"layout":"slab","record_bytes":443904,"table_bytes":279296,"interner_bytes":354688,"metadata_bytes":222096,"cache_bytes":365568,"records":14258,"tables":5729,"logical_words":33683,"total_bytes_est":1665552},"checksum":13526628,"verified":true}
ok

test result: ok. 1 passed; 0 failed; 0 ignored; 0 measured; 1378 filtered out; finished in 10.38s


       10.38 real        10.10 user         0.02 sys
            20824064  maximum resident set size
                   0  average shared memory size
                   0  average unshared data size
                   0  average unshared stack size
                1485  page reclaims
                   0  page faults
                   0  swaps
                   0  block input operations
                   0  block output operations
                   0  messages sent
                   0  messages received
                   0  signals received
                   0  voluntary context switches
                4556  involuntary context switches
        131045938503  instructions retired
         33479028935  cycles elapsed
            17924504  peak memory footprint
