
running 1 test
test event_repr_lab::experiment ... EVENT_LAB {"kind":"scoped_product_free_join","candidate":"packed512","product_mode":"materialized","support":"copied-face","admissible_worlds":208,"bits":12,"worlds":4096,"rows":128,"groups":16,"memo":false,"build_s":[0.00053275, 0.000529917, 0.000501791, 0.000507916, 0.000506084, 0.0004945, 0.000485625, 0.000487917, 0.000488167],"join_only_s":[2.5084e-5, 5.292e-6, 5.584e-6, 4.917e-6, 4.916e-6, 4.875e-6, 4.917e-6, 4.958e-6, 4.917e-6],"fresh_s":[0.002762791, 0.00277925, 0.002694084, 0.002696291, 0.002751084, 0.002681709, 0.002720834, 0.002695, 0.002695167],"warm_s":[0.002733334, 0.00265075, 0.002644333, 0.002660084, 0.002651875, 0.002700583, 0.002633041, 0.002653709, 0.002746],"input_bytes_est":29516,"final_bytes_est":168508,"input_nodes":248,"final_nodes":1174,"input_storage":null,"final_storage":null,"checksum":704,"verified":true}
EVENT_LAB {"kind":"scoped_product_free_join","candidate":"packed512","product_mode":"materialized","support":"copied-face","admissible_worlds":208,"bits":12,"worlds":4096,"rows":128,"groups":16,"memo":true,"build_s":[0.00053275, 0.000529917, 0.000501791, 0.000507916, 0.000506084, 0.0004945, 0.000485625, 0.000487917, 0.000488167],"join_only_s":[2.5084e-5, 5.292e-6, 5.584e-6, 4.917e-6, 4.916e-6, 4.875e-6, 4.917e-6, 4.958e-6, 4.917e-6],"fresh_s":[0.000579042, 0.0005605, 0.000558, 0.000549541, 0.0005515, 0.000608041, 0.000559875, 0.000555958, 0.000548708],"warm_s":[9.125e-6, 8.959e-6, 8.959e-6, 8.875e-6, 8.916e-6, 8.833e-6, 8.875e-6, 1.0667e-5, 8.875e-6],"input_bytes_est":29516,"final_bytes_est":169684,"input_nodes":248,"final_nodes":1174,"input_storage":null,"final_storage":null,"checksum":704,"verified":true}
EVENT_LAB {"kind":"scoped_product_free_join","candidate":"packed512","product_mode":"materialized","support":"copied-face","admissible_worlds":3904,"bits":18,"worlds":262144,"rows":128,"groups":16,"memo":false,"build_s":[0.028287833, 0.028269458, 0.028171, 0.028277209, 0.028259792, 0.028282834, 0.02816375, 0.028170416, 0.028231833],"join_only_s":[1.6833e-5, 5.25e-6, 5.042e-6, 4.958e-6, 4.958e-6, 5.042e-6, 5e-6, 4.959e-6, 4.959e-6],"fresh_s":[0.006319625, 0.006281291, 0.006156042, 0.006266916, 0.006276625, 0.006362875, 0.006247167, 0.0062335, 0.006182375],"warm_s":[0.0057715, 0.005979792, 0.005875917, 0.00589, 0.005882666, 0.006001583, 0.005723416, 0.005857458, 0.005738375],"input_bytes_est":177572,"final_bytes_est":966420,"input_nodes":1645,"final_nodes":7085,"input_storage":null,"final_storage":null,"checksum":3264,"verified":true}
EVENT_LAB {"kind":"scoped_product_free_join","candidate":"packed512","product_mode":"materialized","support":"copied-face","admissible_worlds":3904,"bits":18,"worlds":262144,"rows":128,"groups":16,"memo":true,"build_s":[0.028287833, 0.028269458, 0.028171, 0.028277209, 0.028259792, 0.028282834, 0.02816375, 0.028170416, 0.028231833],"join_only_s":[1.6833e-5, 5.25e-6, 5.042e-6, 4.958e-6, 4.958e-6, 5.042e-6, 5e-6, 4.959e-6, 4.959e-6],"fresh_s":[0.0015775, 0.0015505, 0.001558125, 0.00160175, 0.001592, 0.001633333, 0.001612083, 0.001536167, 0.001539416],"warm_s":[2.0167e-5, 1.7959e-5, 1.6292e-5, 1.6625e-5, 2.425e-5, 2.575e-5, 2.5333e-5, 1.9708e-5, 2.2584e-5],"input_bytes_est":177572,"final_bytes_est":967596,"input_nodes":1645,"final_nodes":7085,"input_storage":null,"final_storage":null,"checksum":3264,"verified":true}
ok

test result: ok. 1 passed; 0 failed; 0 ignored; 0 measured; 1378 filtered out; finished in 2.34s


        2.34 real         2.33 user         0.00 sys
            16957440  maximum resident set size
                   0  average shared memory size
                   0  average unshared data size
                   0  average unshared stack size
                1248  page reclaims
                   0  page faults
                   0  swaps
                   0  block input operations
                   0  block output operations
                   0  messages sent
                   0  messages received
                   0  signals received
                   0  voluntary context switches
                 433  involuntary context switches
         37123498063  instructions retired
          7881585098  cycles elapsed
            14188928  peak memory footprint
