
running 1 test
test event_repr_lab::experiment ... EVENT_LAB {"kind":"scoped_product_free_join","candidate":"essential512","product_mode":"views-inputs","support":"legal-product","admissible_worlds":2197,"bits":12,"worlds":4096,"rows":128,"groups":16,"memo":false,"build_s":[0.000189458, 0.000141375, 0.00012775, 0.000128042, 0.0001255, 0.00013125, 0.00013725, 0.000129834, 0.000126625],"join_only_s":[2.775e-5, 5.125e-6, 5e-6, 4.958e-6, 4.958e-6, 4.916e-6, 4.958e-6, 4.958e-6, 5e-6],"fresh_s":[0.003555042, 0.003685584, 0.003373083, 0.00351475, 0.003515459, 0.003370125, 0.003501167, 0.003365583, 0.003554292],"warm_s":[0.0018795, 0.001899833, 0.001866834, 0.00186575, 0.001834917, 0.001929708, 0.001917375, 0.001910917, 0.001922292],"input_bytes_est":18395,"final_bytes_est":316040,"input_nodes":215,"final_nodes":2467,"input_storage":{"layout":"slab","record_bytes":3440,"table_bytes":4184,"interner_bytes":4668,"metadata_bytes":1816,"cache_bytes":3927,"records":215,"tables":103,"logical_words":523,"total_bytes_est":18035},"final_storage":{"layout":"slab","record_bytes":55040,"table_bytes":66944,"interner_bytes":74688,"metadata_bytes":27616,"cache_bytes":91392,"records":2467,"tables":1539,"logical_words":6791,"total_bytes_est":315680},"checksum":222092,"verified":true}
EVENT_LAB {"kind":"scoped_product_free_join","candidate":"essential512","product_mode":"views-inputs","support":"legal-product","admissible_worlds":2197,"bits":12,"worlds":4096,"rows":128,"groups":16,"memo":true,"build_s":[0.000189458, 0.000141375, 0.00012775, 0.000128042, 0.0001255, 0.00013125, 0.00013725, 0.000129834, 0.000126625],"join_only_s":[2.775e-5, 5.125e-6, 5e-6, 4.958e-6, 4.958e-6, 4.916e-6, 4.958e-6, 4.958e-6, 5e-6],"fresh_s":[0.001893584, 0.001840666, 0.001815167, 0.001832166, 0.001795083, 0.001894167, 0.001817292, 0.0018915, 0.001818125],"warm_s":[7e-6, 6.875e-6, 8.375e-6, 6.833e-6, 6.791e-6, 6.75e-6, 1.3125e-5, 6.708e-6, 6.75e-6],"input_bytes_est":18395,"final_bytes_est":321416,"input_nodes":215,"final_nodes":2467,"input_storage":{"layout":"slab","record_bytes":3440,"table_bytes":4184,"interner_bytes":4668,"metadata_bytes":1816,"cache_bytes":3927,"records":215,"tables":103,"logical_words":523,"total_bytes_est":18035},"final_storage":{"layout":"slab","record_bytes":55040,"table_bytes":66944,"interner_bytes":74688,"metadata_bytes":27616,"cache_bytes":91392,"records":2467,"tables":1539,"logical_words":6791,"total_bytes_est":315680},"checksum":222092,"verified":true}
EVENT_LAB {"kind":"scoped_product_free_join","candidate":"essential512","product_mode":"views-inputs","support":"legal-product","admissible_worlds":226981,"bits":18,"worlds":262144,"rows":128,"groups":16,"memo":false,"build_s":[0.0011345, 0.001036083, 0.001003333, 0.001007708, 0.001004208, 0.000989208, 0.001010208, 0.001153542, 0.000993833],"join_only_s":[1.7e-5, 5.25e-6, 5.042e-6, 5e-6, 5e-6, 4.917e-6, 4.917e-6, 4.875e-6, 5e-6],"fresh_s":[0.026311334, 0.025549709, 0.025936, 0.025579458, 0.02557475, 0.026570458, 0.025698667, 0.025440583, 0.025452834],"warm_s":[0.01061325, 0.010516125, 0.011448375, 0.010615708, 0.010716042, 0.011201292, 0.010467292, 0.010542958, 0.011139417],"input_bytes_est":74796,"final_bytes_est":4306360,"input_nodes":867,"final_nodes":29466,"input_storage":{"layout":"slab","record_bytes":13872,"table_bytes":17456,"interner_bytes":18700,"metadata_bytes":7080,"cache_bytes":17136,"records":867,"tables":348,"logical_words":2182,"total_bytes_est":74244},"final_storage":{"layout":"slab","record_bytes":887808,"table_bytes":558592,"interner_bytes":1196800,"metadata_bytes":444048,"cache_bytes":1218560,"records":29466,"tables":8902,"logical_words":44334,"total_bytes_est":4305808},"checksum":13526628,"verified":true}
EVENT_LAB {"kind":"scoped_product_free_join","candidate":"essential512","product_mode":"views-inputs","support":"legal-product","admissible_worlds":226981,"bits":18,"worlds":262144,"rows":128,"groups":16,"memo":true,"build_s":[0.0011345, 0.001036083, 0.001003333, 0.001007708, 0.001004208, 0.000989208, 0.001010208, 0.001153542, 0.000993833],"join_only_s":[1.7e-5, 5.25e-6, 5.042e-6, 5e-6, 5e-6, 4.917e-6, 4.917e-6, 4.875e-6, 5e-6],"fresh_s":[0.019220375, 0.017013084, 0.017102708, 0.017110583, 0.016998959, 0.017042209, 0.01732325, 0.017074541, 0.017757375],"warm_s":[3.1125e-5, 1.7625e-5, 1.7167e-5, 1.5583e-5, 1.7917e-5, 1.625e-5, 1.8625e-5, 1.9292e-5, 1.6583e-5],"input_bytes_est":74796,"final_bytes_est":4311736,"input_nodes":867,"final_nodes":29466,"input_storage":{"layout":"slab","record_bytes":13872,"table_bytes":17456,"interner_bytes":18700,"metadata_bytes":7080,"cache_bytes":17136,"records":867,"tables":348,"logical_words":2182,"total_bytes_est":74244},"final_storage":{"layout":"slab","record_bytes":887808,"table_bytes":558592,"interner_bytes":1196800,"metadata_bytes":444048,"cache_bytes":1218560,"records":29466,"tables":8902,"logical_words":44334,"total_bytes_est":4305808},"checksum":13526628,"verified":true}
ok

test result: ok. 1 passed; 0 failed; 0 ignored; 0 measured; 1378 filtered out; finished in 9.89s


        9.89 real         9.75 user         0.12 sys
            37027840  maximum resident set size
                   0  average shared memory size
                   0  average unshared data size
                   0  average unshared stack size
                2474  page reclaims
                   0  page faults
                   0  swaps
                   0  block input operations
                   0  block output operations
                   0  messages sent
                   0  messages received
                   0  signals received
                   0  voluntary context switches
                3583  involuntary context switches
        127189974530  instructions retired
         32960698730  cycles elapsed
            34128280  peak memory footprint
