
running 1 test
test event_repr_lab::experiment ... EVENT_LAB {"kind":"scoped_product_free_join","candidate":"dense-dispatched","product_mode":"materialized","support":"legal-product","admissible_worlds":2197,"bits":12,"worlds":4096,"rows":128,"groups":16,"memo":false,"build_s":[2.1333e-5, 5.792e-6, 5.542e-6, 4.958e-6, 6.125e-6, 4.917e-6, 1.0083e-5, 6.041e-6, 4.75e-6],"join_only_s":[2.6375e-5, 5.291e-6, 5.084e-6, 5.041e-6, 5.084e-6, 4.959e-6, 4.959e-6, 4.875e-6, 4.833e-6],"fresh_s":[0.00028025, 0.000261125, 0.000251333, 0.000250708, 0.000258833, 0.000258125, 0.000252125, 0.000250125, 0.000250875],"warm_s":[0.000248, 0.000247583, 0.000248583, 0.000247459, 0.000247375, 0.000247584, 0.000247708, 0.000247292, 0.000247291],"input_bytes_est":15580,"final_bytes_est":79408,"input_nodes":25,"final_nodes":134,"input_storage":null,"final_storage":null,"checksum":222092,"verified":true}
EVENT_LAB {"kind":"scoped_product_free_join","candidate":"dense-dispatched","product_mode":"materialized","support":"legal-product","admissible_worlds":2197,"bits":12,"worlds":4096,"rows":128,"groups":16,"memo":true,"build_s":[2.1333e-5, 5.792e-6, 5.542e-6, 4.958e-6, 6.125e-6, 4.917e-6, 1.0083e-5, 6.041e-6, 4.75e-6],"join_only_s":[2.6375e-5, 5.291e-6, 5.084e-6, 5.041e-6, 5.084e-6, 4.959e-6, 4.959e-6, 4.875e-6, 4.833e-6],"fresh_s":[6.3917e-5, 6.125e-5, 5.7834e-5, 5.75e-5, 5.7125e-5, 5.775e-5, 5.9083e-5, 5.6875e-5, 5.6875e-5],"warm_s":[6.917e-6, 6.708e-6, 6.583e-6, 6.666e-6, 6.541e-6, 6.5e-6, 6.542e-6, 6.584e-6, 6.542e-6],"input_bytes_est":15580,"final_bytes_est":84784,"input_nodes":25,"final_nodes":134,"input_storage":null,"final_storage":null,"checksum":222092,"verified":true}
EVENT_LAB {"kind":"scoped_product_free_join","candidate":"dense-dispatched","product_mode":"materialized","support":"legal-product","admissible_worlds":226981,"bits":18,"worlds":262144,"rows":128,"groups":16,"memo":false,"build_s":[0.000181334, 0.000157084, 0.000108208, 9.625e-5, 0.00010025, 9.7042e-5, 0.000102875, 9.3084e-5, 9.2791e-5],"join_only_s":[1.8833e-5, 5.25e-6, 5.041e-6, 5e-6, 4.958e-6, 5e-6, 5e-6, 5e-6, 5e-6],"fresh_s":[0.013803125, 0.014151125, 0.01362825, 0.013794, 0.013997417, 0.013624125, 0.0138595, 0.0139, 0.013671583],"warm_s":[0.013741583, 0.013785709, 0.013847209, 0.013797041, 0.013841, 0.013875625, 0.013884417, 0.013887667, 0.013876583],"input_bytes_est":886684,"final_bytes_est":4564792,"input_nodes":25,"final_nodes":137,"input_storage":null,"final_storage":null,"checksum":13526628,"verified":true}
EVENT_LAB {"kind":"scoped_product_free_join","candidate":"dense-dispatched","product_mode":"materialized","support":"legal-product","admissible_worlds":226981,"bits":18,"worlds":262144,"rows":128,"groups":16,"memo":true,"build_s":[0.000181334, 0.000157084, 0.000108208, 9.625e-5, 0.00010025, 9.7042e-5, 0.000102875, 9.3084e-5, 9.2791e-5],"join_only_s":[1.8833e-5, 5.25e-6, 5.041e-6, 5e-6, 4.958e-6, 5e-6, 5e-6, 5e-6, 5e-6],"fresh_s":[0.002633209, 0.002625583, 0.002661709, 0.002640417, 0.002640666, 0.002663458, 0.002613083, 0.002616125, 0.002658041],"warm_s":[1.6417e-5, 1.65e-5, 1.5917e-5, 1.5792e-5, 1.7208e-5, 1.5042e-5, 1.5083e-5, 1.5083e-5, 1.5083e-5],"input_bytes_est":886684,"final_bytes_est":4570168,"input_nodes":25,"final_nodes":137,"input_storage":null,"final_storage":null,"checksum":13526628,"verified":true}
ok

test result: ok. 1 passed; 0 failed; 0 ignored; 0 measured; 1378 filtered out; finished in 0.36s


        0.36 real         0.35 user         0.00 sys
            21987328  maximum resident set size
                   0  average shared memory size
                   0  average unshared data size
                   0  average unshared stack size
                1556  page reclaims
                   0  page faults
                   0  swaps
                   0  block input operations
                   0  block output operations
                   0  messages sent
                   0  messages received
                   0  signals received
                   0  voluntary context switches
                 148  involuntary context switches
          5579456792  instructions retired
          1211893948  cycles elapsed
            19333528  peak memory footprint
