
running 1 test
test event_repr_lab::experiment ... EVENT_LAB {"kind":"scoped_product_free_join","candidate":"essential512","product_mode":"materialized","support":"asymmetric","admissible_worlds":2548,"bits":12,"worlds":4096,"rows":128,"groups":16,"memo":false,"build_s":[0.000467458, 0.000408459, 0.000396583, 0.000399292, 0.000390334, 0.000391542, 0.000392875, 0.0003915, 0.000393833],"join_only_s":[2.7125e-5, 5.125e-6, 5.042e-6, 5.084e-6, 5e-6, 5.167e-6, 5e-6, 5e-6, 4.958e-6],"fresh_s":[0.00524875, 0.004988625, 0.005231708, 0.005307333, 0.00520975, 0.004900625, 0.005092625, 0.005256125, 0.0052005],"warm_s":[0.00258325, 0.002704959, 0.002560125, 0.002704167, 0.002580417, 0.002729833, 0.002557459, 0.002683, 0.002641791],"input_bytes_est":68898,"final_bytes_est":561320,"input_nodes":617,"final_nodes":4445,"input_storage":{"layout":"slab","record_bytes":9872,"table_bytes":20464,"interner_bytes":17700,"metadata_bytes":5032,"cache_bytes":15470,"records":617,"tables":354,"logical_words":2558,"total_bytes_est":68538},"final_storage":{"layout":"slab","record_bytes":78976,"table_bytes":163712,"interner_bytes":141600,"metadata_bytes":39584,"cache_bytes":137088,"records":4445,"tables":2777,"logical_words":16529,"total_bytes_est":560960},"checksum":235092,"verified":true}
EVENT_LAB {"kind":"scoped_product_free_join","candidate":"essential512","product_mode":"materialized","support":"asymmetric","admissible_worlds":2548,"bits":12,"worlds":4096,"rows":128,"groups":16,"memo":true,"build_s":[0.000467458, 0.000408459, 0.000396583, 0.000399292, 0.000390334, 0.000391542, 0.000392875, 0.0003915, 0.000393833],"join_only_s":[2.7125e-5, 5.125e-6, 5.042e-6, 5.084e-6, 5e-6, 5.167e-6, 5e-6, 5e-6, 4.958e-6],"fresh_s":[0.002903291, 0.003154333, 0.0030835, 0.002951917, 0.002983583, 0.00305775, 0.002963792, 0.00286875, 0.00306],"warm_s":[7.542e-6, 6.791e-6, 8.917e-6, 6.709e-6, 6.667e-6, 7e-6, 1.4958e-5, 7.042e-6, 1.0125e-5],"input_bytes_est":68898,"final_bytes_est":566696,"input_nodes":617,"final_nodes":4445,"input_storage":{"layout":"slab","record_bytes":9872,"table_bytes":20464,"interner_bytes":17700,"metadata_bytes":5032,"cache_bytes":15470,"records":617,"tables":354,"logical_words":2558,"total_bytes_est":68538},"final_storage":{"layout":"slab","record_bytes":78976,"table_bytes":163712,"interner_bytes":141600,"metadata_bytes":39584,"cache_bytes":137088,"records":4445,"tables":2777,"logical_words":16529,"total_bytes_est":560960},"checksum":235092,"verified":true}
EVENT_LAB {"kind":"scoped_product_free_join","candidate":"essential512","product_mode":"materialized","support":"asymmetric","admissible_worlds":234484,"bits":18,"worlds":262144,"rows":128,"groups":16,"memo":false,"build_s":[0.01981025, 0.020501291, 0.019503792, 0.019080041, 0.019727042, 0.019402458, 0.019443833, 0.019673708, 0.019827125],"join_only_s":[1.7708e-5, 5.208e-6, 4.958e-6, 5e-6, 4.916e-6, 5e-6, 5e-6, 4.958e-6, 4.959e-6],"fresh_s":[0.184168416, 0.161064625, 0.167881042, 0.159501042, 0.164308792, 0.169485042, 0.166057125, 0.16496175, 0.16802475],"warm_s":[0.048688084, 0.053742375, 0.053745667, 0.050125666, 0.048136834, 0.051773041, 0.048258125, 0.051194416, 0.05062225],"input_bytes_est":2567044,"final_bytes_est":17058584,"input_nodes":21563,"final_nodes":158235,"input_storage":{"layout":"slab","record_bytes":345008,"table_bytes":492696,"interner_bytes":573676,"metadata_bytes":172648,"cache_bytes":982464,"records":21563,"tables":7999,"logical_words":61587,"total_bytes_est":2566492},"final_storage":{"layout":"slab","record_bytes":2760064,"table_bytes":3941568,"interner_bytes":4589408,"metadata_bytes":1380176,"cache_bytes":4386816,"records":158235,"tables":60621,"logical_words":392216,"total_bytes_est":17058032},"checksum":13404140,"verified":true}
EVENT_LAB {"kind":"scoped_product_free_join","candidate":"essential512","product_mode":"materialized","support":"asymmetric","admissible_worlds":234484,"bits":18,"worlds":262144,"rows":128,"groups":16,"memo":true,"build_s":[0.01981025, 0.020501291, 0.019503792, 0.019080041, 0.019727042, 0.019402458, 0.019443833, 0.019673708, 0.019827125],"join_only_s":[1.7708e-5, 5.208e-6, 4.958e-6, 5e-6, 4.916e-6, 5e-6, 5e-6, 4.958e-6, 4.959e-6],"fresh_s":[0.128165, 0.135002625, 0.132119708, 0.132065334, 0.131182208, 0.141856291, 0.130209958, 0.13427425, 0.131790125],"warm_s":[1.5625e-5, 1.7292e-5, 1.8083e-5, 1.7708e-5, 2.3125e-5, 1.8375e-5, 1.8042e-5, 1.7916e-5, 1.7334e-5],"input_bytes_est":2567044,"final_bytes_est":17063960,"input_nodes":21563,"final_nodes":158235,"input_storage":{"layout":"slab","record_bytes":345008,"table_bytes":492696,"interner_bytes":573676,"metadata_bytes":172648,"cache_bytes":982464,"records":21563,"tables":7999,"logical_words":61587,"total_bytes_est":2566492},"final_storage":{"layout":"slab","record_bytes":2760064,"table_bytes":3941568,"interner_bytes":4589408,"metadata_bytes":1380176,"cache_bytes":4386816,"records":158235,"tables":60621,"logical_words":392216,"total_bytes_est":17058032},"checksum":13404140,"verified":true}
ok

test result: ok. 1 passed; 0 failed; 0 ignored; 0 measured; 1378 filtered out; finished in 21.76s


       21.76 real        21.62 user         0.05 sys
            83263488  maximum resident set size
                   0  average shared memory size
                   0  average unshared data size
                   0  average unshared stack size
                5296  page reclaims
                   0  page faults
                   0  swaps
                   0  block input operations
                   0  block output operations
                   0  messages sent
                   0  messages received
                   0  signals received
                   0  voluntary context switches
               10076  involuntary context switches
        246356850299  instructions retired
         72297704823  cycles elapsed
            80396720  peak memory footprint
