
running 1 test
test event_repr_lab::experiment ... EVENT_LAB {"kind":"owned_free_join","candidate":"retraction512","target_candidate":"retraction512","bits":12,"target_layout":"bit-major","target_setup_s":[3.875e-6],"restore_inputs_s":[2.475e-5],"program_setup_s":[1.2625e-5],"query_s":[0.000369625],"owned_compute_s":[0.000384958],"novel_publication_classes":[10],"input_roots":24,"output_roots":80,"input_packet_bytes":1421,"output_packet_bytes":707,"final_arena_bytes_est":37920,"input_storage":{"layout":"slab","record_bytes":1024,"table_bytes":1024,"interner_bytes":1208,"metadata_bytes":672,"cache_bytes":0,"records":37,"tables":36,"logical_words":74,"total_bytes_est":3928},"final_storage":{"layout":"slab","record_bytes":8192,"table_bytes":8192,"interner_bytes":9664,"metadata_bytes":4256,"cache_bytes":7616,"records":349,"tables":348,"logical_words":938,"total_bytes_est":37920},"verified":true}
EVENT_LAB {"kind":"owned_free_join","candidate":"retraction512","target_candidate":"retraction512","bits":12,"target_layout":"face-major","target_setup_s":[2.792e-6],"restore_inputs_s":[1.6416e-5],"program_setup_s":[6.75e-6],"query_s":[0.000493041],"owned_compute_s":[0.000501167],"novel_publication_classes":[10],"input_roots":24,"output_roots":80,"input_packet_bytes":1421,"output_packet_bytes":707,"final_arena_bytes_est":71872,"input_storage":{"layout":"slab","record_bytes":1024,"table_bytes":1024,"interner_bytes":1208,"metadata_bytes":672,"cache_bytes":0,"records":37,"tables":36,"logical_words":74,"total_bytes_est":3928},"final_storage":{"layout":"slab","record_bytes":16384,"table_bytes":16384,"interner_bytes":19328,"metadata_bytes":8352,"cache_bytes":11424,"records":514,"tables":513,"logical_words":1567,"total_bytes_est":71872},"verified":true}
EVENT_LAB {"kind":"owned_free_join","candidate":"retraction512","target_candidate":"packed512","bits":12,"target_layout":"bit-major","target_setup_s":[1.958e-6],"restore_inputs_s":[8.725e-5],"program_setup_s":[3.325e-5],"query_s":[0.0002485],"owned_compute_s":[0.000283625],"novel_publication_classes":[10],"input_roots":24,"output_roots":80,"input_packet_bytes":1421,"output_packet_bytes":1645,"final_arena_bytes_est":112740,"input_storage":null,"final_storage":null,"verified":true}
EVENT_LAB {"kind":"owned_free_join","candidate":"retraction512","target_candidate":"retraction512","bits":18,"target_layout":"bit-major","target_setup_s":[3.709e-6],"restore_inputs_s":[0.000110791],"program_setup_s":[1.5083e-5],"query_s":[0.002306875],"owned_compute_s":[0.002323583],"novel_publication_classes":[18],"input_roots":24,"output_roots":80,"input_packet_bytes":9305,"output_packet_bytes":2087,"final_arena_bytes_est":302352,"input_storage":{"layout":"slab","record_bytes":8192,"table_bytes":8192,"interner_bytes":9664,"metadata_bytes":4368,"cache_bytes":3927,"records":295,"tables":101,"logical_words":626,"total_bytes_est":34343},"final_storage":{"layout":"slab","record_bytes":65536,"table_bytes":65536,"interner_bytes":77312,"metadata_bytes":33040,"cache_bytes":60928,"records":2789,"tables":1999,"logical_words":7695,"total_bytes_est":302352},"verified":true}
EVENT_LAB {"kind":"owned_free_join","candidate":"retraction512","target_candidate":"retraction512","bits":18,"target_layout":"face-major","target_setup_s":[4.042e-6],"restore_inputs_s":[0.00035725],"program_setup_s":[3.6041e-5],"query_s":[0.006716584],"owned_compute_s":[0.006755458],"novel_publication_classes":[18],"input_roots":24,"output_roots":80,"input_packet_bytes":9305,"output_packet_bytes":2389,"final_arena_bytes_est":857360,"input_storage":{"layout":"slab","record_bytes":16384,"table_bytes":32768,"interner_bytes":19328,"metadata_bytes":8464,"cache_bytes":19040,"records":697,"tables":423,"logical_words":2588,"total_bytes_est":95984},"final_storage":{"layout":"slab","record_bytes":131072,"table_bytes":262144,"interner_bytes":154624,"metadata_bytes":65808,"cache_bytes":243712,"records":5740,"tables":4545,"logical_words":17087,"total_bytes_est":857360},"verified":true}
EVENT_LAB {"kind":"owned_free_join","candidate":"retraction512","target_candidate":"packed512","bits":18,"target_layout":"bit-major","target_setup_s":[1.834e-6],"restore_inputs_s":[0.000420334],"program_setup_s":[4.2625e-5],"query_s":[0.000676875],"owned_compute_s":[0.000722083],"novel_publication_classes":[18],"input_roots":24,"output_roots":80,"input_packet_bytes":9305,"output_packet_bytes":5221,"final_arena_bytes_est":626852,"input_storage":null,"final_storage":null,"verified":true}
ok

test result: ok. 1 passed; 0 failed; 0 ignored; 0 measured; 1378 filtered out; finished in 2.09s


        2.09 real         2.08 user         0.01 sys
            14450688  maximum resident set size
                   0  average shared memory size
                   0  average unshared data size
                   0  average unshared stack size
                1097  page reclaims
                   0  page faults
                   0  swaps
                   0  block input operations
                   0  block output operations
                   0  messages sent
                   0  messages received
                   0  signals received
                   0  voluntary context switches
                  50  involuntary context switches
         38988366812  instructions retired
          7124903042  cycles elapsed
            11305344  peak memory footprint
