
running 1 test
test event_repr_lab::experiment ... EVENT_LAB {"kind":"readout_free_join","candidate":"retraction512","domain":"full","readout_family":"suffix-half","readout_faces":"xy","hidden":51,"width":4,"bits":12,"worlds":4096,"admissible_worlds":4096,"environments":1,"rows":128,"groups":16,"outputs":64,"memo":false,"changed_possible_groups":16,"changed_guaranteed_groups":16,"nonconstant_readouts":32,"build_s":[7.475e-5],"support_s":[2.4875e-5],"import_s":[4.9458e-5],"admission_s":[8.4e-8],"join_only_s":[2.8542e-5],"fresh_s":[0.00018025],"fresh_group_s":[0.000138792],"fresh_readout_s":[3.9e-5],"fresh_compute_s":[0.000178542],"fresh_count_s":[1.625e-6],"warm_s":[4.1916e-5],"warm_group_s":[1.1292e-5],"warm_readout_s":[3.0042e-5],"warm_compute_s":[4.1458e-5],"warm_count_s":[3.75e-7],"input_nodes":37,"final_nodes":169,"input_bytes_est":2868,"final_bytes_est":21488,"input_storage":{"layout":"slab","record_bytes":592,"table_bytes":672,"interner_bytes":1100,"metadata_bytes":504,"cache_bytes":0,"records":37,"tables":36,"logical_words":84,"total_bytes_est":2868},"final_storage":{"layout":"slab","record_bytes":4736,"table_bytes":5376,"interner_bytes":4992,"metadata_bytes":2576,"cache_bytes":3808,"records":169,"tables":168,"logical_words":600,"total_bytes_est":21488},"outer_memo_bytes":0,"colt_bytes":14992,"checksum":1804000,"verified":true}
EVENT_LAB {"kind":"readout_free_join","candidate":"retraction512","domain":"full","readout_family":"suffix-half","readout_faces":"xy","hidden":51,"width":4,"bits":12,"worlds":4096,"admissible_worlds":4096,"environments":1,"rows":128,"groups":16,"outputs":64,"memo":true,"changed_possible_groups":16,"changed_guaranteed_groups":16,"nonconstant_readouts":32,"build_s":[7.475e-5],"support_s":[2.4875e-5],"import_s":[4.9458e-5],"admission_s":[8.4e-8],"join_only_s":[2.8542e-5],"fresh_s":[0.000148125],"fresh_group_s":[0.000117417],"fresh_readout_s":[3.0291e-5],"fresh_compute_s":[0.000147792],"fresh_count_s":[2.5e-7],"warm_s":[3.8167e-5],"warm_group_s":[7.792e-6],"warm_readout_s":[2.9958e-5],"warm_compute_s":[3.7834e-5],"warm_count_s":[2.5e-7],"input_nodes":37,"final_nodes":169,"input_bytes_est":2868,"final_bytes_est":30448,"input_storage":{"layout":"slab","record_bytes":592,"table_bytes":672,"interner_bytes":1100,"metadata_bytes":504,"cache_bytes":0,"records":37,"tables":36,"logical_words":84,"total_bytes_est":2868},"final_storage":{"layout":"slab","record_bytes":4736,"table_bytes":5376,"interner_bytes":4992,"metadata_bytes":2576,"cache_bytes":3808,"records":169,"tables":168,"logical_words":600,"total_bytes_est":21488},"outer_memo_bytes":8960,"colt_bytes":14992,"checksum":1804000,"verified":true}
EVENT_LAB {"kind":"readout_free_join","candidate":"retraction512","domain":"full","readout_family":"suffix-half","readout_faces":"xy","hidden":455,"width":6,"bits":18,"worlds":262144,"admissible_worlds":262144,"environments":1,"rows":128,"groups":16,"outputs":64,"memo":false,"changed_possible_groups":16,"changed_guaranteed_groups":16,"nonconstant_readouts":32,"build_s":[0.000525042],"support_s":[1.375e-5],"import_s":[0.000510833],"admission_s":[8.3e-8],"join_only_s":[1.2375e-5],"fresh_s":[0.000852167],"fresh_group_s":[0.00063175],"fresh_readout_s":[0.000219875],"fresh_compute_s":[0.000851792],"fresh_count_s":[2.5e-7],"warm_s":[0.0002595],"warm_group_s":[3.15e-5],"warm_readout_s":[0.000225625],"warm_compute_s":[0.000258791],"warm_count_s":[6.25e-7],"input_nodes":229,"final_nodes":1254,"input_bytes_est":20852,"final_bytes_est":166760,"input_storage":{"layout":"slab","record_bytes":3664,"table_bytes":6544,"interner_bytes":8532,"metadata_bytes":2112,"cache_bytes":0,"records":229,"tables":125,"logical_words":818,"total_bytes_est":20852},"final_storage":{"layout":"slab","record_bytes":29312,"table_bytes":52352,"interner_bytes":37792,"metadata_bytes":14936,"cache_bytes":32368,"records":1254,"tables":544,"logical_words":3864,"total_bytes_est":166760},"outer_memo_bytes":0,"colt_bytes":14992,"checksum":19699840,"verified":true}
EVENT_LAB {"kind":"readout_free_join","candidate":"retraction512","domain":"full","readout_family":"suffix-half","readout_faces":"xy","hidden":455,"width":6,"bits":18,"worlds":262144,"admissible_worlds":262144,"environments":1,"rows":128,"groups":16,"outputs":64,"memo":true,"changed_possible_groups":16,"changed_guaranteed_groups":16,"nonconstant_readouts":32,"build_s":[0.000525042],"support_s":[1.375e-5],"import_s":[0.000510833],"admission_s":[8.3e-8],"join_only_s":[1.2375e-5],"fresh_s":[0.000859625],"fresh_group_s":[0.000640875],"fresh_readout_s":[0.000217583],"fresh_compute_s":[0.00085925],"fresh_count_s":[3.34e-7],"warm_s":[0.000228584],"warm_group_s":[1.5792e-5],"warm_readout_s":[0.00021175],"warm_compute_s":[0.000228125],"warm_count_s":[3.75e-7],"input_nodes":229,"final_nodes":1254,"input_bytes_est":20852,"final_bytes_est":175720,"input_storage":{"layout":"slab","record_bytes":3664,"table_bytes":6544,"interner_bytes":8532,"metadata_bytes":2112,"cache_bytes":0,"records":229,"tables":125,"logical_words":818,"total_bytes_est":20852},"final_storage":{"layout":"slab","record_bytes":29312,"table_bytes":52352,"interner_bytes":37792,"metadata_bytes":14936,"cache_bytes":32368,"records":1254,"tables":544,"logical_words":3864,"total_bytes_est":166760},"outer_memo_bytes":8960,"colt_bytes":14992,"checksum":19699840,"verified":true}
ok

test result: ok. 1 passed; 0 failed; 0 ignored; 0 measured; 1378 filtered out; finished in 0.79s


        0.79 real         0.78 user         0.00 sys
            10436608  maximum resident set size
                   0  average shared memory size
                   0  average unshared data size
                   0  average unshared stack size
                 852  page reclaims
                   0  page faults
                   0  swaps
                   0  block input operations
                   0  block output operations
                   0  messages sent
                   0  messages received
                   0  signals received
                   0  voluntary context switches
                  43  involuntary context switches
         14686112710  instructions retired
          2675447208  cycles elapsed
             7471488  peak memory footprint
