
running 1 test
test event_repr_lab::experiment ... EVENT_LAB {"kind":"readout_free_join","candidate":"retraction512","domain":"full","readout_family":"suffix-half","readout_faces":"xy","hidden":51,"width":4,"bits":12,"worlds":4096,"admissible_worlds":4096,"environments":1,"rows":128,"groups":16,"outputs":64,"memo":false,"changed_possible_groups":16,"changed_guaranteed_groups":16,"nonconstant_readouts":32,"build_s":[7.4375e-5],"support_s":[2.8833e-5],"import_s":[4.5292e-5],"admission_s":[4.2e-8],"join_only_s":[3.1542e-5],"fresh_s":[0.000186291],"fresh_group_s":[0.000138542],"fresh_readout_s":[4.1958e-5],"fresh_compute_s":[0.000181666],"fresh_count_s":[4.542e-6],"warm_s":[4.25e-5],"warm_group_s":[1.1458e-5],"warm_readout_s":[3.0542e-5],"warm_compute_s":[4.2083e-5],"warm_count_s":[2.92e-7],"input_nodes":37,"final_nodes":169,"input_bytes_est":2868,"final_bytes_est":21488,"input_storage":{"layout":"slab","record_bytes":592,"table_bytes":672,"interner_bytes":1100,"metadata_bytes":504,"cache_bytes":0,"records":37,"tables":36,"logical_words":84,"total_bytes_est":2868},"final_storage":{"layout":"slab","record_bytes":4736,"table_bytes":5376,"interner_bytes":4992,"metadata_bytes":2576,"cache_bytes":3808,"records":169,"tables":168,"logical_words":600,"total_bytes_est":21488},"outer_memo_bytes":0,"colt_bytes":14992,"checksum":1804000,"verified":true}
EVENT_LAB {"kind":"readout_free_join","candidate":"retraction512","domain":"full","readout_family":"suffix-half","readout_faces":"xy","hidden":51,"width":4,"bits":12,"worlds":4096,"admissible_worlds":4096,"environments":1,"rows":128,"groups":16,"outputs":64,"memo":true,"changed_possible_groups":16,"changed_guaranteed_groups":16,"nonconstant_readouts":32,"build_s":[7.4375e-5],"support_s":[2.8833e-5],"import_s":[4.5292e-5],"admission_s":[4.2e-8],"join_only_s":[3.1542e-5],"fresh_s":[0.000146958],"fresh_group_s":[0.00011575],"fresh_readout_s":[3.0708e-5],"fresh_compute_s":[0.000146542],"fresh_count_s":[3.34e-7],"warm_s":[3.7916e-5],"warm_group_s":[7.625e-6],"warm_readout_s":[2.9875e-5],"warm_compute_s":[3.7583e-5],"warm_count_s":[2.5e-7],"input_nodes":37,"final_nodes":169,"input_bytes_est":2868,"final_bytes_est":30448,"input_storage":{"layout":"slab","record_bytes":592,"table_bytes":672,"interner_bytes":1100,"metadata_bytes":504,"cache_bytes":0,"records":37,"tables":36,"logical_words":84,"total_bytes_est":2868},"final_storage":{"layout":"slab","record_bytes":4736,"table_bytes":5376,"interner_bytes":4992,"metadata_bytes":2576,"cache_bytes":3808,"records":169,"tables":168,"logical_words":600,"total_bytes_est":21488},"outer_memo_bytes":8960,"colt_bytes":14992,"checksum":1804000,"verified":true}
EVENT_LAB {"kind":"readout_free_join","candidate":"retraction512","domain":"full","readout_family":"suffix-half","readout_faces":"xy","hidden":455,"width":6,"bits":18,"worlds":262144,"admissible_worlds":262144,"environments":1,"rows":128,"groups":16,"outputs":64,"memo":false,"changed_possible_groups":16,"changed_guaranteed_groups":16,"nonconstant_readouts":32,"build_s":[0.0005265],"support_s":[1.2583e-5],"import_s":[0.0005135],"admission_s":[1.25e-7],"join_only_s":[1.2708e-5],"fresh_s":[0.000876334],"fresh_group_s":[0.00064025],"fresh_readout_s":[0.000235042],"fresh_compute_s":[0.0008755],"fresh_count_s":[3.33e-7],"warm_s":[0.000254625],"warm_group_s":[3.2458e-5],"warm_readout_s":[0.000220833],"warm_compute_s":[0.000253959],"warm_count_s":[5.84e-7],"input_nodes":229,"final_nodes":1254,"input_bytes_est":20852,"final_bytes_est":166760,"input_storage":{"layout":"slab","record_bytes":3664,"table_bytes":6544,"interner_bytes":8532,"metadata_bytes":2112,"cache_bytes":0,"records":229,"tables":125,"logical_words":818,"total_bytes_est":20852},"final_storage":{"layout":"slab","record_bytes":29312,"table_bytes":52352,"interner_bytes":37792,"metadata_bytes":14936,"cache_bytes":32368,"records":1254,"tables":544,"logical_words":3864,"total_bytes_est":166760},"outer_memo_bytes":0,"colt_bytes":14992,"checksum":19699840,"verified":true}
EVENT_LAB {"kind":"readout_free_join","candidate":"retraction512","domain":"full","readout_family":"suffix-half","readout_faces":"xy","hidden":455,"width":6,"bits":18,"worlds":262144,"admissible_worlds":262144,"environments":1,"rows":128,"groups":16,"outputs":64,"memo":true,"changed_possible_groups":16,"changed_guaranteed_groups":16,"nonconstant_readouts":32,"build_s":[0.0005265],"support_s":[1.2583e-5],"import_s":[0.0005135],"admission_s":[1.25e-7],"join_only_s":[1.2708e-5],"fresh_s":[0.000858375],"fresh_group_s":[0.000648375],"fresh_readout_s":[0.000209125],"fresh_compute_s":[0.000857959],"fresh_count_s":[3.34e-7],"warm_s":[0.000220625],"warm_group_s":[1.1708e-5],"warm_readout_s":[0.00020825],"warm_compute_s":[0.000220333],"warm_count_s":[2.5e-7],"input_nodes":229,"final_nodes":1254,"input_bytes_est":20852,"final_bytes_est":175720,"input_storage":{"layout":"slab","record_bytes":3664,"table_bytes":6544,"interner_bytes":8532,"metadata_bytes":2112,"cache_bytes":0,"records":229,"tables":125,"logical_words":818,"total_bytes_est":20852},"final_storage":{"layout":"slab","record_bytes":29312,"table_bytes":52352,"interner_bytes":37792,"metadata_bytes":14936,"cache_bytes":32368,"records":1254,"tables":544,"logical_words":3864,"total_bytes_est":166760},"outer_memo_bytes":8960,"colt_bytes":14992,"checksum":19699840,"verified":true}
ok

test result: ok. 1 passed; 0 failed; 0 ignored; 0 measured; 1378 filtered out; finished in 0.79s


        0.79 real         0.78 user         0.00 sys
            10190848  maximum resident set size
                   0  average shared memory size
                   0  average unshared data size
                   0  average unshared stack size
                 837  page reclaims
                   0  page faults
                   0  swaps
                   0  block input operations
                   0  block output operations
                   0  messages sent
                   0  messages received
                   0  signals received
                   0  voluntary context switches
                  33  involuntary context switches
         14684114381  instructions retired
          2658608918  cycles elapsed
             7225728  peak memory footprint
