
running 1 test
test event_repr_lab::experiment ... EVENT_LAB {"kind":"readout_free_join","candidate":"packed512","domain":"full","readout_family":"suffix-half","readout_faces":"xy","hidden":51,"width":4,"bits":12,"worlds":4096,"admissible_worlds":4096,"environments":1,"rows":128,"groups":16,"outputs":64,"memo":false,"changed_possible_groups":16,"changed_guaranteed_groups":16,"nonconstant_readouts":32,"build_s":[5.475e-5],"support_s":[3.2375e-5],"import_s":[1.925e-5],"admission_s":[2.292e-6],"join_only_s":[4.3417e-5],"fresh_s":[5.9667e-5],"fresh_group_s":[4.4416e-5],"fresh_readout_s":[9.25e-6],"fresh_compute_s":[5.5292e-5],"fresh_count_s":[4.25e-6],"warm_s":[6.8792e-5],"warm_group_s":[5.2083e-5],"warm_readout_s":[9.458e-6],"warm_compute_s":[6.2458e-5],"warm_count_s":[6.125e-6],"input_nodes":25,"final_nodes":157,"input_bytes_est":3924,"final_bytes_est":36180,"input_storage":null,"final_storage":null,"outer_memo_bytes":0,"colt_bytes":14992,"checksum":1804000,"verified":true}
EVENT_LAB {"kind":"readout_free_join","candidate":"packed512","domain":"full","readout_family":"suffix-half","readout_faces":"xy","hidden":51,"width":4,"bits":12,"worlds":4096,"admissible_worlds":4096,"environments":1,"rows":128,"groups":16,"outputs":64,"memo":true,"changed_possible_groups":16,"changed_guaranteed_groups":16,"nonconstant_readouts":32,"build_s":[5.475e-5],"support_s":[3.2375e-5],"import_s":[1.925e-5],"admission_s":[2.292e-6],"join_only_s":[4.3417e-5],"fresh_s":[4.8583e-5],"fresh_group_s":[4.0334e-5],"fresh_readout_s":[4.166e-6],"fresh_compute_s":[4.5375e-5],"fresh_count_s":[2.833e-6],"warm_s":[2.4584e-5],"warm_group_s":[1.7958e-5],"warm_readout_s":[3.417e-6],"warm_compute_s":[2.1834e-5],"warm_count_s":[2.667e-6],"input_nodes":25,"final_nodes":157,"input_bytes_est":3924,"final_bytes_est":45140,"input_storage":null,"final_storage":null,"outer_memo_bytes":8960,"colt_bytes":14992,"checksum":1804000,"verified":true}
EVENT_LAB {"kind":"readout_free_join","candidate":"packed512","domain":"full","readout_family":"suffix-half","readout_faces":"xy","hidden":455,"width":6,"bits":18,"worlds":262144,"admissible_worlds":262144,"environments":1,"rows":128,"groups":16,"outputs":64,"memo":false,"changed_possible_groups":16,"changed_guaranteed_groups":16,"nonconstant_readouts":32,"build_s":[0.000454083],"support_s":[8e-6],"import_s":[0.000445083],"admission_s":[2.09e-7],"join_only_s":[2.2625e-5],"fresh_s":[0.000159167],"fresh_group_s":[0.000110958],"fresh_readout_s":[2.6875e-5],"fresh_compute_s":[0.000138083],"fresh_count_s":[2.0958e-5],"warm_s":[7.5208e-5],"warm_group_s":[3.3166e-5],"warm_readout_s":[2.3667e-5],"warm_compute_s":[5.7666e-5],"warm_count_s":[1.7542e-5],"input_nodes":245,"final_nodes":1238,"input_bytes_est":25292,"final_bytes_est":215916,"input_storage":null,"final_storage":null,"outer_memo_bytes":0,"colt_bytes":14992,"checksum":19699840,"verified":true}
EVENT_LAB {"kind":"readout_free_join","candidate":"packed512","domain":"full","readout_family":"suffix-half","readout_faces":"xy","hidden":455,"width":6,"bits":18,"worlds":262144,"admissible_worlds":262144,"environments":1,"rows":128,"groups":16,"outputs":64,"memo":true,"changed_possible_groups":16,"changed_guaranteed_groups":16,"nonconstant_readouts":32,"build_s":[0.000454083],"support_s":[8e-6],"import_s":[0.000445083],"admission_s":[2.09e-7],"join_only_s":[2.2625e-5],"fresh_s":[0.00016675],"fresh_group_s":[0.00012525],"fresh_readout_s":[2.2542e-5],"fresh_compute_s":[0.000148459],"fresh_count_s":[1.8167e-5],"warm_s":[5.9958e-5],"warm_group_s":[1.8833e-5],"warm_readout_s":[2.3083e-5],"warm_compute_s":[4.275e-5],"warm_count_s":[1.7083e-5],"input_nodes":245,"final_nodes":1238,"input_bytes_est":25292,"final_bytes_est":224876,"input_storage":null,"final_storage":null,"outer_memo_bytes":8960,"colt_bytes":14992,"checksum":19699840,"verified":true}
ok

test result: ok. 1 passed; 0 failed; 0 ignored; 0 measured; 1378 filtered out; finished in 1.21s


        1.21 real         1.06 user         0.00 sys
             9895936  maximum resident set size
                   0  average shared memory size
                   0  average unshared data size
                   0  average unshared stack size
                 818  page reclaims
                   0  page faults
                   0  swaps
                   0  block input operations
                   0  block output operations
                   0  messages sent
                   0  messages received
                   0  signals received
                   0  voluntary context switches
                 486  involuntary context switches
         19334301190  instructions retired
          3092392520  cycles elapsed
             7127448  peak memory footprint
