
running 1 test
test event_repr_lab::experiment ... EVENT_LAB {"kind":"readout_free_join","candidate":"prefix512","domain":"full","readout_family":"suffix-half","readout_faces":"xy","hidden":51,"width":4,"bits":12,"worlds":4096,"admissible_worlds":4096,"environments":1,"rows":128,"groups":16,"outputs":64,"memo":false,"changed_possible_groups":16,"changed_guaranteed_groups":16,"nonconstant_readouts":32,"build_s":[6.8875e-5],"support_s":[2.6291e-5],"import_s":[4.2333e-5],"admission_s":[8.3e-8],"join_only_s":[2.7125e-5],"fresh_s":[0.000170125],"fresh_group_s":[0.000131958],"fresh_readout_s":[3.5334e-5],"fresh_compute_s":[0.000168333],"fresh_count_s":[1.708e-6],"warm_s":[4.2334e-5],"warm_group_s":[1.1833e-5],"warm_readout_s":[3e-5],"warm_compute_s":[4.1959e-5],"warm_count_s":[2.92e-7],"input_nodes":37,"final_nodes":169,"input_bytes_est":2868,"final_bytes_est":21488,"input_storage":{"layout":"slab","record_bytes":592,"table_bytes":672,"interner_bytes":1100,"metadata_bytes":504,"cache_bytes":0,"records":37,"tables":36,"logical_words":84,"total_bytes_est":2868},"final_storage":{"layout":"slab","record_bytes":4736,"table_bytes":5376,"interner_bytes":4992,"metadata_bytes":2576,"cache_bytes":3808,"records":169,"tables":168,"logical_words":600,"total_bytes_est":21488},"outer_memo_bytes":0,"colt_bytes":14992,"checksum":1804000,"verified":true}
EVENT_LAB {"kind":"readout_free_join","candidate":"prefix512","domain":"full","readout_family":"suffix-half","readout_faces":"xy","hidden":51,"width":4,"bits":12,"worlds":4096,"admissible_worlds":4096,"environments":1,"rows":128,"groups":16,"outputs":64,"memo":true,"changed_possible_groups":16,"changed_guaranteed_groups":16,"nonconstant_readouts":32,"build_s":[6.8875e-5],"support_s":[2.6291e-5],"import_s":[4.2333e-5],"admission_s":[8.3e-8],"join_only_s":[2.7125e-5],"fresh_s":[0.000178416],"fresh_group_s":[0.000140208],"fresh_readout_s":[3.775e-5],"fresh_compute_s":[0.000178041],"fresh_count_s":[2.5e-7],"warm_s":[3.8125e-5],"warm_group_s":[8.041e-6],"warm_readout_s":[2.9625e-5],"warm_compute_s":[3.7708e-5],"warm_count_s":[2.08e-7],"input_nodes":37,"final_nodes":169,"input_bytes_est":2868,"final_bytes_est":30448,"input_storage":{"layout":"slab","record_bytes":592,"table_bytes":672,"interner_bytes":1100,"metadata_bytes":504,"cache_bytes":0,"records":37,"tables":36,"logical_words":84,"total_bytes_est":2868},"final_storage":{"layout":"slab","record_bytes":4736,"table_bytes":5376,"interner_bytes":4992,"metadata_bytes":2576,"cache_bytes":3808,"records":169,"tables":168,"logical_words":600,"total_bytes_est":21488},"outer_memo_bytes":8960,"colt_bytes":14992,"checksum":1804000,"verified":true}
EVENT_LAB {"kind":"readout_free_join","candidate":"prefix512","domain":"full","readout_family":"suffix-half","readout_faces":"xy","hidden":455,"width":6,"bits":18,"worlds":262144,"admissible_worlds":262144,"environments":1,"rows":128,"groups":16,"outputs":64,"memo":false,"changed_possible_groups":16,"changed_guaranteed_groups":16,"nonconstant_readouts":32,"build_s":[0.000552375],"support_s":[1.1458e-5],"import_s":[0.00054075],"admission_s":[8.3e-8],"join_only_s":[1.2708e-5],"fresh_s":[0.000659375],"fresh_group_s":[0.000490042],"fresh_readout_s":[0.000168708],"fresh_compute_s":[0.000658917],"fresh_count_s":[4.16e-7],"warm_s":[0.0001875],"warm_group_s":[2.1125e-5],"warm_readout_s":[0.000165542],"warm_compute_s":[0.000186916],"warm_count_s":[5e-7],"input_nodes":175,"final_nodes":1030,"input_bytes_est":13484,"final_bytes_est":137328,"input_storage":{"layout":"slab","record_bytes":2800,"table_bytes":4496,"interner_bytes":4508,"metadata_bytes":1680,"cache_bytes":0,"records":175,"tables":93,"logical_words":562,"total_bytes_est":13484},"final_storage":{"layout":"slab","record_bytes":22400,"table_bytes":35968,"interner_bytes":36064,"metadata_bytes":11480,"cache_bytes":31416,"records":1030,"tables":390,"logical_words":2688,"total_bytes_est":137328},"outer_memo_bytes":0,"colt_bytes":14992,"checksum":19699840,"verified":true}
EVENT_LAB {"kind":"readout_free_join","candidate":"prefix512","domain":"full","readout_family":"suffix-half","readout_faces":"xy","hidden":455,"width":6,"bits":18,"worlds":262144,"admissible_worlds":262144,"environments":1,"rows":128,"groups":16,"outputs":64,"memo":true,"changed_possible_groups":16,"changed_guaranteed_groups":16,"nonconstant_readouts":32,"build_s":[0.000552375],"support_s":[1.1458e-5],"import_s":[0.00054075],"admission_s":[8.3e-8],"join_only_s":[1.2708e-5],"fresh_s":[0.000649708],"fresh_group_s":[0.000484709],"fresh_readout_s":[0.000164166],"fresh_compute_s":[0.000649333],"fresh_count_s":[2.91e-7],"warm_s":[0.000185458],"warm_group_s":[1.7458e-5],"warm_readout_s":[0.000167167],"warm_compute_s":[0.000185],"warm_count_s":[3.33e-7],"input_nodes":175,"final_nodes":1030,"input_bytes_est":13484,"final_bytes_est":146288,"input_storage":{"layout":"slab","record_bytes":2800,"table_bytes":4496,"interner_bytes":4508,"metadata_bytes":1680,"cache_bytes":0,"records":175,"tables":93,"logical_words":562,"total_bytes_est":13484},"final_storage":{"layout":"slab","record_bytes":22400,"table_bytes":35968,"interner_bytes":36064,"metadata_bytes":11480,"cache_bytes":31416,"records":1030,"tables":390,"logical_words":2688,"total_bytes_est":137328},"outer_memo_bytes":8960,"colt_bytes":14992,"checksum":19699840,"verified":true}
ok

test result: ok. 1 passed; 0 failed; 0 ignored; 0 measured; 1378 filtered out; finished in 0.77s


        0.77 real         0.75 user         0.01 sys
            10207232  maximum resident set size
                   0  average shared memory size
                   0  average unshared data size
                   0  average unshared stack size
                 838  page reclaims
                   0  page faults
                   0  swaps
                   0  block input operations
                   0  block output operations
                   0  messages sent
                   0  messages received
                   0  signals received
                   0  voluntary context switches
                  36  involuntary context switches
         14165826775  instructions retired
          2600593788  cycles elapsed
             7274880  peak memory footprint
