
running 1 test
test event_repr_lab::experiment ... EVENT_LAB {"kind":"readout_free_join","candidate":"prefix512","domain":"holes","readout_family":"suffix-half","readout_faces":"xy","hidden":51,"width":4,"bits":12,"worlds":4096,"admissible_worlds":1000,"environments":1,"rows":128,"groups":16,"outputs":64,"memo":false,"changed_possible_groups":16,"changed_guaranteed_groups":16,"nonconstant_readouts":32,"build_s":[0.000729209],"support_s":[0.000166917],"import_s":[0.000530083],"admission_s":[3.175e-5],"join_only_s":[3.0875e-5],"fresh_s":[0.000197375],"fresh_group_s":[0.000146083],"fresh_readout_s":[3.5167e-5],"fresh_compute_s":[0.000182666],"fresh_count_s":[1.4583e-5],"warm_s":[6.5125e-5],"warm_group_s":[1.975e-5],"warm_readout_s":[3.5334e-5],"warm_compute_s":[5.525e-5],"warm_count_s":[9.708e-6],"input_nodes":755,"final_nodes":855,"input_bytes_est":82764,"final_bytes_est":115592,"input_storage":{"layout":"slab","record_bytes":12080,"table_bytes":11688,"interner_bytes":18252,"metadata_bytes":6248,"cache_bytes":34496,"records":755,"tables":748,"logical_words":1461,"total_bytes_est":82764},"final_storage":{"layout":"slab","record_bytes":24160,"table_bytes":23376,"interner_bytes":21272,"metadata_bytes":12288,"cache_bytes":34496,"records":855,"tables":848,"logical_words":1787,"total_bytes_est":115592},"outer_memo_bytes":0,"colt_bytes":14992,"checksum":353240,"verified":true}
EVENT_LAB {"kind":"readout_free_join","candidate":"prefix512","domain":"holes","readout_family":"suffix-half","readout_faces":"xy","hidden":51,"width":4,"bits":12,"worlds":4096,"admissible_worlds":1000,"environments":1,"rows":128,"groups":16,"outputs":64,"memo":true,"changed_possible_groups":16,"changed_guaranteed_groups":16,"nonconstant_readouts":32,"build_s":[0.000729209],"support_s":[0.000166917],"import_s":[0.000530083],"admission_s":[3.175e-5],"join_only_s":[3.0875e-5],"fresh_s":[0.000236125],"fresh_group_s":[0.000145542],"fresh_readout_s":[6.8375e-5],"fresh_compute_s":[0.000215208],"fresh_count_s":[2.0542e-5],"warm_s":[6.1791e-5],"warm_group_s":[1.6459e-5],"warm_readout_s":[3.5625e-5],"warm_compute_s":[5.2541e-5],"warm_count_s":[9.125e-6],"input_nodes":755,"final_nodes":855,"input_bytes_est":82764,"final_bytes_est":124552,"input_storage":{"layout":"slab","record_bytes":12080,"table_bytes":11688,"interner_bytes":18252,"metadata_bytes":6248,"cache_bytes":34496,"records":755,"tables":748,"logical_words":1461,"total_bytes_est":82764},"final_storage":{"layout":"slab","record_bytes":24160,"table_bytes":23376,"interner_bytes":21272,"metadata_bytes":12288,"cache_bytes":34496,"records":855,"tables":848,"logical_words":1787,"total_bytes_est":115592},"outer_memo_bytes":8960,"colt_bytes":14992,"checksum":353240,"verified":true}
EVENT_LAB {"kind":"readout_free_join","candidate":"prefix512","domain":"holes","readout_family":"suffix-half","readout_faces":"xy","hidden":455,"width":6,"bits":18,"worlds":262144,"admissible_worlds":74088,"environments":1,"rows":128,"groups":16,"outputs":64,"memo":false,"changed_possible_groups":16,"changed_guaranteed_groups":16,"nonconstant_readouts":32,"build_s":[0.007518125],"support_s":[0.000447458],"import_s":[0.006828208],"admission_s":[0.000241875],"join_only_s":[1.7792e-5],"fresh_s":[0.00106025],"fresh_group_s":[0.000718791],"fresh_readout_s":[0.000211834],"fresh_compute_s":[0.000931375],"fresh_count_s":[0.00012875],"warm_s":[0.0003685],"warm_group_s":[3.525e-5],"warm_readout_s":[0.000210708],"warm_compute_s":[0.000246542],"warm_count_s":[0.000121875],"input_nodes":10856,"final_nodes":11564,"input_bytes_est":1072640,"final_bytes_est":1588584,"input_storage":{"layout":"slab","record_bytes":173696,"table_bytes":211976,"interner_bytes":287136,"metadata_bytes":87128,"cache_bytes":312704,"records":10856,"tables":5119,"logical_words":26497,"total_bytes_est":1072640},"final_storage":{"layout":"slab","record_bytes":347392,"table_bytes":423952,"interner_bytes":330560,"metadata_bytes":173976,"cache_bytes":312704,"records":11564,"tables":5411,"logical_words":28302,"total_bytes_est":1588584},"outer_memo_bytes":0,"colt_bytes":14992,"checksum":5067888,"verified":true}
EVENT_LAB {"kind":"readout_free_join","candidate":"prefix512","domain":"holes","readout_family":"suffix-half","readout_faces":"xy","hidden":455,"width":6,"bits":18,"worlds":262144,"admissible_worlds":74088,"environments":1,"rows":128,"groups":16,"outputs":64,"memo":true,"changed_possible_groups":16,"changed_guaranteed_groups":16,"nonconstant_readouts":32,"build_s":[0.007518125],"support_s":[0.000447458],"import_s":[0.006828208],"admission_s":[0.000241875],"join_only_s":[1.7792e-5],"fresh_s":[0.000983],"fresh_group_s":[0.000638917],"fresh_readout_s":[0.000206416],"fresh_compute_s":[0.000846084],"fresh_count_s":[0.000136834],"warm_s":[0.00034775],"warm_group_s":[1.6417e-5],"warm_readout_s":[0.000207417],"warm_compute_s":[0.000224541],"warm_count_s":[0.000123125],"input_nodes":10856,"final_nodes":11564,"input_bytes_est":1072640,"final_bytes_est":1597544,"input_storage":{"layout":"slab","record_bytes":173696,"table_bytes":211976,"interner_bytes":287136,"metadata_bytes":87128,"cache_bytes":312704,"records":10856,"tables":5119,"logical_words":26497,"total_bytes_est":1072640},"final_storage":{"layout":"slab","record_bytes":347392,"table_bytes":423952,"interner_bytes":330560,"metadata_bytes":173976,"cache_bytes":312704,"records":11564,"tables":5411,"logical_words":28302,"total_bytes_est":1588584},"outer_memo_bytes":8960,"colt_bytes":14992,"checksum":5067888,"verified":true}
ok

test result: ok. 1 passed; 0 failed; 0 ignored; 0 measured; 1378 filtered out; finished in 4.14s


        4.14 real         4.12 user         0.01 sys
            18825216  maximum resident set size
                   0  average shared memory size
                   0  average unshared data size
                   0  average unshared stack size
                1365  page reclaims
                   0  page faults
                   0  swaps
                   0  block input operations
                   0  block output operations
                   0  messages sent
                   0  messages received
                   0  signals received
                   0  voluntary context switches
                 306  involuntary context switches
         45505360291  instructions retired
         13535459066  cycles elapsed
            15810968  peak memory footprint
