
running 1 test
test event_repr_lab::experiment ... EVENT_LAB {"kind":"legal_relation_free_join","candidate":"essential512","domain":"fibred","product_mode":"views","support_gates":"certified","bits":13,"width":4,"environments":2,"worlds":8192,"admissible_worlds":3197,"rows":128,"groups":16,"outputs":80,"memo":false,"build_s":[0.001511083],"support_s":[0.000126125],"import_s":[0.000367083],"admission_s":[0.001017417],"join_only_s":[2.5375e-5],"fresh_s":[0.006297541],"warm_s":[0.001898291],"fresh_compute_s":[0.006297166],"fresh_count_s":[2.5e-7],"warm_compute_s":[0.001889],"warm_count_s":[9.041e-6],"input_bytes_est":235828,"final_bytes_est":1088715,"input_nodes":2194,"final_nodes":7971,"input_storage":{"layout":"slab","record_bytes":35104,"table_bytes":44240,"interner_bytes":69704,"metadata_bytes":17656,"cache_bytes":68544,"records":2194,"tables":1021,"logical_words":5530,"total_bytes_est":235248},"final_storage":{"layout":"slab","record_bytes":140416,"table_bytes":353920,"interner_bytes":278816,"metadata_bytes":70312,"cache_bytes":243915,"records":7971,"tables":5201,"logical_words":26000,"total_bytes_est":1087379},"checksum":5522780,"verified":true}
EVENT_LAB {"kind":"legal_relation_free_join","candidate":"essential512","domain":"fibred","product_mode":"views","support_gates":"certified","bits":13,"width":4,"environments":2,"worlds":8192,"admissible_worlds":3197,"rows":128,"groups":16,"outputs":80,"memo":true,"build_s":[0.001511083],"support_s":[0.000126125],"import_s":[0.000367083],"admission_s":[0.001017417],"join_only_s":[2.5375e-5],"fresh_s":[0.005159833],"warm_s":[1.3541e-5],"fresh_compute_s":[0.005159458],"fresh_count_s":[2.5e-7],"warm_compute_s":[1.3166e-5],"warm_count_s":[2.5e-7],"input_bytes_est":235828,"final_bytes_est":1102211,"input_nodes":2194,"final_nodes":7971,"input_storage":{"layout":"slab","record_bytes":35104,"table_bytes":44240,"interner_bytes":69704,"metadata_bytes":17656,"cache_bytes":68544,"records":2194,"tables":1021,"logical_words":5530,"total_bytes_est":235248},"final_storage":{"layout":"slab","record_bytes":140416,"table_bytes":353920,"interner_bytes":278816,"metadata_bytes":70312,"cache_bytes":243915,"records":7971,"tables":5201,"logical_words":26000,"total_bytes_est":1087379},"checksum":5522780,"verified":true}
EVENT_LAB {"kind":"legal_relation_free_join","candidate":"essential512","domain":"fibred","product_mode":"views","support_gates":"certified","bits":19,"width":6,"environments":2,"worlds":524288,"admissible_worlds":301069,"rows":128,"groups":16,"outputs":80,"memo":false,"build_s":[0.007177708],"support_s":[0.000376833],"import_s":[0.001805083],"admission_s":[0.004995208],"join_only_s":[1.6792e-5],"fresh_s":[0.068599416],"warm_s":[0.017046417],"fresh_compute_s":[0.0685985],"fresh_count_s":[6.67e-7],"warm_compute_s":[0.017045208],"warm_count_s":[8.75e-7],"input_bytes_est":1527240,"final_bytes_est":12039035,"input_nodes":15013,"final_nodes":109616,"input_storage":{"layout":"slab","record_bytes":240208,"table_bytes":115592,"interner_bytes":547476,"metadata_bytes":120256,"cache_bytes":502656,"records":15013,"tables":2572,"logical_words":14449,"total_bytes_est":1526188},"final_storage":{"layout":"slab","record_bytes":1921664,"table_bytes":1849472,"interner_bytes":2430112,"metadata_bytes":960984,"cache_bytes":4874491,"records":109616,"tables":35743,"logical_words":200587,"total_bytes_est":12036723},"checksum":243821880,"verified":true}
EVENT_LAB {"kind":"legal_relation_free_join","candidate":"essential512","domain":"fibred","product_mode":"views","support_gates":"certified","bits":19,"width":6,"environments":2,"worlds":524288,"admissible_worlds":301069,"rows":128,"groups":16,"outputs":80,"memo":true,"build_s":[0.007177708],"support_s":[0.000376833],"import_s":[0.001805083],"admission_s":[0.004995208],"join_only_s":[1.6792e-5],"fresh_s":[0.06822625],"warm_s":[3.8e-5],"fresh_compute_s":[0.068224958],"fresh_count_s":[7.92e-7],"warm_compute_s":[3.3208e-5],"warm_count_s":[4e-6],"input_bytes_est":1527240,"final_bytes_est":12052755,"input_nodes":15013,"final_nodes":109616,"input_storage":{"layout":"slab","record_bytes":240208,"table_bytes":115592,"interner_bytes":547476,"metadata_bytes":120256,"cache_bytes":502656,"records":15013,"tables":2572,"logical_words":14449,"total_bytes_est":1526188},"final_storage":{"layout":"slab","record_bytes":1921664,"table_bytes":1849472,"interner_bytes":2430112,"metadata_bytes":960984,"cache_bytes":4874491,"records":109616,"tables":35743,"logical_words":200587,"total_bytes_est":12036723},"checksum":243821880,"verified":true}
ok

test result: ok. 1 passed; 0 failed; 0 ignored; 0 measured; 1378 filtered out; finished in 12.73s


       12.73 real        12.49 user         0.22 sys
            42516480  maximum resident set size
                   0  average shared memory size
                   0  average unshared data size
                   0  average unshared stack size
                2809  page reclaims
                   0  page faults
                   0  swaps
                   0  block input operations
                   0  block output operations
                   0  messages sent
                   0  messages received
                   0  signals received
                   0  voluntary context switches
                 815  involuntary context switches
        151113847097  instructions retired
         43097041777  cycles elapsed
            39305624  peak memory footprint
