
running 1 test
test event_repr_lab::experiment ... EVENT_LAB {"kind":"legal_relation_free_join","candidate":"prefix512","domain":"below","product_mode":"views","support_gates":"certified","bits":12,"width":4,"environments":1,"worlds":4096,"admissible_worlds":2197,"rows":128,"groups":16,"outputs":80,"memo":false,"build_s":[0.000625333],"support_s":[9.4792e-5],"import_s":[0.000500708],"admission_s":[2.9459e-5],"join_only_s":[2.6166e-5],"fresh_s":[0.000601667],"warm_s":[0.000388375],"fresh_compute_s":[0.000521875],"fresh_count_s":[7.9667e-5],"warm_compute_s":[0.000322292],"warm_count_s":[6.5959e-5],"input_bytes_est":78951,"final_bytes_est":109859,"input_nodes":658,"final_nodes":827,"input_storage":{"layout":"slab","record_bytes":10528,"table_bytes":11728,"interner_bytes":17864,"metadata_bytes":5472,"cache_bytes":32903,"records":658,"tables":654,"logical_words":1466,"total_bytes_est":78495},"final_storage":{"layout":"slab","record_bytes":21056,"table_bytes":23456,"interner_bytes":20496,"metadata_bytes":10736,"cache_bytes":32903,"records":827,"tables":823,"logical_words":1830,"total_bytes_est":108647},"checksum":3773900,"verified":true}
EVENT_LAB {"kind":"legal_relation_free_join","candidate":"prefix512","domain":"below","product_mode":"views","support_gates":"certified","bits":12,"width":4,"environments":1,"worlds":4096,"admissible_worlds":2197,"rows":128,"groups":16,"outputs":80,"memo":true,"build_s":[0.000625333],"support_s":[9.4792e-5],"import_s":[0.000500708],"admission_s":[2.9459e-5],"join_only_s":[2.6166e-5],"fresh_s":[0.0003955],"warm_s":[8.5958e-5],"fresh_compute_s":[0.000325],"fresh_count_s":[7.0375e-5],"warm_compute_s":[1.6416e-5],"warm_count_s":[6.9291e-5],"input_bytes_est":78951,"final_bytes_est":121759,"input_nodes":658,"final_nodes":827,"input_storage":{"layout":"slab","record_bytes":10528,"table_bytes":11728,"interner_bytes":17864,"metadata_bytes":5472,"cache_bytes":32903,"records":658,"tables":654,"logical_words":1466,"total_bytes_est":78495},"final_storage":{"layout":"slab","record_bytes":21056,"table_bytes":23456,"interner_bytes":20496,"metadata_bytes":10736,"cache_bytes":32903,"records":827,"tables":823,"logical_words":1830,"total_bytes_est":108647},"checksum":3773900,"verified":true}
EVENT_LAB {"kind":"legal_relation_free_join","candidate":"prefix512","domain":"below","product_mode":"views","support_gates":"certified","bits":18,"width":6,"environments":1,"worlds":262144,"admissible_worlds":226981,"rows":128,"groups":16,"outputs":80,"memo":false,"build_s":[0.00622975],"support_s":[0.000118084],"import_s":[0.006040916],"admission_s":[6.9667e-5],"join_only_s":[1.4667e-5],"fresh_s":[0.004944292],"warm_s":[0.003728291],"fresh_compute_s":[0.003326625],"fresh_count_s":[0.0016175],"warm_compute_s":[0.002102125],"warm_count_s":[0.001625416],"input_bytes_est":666607,"final_bytes_est":1324435,"input_nodes":6928,"final_nodes":8465,"input_storage":{"layout":"slab","record_bytes":110848,"table_bytes":158448,"interner_bytes":149568,"metadata_bytes":55704,"cache_bytes":191367,"records":6928,"tables":4338,"logical_words":19806,"total_bytes_est":665935},"final_storage":{"layout":"slab","record_bytes":221696,"table_bytes":316896,"interner_bytes":299136,"metadata_bytes":111128,"cache_bytes":374151,"records":8465,"tables":5562,"logical_words":23831,"total_bytes_est":1323007},"checksum":181462800,"verified":true}
EVENT_LAB {"kind":"legal_relation_free_join","candidate":"prefix512","domain":"below","product_mode":"views","support_gates":"certified","bits":18,"width":6,"environments":1,"worlds":262144,"admissible_worlds":226981,"rows":128,"groups":16,"outputs":80,"memo":true,"build_s":[0.00622975],"support_s":[0.000118084],"import_s":[0.006040916],"admission_s":[6.9667e-5],"join_only_s":[1.4667e-5],"fresh_s":[0.003958167],"warm_s":[0.001635041],"fresh_compute_s":[0.002332375],"fresh_count_s":[0.001625334],"warm_compute_s":[2.3333e-5],"warm_count_s":[0.001610958],"input_bytes_est":666607,"final_bytes_est":1337931,"input_nodes":6928,"final_nodes":8465,"input_storage":{"layout":"slab","record_bytes":110848,"table_bytes":158448,"interner_bytes":149568,"metadata_bytes":55704,"cache_bytes":191367,"records":6928,"tables":4338,"logical_words":19806,"total_bytes_est":665935},"final_storage":{"layout":"slab","record_bytes":221696,"table_bytes":316896,"interner_bytes":299136,"metadata_bytes":111128,"cache_bytes":374151,"records":8465,"tables":5562,"logical_words":23831,"total_bytes_est":1323007},"checksum":181462800,"verified":true}
ok

test result: ok. 1 passed; 0 failed; 0 ignored; 0 measured; 1378 filtered out; finished in 3.10s


        3.10 real         3.07 user         0.02 sys
            13418496  maximum resident set size
                   0  average shared memory size
                   0  average unshared data size
                   0  average unshared stack size
                1033  page reclaims
                   0  page faults
                   0  swaps
                   0  block input operations
                   0  block output operations
                   0  messages sent
                   0  messages received
                   0  signals received
                   0  voluntary context switches
                 110  involuntary context switches
         43823588793  instructions retired
         10382301767  cycles elapsed
            10174848  peak memory footprint
