
running 1 test
test event_repr_lab::experiment ... EVENT_LAB {"kind":"legal_relation_free_join","candidate":"essential512","domain":"below","product_mode":"views","support_gates":"certified","bits":12,"width":4,"environments":1,"worlds":4096,"admissible_worlds":2197,"rows":128,"groups":16,"outputs":80,"memo":false,"build_s":[0.000509583],"support_s":[5.1375e-5],"import_s":[0.000251917],"admission_s":[0.000206],"join_only_s":[5.8333e-5],"fresh_s":[0.001606583],"warm_s":[0.000636417],"fresh_compute_s":[0.00160625],"fresh_count_s":[2.08e-7],"warm_compute_s":[0.000636084],"warm_count_s":[2.08e-7],"input_bytes_est":58888,"final_bytes_est":173919,"input_nodes":524,"final_nodes":1408,"input_storage":{"layout":"slab","record_bytes":8384,"table_bytes":9392,"interner_bytes":17328,"metadata_bytes":4288,"cache_bytes":19040,"records":524,"tables":333,"logical_words":1174,"total_bytes_est":58432},"final_storage":{"layout":"slab","record_bytes":33536,"table_bytes":37568,"interner_bytes":38848,"metadata_bytes":16864,"cache_bytes":45891,"records":1408,"tables":774,"logical_words":2807,"total_bytes_est":172707},"checksum":3773900,"verified":true}
EVENT_LAB {"kind":"legal_relation_free_join","candidate":"essential512","domain":"below","product_mode":"views","support_gates":"certified","bits":12,"width":4,"environments":1,"worlds":4096,"admissible_worlds":2197,"rows":128,"groups":16,"outputs":80,"memo":true,"build_s":[0.000509583],"support_s":[5.1375e-5],"import_s":[0.000251917],"admission_s":[0.000206],"join_only_s":[5.8333e-5],"fresh_s":[0.001161875],"warm_s":[4.8958e-5],"fresh_compute_s":[0.001161583],"fresh_count_s":[2.08e-7],"warm_compute_s":[4.3708e-5],"warm_count_s":[4.58e-7],"input_bytes_est":58888,"final_bytes_est":185819,"input_nodes":524,"final_nodes":1408,"input_storage":{"layout":"slab","record_bytes":8384,"table_bytes":9392,"interner_bytes":17328,"metadata_bytes":4288,"cache_bytes":19040,"records":524,"tables":333,"logical_words":1174,"total_bytes_est":58432},"final_storage":{"layout":"slab","record_bytes":33536,"table_bytes":37568,"interner_bytes":38848,"metadata_bytes":16864,"cache_bytes":45891,"records":1408,"tables":774,"logical_words":2807,"total_bytes_est":172707},"checksum":3773900,"verified":true}
EVENT_LAB {"kind":"legal_relation_free_join","candidate":"essential512","domain":"below","product_mode":"views","support_gates":"certified","bits":18,"width":6,"environments":1,"worlds":262144,"admissible_worlds":226981,"rows":128,"groups":16,"outputs":80,"memo":false,"build_s":[0.00267725],"support_s":[5.6e-5],"import_s":[0.001845416],"admission_s":[0.000775291],"join_only_s":[2.3458e-5],"fresh_s":[0.008727959],"warm_s":[0.003431416],"fresh_compute_s":[0.008727042],"fresh_count_s":[5.83e-7],"warm_compute_s":[0.003430375],"warm_count_s":[7.09e-7],"input_bytes_est":294184,"final_bytes_est":1175287,"input_nodes":3290,"final_nodes":8419,"input_storage":{"layout":"slab","record_bytes":52640,"table_bytes":48928,"interner_bytes":74088,"metadata_bytes":26464,"cache_bytes":91392,"records":3290,"tables":1477,"logical_words":6116,"total_bytes_est":293512},"final_storage":{"layout":"slab","record_bytes":210560,"table_bytes":195712,"interner_bytes":296352,"metadata_bytes":105424,"cache_bytes":365811,"records":8419,"tables":3591,"logical_words":14927,"total_bytes_est":1173859},"checksum":181462800,"verified":true}
EVENT_LAB {"kind":"legal_relation_free_join","candidate":"essential512","domain":"below","product_mode":"views","support_gates":"certified","bits":18,"width":6,"environments":1,"worlds":262144,"admissible_worlds":226981,"rows":128,"groups":16,"outputs":80,"memo":true,"build_s":[0.00267725],"support_s":[5.6e-5],"import_s":[0.001845416],"admission_s":[0.000775291],"join_only_s":[2.3458e-5],"fresh_s":[0.006479792],"warm_s":[3.3083e-5],"fresh_compute_s":[0.006478875],"fresh_count_s":[2.91e-7],"warm_compute_s":[3.1333e-5],"warm_count_s":[7.08e-7],"input_bytes_est":294184,"final_bytes_est":1188783,"input_nodes":3290,"final_nodes":8419,"input_storage":{"layout":"slab","record_bytes":52640,"table_bytes":48928,"interner_bytes":74088,"metadata_bytes":26464,"cache_bytes":91392,"records":3290,"tables":1477,"logical_words":6116,"total_bytes_est":293512},"final_storage":{"layout":"slab","record_bytes":210560,"table_bytes":195712,"interner_bytes":296352,"metadata_bytes":105424,"cache_bytes":365811,"records":8419,"tables":3591,"logical_words":14927,"total_bytes_est":1173859},"checksum":181462800,"verified":true}
ok

test result: ok. 1 passed; 0 failed; 0 ignored; 0 measured; 1378 filtered out; finished in 4.27s


        4.27 real         4.24 user         0.03 sys
            12550144  maximum resident set size
                   0  average shared memory size
                   0  average unshared data size
                   0  average unshared stack size
                 980  page reclaims
                   0  page faults
                   0  swaps
                   0  block input operations
                   0  block output operations
                   0  messages sent
                   0  messages received
                   0  signals received
                   0  voluntary context switches
                 337  involuntary context switches
         58943619052  instructions retired
         14301550010  cycles elapsed
             9339240  peak memory footprint
