
running 1 test
test event_repr_lab::experiment ... EVENT_LAB {"kind":"legal_relation_free_join","candidate":"prefix512","domain":"below","product_mode":"views","support_gates":"certified","bits":12,"width":4,"environments":1,"worlds":4096,"admissible_worlds":2197,"rows":128,"groups":16,"outputs":80,"memo":false,"build_s":[0.000616875],"support_s":[9.0917e-5],"import_s":[0.000498333],"admission_s":[2.7416e-5],"join_only_s":[2.5625e-5],"fresh_s":[0.00068925],"warm_s":[0.000430917],"fresh_compute_s":[0.000671833],"fresh_count_s":[1.725e-5],"warm_compute_s":[0.000418417],"warm_count_s":[1.2292e-5],"input_bytes_est":80459,"final_bytes_est":126091,"input_nodes":679,"final_nodes":1146,"input_storage":{"layout":"slab","record_bytes":10864,"table_bytes":10632,"interner_bytes":17948,"metadata_bytes":5640,"cache_bytes":34919,"records":679,"tables":675,"logical_words":1329,"total_bytes_est":80003},"final_storage":{"layout":"slab","record_bytes":21728,"table_bytes":21264,"interner_bytes":35896,"metadata_bytes":11072,"cache_bytes":34919,"records":1146,"tables":1142,"logical_words":2256,"total_bytes_est":124879},"checksum":3773900,"verified":true}
EVENT_LAB {"kind":"legal_relation_free_join","candidate":"prefix512","domain":"below","product_mode":"views","support_gates":"certified","bits":12,"width":4,"environments":1,"worlds":4096,"admissible_worlds":2197,"rows":128,"groups":16,"outputs":80,"memo":true,"build_s":[0.000616875],"support_s":[9.0917e-5],"import_s":[0.000498333],"admission_s":[2.7416e-5],"join_only_s":[2.5625e-5],"fresh_s":[0.000450833],"warm_s":[2.4292e-5],"fresh_compute_s":[0.00043825],"fresh_count_s":[1.2458e-5],"warm_compute_s":[1.1875e-5],"warm_count_s":[1.2292e-5],"input_bytes_est":80459,"final_bytes_est":137991,"input_nodes":679,"final_nodes":1146,"input_storage":{"layout":"slab","record_bytes":10864,"table_bytes":10632,"interner_bytes":17948,"metadata_bytes":5640,"cache_bytes":34919,"records":679,"tables":675,"logical_words":1329,"total_bytes_est":80003},"final_storage":{"layout":"slab","record_bytes":21728,"table_bytes":21264,"interner_bytes":35896,"metadata_bytes":11072,"cache_bytes":34919,"records":1146,"tables":1142,"logical_words":2256,"total_bytes_est":124879},"checksum":3773900,"verified":true}
EVENT_LAB {"kind":"legal_relation_free_join","candidate":"prefix512","domain":"below","product_mode":"views","support_gates":"certified","bits":18,"width":6,"environments":1,"worlds":262144,"admissible_worlds":226981,"rows":128,"groups":16,"outputs":80,"memo":false,"build_s":[0.006064667],"support_s":[9.9542e-5],"import_s":[0.005895292],"admission_s":[6.9375e-5],"join_only_s":[1.5292e-5],"fresh_s":[0.009727583],"warm_s":[0.004168083],"fresh_compute_s":[0.009629417],"fresh_count_s":[9.8e-5],"warm_compute_s":[0.004079125],"warm_count_s":[8.8542e-5],"input_bytes_est":949075,"final_bytes_est":2525699,"input_nodes":8103,"final_nodes":19056,"input_storage":{"layout":"slab","record_bytes":129648,"table_bytes":156240,"interner_bytes":276124,"metadata_bytes":65104,"cache_bytes":321287,"records":8103,"tables":4286,"logical_words":19530,"total_bytes_est":948403},"final_storage":{"layout":"slab","record_bytes":518592,"table_bytes":624960,"interner_bytes":617072,"metadata_bytes":259576,"cache_bytes":504071,"records":19056,"tables":10914,"logical_words":48842,"total_bytes_est":2524271},"checksum":181462800,"verified":true}
EVENT_LAB {"kind":"legal_relation_free_join","candidate":"prefix512","domain":"below","product_mode":"views","support_gates":"certified","bits":18,"width":6,"environments":1,"worlds":262144,"admissible_worlds":226981,"rows":128,"groups":16,"outputs":80,"memo":true,"build_s":[0.006064667],"support_s":[9.9542e-5],"import_s":[0.005895292],"admission_s":[6.9375e-5],"join_only_s":[1.5292e-5],"fresh_s":[0.00818925],"warm_s":[0.000130917],"fresh_compute_s":[0.008093625],"fresh_count_s":[9.4917e-5],"warm_compute_s":[3.3917e-5],"warm_count_s":[9.6084e-5],"input_bytes_est":949075,"final_bytes_est":2539195,"input_nodes":8103,"final_nodes":19056,"input_storage":{"layout":"slab","record_bytes":129648,"table_bytes":156240,"interner_bytes":276124,"metadata_bytes":65104,"cache_bytes":321287,"records":8103,"tables":4286,"logical_words":19530,"total_bytes_est":948403},"final_storage":{"layout":"slab","record_bytes":518592,"table_bytes":624960,"interner_bytes":617072,"metadata_bytes":259576,"cache_bytes":504071,"records":19056,"tables":10914,"logical_words":48842,"total_bytes_est":2524271},"checksum":181462800,"verified":true}
ok

test result: ok. 1 passed; 0 failed; 0 ignored; 0 measured; 1378 filtered out; finished in 3.16s


        3.16 real         3.11 user         0.04 sys
            15319040  maximum resident set size
                   0  average shared memory size
                   0  average unshared data size
                   0  average unshared stack size
                1149  page reclaims
                   0  page faults
                   0  swaps
                   0  block input operations
                   0  block output operations
                   0  messages sent
                   0  messages received
                   0  signals received
                   0  voluntary context switches
                  95  involuntary context switches
         44947257971  instructions retired
         10683817094  cycles elapsed
            12075392  peak memory footprint
