
running 1 test
test event_repr_lab::experiment ... EVENT_LAB {"kind":"legal_relation_free_join","candidate":"retraction512","domain":"below","product_mode":"views","support_gates":"certified","bits":12,"width":4,"environments":1,"worlds":4096,"admissible_worlds":2197,"rows":128,"groups":16,"outputs":80,"memo":false,"build_s":[0.000598875],"support_s":[6.7333e-5],"import_s":[0.000503167],"admission_s":[2.7875e-5],"join_only_s":[2.9625e-5],"fresh_s":[0.000917375],"warm_s":[0.00058875],"fresh_compute_s":[0.00088125],"fresh_count_s":[3.5916e-5],"warm_compute_s":[0.000558375],"warm_count_s":[3.025e-5],"input_bytes_est":81587,"final_bytes_est":181267,"input_nodes":673,"final_nodes":1364,"input_storage":{"layout":"slab","record_bytes":10768,"table_bytes":11928,"interner_bytes":17924,"metadata_bytes":5592,"cache_bytes":34919,"records":673,"tables":669,"logical_words":1491,"total_bytes_est":81131},"final_storage":{"layout":"slab","record_bytes":43072,"table_bytes":23856,"interner_bytes":41232,"metadata_bytes":21744,"cache_bytes":50151,"records":1364,"tables":1360,"logical_words":2932,"total_bytes_est":180055},"checksum":3773900,"verified":true}
EVENT_LAB {"kind":"legal_relation_free_join","candidate":"retraction512","domain":"below","product_mode":"views","support_gates":"certified","bits":12,"width":4,"environments":1,"worlds":4096,"admissible_worlds":2197,"rows":128,"groups":16,"outputs":80,"memo":true,"build_s":[0.000598875],"support_s":[6.7333e-5],"import_s":[0.000503167],"admission_s":[2.7875e-5],"join_only_s":[2.9625e-5],"fresh_s":[0.000599333],"warm_s":[4.3917e-5],"fresh_compute_s":[0.000565083],"fresh_count_s":[3.3959e-5],"warm_compute_s":[1.3625e-5],"warm_count_s":[3.0166e-5],"input_bytes_est":81587,"final_bytes_est":193167,"input_nodes":673,"final_nodes":1364,"input_storage":{"layout":"slab","record_bytes":10768,"table_bytes":11928,"interner_bytes":17924,"metadata_bytes":5592,"cache_bytes":34919,"records":673,"tables":669,"logical_words":1491,"total_bytes_est":81131},"final_storage":{"layout":"slab","record_bytes":43072,"table_bytes":23856,"interner_bytes":41232,"metadata_bytes":21744,"cache_bytes":50151,"records":1364,"tables":1360,"logical_words":2932,"total_bytes_est":180055},"checksum":3773900,"verified":true}
EVENT_LAB {"kind":"legal_relation_free_join","candidate":"retraction512","domain":"below","product_mode":"views","support_gates":"certified","bits":18,"width":6,"environments":1,"worlds":262144,"admissible_worlds":226981,"rows":128,"groups":16,"outputs":80,"memo":false,"build_s":[0.006709542],"support_s":[6.1208e-5],"import_s":[0.006571291],"admission_s":[7.675e-5],"join_only_s":[1.3833e-5],"fresh_s":[0.010824417],"warm_s":[0.004716041],"fresh_compute_s":[0.010728],"fresh_count_s":[9.6333e-5],"warm_compute_s":[0.004616791],"warm_count_s":[9.8792e-5],"input_bytes_est":1029687,"final_bytes_est":3091859,"input_nodes":9860,"final_nodes":22416,"input_storage":{"layout":"slab","record_bytes":157760,"table_bytes":187656,"interner_bytes":283152,"metadata_bytes":79160,"cache_bytes":321287,"records":9860,"tables":4820,"logical_words":23457,"total_bytes_est":1029015},"final_storage":{"layout":"slab","record_bytes":631040,"table_bytes":750624,"interner_bytes":645184,"metadata_bytes":315800,"cache_bytes":747783,"records":22416,"tables":12175,"logical_words":57507,"total_bytes_est":3090431},"checksum":181462800,"verified":true}
EVENT_LAB {"kind":"legal_relation_free_join","candidate":"retraction512","domain":"below","product_mode":"views","support_gates":"certified","bits":18,"width":6,"environments":1,"worlds":262144,"admissible_worlds":226981,"rows":128,"groups":16,"outputs":80,"memo":true,"build_s":[0.006709542],"support_s":[6.1208e-5],"import_s":[0.006571291],"admission_s":[7.675e-5],"join_only_s":[1.3833e-5],"fresh_s":[0.009160708],"warm_s":[0.000140708],"fresh_compute_s":[0.009061333],"fresh_count_s":[9.8625e-5],"warm_compute_s":[3.2833e-5],"warm_count_s":[0.000107084],"input_bytes_est":1029687,"final_bytes_est":3105355,"input_nodes":9860,"final_nodes":22416,"input_storage":{"layout":"slab","record_bytes":157760,"table_bytes":187656,"interner_bytes":283152,"metadata_bytes":79160,"cache_bytes":321287,"records":9860,"tables":4820,"logical_words":23457,"total_bytes_est":1029015},"final_storage":{"layout":"slab","record_bytes":631040,"table_bytes":750624,"interner_bytes":645184,"metadata_bytes":315800,"cache_bytes":747783,"records":22416,"tables":12175,"logical_words":57507,"total_bytes_est":3090431},"checksum":181462800,"verified":true}
ok

test result: ok. 1 passed; 0 failed; 0 ignored; 0 measured; 1378 filtered out; finished in 3.52s


        3.51 real         3.45 user         0.06 sys
            16826368  maximum resident set size
                   0  average shared memory size
                   0  average unshared data size
                   0  average unshared stack size
                1241  page reclaims
                   0  page faults
                   0  swaps
                   0  block input operations
                   0  block output operations
                   0  messages sent
                   0  messages received
                   0  signals received
                   0  voluntary context switches
                 119  involuntary context switches
         49710356249  instructions retired
         11864112712  cycles elapsed
            13566360  peak memory footprint
