
running 1 test
test event_repr_lab::experiment ... EVENT_LAB {"kind":"legal_relation_free_join","candidate":"packed512","domain":"below","product_mode":"materialized","support_gates":"materialized","bits":12,"width":4,"environments":1,"worlds":4096,"admissible_worlds":2197,"rows":128,"groups":16,"outputs":80,"memo":false,"build_s":[0.0005985],"support_s":[2.0584e-5],"import_s":[0.000494292],"admission_s":[8.3334e-5],"join_only_s":[2.9375e-5],"fresh_s":[0.001155834],"warm_s":[0.000895542],"fresh_compute_s":[0.001131542],"fresh_count_s":[2.4208e-5],"warm_compute_s":[0.000874334],"warm_count_s":[2.1125e-5],"input_bytes_est":94540,"final_bytes_est":330640,"input_nodes":642,"final_nodes":2427,"input_storage":null,"final_storage":null,"checksum":3773900,"verified":true}
EVENT_LAB {"kind":"legal_relation_free_join","candidate":"packed512","domain":"below","product_mode":"materialized","support_gates":"materialized","bits":12,"width":4,"environments":1,"worlds":4096,"admissible_worlds":2197,"rows":128,"groups":16,"outputs":80,"memo":true,"build_s":[0.0005985],"support_s":[2.0584e-5],"import_s":[0.000494292],"admission_s":[8.3334e-5],"join_only_s":[2.9375e-5],"fresh_s":[0.000554917],"warm_s":[3.6042e-5],"fresh_compute_s":[0.000530583],"fresh_count_s":[2.4e-5],"warm_compute_s":[1.45e-5],"warm_count_s":[2.1417e-5],"input_bytes_est":94540,"final_bytes_est":343632,"input_nodes":642,"final_nodes":2427,"input_storage":null,"final_storage":null,"checksum":3773900,"verified":true}
EVENT_LAB {"kind":"legal_relation_free_join","candidate":"packed512","domain":"below","product_mode":"materialized","support_gates":"materialized","bits":18,"width":6,"environments":1,"worlds":262144,"admissible_worlds":226981,"rows":128,"groups":16,"outputs":80,"memo":false,"build_s":[0.02809375],"support_s":[2.6333e-5],"import_s":[0.027896583],"admission_s":[0.000169625],"join_only_s":[1.8625e-5],"fresh_s":[0.003373708],"warm_s":[0.002386416],"fresh_compute_s":[0.003192042],"fresh_count_s":[0.000181542],"warm_compute_s":[0.002189125],"warm_count_s":[0.000196792],"input_bytes_est":344572,"final_bytes_est":2465152,"input_nodes":3011,"final_nodes":17618,"input_storage":null,"final_storage":null,"checksum":181462800,"verified":true}
EVENT_LAB {"kind":"legal_relation_free_join","candidate":"packed512","domain":"below","product_mode":"materialized","support_gates":"materialized","bits":18,"width":6,"environments":1,"worlds":262144,"admissible_worlds":226981,"rows":128,"groups":16,"outputs":80,"memo":true,"build_s":[0.02809375],"support_s":[2.6333e-5],"import_s":[0.027896583],"admission_s":[0.000169625],"join_only_s":[1.8625e-5],"fresh_s":[0.002106792],"warm_s":[0.00021075],"fresh_compute_s":[0.001930708],"fresh_count_s":[0.000175583],"warm_compute_s":[2.7791e-5],"warm_count_s":[0.000182],"input_bytes_est":344572,"final_bytes_est":2478144,"input_nodes":3011,"final_nodes":17618,"input_storage":null,"final_storage":null,"checksum":181462800,"verified":true}
ok

test result: ok. 1 passed; 0 failed; 0 ignored; 0 measured; 1378 filtered out; finished in 2.19s


        2.19 real         2.16 user         0.02 sys
            14532608  maximum resident set size
                   0  average shared memory size
                   0  average unshared data size
                   0  average unshared stack size
                1102  page reclaims
                   0  page faults
                   0  swaps
                   0  block input operations
                   0  block output operations
                   0  messages sent
                   0  messages received
                   0  signals received
                   0  voluntary context switches
                 100  involuntary context switches
         32542635314  instructions retired
          7355953508  cycles elapsed
            11600280  peak memory footprint
