
running 1 test
test event_repr_lab::experiment ... EVENT_LAB {"kind":"legal_relation_free_join","candidate":"packed512","domain":"fibred","product_mode":"materialized","support_gates":"materialized","bits":13,"width":4,"environments":2,"worlds":8192,"admissible_worlds":3197,"rows":128,"groups":16,"outputs":80,"memo":false,"build_s":[0.000446917],"support_s":[8.5209e-5],"import_s":[4.9417e-5],"admission_s":[0.000311667],"join_only_s":[3.0708e-5],"fresh_s":[0.005411708],"warm_s":[0.004219416],"fresh_compute_s":[0.005374458],"fresh_count_s":[3.6958e-5],"warm_compute_s":[0.004185625],"warm_count_s":[3.3625e-5],"input_bytes_est":291404,"final_bytes_est":2327312,"input_nodes":2454,"final_nodes":16261,"input_storage":null,"final_storage":null,"checksum":5522780,"verified":true}
EVENT_LAB {"kind":"legal_relation_free_join","candidate":"packed512","domain":"fibred","product_mode":"materialized","support_gates":"materialized","bits":13,"width":4,"environments":2,"worlds":8192,"admissible_worlds":3197,"rows":128,"groups":16,"outputs":80,"memo":true,"build_s":[0.000446917],"support_s":[8.5209e-5],"import_s":[4.9417e-5],"admission_s":[0.000311667],"join_only_s":[3.0708e-5],"fresh_s":[0.002513917],"warm_s":[4.8916e-5],"fresh_compute_s":[0.002480709],"fresh_count_s":[3.3041e-5],"warm_compute_s":[1.5458e-5],"warm_count_s":[3.3292e-5],"input_bytes_est":291404,"final_bytes_est":2340304,"input_nodes":2454,"final_nodes":16261,"input_storage":null,"final_storage":null,"checksum":5522780,"verified":true}
EVENT_LAB {"kind":"legal_relation_free_join","candidate":"packed512","domain":"fibred","product_mode":"materialized","support_gates":"materialized","bits":19,"width":6,"environments":2,"worlds":524288,"admissible_worlds":301069,"rows":128,"groups":16,"outputs":80,"memo":false,"build_s":[0.002551083],"support_s":[0.000286708],"import_s":[0.000839667],"admission_s":[0.001423833],"join_only_s":[1.775e-5],"fresh_s":[0.044896334],"warm_s":[0.026586959],"fresh_compute_s":[0.044770542],"fresh_count_s":[0.000125],"warm_compute_s":[0.026467792],"warm_count_s":[0.000118417],"input_bytes_est":1623340,"final_bytes_est":25957240,"input_nodes":15526,"final_nodes":218715,"input_storage":null,"final_storage":null,"checksum":243821880,"verified":true}
EVENT_LAB {"kind":"legal_relation_free_join","candidate":"packed512","domain":"fibred","product_mode":"materialized","support_gates":"materialized","bits":19,"width":6,"environments":2,"worlds":524288,"admissible_worlds":301069,"rows":128,"groups":16,"outputs":80,"memo":true,"build_s":[0.002551083],"support_s":[0.000286708],"import_s":[0.000839667],"admission_s":[0.001423833],"join_only_s":[1.775e-5],"fresh_s":[0.026670291],"warm_s":[0.00016425],"fresh_compute_s":[0.026533541],"fresh_count_s":[0.000136],"warm_compute_s":[3.4959e-5],"warm_count_s":[0.000128375],"input_bytes_est":1623340,"final_bytes_est":25974264,"input_nodes":15526,"final_nodes":218715,"input_storage":null,"final_storage":null,"checksum":243821880,"verified":true}
ok

test result: ok. 1 passed; 0 failed; 0 ignored; 0 measured; 1378 filtered out; finished in 4.51s


        4.51 real         4.46 user         0.05 sys
            61571072  maximum resident set size
                   0  average shared memory size
                   0  average unshared data size
                   0  average unshared stack size
                3973  page reclaims
                   0  page faults
                   0  swaps
                   0  block input operations
                   0  block output operations
                   0  messages sent
                   0  messages received
                   0  signals received
                   0  voluntary context switches
                 167  involuntary context switches
         61363336985  instructions retired
         15161208663  cycles elapsed
            58622384  peak memory footprint
