
running 1 test
test event_repr_lab::experiment ... EVENT_LAB {"kind":"legal_relation_free_join","candidate":"dense-dispatched","domain":"below","product_mode":"materialized","support_gates":"materialized","bits":12,"width":4,"environments":1,"worlds":4096,"admissible_worlds":2197,"rows":128,"groups":16,"outputs":80,"memo":false,"build_s":[0.00016825],"support_s":[3.7792e-5],"import_s":[1.2125e-5],"admission_s":[0.000117375],"join_only_s":[7.1375e-5],"fresh_s":[0.000529583],"warm_s":[0.000362083],"fresh_compute_s":[0.000526],"fresh_count_s":[3.125e-6],"warm_compute_s":[0.000359417],"warm_count_s":[2.292e-6],"input_bytes_est":26608,"final_bytes_est":101068,"input_nodes":44,"final_nodes":173,"input_storage":null,"final_storage":null,"checksum":3773900,"verified":true}
EVENT_LAB {"kind":"legal_relation_free_join","candidate":"dense-dispatched","domain":"below","product_mode":"materialized","support_gates":"materialized","bits":12,"width":4,"environments":1,"worlds":4096,"admissible_worlds":2197,"rows":128,"groups":16,"outputs":80,"memo":true,"build_s":[0.00016825],"support_s":[3.7792e-5],"import_s":[1.2125e-5],"admission_s":[0.000117375],"join_only_s":[7.1375e-5],"fresh_s":[0.00028375],"warm_s":[4.0792e-5],"fresh_compute_s":[0.000280584],"fresh_count_s":[2.792e-6],"warm_compute_s":[3.7958e-5],"warm_count_s":[2.667e-6],"input_bytes_est":26608,"final_bytes_est":114060,"input_nodes":44,"final_nodes":173,"input_storage":null,"final_storage":null,"checksum":3773900,"verified":true}
EVENT_LAB {"kind":"legal_relation_free_join","candidate":"dense-dispatched","domain":"below","product_mode":"materialized","support_gates":"materialized","bits":18,"width":6,"environments":1,"worlds":262144,"admissible_worlds":226981,"rows":128,"groups":16,"outputs":80,"memo":false,"build_s":[0.007506667],"support_s":[0.000678],"import_s":[0.000202709],"admission_s":[0.006625041],"join_only_s":[2.2666e-5],"fresh_s":[0.008590417],"warm_s":[0.008194417],"fresh_compute_s":[0.008536958],"fresh_count_s":[5.3167e-5],"warm_compute_s":[0.008139208],"warm_count_s":[5.4875e-5],"input_bytes_est":1904152,"final_bytes_est":7418668,"input_nodes":56,"final_nodes":224,"input_storage":null,"final_storage":null,"checksum":181462800,"verified":true}
EVENT_LAB {"kind":"legal_relation_free_join","candidate":"dense-dispatched","domain":"below","product_mode":"materialized","support_gates":"materialized","bits":18,"width":6,"environments":1,"worlds":262144,"admissible_worlds":226981,"rows":128,"groups":16,"outputs":80,"memo":true,"build_s":[0.007506667],"support_s":[0.000678],"import_s":[0.000202709],"admission_s":[0.006625041],"join_only_s":[2.2666e-5],"fresh_s":[0.003340125],"warm_s":[6.825e-5],"fresh_compute_s":[0.003287291],"fresh_count_s":[5.2667e-5],"warm_compute_s":[1.7084e-5],"warm_count_s":[5.0917e-5],"input_bytes_est":1904152,"final_bytes_est":7431660,"input_nodes":56,"final_nodes":224,"input_storage":null,"final_storage":null,"checksum":181462800,"verified":true}
ok

test result: ok. 1 passed; 0 failed; 0 ignored; 0 measured; 1378 filtered out; finished in 0.13s


        0.14 real         0.13 user         0.00 sys
            21118976  maximum resident set size
                   0  average shared memory size
                   0  average unshared data size
                   0  average unshared stack size
                1503  page reclaims
                   0  page faults
                   0  swaps
                   0  block input operations
                   0  block output operations
                   0  messages sent
                   0  messages received
                   0  signals received
                   0  voluntary context switches
                  66  involuntary context switches
          1957905013  instructions retired
           384757401  cycles elapsed
            18235800  peak memory footprint
