scheduler boost: user-interactive QoS claimed
bench: warming clocks (200 ms spin)
bench: loading the capacity twin worlds
bench: commit_capacity_baseline
bench: commit_capacity_sum
bench: commit_capacity_duration
# bumbledb bench report

## Provenance

- crate version: 0.9.0
- engine rev: e1d039fe75e34009247a93339aa734252af5d84b
- timestamp: 2026-08-01T23:35:19Z
- host: Apple M2 Max
- shared machine: boost qos-user-interactive — load 1/5/15 2.42 2.47 2.29 (start) → 2.42 2.47 2.29 (end)
- config: scale S, seed 1, 256 samples, durable stores
- corpus digest: `fa73e680324f9b26dd1c8504899c43beec8eef48953ca4bdf4ca432623caaca8`
- verify stamp: `c1434ac8d28c935146685a6d20cd2243691d5d678631edfddb6a927ab0eca3de (families + 500 randomized cases)`

## Gate verdict

PARTIAL — filtered run; the ALL-WIN claim needs every family.
p99 budget (<= 10 ms warm): PASS (informational below scale L).
clock proxy: 3 block(s) still contaminated after retry — treat their percentiles as dirty: commit_capacity_baseline, commit_capacity_sum, commit_capacity_duration.

## Read families

| family | ours p50/p95/p99 (us) | sqlite p50/p95/p99 (us) | ratio | verdict |
|---|---|---|---|---|

## Write families

| family | ours p50 (us) | sqlite p50 (us) | facts/sec |
|---|---|---|---|
| commit_capacity_baseline | 4725.6 | - | - |
| commit_capacity_sum | 5093.4 | - | - |
| commit_capacity_duration | 5253.7 | - | - |

## Allocations

(not captured — run with the alloc window)

## Execution digests

| family | worst est/actual | covers | emitted | absorbed |
|---|---|---|---|---|

## Store

- bumbledb file (compacted): 64274432 bytes
- sqlite file: 18432000 bytes
- image cache: 0 images, 0 bytes

## Clock proxy

| family | GHz pre | GHz post | status | norm p50 (us) |
|---|---|---|---|---|
| commit_capacity_baseline | 3.34 | 1.44 | CONTAMINATED | - |
| commit_capacity_sum | 1.45 | 2.15 | CONTAMINATED | - |
| commit_capacity_duration | 2.28 | 2.17 | CONTAMINATED | - |

## Flame summaries

(none captured — run with --trace)
artifacts: /Users/bjorn/Documents/bumbledb/bench-out/baseline-2026-07-25/capacity-c17/slot-durable
