   Compiling bumbledb v1.3.1 (/Users/bjorn/Documents/bumbledb/crates/bumbledb)
    Finished `test` profile [unoptimized + debuginfo] target(s) in 1.43s
     Running tests/event_core.rs (target/debug/build/bumbledb/d24af02b0910287c/out/event_core-d24af02b0910287c)

running 1 test
test native_work_context_cancels_event_computation ... ok

test result: ok. 1 passed; 0 failed; 0 ignored; 0 measured; 0 filtered out; finished in 0.00s

     Running tests/event_dependencies.rs (target/debug/build/bumbledb/e90561aeb4bfe589/out/event_dependencies-e90561aeb4bfe589)

running 13 tests
test event_keys_keep_exact_target_and_region_shape_requirements ... ok
test groups_route_independently_and_same_name_does_not_erase_support ... ok
test keyed_reads_require_nonempty_event_or_an_independent_scalar_key ... ok
test free_join_deduplicates_empty_key_projections ... ok
test cancellation_before_admission_preserves_the_lawful_parent ... ok
test empty_facts_coexist_but_scalar_roster_law_still_applies ... ok
test reference_state_deduplicates_event_meaning_and_refuses_cancelled_insertion ... ok
test final_state_repair_and_contributor_deletion_preserve_exact_coverage ... ok
test empty_uncovered_source_groups_still_require_a_common_context ... ok
test canonical_duplicates_collapse_but_distinct_whole_facts_conflict ... ok
test rejection_citations_are_stable_and_exclude_empty_or_disjoint_facts ... ok
test incompatible_context_refuses_even_for_empty_values ... ok
test native_partitions_match_four_world_bitset_oracle ... ok

test result: ok. 13 passed; 0 failed; 0 ignored; 0 measured; 0 filtered out; finished in 5.26s

     Running tests/event_full.rs (target/debug/build/bumbledb/d4ee9e3e8245dee7/out/event_full-d4ee9e3e8245dee7)

running 14 tests
test closed_fixtures::__bumbledb_weld_b::host_enum_weld ... ok
test closed_fixtures::__bumbledb_weld_a::host_enum_weld ... ok
test closed_fixtures::__bumbledb_weld_allowed::host_enum_weld ... ok
test exact_full_keys_and_typed_prefixes_are_required ... ok
test a_full_key_gives_scalar_uniqueness_without_a_stored_event_column ... ok
test ordinary_event_containments_keep_permuted_region_positions ... ok
test two_full_sides_preserve_actual_roster_presence ... ok
test contextual_full_checks_all_event_owners_even_behind_empty_operands ... ok
test closed_scalar_full_targets_and_ground_full_laws_work ... ok
test roster_constants_require_full_coverage_and_survive_reopen ... ok
test full_only_projection_is_a_global_singleton_key ... ok
test full_constants_preserve_scalar_permutations_and_empty_lookup_uniqueness ... ok
test full_coverage_observes_atomic_repairs_and_contributor_deletion ... ok
test full_partitions_match_bitsets_on_arbitrary_nonempty_supports ... ok

test result: ok. 14 passed; 0 failed; 0 ignored; 0 measured; 0 filtered out; finished in 2.75s

     Running tests/event_maps.rs (target/debug/build/bumbledb/5c7c9ebd7f45bef6/out/event_maps-5c7c9ebd7f45bef6)

running 2 tests
test native_cancellation_applies_to_map_admission_and_every_image_mode ... ok
test map_results_persist_join_and_outlive_maps_and_database ... ok

test result: ok. 2 passed; 0 failed; 0 ignored; 0 measured; 0 filtered out; finished in 0.06s

     Running tests/event_relations.rs (target/debug/build/bumbledb/e44fde4f521bd65e/out/event_relations-e44fde4f521bd65e)

running 1 test
test computed_permissions_reopen_join_and_recover_their_relation_view ... ok

test result: ok. 1 passed; 0 failed; 0 ignored; 0 measured; 0 filtered out; finished in 0.05s

     Running tests/event_storage.rs (target/debug/build/bumbledb/59c5ae7e21fb6701/out/event_storage-59c5ae7e21fb6701)

running 10 tests
test version_one_row_fixture_pins_the_graph_and_field_envelope ... ok
test one_decoded_row_aligns_its_event_fields_and_keeps_foreign_sources_separate ... ok
test canonical_event_corruption_and_cancellation_are_not_nonmatches ... ok
test event_sets_collapse_semantic_duplicates_and_keep_equal_mass_regions_distinct ... ok
test event_runtime_keys_never_supply_a_public_order ... ok
test free_join_uses_shared_semantic_identity_on_resident_and_cursor_paths ... ok
test independently_owned_literals_and_parameters_match_canonical_values ... ok
test canonical_facts_deduplicate_reopen_and_retain_owned_results ... ok
test event_pages_own_values_and_cancelled_delivery_does_not_advance ... ok
test rollback_and_concurrent_publication_preserve_whole_fact_identity ... ok

test result: ok. 10 passed; 0 failed; 0 ignored; 0 measured; 0 filtered out; finished in 0.16s

