▶ admin certainty
  ✔ checkpoint completes with its report and the pre-dispatch ref (3.267833ms)
  ✔ registration refusal is not-started and E stays never (2.936125ms)
  ✔ a lost completion is outcome-unknown with the retained ref (1.343417ms)
  ✔ erase reports residual copies honestly (0.306833ms)
  ✔ verifyBackup is read-only with typed E (0.426792ms)
  ✔ interrupting admin joins cancellation and retains the caller's operationId (6.002917ms)
✔ admin certainty (15.395375ms)
✔ same-schema cross-origin caches refuse before serving or mutating anything (552.042125ms)
✔ a retained command ref resolves after reopen and receipts outlive their scope (119.536625ms)
✔ closed and foreign capabilities refuse typed without dispatching (227.296875ms)
✔ open never creates: a missing configured database is a typed refusal, not genesis (10.443041ms)
✔ a hosted binding under the local constructor refuses typed with no genesis (9.8825ms)
▶ borrow lifecycle
  ✔ two acquires of one binding are DISTINCT borrows; releasing one leaves the other live (2.738666ms)
  ✔ a stale borrow refuses with ClosedHandle and dispatches nothing (1.686958ms)
  ✔ double release is harmless and joins the native transition (0.258875ms)
  ✔ scope close releases the borrow exactly once (idempotent with explicit release) (0.274459ms)
✔ borrow lifecycle (5.579666ms)
▶ cache surface
  ✔ evicting a borrowed slot refuses instead of revoking the borrow (0.717792ms)
  ✔ same-schema cross-origin bindings acquire isolated capabilities (0.317375ms)
  ✔ cache close is the owner decision; a released cache refuses new acquires (2.097041ms)
  ✔ inspection decodes the bounded native report (0.39825ms)
✔ cache surface (3.71275ms)
✔ native command boundaries retain exact sizes and distinguish caller misuse (689.064375ms)
✔ Event-selected log schemas survive command recovery, runtime release, cache, backup and restore (908.421041ms)
✔ Event selections participate in transition admission, replay, activation and abort (336.817667ms)
▶ LocalHistory.open
  ✔ open dispatches mode=open and never a create (3.056959ms)
  ✔ a missing database is a typed refusal, never an empty replacement (2.028541ms)
  ✔ create requires the creation artifact and dispatches mode=create (0.414542ms)
  ✔ create refuses existing authority with the native refusal, unchanged (0.405583ms)
  ✔ a hosted binding refuses at the local constructor before dispatch (0.445ms)
✔ LocalHistory.open (7.036667ms)
▶ HostedHistory.open
  ✔ credentials default to the supported provider chain (0.231875ms)
✔ HostedHistory.open (0.308666ms)
▶ bounded inspect
  ✔ inspect decodes the bounded health snapshot (OPS-TEST-01 fixture shape) (0.891917ms)
✔ bounded inspect (0.985375ms)
▶ closed capabilities
  ✔ resolve and inspect on a closed history refuse with ClosedHandle before dispatch (0.787833ms)
✔ closed capabilities (0.861875ms)
▶ returned certainty without duplicate phase
  ✔ submit decided retains its receipt without a phase field (2.731417ms)
  ✔ post-dispatch admin decode retains outcome-unknown (29.355584ms)
  ✔ native proved nonpublication stays not-started (0.646292ms)
✔ returned certainty without duplicate phase (33.961417ms)
✔ native command recovery and independent backup → verify → writable restore (998.975459ms)
▶ submit certainty arms
  ✔ a decided receipt round-trips with local health; the ref exists before dispatch (2.686834ms)
  ✔ pre-dispatch refusal is not-submitted with the authentic ref; E stays never (14.23725ms)
  ✔ post-dispatch decode loss is outcome-unknown, never a fabricated rejection (0.837541ms)
  ✔ submit on a closed history refuses as not-submitted without dispatch (0.442125ms)
  ✔ a forged command capability is a defect, never a forged receipt or arm (1.151458ms)
  ✔ invalid submit options refuse pre-dispatch as not-submitted, not as E (0.487791ms)
✔ submit certainty arms (20.518625ms)
▶ interruption after publication
  ✔ interrupt after dispatch preserves Cause and joins the native drain (6.397208ms)
  ✔ the retained original ref resolves after reopen; retry never seals a new id (1.051666ms)
  ✔ resolve also reports the closed/expired epochs as data, not errors (0.900542ms)
✔ interruption after publication (8.884125ms)
✔ the retained source and target declarations are independently generated exact native bindings (374.539083ms)
✔ ordinary imperative transition, comparison, activation and replay (children first: false) (515.248ms)
✔ ordinary imperative transition, comparison, activation and replay (children first: true) (301.036041ms)
✔ native admission rejects a missing proof; unconstrained document loss requires application comparison (177.608542ms)
✔ complete native judgment refuses wrong-arm across ordinary population batches (105.393375ms)
✔ complete native judgment refuses orphan across ordinary population batches (102.077833ms)
✔ complete native judgment refuses key-conflict across ordinary population batches (103.755833ms)
✔ complete native judgment refuses missing-parent across ordinary population batches (122.694625ms)
ℹ tests 51
ℹ suites 10
ℹ pass 51
ℹ fail 0
ℹ cancelled 0
ℹ skipped 0
ℹ todo 0
ℹ duration_ms 2205.520667
{"node":"v26.4.0","platform":"bumbledb-darwin-arm64","tests":["event-selections","real-bridge-roundtrip","transition","command-boundaries","history-open","admin","borrows","adversarial-capabilities","submit-certainty","outcome-certainty"],"version":"1.3.1","addon_sha256":"f23770151e5cd7d159b7f18c7c1e97d398f860711be12845c9c425112fcba914"}
