✔ alternatives are the ordinary law expansion in roster order, independent of arm object order (14.868709ms)
✔ alternatives check dynamic arm coverage and scalar identity shapes (2.083209ms)
✔ alternatives preserve composite keys and payload types (0.23425ms)
✔ native expansion refusals cite both actual directions at their current statement positions (436.641625ms)
✔ ordinary native admission enforces payloads and accepts an atomic arm switch (162.567417ms)
✔ finite, infinite, NaN and negative-zero floats all cross as canonical $f64 bit images (1.389625ms)
✔ decoders reject malformed widths, noncanonical images, unknown tags and wrong-schema values (2.177417ms)
✔ typed and dynamic boundary input share one accepted domain — the encoder refuses what the decoder refuses (0.120167ms)
✔ student rows carry budget as exact decimal; a float budget image refuses (0.111ms)
▶ the comparison pairing walls
  ✔ no variable side is constant-valued: the constructor refuses param-only and param-literal sides (4.043458ms)
  ✔ the order pair: cross-domain variable pairs are compile-refused (each side alone is orderable) (3.777708ms)
  ✔ the order pair: literals type against their sibling — bool-vs-bigint and u64-vs-boolean are compile-refused (0.479791ms)
  ✔ the fold input: min/max over a bool var is refused (both tiers) (0.33925ms)
  ✔ the pointIn pair: the point lives in the interval's element domain (0.327375ms)
  ✔ the allen pair: two intervals of one element domain (Q1 — widths meet freely, u64-vs-i64 stays illegal) (0.184375ms)
  ✔ the legal pairs stay legal: same-domain vars, sibling-typed opens, one-element allen (0.918167ms)
✔ the comparison pairing walls (11.608417ms)
✔ key values infer exactly their declared projection (0.849417ms)
✔ a key owns its projection without freezing or retaining the caller's array (0.424791ms)
✔ every declared key reads the same snapshot with its own projection and native statement id (537.197458ms)
✔ inspection separates virtual mapping, file pages and disk blocks (531.93175ms)
✔ native row codecs own their values and remain reusable after cancelled delivery (12.12625ms)
✔ create/apply/snapshot/get/execute — the whole chapter 34 core flow, one scope (124.953ms)
✔ open never creates; create refuses existing authority (77.082083ms)
✔ scoped preparation reuses parameters and closes independently of snapshots and results (73.320666ms)
✔ apply is the three-coordinate judgment: accepted, no-change, invariant-rejected, moved (51.5475ms)
✔ a snapshot is coherent: a later apply cannot move an open snapshot's facts (47.899333ms)
✔ methods are lazy: construction dispatches nothing, and a scope-escaped handle fails typed (38.217792ms)
✔ a foreign object where a ChangeSet is expected refuses BEFORE any native dispatch (27.090458ms)
✔ a foreign-schema query template refuses typed at execute (24.641791ms)
✔ interruption surfaces in Cause, never as a manufactured outcome arm (55.944041ms)
✔ closed Event authoring compares complete owned carriers without native work (1.742917ms)
✔ closed Events retain schema identity, coverage and query results across runtime release (544.055792ms)
✔ descriptor construction is lazy and pure transport remains addon-free (0.970084ms)
✔ all seven structural kinds admit, describe, inspect and roundtrip through owned BEDC (445.27375ms)
✔ derived projections and complete composition plans feed real stored Event queries (130.699042ms)
✔ composition inspection keeps three distinct roles in ST, TU, SU order (11.959375ms)
✔ nonrectangular shared environments, reversal and measured endpoints survive inspection (13.134167ms)
✔ admission refuses fake certificates, implicit full markers and malformed structural data (17.339708ms)
✔ native descriptor submission copies owned bytes before workers and refuses shared backing (6.772625ms)
✔ cancelled descriptor delivery drops all queued inspection data and permits reuse (5.325458ms)
✔ kernel/revision envelopes own bytes, retain roles, and construct Effects without an addon (3.820416ms)
✔ posterior replacement, likelihood and conditioning have distinct exact meanings (446.357083ms)
✔ impossible revisions retain zero-mass and empty indexed cells without hiding input errors (14.745875ms)
✔ BESC replay refuses forged receipt numbers, posterior laws and incomplete impossible outcomes (7.9355ms)
✔ channels normalize on zero-prior fibres and copy readouts without fresh randomness (24.218709ms)
✔ Coup channels obey visibility FDs and translate stored Events through posterior queries after reopen (156.032375ms)
✔ cancelled revision inspection reclaims owned outputs and leaves the runtime reusable (11.275125ms)
✔ expectation authoring and description imports preserve aggregate identity without loading native code (4.248583ms)
✔ fraction payoffs remain owned pure query expressions across description import (0.785291ms)
✔ numerical imports author and snapshot without loading native code (2.2035ms)
✔ query expectations own complete payoff rosters and survive collection, paging, and closed owners (496.057125ms)
✔ family expectations transport signed payoff functions and preserve impossible parameter endpoints (419.819ms)
✔ fraction queries normalize equal presentations and reject hidden zero divisors (79.70475ms)
✔ function imports retain local covers, exact constants, descriptions and closed owners (63.176334ms)
✔ family payoff queries glue at exact boundaries and promote finite patches (1368.808792ms)
✔ empty function import faults retain descriptors without invented variables (35.03775ms)
✔ family dynamics carriers copy transport, keep roles distinct and remain addon-free (3.961ms)
✔ conditioning keeps exact positive domain, zero-mass possibilities and original-prior translation (964.203792ms)
✔ likelihood scale is retained while posterior values and repeated evidence are exact (1567.898417ms)
✔ Jeffrey replacement retains indexed unsupported endpoints, empty cells and rejects partial targets (602.994417ms)
✔ everywhere-impossible requests keep identities and complete mathematical receipts (429.455167ms)
✔ restriction preserves the law while common refinement unifies predicates without changing domains (830.943167ms)
✔ family channels preserve prior marginals, share the parameter and check every parent row (428.169041ms)
✔ owned family updates translate stored Events through joined queries after reopen (424.861333ms)
✔ dynamics copy submitted inputs and cancel complete owned receipts without retaining handles (162.215375ms)
✔ piecewise Jeffrey targets refine exact boundaries and skip zero-target conditionals (646.479834ms)
✔ family roles remain owned and lazy, distinct from fixed functions and kernels (2.69325ms)
✔ live family Events persist, satisfy ordinary laws, join and retain owned observations (1482.132875ms)
✔ exact parameter worlds derive guards and retain irrational singleton cardinality (77.477958ms)
✔ family functions preserve signed values, totality, explicit zeros and weighted maps (350.434583ms)
✔ refinement admits exact observation thresholds without changing worlds or law (953.951875ms)
✔ signed parameter-dependent expectations and guard-local holes are exact (302.550375ms)
✔ family construction refuses hidden invalid inputs, non-unit laws and illegal worlds (182.525625ms)
✔ late owned family observations are reclaimed before delivery (118.744416ms)
✔ symbolic family normalization counts outcomes, never deterministic guard cases (89.064708ms)
✔ finite covers keep agreeing overlaps, supplied zeros, evidence and ownership (206.4145ms)
✔ zero mass does not waive coverage or pointwise value agreement (13.641916ms)
✔ family covers glue functions equal only on their actual overlap (738.016334ms)
✔ cancelling a completed cover releases its owned result before a late callback (150.033375ms)
✔ parameter carriers are owned, nominal, pure and version/role checked (2.759042ms)
✔ all region Boolean masks preserve exact open endpoints and disconnected sets (225.097917ms)
✔ irrational singleton witnesses and canonical roots remain exact across owners (45.753541ms)
✔ partial functions preserve holes, signs, arithmetic and distinct ambient domains (67.874625ms)
✔ a joined portable conditional function keeps zero-evidence holes after reopen (141.700416ms)
✔ invalid domains, roles, masks and unused operands refuse; ingress copies buffers (14.49075ms)
✔ late structured parameter results are reclaimed before callback delivery (4.430375ms)
✔ polynomial transport is owned and pure import stays lazy (2.4955ms)
✔ named polynomial arithmetic, normalization and simultaneous substitution survive runtime release (53.904583ms)
✔ explicit shared Beta moments produce correlated stored Events (137.306167ms)
✔ polynomial admission refuses malformed, missing, duplicate and unused invalid inputs (15.890875ms)
✔ late polynomial descriptions are cancelled and reclaimed before callback delivery (6.333292ms)
✔ Beta envelopes are owned, role-separated, lazy and require worker admission (2.988334ms)
✔ shared prior integrates raw masses before conditioning and owns complete certificates (574.576ms)
✔ zero-prior-mass endpoint Events stay possible and retain exception certificates (421.723792ms)
✔ Beta contraction admits polynomial presentations, finite exceptions and signed payoffs (423.671125ms)
✔ Beta scope refuses missing laws, foreign sources, nonpolynomials and inherited holes (278.26075ms)
✔ stored Event joins remain parameter-dependent until explicit prior binding after reopen (267.542ms)
✔ prior workers own submitted bytes and cancellation never publishes a late observation (183.686875ms)
✔ probability authoring and description imports stay pure, owned and query-only (4.196667ms)
✔ fixed query observations preserve provenance, zero-mass evidence, duplicate paths and sealed pages (130.865ms)
✔ parameter probability queries retain p squared over p and its excluded zero, without a prior (288.130583ms)
✔ contextual full projections remain pure syntax with exact keys and no invented classes (2.99725ms)
✔ full coverage partitions measured worlds, including zero-mass branches, through commit and reopen (189.175792ms)
✔ full singleton lookup supplies no fabricated cell and remains distinct from a field named true (62.778125ms)
✔ closed scalar rosters admit explicit full keys and native ground coverage (8.017834ms)
✔ pure Event query authoring retains types, stages, shape bounds and owned imports (7.695917ms)
✔ native Event heads preserve shared worlds through tests, descriptions, imported stages and Pack (98.90775ms)
✔ captured maps and typed relation programs execute through the public builders (98.348209ms)
✔ Event errors retain complete logical fault sets across stages, prepared queries and runtime release (60.343584ms)
✔ fixed-point authoring closes lexical handles without accidental capture (3.118792ms)
✔ query binders compose with nested modalities, Star, stages, tests and Pack (56.703084ms)
✔ Event schema selections own transport bytes without loading native code (1.808041ms)
✔ Event selections enforce exact matches across incremental writes, owner release and reopen (155.353833ms)
✔ exact scalar/function transport and lazy source programs do not load the addon (3.034458ms)
✔ exact native arithmetic preserves decimal/binary intent, canonical values and failure modes (46.067209ms)
✔ finite functions merge equal cells, add signed overlaps and sum copied readouts exactly once (73.3655ms)
✔ law designation is exact and retains symbolic and zero-mass possibilities (48.200625ms)
✔ Coup source algebra preserves shared worlds, exact posteriors and signed utility through storage (187.649791ms)
✔ finite function admission checks all contexts and shapes before zero shortcuts (16.696375ms)
✔ late cancelled source observations are reclaimed without delivering a partial result (8.2845ms)
✔ Event envelopes own immutable data and pure codecs never load native work (44.246666ms)
✔ Event executor checks all truth functions, shared contexts and symbolic supports (228.553459ms)
✔ typed Event rows reopen, join, pack and bind owned parameters (106.956041ms)
✔ raw Event bridge refuses unknown operations and shared or forged byte backing (2.852042ms)
✔ Event dependencies enforce disjointness and joint coverage through ordinary keys and mirrors (82.319334ms)
✔ interrupting completed Event delivery drains the output and leaves the runtime usable (4.329125ms)
✔ parameterized Event sources retain their domains through SDK storage and joins (439.763125ms)
✔ public field codecs agree with rows for every field kind and preserve generic inference (1.99825ms)
✔ strict field decoding rejects malformed representations and host schemas reject invalid values (2.781625ms)
✔ field descriptors are owned; accessors never execute while decoding values (0.141333ms)
✔ segment kinds survive description imports and fixed-width refinement is dropped (26.344375ms)
✔ pack widens fixed intervals before imported difference and measurement stages (106.465958ms)
✔ native marginal bands derive slices, preserve equal contributions, and round once (77.996458ms)
✔ difference emits products, dense measures and fixed intervals use native meanings (88.119375ms)
✔ the large-schema fixture constructs and both tiers agree at scale (0.443792ms)
▶ the three class laws
  ✔ generators name their classes; a 3-hop chain lands the whole chain in the generator's class; bare stays bare (3.8985ms)
  ✔ a generator-less class is named by its least member in relation-declaration × field-declaration order (1.413208ms)
  ✔ a ψ-selected closed face pairs exactly like the bare face — the selection changes classes not at all (1.434875ms)
  ✔ the selected-mirrors shape (Calendar): the mirrors law types the source column with the target's class (0.277292ms)
✔ the three class laws (7.883084ms)
▶ the generator authority after the fresh deletion — closed ids are the ONLY generators
  ✔ unifying two ordinary id columns is LAWFUL now — no mint, no wall; least member names the class (0.230833ms)
  ✔ mirrors and capacity pairings over ordinary ids are lawful classes too (2.22375ms)
  ✔ a closed relation's id stays a generator — a bare column never pairs it (the roster wall, at construction) (0.515042ms)
  ✔ a transitive chain over ordinary ids is one lawful class, not a wall (0.281959ms)
✔ the generator authority after the fresh deletion — closed ids are the ONLY generators (3.461625ms)
▶ the runtime/type agreement and the wire
  ✔ the runtime class map and the type-level class map are the same map (0.615792ms)
  ✔ the manifest golden: statements in == statements out — nothing synthesized, order preserved, count equal (2.245583ms)
  ✔ the wire: spec newtype = class name for classed slots, omitted for bare (fingerprint-neutral by the engine's drop) (0.475417ms)
  ✔ integer-index names are refused at construction — the declaration-order law's enumeration hazard (0.099125ms)
  ✔ dotted names are refused at construction — the coordinate encoding stays injective at both tiers (0.124041ms)
  ✔ a plain __proto__ declaration entry is refused — the Annex B setter would silently drop the key (0.192042ms)
✔ the runtime/type agreement and the wire (3.931458ms)
✔ interrupt after directory acquire and before db output adoption drains both owners (D18) (48.258708ms)
✔ retained JS tokens cannot prevent native drain; repeated close joins (D18) (53.025625ms)
✔ abort after publication drains without take; retained wrappers cannot pin output (D18) (58.854125ms)
✔ draft interruption spends the draft and joins drain (12.965583ms)
▶ pure schema import
  ✔ constructs metadata with the platform addon unresolvable (390.697875ms)
✔ pure schema import (391.222208ms)
✔ generated descriptions execute, prepare, compose and infer their checked result (106.003875ms)
✔ descriptions preserve joins, negation, aggregates, computations and interiors (7.217791ms)
✔ descriptions preserve recursion and interval/closed-reference domains (39.674875ms)
✔ description checking refuses malformed grammar, wrong result claims, unbound vars and foreign field tags (1.185041ms)
✔ flat projection keeps only row count and owned cells, without obsolete quota accounting (1.367041ms)
✔ flat projection closes the source iterator when a row is invalid (0.255667ms)
✔ snapshot bindings preserve owned Event field types and dependency identity (185.275167ms)
✔ snapshot bindings preserve contextual full projections and explicit closed full keys (126.676333ms)
✔ snapshot bindings preserve every field kind, exact payload values, names and field order (132.137541ms)
✔ independent bindings preserve selected mirror directions, capacities and expanded statement IDs (128.113875ms)
✔ emission refuses unrepresentable conditional roster pairing and invalid declaration names (3.683875ms)
✔ bindings derive transitive total roster membership without losing or adding laws (115.985084ms)
✔ mutually referring closed payloads use the existing field descriptors without declaration cycles (117.225417ms)
✔ snapshot bindings preserve canonical Event selection literals and schema identity (123.336083ms)
✔ snapshot bindings preserve closed Event axioms and their explicit pointwise keys (121.420166ms)
▶ the Ledger example
  ✔ lowers to the SchemaSpec shape, declaration order throughout, newtype slots carrying the law-computed class names (3.7785ms)
  ✔ the composite key and pointwise containment lower positionally (0.281833ms)
  ✔ a closed payload column lowers pure structure — the newtype slots carry its law-computed classes (0.390458ms)
  ✔ lowering is deterministic across independent constructions (0.992583ms)
✔ the Ledger example (6.011584ms)
▶ renderStatement
  ✔ each statement form renders its canonical 70-api spelling (0.415209ms)
  ✔ composite positions render in written tuple order (0.138833ms)
  ✔ every legal capacity spelling renders canonically — unit strings byte-for-byte, the weighted rows beside them (1.817833ms)
  ✔ literal sets and interval literals render in macro notation (0.685333ms)
✔ renderStatement (3.240042ms)
▶ the ban table, one row at a time — literal spellings are UNWRITABLE
  ✔ the capacity mint vocabulary is exactly the roster — no sixth mint exists (0.145208ms)
  ✔ degenerate literal sets refuse — a membership array needs two DISTINCT members, and the refusal locates itself (1.154542ms)
  ✔ a duplicate field in a key() projection refuses at the mint — the engine's FieldSet duplicate, canonical voice (0.344916ms)
  ✔ a plain u64 face never pairs a closed [id] face — closedness rides the descriptor (both tiers) (0.384334ms)
  ✔ an arity-mismatched pairing is a construction error — the SameArity runtime twin (untyped path) (0.273833ms)
✔ the ban table, one row at a time — literal spellings are UNWRITABLE (2.455875ms)
▶ the ban table's construction tier — computed bounds the type cannot judge
  ✔ computed equivalent spellings lower to the canonical law; only negatives refuse (0.144417ms)
  ✔ an inverted window is unsatisfiable — bigint literals carry no type-level order (0.052709ms)
  ✔ unit floors are accepted canonical laws now — the spelling police is deleted (0.168334ms)
  ✔ the C18 dimension gate fires at the capacity() call — a unit window never takes a duration() bound (both tiers) (0.149417ms)
  ✔ a computed path weight or bound is a construction refusal naming the pinned-column idiom (0.128708ms)
  ✔ the weight and dependent-bound walls hold at construction for untyped callers (0.36225ms)
  ✔ generated capacity values use the same validation as constructors (0.305125ms)
✔ the ban table's construction tier — computed bounds the type cannot judge (1.406292ms)
▶ schema() construction boundary
  ✔ a statement over an undeclared relation is rejected with the statement rendered (0.387625ms)
  ✔ same-named relations resolve structurally, including field order (0.215625ms)
  ✔ declared id keys are ordinary statements now — the fresh-implied key is deleted (E-NO-RESERVE) (0.381834ms)
  ✔ duplicate statements are rejected via their canonical rendering (0.362084ms)
  ✔ a record key must equal its relation's declared name (0.301167ms)
  ✔ the paste-back law: a handle selection needs its resolving containment declared (0.373667ms)
  ✔ generated statements are checked semantically without an admission token (2.259291ms)
✔ schema() construction boundary (4.394042ms)
▶ ψ statements over closed relations — closed().where() as a face source
  ✔ a ψ-selected closed face renders canonically and schema() admits both forms (0.333667ms)
  ✔ ψ lowers PASS-THROUGH — the selection rides the SideSpec, never pre-folded into ids (0.243208ms)
  ✔ the closed where() speaks the ordinary selection vocabulary — literal sets and written order (0.301292ms)
  ✔ the empty ψ is the bare closed relation respelled and rejected (canonical utterance) (0.19975ms)
  ✔ the compile walls carry runtime twins through the one selection machine (0.254333ms)
  ✔ a handle named `where` is ordinary roster data — NO name is reserved, both tiers (0.12125ms)
✔ ψ statements over closed relations — closed().where() as a face source (1.543083ms)
✔ facts, selections, host cells, and JSON codecs share the complete native value domain (7.625875ms)
✔ unknown, inherited, absent, symbolic, and nested fields are never silently dropped (0.876334ms)
✔ query parameters use the same interpreter and exact supplied parameter fields (5.411708ms)
✔ authored queries own mutable binding and comparison literals (5.726792ms)
✔ query bindings and result records reject getters and explicit undefined fields (0.709916ms)
✔ host admission matches the real native codec; rejected facts do not enter a database (50.375167ms)
✔ native names and query parameters reject lossy Unicode conversion (25.214583ms)
✔ prototype-sensitive field and result names are ordinary owned data (50.384708ms)
ℹ tests 210
ℹ suites 11
ℹ pass 210
ℹ fail 0
ℹ cancelled 0
ℹ skipped 0
ℹ todo 0
ℹ duration_ms 6648.452625
SDK integration passed against isolated @bjornpagen/bumbledb-darwin-arm64; version unchanged at 1.3.1
{"node":"v26.4.0","platform":"@bjornpagen/bumbledb-darwin-arm64","tests":["event","event-query","event-probability","event-expectation","event-descriptor","event-source","event-polynomial","event-parameter","event-family","event-function-cover","event-family-dynamics","event-prior","event-dynamics","event-projections","event-selections","event-closed","statements","declared-key","law-typing","law-scale","schema-bindings","pure-import","field-codec","query-description","comparison-pairing","alternatives","rows","boundary-codec","value-conformance","interval-outputs","effect-core","ownership-interrupt"],"addon_sha256":"f23770151e5cd7d159b7f18c7c1e97d398f860711be12845c9c425112fcba914"}
