
running 1 test
test event_repr_lab::experiment ... EVENT_LAB {"kind":"readout_free_join","candidate":"prefix512","domain":"holes","readout_family":"suffix-half","readout_faces":"xy","hidden":51,"width":4,"bits":12,"worlds":4096,"admissible_worlds":1000,"environments":1,"rows":128,"groups":16,"outputs":64,"memo":false,"changed_possible_groups":16,"changed_guaranteed_groups":16,"nonconstant_readouts":32,"build_s":[0.000812375],"support_s":[0.0001745],"import_s":[0.000593959],"admission_s":[4.3375e-5],"join_only_s":[3.1333e-5],"fresh_s":[0.000184667],"fresh_group_s":[0.000137916],"fresh_readout_s":[3.15e-5],"fresh_compute_s":[0.000170667],"fresh_count_s":[1.3958e-5],"warm_s":[7.5541e-5],"warm_group_s":[2.1209e-5],"warm_readout_s":[4.0208e-5],"warm_compute_s":[6.5125e-5],"warm_count_s":[1.0375e-5],"input_nodes":924,"final_nodes":1024,"input_bytes_est":107944,"final_bytes_est":150720,"input_storage":{"layout":"slab","record_bytes":14784,"table_bytes":16904,"interner_bytes":34160,"metadata_bytes":7600,"cache_bytes":34496,"records":924,"tables":916,"logical_words":2113,"total_bytes_est":107944},"final_storage":{"layout":"slab","record_bytes":29568,"table_bytes":33808,"interner_bytes":37856,"metadata_bytes":14992,"cache_bytes":34496,"records":1024,"tables":1016,"logical_words":2439,"total_bytes_est":150720},"outer_memo_bytes":0,"colt_bytes":14992,"checksum":353240,"verified":true}
EVENT_LAB {"kind":"readout_free_join","candidate":"prefix512","domain":"holes","readout_family":"suffix-half","readout_faces":"xy","hidden":51,"width":4,"bits":12,"worlds":4096,"admissible_worlds":1000,"environments":1,"rows":128,"groups":16,"outputs":64,"memo":true,"changed_possible_groups":16,"changed_guaranteed_groups":16,"nonconstant_readouts":32,"build_s":[0.000812375],"support_s":[0.0001745],"import_s":[0.000593959],"admission_s":[4.3375e-5],"join_only_s":[3.1333e-5],"fresh_s":[0.000159792],"fresh_group_s":[0.000121666],"fresh_readout_s":[2.9708e-5],"fresh_compute_s":[0.0001515],"fresh_count_s":[8.208e-6],"warm_s":[5.5625e-5],"warm_group_s":[1.4208e-5],"warm_readout_s":[2.9875e-5],"warm_compute_s":[4.7417e-5],"warm_count_s":[8.125e-6],"input_nodes":924,"final_nodes":1024,"input_bytes_est":107944,"final_bytes_est":159680,"input_storage":{"layout":"slab","record_bytes":14784,"table_bytes":16904,"interner_bytes":34160,"metadata_bytes":7600,"cache_bytes":34496,"records":924,"tables":916,"logical_words":2113,"total_bytes_est":107944},"final_storage":{"layout":"slab","record_bytes":29568,"table_bytes":33808,"interner_bytes":37856,"metadata_bytes":14992,"cache_bytes":34496,"records":1024,"tables":1016,"logical_words":2439,"total_bytes_est":150720},"outer_memo_bytes":8960,"colt_bytes":14992,"checksum":353240,"verified":true}
EVENT_LAB {"kind":"readout_free_join","candidate":"prefix512","domain":"holes","readout_family":"suffix-half","readout_faces":"xy","hidden":455,"width":6,"bits":18,"worlds":262144,"admissible_worlds":74088,"environments":1,"rows":128,"groups":16,"outputs":64,"memo":false,"changed_possible_groups":16,"changed_guaranteed_groups":16,"nonconstant_readouts":32,"build_s":[0.011506667],"support_s":[0.000694],"import_s":[0.010524167],"admission_s":[0.000288208],"join_only_s":[1.7208e-5],"fresh_s":[0.000813916],"fresh_group_s":[0.000534625],"fresh_readout_s":[0.000155875],"fresh_compute_s":[0.000690666],"fresh_count_s":[0.000123125],"warm_s":[0.000315083],"warm_group_s":[3.6417e-5],"warm_readout_s":[0.000153333],"warm_compute_s":[0.0001905],"warm_count_s":[0.0001245],"input_nodes":17025,"final_nodes":17665,"input_bytes_est":1980684,"final_bytes_est":2917248,"input_storage":{"layout":"slab","record_bytes":272400,"table_bytes":459864,"interner_bytes":555524,"metadata_bytes":136480,"cache_bytes":556416,"records":17025,"tables":9174,"logical_words":57483,"total_bytes_est":1980684},"final_storage":{"layout":"slab","record_bytes":544800,"table_bytes":919728,"interner_bytes":623624,"metadata_bytes":272680,"cache_bytes":556416,"records":17665,"tables":9411,"logical_words":59016,"total_bytes_est":2917248},"outer_memo_bytes":0,"colt_bytes":14992,"checksum":5067888,"verified":true}
EVENT_LAB {"kind":"readout_free_join","candidate":"prefix512","domain":"holes","readout_family":"suffix-half","readout_faces":"xy","hidden":455,"width":6,"bits":18,"worlds":262144,"admissible_worlds":74088,"environments":1,"rows":128,"groups":16,"outputs":64,"memo":true,"changed_possible_groups":16,"changed_guaranteed_groups":16,"nonconstant_readouts":32,"build_s":[0.011506667],"support_s":[0.000694],"import_s":[0.010524167],"admission_s":[0.000288208],"join_only_s":[1.7208e-5],"fresh_s":[0.000760166],"fresh_group_s":[0.000488166],"fresh_readout_s":[0.000150042],"fresh_compute_s":[0.000638708],"fresh_count_s":[0.000121333],"warm_s":[0.00029025],"warm_group_s":[1.6292e-5],"warm_readout_s":[0.000152458],"warm_compute_s":[0.00016925],"warm_count_s":[0.000120958],"input_nodes":17025,"final_nodes":17665,"input_bytes_est":1980684,"final_bytes_est":2926208,"input_storage":{"layout":"slab","record_bytes":272400,"table_bytes":459864,"interner_bytes":555524,"metadata_bytes":136480,"cache_bytes":556416,"records":17025,"tables":9174,"logical_words":57483,"total_bytes_est":1980684},"final_storage":{"layout":"slab","record_bytes":544800,"table_bytes":919728,"interner_bytes":623624,"metadata_bytes":272680,"cache_bytes":556416,"records":17665,"tables":9411,"logical_words":59016,"total_bytes_est":2917248},"outer_memo_bytes":8960,"colt_bytes":14992,"checksum":5067888,"verified":true}
ok

test result: ok. 1 passed; 0 failed; 0 ignored; 0 measured; 1378 filtered out; finished in 6.60s


        6.60 real         6.51 user         0.08 sys
           164495360  maximum resident set size
                   0  average shared memory size
                   0  average unshared data size
                   0  average unshared stack size
               14307  page reclaims
                   0  page faults
                   0  swaps
                   0  block input operations
                   0  block output operations
                   0  messages sent
                   0  messages received
                   0  signals received
                   0  voluntary context switches
                 977  involuntary context switches
         72908211135  instructions retired
         22064556516  cycles elapsed
           161563200  peak memory footprint
