
running 1 test
test event_repr_lab::experiment ... EVENT_LAB {"kind":"readout_free_join","candidate":"retraction64","domain":"fibred","readout_family":"non-suffix","readout_faces":"x","hidden":8,"width":4,"bits":13,"worlds":8192,"admissible_worlds":3197,"environments":2,"rows":128,"groups":16,"outputs":64,"memo":false,"changed_possible_groups":16,"changed_guaranteed_groups":16,"nonconstant_readouts":48,"build_s":[0.001614667],"support_s":[0.000177042],"import_s":[0.001367083],"admission_s":[7.0208e-5],"join_only_s":[4.0833e-5],"fresh_s":[0.001418708],"fresh_group_s":[0.000520917],"fresh_readout_s":[0.000805292],"fresh_compute_s":[0.001327583],"fresh_count_s":[9.1e-5],"warm_s":[0.00026825],"warm_group_s":[2.2375e-5],"warm_readout_s":[0.000162833],"warm_compute_s":[0.000185625],"warm_count_s":[8.25e-5],"input_nodes":2567,"final_nodes":4746,"input_bytes_est":246312,"final_bytes_est":445340,"input_storage":{"layout":"slab","record_bytes":41072,"table_bytes":10112,"interner_bytes":71196,"metadata_bytes":20892,"cache_bytes":103040,"records":2567,"tables":1264,"logical_words":1264,"total_bytes_est":246312},"final_storage":{"layout":"slab","record_bytes":82144,"table_bytes":20224,"interner_bytes":142392,"metadata_bytes":41428,"cache_bytes":159152,"records":4746,"tables":2319,"logical_words":2319,"total_bytes_est":445340},"outer_memo_bytes":0,"colt_bytes":14992,"checksum":607690,"verified":true}
EVENT_LAB {"kind":"readout_free_join","candidate":"retraction64","domain":"fibred","readout_family":"non-suffix","readout_faces":"x","hidden":8,"width":4,"bits":13,"worlds":8192,"admissible_worlds":3197,"environments":2,"rows":128,"groups":16,"outputs":64,"memo":true,"changed_possible_groups":16,"changed_guaranteed_groups":16,"nonconstant_readouts":48,"build_s":[0.001614667],"support_s":[0.000177042],"import_s":[0.001367083],"admission_s":[7.0208e-5],"join_only_s":[4.0833e-5],"fresh_s":[0.00139575],"fresh_group_s":[0.00051675],"fresh_readout_s":[0.000784958],"fresh_compute_s":[0.001301917],"fresh_count_s":[9.3666e-5],"warm_s":[0.000249417],"warm_group_s":[9.792e-6],"warm_readout_s":[0.000157458],"warm_compute_s":[0.000167542],"warm_count_s":[8.175e-5],"input_nodes":2567,"final_nodes":4746,"input_bytes_est":246312,"final_bytes_est":454300,"input_storage":{"layout":"slab","record_bytes":41072,"table_bytes":10112,"interner_bytes":71196,"metadata_bytes":20892,"cache_bytes":103040,"records":2567,"tables":1264,"logical_words":1264,"total_bytes_est":246312},"final_storage":{"layout":"slab","record_bytes":82144,"table_bytes":20224,"interner_bytes":142392,"metadata_bytes":41428,"cache_bytes":159152,"records":4746,"tables":2319,"logical_words":2319,"total_bytes_est":445340},"outer_memo_bytes":8960,"colt_bytes":14992,"checksum":607690,"verified":true}
EVENT_LAB {"kind":"readout_free_join","candidate":"retraction64","domain":"fibred","readout_family":"non-suffix","readout_faces":"x","hidden":32,"width":6,"bits":19,"worlds":524288,"admissible_worlds":301069,"environments":2,"rows":128,"groups":16,"outputs":64,"memo":false,"changed_possible_groups":16,"changed_guaranteed_groups":16,"nonconstant_readouts":48,"build_s":[0.007556958],"support_s":[0.000404125],"import_s":[0.006514958],"admission_s":[0.00063725],"join_only_s":[1.675e-5],"fresh_s":[0.007333792],"fresh_group_s":[0.0019205],"fresh_readout_s":[0.004943542],"fresh_compute_s":[0.006864292],"fresh_count_s":[0.000469375],"warm_s":[0.001532041],"warm_group_s":[3.2458e-5],"warm_readout_s":[0.001014666],"warm_compute_s":[0.001047875],"warm_count_s":[0.000484042],"input_nodes":20184,"final_nodes":32988,"input_bytes_est":1661124,"final_bytes_est":3160460,"input_storage":{"layout":"slab","record_bytes":322944,"table_bytes":13176,"interner_bytes":568160,"metadata_bytes":161900,"cache_bytes":594944,"records":20184,"tables":1647,"logical_words":1647,"total_bytes_est":1661124},"final_storage":{"layout":"slab","record_bytes":645888,"table_bytes":52704,"interner_bytes":1136320,"metadata_bytes":323372,"cache_bytes":1002176,"records":32988,"tables":4381,"logical_words":4381,"total_bytes_est":3160460},"outer_memo_bytes":0,"colt_bytes":14992,"checksum":12912164,"verified":true}
EVENT_LAB {"kind":"readout_free_join","candidate":"retraction64","domain":"fibred","readout_family":"non-suffix","readout_faces":"x","hidden":32,"width":6,"bits":19,"worlds":524288,"admissible_worlds":301069,"environments":2,"rows":128,"groups":16,"outputs":64,"memo":true,"changed_possible_groups":16,"changed_guaranteed_groups":16,"nonconstant_readouts":48,"build_s":[0.007556958],"support_s":[0.000404125],"import_s":[0.006514958],"admission_s":[0.00063725],"join_only_s":[1.675e-5],"fresh_s":[0.006872791],"fresh_group_s":[0.001902875],"fresh_readout_s":[0.004516084],"fresh_compute_s":[0.0064195],"fresh_count_s":[0.000453209],"warm_s":[0.001480292],"warm_group_s":[1.6667e-5],"warm_readout_s":[0.001010041],"warm_compute_s":[0.001027125],"warm_count_s":[0.000453084],"input_nodes":20184,"final_nodes":32988,"input_bytes_est":1661124,"final_bytes_est":3169420,"input_storage":{"layout":"slab","record_bytes":322944,"table_bytes":13176,"interner_bytes":568160,"metadata_bytes":161900,"cache_bytes":594944,"records":20184,"tables":1647,"logical_words":1647,"total_bytes_est":1661124},"final_storage":{"layout":"slab","record_bytes":645888,"table_bytes":52704,"interner_bytes":1136320,"metadata_bytes":323372,"cache_bytes":1002176,"records":32988,"tables":4381,"logical_words":4381,"total_bytes_est":3160460},"outer_memo_bytes":8960,"colt_bytes":14992,"checksum":12912164,"verified":true}
ok

test result: ok. 1 passed; 0 failed; 0 ignored; 0 measured; 1378 filtered out; finished in 8.51s


        8.50 real         8.46 user         0.03 sys
            36208640  maximum resident set size
                   0  average shared memory size
                   0  average unshared data size
                   0  average unshared stack size
                2424  page reclaims
                   0  page faults
                   0  swaps
                   0  block input operations
                   0  block output operations
                   0  messages sent
                   0  messages received
                   0  signals received
                   0  voluntary context switches
                 324  involuntary context switches
        111865125214  instructions retired
         28622036176  cycles elapsed
            33210776  peak memory footprint
