
running 1 test
test event_repr_lab::experiment ... EVENT_LAB {"kind":"readout_free_join","candidate":"prefix64","domain":"fibred","readout_family":"non-suffix","readout_faces":"x","hidden":8,"width":4,"bits":13,"worlds":8192,"admissible_worlds":3197,"environments":2,"rows":128,"groups":16,"outputs":64,"memo":false,"changed_possible_groups":16,"changed_guaranteed_groups":16,"nonconstant_readouts":48,"build_s":[0.001563167],"support_s":[0.000216875],"import_s":[0.001280125],"admission_s":[6.5833e-5],"join_only_s":[2.9125e-5],"fresh_s":[0.00117925],"fresh_group_s":[0.000436625],"fresh_readout_s":[0.000655667],"fresh_compute_s":[0.001093625],"fresh_count_s":[8.5458e-5],"warm_s":[0.000250167],"warm_group_s":[1.8917e-5],"warm_readout_s":[0.000152083],"warm_compute_s":[0.000171292],"warm_count_s":[7.8792e-5],"input_nodes":2522,"final_nodes":4282,"input_bytes_est":245244,"final_bytes_est":441804,"input_storage":{"layout":"slab","record_bytes":40352,"table_bytes":10304,"interner_bytes":71016,"metadata_bytes":20532,"cache_bytes":103040,"records":2522,"tables":1288,"logical_words":1288,"total_bytes_est":245244},"final_storage":{"layout":"slab","record_bytes":80704,"table_bytes":20608,"interner_bytes":142032,"metadata_bytes":40708,"cache_bytes":157752,"records":4282,"tables":2173,"logical_words":2173,"total_bytes_est":441804},"outer_memo_bytes":0,"colt_bytes":14992,"checksum":607690,"verified":true}
EVENT_LAB {"kind":"readout_free_join","candidate":"prefix64","domain":"fibred","readout_family":"non-suffix","readout_faces":"x","hidden":8,"width":4,"bits":13,"worlds":8192,"admissible_worlds":3197,"environments":2,"rows":128,"groups":16,"outputs":64,"memo":true,"changed_possible_groups":16,"changed_guaranteed_groups":16,"nonconstant_readouts":48,"build_s":[0.001563167],"support_s":[0.000216875],"import_s":[0.001280125],"admission_s":[6.5833e-5],"join_only_s":[2.9125e-5],"fresh_s":[0.001140666],"fresh_group_s":[0.000427458],"fresh_readout_s":[0.000634083],"fresh_compute_s":[0.001062041],"fresh_count_s":[7.85e-5],"warm_s":[0.000229584],"warm_group_s":[9.959e-6],"warm_readout_s":[0.000142167],"warm_compute_s":[0.000152459],"warm_count_s":[7.7042e-5],"input_nodes":2522,"final_nodes":4282,"input_bytes_est":245244,"final_bytes_est":450764,"input_storage":{"layout":"slab","record_bytes":40352,"table_bytes":10304,"interner_bytes":71016,"metadata_bytes":20532,"cache_bytes":103040,"records":2522,"tables":1288,"logical_words":1288,"total_bytes_est":245244},"final_storage":{"layout":"slab","record_bytes":80704,"table_bytes":20608,"interner_bytes":142032,"metadata_bytes":40708,"cache_bytes":157752,"records":4282,"tables":2173,"logical_words":2173,"total_bytes_est":441804},"outer_memo_bytes":8960,"colt_bytes":14992,"checksum":607690,"verified":true}
EVENT_LAB {"kind":"readout_free_join","candidate":"prefix64","domain":"fibred","readout_family":"non-suffix","readout_faces":"x","hidden":32,"width":6,"bits":19,"worlds":524288,"admissible_worlds":301069,"environments":2,"rows":128,"groups":16,"outputs":64,"memo":false,"changed_possible_groups":16,"changed_guaranteed_groups":16,"nonconstant_readouts":48,"build_s":[0.0067655],"support_s":[0.000499625],"import_s":[0.005798708],"admission_s":[0.000465542],"join_only_s":[1.4625e-5],"fresh_s":[0.004791459],"fresh_group_s":[0.001805167],"fresh_readout_s":[0.002590833],"fresh_compute_s":[0.004396167],"fresh_count_s":[0.00039525],"warm_s":[0.001269333],"warm_group_s":[3.2e-5],"warm_readout_s":[0.000839625],"warm_compute_s":[0.000872458],"warm_count_s":[0.000396792],"input_nodes":16987,"final_nodes":23653,"input_bytes_est":1541744,"final_bytes_est":2337196,"input_storage":{"layout":"slab","record_bytes":271792,"table_bytes":13776,"interner_bytes":555372,"metadata_bytes":136324,"cache_bytes":564480,"records":16987,"tables":1722,"logical_words":1722,"total_bytes_est":1541744},"final_storage":{"layout":"slab","record_bytes":543584,"table_bytes":27552,"interner_bytes":623320,"metadata_bytes":272220,"cache_bytes":870520,"records":23653,"tables":3151,"logical_words":3151,"total_bytes_est":2337196},"outer_memo_bytes":0,"colt_bytes":14992,"checksum":12912164,"verified":true}
EVENT_LAB {"kind":"readout_free_join","candidate":"prefix64","domain":"fibred","readout_family":"non-suffix","readout_faces":"x","hidden":32,"width":6,"bits":19,"worlds":524288,"admissible_worlds":301069,"environments":2,"rows":128,"groups":16,"outputs":64,"memo":true,"changed_possible_groups":16,"changed_guaranteed_groups":16,"nonconstant_readouts":48,"build_s":[0.0067655],"support_s":[0.000499625],"import_s":[0.005798708],"admission_s":[0.000465542],"join_only_s":[1.4625e-5],"fresh_s":[0.00490175],"fresh_group_s":[0.001826],"fresh_readout_s":[0.002676917],"fresh_compute_s":[0.004503708],"fresh_count_s":[0.000397958],"warm_s":[0.001278833],"warm_group_s":[1.6083e-5],"warm_readout_s":[0.000856041],"warm_compute_s":[0.000872875],"warm_count_s":[0.000405875],"input_nodes":16987,"final_nodes":23653,"input_bytes_est":1541744,"final_bytes_est":2346156,"input_storage":{"layout":"slab","record_bytes":271792,"table_bytes":13776,"interner_bytes":555372,"metadata_bytes":136324,"cache_bytes":564480,"records":16987,"tables":1722,"logical_words":1722,"total_bytes_est":1541744},"final_storage":{"layout":"slab","record_bytes":543584,"table_bytes":27552,"interner_bytes":623320,"metadata_bytes":272220,"cache_bytes":870520,"records":23653,"tables":3151,"logical_words":3151,"total_bytes_est":2337196},"outer_memo_bytes":8960,"colt_bytes":14992,"checksum":12912164,"verified":true}
ok

test result: ok. 1 passed; 0 failed; 0 ignored; 0 measured; 1378 filtered out; finished in 8.30s


        8.30 real         8.29 user         0.01 sys
            35422208  maximum resident set size
                   0  average shared memory size
                   0  average unshared data size
                   0  average unshared stack size
                2377  page reclaims
                   0  page faults
                   0  swaps
                   0  block input operations
                   0  block output operations
                   0  messages sent
                   0  messages received
                   0  signals received
                   0  voluntary context switches
                 211  involuntary context switches
        109090644651  instructions retired
         27956389650  cycles elapsed
            32375192  peak memory footprint
