
running 1 test
test event_repr_lab::experiment ... EVENT_LAB {"kind":"readout_free_join","candidate":"retraction64","domain":"fibred","readout_family":"non-suffix","readout_faces":"x","hidden":8,"width":4,"bits":13,"worlds":8192,"admissible_worlds":3197,"environments":2,"rows":128,"groups":16,"outputs":64,"memo":false,"changed_possible_groups":16,"changed_guaranteed_groups":16,"nonconstant_readouts":48,"build_s":[0.002710667],"support_s":[0.000286292],"import_s":[0.002351292],"admission_s":[7.2708e-5],"join_only_s":[2.8416e-5],"fresh_s":[0.002432875],"fresh_group_s":[0.000534791],"fresh_readout_s":[0.001798958],"fresh_compute_s":[0.002335208],"fresh_count_s":[9.7583e-5],"warm_s":[0.000139208],"warm_group_s":[2.2083e-5],"warm_readout_s":[2.7542e-5],"warm_compute_s":[4.9958e-5],"warm_count_s":[8.9125e-5],"input_nodes":4096,"final_nodes":7801,"input_bytes_est":426396,"final_bytes_est":761076,"input_storage":{"layout":"slab","record_bytes":65536,"table_bytes":17944,"interner_bytes":138240,"metadata_bytes":33092,"cache_bytes":171584,"records":4096,"tables":2243,"logical_words":2243,"total_bytes_est":426396},"final_storage":{"layout":"slab","record_bytes":131072,"table_bytes":35888,"interner_bytes":276480,"metadata_bytes":65860,"cache_bytes":251776,"records":7801,"tables":3926,"logical_words":3926,"total_bytes_est":761076},"outer_memo_bytes":0,"colt_bytes":14992,"checksum":607690,"verified":true}
EVENT_LAB {"kind":"readout_free_join","candidate":"retraction64","domain":"fibred","readout_family":"non-suffix","readout_faces":"x","hidden":8,"width":4,"bits":13,"worlds":8192,"admissible_worlds":3197,"environments":2,"rows":128,"groups":16,"outputs":64,"memo":true,"changed_possible_groups":16,"changed_guaranteed_groups":16,"nonconstant_readouts":48,"build_s":[0.002710667],"support_s":[0.000286292],"import_s":[0.002351292],"admission_s":[7.2708e-5],"join_only_s":[2.8416e-5],"fresh_s":[0.002406291],"fresh_group_s":[0.000508583],"fresh_readout_s":[0.001795166],"fresh_compute_s":[0.002304291],"fresh_count_s":[0.000101875],"warm_s":[0.000119],"warm_group_s":[1.0125e-5],"warm_readout_s":[2.2083e-5],"warm_compute_s":[3.2417e-5],"warm_count_s":[8.6375e-5],"input_nodes":4096,"final_nodes":7801,"input_bytes_est":426396,"final_bytes_est":770036,"input_storage":{"layout":"slab","record_bytes":65536,"table_bytes":17944,"interner_bytes":138240,"metadata_bytes":33092,"cache_bytes":171584,"records":4096,"tables":2243,"logical_words":2243,"total_bytes_est":426396},"final_storage":{"layout":"slab","record_bytes":131072,"table_bytes":35888,"interner_bytes":276480,"metadata_bytes":65860,"cache_bytes":251776,"records":7801,"tables":3926,"logical_words":3926,"total_bytes_est":761076},"outer_memo_bytes":8960,"colt_bytes":14992,"checksum":607690,"verified":true}
EVENT_LAB {"kind":"readout_free_join","candidate":"retraction64","domain":"fibred","readout_family":"non-suffix","readout_faces":"x","hidden":32,"width":6,"bits":19,"worlds":524288,"admissible_worlds":301069,"environments":2,"rows":128,"groups":16,"outputs":64,"memo":false,"changed_possible_groups":16,"changed_guaranteed_groups":16,"nonconstant_readouts":48,"build_s":[0.024409541],"support_s":[0.00072025],"import_s":[0.02307],"admission_s":[0.000618709],"join_only_s":[1.45e-5],"fresh_s":[0.024153042],"fresh_group_s":[0.002052292],"fresh_readout_s":[0.021623125],"fresh_compute_s":[0.023675875],"fresh_count_s":[0.000475792],"warm_s":[0.000582875],"warm_group_s":[3.5042e-5],"warm_readout_s":[4.0834e-5],"warm_compute_s":[7.6542e-5],"warm_count_s":[0.00050625],"input_nodes":48613,"final_nodes":96018,"input_bytes_est":4502520,"final_bytes_est":9126500,"input_storage":{"layout":"slab","record_bytes":777808,"table_bytes":78432,"interner_bytes":1169300,"metadata_bytes":389300,"cache_bytes":2087680,"records":48613,"tables":9804,"logical_words":9804,"total_bytes_est":4502520},"final_storage":{"layout":"slab","record_bytes":1555616,"table_bytes":156864,"interner_bytes":2338600,"metadata_bytes":778204,"cache_bytes":4297216,"records":96018,"tables":18240,"logical_words":18240,"total_bytes_est":9126500},"outer_memo_bytes":0,"colt_bytes":14992,"checksum":12912164,"verified":true}
EVENT_LAB {"kind":"readout_free_join","candidate":"retraction64","domain":"fibred","readout_family":"non-suffix","readout_faces":"x","hidden":32,"width":6,"bits":19,"worlds":524288,"admissible_worlds":301069,"environments":2,"rows":128,"groups":16,"outputs":64,"memo":true,"changed_possible_groups":16,"changed_guaranteed_groups":16,"nonconstant_readouts":48,"build_s":[0.024409541],"support_s":[0.00072025],"import_s":[0.02307],"admission_s":[0.000618709],"join_only_s":[1.45e-5],"fresh_s":[0.023835292],"fresh_group_s":[0.002102125],"fresh_readout_s":[0.021256584],"fresh_compute_s":[0.023359458],"fresh_count_s":[0.000475792],"warm_s":[0.000569666],"warm_group_s":[1.6916e-5],"warm_readout_s":[4.4417e-5],"warm_compute_s":[6.1958e-5],"warm_count_s":[0.000507667],"input_nodes":48613,"final_nodes":96018,"input_bytes_est":4502520,"final_bytes_est":9135460,"input_storage":{"layout":"slab","record_bytes":777808,"table_bytes":78432,"interner_bytes":1169300,"metadata_bytes":389300,"cache_bytes":2087680,"records":48613,"tables":9804,"logical_words":9804,"total_bytes_est":4502520},"final_storage":{"layout":"slab","record_bytes":1555616,"table_bytes":156864,"interner_bytes":2338600,"metadata_bytes":778204,"cache_bytes":4297216,"records":96018,"tables":18240,"logical_words":18240,"total_bytes_est":9126500},"outer_memo_bytes":8960,"colt_bytes":14992,"checksum":12912164,"verified":true}
ok

test result: ok. 1 passed; 0 failed; 0 ignored; 0 measured; 1378 filtered out; finished in 12.14s


       12.14 real        11.94 user         0.19 sys
           224378880  maximum resident set size
                   0  average shared memory size
                   0  average unshared data size
                   0  average unshared stack size
               19217  page reclaims
                   0  page faults
                   0  swaps
                   0  block input operations
                   0  block output operations
                   0  messages sent
                   0  messages received
                   0  signals received
                   0  voluntary context switches
                 231  involuntary context switches
        144529608101  instructions retired
         41229743523  cycles elapsed
           221479536  peak memory footprint
