
running 1 test
test event_repr_lab::experiment ... EVENT_LAB {"kind":"readout_free_join","candidate":"prefix64","domain":"fibred","readout_family":"non-suffix","readout_faces":"x","hidden":8,"width":4,"bits":13,"worlds":8192,"admissible_worlds":3197,"environments":2,"rows":128,"groups":16,"outputs":64,"memo":false,"changed_possible_groups":16,"changed_guaranteed_groups":16,"nonconstant_readouts":48,"build_s":[0.002459416],"support_s":[0.000307291],"import_s":[0.002089458],"admission_s":[6.2334e-5],"join_only_s":[2.6834e-5],"fresh_s":[0.002069417],"fresh_group_s":[0.000411833],"fresh_readout_s":[0.001568542],"fresh_compute_s":[0.001981584],"fresh_count_s":[8.775e-5],"warm_s":[0.00012325],"warm_group_s":[1.9333e-5],"warm_readout_s":[2.3583e-5],"warm_compute_s":[4.3042e-5],"warm_count_s":[8.0125e-5],"input_nodes":4058,"final_nodes":7316,"input_bytes_est":363956,"final_bytes_est":758052,"input_storage":{"layout":"slab","record_bytes":64928,"table_bytes":17496,"interner_bytes":138088,"metadata_bytes":32788,"cache_bytes":110656,"records":4058,"tables":2187,"logical_words":2187,"total_bytes_est":363956},"final_storage":{"layout":"slab","record_bytes":129856,"table_bytes":34992,"interner_bytes":276176,"metadata_bytes":65252,"cache_bytes":251776,"records":7316,"tables":3674,"logical_words":3674,"total_bytes_est":758052},"outer_memo_bytes":0,"colt_bytes":14992,"checksum":607690,"verified":true}
EVENT_LAB {"kind":"readout_free_join","candidate":"prefix64","domain":"fibred","readout_family":"non-suffix","readout_faces":"x","hidden":8,"width":4,"bits":13,"worlds":8192,"admissible_worlds":3197,"environments":2,"rows":128,"groups":16,"outputs":64,"memo":true,"changed_possible_groups":16,"changed_guaranteed_groups":16,"nonconstant_readouts":48,"build_s":[0.002459416],"support_s":[0.000307291],"import_s":[0.002089458],"admission_s":[6.2334e-5],"join_only_s":[2.6834e-5],"fresh_s":[0.0019965],"fresh_group_s":[0.000394667],"fresh_readout_s":[0.001520917],"fresh_compute_s":[0.001915834],"fresh_count_s":[8.0625e-5],"warm_s":[0.000115125],"warm_group_s":[1.2667e-5],"warm_readout_s":[2.1166e-5],"warm_compute_s":[3.4125e-5],"warm_count_s":[8.0792e-5],"input_nodes":4058,"final_nodes":7316,"input_bytes_est":363956,"final_bytes_est":767012,"input_storage":{"layout":"slab","record_bytes":64928,"table_bytes":17496,"interner_bytes":138088,"metadata_bytes":32788,"cache_bytes":110656,"records":4058,"tables":2187,"logical_words":2187,"total_bytes_est":363956},"final_storage":{"layout":"slab","record_bytes":129856,"table_bytes":34992,"interner_bytes":276176,"metadata_bytes":65252,"cache_bytes":251776,"records":7316,"tables":3674,"logical_words":3674,"total_bytes_est":758052},"outer_memo_bytes":8960,"colt_bytes":14992,"checksum":607690,"verified":true}
EVENT_LAB {"kind":"readout_free_join","candidate":"prefix64","domain":"fibred","readout_family":"non-suffix","readout_faces":"x","hidden":32,"width":6,"bits":19,"worlds":524288,"admissible_worlds":301069,"environments":2,"rows":128,"groups":16,"outputs":64,"memo":false,"changed_possible_groups":16,"changed_guaranteed_groups":16,"nonconstant_readouts":48,"build_s":[0.016635458],"support_s":[0.000825083],"import_s":[0.015362334],"admission_s":[0.00044775],"join_only_s":[1.5125e-5],"fresh_s":[0.018267208],"fresh_group_s":[0.001316792],"fresh_readout_s":[0.016649375],"fresh_compute_s":[0.017966333],"fresh_count_s":[0.000300792],"warm_s":[0.000397417],"warm_group_s":[3.4042e-5],"warm_readout_s":[4.2959e-5],"warm_compute_s":[7.7333e-5],"warm_count_s":[0.00032],"input_nodes":43213,"final_nodes":86464,"input_bytes_est":3359912,"final_bytes_est":9368828,"input_storage":{"layout":"slab","record_bytes":691408,"table_bytes":61872,"interner_bytes":1147700,"metadata_bytes":346100,"cache_bytes":1112832,"records":43213,"tables":7734,"logical_words":7734,"total_bytes_est":3359912},"final_storage":{"layout":"slab","record_bytes":2765632,"table_bytes":247488,"interner_bytes":2641104,"metadata_bytes":1383212,"cache_bytes":2331392,"records":86464,"tables":16603,"logical_words":16603,"total_bytes_est":9368828},"outer_memo_bytes":0,"colt_bytes":14992,"checksum":12912164,"verified":true}
EVENT_LAB {"kind":"readout_free_join","candidate":"prefix64","domain":"fibred","readout_family":"non-suffix","readout_faces":"x","hidden":32,"width":6,"bits":19,"worlds":524288,"admissible_worlds":301069,"environments":2,"rows":128,"groups":16,"outputs":64,"memo":true,"changed_possible_groups":16,"changed_guaranteed_groups":16,"nonconstant_readouts":48,"build_s":[0.016635458],"support_s":[0.000825083],"import_s":[0.015362334],"admission_s":[0.00044775],"join_only_s":[1.5125e-5],"fresh_s":[0.017135833],"fresh_group_s":[0.001327042],"fresh_readout_s":[0.015504834],"fresh_compute_s":[0.01683275],"fresh_count_s":[0.000303],"warm_s":[0.000383667],"warm_group_s":[1.6083e-5],"warm_readout_s":[4.6625e-5],"warm_compute_s":[6.3167e-5],"warm_count_s":[0.000320417],"input_nodes":43213,"final_nodes":86464,"input_bytes_est":3359912,"final_bytes_est":9377788,"input_storage":{"layout":"slab","record_bytes":691408,"table_bytes":61872,"interner_bytes":1147700,"metadata_bytes":346100,"cache_bytes":1112832,"records":43213,"tables":7734,"logical_words":7734,"total_bytes_est":3359912},"final_storage":{"layout":"slab","record_bytes":2765632,"table_bytes":247488,"interner_bytes":2641104,"metadata_bytes":1383212,"cache_bytes":2331392,"records":86464,"tables":16603,"logical_words":16603,"total_bytes_est":9368828},"outer_memo_bytes":8960,"colt_bytes":14992,"checksum":12912164,"verified":true}
ok

test result: ok. 1 passed; 0 failed; 0 ignored; 0 measured; 1378 filtered out; finished in 11.43s


       11.43 real        11.23 user         0.19 sys
           229556224  maximum resident set size
                   0  average shared memory size
                   0  average unshared data size
                   0  average unshared stack size
               19627  page reclaims
                   0  page faults
                   0  swaps
                   0  block input operations
                   0  block output operations
                   0  messages sent
                   0  messages received
                   0  signals received
                   0  voluntary context switches
                 318  involuntary context switches
        135982032191  instructions retired
         38814015453  cycles elapsed
           226640496  peak memory footprint
