
running 1 test
test event_repr_lab::experiment ... EVENT_LAB {"kind":"readout_free_join","candidate":"retraction512","domain":"fibred","readout_family":"suffix-1","readout_faces":"x","hidden":1,"width":4,"bits":13,"worlds":8192,"admissible_worlds":3197,"environments":2,"rows":128,"groups":16,"outputs":64,"memo":false,"changed_possible_groups":16,"changed_guaranteed_groups":16,"nonconstant_readouts":48,"build_s":[0.000961667],"support_s":[0.000195292],"import_s":[0.000694125],"admission_s":[7.1834e-5],"join_only_s":[2.8208e-5],"fresh_s":[0.00067125],"fresh_group_s":[0.000147084],"fresh_readout_s":[0.000506084],"fresh_compute_s":[0.0006545],"fresh_count_s":[1.6625e-5],"warm_s":[4.7667e-5],"warm_group_s":[1.6375e-5],"warm_readout_s":[1.8042e-5],"warm_compute_s":[3.4542e-5],"warm_count_s":[1.3041e-5],"input_nodes":1045,"final_nodes":1755,"input_bytes_est":124480,"final_bytes_est":218172,"input_storage":{"layout":"slab","record_bytes":16720,"table_bytes":29936,"interner_bytes":34644,"metadata_bytes":8684,"cache_bytes":34496,"records":1045,"tables":1031,"logical_words":3742,"total_bytes_est":124480},"final_storage":{"layout":"slab","record_bytes":33440,"table_bytes":59872,"interner_bytes":38824,"metadata_bytes":17044,"cache_bytes":68992,"records":1755,"tables":1741,"logical_words":7437,"total_bytes_est":218172},"outer_memo_bytes":0,"colt_bytes":14992,"checksum":598930,"verified":true}
EVENT_LAB {"kind":"readout_free_join","candidate":"retraction512","domain":"fibred","readout_family":"suffix-1","readout_faces":"x","hidden":1,"width":4,"bits":13,"worlds":8192,"admissible_worlds":3197,"environments":2,"rows":128,"groups":16,"outputs":64,"memo":true,"changed_possible_groups":16,"changed_guaranteed_groups":16,"nonconstant_readouts":48,"build_s":[0.000961667],"support_s":[0.000195292],"import_s":[0.000694125],"admission_s":[7.1834e-5],"join_only_s":[2.8208e-5],"fresh_s":[0.000646667],"fresh_group_s":[0.0001435],"fresh_readout_s":[0.000483333],"fresh_compute_s":[0.000627042],"fresh_count_s":[1.9459e-5],"warm_s":[4.1875e-5],"warm_group_s":[1.1875e-5],"warm_readout_s":[1.6875e-5],"warm_compute_s":[2.9e-5],"warm_count_s":[1.2667e-5],"input_nodes":1045,"final_nodes":1755,"input_bytes_est":124480,"final_bytes_est":227132,"input_storage":{"layout":"slab","record_bytes":16720,"table_bytes":29936,"interner_bytes":34644,"metadata_bytes":8684,"cache_bytes":34496,"records":1045,"tables":1031,"logical_words":3742,"total_bytes_est":124480},"final_storage":{"layout":"slab","record_bytes":33440,"table_bytes":59872,"interner_bytes":38824,"metadata_bytes":17044,"cache_bytes":68992,"records":1755,"tables":1741,"logical_words":7437,"total_bytes_est":218172},"outer_memo_bytes":8960,"colt_bytes":14992,"checksum":598930,"verified":true}
EVENT_LAB {"kind":"readout_free_join","candidate":"retraction512","domain":"fibred","readout_family":"suffix-1","readout_faces":"x","hidden":1,"width":6,"bits":19,"worlds":524288,"admissible_worlds":301069,"environments":2,"rows":128,"groups":16,"outputs":64,"memo":false,"changed_possible_groups":16,"changed_guaranteed_groups":16,"nonconstant_readouts":48,"build_s":[0.015324],"support_s":[0.000734],"import_s":[0.014236958],"admission_s":[0.000352667],"join_only_s":[1.9625e-5],"fresh_s":[0.014228458],"fresh_group_s":[0.001420041],"fresh_readout_s":[0.012625375],"fresh_compute_s":[0.014045625],"fresh_count_s":[0.00018275],"warm_s":[0.000564208],"warm_group_s":[3.1084e-5],"warm_readout_s":[0.000336667],"warm_compute_s":[0.00036875],"warm_count_s":[0.000195375],"input_nodes":20384,"final_nodes":39708,"input_bytes_est":2181948,"final_bytes_est":4424428,"input_storage":{"layout":"slab","record_bytes":326144,"table_bytes":528432,"interner_bytes":568960,"metadata_bytes":163468,"cache_bytes":594944,"records":20384,"tables":10534,"logical_words":66054,"total_bytes_est":2181948},"final_storage":{"layout":"slab","record_bytes":652288,"table_bytes":1056864,"interner_bytes":1137920,"metadata_bytes":326540,"cache_bytes":1250816,"records":39708,"tables":19841,"logical_words":126275,"total_bytes_est":4424428},"outer_memo_bytes":0,"colt_bytes":14992,"checksum":11398018,"verified":true}
EVENT_LAB {"kind":"readout_free_join","candidate":"retraction512","domain":"fibred","readout_family":"suffix-1","readout_faces":"x","hidden":1,"width":6,"bits":19,"worlds":524288,"admissible_worlds":301069,"environments":2,"rows":128,"groups":16,"outputs":64,"memo":true,"changed_possible_groups":16,"changed_guaranteed_groups":16,"nonconstant_readouts":48,"build_s":[0.015324],"support_s":[0.000734],"import_s":[0.014236958],"admission_s":[0.000352667],"join_only_s":[1.9625e-5],"fresh_s":[0.014520709],"fresh_group_s":[0.001384667],"fresh_readout_s":[0.012954],"fresh_compute_s":[0.01434275],"fresh_count_s":[0.000177792],"warm_s":[0.000550791],"warm_group_s":[1.8208e-5],"warm_readout_s":[0.000336958],"warm_compute_s":[0.000355875],"warm_count_s":[0.000194834],"input_nodes":20384,"final_nodes":39708,"input_bytes_est":2181948,"final_bytes_est":4433388,"input_storage":{"layout":"slab","record_bytes":326144,"table_bytes":528432,"interner_bytes":568960,"metadata_bytes":163468,"cache_bytes":594944,"records":20384,"tables":10534,"logical_words":66054,"total_bytes_est":2181948},"final_storage":{"layout":"slab","record_bytes":652288,"table_bytes":1056864,"interner_bytes":1137920,"metadata_bytes":326540,"cache_bytes":1250816,"records":39708,"tables":19841,"logical_words":126275,"total_bytes_est":4424428},"outer_memo_bytes":8960,"colt_bytes":14992,"checksum":11398018,"verified":true}
ok

test result: ok. 1 passed; 0 failed; 0 ignored; 0 measured; 1378 filtered out; finished in 13.53s


       13.53 real        13.30 user         0.21 sys
           335609856  maximum resident set size
                   0  average shared memory size
                   0  average unshared data size
                   0  average unshared stack size
               27784  page reclaims
                   0  page faults
                   0  swaps
                   0  block input operations
                   0  block output operations
                   0  messages sent
                   0  messages received
                   0  signals received
                   0  voluntary context switches
                 948  involuntary context switches
        162338590845  instructions retired
         45634442347  cycles elapsed
           332726968  peak memory footprint
