
running 1 test
test event_repr_lab::experiment ... EVENT_LAB {"kind":"readout_free_join","candidate":"retraction64","domain":"fibred","readout_family":"non-suffix","readout_faces":"x","hidden":8,"width":4,"bits":13,"worlds":8192,"admissible_worlds":3197,"environments":2,"rows":128,"groups":16,"outputs":64,"memo":false,"changed_possible_groups":16,"changed_guaranteed_groups":16,"nonconstant_readouts":48,"build_s":[0.002632291],"support_s":[0.00027175],"import_s":[0.002289416],"admission_s":[7.0875e-5],"join_only_s":[2.7792e-5],"fresh_s":[0.002274958],"fresh_group_s":[0.000537833],"fresh_readout_s":[0.0016385],"fresh_compute_s":[0.002177791],"fresh_count_s":[9.7125e-5],"warm_s":[0.000136791],"warm_group_s":[2.1958e-5],"warm_readout_s":[2.7375e-5],"warm_compute_s":[4.9625e-5],"warm_count_s":[8.7084e-5],"input_nodes":4096,"final_nodes":7496,"input_bytes_est":426396,"final_bytes_est":761076,"input_storage":{"layout":"slab","record_bytes":65536,"table_bytes":17944,"interner_bytes":138240,"metadata_bytes":33092,"cache_bytes":171584,"records":4096,"tables":2243,"logical_words":2243,"total_bytes_est":426396},"final_storage":{"layout":"slab","record_bytes":131072,"table_bytes":35888,"interner_bytes":276480,"metadata_bytes":65860,"cache_bytes":251776,"records":7496,"tables":3716,"logical_words":3716,"total_bytes_est":761076},"outer_memo_bytes":0,"colt_bytes":14992,"checksum":607690,"verified":true}
EVENT_LAB {"kind":"readout_free_join","candidate":"retraction64","domain":"fibred","readout_family":"non-suffix","readout_faces":"x","hidden":8,"width":4,"bits":13,"worlds":8192,"admissible_worlds":3197,"environments":2,"rows":128,"groups":16,"outputs":64,"memo":true,"changed_possible_groups":16,"changed_guaranteed_groups":16,"nonconstant_readouts":48,"build_s":[0.002632291],"support_s":[0.00027175],"import_s":[0.002289416],"admission_s":[7.0875e-5],"join_only_s":[2.7792e-5],"fresh_s":[0.002176208],"fresh_group_s":[0.000508209],"fresh_readout_s":[0.001582417],"fresh_compute_s":[0.002090916],"fresh_count_s":[8.5208e-5],"warm_s":[0.000147208],"warm_group_s":[1.7875e-5],"warm_readout_s":[2.925e-5],"warm_compute_s":[4.775e-5],"warm_count_s":[9.9375e-5],"input_nodes":4096,"final_nodes":7496,"input_bytes_est":426396,"final_bytes_est":770036,"input_storage":{"layout":"slab","record_bytes":65536,"table_bytes":17944,"interner_bytes":138240,"metadata_bytes":33092,"cache_bytes":171584,"records":4096,"tables":2243,"logical_words":2243,"total_bytes_est":426396},"final_storage":{"layout":"slab","record_bytes":131072,"table_bytes":35888,"interner_bytes":276480,"metadata_bytes":65860,"cache_bytes":251776,"records":7496,"tables":3716,"logical_words":3716,"total_bytes_est":761076},"outer_memo_bytes":8960,"colt_bytes":14992,"checksum":607690,"verified":true}
EVENT_LAB {"kind":"readout_free_join","candidate":"retraction64","domain":"fibred","readout_family":"non-suffix","readout_faces":"x","hidden":32,"width":6,"bits":19,"worlds":524288,"admissible_worlds":301069,"environments":2,"rows":128,"groups":16,"outputs":64,"memo":false,"changed_possible_groups":16,"changed_guaranteed_groups":16,"nonconstant_readouts":48,"build_s":[0.024003417],"support_s":[0.00074075],"import_s":[0.022641042],"admission_s":[0.000621042],"join_only_s":[1.6791e-5],"fresh_s":[0.020316292],"fresh_group_s":[0.002059084],"fresh_readout_s":[0.01770825],"fresh_compute_s":[0.019767834],"fresh_count_s":[0.000548291],"warm_s":[0.000584084],"warm_group_s":[3.4e-5],"warm_readout_s":[4.6041e-5],"warm_compute_s":[8.0459e-5],"warm_count_s":[0.000503458],"input_nodes":48613,"final_nodes":91649,"input_bytes_est":4502520,"final_bytes_est":7160676,"input_storage":{"layout":"slab","record_bytes":777808,"table_bytes":78432,"interner_bytes":1169300,"metadata_bytes":389300,"cache_bytes":2087680,"records":48613,"tables":9804,"logical_words":9804,"total_bytes_est":4502520},"final_storage":{"layout":"slab","record_bytes":1555616,"table_bytes":156864,"interner_bytes":2338600,"metadata_bytes":778204,"cache_bytes":2331392,"records":91649,"tables":18001,"logical_words":18001,"total_bytes_est":7160676},"outer_memo_bytes":0,"colt_bytes":14992,"checksum":12912164,"verified":true}
EVENT_LAB {"kind":"readout_free_join","candidate":"retraction64","domain":"fibred","readout_family":"non-suffix","readout_faces":"x","hidden":32,"width":6,"bits":19,"worlds":524288,"admissible_worlds":301069,"environments":2,"rows":128,"groups":16,"outputs":64,"memo":true,"changed_possible_groups":16,"changed_guaranteed_groups":16,"nonconstant_readouts":48,"build_s":[0.024003417],"support_s":[0.00074075],"import_s":[0.022641042],"admission_s":[0.000621042],"join_only_s":[1.6791e-5],"fresh_s":[0.020203334],"fresh_group_s":[0.002031334],"fresh_readout_s":[0.017692625],"fresh_compute_s":[0.019724584],"fresh_count_s":[0.000478667],"warm_s":[0.000561833],"warm_group_s":[1.75e-5],"warm_readout_s":[4.625e-5],"warm_compute_s":[6.4333e-5],"warm_count_s":[0.000497417],"input_nodes":48613,"final_nodes":91649,"input_bytes_est":4502520,"final_bytes_est":7169636,"input_storage":{"layout":"slab","record_bytes":777808,"table_bytes":78432,"interner_bytes":1169300,"metadata_bytes":389300,"cache_bytes":2087680,"records":48613,"tables":9804,"logical_words":9804,"total_bytes_est":4502520},"final_storage":{"layout":"slab","record_bytes":1555616,"table_bytes":156864,"interner_bytes":2338600,"metadata_bytes":778204,"cache_bytes":2331392,"records":91649,"tables":18001,"logical_words":18001,"total_bytes_est":7160676},"outer_memo_bytes":8960,"colt_bytes":14992,"checksum":12912164,"verified":true}
ok

test result: ok. 1 passed; 0 failed; 0 ignored; 0 measured; 1378 filtered out; finished in 12.16s


       12.16 real        11.92 user         0.23 sys
           216481792  maximum resident set size
                   0  average shared memory size
                   0  average unshared data size
                   0  average unshared stack size
               18885  page reclaims
                   0  page faults
                   0  swaps
                   0  block input operations
                   0  block output operations
                   0  messages sent
                   0  messages received
                   0  signals received
                   0  voluntary context switches
                 262  involuntary context switches
        144526153364  instructions retired
         41290329903  cycles elapsed
           213566040  peak memory footprint
