
running 1 test
test event_repr_lab::experiment ... EVENT_LAB {"kind":"readout_free_join","candidate":"retraction64","domain":"fibred","readout_family":"suffix-1","readout_faces":"x","hidden":1,"width":4,"bits":13,"worlds":8192,"admissible_worlds":3197,"environments":2,"rows":128,"groups":16,"outputs":64,"memo":false,"changed_possible_groups":16,"changed_guaranteed_groups":16,"nonconstant_readouts":48,"build_s":[0.002638625],"support_s":[0.000277209],"import_s":[0.0022905],"admission_s":[7.0666e-5],"join_only_s":[2.7666e-5],"fresh_s":[0.00255325],"fresh_group_s":[0.000537416],"fresh_readout_s":[0.001910708],"fresh_compute_s":[0.002449583],"fresh_count_s":[0.000103583],"warm_s":[0.000279333],"warm_group_s":[2.3e-5],"warm_readout_s":[0.000150791],"warm_compute_s":[0.000174042],"warm_count_s":[0.000105209],"input_nodes":4096,"final_nodes":7937,"input_bytes_est":426396,"final_bytes_est":761076,"input_storage":{"layout":"slab","record_bytes":65536,"table_bytes":17944,"interner_bytes":138240,"metadata_bytes":33092,"cache_bytes":171584,"records":4096,"tables":2243,"logical_words":2243,"total_bytes_est":426396},"final_storage":{"layout":"slab","record_bytes":131072,"table_bytes":35888,"interner_bytes":276480,"metadata_bytes":65860,"cache_bytes":251776,"records":7937,"tables":4025,"logical_words":4025,"total_bytes_est":761076},"outer_memo_bytes":0,"colt_bytes":14992,"checksum":598930,"verified":true}
EVENT_LAB {"kind":"readout_free_join","candidate":"retraction64","domain":"fibred","readout_family":"suffix-1","readout_faces":"x","hidden":1,"width":4,"bits":13,"worlds":8192,"admissible_worlds":3197,"environments":2,"rows":128,"groups":16,"outputs":64,"memo":true,"changed_possible_groups":16,"changed_guaranteed_groups":16,"nonconstant_readouts":48,"build_s":[0.002638625],"support_s":[0.000277209],"import_s":[0.0022905],"admission_s":[7.0666e-5],"join_only_s":[2.7666e-5],"fresh_s":[0.002445375],"fresh_group_s":[0.000512541],"fresh_readout_s":[0.001839167],"fresh_compute_s":[0.002352167],"fresh_count_s":[9.3125e-5],"warm_s":[0.0002505],"warm_group_s":[1.2916e-5],"warm_readout_s":[0.000143583],"warm_compute_s":[0.00015675],"warm_count_s":[9.3708e-5],"input_nodes":4096,"final_nodes":7937,"input_bytes_est":426396,"final_bytes_est":770036,"input_storage":{"layout":"slab","record_bytes":65536,"table_bytes":17944,"interner_bytes":138240,"metadata_bytes":33092,"cache_bytes":171584,"records":4096,"tables":2243,"logical_words":2243,"total_bytes_est":426396},"final_storage":{"layout":"slab","record_bytes":131072,"table_bytes":35888,"interner_bytes":276480,"metadata_bytes":65860,"cache_bytes":251776,"records":7937,"tables":4025,"logical_words":4025,"total_bytes_est":761076},"outer_memo_bytes":8960,"colt_bytes":14992,"checksum":598930,"verified":true}
EVENT_LAB {"kind":"readout_free_join","candidate":"retraction64","domain":"fibred","readout_family":"suffix-1","readout_faces":"x","hidden":1,"width":6,"bits":19,"worlds":524288,"admissible_worlds":301069,"environments":2,"rows":128,"groups":16,"outputs":64,"memo":false,"changed_possible_groups":16,"changed_guaranteed_groups":16,"nonconstant_readouts":48,"build_s":[0.02396725],"support_s":[0.000719834],"import_s":[0.022609],"admission_s":[0.00063725],"join_only_s":[1.6208e-5],"fresh_s":[0.023698583],"fresh_group_s":[0.002047458],"fresh_readout_s":[0.021134625],"fresh_compute_s":[0.023182583],"fresh_count_s":[0.000515875],"warm_s":[0.001253917],"warm_group_s":[4.7333e-5],"warm_readout_s":[0.000658708],"warm_compute_s":[0.000706625],"warm_count_s":[0.000547208],"input_nodes":48613,"final_nodes":94990,"input_bytes_est":4502520,"final_bytes_est":9126500,"input_storage":{"layout":"slab","record_bytes":777808,"table_bytes":78432,"interner_bytes":1169300,"metadata_bytes":389300,"cache_bytes":2087680,"records":48613,"tables":9804,"logical_words":9804,"total_bytes_est":4502520},"final_storage":{"layout":"slab","record_bytes":1555616,"table_bytes":156864,"interner_bytes":2338600,"metadata_bytes":778204,"cache_bytes":4297216,"records":94990,"tables":19409,"logical_words":19409,"total_bytes_est":9126500},"outer_memo_bytes":0,"colt_bytes":14992,"checksum":11398018,"verified":true}
EVENT_LAB {"kind":"readout_free_join","candidate":"retraction64","domain":"fibred","readout_family":"suffix-1","readout_faces":"x","hidden":1,"width":6,"bits":19,"worlds":524288,"admissible_worlds":301069,"environments":2,"rows":128,"groups":16,"outputs":64,"memo":true,"changed_possible_groups":16,"changed_guaranteed_groups":16,"nonconstant_readouts":48,"build_s":[0.02396725],"support_s":[0.000719834],"import_s":[0.022609],"admission_s":[0.00063725],"join_only_s":[1.6208e-5],"fresh_s":[0.024970708],"fresh_group_s":[0.002233458],"fresh_readout_s":[0.022218291],"fresh_compute_s":[0.024452625],"fresh_count_s":[0.000517959],"warm_s":[0.001232459],"warm_group_s":[1.6667e-5],"warm_readout_s":[0.000670833],"warm_compute_s":[0.000688292],"warm_count_s":[0.000544125],"input_nodes":48613,"final_nodes":94990,"input_bytes_est":4502520,"final_bytes_est":9135460,"input_storage":{"layout":"slab","record_bytes":777808,"table_bytes":78432,"interner_bytes":1169300,"metadata_bytes":389300,"cache_bytes":2087680,"records":48613,"tables":9804,"logical_words":9804,"total_bytes_est":4502520},"final_storage":{"layout":"slab","record_bytes":1555616,"table_bytes":156864,"interner_bytes":2338600,"metadata_bytes":778204,"cache_bytes":4297216,"records":94990,"tables":19409,"logical_words":19409,"total_bytes_est":9126500},"outer_memo_bytes":8960,"colt_bytes":14992,"checksum":11398018,"verified":true}
ok

test result: ok. 1 passed; 0 failed; 0 ignored; 0 measured; 1378 filtered out; finished in 17.30s


       17.31 real        16.96 user         0.34 sys
           396886016  maximum resident set size
                   0  average shared memory size
                   0  average unshared data size
                   0  average unshared stack size
               30141  page reclaims
                   0  page faults
                   0  swaps
                   0  block input operations
                   0  block output operations
                   0  messages sent
                   0  messages received
                   0  signals received
                   0  voluntary context switches
                 398  involuntary context switches
        193750364513  instructions retired
         58772069953  cycles elapsed
           394035920  peak memory footprint
