✔ alternatives are the ordinary law expansion in roster order, independent of arm object order (3.942ms)
✔ alternatives check dynamic arm coverage and scalar identity shapes (1.825083ms)
✔ alternatives preserve composite keys and payload types (0.200959ms)
✔ native expansion refusals cite both actual directions at their current statement positions (212.647125ms)
✔ ordinary native admission enforces payloads and accepts an atomic arm switch (173.8875ms)
✔ finite, infinite, NaN and negative-zero floats all cross as canonical $f64 bit images (2.79925ms)
✔ decoders reject malformed widths, noncanonical images, unknown tags and wrong-schema values (2.345042ms)
✔ typed and dynamic boundary input share one accepted domain — the encoder refuses what the decoder refuses (0.138583ms)
✔ student rows carry budget as exact decimal; a float budget image refuses (0.118375ms)
▶ the comparison pairing walls
  ✔ no variable side is constant-valued: the constructor refuses param-only and param-literal sides (2.009292ms)
  ✔ the order pair: cross-domain variable pairs are compile-refused (each side alone is orderable) (0.597792ms)
  ✔ the order pair: literals type against their sibling — bool-vs-bigint and u64-vs-boolean are compile-refused (0.372833ms)
  ✔ the fold input: min/max over a bool var is refused (both tiers) (0.314333ms)
  ✔ the pointIn pair: the point lives in the interval's element domain (0.189542ms)
  ✔ the allen pair: two intervals of one element domain (Q1 — widths meet freely, u64-vs-i64 stays illegal) (0.190083ms)
  ✔ the legal pairs stay legal: same-domain vars, sibling-typed opens, one-element allen (0.397541ms)
✔ the comparison pairing walls (4.699042ms)
✔ key values infer exactly their declared projection (0.791292ms)
✔ a key owns its projection without freezing or retaining the caller's array (0.403334ms)
✔ every declared key reads the same snapshot with its own projection and native statement id (489.076167ms)
✔ inspection separates virtual mapping, file pages and disk blocks (263.283625ms)
✔ native row codecs own their values and remain reusable after cancelled delivery (7.131875ms)
✔ create/apply/snapshot/get/execute — the whole chapter 34 core flow, one scope (166.777333ms)
✔ open never creates; create refuses existing authority (94.126292ms)
✔ scoped preparation reuses parameters and closes independently of snapshots and results (138.7015ms)
✔ apply is the three-coordinate judgment: accepted, no-change, invariant-rejected, moved (89.202ms)
✔ a snapshot is coherent: a later apply cannot move an open snapshot's facts (79.256625ms)
✔ methods are lazy: construction dispatches nothing, and a scope-escaped handle fails typed (99.026792ms)
✔ a foreign object where a ChangeSet is expected refuses BEFORE any native dispatch (111.480791ms)
✔ a foreign-schema query template refuses typed at execute (96.285041ms)
✔ interruption surfaces in Cause, never as a manufactured outcome arm (60.271167ms)
✔ closed Event authoring compares complete owned carriers without native work (1.449417ms)
✔ closed Events retain schema identity, coverage and query results across runtime release (334.856167ms)
✔ descriptor construction is lazy and pure transport remains addon-free (1.253709ms)
✔ all seven structural kinds admit, describe, inspect and roundtrip through owned BEDC (406.505459ms)
✔ derived projections and complete composition plans feed real stored Event queries (159.039833ms)
✔ composition inspection keeps three distinct roles in ST, TU, SU order (4.965ms)
✔ nonrectangular shared environments, reversal and measured endpoints survive inspection (5.997667ms)
✔ admission refuses fake certificates, implicit full markers and malformed structural data (6.949875ms)
✔ native descriptor submission copies owned bytes before workers and refuses shared backing (2.224666ms)
✔ cancelled descriptor delivery drops all queued inspection data and permits reuse (1.947583ms)
✔ kernel/revision envelopes own bytes, retain roles, and construct Effects without an addon (2.814708ms)
✔ posterior replacement, likelihood and conditioning have distinct exact meanings (204.597125ms)
✔ impossible revisions retain zero-mass and empty indexed cells without hiding input errors (10.0675ms)
✔ BESC replay refuses forged receipt numbers, posterior laws and incomplete impossible outcomes (5.21475ms)
✔ channels normalize on zero-prior fibres and copy readouts without fresh randomness (13.335167ms)
✔ Coup channels obey visibility FDs and translate stored Events through posterior queries after reopen (189.85ms)
✔ cancelled revision inspection reclaims owned outputs and leaves the runtime reusable (7.948916ms)
✔ contextual full projections remain pure syntax with exact keys and no invented classes (2.044542ms)
✔ full coverage partitions measured worlds, including zero-mass branches, through commit and reopen (326.941833ms)
✔ full singleton lookup supplies no fabricated cell and remains distinct from a field named true (114.242625ms)
✔ closed scalar rosters admit explicit full keys and native ground coverage (5.6015ms)
✔ pure Event query authoring retains types, stages, shape bounds and owned imports (11.85275ms)
✔ native Event heads preserve shared worlds through tests, descriptions, imported stages and Pack (462.142833ms)
✔ captured maps and typed relation programs execute through the public builders (147.723166ms)
✔ Event errors retain complete logical fault sets across stages, prepared queries and runtime release (111.094375ms)
✔ Event schema selections own transport bytes without loading native code (1.803834ms)
✔ Event selections enforce exact matches across incremental writes, owner release and reopen (344.777084ms)
✔ exact scalar/function transport and lazy source programs do not load the addon (2.571125ms)
✔ exact native arithmetic preserves decimal/binary intent, canonical values and failure modes (100.690625ms)
✔ finite functions merge equal cells, add signed overlaps and sum copied readouts exactly once (8.870542ms)
✔ law designation is exact and retains symbolic and zero-mass possibilities (5.73725ms)
✔ Coup source algebra preserves shared worlds, exact posteriors and signed utility through storage (190.502625ms)
✔ finite function admission checks all contexts and shapes before zero shortcuts (8.510208ms)
✔ late cancelled source observations are reclaimed without delivering a partial result (4.312167ms)
✔ Event envelopes own immutable data and pure codecs never load native work (3.751166ms)
✔ Event executor checks all truth functions, shared contexts and symbolic supports (20.422125ms)
✔ typed Event rows reopen, join, pack and bind owned parameters (193.049042ms)
✔ raw Event bridge refuses unknown operations and shared or forged byte backing (2.728917ms)
✔ Event dependencies enforce disjointness and joint coverage through ordinary keys and mirrors (141.017583ms)
✔ interrupting completed Event delivery drains the output and leaves the runtime usable (5.404917ms)
✔ parameterized Event sources retain their domains through SDK storage and joins (539.983666ms)
✔ public field codecs agree with rows for every field kind and preserve generic inference (2.925292ms)
✔ strict field decoding rejects malformed representations and host schemas reject invalid values (6.405833ms)
✔ field descriptors are owned; accessors never execute while decoding values (0.189875ms)
✔ segment kinds survive description imports and fixed-width refinement is dropped (6.468417ms)
✔ pack widens fixed intervals before imported difference and measurement stages (89.911625ms)
✔ native marginal bands derive slices, preserve equal contributions, and round once (99.395125ms)
✔ difference emits products, dense measures and fixed intervals use native meanings (119.513917ms)
✔ the large-schema fixture constructs and both tiers agree at scale (0.441083ms)
▶ the three class laws
  ✔ generators name their classes; a 3-hop chain lands the whole chain in the generator's class; bare stays bare (10.150792ms)
  ✔ a generator-less class is named by its least member in relation-declaration × field-declaration order (0.362709ms)
  ✔ a ψ-selected closed face pairs exactly like the bare face — the selection changes classes not at all (8.277375ms)
  ✔ the selected-mirrors shape (Calendar): the mirrors law types the source column with the target's class (0.359417ms)
✔ the three class laws (19.782542ms)
▶ the generator authority after the fresh deletion — closed ids are the ONLY generators
  ✔ unifying two ordinary id columns is LAWFUL now — no mint, no wall; least member names the class (0.25625ms)
  ✔ mirrors and capacity pairings over ordinary ids are lawful classes too (0.514959ms)
  ✔ a closed relation's id stays a generator — a bare column never pairs it (the roster wall, at construction) (0.33775ms)
  ✔ a transitive chain over ordinary ids is one lawful class, not a wall (0.321792ms)
✔ the generator authority after the fresh deletion — closed ids are the ONLY generators (1.611459ms)
▶ the runtime/type agreement and the wire
  ✔ the runtime class map and the type-level class map are the same map (0.533167ms)
  ✔ the manifest golden: statements in == statements out — nothing synthesized, order preserved, count equal (0.6235ms)
  ✔ the wire: spec newtype = class name for classed slots, omitted for bare (fingerprint-neutral by the engine's drop) (0.379917ms)
  ✔ integer-index names are refused at construction — the declaration-order law's enumeration hazard (2.864541ms)
  ✔ dotted names are refused at construction — the coordinate encoding stays injective at both tiers (0.200541ms)
  ✔ a plain __proto__ declaration entry is refused — the Annex B setter would silently drop the key (0.186708ms)
✔ the runtime/type agreement and the wire (5.754ms)
✔ interrupt after directory acquire and before db output adoption drains both owners (D18) (115.49225ms)
✔ retained JS tokens cannot prevent native drain; repeated close joins (D18) (93.640917ms)
✔ abort after publication drains without take; retained wrappers cannot pin output (D18) (111.634708ms)
✔ draft interruption spends the draft and joins drain (8.64825ms)
▶ pure schema import
  ✔ constructs metadata with the platform addon unresolvable (290.092791ms)
✔ pure schema import (291.042667ms)
✔ generated descriptions execute, prepare, compose and infer their checked result (110.314791ms)
✔ descriptions preserve joins, negation, aggregates, computations and interiors (3.750042ms)
✔ descriptions preserve recursion and interval/closed-reference domains (136.682417ms)
✔ description checking refuses malformed grammar, wrong result claims, unbound vars and foreign field tags (1.204459ms)
✔ flat projection keeps only row count and owned cells, without obsolete quota accounting (1.296167ms)
✔ flat projection closes the source iterator when a row is invalid (0.29225ms)
✔ snapshot bindings preserve owned Event field types and dependency identity (163.506666ms)
✔ snapshot bindings preserve contextual full projections and explicit closed full keys (152.646375ms)
✔ snapshot bindings preserve every field kind, exact payload values, names and field order (125.73525ms)
✔ independent bindings preserve selected mirror directions, capacities and expanded statement IDs (109.112916ms)
✔ emission refuses unrepresentable conditional roster pairing and invalid declaration names (3.6125ms)
✔ bindings derive transitive total roster membership without losing or adding laws (101.436ms)
✔ mutually referring closed payloads use the existing field descriptors without declaration cycles (106.361125ms)
✔ snapshot bindings preserve canonical Event selection literals and schema identity (112.855083ms)
✔ snapshot bindings preserve closed Event axioms and their explicit pointwise keys (110.570917ms)
▶ the Ledger example
  ✔ lowers to the SchemaSpec shape, declaration order throughout, newtype slots carrying the law-computed class names (3.583042ms)
  ✔ the composite key and pointwise containment lower positionally (0.286708ms)
  ✔ a closed payload column lowers pure structure — the newtype slots carry its law-computed classes (0.392375ms)
  ✔ lowering is deterministic across independent constructions (0.947083ms)
✔ the Ledger example (5.774958ms)
▶ renderStatement
  ✔ each statement form renders its canonical 70-api spelling (0.407875ms)
  ✔ composite positions render in written tuple order (0.135375ms)
  ✔ every legal capacity spelling renders canonically — unit strings byte-for-byte, the weighted rows beside them (0.82375ms)
  ✔ literal sets and interval literals render in macro notation (0.456333ms)
✔ renderStatement (1.972333ms)
▶ the ban table, one row at a time — literal spellings are UNWRITABLE
  ✔ the capacity mint vocabulary is exactly the roster — no sixth mint exists (0.106209ms)
  ✔ degenerate literal sets refuse — a membership array needs two DISTINCT members, and the refusal locates itself (1.003084ms)
  ✔ a duplicate field in a key() projection refuses at the mint — the engine's FieldSet duplicate, canonical voice (0.323541ms)
  ✔ a plain u64 face never pairs a closed [id] face — closedness rides the descriptor (both tiers) (0.367375ms)
  ✔ an arity-mismatched pairing is a construction error — the SameArity runtime twin (untyped path) (0.276667ms)
✔ the ban table, one row at a time — literal spellings are UNWRITABLE (2.201ms)
▶ the ban table's construction tier — computed bounds the type cannot judge
  ✔ computed equivalent spellings lower to the canonical law; only negatives refuse (0.140708ms)
  ✔ an inverted window is unsatisfiable — bigint literals carry no type-level order (0.051917ms)
  ✔ unit floors are accepted canonical laws now — the spelling police is deleted (0.158375ms)
  ✔ the C18 dimension gate fires at the capacity() call — a unit window never takes a duration() bound (both tiers) (0.1605ms)
  ✔ a computed path weight or bound is a construction refusal naming the pinned-column idiom (0.117792ms)
  ✔ the weight and dependent-bound walls hold at construction for untyped callers (0.3575ms)
  ✔ generated capacity values use the same validation as constructors (0.277458ms)
✔ the ban table's construction tier — computed bounds the type cannot judge (1.35ms)
▶ schema() construction boundary
  ✔ a statement over an undeclared relation is rejected with the statement rendered (0.360875ms)
  ✔ same-named relations resolve structurally, including field order (0.204583ms)
  ✔ declared id keys are ordinary statements now — the fresh-implied key is deleted (E-NO-RESERVE) (0.34825ms)
  ✔ duplicate statements are rejected via their canonical rendering (0.360292ms)
  ✔ a record key must equal its relation's declared name (0.308583ms)
  ✔ the paste-back law: a handle selection needs its resolving containment declared (0.354958ms)
  ✔ generated statements are checked semantically without an admission token (1.606625ms)
✔ schema() construction boundary (3.654125ms)
▶ ψ statements over closed relations — closed().where() as a face source
  ✔ a ψ-selected closed face renders canonically and schema() admits both forms (0.348666ms)
  ✔ ψ lowers PASS-THROUGH — the selection rides the SideSpec, never pre-folded into ids (0.254375ms)
  ✔ the closed where() speaks the ordinary selection vocabulary — literal sets and written order (0.306292ms)
  ✔ the empty ψ is the bare closed relation respelled and rejected (canonical utterance) (0.289167ms)
  ✔ the compile walls carry runtime twins through the one selection machine (0.456334ms)
  ✔ a handle named `where` is ordinary roster data — NO name is reserved, both tiers (0.194792ms)
✔ ψ statements over closed relations — closed().where() as a face source (1.979667ms)
✔ facts, selections, host cells, and JSON codecs share the complete native value domain (5.645625ms)
✔ unknown, inherited, absent, symbolic, and nested fields are never silently dropped (0.956625ms)
✔ query parameters use the same interpreter and exact supplied parameter fields (2.18175ms)
✔ authored queries own mutable binding and comparison literals (5.039625ms)
✔ query bindings and result records reject getters and explicit undefined fields (0.431792ms)
✔ host admission matches the real native codec; rejected facts do not enter a database (137.929167ms)
✔ native names and query parameters reject lossy Unicode conversion (86.206459ms)
✔ prototype-sensitive field and result names are ordinary owned data (68.293625ms)
ℹ tests 154
ℹ suites 11
ℹ pass 154
ℹ fail 0
ℹ cancelled 0
ℹ skipped 0
ℹ todo 0
ℹ duration_ms 2327.190125
SDK integration passed against isolated @bjornpagen/bumbledb-darwin-arm64; version unchanged at 1.3.1
{"node":"v26.4.0","platform":"@bjornpagen/bumbledb-darwin-arm64","tests":["event","event-query","event-descriptor","event-source","event-dynamics","event-projections","event-selections","event-closed","statements","declared-key","law-typing","law-scale","schema-bindings","pure-import","field-codec","query-description","comparison-pairing","alternatives","rows","boundary-codec","value-conformance","interval-outputs","effect-core","ownership-interrupt"],"addon_sha256":"97c11c128f32c93a32bd80e14d355835f4ff0dccc6fe104796eef5b92a16d27f"}
