
running 1 test
test event_repr_lab::experiment ... EVENT_LAB {"kind":"symbolic_relation_free_join","candidate":"essential512","bits":18,"states":64,"identity_mode":"native","input_s":[4.8292e-5],"program_setup_s":[2.0791e-5],"query_s":[0.000468792],"owned_compute_s":[0.000504208],"iterations":[7],"output_counts":[133120, 133120, 262144, 262144, 4096],"output_packet_bytes":811,"final_arena_bytes_est":66304,"new_classes":3,"input_storage":{"layout":"enum","record_bytes":2048,"table_bytes":1152,"interner_bytes":2296,"metadata_bytes":656,"cache_bytes":1190,"records":49,"tables":40,"logical_words":72,"total_bytes_est":7342},"final_storage":{"layout":"enum","record_bytes":16384,"table_bytes":15888,"interner_bytes":18368,"metadata_bytes":4240,"cache_bytes":11424,"records":447,"tables":249,"logical_words":993,"total_bytes_est":66304},"verified":true}
EVENT_LAB {"kind":"symbolic_relation_free_join","candidate":"essential512","bits":36,"states":4096,"identity_mode":"native","input_s":[8.2208e-5],"program_setup_s":[2.3583e-5],"query_s":[0.001396834],"owned_compute_s":[0.001421917],"iterations":[13],"output_counts":[34368126976, 34368126976, 68719476736, 68719476736, 16777216],"output_packet_bytes":1641,"final_arena_bytes_est":397552,"new_classes":3,"input_storage":{"layout":"enum","record_bytes":4096,"table_bytes":2208,"interner_bytes":9184,"metadata_bytes":1312,"cache_bytes":4760,"records":127,"tables":63,"logical_words":138,"total_bytes_est":21560},"final_storage":{"layout":"enum","record_bytes":131072,"table_bytes":17936,"interner_bytes":146944,"metadata_bytes":33056,"cache_bytes":68544,"records":2199,"tables":294,"logical_words":1121,"total_bytes_est":397552},"verified":true}
EVENT_LAB {"kind":"symbolic_relation_free_join","candidate":"essential512","bits":60,"states":1048576,"identity_mode":"native","input_s":[0.000134375],"program_setup_s":[3.8708e-5],"query_s":[0.004008625],"owned_compute_s":[0.004048708],"iterations":[21],"output_counts":[576461302059237376, 576461302059237376, 1152921504606846976, 1152921504606846976, 1099511627776],"output_packet_bytes":2713,"final_arena_bytes_est":769968,"new_classes":3,"input_storage":{"layout":"enum","record_bytes":8192,"table_bytes":2464,"interner_bytes":18368,"metadata_bytes":2528,"cache_bytes":9520,"records":231,"tables":79,"logical_words":154,"total_bytes_est":41072},"final_storage":{"layout":"enum","record_bytes":262144,"table_bytes":18448,"interner_bytes":293888,"metadata_bytes":66016,"cache_bytes":129472,"records":6163,"tables":326,"logical_words":1153,"total_bytes_est":769968},"verified":true}
ok

test result: ok. 1 passed; 0 failed; 0 ignored; 0 measured; 1366 filtered out; finished in 0.01s


        0.01 real         0.00 user         0.00 sys
             6930432  maximum resident set size
                   0  average shared memory size
                   0  average unshared data size
                   0  average unshared stack size
                 637  page reclaims
                   0  page faults
                   0  swaps
                   0  block input operations
                   0  block output operations
                   0  messages sent
                   0  messages received
                   0  signals received
                   0  voluntary context switches
                  20  involuntary context switches
           127910095  instructions retired
            35776446  cycles elapsed
             4309376  peak memory footprint
