
running 1 test
test event_repr_lab::experiment ... EVENT_LAB {"kind":"scoped_product_free_join","candidate":"dense-dispatched","product_mode":"materialized","support":"legal-product","admissible_worlds":2197,"bits":12,"worlds":4096,"rows":128,"groups":16,"memo":false,"build_s":[1.1959e-5],"join_only_s":[5.5041e-5],"fresh_s":[0.000324458],"warm_s":[0.000243167],"input_bytes_est":15580,"final_bytes_est":79408,"input_nodes":25,"final_nodes":134,"input_storage":null,"final_storage":null,"checksum":222092,"verified":true}
EVENT_LAB {"kind":"scoped_product_free_join","candidate":"dense-dispatched","product_mode":"materialized","support":"legal-product","admissible_worlds":2197,"bits":12,"worlds":4096,"rows":128,"groups":16,"memo":true,"build_s":[1.1959e-5],"join_only_s":[5.5041e-5],"fresh_s":[6.8833e-5],"warm_s":[6.625e-6],"input_bytes_est":15580,"final_bytes_est":84784,"input_nodes":25,"final_nodes":134,"input_storage":null,"final_storage":null,"checksum":222092,"verified":true}
EVENT_LAB {"kind":"scoped_product_free_join","candidate":"dense-dispatched","product_mode":"materialized","support":"legal-product","admissible_worlds":226981,"bits":18,"worlds":262144,"rows":128,"groups":16,"memo":false,"build_s":[0.000179],"join_only_s":[2.1542e-5],"fresh_s":[0.013800417],"warm_s":[0.01388875],"input_bytes_est":886684,"final_bytes_est":4564792,"input_nodes":25,"final_nodes":137,"input_storage":null,"final_storage":null,"checksum":13526628,"verified":true}
EVENT_LAB {"kind":"scoped_product_free_join","candidate":"dense-dispatched","product_mode":"materialized","support":"legal-product","admissible_worlds":226981,"bits":18,"worlds":262144,"rows":128,"groups":16,"memo":true,"build_s":[0.000179],"join_only_s":[2.1542e-5],"fresh_s":[0.002598458],"warm_s":[1.5333e-5],"input_bytes_est":886684,"final_bytes_est":4570168,"input_nodes":25,"final_nodes":137,"input_storage":null,"final_storage":null,"checksum":13526628,"verified":true}
ok

test result: ok. 1 passed; 0 failed; 0 ignored; 0 measured; 1378 filtered out; finished in 0.11s


        0.11 real         0.10 user         0.00 sys
            16973824  maximum resident set size
                   0  average shared memory size
                   0  average unshared data size
                   0  average unshared stack size
                1250  page reclaims
                   0  page faults
                   0  swaps
                   0  block input operations
                   0  block output operations
                   0  messages sent
                   0  messages received
                   0  signals received
                   0  voluntary context switches
                  19  involuntary context switches
          1826143140  instructions retired
           377309359  cycles elapsed
            14320024  peak memory footprint
