
running 1 test
test event_repr_lab::experiment ... EVENT_LAB {"kind":"scoped_product_free_join","candidate":"essential512","product_mode":"views-inputs","support":"asymmetric","admissible_worlds":2548,"bits":12,"worlds":4096,"rows":128,"groups":16,"memo":false,"build_s":[0.000346042],"join_only_s":[2.5292e-5],"fresh_s":[0.003229042],"warm_s":[0.001893958],"input_bytes_est":62952,"final_bytes_est":473832,"input_nodes":442,"final_nodes":2287,"input_storage":{"layout":"enum","record_bytes":14144,"table_bytes":15024,"interner_bytes":18368,"metadata_bytes":3632,"cache_bytes":11424,"records":442,"tables":247,"logical_words":939,"total_bytes_est":62592},"final_storage":{"layout":"enum","record_bytes":113152,"table_bytes":93600,"interner_bytes":146944,"metadata_bytes":28384,"cache_bytes":91392,"records":2287,"tables":1338,"logical_words":5850,"total_bytes_est":473472},"checksum":235092,"verified":true}
EVENT_LAB {"kind":"scoped_product_free_join","candidate":"essential512","product_mode":"views-inputs","support":"asymmetric","admissible_worlds":2548,"bits":12,"worlds":4096,"rows":128,"groups":16,"memo":true,"build_s":[0.000346042],"join_only_s":[2.5292e-5],"fresh_s":[0.001675208],"warm_s":[7e-6],"input_bytes_est":62952,"final_bytes_est":479208,"input_nodes":442,"final_nodes":2287,"input_storage":{"layout":"enum","record_bytes":14144,"table_bytes":15024,"interner_bytes":18368,"metadata_bytes":3632,"cache_bytes":11424,"records":442,"tables":247,"logical_words":939,"total_bytes_est":62592},"final_storage":{"layout":"enum","record_bytes":113152,"table_bytes":93600,"interner_bytes":146944,"metadata_bytes":28384,"cache_bytes":91392,"records":2287,"tables":1338,"logical_words":5850,"total_bytes_est":473472},"checksum":235092,"verified":true}
EVENT_LAB {"kind":"scoped_product_free_join","candidate":"essential512","product_mode":"views-inputs","support":"asymmetric","admissible_worlds":234484,"bits":18,"worlds":262144,"rows":128,"groups":16,"memo":false,"build_s":[0.002886083],"join_only_s":[1.5e-5],"fresh_s":[0.031761917],"warm_s":[0.016967292],"input_bytes_est":708984,"final_bytes_est":4355432,"input_nodes":3936,"final_nodes":24133,"input_storage":{"layout":"enum","record_bytes":125952,"table_bytes":104640,"interner_bytes":293888,"metadata_bytes":31632,"cache_bytes":152320,"records":3936,"tables":1406,"logical_words":6540,"total_bytes_est":708432},"final_storage":{"layout":"enum","record_bytes":1007616,"table_bytes":701104,"interner_bytes":1175552,"metadata_bytes":252048,"cache_bytes":1218560,"records":24133,"tables":9070,"logical_words":43819,"total_bytes_est":4354880},"checksum":13404140,"verified":true}
EVENT_LAB {"kind":"scoped_product_free_join","candidate":"essential512","product_mode":"views-inputs","support":"asymmetric","admissible_worlds":234484,"bits":18,"worlds":262144,"rows":128,"groups":16,"memo":true,"build_s":[0.002886083],"join_only_s":[1.5e-5],"fresh_s":[0.017650541],"warm_s":[1.55e-5],"input_bytes_est":708984,"final_bytes_est":4360808,"input_nodes":3936,"final_nodes":24133,"input_storage":{"layout":"enum","record_bytes":125952,"table_bytes":104640,"interner_bytes":293888,"metadata_bytes":31632,"cache_bytes":152320,"records":3936,"tables":1406,"logical_words":6540,"total_bytes_est":708432},"final_storage":{"layout":"enum","record_bytes":1007616,"table_bytes":701104,"interner_bytes":1175552,"metadata_bytes":252048,"cache_bytes":1218560,"records":24133,"tables":9070,"logical_words":43819,"total_bytes_est":4354880},"checksum":13404140,"verified":true}
ok

test result: ok. 1 passed; 0 failed; 0 ignored; 0 measured; 1378 filtered out; finished in 1.23s


        1.23 real         1.22 user         0.00 sys
            18661376  maximum resident set size
                   0  average shared memory size
                   0  average unshared data size
                   0  average unshared stack size
                1353  page reclaims
                   0  page faults
                   0  swaps
                   0  block input operations
                   0  block output operations
                   0  messages sent
                   0  messages received
                   0  signals received
                   0  voluntary context switches
                 110  involuntary context switches
         17071027864  instructions retired
          4203456475  cycles elapsed
            15729024  peak memory footprint
