
running 1 test
test event_repr_lab::experiment ... EVENT_LAB {"kind":"product_free_join","candidate":"essential64","product_mode":"views","bits":12,"worlds":4096,"rows":128,"groups":16,"memo":false,"build_s":[0.000112875, 8.2708e-5, 7.2208e-5, 6.5e-5, 6.5375e-5],"join_only_s":[2.7667e-5, 5.125e-6, 4.958e-6, 4.958e-6, 4.875e-6],"fresh_s":[0.006452917, 0.006458334, 0.006465625, 0.006704833, 0.006372125],"warm_s":[0.005809875, 0.006017917, 0.006013959, 0.005924542, 0.005859541],"input_bytes_est":8393,"final_bytes_est":107184,"input_nodes":117,"final_nodes":1018,"input_storage":{"layout":"slab","record_bytes":1872,"table_bytes":616,"interner_bytes":4276,"metadata_bytes":1032,"cache_bytes":357,"records":117,"tables":77,"logical_words":77,"total_bytes_est":8153},"final_storage":{"layout":"slab","record_bytes":29952,"table_bytes":4928,"interner_bytes":37952,"metadata_bytes":15072,"cache_bytes":19040,"records":1018,"tables":581,"logical_words":581,"total_bytes_est":106944},"checksum":464640,"verified":true}
EVENT_LAB {"kind":"product_free_join","candidate":"essential64","product_mode":"views","bits":12,"worlds":4096,"rows":128,"groups":16,"memo":true,"build_s":[0.000112875, 8.2708e-5, 7.2208e-5, 6.5e-5, 6.5375e-5],"join_only_s":[2.7667e-5, 5.125e-6, 4.958e-6, 4.958e-6, 4.875e-6],"fresh_s":[0.001534333, 0.00158725, 0.001539792, 0.001551375, 0.001670125],"warm_s":[7.917e-6, 1.1292e-5, 7.041e-6, 7e-6, 7e-6],"input_bytes_est":8393,"final_bytes_est":113260,"input_nodes":117,"final_nodes":1018,"input_storage":{"layout":"slab","record_bytes":1872,"table_bytes":616,"interner_bytes":4276,"metadata_bytes":1032,"cache_bytes":357,"records":117,"tables":77,"logical_words":77,"total_bytes_est":8153},"final_storage":{"layout":"slab","record_bytes":29952,"table_bytes":4928,"interner_bytes":37952,"metadata_bytes":15072,"cache_bytes":19040,"records":1018,"tables":581,"logical_words":581,"total_bytes_est":106944},"checksum":464640,"verified":true}
EVENT_LAB {"kind":"product_free_join","candidate":"essential64","product_mode":"views","bits":18,"worlds":262144,"rows":128,"groups":16,"memo":false,"build_s":[0.001657666, 0.001607291, 0.001516708, 0.001513084, 0.001505],"join_only_s":[1.5542e-5, 5.25e-6, 5.042e-6, 5.042e-6, 4.959e-6],"fresh_s":[0.081428084, 0.081781208, 0.081898417, 0.081954084, 0.082264292],"warm_s":[0.079317167, 0.078958042, 0.079075125, 0.079171625, 0.079952],"input_bytes_est":67944,"final_bytes_est":979896,"input_nodes":1058,"final_nodes":9887,"input_storage":{"layout":"slab","record_bytes":16928,"table_bytes":2592,"interner_bytes":34696,"metadata_bytes":8608,"cache_bytes":4760,"records":1058,"tables":324,"logical_words":324,"total_bytes_est":67584},"final_storage":{"layout":"slab","record_bytes":270848,"table_bytes":10368,"interner_bytes":311424,"metadata_bytes":135568,"cache_bytes":251328,"records":9887,"tables":1275,"logical_words":1275,"total_bytes_est":979536},"checksum":14852224,"verified":true}
EVENT_LAB {"kind":"product_free_join","candidate":"essential64","product_mode":"views","bits":18,"worlds":262144,"rows":128,"groups":16,"memo":true,"build_s":[0.001657666, 0.001607291, 0.001516708, 0.001513084, 0.001505],"join_only_s":[1.5542e-5, 5.25e-6, 5.042e-6, 5.042e-6, 4.959e-6],"fresh_s":[0.018267, 0.018212792, 0.017991, 0.017332625, 0.017395208],"warm_s":[1.8e-5, 7.583e-6, 7.291e-6, 7.292e-6, 7.291e-6],"input_bytes_est":67944,"final_bytes_est":985972,"input_nodes":1058,"final_nodes":9887,"input_storage":{"layout":"slab","record_bytes":16928,"table_bytes":2592,"interner_bytes":34696,"metadata_bytes":8608,"cache_bytes":4760,"records":1058,"tables":324,"logical_words":324,"total_bytes_est":67584},"final_storage":{"layout":"slab","record_bytes":270848,"table_bytes":10368,"interner_bytes":311424,"metadata_bytes":135568,"cache_bytes":251328,"records":9887,"tables":1275,"logical_words":1275,"total_bytes_est":979536},"checksum":14852224,"verified":true}
ok

test result: ok. 1 passed; 0 failed; 0 ignored; 0 measured; 1378 filtered out; finished in 2.37s


        2.37 real         2.31 user         0.05 sys
            15482880  maximum resident set size
                   0  average shared memory size
                   0  average unshared data size
                   0  average unshared stack size
                1158  page reclaims
                   0  page faults
                   0  swaps
                   0  block input operations
                   0  block output operations
                   0  messages sent
                   0  messages received
                   0  signals received
                   0  voluntary context switches
                 277  involuntary context switches
         36802398309  instructions retired
          7978779415  cycles elapsed
            12665216  peak memory footprint
