
running 1 test
test event_repr_lab::experiment ... EVENT_LAB {"kind":"relations_free_join","candidate":"essential64","product_mode":"views","bits":12,"worlds":4096,"rows":128,"groups":16,"memo":false,"build_s":[0.00012925, 8.6541e-5, 7.95e-5, 7.7709e-5, 7.0208e-5],"join_only_s":[2.8e-5, 5.25e-6, 4.958e-6, 5.042e-6, 5.084e-6],"fresh_s":[0.000986666, 0.000916125, 0.000865083, 0.000893875, 0.000895167],"warm_s":[0.000790833, 0.000756959, 0.000777833, 0.000785958, 0.00073075],"input_bytes_est":9629,"final_bytes_est":79468,"input_nodes":89,"final_nodes":495,"input_storage":{"layout":"enum","record_bytes":2848,"table_bytes":784,"interner_bytes":4592,"metadata_bytes":808,"cache_bytes":357,"records":89,"tables":49,"logical_words":49,"total_bytes_est":9389},"final_storage":{"layout":"enum","record_bytes":22784,"table_bytes":5824,"interner_bytes":36736,"metadata_bytes":5792,"cache_bytes":8092,"records":495,"tables":364,"logical_words":364,"total_bytes_est":79228},"closure_iterations":46,"checksum":7171072,"verified":true}
EVENT_LAB {"kind":"relations_free_join","candidate":"essential64","product_mode":"views","bits":12,"worlds":4096,"rows":128,"groups":16,"memo":true,"build_s":[0.00012925, 8.6541e-5, 7.95e-5, 7.7709e-5, 7.0208e-5],"join_only_s":[2.8e-5, 5.25e-6, 4.958e-6, 5.042e-6, 5.084e-6],"fresh_s":[0.000534167, 0.0005385, 0.000585833, 0.000516958, 0.000497041],"warm_s":[1.8083e-5, 8.583e-6, 8.292e-6, 8.208e-6, 8.167e-6],"input_bytes_est":9629,"final_bytes_est":91240,"input_nodes":89,"final_nodes":495,"input_storage":{"layout":"enum","record_bytes":2848,"table_bytes":784,"interner_bytes":4592,"metadata_bytes":808,"cache_bytes":357,"records":89,"tables":49,"logical_words":49,"total_bytes_est":9389},"final_storage":{"layout":"enum","record_bytes":22784,"table_bytes":5824,"interner_bytes":36736,"metadata_bytes":5792,"cache_bytes":8092,"records":495,"tables":364,"logical_words":364,"total_bytes_est":79228},"closure_iterations":46,"checksum":7171072,"verified":true}
EVENT_LAB {"kind":"relations_free_join","candidate":"essential64","product_mode":"views","bits":18,"worlds":262144,"rows":128,"groups":16,"memo":false,"build_s":[0.001547667, 0.001613375, 0.001470084, 0.001490083, 0.001406875],"join_only_s":[1.8875e-5, 5.125e-6, 5e-6, 4.959e-6, 5e-6],"fresh_s":[0.007569709, 0.007135959, 0.007504333, 0.007130917, 0.007213583],"warm_s":[0.006270208, 0.00621825, 0.006128708, 0.006109208, 0.005971375],"input_bytes_est":62738,"final_bytes_est":415112,"input_nodes":552,"final_nodes":2640,"input_storage":{"layout":"enum","record_bytes":17664,"table_bytes":2704,"interner_bytes":36736,"metadata_bytes":4560,"cache_bytes":714,"records":552,"tables":169,"logical_words":169,"total_bytes_est":62378},"final_storage":{"layout":"enum","record_bytes":141312,"table_bytes":22480,"interner_bytes":146944,"metadata_bytes":35472,"cache_bytes":68544,"records":2640,"tables":1405,"logical_words":1405,"total_bytes_est":414752},"closure_iterations":52,"checksum":215255808,"verified":true}
EVENT_LAB {"kind":"relations_free_join","candidate":"essential64","product_mode":"views","bits":18,"worlds":262144,"rows":128,"groups":16,"memo":true,"build_s":[0.001547667, 0.001613375, 0.001470084, 0.001490083, 0.001406875],"join_only_s":[1.8875e-5, 5.125e-6, 5e-6, 4.959e-6, 5e-6],"fresh_s":[0.003992375, 0.004091958, 0.004117458, 0.004012875, 0.005032584],"warm_s":[2.1458e-5, 9.125e-6, 8.875e-6, 8.75e-6, 8.792e-6],"input_bytes_est":62738,"final_bytes_est":426884,"input_nodes":552,"final_nodes":2640,"input_storage":{"layout":"enum","record_bytes":17664,"table_bytes":2704,"interner_bytes":36736,"metadata_bytes":4560,"cache_bytes":714,"records":552,"tables":169,"logical_words":169,"total_bytes_est":62378},"final_storage":{"layout":"enum","record_bytes":141312,"table_bytes":22480,"interner_bytes":146944,"metadata_bytes":35472,"cache_bytes":68544,"records":2640,"tables":1405,"logical_words":1405,"total_bytes_est":414752},"closure_iterations":52,"checksum":215255808,"verified":true}
ok

test result: ok. 1 passed; 0 failed; 0 ignored; 0 measured; 1378 filtered out; finished in 2.74s


        2.74 real         2.67 user         0.05 sys
            11927552  maximum resident set size
                   0  average shared memory size
                   0  average unshared data size
                   0  average unshared stack size
                 942  page reclaims
                   0  page faults
                   0  swaps
                   0  block input operations
                   0  block output operations
                   0  messages sent
                   0  messages received
                   0  signals received
                   0  voluntary context switches
                 402  involuntary context switches
         46278668001  instructions retired
          9150498949  cycles elapsed
             9077144  peak memory footprint
