
running 1 test
test event_repr_lab::experiment ... EVENT_LAB {"kind":"product_free_join","candidate":"essential512","product_mode":"views","bits":12,"worlds":4096,"rows":128,"groups":16,"memo":false,"build_s":[9.3958e-5, 5.55e-5, 5.2167e-5, 4.9167e-5, 4.9375e-5],"join_only_s":[2.6291e-5, 5.333e-6, 5.083e-6, 5.042e-6, 5e-6],"fresh_s":[0.001687292, 0.001662709, 0.001714375, 0.001671666, 0.001635625],"warm_s":[0.001626625, 0.001594792, 0.001579125, 0.00157025, 0.001586917],"input_bytes_est":3167,"final_bytes_est":20128,"input_nodes":40,"final_nodes":216,"input_storage":{"layout":"slab","record_bytes":640,"table_bytes":640,"interner_bytes":1112,"metadata_bytes":416,"cache_bytes":119,"records":40,"tables":39,"logical_words":80,"total_bytes_est":2927},"final_storage":{"layout":"slab","record_bytes":5120,"table_bytes":5120,"interner_bytes":5088,"metadata_bytes":2656,"cache_bytes":1904,"records":216,"tables":215,"logical_words":518,"total_bytes_est":19888},"checksum":464640,"verified":true}
EVENT_LAB {"kind":"product_free_join","candidate":"essential512","product_mode":"views","bits":12,"worlds":4096,"rows":128,"groups":16,"memo":true,"build_s":[9.3958e-5, 5.55e-5, 5.2167e-5, 4.9167e-5, 4.9375e-5],"join_only_s":[2.6291e-5, 5.333e-6, 5.083e-6, 5.042e-6, 5e-6],"fresh_s":[0.000379541, 0.000372625, 0.000371875, 0.000410875, 0.000360417],"warm_s":[7.334e-6, 7.208e-6, 7.125e-6, 7.125e-6, 7.166e-6],"input_bytes_est":3167,"final_bytes_est":26204,"input_nodes":40,"final_nodes":216,"input_storage":{"layout":"slab","record_bytes":640,"table_bytes":640,"interner_bytes":1112,"metadata_bytes":416,"cache_bytes":119,"records":40,"tables":39,"logical_words":80,"total_bytes_est":2927},"final_storage":{"layout":"slab","record_bytes":5120,"table_bytes":5120,"interner_bytes":5088,"metadata_bytes":2656,"cache_bytes":1904,"records":216,"tables":215,"logical_words":518,"total_bytes_est":19888},"checksum":464640,"verified":true}
EVENT_LAB {"kind":"product_free_join","candidate":"essential512","product_mode":"views","bits":18,"worlds":262144,"rows":128,"groups":16,"memo":false,"build_s":[0.001229292, 0.001237333, 0.001284083, 0.00147775, 0.001526708],"join_only_s":[1.7541e-5, 5.292e-6, 5.125e-6, 5.042e-6, 5.042e-6],"fresh_s":[0.039165458, 0.03893725, 0.040015625, 0.04054375, 0.039209875],"warm_s":[0.039158875, 0.038714791, 0.038084417, 0.038423375, 0.039064125],"input_bytes_est":15299,"final_bytes_est":231512,"input_nodes":186,"final_nodes":1792,"input_storage":{"layout":"slab","record_bytes":2976,"table_bytes":5184,"interner_bytes":4552,"metadata_bytes":1632,"cache_bytes":595,"records":186,"tables":106,"logical_words":648,"total_bytes_est":14939},"final_storage":{"layout":"slab","record_bytes":47616,"table_bytes":82944,"interner_bytes":42368,"metadata_bytes":23952,"cache_bytes":34272,"records":1792,"tables":1267,"logical_words":5245,"total_bytes_est":231152},"checksum":14852224,"verified":true}
EVENT_LAB {"kind":"product_free_join","candidate":"essential512","product_mode":"views","bits":18,"worlds":262144,"rows":128,"groups":16,"memo":true,"build_s":[0.001229292, 0.001237333, 0.001284083, 0.00147775, 0.001526708],"join_only_s":[1.7541e-5, 5.292e-6, 5.125e-6, 5.042e-6, 5.042e-6],"fresh_s":[0.007910625, 0.007948084, 0.007927208, 0.008158375, 0.008116458],"warm_s":[1.95e-5, 7.417e-6, 7.375e-6, 7.292e-6, 7.291e-6],"input_bytes_est":15299,"final_bytes_est":237588,"input_nodes":186,"final_nodes":1792,"input_storage":{"layout":"slab","record_bytes":2976,"table_bytes":5184,"interner_bytes":4552,"metadata_bytes":1632,"cache_bytes":595,"records":186,"tables":106,"logical_words":648,"total_bytes_est":14939},"final_storage":{"layout":"slab","record_bytes":47616,"table_bytes":82944,"interner_bytes":42368,"metadata_bytes":23952,"cache_bytes":34272,"records":1792,"tables":1267,"logical_words":5245,"total_bytes_est":231152},"checksum":14852224,"verified":true}
ok

test result: ok. 1 passed; 0 failed; 0 ignored; 0 measured; 1378 filtered out; finished in 1.41s


        1.41 real         1.39 user         0.01 sys
            11403264  maximum resident set size
                   0  average shared memory size
                   0  average unshared data size
                   0  average unshared stack size
                 909  page reclaims
                   0  page faults
                   0  swaps
                   0  block input operations
                   0  block output operations
                   0  messages sent
                   0  messages received
                   0  signals received
                   0  voluntary context switches
                 524  involuntary context switches
         23310799049  instructions retired
          4715397453  cycles elapsed
             8520064  peak memory footprint
