
running 1 test
test event_repr_lab::experiment ... EVENT_LAB {"kind":"product_free_join","candidate":"essential64","product_mode":"views","bits":12,"worlds":4096,"rows":128,"groups":16,"memo":false,"build_s":[0.000120583, 7.6667e-5, 7.5167e-5, 7.6958e-5, 7.1417e-5],"join_only_s":[2.7125e-5, 5.208e-6, 4.916e-6, 4.917e-6, 4.916e-6],"fresh_s":[0.003045375, 0.003084167, 0.003007792, 0.003091208, 0.003005625],"warm_s":[0.002950209, 0.002873666, 0.002862208, 0.002912959, 0.002870291],"input_bytes_est":5481,"final_bytes_est":48160,"input_nodes":89,"final_nodes":486,"input_storage":{"layout":"slab","record_bytes":1424,"table_bytes":392,"interner_bytes":2260,"metadata_bytes":808,"cache_bytes":357,"records":89,"tables":49,"logical_words":49,"total_bytes_est":5241},"final_storage":{"layout":"slab","record_bytes":11392,"table_bytes":3136,"interner_bytes":18080,"metadata_bytes":5792,"cache_bytes":9520,"records":486,"tables":280,"logical_words":280,"total_bytes_est":47920},"checksum":464640,"verified":true}
EVENT_LAB {"kind":"product_free_join","candidate":"essential64","product_mode":"views","bits":12,"worlds":4096,"rows":128,"groups":16,"memo":true,"build_s":[0.000120583, 7.6667e-5, 7.5167e-5, 7.6958e-5, 7.1417e-5],"join_only_s":[2.7125e-5, 5.208e-6, 4.916e-6, 4.917e-6, 4.916e-6],"fresh_s":[0.000677708, 0.000673166, 0.000657291, 0.00065575, 0.000657542],"warm_s":[7.25e-6, 7.125e-6, 7e-6, 7.041e-6, 7e-6],"input_bytes_est":5481,"final_bytes_est":54236,"input_nodes":89,"final_nodes":486,"input_storage":{"layout":"slab","record_bytes":1424,"table_bytes":392,"interner_bytes":2260,"metadata_bytes":808,"cache_bytes":357,"records":89,"tables":49,"logical_words":49,"total_bytes_est":5241},"final_storage":{"layout":"slab","record_bytes":11392,"table_bytes":3136,"interner_bytes":18080,"metadata_bytes":5792,"cache_bytes":9520,"records":486,"tables":280,"logical_words":280,"total_bytes_est":47920},"checksum":464640,"verified":true}
EVENT_LAB {"kind":"product_free_join","candidate":"essential64","product_mode":"views","bits":18,"worlds":262144,"rows":128,"groups":16,"memo":false,"build_s":[0.001587667, 0.001422166, 0.001449958, 0.001457458, 0.001463625],"join_only_s":[1.85e-5, 6.583e-6, 6.75e-6, 5.333e-6, 5.375e-6],"fresh_s":[0.026251667, 0.026068125, 0.025967584, 0.025749166, 0.026202667],"warm_s":[0.025120084, 0.025121167, 0.025094416, 0.024910208, 0.025599916],"input_bytes_est":33258,"final_bytes_est":264440,"input_nodes":552,"final_nodes":3102,"input_storage":{"layout":"slab","record_bytes":8832,"table_bytes":1352,"interner_bytes":17440,"metadata_bytes":4560,"cache_bytes":714,"records":552,"tables":169,"logical_words":169,"total_bytes_est":32898},"final_storage":{"layout":"slab","record_bytes":70656,"table_bytes":10816,"interner_bytes":78592,"metadata_bytes":35472,"cache_bytes":68544,"records":3102,"tables":983,"logical_words":983,"total_bytes_est":264080},"checksum":14852224,"verified":true}
EVENT_LAB {"kind":"product_free_join","candidate":"essential64","product_mode":"views","bits":18,"worlds":262144,"rows":128,"groups":16,"memo":true,"build_s":[0.001587667, 0.001422166, 0.001449958, 0.001457458, 0.001463625],"join_only_s":[1.85e-5, 6.583e-6, 6.75e-6, 5.333e-6, 5.375e-6],"fresh_s":[0.005918459, 0.005831917, 0.005898417, 0.0058705, 0.006118625],"warm_s":[1.3417e-5, 7.209e-6, 7e-6, 7e-6, 7e-6],"input_bytes_est":33258,"final_bytes_est":270516,"input_nodes":552,"final_nodes":3102,"input_storage":{"layout":"slab","record_bytes":8832,"table_bytes":1352,"interner_bytes":17440,"metadata_bytes":4560,"cache_bytes":714,"records":552,"tables":169,"logical_words":169,"total_bytes_est":32898},"final_storage":{"layout":"slab","record_bytes":70656,"table_bytes":10816,"interner_bytes":78592,"metadata_bytes":35472,"cache_bytes":68544,"records":3102,"tables":983,"logical_words":983,"total_bytes_est":264080},"checksum":14852224,"verified":true}
ok

test result: ok. 1 passed; 0 failed; 0 ignored; 0 measured; 1378 filtered out; finished in 1.43s


        1.43 real         1.39 user         0.03 sys
            11321344  maximum resident set size
                   0  average shared memory size
                   0  average unshared data size
                   0  average unshared stack size
                 905  page reclaims
                   0  page faults
                   0  swaps
                   0  block input operations
                   0  block output operations
                   0  messages sent
                   0  messages received
                   0  signals received
                   0  voluntary context switches
                 225  involuntary context switches
         23614166065  instructions retired
          4812759760  cycles elapsed
             8503680  peak memory footprint
