
running 1 test
test event_repr_lab::experiment ... EVENT_LAB {"kind":"product_free_join","candidate":"essential64","product_mode":"views-inputs","bits":12,"worlds":4096,"rows":128,"groups":16,"memo":false,"build_s":[0.000119541, 8.15e-5, 6.75e-5, 6.7084e-5, 6.65e-5],"join_only_s":[2.9792e-5, 5.25e-6, 5.042e-6, 5.041e-6, 4.958e-6],"fresh_s":[0.005357375, 0.005619292, 0.005564625, 0.005582375, 0.00547575],"warm_s":[0.005489458, 0.005238459, 0.005147833, 0.005190375, 0.005039792],"input_bytes_est":15789,"final_bytes_est":98480,"input_nodes":117,"final_nodes":716,"input_storage":{"layout":"enum","record_bytes":3744,"table_bytes":1232,"interner_bytes":9184,"metadata_bytes":1032,"cache_bytes":357,"records":117,"tables":77,"logical_words":77,"total_bytes_est":15549},"final_storage":{"layout":"enum","record_bytes":29952,"table_bytes":6832,"interner_bytes":36736,"metadata_bytes":7584,"cache_bytes":17136,"records":716,"tables":427,"logical_words":427,"total_bytes_est":98240},"checksum":464640,"verified":true}
EVENT_LAB {"kind":"product_free_join","candidate":"essential64","product_mode":"views-inputs","bits":12,"worlds":4096,"rows":128,"groups":16,"memo":true,"build_s":[0.000119541, 8.15e-5, 6.75e-5, 6.7084e-5, 6.65e-5],"join_only_s":[2.9792e-5, 5.25e-6, 5.042e-6, 5.041e-6, 4.958e-6],"fresh_s":[0.001329667, 0.001268875, 0.001220708, 0.001208208, 0.001207041],"warm_s":[7.917e-6, 7.583e-6, 7.416e-6, 7.458e-6, 7.417e-6],"input_bytes_est":15789,"final_bytes_est":105452,"input_nodes":117,"final_nodes":716,"input_storage":{"layout":"enum","record_bytes":3744,"table_bytes":1232,"interner_bytes":9184,"metadata_bytes":1032,"cache_bytes":357,"records":117,"tables":77,"logical_words":77,"total_bytes_est":15549},"final_storage":{"layout":"enum","record_bytes":29952,"table_bytes":6832,"interner_bytes":36736,"metadata_bytes":7584,"cache_bytes":17136,"records":716,"tables":427,"logical_words":427,"total_bytes_est":98240},"checksum":464640,"verified":true}
EVENT_LAB {"kind":"product_free_join","candidate":"essential64","product_mode":"views-inputs","bits":18,"worlds":262144,"rows":128,"groups":16,"memo":false,"build_s":[0.001652333, 0.001773417, 0.0047365, 0.00351175, 0.001593583],"join_only_s":[1.8958e-5, 5.459e-6, 5.208e-6, 5.208e-6, 5.208e-6],"fresh_s":[0.027831333, 0.017014958, 0.01730575, 0.017160458, 0.0173225],"warm_s":[0.015305167, 0.014953833, 0.014889917, 0.015328792, 0.014899708],"input_bytes_est":126240,"final_bytes_est":777160,"input_nodes":1058,"final_nodes":6468,"input_storage":{"layout":"enum","record_bytes":33856,"table_bytes":5184,"interner_bytes":73472,"metadata_bytes":8608,"cache_bytes":4760,"records":1058,"tables":324,"logical_words":324,"total_bytes_est":125880},"final_storage":{"layout":"enum","record_bytes":270848,"table_bytes":18544,"interner_bytes":293888,"metadata_bytes":67856,"cache_bytes":125664,"records":6468,"tables":1159,"logical_words":1159,"total_bytes_est":776800},"checksum":14852224,"verified":true}
EVENT_LAB {"kind":"product_free_join","candidate":"essential64","product_mode":"views-inputs","bits":18,"worlds":262144,"rows":128,"groups":16,"memo":true,"build_s":[0.001652333, 0.001773417, 0.0047365, 0.00351175, 0.001593583],"join_only_s":[1.8958e-5, 5.459e-6, 5.208e-6, 5.208e-6, 5.208e-6],"fresh_s":[0.004748, 0.004727958, 0.00474675, 0.004898333, 0.004719542],"warm_s":[1.6041e-5, 7.583e-6, 7.5e-6, 7.5e-6, 7.5e-6],"input_bytes_est":126240,"final_bytes_est":784132,"input_nodes":1058,"final_nodes":6468,"input_storage":{"layout":"enum","record_bytes":33856,"table_bytes":5184,"interner_bytes":73472,"metadata_bytes":8608,"cache_bytes":4760,"records":1058,"tables":324,"logical_words":324,"total_bytes_est":125880},"final_storage":{"layout":"enum","record_bytes":270848,"table_bytes":18544,"interner_bytes":293888,"metadata_bytes":67856,"cache_bytes":125664,"records":6468,"tables":1159,"logical_words":1159,"total_bytes_est":776800},"checksum":14852224,"verified":true}
ok

test result: ok. 1 passed; 0 failed; 0 ignored; 0 measured; 1378 filtered out; finished in 1.62s


        1.62 real         1.49 user         0.01 sys
            14958592  maximum resident set size
                   0  average shared memory size
                   0  average unshared data size
                   0  average unshared stack size
                1128  page reclaims
                   0  page faults
                   0  swaps
                   0  block input operations
                   0  block output operations
                   0  messages sent
                   0  messages received
                   0  signals received
                   0  voluntary context switches
                 489  involuntary context switches
         24120944357  instructions retired
          4959782439  cycles elapsed
            12157312  peak memory footprint
