
running 1 test
test event_repr_lab::experiment ... EVENT_LAB {"kind":"product_free_join","candidate":"essential512","product_mode":"views","bits":12,"worlds":4096,"rows":128,"groups":16,"memo":false,"build_s":[9.4709e-5, 5.4875e-5, 5.3458e-5, 5.025e-5, 4.7709e-5],"join_only_s":[2.9792e-5, 5.417e-6, 5.125e-6, 5.042e-6, 5.041e-6],"fresh_s":[0.000818167, 0.000761042, 0.000783208, 0.000829666, 0.000761042],"warm_s":[0.000675625, 0.000656709, 0.000659375, 0.000660084, 0.000682041],"input_bytes_est":3167,"final_bytes_est":25840,"input_nodes":40,"final_nodes":261,"input_storage":{"layout":"slab","record_bytes":640,"table_bytes":640,"interner_bytes":1112,"metadata_bytes":416,"cache_bytes":119,"records":40,"tables":39,"logical_words":80,"total_bytes_est":2927},"final_storage":{"layout":"slab","record_bytes":5120,"table_bytes":5120,"interner_bytes":8896,"metadata_bytes":2656,"cache_bytes":3808,"records":261,"tables":260,"logical_words":585,"total_bytes_est":25600},"checksum":464640,"verified":true}
EVENT_LAB {"kind":"product_free_join","candidate":"essential512","product_mode":"views","bits":12,"worlds":4096,"rows":128,"groups":16,"memo":true,"build_s":[9.4709e-5, 5.4875e-5, 5.3458e-5, 5.025e-5, 4.7709e-5],"join_only_s":[2.9792e-5, 5.417e-6, 5.125e-6, 5.042e-6, 5.041e-6],"fresh_s":[0.000247458, 0.000227084, 0.000226042, 0.000221458, 0.000253709],"warm_s":[7.333e-6, 7.167e-6, 7.083e-6, 7.041e-6, 7e-6],"input_bytes_est":3167,"final_bytes_est":31916,"input_nodes":40,"final_nodes":261,"input_storage":{"layout":"slab","record_bytes":640,"table_bytes":640,"interner_bytes":1112,"metadata_bytes":416,"cache_bytes":119,"records":40,"tables":39,"logical_words":80,"total_bytes_est":2927},"final_storage":{"layout":"slab","record_bytes":5120,"table_bytes":5120,"interner_bytes":8896,"metadata_bytes":2656,"cache_bytes":3808,"records":261,"tables":260,"logical_words":585,"total_bytes_est":25600},"checksum":464640,"verified":true}
EVENT_LAB {"kind":"product_free_join","candidate":"essential512","product_mode":"views","bits":18,"worlds":262144,"rows":128,"groups":16,"memo":false,"build_s":[0.001251166, 0.00121325, 0.001206083, 0.001204875, 0.001198292],"join_only_s":[1.45e-5, 5.167e-6, 5.083e-6, 5e-6, 5.041e-6],"fresh_s":[0.007772042, 0.007625, 0.007686125, 0.007636708, 0.007830416],"warm_s":[0.006832333, 0.006638292, 0.0066425, 0.006788125, 0.006757833],"input_bytes_est":15299,"final_bytes_est":273400,"input_nodes":186,"final_nodes":2082,"input_storage":{"layout":"slab","record_bytes":2976,"table_bytes":5184,"interner_bytes":4552,"metadata_bytes":1632,"cache_bytes":595,"records":186,"tables":106,"logical_words":648,"total_bytes_est":14939},"final_storage":{"layout":"slab","record_bytes":47616,"table_bytes":82944,"interner_bytes":72832,"metadata_bytes":23952,"cache_bytes":45696,"records":2082,"tables":1545,"logical_words":5961,"total_bytes_est":273040},"checksum":14852224,"verified":true}
EVENT_LAB {"kind":"product_free_join","candidate":"essential512","product_mode":"views","bits":18,"worlds":262144,"rows":128,"groups":16,"memo":true,"build_s":[0.001251166, 0.00121325, 0.001206083, 0.001204875, 0.001198292],"join_only_s":[1.45e-5, 5.167e-6, 5.083e-6, 5e-6, 5.041e-6],"fresh_s":[0.002161209, 0.002165459, 0.002195125, 0.002377792, 0.002212792],"warm_s":[2.0125e-5, 7.25e-6, 7.083e-6, 7.083e-6, 7.125e-6],"input_bytes_est":15299,"final_bytes_est":279476,"input_nodes":186,"final_nodes":2082,"input_storage":{"layout":"slab","record_bytes":2976,"table_bytes":5184,"interner_bytes":4552,"metadata_bytes":1632,"cache_bytes":595,"records":186,"tables":106,"logical_words":648,"total_bytes_est":14939},"final_storage":{"layout":"slab","record_bytes":47616,"table_bytes":82944,"interner_bytes":72832,"metadata_bytes":23952,"cache_bytes":45696,"records":2082,"tables":1545,"logical_words":5961,"total_bytes_est":273040},"checksum":14852224,"verified":true}
ok

test result: ok. 1 passed; 0 failed; 0 ignored; 0 measured; 1378 filtered out; finished in 1.05s


        1.05 real         1.03 user         0.02 sys
            11059200  maximum resident set size
                   0  average shared memory size
                   0  average unshared data size
                   0  average unshared stack size
                 890  page reclaims
                   0  page faults
                   0  swaps
                   0  block input operations
                   0  block output operations
                   0  messages sent
                   0  messages received
                   0  signals received
                   0  voluntary context switches
                 120  involuntary context switches
         16553691230  instructions retired
          3541042073  cycles elapsed
             8192384  peak memory footprint
