
running 1 test
test event_repr_lab::experiment ... EVENT_LAB {"kind":"relations_free_join","candidate":"essential512","product_mode":"views","bits":12,"worlds":4096,"rows":128,"groups":16,"memo":false,"build_s":[9.525e-5, 5.7709e-5, 5.0708e-5, 4.8834e-5, 4.9334e-5],"join_only_s":[2.5375e-5, 5.209e-6, 5e-6, 4.959e-6, 4.917e-6],"fresh_s":[0.000756333, 0.000729041, 0.000715916, 0.000721833, 0.000702834],"warm_s":[0.000596, 0.000622875, 0.000595208, 0.000599833, 0.000600583],"input_bytes_est":5631,"final_bytes_est":34272,"input_nodes":40,"final_nodes":189,"input_storage":{"layout":"enum","record_bytes":1280,"table_bytes":1280,"interner_bytes":2296,"metadata_bytes":416,"cache_bytes":119,"records":40,"tables":39,"logical_words":80,"total_bytes_est":5391},"final_storage":{"layout":"enum","record_bytes":10240,"table_bytes":8144,"interner_bytes":9184,"metadata_bytes":2656,"cache_bytes":3808,"records":189,"tables":188,"logical_words":509,"total_bytes_est":34032},"closure_iterations":46,"checksum":7171072,"verified":true}
EVENT_LAB {"kind":"relations_free_join","candidate":"essential512","product_mode":"views","bits":12,"worlds":4096,"rows":128,"groups":16,"memo":true,"build_s":[9.525e-5, 5.7709e-5, 5.0708e-5, 4.8834e-5, 4.9334e-5],"join_only_s":[2.5375e-5, 5.209e-6, 5e-6, 4.959e-6, 4.917e-6],"fresh_s":[0.00040225, 0.000435667, 0.000403917, 0.000437084, 0.000398],"warm_s":[8.708e-6, 8.334e-6, 8.375e-6, 8.208e-6, 8.292e-6],"input_bytes_est":5631,"final_bytes_est":46044,"input_nodes":40,"final_nodes":189,"input_storage":{"layout":"enum","record_bytes":1280,"table_bytes":1280,"interner_bytes":2296,"metadata_bytes":416,"cache_bytes":119,"records":40,"tables":39,"logical_words":80,"total_bytes_est":5391},"final_storage":{"layout":"enum","record_bytes":10240,"table_bytes":8144,"interner_bytes":9184,"metadata_bytes":2656,"cache_bytes":3808,"records":189,"tables":188,"logical_words":509,"total_bytes_est":34032},"closure_iterations":46,"checksum":7171072,"verified":true}
EVENT_LAB {"kind":"relations_free_join","candidate":"essential512","product_mode":"views","bits":18,"worlds":262144,"rows":128,"groups":16,"memo":false,"build_s":[0.001330875, 0.001256042, 0.001260625, 0.001209167, 0.00121925],"join_only_s":[1.5334e-5, 5.208e-6, 1.1375e-5, 5.042e-6, 5.125e-6],"fresh_s":[0.011813459, 0.011717375, 0.011576917, 0.011604291, 0.011876042],"warm_s":[0.011113666, 0.011077917, 0.010654875, 0.010662083, 0.010737042],"input_bytes_est":28891,"final_bytes_est":235128,"input_nodes":206,"final_nodes":1496,"input_storage":{"layout":"enum","record_bytes":6592,"table_bytes":10368,"interner_bytes":9184,"metadata_bytes":1792,"cache_bytes":595,"records":206,"tables":106,"logical_words":648,"total_bytes_est":28531},"final_storage":{"layout":"enum","record_bytes":52736,"table_bytes":62864,"interner_bytes":73472,"metadata_bytes":13328,"cache_bytes":32368,"records":1496,"tables":1065,"logical_words":3929,"total_bytes_est":234768},"closure_iterations":52,"checksum":215255808,"verified":true}
EVENT_LAB {"kind":"relations_free_join","candidate":"essential512","product_mode":"views","bits":18,"worlds":262144,"rows":128,"groups":16,"memo":true,"build_s":[0.001330875, 0.001256042, 0.001260625, 0.001209167, 0.00121925],"join_only_s":[1.5334e-5, 5.208e-6, 1.1375e-5, 5.042e-6, 5.125e-6],"fresh_s":[0.006019709, 0.006291375, 0.006288625, 0.00625025, 0.006149083],"warm_s":[2.9e-5, 8.708e-6, 8.458e-6, 8.417e-6, 8.417e-6],"input_bytes_est":28891,"final_bytes_est":246900,"input_nodes":206,"final_nodes":1496,"input_storage":{"layout":"enum","record_bytes":6592,"table_bytes":10368,"interner_bytes":9184,"metadata_bytes":1792,"cache_bytes":595,"records":206,"tables":106,"logical_words":648,"total_bytes_est":28531},"final_storage":{"layout":"enum","record_bytes":52736,"table_bytes":62864,"interner_bytes":73472,"metadata_bytes":13328,"cache_bytes":32368,"records":1496,"tables":1065,"logical_words":3929,"total_bytes_est":234768},"closure_iterations":52,"checksum":215255808,"verified":true}
ok

test result: ok. 1 passed; 0 failed; 0 ignored; 0 measured; 1378 filtered out; finished in 2.37s


        2.37 real         2.31 user         0.05 sys
            10698752  maximum resident set size
                   0  average shared memory size
                   0  average unshared data size
                   0  average unshared stack size
                 866  page reclaims
                   0  page faults
                   0  swaps
                   0  block input operations
                   0  block output operations
                   0  messages sent
                   0  messages received
                   0  signals received
                   0  voluntary context switches
                 276  involuntary context switches
         43567528286  instructions retired
          7972166475  cycles elapsed
             7799144  peak memory footprint
