
running 1 test
test event_repr_lab::experiment ... EVENT_LAB {"kind":"product_free_join","candidate":"essential512","product_mode":"views-inputs","bits":12,"worlds":4096,"rows":128,"groups":16,"memo":false,"build_s":[9.1584e-5, 5.3375e-5, 5.4791e-5, 4.9917e-5, 4.8666e-5],"join_only_s":[2.5333e-5, 5.292e-6, 5e-6, 4.958e-6, 4.917e-6],"fresh_s":[0.00206475, 0.002064084, 0.001983042, 0.002055917, 0.002103375],"warm_s":[0.001900667, 0.00192575, 0.00206575, 0.001993833, 0.001929125],"input_bytes_est":3167,"final_bytes_est":23936,"input_nodes":40,"final_nodes":230,"input_storage":{"layout":"slab","record_bytes":640,"table_bytes":640,"interner_bytes":1112,"metadata_bytes":416,"cache_bytes":119,"records":40,"tables":39,"logical_words":80,"total_bytes_est":2927},"final_storage":{"layout":"slab","record_bytes":5120,"table_bytes":5120,"interner_bytes":8896,"metadata_bytes":2656,"cache_bytes":1904,"records":230,"tables":229,"logical_words":538,"total_bytes_est":23696},"checksum":464640,"verified":true}
EVENT_LAB {"kind":"product_free_join","candidate":"essential512","product_mode":"views-inputs","bits":12,"worlds":4096,"rows":128,"groups":16,"memo":true,"build_s":[9.1584e-5, 5.3375e-5, 5.4791e-5, 4.9917e-5, 4.8666e-5],"join_only_s":[2.5333e-5, 5.292e-6, 5e-6, 4.958e-6, 4.917e-6],"fresh_s":[0.000437625, 0.000428084, 0.000424917, 0.000457833, 0.000425833],"warm_s":[7.334e-6, 7.125e-6, 7.083e-6, 7e-6, 7.084e-6],"input_bytes_est":3167,"final_bytes_est":30908,"input_nodes":40,"final_nodes":230,"input_storage":{"layout":"slab","record_bytes":640,"table_bytes":640,"interner_bytes":1112,"metadata_bytes":416,"cache_bytes":119,"records":40,"tables":39,"logical_words":80,"total_bytes_est":2927},"final_storage":{"layout":"slab","record_bytes":5120,"table_bytes":5120,"interner_bytes":8896,"metadata_bytes":2656,"cache_bytes":1904,"records":230,"tables":229,"logical_words":538,"total_bytes_est":23696},"checksum":464640,"verified":true}
EVENT_LAB {"kind":"product_free_join","candidate":"essential512","product_mode":"views-inputs","bits":18,"worlds":262144,"rows":128,"groups":16,"memo":false,"build_s":[0.001255, 0.001272375, 0.001214, 0.001207083, 0.001252917],"join_only_s":[1.2708e-5, 5.125e-6, 5e-6, 5.125e-6, 1.4667e-5],"fresh_s":[0.065409208, 0.065822292, 0.065283042, 0.066191208, 0.065229417],"warm_s":[0.065022417, 0.065190708, 0.065303042, 0.064979375, 0.0655135],"input_bytes_est":15299,"final_bytes_est":260072,"input_nodes":186,"final_nodes":2342,"input_storage":{"layout":"slab","record_bytes":2976,"table_bytes":5184,"interner_bytes":4552,"metadata_bytes":1632,"cache_bytes":595,"records":186,"tables":106,"logical_words":648,"total_bytes_est":14939},"final_storage":{"layout":"slab","record_bytes":47616,"table_bytes":82944,"interner_bytes":72832,"metadata_bytes":23952,"cache_bytes":32368,"records":2342,"tables":1447,"logical_words":6334,"total_bytes_est":259712},"checksum":14852224,"verified":true}
EVENT_LAB {"kind":"product_free_join","candidate":"essential512","product_mode":"views-inputs","bits":18,"worlds":262144,"rows":128,"groups":16,"memo":true,"build_s":[0.001255, 0.001272375, 0.001214, 0.001207083, 0.001252917],"join_only_s":[1.2708e-5, 5.125e-6, 5e-6, 5.125e-6, 1.4667e-5],"fresh_s":[0.013098333, 0.01316175, 0.01277525, 0.013082208, 0.013087334],"warm_s":[1.0709e-5, 7.542e-6, 9.166e-6, 9.375e-6, 9e-6],"input_bytes_est":15299,"final_bytes_est":267044,"input_nodes":186,"final_nodes":2342,"input_storage":{"layout":"slab","record_bytes":2976,"table_bytes":5184,"interner_bytes":4552,"metadata_bytes":1632,"cache_bytes":595,"records":186,"tables":106,"logical_words":648,"total_bytes_est":14939},"final_storage":{"layout":"slab","record_bytes":47616,"table_bytes":82944,"interner_bytes":72832,"metadata_bytes":23952,"cache_bytes":32368,"records":2342,"tables":1447,"logical_words":6334,"total_bytes_est":259712},"checksum":14852224,"verified":true}
ok

test result: ok. 1 passed; 0 failed; 0 ignored; 0 measured; 1378 filtered out; finished in 1.70s


        1.70 real         1.66 user         0.04 sys
            11190272  maximum resident set size
                   0  average shared memory size
                   0  average unshared data size
                   0  average unshared stack size
                 896  page reclaims
                   0  page faults
                   0  swaps
                   0  block input operations
                   0  block output operations
                   0  messages sent
                   0  messages received
                   0  signals received
                   0  voluntary context switches
                 236  involuntary context switches
         29830228924  instructions retired
          5734180287  cycles elapsed
             8323456  peak memory footprint
