
running 1 test
test event_repr_lab::experiment ... EVENT_LAB {"kind":"relations_free_join","candidate":"essential64","product_mode":"views","bits":12,"worlds":4096,"rows":128,"groups":16,"memo":false,"build_s":[0.00011825, 7.8666e-5, 7.3417e-5, 7.525e-5, 7.3666e-5],"join_only_s":[2.7542e-5, 5.333e-6, 5.042e-6, 5.084e-6, 5e-6],"fresh_s":[0.000892458, 0.000866792, 0.000812625, 0.000844792, 0.0008475],"warm_s":[0.000598959, 0.000595084, 0.00062475, 0.000692292, 0.000623916],"input_bytes_est":5481,"final_bytes_est":57008,"input_nodes":89,"final_nodes":699,"input_storage":{"layout":"slab","record_bytes":1424,"table_bytes":392,"interner_bytes":2260,"metadata_bytes":808,"cache_bytes":357,"records":89,"tables":49,"logical_words":49,"total_bytes_est":5241},"final_storage":{"layout":"slab","record_bytes":11392,"table_bytes":6272,"interner_bytes":18080,"metadata_bytes":5792,"cache_bytes":15232,"records":699,"tables":519,"logical_words":519,"total_bytes_est":56768},"closure_iterations":46,"checksum":7171072,"verified":true}
EVENT_LAB {"kind":"relations_free_join","candidate":"essential64","product_mode":"views","bits":12,"worlds":4096,"rows":128,"groups":16,"memo":true,"build_s":[0.00011825, 7.8666e-5, 7.3417e-5, 7.525e-5, 7.3666e-5],"join_only_s":[2.7542e-5, 5.333e-6, 5.042e-6, 5.084e-6, 5e-6],"fresh_s":[0.000558291, 0.000515417, 0.000546167, 0.000502625, 0.0004925],"warm_s":[8.75e-6, 8.25e-6, 8.167e-6, 8.166e-6, 8.125e-6],"input_bytes_est":5481,"final_bytes_est":68780,"input_nodes":89,"final_nodes":699,"input_storage":{"layout":"slab","record_bytes":1424,"table_bytes":392,"interner_bytes":2260,"metadata_bytes":808,"cache_bytes":357,"records":89,"tables":49,"logical_words":49,"total_bytes_est":5241},"final_storage":{"layout":"slab","record_bytes":11392,"table_bytes":6272,"interner_bytes":18080,"metadata_bytes":5792,"cache_bytes":15232,"records":699,"tables":519,"logical_words":519,"total_bytes_est":56768},"closure_iterations":46,"checksum":7171072,"verified":true}
EVENT_LAB {"kind":"relations_free_join","candidate":"essential64","product_mode":"views","bits":18,"worlds":262144,"rows":128,"groups":16,"memo":false,"build_s":[0.0014305, 0.00141675, 0.001409709, 0.001478125, 0.001440958],"join_only_s":[1.4625e-5, 5.292e-6, 5.125e-6, 5.125e-6, 5.125e-6],"fresh_s":[0.00444975, 0.00508875, 0.0045395, 0.0046625, 0.004615958],"warm_s":[0.00317125, 0.003038667, 0.003108708, 0.003038083, 0.003032167],"input_bytes_est":33258,"final_bytes_est":328568,"input_nodes":552,"final_nodes":3577,"input_storage":{"layout":"slab","record_bytes":8832,"table_bytes":1352,"interner_bytes":17440,"metadata_bytes":4560,"cache_bytes":714,"records":552,"tables":169,"logical_words":169,"total_bytes_est":32898},"final_storage":{"layout":"slab","record_bytes":70656,"table_bytes":21632,"interner_bytes":78592,"metadata_bytes":35472,"cache_bytes":121856,"records":3577,"tables":1935,"logical_words":1935,"total_bytes_est":328208},"closure_iterations":52,"checksum":215255808,"verified":true}
EVENT_LAB {"kind":"relations_free_join","candidate":"essential64","product_mode":"views","bits":18,"worlds":262144,"rows":128,"groups":16,"memo":true,"build_s":[0.0014305, 0.00141675, 0.001409709, 0.001478125, 0.001440958],"join_only_s":[1.4625e-5, 5.292e-6, 5.125e-6, 5.125e-6, 5.125e-6],"fresh_s":[0.002872834, 0.002829833, 0.00291975, 0.002983583, 0.002954834],"warm_s":[2.075e-5, 8.792e-6, 8.5e-6, 8.334e-6, 8.458e-6],"input_bytes_est":33258,"final_bytes_est":340340,"input_nodes":552,"final_nodes":3577,"input_storage":{"layout":"slab","record_bytes":8832,"table_bytes":1352,"interner_bytes":17440,"metadata_bytes":4560,"cache_bytes":714,"records":552,"tables":169,"logical_words":169,"total_bytes_est":32898},"final_storage":{"layout":"slab","record_bytes":70656,"table_bytes":21632,"interner_bytes":78592,"metadata_bytes":35472,"cache_bytes":121856,"records":3577,"tables":1935,"logical_words":1935,"total_bytes_est":328208},"closure_iterations":52,"checksum":215255808,"verified":true}
ok

test result: ok. 1 passed; 0 failed; 0 ignored; 0 measured; 1378 filtered out; finished in 2.79s


        2.79 real         2.73 user         0.05 sys
            11583488  maximum resident set size
                   0  average shared memory size
                   0  average unshared data size
                   0  average unshared stack size
                 920  page reclaims
                   0  page faults
                   0  swaps
                   0  block input operations
                   0  block output operations
                   0  messages sent
                   0  messages received
                   0  signals received
                   0  voluntary context switches
                 519  involuntary context switches
         47517107398  instructions retired
          9396302764  cycles elapsed
             8716672  peak memory footprint
