
running 1 test
test event_repr_lab::experiment ... EVENT_LAB {"kind":"relations_free_join","candidate":"essential64","product_mode":"views","bits":12,"worlds":4096,"rows":128,"groups":16,"memo":false,"build_s":[0.000143917, 7.9875e-5, 8.0375e-5, 6.7875e-5, 6.5208e-5],"join_only_s":[3.1917e-5, 5.375e-6, 5.167e-6, 5.041e-6, 5e-6],"fresh_s":[0.002196167, 0.002193375, 0.002223625, 0.0021575, 0.00231],"warm_s":[0.0018805, 0.00202075, 0.001989, 0.002032542, 0.001918875],"input_bytes_est":8393,"final_bytes_est":62412,"input_nodes":117,"final_nodes":714,"input_storage":{"layout":"slab","record_bytes":1872,"table_bytes":616,"interner_bytes":4276,"metadata_bytes":1032,"cache_bytes":357,"records":117,"tables":77,"logical_words":77,"total_bytes_est":8153},"final_storage":{"layout":"slab","record_bytes":14976,"table_bytes":4928,"interner_bytes":18976,"metadata_bytes":7584,"cache_bytes":15708,"records":714,"tables":504,"logical_words":504,"total_bytes_est":62172},"closure_iterations":46,"checksum":7171072,"verified":true}
EVENT_LAB {"kind":"relations_free_join","candidate":"essential64","product_mode":"views","bits":12,"worlds":4096,"rows":128,"groups":16,"memo":true,"build_s":[0.000143917, 7.9875e-5, 8.0375e-5, 6.7875e-5, 6.5208e-5],"join_only_s":[3.1917e-5, 5.375e-6, 5.167e-6, 5.041e-6, 5e-6],"fresh_s":[0.001352584, 0.001266791, 0.001295542, 0.001244792, 0.001533875],"warm_s":[1.0334e-5, 8.417e-6, 8.25e-6, 8.167e-6, 8.166e-6],"input_bytes_est":8393,"final_bytes_est":74184,"input_nodes":117,"final_nodes":714,"input_storage":{"layout":"slab","record_bytes":1872,"table_bytes":616,"interner_bytes":4276,"metadata_bytes":1032,"cache_bytes":357,"records":117,"tables":77,"logical_words":77,"total_bytes_est":8153},"final_storage":{"layout":"slab","record_bytes":14976,"table_bytes":4928,"interner_bytes":18976,"metadata_bytes":7584,"cache_bytes":15708,"records":714,"tables":504,"logical_words":504,"total_bytes_est":62172},"closure_iterations":46,"checksum":7171072,"verified":true}
EVENT_LAB {"kind":"relations_free_join","candidate":"essential64","product_mode":"views","bits":18,"worlds":262144,"rows":128,"groups":16,"memo":false,"build_s":[0.001509125, 0.001629875, 0.00145075, 0.001505917, 0.001472167],"join_only_s":[2.025e-5, 5.417e-6, 5.166e-6, 5.083e-6, 5.083e-6],"fresh_s":[0.01427275, 0.013302041, 0.013374375, 0.013722625, 0.01338175],"warm_s":[0.012037084, 0.011694833, 0.011929208, 0.011685083, 0.011777959],"input_bytes_est":35198,"final_bytes_est":354008,"input_nodes":611,"final_nodes":3722,"input_storage":{"layout":"slab","record_bytes":9776,"table_bytes":1640,"interner_bytes":17676,"metadata_bytes":5032,"cache_bytes":714,"records":611,"tables":205,"logical_words":205,"total_bytes_est":34838},"final_storage":{"layout":"slab","record_bytes":78208,"table_bytes":26240,"interner_bytes":141408,"metadata_bytes":39248,"cache_bytes":68544,"records":3722,"tables":1879,"logical_words":1879,"total_bytes_est":353648},"closure_iterations":52,"checksum":215255808,"verified":true}
EVENT_LAB {"kind":"relations_free_join","candidate":"essential64","product_mode":"views","bits":18,"worlds":262144,"rows":128,"groups":16,"memo":true,"build_s":[0.001509125, 0.001629875, 0.00145075, 0.001505917, 0.001472167],"join_only_s":[2.025e-5, 5.417e-6, 5.166e-6, 5.083e-6, 5.083e-6],"fresh_s":[0.007026625, 0.007358291, 0.007313208, 0.0090265, 0.007385667],"warm_s":[2.3583e-5, 8.791e-6, 8.625e-6, 8.625e-6, 8.5e-6],"input_bytes_est":35198,"final_bytes_est":365780,"input_nodes":611,"final_nodes":3722,"input_storage":{"layout":"slab","record_bytes":9776,"table_bytes":1640,"interner_bytes":17676,"metadata_bytes":5032,"cache_bytes":714,"records":611,"tables":205,"logical_words":205,"total_bytes_est":34838},"final_storage":{"layout":"slab","record_bytes":78208,"table_bytes":26240,"interner_bytes":141408,"metadata_bytes":39248,"cache_bytes":68544,"records":3722,"tables":1879,"logical_words":1879,"total_bytes_est":353648},"closure_iterations":52,"checksum":215255808,"verified":true}
ok

test result: ok. 1 passed; 0 failed; 0 ignored; 0 measured; 1378 filtered out; finished in 3.07s


        3.07 real         2.98 user         0.05 sys
            12156928  maximum resident set size
                   0  average shared memory size
                   0  average unshared data size
                   0  average unshared stack size
                 955  page reclaims
                   0  page faults
                   0  swaps
                   0  block input operations
                   0  block output operations
                   0  messages sent
                   0  messages received
                   0  signals received
                   0  voluntary context switches
                 798  involuntary context switches
         51093599208  instructions retired
         10151263970  cycles elapsed
             9290136  peak memory footprint
