
running 1 test
test event_repr_lab::experiment ... EVENT_LAB {"kind":"relations_free_join","candidate":"essential512","product_mode":"views-inputs","bits":12,"worlds":4096,"rows":128,"groups":16,"memo":false,"build_s":[9.1666e-5, 5.7e-5, 5.2375e-5, 5.0208e-5, 4.9542e-5],"join_only_s":[2.7959e-5, 9.75e-6, 5.125e-6, 5.042e-6, 5e-6],"fresh_s":[0.000690833, 0.000663291, 0.00063175, 0.000665666, 0.000631375],"warm_s":[0.000569125, 0.000586291, 0.000600333, 0.00056425, 0.00056025],"input_bytes_est":5631,"final_bytes_est":22240,"input_nodes":40,"final_nodes":121,"input_storage":{"layout":"enum","record_bytes":1280,"table_bytes":1280,"interner_bytes":2296,"metadata_bytes":416,"cache_bytes":119,"records":40,"tables":39,"logical_words":80,"total_bytes_est":5391},"final_storage":{"layout":"enum","record_bytes":5120,"table_bytes":4416,"interner_bytes":9184,"metadata_bytes":1376,"cache_bytes":1904,"records":121,"tables":120,"logical_words":276,"total_bytes_est":22000},"closure_iterations":46,"checksum":7171072,"verified":true}
EVENT_LAB {"kind":"relations_free_join","candidate":"essential512","product_mode":"views-inputs","bits":12,"worlds":4096,"rows":128,"groups":16,"memo":true,"build_s":[9.1666e-5, 5.7e-5, 5.2375e-5, 5.0208e-5, 4.9542e-5],"join_only_s":[2.7959e-5, 9.75e-6, 5.125e-6, 5.042e-6, 5e-6],"fresh_s":[0.000351792, 0.000344, 0.000545916, 0.00036925, 0.000342916],"warm_s":[2.325e-5, 9.166e-6, 8.292e-6, 8.25e-6, 8.25e-6],"input_bytes_est":5631,"final_bytes_est":34364,"input_nodes":40,"final_nodes":121,"input_storage":{"layout":"enum","record_bytes":1280,"table_bytes":1280,"interner_bytes":2296,"metadata_bytes":416,"cache_bytes":119,"records":40,"tables":39,"logical_words":80,"total_bytes_est":5391},"final_storage":{"layout":"enum","record_bytes":5120,"table_bytes":4416,"interner_bytes":9184,"metadata_bytes":1376,"cache_bytes":1904,"records":121,"tables":120,"logical_words":276,"total_bytes_est":22000},"closure_iterations":46,"checksum":7171072,"verified":true}
EVENT_LAB {"kind":"relations_free_join","candidate":"essential512","product_mode":"views-inputs","bits":18,"worlds":262144,"rows":128,"groups":16,"memo":false,"build_s":[0.001215916, 0.001195584, 0.001188416, 0.001213, 0.001214208],"join_only_s":[1.4792e-5, 5.5e-6, 5.25e-6, 5.209e-6, 5.25e-6],"fresh_s":[0.010257042, 0.010254625, 0.010431084, 0.010411, 0.01045],"warm_s":[0.0098785, 0.009831375, 0.009887583, 0.009927292, 0.009773584],"input_bytes_est":28091,"final_bytes_est":194952,"input_nodes":186,"final_nodes":1024,"input_storage":{"layout":"enum","record_bytes":5952,"table_bytes":10368,"interner_bytes":9184,"metadata_bytes":1632,"cache_bytes":595,"records":186,"tables":106,"logical_words":648,"total_bytes_est":27731},"final_storage":{"layout":"enum","record_bytes":47616,"table_bytes":44320,"interner_bytes":73472,"metadata_bytes":12048,"cache_bytes":17136,"records":1024,"tables":662,"logical_words":2770,"total_bytes_est":194592},"closure_iterations":52,"checksum":215255808,"verified":true}
EVENT_LAB {"kind":"relations_free_join","candidate":"essential512","product_mode":"views-inputs","bits":18,"worlds":262144,"rows":128,"groups":16,"memo":true,"build_s":[0.001215916, 0.001195584, 0.001188416, 0.001213, 0.001214208],"join_only_s":[1.4792e-5, 5.5e-6, 5.25e-6, 5.209e-6, 5.25e-6],"fresh_s":[0.005355375, 0.005564917, 0.005452833, 0.00577325, 0.005710292],"warm_s":[2.175e-5, 8.916e-6, 8.708e-6, 8.708e-6, 8.542e-6],"input_bytes_est":28091,"final_bytes_est":207524,"input_nodes":186,"final_nodes":1024,"input_storage":{"layout":"enum","record_bytes":5952,"table_bytes":10368,"interner_bytes":9184,"metadata_bytes":1632,"cache_bytes":595,"records":186,"tables":106,"logical_words":648,"total_bytes_est":27731},"final_storage":{"layout":"enum","record_bytes":47616,"table_bytes":44320,"interner_bytes":73472,"metadata_bytes":12048,"cache_bytes":17136,"records":1024,"tables":662,"logical_words":2770,"total_bytes_est":194592},"closure_iterations":52,"checksum":215255808,"verified":true}
ok

test result: ok. 1 passed; 0 failed; 0 ignored; 0 measured; 1378 filtered out; finished in 2.33s


        2.33 real         2.30 user         0.02 sys
            10764288  maximum resident set size
                   0  average shared memory size
                   0  average unshared data size
                   0  average unshared stack size
                 870  page reclaims
                   0  page faults
                   0  swaps
                   0  block input operations
                   0  block output operations
                   0  messages sent
                   0  messages received
                   0  signals received
                   0  voluntary context switches
                 904  involuntary context switches
         43201832510  instructions retired
          7782264617  cycles elapsed
             7881088  peak memory footprint
