
running 1 test
test event_repr_lab::experiment ... EVENT_LAB {"kind":"relations_free_join","candidate":"essential64","product_mode":"views-inputs","bits":12,"worlds":4096,"rows":128,"groups":16,"memo":false,"build_s":[0.000117875, 7.8041e-5, 7.1917e-5, 7.325e-5, 7.4333e-5],"join_only_s":[2.6708e-5, 5.292e-6, 5e-6, 4.917e-6, 4.875e-6],"fresh_s":[0.000926541, 0.000839625, 0.00091725, 0.000998083, 0.000862],"warm_s":[0.000730542, 0.000673916, 0.000724875, 0.000708167, 0.000668375],"input_bytes_est":5481,"final_bytes_est":46732,"input_nodes":89,"final_nodes":519,"input_storage":{"layout":"slab","record_bytes":1424,"table_bytes":392,"interner_bytes":2260,"metadata_bytes":808,"cache_bytes":357,"records":89,"tables":49,"logical_words":49,"total_bytes_est":5241},"final_storage":{"layout":"slab","record_bytes":11392,"table_bytes":3136,"interner_bytes":18080,"metadata_bytes":5792,"cache_bytes":8092,"records":519,"tables":360,"logical_words":360,"total_bytes_est":46492},"closure_iterations":46,"checksum":7171072,"verified":true}
EVENT_LAB {"kind":"relations_free_join","candidate":"essential64","product_mode":"views-inputs","bits":12,"worlds":4096,"rows":128,"groups":16,"memo":true,"build_s":[0.000117875, 7.8041e-5, 7.1917e-5, 7.325e-5, 7.4333e-5],"join_only_s":[2.6708e-5, 5.292e-6, 5e-6, 4.917e-6, 4.875e-6],"fresh_s":[0.000559125, 0.000506417, 0.0004745, 0.000488708, 0.000472875],"warm_s":[8.875e-6, 8.375e-6, 8.458e-6, 8.25e-6, 8.375e-6],"input_bytes_est":5481,"final_bytes_est":58856,"input_nodes":89,"final_nodes":519,"input_storage":{"layout":"slab","record_bytes":1424,"table_bytes":392,"interner_bytes":2260,"metadata_bytes":808,"cache_bytes":357,"records":89,"tables":49,"logical_words":49,"total_bytes_est":5241},"final_storage":{"layout":"slab","record_bytes":11392,"table_bytes":3136,"interner_bytes":18080,"metadata_bytes":5792,"cache_bytes":8092,"records":519,"tables":360,"logical_words":360,"total_bytes_est":46492},"closure_iterations":46,"checksum":7171072,"verified":true}
EVENT_LAB {"kind":"relations_free_join","candidate":"essential64","product_mode":"views-inputs","bits":18,"worlds":262144,"rows":128,"groups":16,"memo":false,"build_s":[0.001533583, 0.001550541, 0.001402375, 0.001444875, 0.001520792],"join_only_s":[1.6583e-5, 5.209e-6, 5e-6, 4.917e-6, 4.959e-6],"fresh_s":[0.005622334, 0.005434875, 0.005686833, 0.005557333, 0.005507875],"warm_s":[0.004829958, 0.004559625, 0.0046835, 0.004502708, 0.004583208],"input_bytes_est":33258,"final_bytes_est":264440,"input_nodes":552,"final_nodes":2863,"input_storage":{"layout":"slab","record_bytes":8832,"table_bytes":1352,"interner_bytes":17440,"metadata_bytes":4560,"cache_bytes":714,"records":552,"tables":169,"logical_words":169,"total_bytes_est":32898},"final_storage":{"layout":"slab","record_bytes":70656,"table_bytes":10816,"interner_bytes":78592,"metadata_bytes":35472,"cache_bytes":68544,"records":2863,"tables":1333,"logical_words":1333,"total_bytes_est":264080},"closure_iterations":52,"checksum":215255808,"verified":true}
EVENT_LAB {"kind":"relations_free_join","candidate":"essential64","product_mode":"views-inputs","bits":18,"worlds":262144,"rows":128,"groups":16,"memo":true,"build_s":[0.001533583, 0.001550541, 0.001402375, 0.001444875, 0.001520792],"join_only_s":[1.6583e-5, 5.209e-6, 5e-6, 4.917e-6, 4.959e-6],"fresh_s":[0.00306475, 0.003368208, 0.003155375, 0.003340291, 0.003158834],"warm_s":[2.525e-5, 8.959e-6, 8.75e-6, 8.708e-6, 8.666e-6],"input_bytes_est":33258,"final_bytes_est":277012,"input_nodes":552,"final_nodes":2863,"input_storage":{"layout":"slab","record_bytes":8832,"table_bytes":1352,"interner_bytes":17440,"metadata_bytes":4560,"cache_bytes":714,"records":552,"tables":169,"logical_words":169,"total_bytes_est":32898},"final_storage":{"layout":"slab","record_bytes":70656,"table_bytes":10816,"interner_bytes":78592,"metadata_bytes":35472,"cache_bytes":68544,"records":2863,"tables":1333,"logical_words":1333,"total_bytes_est":264080},"closure_iterations":52,"checksum":215255808,"verified":true}
ok

test result: ok. 1 passed; 0 failed; 0 ignored; 0 measured; 1378 filtered out; finished in 2.82s


        2.82 real         2.76 user         0.05 sys
            11124736  maximum resident set size
                   0  average shared memory size
                   0  average unshared data size
                   0  average unshared stack size
                 892  page reclaims
                   0  page faults
                   0  swaps
                   0  block input operations
                   0  block output operations
                   0  messages sent
                   0  messages received
                   0  signals received
                   0  voluntary context switches
                 450  involuntary context switches
         47790819151  instructions retired
          9467215122  cycles elapsed
             8241536  peak memory footprint
