
running 1 test
test event_repr_lab::experiment ... EVENT_LAB {"kind":"product_free_join","candidate":"essential512","product_mode":"views-inputs","bits":12,"worlds":4096,"rows":128,"groups":16,"memo":false,"build_s":[9.7833e-5, 6.3792e-5, 5.25e-5, 4.825e-5, 4.8291e-5],"join_only_s":[2.6959e-5, 5.167e-6, 5e-6, 4.959e-6, 5e-6],"fresh_s":[0.000850417, 0.000863083, 0.000782084, 0.000798833, 0.000793708],"warm_s":[0.000727375, 0.000702541, 0.000714333, 0.000736667, 0.00074],"input_bytes_est":3167,"final_bytes_est":25840,"input_nodes":40,"final_nodes":277,"input_storage":{"layout":"slab","record_bytes":640,"table_bytes":640,"interner_bytes":1112,"metadata_bytes":416,"cache_bytes":119,"records":40,"tables":39,"logical_words":80,"total_bytes_est":2927},"final_storage":{"layout":"slab","record_bytes":5120,"table_bytes":5120,"interner_bytes":8896,"metadata_bytes":2656,"cache_bytes":3808,"records":277,"tables":276,"logical_words":607,"total_bytes_est":25600},"checksum":464640,"verified":true}
EVENT_LAB {"kind":"product_free_join","candidate":"essential512","product_mode":"views-inputs","bits":12,"worlds":4096,"rows":128,"groups":16,"memo":true,"build_s":[9.7833e-5, 6.3792e-5, 5.25e-5, 4.825e-5, 4.8291e-5],"join_only_s":[2.6959e-5, 5.167e-6, 5e-6, 4.959e-6, 5e-6],"fresh_s":[0.000242584, 0.000249, 0.000229083, 0.000227292, 0.000229125],"warm_s":[9.042e-6, 7.541e-6, 7.417e-6, 7.375e-6, 7.375e-6],"input_bytes_est":3167,"final_bytes_est":32812,"input_nodes":40,"final_nodes":277,"input_storage":{"layout":"slab","record_bytes":640,"table_bytes":640,"interner_bytes":1112,"metadata_bytes":416,"cache_bytes":119,"records":40,"tables":39,"logical_words":80,"total_bytes_est":2927},"final_storage":{"layout":"slab","record_bytes":5120,"table_bytes":5120,"interner_bytes":8896,"metadata_bytes":2656,"cache_bytes":3808,"records":277,"tables":276,"logical_words":607,"total_bytes_est":25600},"checksum":464640,"verified":true}
EVENT_LAB {"kind":"product_free_join","candidate":"essential512","product_mode":"views-inputs","bits":18,"worlds":262144,"rows":128,"groups":16,"memo":false,"build_s":[0.001223916, 0.001203167, 0.001204542, 0.001295583, 0.001211625],"join_only_s":[1.5042e-5, 5.209e-6, 5.042e-6, 4.958e-6, 5.041e-6],"fresh_s":[0.008058, 0.008310833, 0.008114292, 0.00804525, 0.008276709],"warm_s":[0.006916709, 0.006752583, 0.006728916, 0.006867709, 0.006744084],"input_bytes_est":15299,"final_bytes_est":273400,"input_nodes":186,"final_nodes":2673,"input_storage":{"layout":"slab","record_bytes":2976,"table_bytes":5184,"interner_bytes":4552,"metadata_bytes":1632,"cache_bytes":595,"records":186,"tables":106,"logical_words":648,"total_bytes_est":14939},"final_storage":{"layout":"slab","record_bytes":47616,"table_bytes":82944,"interner_bytes":72832,"metadata_bytes":23952,"cache_bytes":45696,"records":2673,"tables":1778,"logical_words":7027,"total_bytes_est":273040},"checksum":14852224,"verified":true}
EVENT_LAB {"kind":"product_free_join","candidate":"essential512","product_mode":"views-inputs","bits":18,"worlds":262144,"rows":128,"groups":16,"memo":true,"build_s":[0.001223916, 0.001203167, 0.001204542, 0.001295583, 0.001211625],"join_only_s":[1.5042e-5, 5.209e-6, 5.042e-6, 4.958e-6, 5.041e-6],"fresh_s":[0.002279708, 0.002351167, 0.002357, 0.002335625, 0.002392292],"warm_s":[1.9625e-5, 7.375e-6, 7.125e-6, 1.0625e-5, 7.166e-6],"input_bytes_est":15299,"final_bytes_est":280372,"input_nodes":186,"final_nodes":2673,"input_storage":{"layout":"slab","record_bytes":2976,"table_bytes":5184,"interner_bytes":4552,"metadata_bytes":1632,"cache_bytes":595,"records":186,"tables":106,"logical_words":648,"total_bytes_est":14939},"final_storage":{"layout":"slab","record_bytes":47616,"table_bytes":82944,"interner_bytes":72832,"metadata_bytes":23952,"cache_bytes":45696,"records":2673,"tables":1778,"logical_words":7027,"total_bytes_est":273040},"checksum":14852224,"verified":true}
ok

test result: ok. 1 passed; 0 failed; 0 ignored; 0 measured; 1378 filtered out; finished in 1.06s


        1.06 real         1.03 user         0.02 sys
            11124736  maximum resident set size
                   0  average shared memory size
                   0  average unshared data size
                   0  average unshared stack size
                 893  page reclaims
                   0  page faults
                   0  swaps
                   0  block input operations
                   0  block output operations
                   0  messages sent
                   0  messages received
                   0  signals received
                   0  voluntary context switches
                 123  involuntary context switches
         16628004039  instructions retired
          3564388674  cycles elapsed
             8257920  peak memory footprint
