
running 1 test
test event_repr_lab::experiment ... EVENT_LAB {"kind":"relations_free_join","candidate":"essential512","product_mode":"views","bits":12,"worlds":4096,"rows":128,"groups":16,"memo":false,"build_s":[0.000119042, 6.0084e-5, 5.3625e-5, 4.9166e-5, 5.0209e-5],"join_only_s":[3.7041e-5, 5.25e-6, 5.083e-6, 5.042e-6, 5.083e-6],"fresh_s":[0.00084425, 0.000769833, 0.000713958, 0.00079825, 0.000751417],"warm_s":[0.000578417, 0.000601125, 0.00058675, 0.000578458, 0.000634166],"input_bytes_est":3167,"final_bytes_est":30960,"input_nodes":40,"final_nodes":251,"input_storage":{"layout":"slab","record_bytes":640,"table_bytes":640,"interner_bytes":1112,"metadata_bytes":416,"cache_bytes":119,"records":40,"tables":39,"logical_words":80,"total_bytes_est":2927},"final_storage":{"layout":"slab","record_bytes":5120,"table_bytes":10240,"interner_bytes":8896,"metadata_bytes":2656,"cache_bytes":3808,"records":251,"tables":250,"logical_words":759,"total_bytes_est":30720},"closure_iterations":46,"checksum":7171072,"verified":true}
EVENT_LAB {"kind":"relations_free_join","candidate":"essential512","product_mode":"views","bits":12,"worlds":4096,"rows":128,"groups":16,"memo":true,"build_s":[0.000119042, 6.0084e-5, 5.3625e-5, 4.9166e-5, 5.0209e-5],"join_only_s":[3.7041e-5, 5.25e-6, 5.083e-6, 5.042e-6, 5.083e-6],"fresh_s":[0.000484792, 0.00046425, 0.000432125, 0.000425209, 0.000494541],"warm_s":[9.833e-6, 8.5e-6, 8.417e-6, 8.333e-6, 8.292e-6],"input_bytes_est":3167,"final_bytes_est":42732,"input_nodes":40,"final_nodes":251,"input_storage":{"layout":"slab","record_bytes":640,"table_bytes":640,"interner_bytes":1112,"metadata_bytes":416,"cache_bytes":119,"records":40,"tables":39,"logical_words":80,"total_bytes_est":2927},"final_storage":{"layout":"slab","record_bytes":5120,"table_bytes":10240,"interner_bytes":8896,"metadata_bytes":2656,"cache_bytes":3808,"records":251,"tables":250,"logical_words":759,"total_bytes_est":30720},"closure_iterations":46,"checksum":7171072,"verified":true}
EVENT_LAB {"kind":"relations_free_join","candidate":"essential512","product_mode":"views","bits":18,"worlds":262144,"rows":128,"groups":16,"memo":false,"build_s":[0.001297917, 0.00129, 0.001243208, 0.001271458, 0.001268834],"join_only_s":[1.7917e-5, 5.417e-6, 5.25e-6, 5.292e-6, 5.125e-6],"fresh_s":[0.055807541, 0.056497833, 0.054843667, 0.054911125, 0.055885667],"warm_s":[0.060476167, 0.0523915, 0.052145958, 0.058528333, 0.051967083],"input_bytes_est":23706,"final_bytes_est":1096440,"input_nodes":250,"final_nodes":8088,"input_storage":{"layout":"slab","record_bytes":4000,"table_bytes":7872,"interner_bytes":8616,"metadata_bytes":2144,"cache_bytes":714,"records":250,"tables":150,"logical_words":984,"total_bytes_est":23346},"final_storage":{"layout":"slab","record_bytes":256000,"table_bytes":251904,"interner_bytes":307712,"metadata_bytes":128144,"cache_bytes":152320,"records":8088,"tables":3666,"logical_words":21371,"total_bytes_est":1096080},"closure_iterations":52,"checksum":215255808,"verified":true}
EVENT_LAB {"kind":"relations_free_join","candidate":"essential512","product_mode":"views","bits":18,"worlds":262144,"rows":128,"groups":16,"memo":true,"build_s":[0.001297917, 0.00129, 0.001243208, 0.001271458, 0.001268834],"join_only_s":[1.7917e-5, 5.417e-6, 5.25e-6, 5.292e-6, 5.125e-6],"fresh_s":[0.029968375, 0.029800167, 0.029515667, 0.029632542, 0.030095292],"warm_s":[2.0334e-5, 9.125e-6, 8.916e-6, 8.833e-6, 9e-6],"input_bytes_est":23706,"final_bytes_est":1108212,"input_nodes":250,"final_nodes":8088,"input_storage":{"layout":"slab","record_bytes":4000,"table_bytes":7872,"interner_bytes":8616,"metadata_bytes":2144,"cache_bytes":714,"records":250,"tables":150,"logical_words":984,"total_bytes_est":23346},"final_storage":{"layout":"slab","record_bytes":256000,"table_bytes":251904,"interner_bytes":307712,"metadata_bytes":128144,"cache_bytes":152320,"records":8088,"tables":3666,"logical_words":21371,"total_bytes_est":1096080},"closure_iterations":52,"checksum":215255808,"verified":true}
ok

test result: ok. 1 passed; 0 failed; 0 ignored; 0 measured; 1378 filtered out; finished in 3.10s


        3.10 real         3.00 user         0.02 sys
            14696448  maximum resident set size
                   0  average shared memory size
                   0  average unshared data size
                   0  average unshared stack size
                1112  page reclaims
                   0  page faults
                   0  swaps
                   0  block input operations
                   0  block output operations
                   0  messages sent
                   0  messages received
                   0  signals received
                   0  voluntary context switches
                 872  involuntary context switches
         56296994957  instructions retired
          9958572048  cycles elapsed
            11829656  peak memory footprint
