
running 1 test
test event_repr_lab::experiment ... EVENT_LAB {"kind":"product_free_join","candidate":"essential64","product_mode":"views","bits":12,"worlds":4096,"rows":128,"groups":16,"memo":false,"build_s":[0.000122416, 7.6708e-5, 7.3291e-5, 7.5334e-5, 7.7583e-5],"join_only_s":[2.7959e-5, 5.25e-6, 5.084e-6, 8.834e-6, 5e-6],"fresh_s":[0.001691333, 0.001593083, 0.001653459, 0.001599625, 0.001577459],"warm_s":[0.001487333, 0.001429625, 0.001423541, 0.001419167, 0.001436375],"input_bytes_est":5481,"final_bytes_est":53872,"input_nodes":89,"final_nodes":549,"input_storage":{"layout":"slab","record_bytes":1424,"table_bytes":392,"interner_bytes":2260,"metadata_bytes":808,"cache_bytes":357,"records":89,"tables":49,"logical_words":49,"total_bytes_est":5241},"final_storage":{"layout":"slab","record_bytes":11392,"table_bytes":3136,"interner_bytes":18080,"metadata_bytes":5792,"cache_bytes":15232,"records":549,"tables":337,"logical_words":337,"total_bytes_est":53632},"checksum":464640,"verified":true}
EVENT_LAB {"kind":"product_free_join","candidate":"essential64","product_mode":"views","bits":12,"worlds":4096,"rows":128,"groups":16,"memo":true,"build_s":[0.000122416, 7.6708e-5, 7.3291e-5, 7.5334e-5, 7.7583e-5],"join_only_s":[2.7959e-5, 5.25e-6, 5.084e-6, 8.834e-6, 5e-6],"fresh_s":[0.000455459, 0.000435833, 0.000503875, 0.000446625, 0.000439125],"warm_s":[8.042e-6, 7.5e-6, 7.333e-6, 7.417e-6, 7.459e-6],"input_bytes_est":5481,"final_bytes_est":59948,"input_nodes":89,"final_nodes":549,"input_storage":{"layout":"slab","record_bytes":1424,"table_bytes":392,"interner_bytes":2260,"metadata_bytes":808,"cache_bytes":357,"records":89,"tables":49,"logical_words":49,"total_bytes_est":5241},"final_storage":{"layout":"slab","record_bytes":11392,"table_bytes":3136,"interner_bytes":18080,"metadata_bytes":5792,"cache_bytes":15232,"records":549,"tables":337,"logical_words":337,"total_bytes_est":53632},"checksum":464640,"verified":true}
EVENT_LAB {"kind":"product_free_join","candidate":"essential64","product_mode":"views","bits":18,"worlds":262144,"rows":128,"groups":16,"memo":false,"build_s":[0.0015025, 0.001493833, 0.001481958, 0.001513041, 0.001474375],"join_only_s":[1.85e-5, 5.458e-6, 5.25e-6, 5.25e-6, 5.208e-6],"fresh_s":[0.010736292, 0.010637209, 0.010542125, 0.010526458, 0.010821292],"warm_s":[0.009195166, 0.009115375, 0.009110667, 0.009427125, 0.00937025],"input_bytes_est":33258,"final_bytes_est":287288,"input_nodes":552,"final_nodes":3282,"input_storage":{"layout":"slab","record_bytes":8832,"table_bytes":1352,"interner_bytes":17440,"metadata_bytes":4560,"cache_bytes":714,"records":552,"tables":169,"logical_words":169,"total_bytes_est":32898},"final_storage":{"layout":"slab","record_bytes":70656,"table_bytes":10816,"interner_bytes":78592,"metadata_bytes":35472,"cache_bytes":91392,"records":3282,"tables":1088,"logical_words":1088,"total_bytes_est":286928},"checksum":14852224,"verified":true}
EVENT_LAB {"kind":"product_free_join","candidate":"essential64","product_mode":"views","bits":18,"worlds":262144,"rows":128,"groups":16,"memo":true,"build_s":[0.0015025, 0.001493833, 0.001481958, 0.001513041, 0.001474375],"join_only_s":[1.85e-5, 5.458e-6, 5.25e-6, 5.25e-6, 5.208e-6],"fresh_s":[0.002915709, 0.00305, 0.003081542, 0.003033125, 0.003082042],"warm_s":[2.0209e-5, 7.584e-6, 7.375e-6, 7.375e-6, 7.459e-6],"input_bytes_est":33258,"final_bytes_est":293364,"input_nodes":552,"final_nodes":3282,"input_storage":{"layout":"slab","record_bytes":8832,"table_bytes":1352,"interner_bytes":17440,"metadata_bytes":4560,"cache_bytes":714,"records":552,"tables":169,"logical_words":169,"total_bytes_est":32898},"final_storage":{"layout":"slab","record_bytes":70656,"table_bytes":10816,"interner_bytes":78592,"metadata_bytes":35472,"cache_bytes":91392,"records":3282,"tables":1088,"logical_words":1088,"total_bytes_est":286928},"checksum":14852224,"verified":true}
ok

test result: ok. 1 passed; 0 failed; 0 ignored; 0 measured; 1378 filtered out; finished in 1.33s


        1.32 real         1.28 user         0.00 sys
            11911168  maximum resident set size
                   0  average shared memory size
                   0  average unshared data size
                   0  average unshared stack size
                 942  page reclaims
                   0  page faults
                   0  swaps
                   0  block input operations
                   0  block output operations
                   0  messages sent
                   0  messages received
                   0  signals received
                   0  voluntary context switches
                 547  involuntary context switches
         19966326228  instructions retired
          4167113671  cycles elapsed
             9093504  peak memory footprint
