
running 1 test
test event_repr_lab::experiment ... EVENT_LAB {"kind":"product_free_join","candidate":"essential512","product_mode":"views-inputs","bits":12,"worlds":4096,"rows":128,"groups":16,"memo":false,"build_s":[8.9625e-5, 5.3584e-5, 5.5709e-5, 4.8584e-5, 5.5459e-5],"join_only_s":[2.5666e-5, 5.208e-6, 5.083e-6, 4.958e-6, 4.917e-6],"fresh_s":[0.001702333, 0.001678, 0.001692625, 0.001664125, 0.001658125],"warm_s":[0.001641042, 0.001595334, 0.001607584, 0.001586417, 0.001668708],"input_bytes_est":3167,"final_bytes_est":25840,"input_nodes":40,"final_nodes":286,"input_storage":{"layout":"slab","record_bytes":640,"table_bytes":640,"interner_bytes":1112,"metadata_bytes":416,"cache_bytes":119,"records":40,"tables":39,"logical_words":80,"total_bytes_est":2927},"final_storage":{"layout":"slab","record_bytes":5120,"table_bytes":5120,"interner_bytes":8896,"metadata_bytes":2656,"cache_bytes":3808,"records":286,"tables":285,"logical_words":566,"total_bytes_est":25600},"checksum":464640,"verified":true}
EVENT_LAB {"kind":"product_free_join","candidate":"essential512","product_mode":"views-inputs","bits":12,"worlds":4096,"rows":128,"groups":16,"memo":true,"build_s":[8.9625e-5, 5.3584e-5, 5.5709e-5, 4.8584e-5, 5.5459e-5],"join_only_s":[2.5666e-5, 5.208e-6, 5.083e-6, 4.958e-6, 4.917e-6],"fresh_s":[0.000396667, 0.000386416, 0.000396292, 0.000390708, 0.000379042],"warm_s":[7.459e-6, 7.208e-6, 7.166e-6, 7.042e-6, 7.167e-6],"input_bytes_est":3167,"final_bytes_est":32812,"input_nodes":40,"final_nodes":286,"input_storage":{"layout":"slab","record_bytes":640,"table_bytes":640,"interner_bytes":1112,"metadata_bytes":416,"cache_bytes":119,"records":40,"tables":39,"logical_words":80,"total_bytes_est":2927},"final_storage":{"layout":"slab","record_bytes":5120,"table_bytes":5120,"interner_bytes":8896,"metadata_bytes":2656,"cache_bytes":3808,"records":286,"tables":285,"logical_words":566,"total_bytes_est":25600},"checksum":464640,"verified":true}
EVENT_LAB {"kind":"product_free_join","candidate":"essential512","product_mode":"views-inputs","bits":18,"worlds":262144,"rows":128,"groups":16,"memo":false,"build_s":[0.001223375, 0.00125, 0.001315833, 0.001290042, 0.001255791],"join_only_s":[1.5875e-5, 5.25e-6, 5.083e-6, 5.042e-6, 4.958e-6],"fresh_s":[0.045081625, 0.0446525, 0.044955042, 0.044479583, 0.048954375],"warm_s":[0.04418675, 0.044125583, 0.043795625, 0.043947042, 0.055220667],"input_bytes_est":15859,"final_bytes_est":270936,"input_nodes":206,"final_nodes":2643,"input_storage":{"layout":"slab","record_bytes":3296,"table_bytes":5184,"interner_bytes":4632,"metadata_bytes":1792,"cache_bytes":595,"records":206,"tables":106,"logical_words":648,"total_bytes_est":15499},"final_storage":{"layout":"slab","record_bytes":52736,"table_bytes":82944,"interner_bytes":74112,"metadata_bytes":26512,"cache_bytes":34272,"records":2643,"tables":1567,"logical_words":6409,"total_bytes_est":270576},"checksum":14852224,"verified":true}
EVENT_LAB {"kind":"product_free_join","candidate":"essential512","product_mode":"views-inputs","bits":18,"worlds":262144,"rows":128,"groups":16,"memo":true,"build_s":[0.001223375, 0.00125, 0.001315833, 0.001290042, 0.001255791],"join_only_s":[1.5875e-5, 5.25e-6, 5.083e-6, 5.042e-6, 4.958e-6],"fresh_s":[0.009179042, 0.009137417, 0.009105125, 0.009248625, 0.009373333],"warm_s":[1.6875e-5, 7.625e-6, 7.5e-6, 7.5e-6, 7.417e-6],"input_bytes_est":15859,"final_bytes_est":277908,"input_nodes":206,"final_nodes":2643,"input_storage":{"layout":"slab","record_bytes":3296,"table_bytes":5184,"interner_bytes":4632,"metadata_bytes":1792,"cache_bytes":595,"records":206,"tables":106,"logical_words":648,"total_bytes_est":15499},"final_storage":{"layout":"slab","record_bytes":52736,"table_bytes":82944,"interner_bytes":74112,"metadata_bytes":26512,"cache_bytes":34272,"records":2643,"tables":1567,"logical_words":6409,"total_bytes_est":270576},"checksum":14852224,"verified":true}
ok

test result: ok. 1 passed; 0 failed; 0 ignored; 0 measured; 1378 filtered out; finished in 1.55s


        1.55 real         1.49 user         0.01 sys
            11943936  maximum resident set size
                   0  average shared memory size
                   0  average unshared data size
                   0  average unshared stack size
                 943  page reclaims
                   0  page faults
                   0  swaps
                   0  block input operations
                   0  block output operations
                   0  messages sent
                   0  messages received
                   0  signals received
                   0  voluntary context switches
                 335  involuntary context switches
         25145044408  instructions retired
          4985069759  cycles elapsed
             9077144  peak memory footprint
