
running 1 test
test event_repr_lab::experiment ... EVENT_LAB {"kind":"product_free_join","candidate":"essential512","product_mode":"views-inputs","bits":12,"worlds":4096,"rows":128,"groups":16,"memo":false,"build_s":[9.9792e-5, 5.5208e-5, 5.3417e-5, 5.1458e-5, 5.7542e-5],"join_only_s":[2.725e-5, 5.291e-6, 5.042e-6, 5.041e-6, 5.125e-6],"fresh_s":[0.001829708, 0.001782792, 0.001725833, 0.001741458, 0.001823625],"warm_s":[0.001705875, 0.001710167, 0.001798917, 0.001759792, 0.001725916],"input_bytes_est":5631,"final_bytes_est":41608,"input_nodes":40,"final_nodes":292,"input_storage":{"layout":"enum","record_bytes":1280,"table_bytes":1280,"interner_bytes":2296,"metadata_bytes":416,"cache_bytes":119,"records":40,"tables":39,"logical_words":80,"total_bytes_est":5391},"final_storage":{"layout":"enum","record_bytes":10240,"table_bytes":9152,"interner_bytes":18368,"metadata_bytes":2656,"cache_bytes":952,"records":292,"tables":291,"logical_words":572,"total_bytes_est":41368},"checksum":464640,"verified":true}
EVENT_LAB {"kind":"product_free_join","candidate":"essential512","product_mode":"views-inputs","bits":12,"worlds":4096,"rows":128,"groups":16,"memo":true,"build_s":[9.9792e-5, 5.5208e-5, 5.3417e-5, 5.1458e-5, 5.7542e-5],"join_only_s":[2.725e-5, 5.291e-6, 5.042e-6, 5.041e-6, 5.125e-6],"fresh_s":[0.000393458, 0.000372792, 0.000371458, 0.000378458, 0.000400917],"warm_s":[7.833e-6, 7.167e-6, 7.083e-6, 7.083e-6, 7.041e-6],"input_bytes_est":5631,"final_bytes_est":48580,"input_nodes":40,"final_nodes":292,"input_storage":{"layout":"enum","record_bytes":1280,"table_bytes":1280,"interner_bytes":2296,"metadata_bytes":416,"cache_bytes":119,"records":40,"tables":39,"logical_words":80,"total_bytes_est":5391},"final_storage":{"layout":"enum","record_bytes":10240,"table_bytes":9152,"interner_bytes":18368,"metadata_bytes":2656,"cache_bytes":952,"records":292,"tables":291,"logical_words":572,"total_bytes_est":41368},"checksum":464640,"verified":true}
EVENT_LAB {"kind":"product_free_join","candidate":"essential512","product_mode":"views-inputs","bits":18,"worlds":262144,"rows":128,"groups":16,"memo":false,"build_s":[0.001226083, 0.0012835, 0.001234167, 0.00122825, 0.001212042],"join_only_s":[1.4792e-5, 5.25e-6, 5.083e-6, 5e-6, 5e-6],"fresh_s":[0.086096625, 0.084321042, 0.084504084, 0.085279042, 0.083646459],"warm_s":[0.084295458, 0.083482708, 0.083603792, 0.08352325, 0.083292792],"input_bytes_est":45330,"final_bytes_est":461880,"input_nodes":250,"final_nodes":2645,"input_storage":{"layout":"enum","record_bytes":8000,"table_bytes":15744,"interner_bytes":18368,"metadata_bytes":2144,"cache_bytes":714,"records":250,"tables":150,"logical_words":984,"total_bytes_est":44970},"final_storage":{"layout":"enum","record_bytes":128000,"table_bytes":122064,"interner_bytes":146944,"metadata_bytes":32144,"cache_bytes":32368,"records":2645,"tables":1730,"logical_words":7629,"total_bytes_est":461520},"checksum":14852224,"verified":true}
EVENT_LAB {"kind":"product_free_join","candidate":"essential512","product_mode":"views-inputs","bits":18,"worlds":262144,"rows":128,"groups":16,"memo":true,"build_s":[0.001226083, 0.0012835, 0.001234167, 0.00122825, 0.001212042],"join_only_s":[1.4792e-5, 5.25e-6, 5.083e-6, 5e-6, 5e-6],"fresh_s":[0.016857792, 0.016795292, 0.016938792, 0.016791333, 0.016682625],"warm_s":[1.9834e-5, 7.5e-6, 7.458e-6, 7.25e-6, 7.333e-6],"input_bytes_est":45330,"final_bytes_est":468852,"input_nodes":250,"final_nodes":2645,"input_storage":{"layout":"enum","record_bytes":8000,"table_bytes":15744,"interner_bytes":18368,"metadata_bytes":2144,"cache_bytes":714,"records":250,"tables":150,"logical_words":984,"total_bytes_est":44970},"final_storage":{"layout":"enum","record_bytes":128000,"table_bytes":122064,"interner_bytes":146944,"metadata_bytes":32144,"cache_bytes":32368,"records":2645,"tables":1730,"logical_words":7629,"total_bytes_est":461520},"checksum":14852224,"verified":true}
ok

test result: ok. 1 passed; 0 failed; 0 ignored; 0 measured; 1378 filtered out; finished in 1.84s


        1.84 real         1.81 user         0.02 sys
            12861440  maximum resident set size
                   0  average shared memory size
                   0  average unshared data size
                   0  average unshared stack size
                1000  page reclaims
                   0  page faults
                   0  swaps
                   0  block input operations
                   0  block output operations
                   0  messages sent
                   0  messages received
                   0  signals received
                   0  voluntary context switches
                 739  involuntary context switches
         33685934609  instructions retired
          6161111269  cycles elapsed
             9994648  peak memory footprint
