
running 1 test
test event_repr_lab::experiment ... EVENT_LAB {"kind":"product_free_join","candidate":"essential64","product_mode":"views","bits":12,"worlds":4096,"rows":128,"groups":16,"memo":false,"build_s":[0.000118292, 8.4959e-5, 6.825e-5, 6.8292e-5, 6.975e-5],"join_only_s":[3.275e-5, 5.209e-6, 5e-6, 4.959e-6, 4.917e-6],"fresh_s":[0.001956042, 0.001865958, 0.001895666, 0.001802417, 0.001887375],"warm_s":[0.001368167, 0.001397292, 0.001320334, 0.001319209, 0.001408],"input_bytes_est":15789,"final_bytes_est":190032,"input_nodes":117,"final_nodes":1123,"input_storage":{"layout":"enum","record_bytes":3744,"table_bytes":1232,"interner_bytes":9184,"metadata_bytes":1032,"cache_bytes":357,"records":117,"tables":77,"logical_words":77,"total_bytes_est":15549},"final_storage":{"layout":"enum","record_bytes":59904,"table_bytes":10880,"interner_bytes":73472,"metadata_bytes":15072,"cache_bytes":30464,"records":1123,"tables":680,"logical_words":680,"total_bytes_est":189792},"checksum":464640,"verified":true}
EVENT_LAB {"kind":"product_free_join","candidate":"essential64","product_mode":"views","bits":12,"worlds":4096,"rows":128,"groups":16,"memo":true,"build_s":[0.000118292, 8.4959e-5, 6.825e-5, 6.8292e-5, 6.975e-5],"join_only_s":[3.275e-5, 5.209e-6, 5e-6, 4.959e-6, 4.917e-6],"fresh_s":[0.000773458, 0.00075025, 0.00074875, 0.00071225, 0.000735292],"warm_s":[1.1708e-5, 7e-6, 7e-6, 6.959e-6, 6.959e-6],"input_bytes_est":15789,"final_bytes_est":196108,"input_nodes":117,"final_nodes":1123,"input_storage":{"layout":"enum","record_bytes":3744,"table_bytes":1232,"interner_bytes":9184,"metadata_bytes":1032,"cache_bytes":357,"records":117,"tables":77,"logical_words":77,"total_bytes_est":15549},"final_storage":{"layout":"enum","record_bytes":59904,"table_bytes":10880,"interner_bytes":73472,"metadata_bytes":15072,"cache_bytes":30464,"records":1123,"tables":680,"logical_words":680,"total_bytes_est":189792},"checksum":464640,"verified":true}
EVENT_LAB {"kind":"product_free_join","candidate":"essential64","product_mode":"views","bits":18,"worlds":262144,"rows":128,"groups":16,"memo":false,"build_s":[0.001573167, 0.001671708, 0.001598583, 0.001591459, 0.001502084],"join_only_s":[1.6542e-5, 5.25e-6, 5e-6, 5.042e-6, 4.959e-6],"fresh_s":[0.020854833, 0.020871125, 0.020729625, 0.020443417, 0.020619042],"warm_s":[0.016806, 0.017097583, 0.016884083, 0.016786875, 0.01687575],"input_bytes_est":126240,"final_bytes_est":1601352,"input_nodes":1058,"final_nodes":11069,"input_storage":{"layout":"enum","record_bytes":33856,"table_bytes":5184,"interner_bytes":73472,"metadata_bytes":8608,"cache_bytes":4760,"records":1058,"tables":324,"logical_words":324,"total_bytes_est":125880},"final_storage":{"layout":"enum","record_bytes":541696,"table_bytes":31312,"interner_bytes":587776,"metadata_bytes":135568,"cache_bytes":304640,"records":11069,"tables":1957,"logical_words":1957,"total_bytes_est":1600992},"checksum":14852224,"verified":true}
EVENT_LAB {"kind":"product_free_join","candidate":"essential64","product_mode":"views","bits":18,"worlds":262144,"rows":128,"groups":16,"memo":true,"build_s":[0.001573167, 0.001671708, 0.001598583, 0.001591459, 0.001502084],"join_only_s":[1.6542e-5, 5.25e-6, 5e-6, 5.042e-6, 4.959e-6],"fresh_s":[0.006917625, 0.007739791, 0.006996792, 0.00755675, 0.0068845],"warm_s":[1.2542e-5, 7.5e-6, 7.25e-6, 7.292e-6, 7.333e-6],"input_bytes_est":126240,"final_bytes_est":1607428,"input_nodes":1058,"final_nodes":11069,"input_storage":{"layout":"enum","record_bytes":33856,"table_bytes":5184,"interner_bytes":73472,"metadata_bytes":8608,"cache_bytes":4760,"records":1058,"tables":324,"logical_words":324,"total_bytes_est":125880},"final_storage":{"layout":"enum","record_bytes":541696,"table_bytes":31312,"interner_bytes":587776,"metadata_bytes":135568,"cache_bytes":304640,"records":11069,"tables":1957,"logical_words":1957,"total_bytes_est":1600992},"checksum":14852224,"verified":true}
ok

test result: ok. 1 passed; 0 failed; 0 ignored; 0 measured; 1378 filtered out; finished in 1.49s


        1.49 real         1.45 user         0.03 sys
            16662528  maximum resident set size
                   0  average shared memory size
                   0  average unshared data size
                   0  average unshared stack size
                1231  page reclaims
                   0  page faults
                   0  swaps
                   0  block input operations
                   0  block output operations
                   0  messages sent
                   0  messages received
                   0  signals received
                   0  voluntary context switches
                 142  involuntary context switches
         24382248093  instructions retired
          5019434686  cycles elapsed
            13877656  peak memory footprint
