
running 1 test
test event_repr_lab::experiment ... EVENT_LAB {"kind":"product_free_join","candidate":"packed512","product_mode":"materialized","bits":12,"worlds":4096,"rows":128,"groups":16,"memo":false,"build_s":[0.000543334, 0.000528083, 0.000521958, 0.000535125, 0.000531666],"join_only_s":[3.6e-5, 5.166e-6, 5e-6, 5e-6, 4.958e-6],"fresh_s":[0.003799, 0.003593708, 0.003732375, 0.003533042, 0.00363725],"warm_s":[0.003562667, 0.003610083, 0.003520875, 0.003658959, 0.003568],"input_bytes_est":10724,"final_bytes_est":190020,"input_nodes":81,"final_nodes":1086,"input_storage":null,"final_storage":null,"checksum":464640,"verified":true}
EVENT_LAB {"kind":"product_free_join","candidate":"packed512","product_mode":"materialized","bits":12,"worlds":4096,"rows":128,"groups":16,"memo":true,"build_s":[0.000543334, 0.000528083, 0.000521958, 0.000535125, 0.000531666],"join_only_s":[3.6e-5, 5.166e-6, 5e-6, 5e-6, 4.958e-6],"fresh_s":[0.000581292, 0.000570458, 0.000563917, 0.0005885, 0.000644708],"warm_s":[9.417e-6, 9.334e-6, 9.209e-6, 9.125e-6, 9.125e-6],"input_bytes_est":10724,"final_bytes_est":197412,"input_nodes":81,"final_nodes":1086,"input_storage":null,"final_storage":null,"checksum":464640,"verified":true}
EVENT_LAB {"kind":"product_free_join","candidate":"packed512","product_mode":"materialized","bits":18,"worlds":262144,"rows":128,"groups":16,"memo":false,"build_s":[0.029533709, 0.030179458, 0.029326875, 0.029838333, 0.029413041],"join_only_s":[1.625e-5, 5.209e-6, 5.041e-6, 4.959e-6, 4.875e-6],"fresh_s":[0.015889375, 0.015755667, 0.015753709, 0.015391208, 0.015654875],"warm_s":[0.015087166, 0.015297583, 0.015290792, 0.014782375, 0.014669625],"input_bytes_est":50724,"final_bytes_est":965844,"input_nodes":537,"final_nodes":6500,"input_storage":null,"final_storage":null,"checksum":14852224,"verified":true}
EVENT_LAB {"kind":"product_free_join","candidate":"packed512","product_mode":"materialized","bits":18,"worlds":262144,"rows":128,"groups":16,"memo":true,"build_s":[0.029533709, 0.030179458, 0.029326875, 0.029838333, 0.029413041],"join_only_s":[1.625e-5, 5.209e-6, 5.041e-6, 4.959e-6, 4.875e-6],"fresh_s":[0.002588667, 0.00256475, 0.002538792, 0.002504542, 0.0026025],"warm_s":[3.5708e-5, 2.1334e-5, 2.1375e-5, 2.1e-5, 2.0791e-5],"input_bytes_est":50724,"final_bytes_est":973236,"input_nodes":537,"final_nodes":6500,"input_storage":null,"final_storage":null,"checksum":14852224,"verified":true}
ok

test result: ok. 1 passed; 0 failed; 0 ignored; 0 measured; 1378 filtered out; finished in 1.09s


        1.09 real         1.07 user         0.02 sys
            12877824  maximum resident set size
                   0  average shared memory size
                   0  average unshared data size
                   0  average unshared stack size
                 999  page reclaims
                   0  page faults
                   0  swaps
                   0  block input operations
                   0  block output operations
                   0  messages sent
                   0  messages received
                   0  signals received
                   0  voluntary context switches
                  99  involuntary context switches
         19197274288  instructions retired
          3684241151  cycles elapsed
            10142080  peak memory footprint
