
running 1 test
test event_repr_lab::experiment ... EVENT_LAB {"kind":"product_free_join","candidate":"essential64","product_mode":"views-inputs","bits":12,"worlds":4096,"rows":128,"groups":16,"memo":false,"build_s":[0.000122916, 8.1209e-5, 7.0458e-5, 7.2875e-5, 7.2375e-5],"join_only_s":[2.8833e-5, 5.208e-6, 4.958e-6, 5.042e-6, 4.959e-6],"fresh_s":[0.001762041, 0.001849708, 0.001681208, 0.001731167, 0.001771833],"warm_s":[0.001425167, 0.001431542, 0.001473333, 0.001470833, 0.001415875],"input_bytes_est":9629,"final_bytes_est":87312,"input_nodes":89,"final_nodes":696,"input_storage":{"layout":"enum","record_bytes":2848,"table_bytes":784,"interner_bytes":4592,"metadata_bytes":808,"cache_bytes":357,"records":89,"tables":49,"logical_words":49,"total_bytes_est":9389},"final_storage":{"layout":"enum","record_bytes":22784,"table_bytes":6528,"interner_bytes":36736,"metadata_bytes":5792,"cache_bytes":15232,"records":696,"tables":408,"logical_words":408,"total_bytes_est":87072},"checksum":464640,"verified":true}
EVENT_LAB {"kind":"product_free_join","candidate":"essential64","product_mode":"views-inputs","bits":12,"worlds":4096,"rows":128,"groups":16,"memo":true,"build_s":[0.000122916, 8.1209e-5, 7.0458e-5, 7.2875e-5, 7.2375e-5],"join_only_s":[2.8833e-5, 5.208e-6, 4.958e-6, 5.042e-6, 4.959e-6],"fresh_s":[0.000561667, 0.000568375, 0.00052375, 0.000488542, 0.000503875],"warm_s":[8.416e-6, 7.333e-6, 7.166e-6, 7.083e-6, 7.125e-6],"input_bytes_est":9629,"final_bytes_est":94284,"input_nodes":89,"final_nodes":696,"input_storage":{"layout":"enum","record_bytes":2848,"table_bytes":784,"interner_bytes":4592,"metadata_bytes":808,"cache_bytes":357,"records":89,"tables":49,"logical_words":49,"total_bytes_est":9389},"final_storage":{"layout":"enum","record_bytes":22784,"table_bytes":6528,"interner_bytes":36736,"metadata_bytes":5792,"cache_bytes":15232,"records":696,"tables":408,"logical_words":408,"total_bytes_est":87072},"checksum":464640,"verified":true}
EVENT_LAB {"kind":"product_free_join","candidate":"essential64","product_mode":"views-inputs","bits":18,"worlds":262144,"rows":128,"groups":16,"memo":false,"build_s":[0.001504667, 0.001504209, 0.001404708, 0.001409583, 0.001412542],"join_only_s":[2.5625e-5, 5.209e-6, 4.959e-6, 5e-6, 5e-6],"fresh_s":[0.010671083, 0.010598584, 0.010706666, 0.010661667, 0.01068525],"warm_s":[0.0089365, 0.008978, 0.009126667, 0.009015708, 0.009020417],"input_bytes_est":62738,"final_bytes_est":806056,"input_nodes":552,"final_nodes":4784,"input_storage":{"layout":"enum","record_bytes":17664,"table_bytes":2704,"interner_bytes":36736,"metadata_bytes":4560,"cache_bytes":714,"records":552,"tables":169,"logical_words":169,"total_bytes_est":62378},"final_storage":{"layout":"enum","record_bytes":282624,"table_bytes":21296,"interner_bytes":293888,"metadata_bytes":70800,"cache_bytes":137088,"records":4784,"tables":1331,"logical_words":1331,"total_bytes_est":805696},"checksum":14852224,"verified":true}
EVENT_LAB {"kind":"product_free_join","candidate":"essential64","product_mode":"views-inputs","bits":18,"worlds":262144,"rows":128,"groups":16,"memo":true,"build_s":[0.001504667, 0.001504209, 0.001404708, 0.001409583, 0.001412542],"join_only_s":[2.5625e-5, 5.209e-6, 4.959e-6, 5e-6, 5e-6],"fresh_s":[0.003429292, 0.003331166, 0.003636333, 0.003257916, 0.003479542],"warm_s":[1.7667e-5, 7.292e-6, 7.125e-6, 7.125e-6, 7.083e-6],"input_bytes_est":62738,"final_bytes_est":813028,"input_nodes":552,"final_nodes":4784,"input_storage":{"layout":"enum","record_bytes":17664,"table_bytes":2704,"interner_bytes":36736,"metadata_bytes":4560,"cache_bytes":714,"records":552,"tables":169,"logical_words":169,"total_bytes_est":62378},"final_storage":{"layout":"enum","record_bytes":282624,"table_bytes":21296,"interner_bytes":293888,"metadata_bytes":70800,"cache_bytes":137088,"records":4784,"tables":1331,"logical_words":1331,"total_bytes_est":805696},"checksum":14852224,"verified":true}
ok

test result: ok. 1 passed; 0 failed; 0 ignored; 0 measured; 1378 filtered out; finished in 1.15s


        1.15 real         1.13 user         0.01 sys
            13271040  maximum resident set size
                   0  average shared memory size
                   0  average unshared data size
                   0  average unshared stack size
                1023  page reclaims
                   0  page faults
                   0  swaps
                   0  block input operations
                   0  block output operations
                   0  messages sent
                   0  messages received
                   0  signals received
                   0  voluntary context switches
                 186  involuntary context switches
         19757497253  instructions retired
          3871873747  cycles elapsed
            10453376  peak memory footprint
