
running 1 test
test event_repr_lab::experiment ... EVENT_LAB {"kind":"product_free_join","candidate":"essential512","product_mode":"materialized","bits":12,"worlds":4096,"rows":128,"groups":16,"memo":false,"build_s":[9.2791e-5, 7.0167e-5, 5.325e-5, 4.9166e-5, 4.8875e-5],"join_only_s":[3.3625e-5, 6.792e-6, 6.709e-6, 6.25e-6, 5.792e-6],"fresh_s":[0.000808334, 0.000781, 0.000783291, 0.00072725, 0.000717333],"warm_s":[0.000620375, 0.000597833, 0.000597791, 0.000641042, 0.000591125],"input_bytes_est":5631,"final_bytes_est":64880,"input_nodes":40,"final_nodes":329,"input_storage":{"layout":"enum","record_bytes":1280,"table_bytes":1280,"interner_bytes":2296,"metadata_bytes":416,"cache_bytes":119,"records":40,"tables":39,"logical_words":80,"total_bytes_est":5391},"final_storage":{"layout":"enum","record_bytes":20480,"table_bytes":14864,"interner_bytes":18368,"metadata_bytes":5216,"cache_bytes":5712,"records":329,"tables":328,"logical_words":929,"total_bytes_est":64640},"checksum":464640,"verified":true}
EVENT_LAB {"kind":"product_free_join","candidate":"essential512","product_mode":"materialized","bits":12,"worlds":4096,"rows":128,"groups":16,"memo":true,"build_s":[9.2791e-5, 7.0167e-5, 5.325e-5, 4.9166e-5, 4.8875e-5],"join_only_s":[3.3625e-5, 6.792e-6, 6.709e-6, 6.25e-6, 5.792e-6],"fresh_s":[0.000256792, 0.000276166, 0.000244875, 0.000243334, 0.000245125],"warm_s":[8.792e-6, 8.292e-6, 8.292e-6, 8.291e-6, 8.25e-6],"input_bytes_est":5631,"final_bytes_est":72272,"input_nodes":40,"final_nodes":329,"input_storage":{"layout":"enum","record_bytes":1280,"table_bytes":1280,"interner_bytes":2296,"metadata_bytes":416,"cache_bytes":119,"records":40,"tables":39,"logical_words":80,"total_bytes_est":5391},"final_storage":{"layout":"enum","record_bytes":20480,"table_bytes":14864,"interner_bytes":18368,"metadata_bytes":5216,"cache_bytes":5712,"records":329,"tables":328,"logical_words":929,"total_bytes_est":64640},"checksum":464640,"verified":true}
EVENT_LAB {"kind":"product_free_join","candidate":"essential512","product_mode":"materialized","bits":18,"worlds":262144,"rows":128,"groups":16,"memo":false,"build_s":[0.001265167, 0.001250583, 0.001258375, 0.001245458, 0.001256875],"join_only_s":[1.4583e-5, 6.041e-6, 5.25e-6, 5.75e-6, 5.208e-6],"fresh_s":[0.007386541, 0.007394875, 0.007280791, 0.007308, 0.00748375],"warm_s":[0.005939083, 0.005511625, 0.005822083, 0.006196583, 0.006039208],"input_bytes_est":28091,"final_bytes_est":583944,"input_nodes":186,"final_nodes":3112,"input_storage":{"layout":"enum","record_bytes":5952,"table_bytes":10368,"interner_bytes":9184,"metadata_bytes":1632,"cache_bytes":595,"records":186,"tables":106,"logical_words":648,"total_bytes_est":27731},"final_storage":{"layout":"enum","record_bytes":190464,"table_bytes":152720,"interner_bytes":146944,"metadata_bytes":47760,"cache_bytes":45696,"records":3112,"tables":2112,"logical_words":9545,"total_bytes_est":583584},"checksum":14852224,"verified":true}
EVENT_LAB {"kind":"product_free_join","candidate":"essential512","product_mode":"materialized","bits":18,"worlds":262144,"rows":128,"groups":16,"memo":true,"build_s":[0.001265167, 0.001250583, 0.001258375, 0.001245458, 0.001256875],"join_only_s":[1.4583e-5, 6.041e-6, 5.25e-6, 5.75e-6, 5.208e-6],"fresh_s":[0.002407833, 0.002560709, 0.002586167, 0.0025365, 0.002485084],"warm_s":[2.225e-5, 8.75e-6, 8.666e-6, 8.625e-6, 8.625e-6],"input_bytes_est":28091,"final_bytes_est":591336,"input_nodes":186,"final_nodes":3112,"input_storage":{"layout":"enum","record_bytes":5952,"table_bytes":10368,"interner_bytes":9184,"metadata_bytes":1632,"cache_bytes":595,"records":186,"tables":106,"logical_words":648,"total_bytes_est":27731},"final_storage":{"layout":"enum","record_bytes":190464,"table_bytes":152720,"interner_bytes":146944,"metadata_bytes":47760,"cache_bytes":45696,"records":3112,"tables":2112,"logical_words":9545,"total_bytes_est":583584},"checksum":14852224,"verified":true}
ok

test result: ok. 1 passed; 0 failed; 0 ignored; 0 measured; 1378 filtered out; finished in 0.98s


        0.98 real         0.95 user         0.01 sys
            13221888  maximum resident set size
                   0  average shared memory size
                   0  average unshared data size
                   0  average unshared stack size
                1020  page reclaims
                   0  page faults
                   0  swaps
                   0  block input operations
                   0  block output operations
                   0  messages sent
                   0  messages received
                   0  signals received
                   0  voluntary context switches
                 329  involuntary context switches
         16010515700  instructions retired
          3177090369  cycles elapsed
            10387840  peak memory footprint
