
running 1 test
test event_repr_lab::experiment ... EVENT_LAB {"kind":"product_free_join","candidate":"essential512","product_mode":"views","bits":12,"worlds":4096,"rows":128,"groups":16,"memo":false,"build_s":[9.0208e-5, 5.4875e-5, 5.1584e-5, 4.8417e-5, 4.875e-5],"join_only_s":[2.8375e-5, 5.292e-6, 4.959e-6, 4.917e-6, 4.916e-6],"fresh_s":[0.001951875, 0.001996792, 0.001943, 0.001842, 0.001941375],"warm_s":[0.001886, 0.001780042, 0.001765375, 0.001770542, 0.00181575],"input_bytes_est":3167,"final_bytes_est":30960,"input_nodes":40,"final_nodes":270,"input_storage":{"layout":"slab","record_bytes":640,"table_bytes":640,"interner_bytes":1112,"metadata_bytes":416,"cache_bytes":119,"records":40,"tables":39,"logical_words":80,"total_bytes_est":2927},"final_storage":{"layout":"slab","record_bytes":5120,"table_bytes":10240,"interner_bytes":8896,"metadata_bytes":2656,"cache_bytes":3808,"records":270,"tables":269,"logical_words":694,"total_bytes_est":30720},"checksum":464640,"verified":true}
EVENT_LAB {"kind":"product_free_join","candidate":"essential512","product_mode":"views","bits":12,"worlds":4096,"rows":128,"groups":16,"memo":true,"build_s":[9.0208e-5, 5.4875e-5, 5.1584e-5, 4.8417e-5, 4.875e-5],"join_only_s":[2.8375e-5, 5.292e-6, 4.959e-6, 4.917e-6, 4.916e-6],"fresh_s":[0.000435833, 0.00043225, 0.000510208, 0.000431333, 0.000458792],"warm_s":[7.333e-6, 7.125e-6, 7.083e-6, 7.083e-6, 7.042e-6],"input_bytes_est":3167,"final_bytes_est":37036,"input_nodes":40,"final_nodes":270,"input_storage":{"layout":"slab","record_bytes":640,"table_bytes":640,"interner_bytes":1112,"metadata_bytes":416,"cache_bytes":119,"records":40,"tables":39,"logical_words":80,"total_bytes_est":2927},"final_storage":{"layout":"slab","record_bytes":5120,"table_bytes":10240,"interner_bytes":8896,"metadata_bytes":2656,"cache_bytes":3808,"records":270,"tables":269,"logical_words":694,"total_bytes_est":30720},"checksum":464640,"verified":true}
EVENT_LAB {"kind":"product_free_join","candidate":"essential512","product_mode":"views","bits":18,"worlds":262144,"rows":128,"groups":16,"memo":false,"build_s":[0.001222166, 0.0012725, 0.00129575, 0.001265375, 0.00121825],"join_only_s":[1.65e-5, 5.208e-6, 5e-6, 4.958e-6, 4.916e-6],"fresh_s":[0.06309225, 0.063145583, 0.0628, 0.064035125, 0.061833875],"warm_s":[0.062357375, 0.062846667, 0.063057583, 0.061881125, 0.061782833],"input_bytes_est":15859,"final_bytes_est":270936,"input_nodes":206,"final_nodes":2378,"input_storage":{"layout":"slab","record_bytes":3296,"table_bytes":5184,"interner_bytes":4632,"metadata_bytes":1792,"cache_bytes":595,"records":206,"tables":106,"logical_words":648,"total_bytes_est":15499},"final_storage":{"layout":"slab","record_bytes":52736,"table_bytes":82944,"interner_bytes":74112,"metadata_bytes":26512,"cache_bytes":34272,"records":2378,"tables":1557,"logical_words":6554,"total_bytes_est":270576},"checksum":14852224,"verified":true}
EVENT_LAB {"kind":"product_free_join","candidate":"essential512","product_mode":"views","bits":18,"worlds":262144,"rows":128,"groups":16,"memo":true,"build_s":[0.001222166, 0.0012725, 0.00129575, 0.001265375, 0.00121825],"join_only_s":[1.65e-5, 5.208e-6, 5e-6, 4.958e-6, 4.916e-6],"fresh_s":[0.0125665, 0.012683708, 0.012698916, 0.012781125, 0.012844333],"warm_s":[1.8083e-5, 7.542e-6, 7.417e-6, 7.416e-6, 7.375e-6],"input_bytes_est":15859,"final_bytes_est":277012,"input_nodes":206,"final_nodes":2378,"input_storage":{"layout":"slab","record_bytes":3296,"table_bytes":5184,"interner_bytes":4632,"metadata_bytes":1792,"cache_bytes":595,"records":206,"tables":106,"logical_words":648,"total_bytes_est":15499},"final_storage":{"layout":"slab","record_bytes":52736,"table_bytes":82944,"interner_bytes":74112,"metadata_bytes":26512,"cache_bytes":34272,"records":2378,"tables":1557,"logical_words":6554,"total_bytes_est":270576},"checksum":14852224,"verified":true}
ok

test result: ok. 1 passed; 0 failed; 0 ignored; 0 measured; 1378 filtered out; finished in 1.70s


        1.70 real         1.67 user         0.02 sys
            11796480  maximum resident set size
                   0  average shared memory size
                   0  average unshared data size
                   0  average unshared stack size
                 935  page reclaims
                   0  page faults
                   0  swaps
                   0  block input operations
                   0  block output operations
                   0  messages sent
                   0  messages received
                   0  signals received
                   0  voluntary context switches
                 263  involuntary context switches
         29322228387  instructions retired
          5668177663  cycles elapsed
             8929664  peak memory footprint
