
running 1 test
test event_repr_lab::experiment ... EVENT_LAB {"kind":"product_free_join","candidate":"essential64","product_mode":"views","bits":12,"worlds":4096,"rows":128,"groups":16,"memo":false,"build_s":[0.000122083, 7.6084e-5, 9.0792e-5, 7.0167e-5, 6.9e-5],"join_only_s":[3.4417e-5, 5.5e-6, 5.292e-6, 5.208e-6, 5.125e-6],"fresh_s":[0.006501125, 0.006360417, 0.006398417, 0.006400417, 0.006333917],"warm_s":[0.00610825, 0.005994084, 0.00586975, 0.005752917, 0.006027292],"input_bytes_est":15789,"final_bytes_est":177024,"input_nodes":117,"final_nodes":1018,"input_storage":{"layout":"enum","record_bytes":3744,"table_bytes":1232,"interner_bytes":9184,"metadata_bytes":1032,"cache_bytes":357,"records":117,"tables":77,"logical_words":77,"total_bytes_est":15549},"final_storage":{"layout":"enum","record_bytes":59904,"table_bytes":9296,"interner_bytes":73472,"metadata_bytes":15072,"cache_bytes":19040,"records":1018,"tables":581,"logical_words":581,"total_bytes_est":176784},"checksum":464640,"verified":true}
EVENT_LAB {"kind":"product_free_join","candidate":"essential64","product_mode":"views","bits":12,"worlds":4096,"rows":128,"groups":16,"memo":true,"build_s":[0.000122083, 7.6084e-5, 9.0792e-5, 7.0167e-5, 6.9e-5],"join_only_s":[3.4417e-5, 5.5e-6, 5.292e-6, 5.208e-6, 5.125e-6],"fresh_s":[0.001591709, 0.001624875, 0.001632792, 0.001554042, 0.001663916],"warm_s":[8.458e-6, 7.042e-6, 7.041e-6, 7e-6, 7.042e-6],"input_bytes_est":15789,"final_bytes_est":183100,"input_nodes":117,"final_nodes":1018,"input_storage":{"layout":"enum","record_bytes":3744,"table_bytes":1232,"interner_bytes":9184,"metadata_bytes":1032,"cache_bytes":357,"records":117,"tables":77,"logical_words":77,"total_bytes_est":15549},"final_storage":{"layout":"enum","record_bytes":59904,"table_bytes":9296,"interner_bytes":73472,"metadata_bytes":15072,"cache_bytes":19040,"records":1018,"tables":581,"logical_words":581,"total_bytes_est":176784},"checksum":464640,"verified":true}
EVENT_LAB {"kind":"product_free_join","candidate":"essential64","product_mode":"views","bits":18,"worlds":262144,"rows":128,"groups":16,"memo":false,"build_s":[0.001612791, 0.001752334, 0.001598709, 0.001592458, 0.001575375],"join_only_s":[1.9333e-5, 5.458e-6, 5.334e-6, 5.209e-6, 5.209e-6],"fresh_s":[0.0835645, 0.0829965, 0.122947, 0.084597542, 0.082091875],"warm_s":[0.085137917, 0.079513166, 0.088214584, 0.07915375, 0.086677125],"input_bytes_est":126240,"final_bytes_est":1537128,"input_nodes":1058,"final_nodes":9887,"input_storage":{"layout":"enum","record_bytes":33856,"table_bytes":5184,"interner_bytes":73472,"metadata_bytes":8608,"cache_bytes":4760,"records":1058,"tables":324,"logical_words":324,"total_bytes_est":125880},"final_storage":{"layout":"enum","record_bytes":541696,"table_bytes":20400,"interner_bytes":587776,"metadata_bytes":135568,"cache_bytes":251328,"records":9887,"tables":1275,"logical_words":1275,"total_bytes_est":1536768},"checksum":14852224,"verified":true}
EVENT_LAB {"kind":"product_free_join","candidate":"essential64","product_mode":"views","bits":18,"worlds":262144,"rows":128,"groups":16,"memo":true,"build_s":[0.001612791, 0.001752334, 0.001598709, 0.001592458, 0.001575375],"join_only_s":[1.9333e-5, 5.458e-6, 5.334e-6, 5.209e-6, 5.209e-6],"fresh_s":[0.01959375, 0.018588209, 0.018187417, 0.018163625, 0.018146417],"warm_s":[1.8708e-5, 7.75e-6, 7.709e-6, 7.542e-6, 7.583e-6],"input_bytes_est":126240,"final_bytes_est":1543204,"input_nodes":1058,"final_nodes":9887,"input_storage":{"layout":"enum","record_bytes":33856,"table_bytes":5184,"interner_bytes":73472,"metadata_bytes":8608,"cache_bytes":4760,"records":1058,"tables":324,"logical_words":324,"total_bytes_est":125880},"final_storage":{"layout":"enum","record_bytes":541696,"table_bytes":20400,"interner_bytes":587776,"metadata_bytes":135568,"cache_bytes":251328,"records":9887,"tables":1275,"logical_words":1275,"total_bytes_est":1536768},"checksum":14852224,"verified":true}
ok

test result: ok. 1 passed; 0 failed; 0 ignored; 0 measured; 1378 filtered out; finished in 2.39s


        2.39 real         2.29 user         0.01 sys
            19218432  maximum resident set size
                   0  average shared memory size
                   0  average unshared data size
                   0  average unshared stack size
                1386  page reclaims
                   0  page faults
                   0  swaps
                   0  block input operations
                   0  block output operations
                   0  messages sent
                   0  messages received
                   0  signals received
                   0  voluntary context switches
                1012  involuntary context switches
         36160454097  instructions retired
          7512215738  cycles elapsed
            16417176  peak memory footprint
