
running 1 test
test event_repr_lab::experiment ... EVENT_LAB {"kind":"product_free_join","candidate":"essential64","product_mode":"views","bits":12,"worlds":4096,"rows":128,"groups":16,"memo":false,"build_s":[0.00011975, 7.8292e-5, 7.2916e-5, 7.2125e-5, 7.0125e-5],"join_only_s":[3.0125e-5, 5.25e-6, 5.041e-6, 4.958e-6, 5e-6],"fresh_s":[0.003854416, 0.003842458, 0.003770875, 0.003844334, 0.004024541],"warm_s":[0.003746709, 0.003760083, 0.003779666, 0.00372075, 0.003611084],"input_bytes_est":9629,"final_bytes_est":79552,"input_nodes":89,"final_nodes":486,"input_storage":{"layout":"enum","record_bytes":2848,"table_bytes":784,"interner_bytes":4592,"metadata_bytes":808,"cache_bytes":357,"records":89,"tables":49,"logical_words":49,"total_bytes_est":9389},"final_storage":{"layout":"enum","record_bytes":22784,"table_bytes":4480,"interner_bytes":36736,"metadata_bytes":5792,"cache_bytes":9520,"records":486,"tables":280,"logical_words":280,"total_bytes_est":79312},"checksum":464640,"verified":true}
EVENT_LAB {"kind":"product_free_join","candidate":"essential64","product_mode":"views","bits":12,"worlds":4096,"rows":128,"groups":16,"memo":true,"build_s":[0.00011975, 7.8292e-5, 7.2916e-5, 7.2125e-5, 7.0125e-5],"join_only_s":[3.0125e-5, 5.25e-6, 5.041e-6, 4.958e-6, 5e-6],"fresh_s":[0.000834042, 0.000804042, 0.000851125, 0.000797625, 0.000798041],"warm_s":[7.625e-6, 7.167e-6, 7.166e-6, 1.2292e-5, 7.292e-6],"input_bytes_est":9629,"final_bytes_est":85628,"input_nodes":89,"final_nodes":486,"input_storage":{"layout":"enum","record_bytes":2848,"table_bytes":784,"interner_bytes":4592,"metadata_bytes":808,"cache_bytes":357,"records":89,"tables":49,"logical_words":49,"total_bytes_est":9389},"final_storage":{"layout":"enum","record_bytes":22784,"table_bytes":4480,"interner_bytes":36736,"metadata_bytes":5792,"cache_bytes":9520,"records":486,"tables":280,"logical_words":280,"total_bytes_est":79312},"checksum":464640,"verified":true}
EVENT_LAB {"kind":"product_free_join","candidate":"essential64","product_mode":"views","bits":18,"worlds":262144,"rows":128,"groups":16,"memo":false,"build_s":[0.001567, 0.001519208, 0.001490167, 0.001472, 0.001456041],"join_only_s":[2.2791e-5, 5.208e-6, 5.125e-6, 5e-6, 5.042e-6],"fresh_s":[0.035778542, 0.03597975, 0.036417167, 0.035464292, 0.03510425],"warm_s":[0.0344125, 0.034117333, 0.034319625, 0.033944292, 0.03390925],"input_bytes_est":62738,"final_bytes_est":408360,"input_nodes":552,"final_nodes":3102,"input_storage":{"layout":"enum","record_bytes":17664,"table_bytes":2704,"interner_bytes":36736,"metadata_bytes":4560,"cache_bytes":714,"records":552,"tables":169,"logical_words":169,"total_bytes_est":62378},"final_storage":{"layout":"enum","record_bytes":141312,"table_bytes":15728,"interner_bytes":146944,"metadata_bytes":35472,"cache_bytes":68544,"records":3102,"tables":983,"logical_words":983,"total_bytes_est":408000},"checksum":14852224,"verified":true}
EVENT_LAB {"kind":"product_free_join","candidate":"essential64","product_mode":"views","bits":18,"worlds":262144,"rows":128,"groups":16,"memo":true,"build_s":[0.001567, 0.001519208, 0.001490167, 0.001472, 0.001456041],"join_only_s":[2.2791e-5, 5.208e-6, 5.125e-6, 5e-6, 5.042e-6],"fresh_s":[0.007503791, 0.007536084, 0.007478666, 0.007480709, 0.007357],"warm_s":[1.0792e-5, 7.208e-6, 7.334e-6, 7.084e-6, 7.125e-6],"input_bytes_est":62738,"final_bytes_est":414436,"input_nodes":552,"final_nodes":3102,"input_storage":{"layout":"enum","record_bytes":17664,"table_bytes":2704,"interner_bytes":36736,"metadata_bytes":4560,"cache_bytes":714,"records":552,"tables":169,"logical_words":169,"total_bytes_est":62378},"final_storage":{"layout":"enum","record_bytes":141312,"table_bytes":15728,"interner_bytes":146944,"metadata_bytes":35472,"cache_bytes":68544,"records":3102,"tables":983,"logical_words":983,"total_bytes_est":408000},"checksum":14852224,"verified":true}
ok

test result: ok. 1 passed; 0 failed; 0 ignored; 0 measured; 1378 filtered out; finished in 1.45s


        1.45 real         1.42 user         0.03 sys
            12189696  maximum resident set size
                   0  average shared memory size
                   0  average unshared data size
                   0  average unshared stack size
                 958  page reclaims
                   0  page faults
                   0  swaps
                   0  block input operations
                   0  block output operations
                   0  messages sent
                   0  messages received
                   0  signals received
                   0  voluntary context switches
                 158  involuntary context switches
         25693033550  instructions retired
          4896917143  cycles elapsed
             9404824  peak memory footprint
