
running 1 test
test event_repr_lab::experiment ... EVENT_LAB {"kind":"relations_free_join","candidate":"essential512","product_mode":"views-inputs","bits":12,"worlds":4096,"rows":128,"groups":16,"memo":false,"build_s":[9.1541e-5, 5.5084e-5, 5.0958e-5, 4.8166e-5, 4.9e-5],"join_only_s":[2.7292e-5, 5.292e-6, 4.958e-6, 5.041e-6, 4.958e-6],"fresh_s":[0.000741667, 0.000707667, 0.000693292, 0.000736125, 0.000707875],"warm_s":[0.000648208, 0.000672917, 0.000662792, 0.000679792, 0.000638833],"input_bytes_est":3167,"final_bytes_est":13088,"input_nodes":40,"final_nodes":121,"input_storage":{"layout":"slab","record_bytes":640,"table_bytes":640,"interner_bytes":1112,"metadata_bytes":416,"cache_bytes":119,"records":40,"tables":39,"logical_words":80,"total_bytes_est":2927},"final_storage":{"layout":"slab","record_bytes":2560,"table_bytes":2560,"interner_bytes":4448,"metadata_bytes":1376,"cache_bytes":1904,"records":121,"tables":120,"logical_words":276,"total_bytes_est":12848},"closure_iterations":46,"checksum":7171072,"verified":true}
EVENT_LAB {"kind":"relations_free_join","candidate":"essential512","product_mode":"views-inputs","bits":12,"worlds":4096,"rows":128,"groups":16,"memo":true,"build_s":[9.1541e-5, 5.5084e-5, 5.0958e-5, 4.8166e-5, 4.9e-5],"join_only_s":[2.7292e-5, 5.292e-6, 4.958e-6, 5.041e-6, 4.958e-6],"fresh_s":[0.000413542, 0.000377, 0.000396917, 0.000392125, 0.000384292],"warm_s":[8.833e-6, 8.292e-6, 1.2708e-5, 8.208e-6, 8.208e-6],"input_bytes_est":3167,"final_bytes_est":25212,"input_nodes":40,"final_nodes":121,"input_storage":{"layout":"slab","record_bytes":640,"table_bytes":640,"interner_bytes":1112,"metadata_bytes":416,"cache_bytes":119,"records":40,"tables":39,"logical_words":80,"total_bytes_est":2927},"final_storage":{"layout":"slab","record_bytes":2560,"table_bytes":2560,"interner_bytes":4448,"metadata_bytes":1376,"cache_bytes":1904,"records":121,"tables":120,"logical_words":276,"total_bytes_est":12848},"closure_iterations":46,"checksum":7171072,"verified":true}
EVENT_LAB {"kind":"relations_free_join","candidate":"essential512","product_mode":"views-inputs","bits":18,"worlds":262144,"rows":128,"groups":16,"memo":false,"build_s":[0.001220625, 0.001207792, 0.001246791, 0.001302417, 0.001302042],"join_only_s":[1.5292e-5, 5.167e-6, 1.4583e-5, 5.167e-6, 5e-6],"fresh_s":[0.014264667, 0.014531541, 0.014726625, 0.014605292, 0.014769083],"warm_s":[0.013981791, 0.014335333, 0.014169, 0.01400725, 0.013911542],"input_bytes_est":15299,"final_bytes_est":131240,"input_nodes":186,"final_nodes":1024,"input_storage":{"layout":"slab","record_bytes":2976,"table_bytes":5184,"interner_bytes":4552,"metadata_bytes":1632,"cache_bytes":595,"records":186,"tables":106,"logical_words":648,"total_bytes_est":14939},"final_storage":{"layout":"slab","record_bytes":23808,"table_bytes":41472,"interner_bytes":36416,"metadata_bytes":12048,"cache_bytes":17136,"records":1024,"tables":662,"logical_words":2770,"total_bytes_est":130880},"closure_iterations":52,"checksum":215255808,"verified":true}
EVENT_LAB {"kind":"relations_free_join","candidate":"essential512","product_mode":"views-inputs","bits":18,"worlds":262144,"rows":128,"groups":16,"memo":true,"build_s":[0.001220625, 0.001207792, 0.001246791, 0.001302417, 0.001302042],"join_only_s":[1.5292e-5, 5.167e-6, 1.4583e-5, 5.167e-6, 5e-6],"fresh_s":[0.007518667, 0.007596333, 0.007736208, 0.007373791, 0.007525708],"warm_s":[2.4708e-5, 8.667e-6, 8.542e-6, 8.458e-6, 8.5e-6],"input_bytes_est":15299,"final_bytes_est":143812,"input_nodes":186,"final_nodes":1024,"input_storage":{"layout":"slab","record_bytes":2976,"table_bytes":5184,"interner_bytes":4552,"metadata_bytes":1632,"cache_bytes":595,"records":186,"tables":106,"logical_words":648,"total_bytes_est":14939},"final_storage":{"layout":"slab","record_bytes":23808,"table_bytes":41472,"interner_bytes":36416,"metadata_bytes":12048,"cache_bytes":17136,"records":1024,"tables":662,"logical_words":2770,"total_bytes_est":130880},"closure_iterations":52,"checksum":215255808,"verified":true}
ok

test result: ok. 1 passed; 0 failed; 0 ignored; 0 measured; 1378 filtered out; finished in 2.44s


        2.44 real         2.38 user         0.05 sys
            10174464  maximum resident set size
                   0  average shared memory size
                   0  average unshared data size
                   0  average unshared stack size
                 836  page reclaims
                   0  page faults
                   0  swaps
                   0  block input operations
                   0  block output operations
                   0  messages sent
                   0  messages received
                   0  signals received
                   0  voluntary context switches
                 311  involuntary context switches
         46469760244  instructions retired
          8189960679  cycles elapsed
             7307648  peak memory footprint
