
running 1 test
test event_repr_lab::experiment ... EVENT_LAB {"kind":"legal_relation_free_join","candidate":"prefix512","domain":"below","product_mode":"views","support_gates":"certified","bits":12,"width":4,"environments":1,"worlds":4096,"admissible_worlds":2197,"rows":128,"groups":16,"outputs":80,"memo":false,"build_s":[0.0006105, 0.000523667, 0.000505583, 0.000506125, 0.000498166],"support_s":[9.2917e-5, 5.0959e-5, 4.8375e-5, 5.4333e-5, 4.1625e-5],"import_s":[0.000488834, 0.000453625, 0.000439125, 0.000434, 0.000438333],"admission_s":[2.8375e-5, 1.9e-5, 1.7959e-5, 1.7667e-5, 1.7875e-5],"join_only_s":[2.6416e-5, 5.333e-6, 5.083e-6, 5e-6, 5e-6],"fresh_s":[0.000587, 0.000555375, 0.000579667, 0.000590417, 0.000531917],"warm_s":[0.000461625, 0.000401584, 0.000407541, 0.000380583, 0.000410417],"fresh_compute_s":[0.000512916, 0.000488459, 0.000511917, 0.00052275, 0.00046625],"fresh_count_s":[7.3916e-5, 6.6875e-5, 6.7666e-5, 6.7541e-5, 6.5459e-5],"warm_compute_s":[0.000387292, 0.000335125, 0.000340083, 0.000315125, 0.000337375],"warm_count_s":[6.9167e-5, 6.6375e-5, 6.7416e-5, 6.5417e-5, 6.6916e-5],"input_bytes_est":78951,"final_bytes_est":109859,"input_nodes":658,"final_nodes":827,"input_storage":{"layout":"slab","record_bytes":10528,"table_bytes":11728,"interner_bytes":17864,"metadata_bytes":5472,"cache_bytes":32903,"records":658,"tables":654,"logical_words":1466,"total_bytes_est":78495},"final_storage":{"layout":"slab","record_bytes":21056,"table_bytes":23456,"interner_bytes":20496,"metadata_bytes":10736,"cache_bytes":32903,"records":827,"tables":823,"logical_words":1830,"total_bytes_est":108647},"checksum":3773900,"verified":true}
EVENT_LAB {"kind":"legal_relation_free_join","candidate":"prefix512","domain":"below","product_mode":"views","support_gates":"certified","bits":12,"width":4,"environments":1,"worlds":4096,"admissible_worlds":2197,"rows":128,"groups":16,"outputs":80,"memo":true,"build_s":[0.0006105, 0.000523667, 0.000505583, 0.000506125, 0.000498166],"support_s":[9.2917e-5, 5.0959e-5, 4.8375e-5, 5.4333e-5, 4.1625e-5],"import_s":[0.000488834, 0.000453625, 0.000439125, 0.000434, 0.000438333],"admission_s":[2.8375e-5, 1.9e-5, 1.7959e-5, 1.7667e-5, 1.7875e-5],"join_only_s":[2.6416e-5, 5.333e-6, 5.083e-6, 5e-6, 5e-6],"fresh_s":[0.000400916, 0.00042725, 0.000392541, 0.000390875, 0.000407],"warm_s":[9.2583e-5, 7.7417e-5, 8.15e-5, 7.5875e-5, 7.6375e-5],"fresh_compute_s":[0.000334125, 0.00036, 0.000327208, 0.000325125, 0.000338],"fresh_count_s":[6.6667e-5, 6.7208e-5, 6.5333e-5, 6.5709e-5, 6.5375e-5],"warm_compute_s":[2.0125e-5, 1.2958e-5, 1.6458e-5, 1.2125e-5, 1.175e-5],"warm_count_s":[7.2167e-5, 6.4375e-5, 6.5e-5, 6.3708e-5, 6.375e-5],"input_bytes_est":78951,"final_bytes_est":121759,"input_nodes":658,"final_nodes":827,"input_storage":{"layout":"slab","record_bytes":10528,"table_bytes":11728,"interner_bytes":17864,"metadata_bytes":5472,"cache_bytes":32903,"records":658,"tables":654,"logical_words":1466,"total_bytes_est":78495},"final_storage":{"layout":"slab","record_bytes":21056,"table_bytes":23456,"interner_bytes":20496,"metadata_bytes":10736,"cache_bytes":32903,"records":827,"tables":823,"logical_words":1830,"total_bytes_est":108647},"checksum":3773900,"verified":true}
EVENT_LAB {"kind":"legal_relation_free_join","candidate":"prefix512","domain":"below","product_mode":"views","support_gates":"certified","bits":18,"width":6,"environments":1,"worlds":262144,"admissible_worlds":226981,"rows":128,"groups":16,"outputs":80,"memo":false,"build_s":[0.005972583, 0.006112083, 0.006253541, 0.006079833, 0.00597825],"support_s":[0.000114583, 9.6333e-5, 9.7916e-5, 9.7667e-5, 9.5959e-5],"import_s":[0.005788666, 0.005946167, 0.006087917, 0.005912875, 0.005817625],"admission_s":[6.8833e-5, 6.9375e-5, 6.7625e-5, 6.9125e-5, 6.4375e-5],"join_only_s":[1.6583e-5, 5.25e-6, 5.167e-6, 5.041e-6, 5.042e-6],"fresh_s":[0.0050305, 0.004986375, 0.005056667, 0.005310375, 0.004850792],"warm_s":[0.0040015, 0.003610375, 0.003608416, 0.003572292, 0.003864125],"fresh_compute_s":[0.003418875, 0.003406958, 0.003415709, 0.003661417, 0.00323225],"fresh_count_s":[0.001611458, 0.00157925, 0.001640709, 0.001648667, 0.001618083],"warm_compute_s":[0.002391666, 0.002004458, 0.002009541, 0.001975167, 0.00213125],"warm_count_s":[0.001609666, 0.001605875, 0.001598792, 0.001597041, 0.001732125],"input_bytes_est":666607,"final_bytes_est":1324435,"input_nodes":6928,"final_nodes":8465,"input_storage":{"layout":"slab","record_bytes":110848,"table_bytes":158448,"interner_bytes":149568,"metadata_bytes":55704,"cache_bytes":191367,"records":6928,"tables":4338,"logical_words":19806,"total_bytes_est":665935},"final_storage":{"layout":"slab","record_bytes":221696,"table_bytes":316896,"interner_bytes":299136,"metadata_bytes":111128,"cache_bytes":374151,"records":8465,"tables":5562,"logical_words":23831,"total_bytes_est":1323007},"checksum":181462800,"verified":true}
EVENT_LAB {"kind":"legal_relation_free_join","candidate":"prefix512","domain":"below","product_mode":"views","support_gates":"certified","bits":18,"width":6,"environments":1,"worlds":262144,"admissible_worlds":226981,"rows":128,"groups":16,"outputs":80,"memo":true,"build_s":[0.005972583, 0.006112083, 0.006253541, 0.006079833, 0.00597825],"support_s":[0.000114583, 9.6333e-5, 9.7916e-5, 9.7667e-5, 9.5959e-5],"import_s":[0.005788666, 0.005946167, 0.006087917, 0.005912875, 0.005817625],"admission_s":[6.8833e-5, 6.9375e-5, 6.7625e-5, 6.9125e-5, 6.4375e-5],"join_only_s":[1.6583e-5, 5.25e-6, 5.167e-6, 5.041e-6, 5.042e-6],"fresh_s":[0.004055292, 0.0040645, 0.004142291, 0.004076, 0.00420275],"warm_s":[0.001754167, 0.0016365, 0.001671917, 0.0017385, 0.001704375],"fresh_compute_s":[0.002472875, 0.002461917, 0.002560666, 0.002316042, 0.00246125],"fresh_count_s":[0.001581958, 0.001602375, 0.001581458, 0.001759583, 0.001740791],"warm_compute_s":[2.3667e-5, 2.5792e-5, 3.1709e-5, 2.5333e-5, 2.5333e-5],"warm_count_s":[0.001729583, 0.001610667, 0.001640167, 0.001713, 0.001677459],"input_bytes_est":666607,"final_bytes_est":1337931,"input_nodes":6928,"final_nodes":8465,"input_storage":{"layout":"slab","record_bytes":110848,"table_bytes":158448,"interner_bytes":149568,"metadata_bytes":55704,"cache_bytes":191367,"records":6928,"tables":4338,"logical_words":19806,"total_bytes_est":665935},"final_storage":{"layout":"slab","record_bytes":221696,"table_bytes":316896,"interner_bytes":299136,"metadata_bytes":111128,"cache_bytes":374151,"records":8465,"tables":5562,"logical_words":23831,"total_bytes_est":1323007},"checksum":181462800,"verified":true}
ok

test result: ok. 1 passed; 0 failed; 0 ignored; 0 measured; 1378 filtered out; finished in 15.26s


       15.26 real        15.06 user         0.13 sys
            18841600  maximum resident set size
                   0  average shared memory size
                   0  average unshared data size
                   0  average unshared stack size
                1365  page reclaims
                   0  page faults
                   0  swaps
                   0  block input operations
                   0  block output operations
                   0  messages sent
                   0  messages received
                   0  signals received
                   0  voluntary context switches
                5808  involuntary context switches
        212789852498  instructions retired
         50929928602  cycles elapsed
            15614360  peak memory footprint
