
running 1 test
test event_repr_lab::experiment ... EVENT_LAB {"kind":"legal_relation_free_join","candidate":"prefix512","domain":"below","product_mode":"views","support_gates":"certified","bits":12,"width":4,"environments":1,"worlds":4096,"admissible_worlds":2197,"rows":128,"groups":16,"outputs":80,"memo":false,"build_s":[0.000630084, 0.000514459, 0.000496666, 0.0004845, 0.000485541],"support_s":[8.7417e-5, 4.4375e-5, 4.4916e-5, 3.9459e-5, 4.0125e-5],"import_s":[0.0005155, 0.000451833, 0.000434042, 0.000427625, 0.000427917],"admission_s":[2.6833e-5, 1.8209e-5, 1.7625e-5, 1.7375e-5, 1.7292e-5],"join_only_s":[2.5917e-5, 5.125e-6, 4.834e-6, 4.75e-6, 4.75e-6],"fresh_s":[0.000689959, 0.000658084, 0.000644042, 0.000634375, 0.000672042],"warm_s":[0.000417625, 0.000430458, 0.0004205, 0.000424125, 0.00049025],"fresh_compute_s":[0.000642375, 0.000616542, 0.0006025, 0.00059325, 0.000630167],"fresh_count_s":[4.7417e-5, 4.15e-5, 4.15e-5, 4.1042e-5, 4.1625e-5],"warm_compute_s":[0.000376375, 0.000389208, 0.000379167, 0.00037675, 0.000443167],"warm_count_s":[4.1166e-5, 4.1208e-5, 4.125e-5, 4.7333e-5, 4.6541e-5],"input_bytes_est":80459,"final_bytes_est":126091,"input_nodes":679,"final_nodes":1146,"input_storage":{"layout":"slab","record_bytes":10864,"table_bytes":10632,"interner_bytes":17948,"metadata_bytes":5640,"cache_bytes":34919,"records":679,"tables":675,"logical_words":1329,"total_bytes_est":80003},"final_storage":{"layout":"slab","record_bytes":21728,"table_bytes":21264,"interner_bytes":35896,"metadata_bytes":11072,"cache_bytes":34919,"records":1146,"tables":1142,"logical_words":2256,"total_bytes_est":124879},"checksum":3773900,"verified":true}
EVENT_LAB {"kind":"legal_relation_free_join","candidate":"prefix512","domain":"below","product_mode":"views","support_gates":"certified","bits":12,"width":4,"environments":1,"worlds":4096,"admissible_worlds":2197,"rows":128,"groups":16,"outputs":80,"memo":true,"build_s":[0.000630084, 0.000514459, 0.000496666, 0.0004845, 0.000485541],"support_s":[8.7417e-5, 4.4375e-5, 4.4916e-5, 3.9459e-5, 4.0125e-5],"import_s":[0.0005155, 0.000451833, 0.000434042, 0.000427625, 0.000427917],"admission_s":[2.6833e-5, 1.8209e-5, 1.7625e-5, 1.7375e-5, 1.7292e-5],"join_only_s":[2.5917e-5, 5.125e-6, 4.834e-6, 4.75e-6, 4.75e-6],"fresh_s":[0.000483125, 0.000473875, 0.000451167, 0.000452833, 0.000446208],"warm_s":[5.3292e-5, 5.275e-5, 5.4125e-5, 5.3083e-5, 6.6541e-5],"fresh_compute_s":[0.000441125, 0.000430917, 0.000410208, 0.000411708, 0.000405292],"fresh_count_s":[4.1833e-5, 4.2875e-5, 4.0917e-5, 4.1083e-5, 4.0792e-5],"warm_compute_s":[1.1792e-5, 1.1375e-5, 1.2083e-5, 1.1458e-5, 1.1833e-5],"warm_count_s":[4.1416e-5, 4.1333e-5, 4.1958e-5, 4.1583e-5, 5.3667e-5],"input_bytes_est":80459,"final_bytes_est":137991,"input_nodes":679,"final_nodes":1146,"input_storage":{"layout":"slab","record_bytes":10864,"table_bytes":10632,"interner_bytes":17948,"metadata_bytes":5640,"cache_bytes":34919,"records":679,"tables":675,"logical_words":1329,"total_bytes_est":80003},"final_storage":{"layout":"slab","record_bytes":21728,"table_bytes":21264,"interner_bytes":35896,"metadata_bytes":11072,"cache_bytes":34919,"records":1146,"tables":1142,"logical_words":2256,"total_bytes_est":124879},"checksum":3773900,"verified":true}
EVENT_LAB {"kind":"legal_relation_free_join","candidate":"prefix512","domain":"below","product_mode":"views","support_gates":"certified","bits":18,"width":6,"environments":1,"worlds":262144,"admissible_worlds":226981,"rows":128,"groups":16,"outputs":80,"memo":false,"build_s":[0.006028083, 0.0060805, 0.005884708, 0.005957083, 0.005828875],"support_s":[0.000100166, 9.2333e-5, 8.3291e-5, 8.3375e-5, 8.2875e-5],"import_s":[0.005858708, 0.005923375, 0.005737292, 0.00580875, 0.005682542],"admission_s":[6.8833e-5, 6.4709e-5, 6.4083e-5, 6.4834e-5, 6.3166e-5],"join_only_s":[2.4917e-5, 5.209e-6, 5e-6, 4.917e-6, 4.916e-6],"fresh_s":[0.009793333, 0.010478166, 0.010050125, 0.010117417, 0.010053792],"warm_s":[0.004718459, 0.00430425, 0.004864417, 0.004419833, 0.004249417],"fresh_compute_s":[0.009663667, 0.010343625, 0.00991375, 0.009985917, 0.009921709],"fresh_count_s":[0.000129541, 0.000134375, 0.000136083, 0.000131458, 0.000131375],"warm_compute_s":[0.004584875, 0.004153917, 0.004688667, 0.004287416, 0.004117667],"warm_count_s":[0.000132417, 0.000150292, 0.000175416, 0.000132208, 0.000130584],"input_bytes_est":949075,"final_bytes_est":2525699,"input_nodes":8103,"final_nodes":19056,"input_storage":{"layout":"slab","record_bytes":129648,"table_bytes":156240,"interner_bytes":276124,"metadata_bytes":65104,"cache_bytes":321287,"records":8103,"tables":4286,"logical_words":19530,"total_bytes_est":948403},"final_storage":{"layout":"slab","record_bytes":518592,"table_bytes":624960,"interner_bytes":617072,"metadata_bytes":259576,"cache_bytes":504071,"records":19056,"tables":10914,"logical_words":48842,"total_bytes_est":2524271},"checksum":181462800,"verified":true}
EVENT_LAB {"kind":"legal_relation_free_join","candidate":"prefix512","domain":"below","product_mode":"views","support_gates":"certified","bits":18,"width":6,"environments":1,"worlds":262144,"admissible_worlds":226981,"rows":128,"groups":16,"outputs":80,"memo":true,"build_s":[0.006028083, 0.0060805, 0.005884708, 0.005957083, 0.005828875],"support_s":[0.000100166, 9.2333e-5, 8.3291e-5, 8.3375e-5, 8.2875e-5],"import_s":[0.005858708, 0.005923375, 0.005737292, 0.00580875, 0.005682542],"admission_s":[6.8833e-5, 6.4709e-5, 6.4083e-5, 6.4834e-5, 6.3166e-5],"join_only_s":[2.4917e-5, 5.209e-6, 5e-6, 4.917e-6, 4.916e-6],"fresh_s":[0.008045375, 0.007975083, 0.007838459, 0.008061625, 0.008108917],"warm_s":[0.000163584, 0.000191042, 0.000175792, 0.000162375, 0.000183792],"fresh_compute_s":[0.007913916, 0.007839041, 0.007702292, 0.007928875, 0.007971292],"fresh_count_s":[0.000131, 0.000136, 0.000135958, 0.0001325, 0.000136917],"warm_compute_s":[2.4667e-5, 4.3375e-5, 2.5667e-5, 2.5209e-5, 4.0375e-5],"warm_count_s":[0.000135292, 0.000147583, 0.000149875, 0.000136959, 0.000141292],"input_bytes_est":949075,"final_bytes_est":2539195,"input_nodes":8103,"final_nodes":19056,"input_storage":{"layout":"slab","record_bytes":129648,"table_bytes":156240,"interner_bytes":276124,"metadata_bytes":65104,"cache_bytes":321287,"records":8103,"tables":4286,"logical_words":19530,"total_bytes_est":948403},"final_storage":{"layout":"slab","record_bytes":518592,"table_bytes":624960,"interner_bytes":617072,"metadata_bytes":259576,"cache_bytes":504071,"records":19056,"tables":10914,"logical_words":48842,"total_bytes_est":2524271},"checksum":181462800,"verified":true}
ok

test result: ok. 1 passed; 0 failed; 0 ignored; 0 measured; 1378 filtered out; finished in 15.48s


       15.48 real        15.21 user         0.25 sys
            26771456  maximum resident set size
                   0  average shared memory size
                   0  average unshared data size
                   0  average unshared stack size
                1848  page reclaims
                   0  page faults
                   0  swaps
                   0  block input operations
                   0  block output operations
                   0  messages sent
                   0  messages received
                   0  signals received
                   0  voluntary context switches
                 350  involuntary context switches
        218392766898  instructions retired
         52515899740  cycles elapsed
            23544216  peak memory footprint
