
running 1 test
test event_repr_lab::experiment ... EVENT_LAB {"kind":"legal_relation_free_join","candidate":"packed512","domain":"fibred","product_mode":"materialized","support_gates":"materialized","bits":13,"width":4,"environments":2,"worlds":8192,"admissible_worlds":3197,"rows":128,"groups":16,"outputs":80,"memo":false,"build_s":[0.001371041, 0.001310833, 0.001269833, 0.001256625, 0.001352125],"support_s":[8.8083e-5, 7.2416e-5, 6.8916e-5, 6.625e-5, 6.6875e-5],"import_s":[0.001011458, 0.000986917, 0.000977209, 0.000969917, 0.001013459],"admission_s":[0.000270667, 0.000251458, 0.000223666, 0.000220458, 0.0002705],"join_only_s":[3.05e-5, 5.375e-6, 5.291e-6, 5.125e-6, 5.083e-6],"fresh_s":[0.0017035, 0.001650167, 0.00160225, 0.001575417, 0.001604333],"warm_s":[0.00125225, 0.001223667, 0.001202833, 0.001177792, 0.001156375],"fresh_compute_s":[0.001653333, 0.001603417, 0.001556042, 0.001533792, 0.001559542],"fresh_count_s":[4.9792e-5, 4.6583e-5, 4.6166e-5, 4.1458e-5, 4.4084e-5],"warm_compute_s":[0.001204666, 0.001176583, 0.001159333, 0.00113525, 0.001114042],"warm_count_s":[4.6958e-5, 4.6959e-5, 4.3375e-5, 4.2417e-5, 4.1542e-5],"input_bytes_est":294828,"final_bytes_est":1034704,"input_nodes":2440,"final_nodes":6535,"input_storage":null,"final_storage":null,"checksum":5522780,"verified":true}
EVENT_LAB {"kind":"legal_relation_free_join","candidate":"packed512","domain":"fibred","product_mode":"materialized","support_gates":"materialized","bits":13,"width":4,"environments":2,"worlds":8192,"admissible_worlds":3197,"rows":128,"groups":16,"outputs":80,"memo":true,"build_s":[0.001371041, 0.001310833, 0.001269833, 0.001256625, 0.001352125],"support_s":[8.8083e-5, 7.2416e-5, 6.8916e-5, 6.625e-5, 6.6875e-5],"import_s":[0.001011458, 0.000986917, 0.000977209, 0.000969917, 0.001013459],"admission_s":[0.000270667, 0.000251458, 0.000223666, 0.000220458, 0.0002705],"join_only_s":[3.05e-5, 5.375e-6, 5.291e-6, 5.125e-6, 5.083e-6],"fresh_s":[0.000910958, 0.00090425, 0.00095875, 0.000894792, 0.000869458],"warm_s":[5.9583e-5, 7.3208e-5, 7.7916e-5, 5.8292e-5, 7.6833e-5],"fresh_compute_s":[0.000866458, 0.000858959, 0.000913208, 0.0008495, 0.000827333],"fresh_count_s":[4.4083e-5, 4.5083e-5, 4.5417e-5, 4.5083e-5, 4.1458e-5],"warm_compute_s":[1.75e-5, 2.7083e-5, 3.0791e-5, 1.6834e-5, 2.6875e-5],"warm_count_s":[4.1875e-5, 4.5917e-5, 4.6959e-5, 4.1375e-5, 4.7083e-5],"input_bytes_est":294828,"final_bytes_est":1047696,"input_nodes":2440,"final_nodes":6535,"input_storage":null,"final_storage":null,"checksum":5522780,"verified":true}
EVENT_LAB {"kind":"legal_relation_free_join","candidate":"packed512","domain":"fibred","product_mode":"materialized","support_gates":"materialized","bits":19,"width":6,"environments":2,"worlds":524288,"admissible_worlds":301069,"rows":128,"groups":16,"outputs":80,"memo":false,"build_s":[0.061650959, 0.061931708, 0.061041875, 0.061857209, 0.060936459],"support_s":[0.000341167, 0.000340875, 0.000332083, 0.000333875, 0.000319375],"import_s":[0.056021459, 0.056398916, 0.055943584, 0.056544333, 0.055928584],"admission_s":[0.005285584, 0.005191708, 0.004765875, 0.004978625, 0.004685083],"join_only_s":[1.8375e-5, 5.333e-6, 5.25e-6, 5.125e-6, 5.125e-6],"fresh_s":[0.012207209, 0.013527291, 0.011058916, 0.011389625, 0.011973625],"warm_s":[0.006548875, 0.006552625, 0.006662, 0.006794416, 0.006755583],"fresh_compute_s":[0.011346875, 0.012624958, 0.010220125, 0.010508417, 0.011066291],"fresh_count_s":[0.000859125, 0.000902167, 0.000838542, 0.000880917, 0.000905458],"warm_compute_s":[0.005694875, 0.005697, 0.005808125, 0.005929708, 0.0058735],"warm_count_s":[0.000852875, 0.000855292, 0.000853542, 0.000864458, 0.000877416],"input_bytes_est":5620604,"final_bytes_est":13305144,"input_nodes":36612,"final_nodes":98153,"input_storage":null,"final_storage":null,"checksum":243821880,"verified":true}
EVENT_LAB {"kind":"legal_relation_free_join","candidate":"packed512","domain":"fibred","product_mode":"materialized","support_gates":"materialized","bits":19,"width":6,"environments":2,"worlds":524288,"admissible_worlds":301069,"rows":128,"groups":16,"outputs":80,"memo":true,"build_s":[0.061650959, 0.061931708, 0.061041875, 0.061857209, 0.060936459],"support_s":[0.000341167, 0.000340875, 0.000332083, 0.000333875, 0.000319375],"import_s":[0.056021459, 0.056398916, 0.055943584, 0.056544333, 0.055928584],"admission_s":[0.005285584, 0.005191708, 0.004765875, 0.004978625, 0.004685083],"join_only_s":[1.8375e-5, 5.333e-6, 5.25e-6, 5.125e-6, 5.125e-6],"fresh_s":[0.008272875, 0.008273833, 0.008797917, 0.008442875, 0.00841425],"warm_s":[0.000888042, 0.000882917, 0.000884625, 0.000887542, 0.000884417],"fresh_compute_s":[0.007439542, 0.007424833, 0.007937167, 0.00757225, 0.007552958],"fresh_count_s":[0.0008325, 0.000848875, 0.000860625, 0.000870458, 0.00085975],"warm_compute_s":[2.575e-5, 2.75e-5, 2.6667e-5, 2.7083e-5, 2.7167e-5],"warm_count_s":[0.000861417, 0.00085525, 0.000857792, 0.000860334, 0.000852667],"input_bytes_est":5620604,"final_bytes_est":13322168,"input_nodes":36612,"final_nodes":98153,"input_storage":null,"final_storage":null,"checksum":243821880,"verified":true}
ok

test result: ok. 1 passed; 0 failed; 0 ignored; 0 measured; 1378 filtered out; finished in 27.17s


       27.17 real        26.92 user         0.19 sys
            63111168  maximum resident set size
                   0  average shared memory size
                   0  average unshared data size
                   0  average unshared stack size
                4068  page reclaims
                   0  page faults
                   0  swaps
                   0  block input operations
                   0  block output operations
                   0  messages sent
                   0  messages received
                   0  signals received
                   0  voluntary context switches
                2329  involuntary context switches
        315510474892  instructions retired
         90375334676  cycles elapsed
            60146096  peak memory footprint
