
running 1 test
test event_repr_lab::experiment ... EVENT_LAB {"kind":"legal_relation_free_join","candidate":"prefix512","domain":"below","product_mode":"views","support_gates":"certified","bits":12,"width":4,"environments":1,"worlds":4096,"admissible_worlds":2197,"rows":128,"groups":16,"outputs":80,"memo":false,"build_s":[0.00063375, 0.000549125, 0.000534042, 0.000522042, 0.00049775],"support_s":[8.8584e-5, 4.625e-5, 5.0167e-5, 4.1083e-5, 3.9916e-5],"import_s":[0.000517, 0.000484083, 0.000465291, 0.000462792, 0.000440208],"admission_s":[2.7625e-5, 1.8666e-5, 1.8416e-5, 1.8125e-5, 1.7292e-5],"join_only_s":[2.6541e-5, 5.25e-6, 5e-6, 4.959e-6, 5.042e-6],"fresh_s":[0.000681125, 0.000621083, 0.000644125, 0.000640375, 0.000674292],"warm_s":[0.00041325, 0.000410083, 0.0004255, 0.000406959, 0.000405542],"fresh_compute_s":[0.000663916, 0.000608625, 0.000631084, 0.000627542, 0.000660959],"fresh_count_s":[1.6958e-5, 1.2417e-5, 1.2959e-5, 1.2792e-5, 1.2958e-5],"warm_compute_s":[0.000400458, 0.000397208, 0.000409042, 0.000394625, 0.000392833],"warm_count_s":[1.2625e-5, 1.2791e-5, 1.6375e-5, 1.225e-5, 1.2416e-5],"input_bytes_est":80459,"final_bytes_est":126091,"input_nodes":679,"final_nodes":1146,"input_storage":{"layout":"slab","record_bytes":10864,"table_bytes":10632,"interner_bytes":17948,"metadata_bytes":5640,"cache_bytes":34919,"records":679,"tables":675,"logical_words":1329,"total_bytes_est":80003},"final_storage":{"layout":"slab","record_bytes":21728,"table_bytes":21264,"interner_bytes":35896,"metadata_bytes":11072,"cache_bytes":34919,"records":1146,"tables":1142,"logical_words":2256,"total_bytes_est":124879},"checksum":3773900,"verified":true}
EVENT_LAB {"kind":"legal_relation_free_join","candidate":"prefix512","domain":"below","product_mode":"views","support_gates":"certified","bits":12,"width":4,"environments":1,"worlds":4096,"admissible_worlds":2197,"rows":128,"groups":16,"outputs":80,"memo":true,"build_s":[0.00063375, 0.000549125, 0.000534042, 0.000522042, 0.00049775],"support_s":[8.8584e-5, 4.625e-5, 5.0167e-5, 4.1083e-5, 3.9916e-5],"import_s":[0.000517, 0.000484083, 0.000465291, 0.000462792, 0.000440208],"admission_s":[2.7625e-5, 1.8666e-5, 1.8416e-5, 1.8125e-5, 1.7292e-5],"join_only_s":[2.6541e-5, 5.25e-6, 5e-6, 4.959e-6, 5.042e-6],"fresh_s":[0.000458792, 0.000428541, 0.000487042, 0.000419083, 0.000420083],"warm_s":[2.4042e-5, 2.3666e-5, 2.8709e-5, 2.3709e-5, 2.4125e-5],"fresh_compute_s":[0.000446, 0.000416041, 0.000472333, 0.000406541, 0.000407583],"fresh_count_s":[1.2625e-5, 1.2417e-5, 1.4625e-5, 1.25e-5, 1.2375e-5],"warm_compute_s":[1.1667e-5, 1.1416e-5, 1.1417e-5, 1.1417e-5, 1.1375e-5],"warm_count_s":[1.2292e-5, 1.225e-5, 1.725e-5, 1.2208e-5, 1.25e-5],"input_bytes_est":80459,"final_bytes_est":137991,"input_nodes":679,"final_nodes":1146,"input_storage":{"layout":"slab","record_bytes":10864,"table_bytes":10632,"interner_bytes":17948,"metadata_bytes":5640,"cache_bytes":34919,"records":679,"tables":675,"logical_words":1329,"total_bytes_est":80003},"final_storage":{"layout":"slab","record_bytes":21728,"table_bytes":21264,"interner_bytes":35896,"metadata_bytes":11072,"cache_bytes":34919,"records":1146,"tables":1142,"logical_words":2256,"total_bytes_est":124879},"checksum":3773900,"verified":true}
EVENT_LAB {"kind":"legal_relation_free_join","candidate":"prefix512","domain":"below","product_mode":"views","support_gates":"certified","bits":18,"width":6,"environments":1,"worlds":262144,"admissible_worlds":226981,"rows":128,"groups":16,"outputs":80,"memo":false,"build_s":[0.005973917, 0.005951833, 0.005772875, 0.005763541, 0.005926],"support_s":[0.000100792, 8.4041e-5, 8.3375e-5, 8.3666e-5, 8.175e-5],"import_s":[0.005805208, 0.00580325, 0.005626709, 0.005617084, 0.005769875],"admission_s":[6.7625e-5, 6.4458e-5, 6.2667e-5, 6.2709e-5, 7.4e-5],"join_only_s":[1.4208e-5, 5.208e-6, 4.958e-6, 5.041e-6, 4.917e-6],"fresh_s":[0.009801125, 0.01035725, 0.010094709, 0.009748458, 0.010029958],"warm_s":[0.004279583, 0.004110083, 0.00458075, 0.004300708, 0.004349625],"fresh_compute_s":[0.009711084, 0.010264833, 0.010004792, 0.009659833, 0.00994025],"fresh_count_s":[8.9834e-5, 9.225e-5, 8.9833e-5, 8.8417e-5, 8.9208e-5],"warm_compute_s":[0.004190083, 0.004021375, 0.004476625, 0.004211542, 0.004259958],"warm_count_s":[8.9e-5, 8.8625e-5, 0.000103917, 8.9084e-5, 8.9125e-5],"input_bytes_est":949075,"final_bytes_est":2525699,"input_nodes":8103,"final_nodes":19056,"input_storage":{"layout":"slab","record_bytes":129648,"table_bytes":156240,"interner_bytes":276124,"metadata_bytes":65104,"cache_bytes":321287,"records":8103,"tables":4286,"logical_words":19530,"total_bytes_est":948403},"final_storage":{"layout":"slab","record_bytes":518592,"table_bytes":624960,"interner_bytes":617072,"metadata_bytes":259576,"cache_bytes":504071,"records":19056,"tables":10914,"logical_words":48842,"total_bytes_est":2524271},"checksum":181462800,"verified":true}
EVENT_LAB {"kind":"legal_relation_free_join","candidate":"prefix512","domain":"below","product_mode":"views","support_gates":"certified","bits":18,"width":6,"environments":1,"worlds":262144,"admissible_worlds":226981,"rows":128,"groups":16,"outputs":80,"memo":true,"build_s":[0.005973917, 0.005951833, 0.005772875, 0.005763541, 0.005926],"support_s":[0.000100792, 8.4041e-5, 8.3375e-5, 8.3666e-5, 8.175e-5],"import_s":[0.005805208, 0.00580325, 0.005626709, 0.005617084, 0.005769875],"admission_s":[6.7625e-5, 6.4458e-5, 6.2667e-5, 6.2709e-5, 7.4e-5],"join_only_s":[1.4208e-5, 5.208e-6, 4.958e-6, 5.041e-6, 4.917e-6],"fresh_s":[0.008070542, 0.008359958, 0.008109708, 0.007767375, 0.007809041],"warm_s":[0.000120541, 0.000112208, 0.000119459, 0.000128458, 0.000121959],"fresh_compute_s":[0.007981042, 0.008270667, 0.008010708, 0.007678375, 0.007719708],"fresh_count_s":[8.8959e-5, 8.9125e-5, 9.875e-5, 8.8833e-5, 8.8791e-5],"warm_compute_s":[2.5083e-5, 2.3333e-5, 2.6584e-5, 2.9125e-5, 2.6084e-5],"warm_count_s":[9.4875e-5, 8.8791e-5, 9.275e-5, 9.9292e-5, 9.45e-5],"input_bytes_est":949075,"final_bytes_est":2539195,"input_nodes":8103,"final_nodes":19056,"input_storage":{"layout":"slab","record_bytes":129648,"table_bytes":156240,"interner_bytes":276124,"metadata_bytes":65104,"cache_bytes":321287,"records":8103,"tables":4286,"logical_words":19530,"total_bytes_est":948403},"final_storage":{"layout":"slab","record_bytes":518592,"table_bytes":624960,"interner_bytes":617072,"metadata_bytes":259576,"cache_bytes":504071,"records":19056,"tables":10914,"logical_words":48842,"total_bytes_est":2524271},"checksum":181462800,"verified":true}
ok

test result: ok. 1 passed; 0 failed; 0 ignored; 0 measured; 1378 filtered out; finished in 15.50s


       15.50 real        15.26 user         0.23 sys
            28131328  maximum resident set size
                   0  average shared memory size
                   0  average unshared data size
                   0  average unshared stack size
                1931  page reclaims
                   0  page faults
                   0  swaps
                   0  block input operations
                   0  block output operations
                   0  messages sent
                   0  messages received
                   0  signals received
                   0  voluntary context switches
                 698  involuntary context switches
        218378903728  instructions retired
         52432415478  cycles elapsed
            24904088  peak memory footprint
