
running 1 test
test event_repr_lab::experiment ... EVENT_LAB {"kind":"legal_relation_free_join","candidate":"retraction512","domain":"holes","product_mode":"views","support_gates":"certified","bits":12,"width":4,"environments":1,"worlds":4096,"admissible_worlds":1000,"rows":128,"groups":16,"outputs":80,"memo":false,"build_s":[0.000632, 0.000572583, 0.000529542, 0.0005195, 0.00051825],"support_s":[0.000118166, 7.4125e-5, 7.2208e-5, 6.65e-5, 6.5959e-5],"import_s":[0.000457625, 0.000455167, 0.000416834, 0.000412875, 0.000412166],"admission_s":[5.5875e-5, 4.3209e-5, 4.0417e-5, 4.0042e-5, 3.975e-5],"join_only_s":[2.7125e-5, 5.125e-6, 4.917e-6, 4.875e-6, 4.917e-6],"fresh_s":[0.001037375, 0.0010265, 0.001004375, 0.000979708, 0.001020208],"warm_s":[0.000646709, 0.00063225, 0.000624583, 0.000645792, 0.00066825],"fresh_compute_s":[0.001026041, 0.001018958, 0.000996875, 0.000973333, 0.001013375],"fresh_count_s":[1.1125e-5, 7.458e-6, 7.291e-6, 6.375e-6, 6.459e-6],"warm_compute_s":[0.000640292, 0.000625916, 0.000618208, 0.000639584, 0.000660333],"warm_count_s":[6.166e-6, 6.25e-6, 6.292e-6, 6.167e-6, 7.542e-6],"input_bytes_est":85107,"final_bytes_est":218963,"input_nodes":731,"final_nodes":1636,"input_storage":{"layout":"slab","record_bytes":11696,"table_bytes":13744,"interner_bytes":18156,"metadata_bytes":6056,"cache_bytes":34919,"records":731,"tables":724,"logical_words":1718,"total_bytes_est":84571},"final_storage":{"layout":"slab","record_bytes":46784,"table_bytes":54976,"interner_bytes":42160,"metadata_bytes":23600,"cache_bytes":50151,"records":1636,"tables":1629,"logical_words":3674,"total_bytes_est":217671},"checksum":1730760,"verified":true}
EVENT_LAB {"kind":"legal_relation_free_join","candidate":"retraction512","domain":"holes","product_mode":"views","support_gates":"certified","bits":12,"width":4,"environments":1,"worlds":4096,"admissible_worlds":1000,"rows":128,"groups":16,"outputs":80,"memo":true,"build_s":[0.000632, 0.000572583, 0.000529542, 0.0005195, 0.00051825],"support_s":[0.000118166, 7.4125e-5, 7.2208e-5, 6.65e-5, 6.5959e-5],"import_s":[0.000457625, 0.000455167, 0.000416834, 0.000412875, 0.000412166],"admission_s":[5.5875e-5, 4.3209e-5, 4.0417e-5, 4.0042e-5, 3.975e-5],"join_only_s":[2.7125e-5, 5.125e-6, 4.917e-6, 4.875e-6, 4.917e-6],"fresh_s":[0.0007195, 0.000652084, 0.000644583, 0.000644333, 0.000677416],"warm_s":[1.775e-5, 2.1459e-5, 2.2083e-5, 1.75e-5, 1.7542e-5],"fresh_compute_s":[0.000713208, 0.000645792, 0.000638458, 0.000637958, 0.000671333],"fresh_count_s":[6.125e-6, 6.25e-6, 6.125e-6, 6.334e-6, 5.875e-6],"warm_compute_s":[1.1583e-5, 1.5417e-5, 1.6083e-5, 1.1375e-5, 1.1375e-5],"warm_count_s":[6e-6, 6e-6, 5.958e-6, 6.042e-6, 5.959e-6],"input_bytes_est":85107,"final_bytes_est":232459,"input_nodes":731,"final_nodes":1636,"input_storage":{"layout":"slab","record_bytes":11696,"table_bytes":13744,"interner_bytes":18156,"metadata_bytes":6056,"cache_bytes":34919,"records":731,"tables":724,"logical_words":1718,"total_bytes_est":84571},"final_storage":{"layout":"slab","record_bytes":46784,"table_bytes":54976,"interner_bytes":42160,"metadata_bytes":23600,"cache_bytes":50151,"records":1636,"tables":1629,"logical_words":3674,"total_bytes_est":217671},"checksum":1730760,"verified":true}
EVENT_LAB {"kind":"legal_relation_free_join","candidate":"retraction512","domain":"holes","product_mode":"views","support_gates":"certified","bits":18,"width":6,"environments":1,"worlds":262144,"admissible_worlds":74088,"rows":128,"groups":16,"outputs":80,"memo":false,"build_s":[0.011747166, 0.011758833, 0.011435125, 0.01124875, 0.011328667],"support_s":[0.000399625, 0.00034775, 0.0003625, 0.000346083, 0.000336875],"import_s":[0.0110395, 0.011111167, 0.010760208, 0.010614125, 0.01069325],"admission_s":[0.000307416, 0.000299625, 0.000312291, 0.000288416, 0.000298292],"join_only_s":[1.7458e-5, 5.208e-6, 5e-6, 5e-6, 5e-6],"fresh_s":[0.015376875, 0.015670583, 0.016071959, 0.015781666, 0.015683917],"warm_s":[0.006247916, 0.005903, 0.006416209, 0.006192, 0.006931291],"fresh_compute_s":[0.015305833, 0.015600167, 0.016006417, 0.015704416, 0.015619208],"fresh_count_s":[7.0791e-5, 7.025e-5, 6.5041e-5, 7.7167e-5, 6.4125e-5],"warm_compute_s":[0.006167208, 0.005838833, 0.006341709, 0.006125791, 0.006858041],"warm_count_s":[8.0167e-5, 6.4125e-5, 6.925e-5, 6.5958e-5, 7.275e-5],"input_bytes_est":1966947,"final_bytes_est":4811627,"input_nodes":18811,"final_nodes":36885,"input_storage":{"layout":"slab","record_bytes":300976,"table_bytes":386528,"interner_bytes":562668,"metadata_bytes":150768,"cache_bytes":564999,"records":18811,"tables":7853,"logical_words":48316,"total_bytes_est":1965939},"final_storage":{"layout":"slab","record_bytes":601952,"table_bytes":1546112,"interner_bytes":1125336,"metadata_bytes":301256,"cache_bytes":1235207,"records":36885,"tables":17682,"logical_words":102326,"total_bytes_est":4809863},"checksum":60726120,"verified":true}
EVENT_LAB {"kind":"legal_relation_free_join","candidate":"retraction512","domain":"holes","product_mode":"views","support_gates":"certified","bits":18,"width":6,"environments":1,"worlds":262144,"admissible_worlds":74088,"rows":128,"groups":16,"outputs":80,"memo":true,"build_s":[0.011747166, 0.011758833, 0.011435125, 0.01124875, 0.011328667],"support_s":[0.000399625, 0.00034775, 0.0003625, 0.000346083, 0.000336875],"import_s":[0.0110395, 0.011111167, 0.010760208, 0.010614125, 0.01069325],"admission_s":[0.000307416, 0.000299625, 0.000312291, 0.000288416, 0.000298292],"join_only_s":[1.7458e-5, 5.208e-6, 5e-6, 5e-6, 5e-6],"fresh_s":[0.012701875, 0.013139958, 0.013095583, 0.012641292, 0.01278325],"warm_s":[0.000114, 9.6708e-5, 0.000132583, 0.000109417, 9.7125e-5],"fresh_compute_s":[0.012635875, 0.013072958, 0.013027083, 0.012576167, 0.0127175],"fresh_count_s":[6.4916e-5, 6.6916e-5, 6.8166e-5, 6.4959e-5, 6.5292e-5],"warm_compute_s":[3.4375e-5, 2.5666e-5, 3.4083e-5, 3.3167e-5, 2.4125e-5],"warm_count_s":[7.8666e-5, 7.0833e-5, 9.8417e-5, 7.6125e-5, 7.1875e-5],"input_bytes_est":1966947,"final_bytes_est":4825123,"input_nodes":18811,"final_nodes":36885,"input_storage":{"layout":"slab","record_bytes":300976,"table_bytes":386528,"interner_bytes":562668,"metadata_bytes":150768,"cache_bytes":564999,"records":18811,"tables":7853,"logical_words":48316,"total_bytes_est":1965939},"final_storage":{"layout":"slab","record_bytes":601952,"table_bytes":1546112,"interner_bytes":1125336,"metadata_bytes":301256,"cache_bytes":1235207,"records":36885,"tables":17682,"logical_words":102326,"total_bytes_est":4809863},"checksum":60726120,"verified":true}
ok

test result: ok. 1 passed; 0 failed; 0 ignored; 0 measured; 1378 filtered out; finished in 26.59s


       26.59 real        26.05 user         0.51 sys
            39518208  maximum resident set size
                   0  average shared memory size
                   0  average unshared data size
                   0  average unshared stack size
                2627  page reclaims
                   0  page faults
                   0  swaps
                   0  block input operations
                   0  block output operations
                   0  messages sent
                   0  messages received
                   0  signals received
                   0  voluntary context switches
                 957  involuntary context switches
        295265388498  instructions retired
         89987258109  cycles elapsed
            36209048  peak memory footprint
