
running 1 test
test event_repr_lab::experiment ... EVENT_LAB {"kind":"legal_relation_free_join","candidate":"retraction512","domain":"below","product_mode":"views","support_gates":"certified","bits":12,"width":4,"environments":1,"worlds":4096,"admissible_worlds":2197,"rows":128,"groups":16,"outputs":80,"memo":false,"build_s":[0.000577542, 0.00050275, 0.000495417, 0.000469291, 0.000476459],"support_s":[7.0375e-5, 3.1875e-5, 3.2084e-5, 2.6666e-5, 3.225e-5],"import_s":[0.000474417, 0.000446917, 0.000442042, 0.000421875, 0.000423167],"admission_s":[3.2208e-5, 2.3833e-5, 2.1208e-5, 2.0667e-5, 2.0667e-5],"join_only_s":[2.8459e-5, 5.333e-6, 5.083e-6, 5.042e-6, 5e-6],"fresh_s":[0.001012334, 0.00095875, 0.000963083, 0.000970708, 0.000935333],"warm_s":[0.000855959, 0.000805083, 0.000809167, 0.000800875, 0.000813125],"fresh_compute_s":[0.000908625, 0.000862208, 0.000866208, 0.000875958, 0.000839916],"fresh_count_s":[0.000103458, 9.6542e-5, 9.6792e-5, 9.4708e-5, 9.5125e-5],"warm_compute_s":[0.000757584, 0.000709291, 0.000713209, 0.000704542, 0.000710333],"warm_count_s":[9.8208e-5, 9.575e-5, 9.5875e-5, 9.6292e-5, 9.95e-5],"input_bytes_est":72351,"final_bytes_est":127123,"input_nodes":652,"final_nodes":962,"input_storage":{"layout":"slab","record_bytes":10432,"table_bytes":12912,"interner_bytes":17840,"metadata_bytes":5424,"cache_bytes":25287,"records":652,"tables":648,"logical_words":1614,"total_bytes_est":71895},"final_storage":{"layout":"slab","record_bytes":20864,"table_bytes":25824,"interner_bytes":35680,"metadata_bytes":10640,"cache_bytes":32903,"records":962,"tables":958,"logical_words":2222,"total_bytes_est":125911},"checksum":3773900,"verified":true}
EVENT_LAB {"kind":"legal_relation_free_join","candidate":"retraction512","domain":"below","product_mode":"views","support_gates":"certified","bits":12,"width":4,"environments":1,"worlds":4096,"admissible_worlds":2197,"rows":128,"groups":16,"outputs":80,"memo":true,"build_s":[0.000577542, 0.00050275, 0.000495417, 0.000469291, 0.000476459],"support_s":[7.0375e-5, 3.1875e-5, 3.2084e-5, 2.6666e-5, 3.225e-5],"import_s":[0.000474417, 0.000446917, 0.000442042, 0.000421875, 0.000423167],"admission_s":[3.2208e-5, 2.3833e-5, 2.1208e-5, 2.0667e-5, 2.0667e-5],"join_only_s":[2.8459e-5, 5.333e-6, 5.083e-6, 5.042e-6, 5e-6],"fresh_s":[0.000623375, 0.000585542, 0.000577, 0.000580042, 0.000575208],"warm_s":[0.000108792, 0.000107667, 0.000108, 0.000116208, 0.000108584],"fresh_compute_s":[0.000526834, 0.000489292, 0.000480875, 0.000484, 0.000478708],"fresh_count_s":[9.6417e-5, 9.6166e-5, 9.6042e-5, 9.6e-5, 9.6209e-5],"warm_compute_s":[1.2042e-5, 1.1542e-5, 1.175e-5, 1.6583e-5, 1.1667e-5],"warm_count_s":[9.6459e-5, 9.6083e-5, 9.6166e-5, 9.9542e-5, 9.5958e-5],"input_bytes_est":72351,"final_bytes_est":139023,"input_nodes":652,"final_nodes":962,"input_storage":{"layout":"slab","record_bytes":10432,"table_bytes":12912,"interner_bytes":17840,"metadata_bytes":5424,"cache_bytes":25287,"records":652,"tables":648,"logical_words":1614,"total_bytes_est":71895},"final_storage":{"layout":"slab","record_bytes":20864,"table_bytes":25824,"interner_bytes":35680,"metadata_bytes":10640,"cache_bytes":32903,"records":962,"tables":958,"logical_words":2222,"total_bytes_est":125911},"checksum":3773900,"verified":true}
EVENT_LAB {"kind":"legal_relation_free_join","candidate":"retraction512","domain":"below","product_mode":"views","support_gates":"certified","bits":18,"width":6,"environments":1,"worlds":262144,"admissible_worlds":226981,"rows":128,"groups":16,"outputs":80,"memo":false,"build_s":[0.007909167, 0.00778075, 0.007768167, 0.007680166, 0.007698583],"support_s":[7.8167e-5, 5.7709e-5, 5.6458e-5, 5.75e-5, 5.6375e-5],"import_s":[0.007740083, 0.007636375, 0.007626417, 0.007537375, 0.0075555],"admission_s":[9.025e-5, 8.65e-5, 8.5167e-5, 8.5167e-5, 8.6459e-5],"join_only_s":[1.6042e-5, 5.292e-6, 5.25e-6, 5.042e-6, 5.042e-6],"fresh_s":[0.007528583, 0.00760125, 0.007847375, 0.0076715, 0.007705416],"warm_s":[0.005669292, 0.005849084, 0.005696583, 0.00569825, 0.0059245],"fresh_compute_s":[0.005675042, 0.005742125, 0.005920875, 0.005818084, 0.0057685],"fresh_count_s":[0.00185325, 0.001859, 0.001926167, 0.001853375, 0.001936333],"warm_compute_s":[0.003822458, 0.003982459, 0.003849667, 0.00384275, 0.003997125],"warm_count_s":[0.001846458, 0.001866542, 0.001846834, 0.001855375, 0.0019265],"input_bytes_est":1100723,"final_bytes_est":1705243,"input_nodes":10707,"final_nodes":13041,"input_storage":{"layout":"slab","record_bytes":171312,"table_bytes":243040,"interner_bytes":286540,"metadata_bytes":85936,"cache_bytes":313223,"records":10707,"tables":5933,"logical_words":30380,"total_bytes_est":1100051},"final_storage":{"layout":"slab","record_bytes":342624,"table_bytes":486080,"interner_bytes":329368,"metadata_bytes":171592,"cache_bytes":374151,"records":13041,"tables":7764,"logical_words":36543,"total_bytes_est":1703815},"checksum":181462800,"verified":true}
EVENT_LAB {"kind":"legal_relation_free_join","candidate":"retraction512","domain":"below","product_mode":"views","support_gates":"certified","bits":18,"width":6,"environments":1,"worlds":262144,"admissible_worlds":226981,"rows":128,"groups":16,"outputs":80,"memo":true,"build_s":[0.007909167, 0.00778075, 0.007768167, 0.007680166, 0.007698583],"support_s":[7.8167e-5, 5.7709e-5, 5.6458e-5, 5.75e-5, 5.6375e-5],"import_s":[0.007740083, 0.007636375, 0.007626417, 0.007537375, 0.0075555],"admission_s":[9.025e-5, 8.65e-5, 8.5167e-5, 8.5167e-5, 8.6459e-5],"join_only_s":[1.6042e-5, 5.292e-6, 5.25e-6, 5.042e-6, 5.042e-6],"fresh_s":[0.005612583, 0.005945083, 0.005670292, 0.0056975, 0.0056085],"warm_s":[0.001879041, 0.00187625, 0.001885125, 0.001877292, 0.001891208],"fresh_compute_s":[0.003750167, 0.003997792, 0.003804417, 0.003848542, 0.00376575],"fresh_count_s":[0.001862, 0.001947, 0.00186575, 0.00184875, 0.001842375],"warm_compute_s":[2.425e-5, 2.5291e-5, 2.475e-5, 2.6375e-5, 2.5875e-5],"warm_count_s":[0.001854084, 0.001850834, 0.001860209, 0.00185075, 0.00186425],"input_bytes_est":1100723,"final_bytes_est":1718739,"input_nodes":10707,"final_nodes":13041,"input_storage":{"layout":"slab","record_bytes":171312,"table_bytes":243040,"interner_bytes":286540,"metadata_bytes":85936,"cache_bytes":313223,"records":10707,"tables":5933,"logical_words":30380,"total_bytes_est":1100051},"final_storage":{"layout":"slab","record_bytes":342624,"table_bytes":486080,"interner_bytes":329368,"metadata_bytes":171592,"cache_bytes":374151,"records":13041,"tables":7764,"logical_words":36543,"total_bytes_est":1703815},"checksum":181462800,"verified":true}
ok

test result: ok. 1 passed; 0 failed; 0 ignored; 0 measured; 1378 filtered out; finished in 17.01s


       17.01 real        16.89 user         0.11 sys
            20561920  maximum resident set size
                   0  average shared memory size
                   0  average unshared data size
                   0  average unshared stack size
                1470  page reclaims
                   0  page faults
                   0  swaps
                   0  block input operations
                   0  block output operations
                   0  messages sent
                   0  messages received
                   0  signals received
                   0  voluntary context switches
                1352  involuntary context switches
        237388817808  instructions retired
         56934209192  cycles elapsed
            17301912  peak memory footprint
