
running 1 test
test event_repr_lab::experiment ... EVENT_LAB {"kind":"legal_relation_free_join","candidate":"packed512","domain":"fibred","product_mode":"materialized","support_gates":"materialized","bits":13,"width":4,"environments":2,"worlds":8192,"admissible_worlds":3197,"rows":128,"groups":16,"outputs":80,"memo":false,"build_s":[0.000440583, 0.000404417, 0.000363709, 0.000363083, 0.000356083],"support_s":[8.5541e-5, 7.3542e-5, 6.7167e-5, 6.5125e-5, 6.5708e-5],"import_s":[4.3458e-5, 3.2333e-5, 3.0833e-5, 3.0458e-5, 3.0833e-5],"admission_s":[0.000311291, 0.0002985, 0.000265583, 0.000267416, 0.000258125],"join_only_s":[3.0125e-5, 5.208e-6, 5.042e-6, 5e-6, 4.958e-6],"fresh_s":[0.005430292, 0.005282167, 0.005271083, 0.005260917, 0.005039042],"warm_s":[0.00430175, 0.004111542, 0.004108208, 0.0041365, 0.004068541],"fresh_compute_s":[0.00539625, 0.005247459, 0.005238458, 0.0052275, 0.00500475],"fresh_count_s":[3.3833e-5, 3.4583e-5, 3.2541e-5, 3.3333e-5, 3.3875e-5],"warm_compute_s":[0.004268625, 0.00408, 0.004075, 0.0041045, 0.004036458],"warm_count_s":[3.2833e-5, 3.1542e-5, 3.3125e-5, 3.1917e-5, 3.175e-5],"input_bytes_est":291404,"final_bytes_est":2327312,"input_nodes":2454,"final_nodes":16261,"input_storage":null,"final_storage":null,"checksum":5522780,"verified":true}
EVENT_LAB {"kind":"legal_relation_free_join","candidate":"packed512","domain":"fibred","product_mode":"materialized","support_gates":"materialized","bits":13,"width":4,"environments":2,"worlds":8192,"admissible_worlds":3197,"rows":128,"groups":16,"outputs":80,"memo":true,"build_s":[0.000440583, 0.000404417, 0.000363709, 0.000363083, 0.000356083],"support_s":[8.5541e-5, 7.3542e-5, 6.7167e-5, 6.5125e-5, 6.5708e-5],"import_s":[4.3458e-5, 3.2333e-5, 3.0833e-5, 3.0458e-5, 3.0833e-5],"admission_s":[0.000311291, 0.0002985, 0.000265583, 0.000267416, 0.000258125],"join_only_s":[3.0125e-5, 5.208e-6, 5.042e-6, 5e-6, 4.958e-6],"fresh_s":[0.002658917, 0.002758917, 0.002474167, 0.002478791, 0.002603583],"warm_s":[5.0375e-5, 4.5708e-5, 4.4916e-5, 4.6334e-5, 4.5e-5],"fresh_compute_s":[0.002621458, 0.002725834, 0.002441417, 0.002446, 0.002570125],"fresh_count_s":[3.7208e-5, 3.2958e-5, 3.2625e-5, 3.2709e-5, 3.3e-5],"warm_compute_s":[1.7375e-5, 1.3375e-5, 1.3333e-5, 1.4209e-5, 1.3125e-5],"warm_count_s":[3.275e-5, 3.225e-5, 3.1541e-5, 3.2083e-5, 3.15e-5],"input_bytes_est":291404,"final_bytes_est":2340304,"input_nodes":2454,"final_nodes":16261,"input_storage":null,"final_storage":null,"checksum":5522780,"verified":true}
EVENT_LAB {"kind":"legal_relation_free_join","candidate":"packed512","domain":"fibred","product_mode":"materialized","support_gates":"materialized","bits":19,"width":6,"environments":2,"worlds":524288,"admissible_worlds":301069,"rows":128,"groups":16,"outputs":80,"memo":false,"build_s":[0.002526709, 0.002411166, 0.002498792, 0.002441792, 0.002466833],"support_s":[0.000276542, 0.000257708, 0.000257708, 0.000292375, 0.00026175],"import_s":[0.000817792, 0.000795916, 0.000801, 0.000842875, 0.00081975],"admission_s":[0.001431625, 0.001357459, 0.001439958, 0.001306417, 0.001384708],"join_only_s":[2.0833e-5, 5.459e-6, 5.167e-6, 5.167e-6, 5.125e-6],"fresh_s":[0.044386083, 0.042071542, 0.043079417, 0.041045834, 0.038602791],"warm_s":[0.024660041, 0.0252795, 0.026178125, 0.024936042, 0.025721292],"fresh_compute_s":[0.044239666, 0.041947834, 0.042945917, 0.040923167, 0.038490541],"fresh_count_s":[0.000145459, 0.000123583, 0.000133416, 0.000122583, 0.000111084],"warm_compute_s":[0.024539083, 0.0251565, 0.026065208, 0.02481775, 0.025601708],"warm_count_s":[0.000119792, 0.000122583, 0.000112667, 0.000118042, 0.000117959],"input_bytes_est":1623340,"final_bytes_est":25957240,"input_nodes":15526,"final_nodes":218715,"input_storage":null,"final_storage":null,"checksum":243821880,"verified":true}
EVENT_LAB {"kind":"legal_relation_free_join","candidate":"packed512","domain":"fibred","product_mode":"materialized","support_gates":"materialized","bits":19,"width":6,"environments":2,"worlds":524288,"admissible_worlds":301069,"rows":128,"groups":16,"outputs":80,"memo":true,"build_s":[0.002526709, 0.002411166, 0.002498792, 0.002441792, 0.002466833],"support_s":[0.000276542, 0.000257708, 0.000257708, 0.000292375, 0.00026175],"import_s":[0.000817792, 0.000795916, 0.000801, 0.000842875, 0.00081975],"admission_s":[0.001431625, 0.001357459, 0.001439958, 0.001306417, 0.001384708],"join_only_s":[2.0833e-5, 5.459e-6, 5.167e-6, 5.167e-6, 5.125e-6],"fresh_s":[0.026238375, 0.340179292, 0.099760125, 0.027824125, 0.060700291],"warm_s":[0.000164875, 0.000173416, 0.000163666, 0.000161375, 0.000161208],"fresh_compute_s":[0.026119208, 0.340051084, 0.099637125, 0.027696708, 0.060574041],"fresh_count_s":[0.000118333, 0.000128083, 0.000122791, 0.000127083, 0.000124459],"warm_compute_s":[3.2e-5, 3.2375e-5, 3.0333e-5, 3.0334e-5, 2.8e-5],"warm_count_s":[0.000131959, 0.00014075, 0.000133, 0.000130709, 0.000131],"input_bytes_est":1623340,"final_bytes_est":25974264,"input_nodes":15526,"final_nodes":218715,"input_storage":null,"final_storage":null,"checksum":243821880,"verified":true}
ok

test result: ok. 1 passed; 0 failed; 0 ignored; 0 measured; 1378 filtered out; finished in 32.29s


       32.29 real        22.49 user         0.11 sys
           104022016  maximum resident set size
                   0  average shared memory size
                   0  average unshared data size
                   0  average unshared stack size
                6704  page reclaims
                   0  page faults
                   0  swaps
                   0  block input operations
                   0  block output operations
                   0  messages sent
                   0  messages received
                   0  signals received
                   0  voluntary context switches
                7818  involuntary context switches
        285764057710  instructions retired
         73089261042  cycles elapsed
            98271712  peak memory footprint
