
running 1 test
test event_repr_lab::experiment ... EVENT_LAB {"kind":"legal_relation_free_join","candidate":"packed512","domain":"below","product_mode":"materialized","support_gates":"materialized","bits":12,"width":4,"environments":1,"worlds":4096,"admissible_worlds":2197,"rows":128,"groups":16,"outputs":80,"memo":false,"build_s":[0.000135583, 9.9458e-5, 9.2708e-5, 8.6167e-5, 8.5458e-5],"support_s":[2.0125e-5, 9.166e-6, 1.1041e-5, 7.875e-6, 9.292e-6],"import_s":[2.075e-5, 1.3792e-5, 1.1417e-5, 1.0791e-5, 1.0208e-5],"admission_s":[9.4292e-5, 7.6375e-5, 7.025e-5, 6.7375e-5, 6.5583e-5],"join_only_s":[2.7834e-5, 5.208e-6, 5.041e-6, 4.958e-6, 4.958e-6],"fresh_s":[0.002283375, 0.002228708, 0.002146459, 0.002157292, 0.002224083],"warm_s":[0.001933334, 0.001886208, 0.001893125, 0.00184975, 0.001946208],"fresh_compute_s":[0.002272666, 0.00221825, 0.002136125, 0.002146875, 0.002213333],"fresh_count_s":[1.0416e-5, 1.0375e-5, 1.0292e-5, 1.0333e-5, 1.0542e-5],"warm_compute_s":[0.001922709, 0.001875708, 0.00188275, 0.001839375, 0.001935417],"warm_count_s":[1.0542e-5, 1.0375e-5, 1.0291e-5, 1.0375e-5, 1.0625e-5],"input_bytes_est":57804,"final_bytes_est":802832,"input_nodes":393,"final_nodes":4803,"input_storage":null,"final_storage":null,"checksum":3773900,"verified":true}
EVENT_LAB {"kind":"legal_relation_free_join","candidate":"packed512","domain":"below","product_mode":"materialized","support_gates":"materialized","bits":12,"width":4,"environments":1,"worlds":4096,"admissible_worlds":2197,"rows":128,"groups":16,"outputs":80,"memo":true,"build_s":[0.000135583, 9.9458e-5, 9.2708e-5, 8.6167e-5, 8.5458e-5],"support_s":[2.0125e-5, 9.166e-6, 1.1041e-5, 7.875e-6, 9.292e-6],"import_s":[2.075e-5, 1.3792e-5, 1.1417e-5, 1.0791e-5, 1.0208e-5],"admission_s":[9.4292e-5, 7.6375e-5, 7.025e-5, 6.7375e-5, 6.5583e-5],"join_only_s":[2.7834e-5, 5.208e-6, 5.041e-6, 4.958e-6, 4.958e-6],"fresh_s":[0.000976166, 0.00089025, 0.000936458, 0.000889584, 0.0009035],"warm_s":[2.3667e-5, 2.2916e-5, 2.2917e-5, 2.2834e-5, 2.3041e-5],"fresh_compute_s":[0.00096575, 0.000879875, 0.000926042, 0.000879209, 0.000893],"fresh_count_s":[1.0334e-5, 1.0334e-5, 1.0375e-5, 1.0292e-5, 1.0334e-5],"warm_compute_s":[1.2917e-5, 1.2375e-5, 1.2375e-5, 1.2459e-5, 1.2333e-5],"warm_count_s":[1.0625e-5, 1.05e-5, 1.05e-5, 1.0292e-5, 1.0542e-5],"input_bytes_est":57804,"final_bytes_est":815824,"input_nodes":393,"final_nodes":4803,"input_storage":null,"final_storage":null,"checksum":3773900,"verified":true}
EVENT_LAB {"kind":"legal_relation_free_join","candidate":"packed512","domain":"below","product_mode":"materialized","support_gates":"materialized","bits":18,"width":6,"environments":1,"worlds":262144,"admissible_worlds":226981,"rows":128,"groups":16,"outputs":80,"memo":false,"build_s":[0.000574792, 0.000508417, 0.000497208, 0.000504792, 0.000496875],"support_s":[1.75e-5, 1.05e-5, 9.25e-6, 8.917e-6, 1.125e-5],"import_s":[0.0004225, 0.000389667, 0.00039025, 0.000401041, 0.000392167],"admission_s":[0.000134, 0.000108208, 9.7583e-5, 9.475e-5, 9.3209e-5],"join_only_s":[1.6041e-5, 5.25e-6, 5.041e-6, 5.042e-6, 5.041e-6],"fresh_s":[0.011174167, 0.011165333, 0.0107135, 0.010587666, 0.010788125],"warm_s":[0.00713925, 0.007049416, 0.007113834, 0.007184916, 0.007176667],"fresh_compute_s":[0.011128375, 0.011119583, 0.010667708, 0.010541791, 0.010742209],"fresh_count_s":[4.55e-5, 4.5584e-5, 4.5542e-5, 4.5709e-5, 4.5167e-5],"warm_compute_s":[0.007092625, 0.007003708, 0.00706825, 0.007138625, 0.007129667],"warm_count_s":[4.5833e-5, 4.5542e-5, 4.5292e-5, 4.6084e-5, 4.6125e-5],"input_bytes_est":173212,"final_bytes_est":6857216,"input_nodes":1350,"final_nodes":60584,"input_storage":null,"final_storage":null,"checksum":181462800,"verified":true}
EVENT_LAB {"kind":"legal_relation_free_join","candidate":"packed512","domain":"below","product_mode":"materialized","support_gates":"materialized","bits":18,"width":6,"environments":1,"worlds":262144,"admissible_worlds":226981,"rows":128,"groups":16,"outputs":80,"memo":true,"build_s":[0.000574792, 0.000508417, 0.000497208, 0.000504792, 0.000496875],"support_s":[1.75e-5, 1.05e-5, 9.25e-6, 8.917e-6, 1.125e-5],"import_s":[0.0004225, 0.000389667, 0.00039025, 0.000401041, 0.000392167],"admission_s":[0.000134, 0.000108208, 9.7583e-5, 9.475e-5, 9.3209e-5],"join_only_s":[1.6041e-5, 5.25e-6, 5.041e-6, 5.042e-6, 5.041e-6],"fresh_s":[0.00692675, 0.006774083, 0.006603292, 0.006562709, 0.006757542],"warm_s":[6.8583e-5, 7.4917e-5, 7.225e-5, 7.2708e-5, 7.7083e-5],"fresh_compute_s":[0.006879584, 0.006726916, 0.006557292, 0.006517334, 0.006709917],"fresh_count_s":[4.6417e-5, 4.6958e-5, 4.5916e-5, 4.5292e-5, 4.7041e-5],"warm_compute_s":[2.2083e-5, 2.4958e-5, 2.3917e-5, 2.4e-5, 2.4375e-5],"warm_count_s":[4.5792e-5, 4.975e-5, 4.8167e-5, 4.8417e-5, 5.1583e-5],"input_bytes_est":173212,"final_bytes_est":6870208,"input_nodes":1350,"final_nodes":60584,"input_storage":null,"final_storage":null,"checksum":181462800,"verified":true}
ok

test result: ok. 1 passed; 0 failed; 0 ignored; 0 measured; 1378 filtered out; finished in 7.43s


        7.43 real         7.36 user         0.06 sys
            35258368  maximum resident set size
                   0  average shared memory size
                   0  average unshared data size
                   0  average unshared stack size
                2366  page reclaims
                   0  page faults
                   0  swaps
                   0  block input operations
                   0  block output operations
                   0  messages sent
                   0  messages received
                   0  signals received
                   0  voluntary context switches
                 429  involuntary context switches
        135142980465  instructions retired
         24863168357  cycles elapsed
            32326040  peak memory footprint
