
running 1 test
test event_repr_lab::experiment ... EVENT_LAB {"kind":"free_join","candidate":"bdd-root","scenario":"runs_65536","shape":"triangle","memo":false,"worlds":65536,"rows":1024,"groups":64,"plan_nodes":3,"input_nodes":1097,"final_nodes":4600,"input_bytes_est":90192,"final_bytes_est":713936,"colt_bytes":163104,"build_s":[0.011786083, 0.011992792, 0.012009542, 0.011941084, 0.011960125, 0.011695875, 0.011808292],"native_setup_s":0.00021725,"native_first_join_s":0.000104542,"join_only_s":[5.0458e-5, 4.6625e-5, 4.6583e-5, 4.6667e-5, 4.6583e-5, 4.6583e-5, 4.6583e-5],"fresh_s":[0.001029208, 0.001016417, 0.000911375, 0.000875166, 0.000905167, 0.000939083, 0.000874083],"warm_s":[0.0002853974609375, 0.00028654915625, 0.0002836048125, 0.0002827744140625, 0.0002832249296875, 0.00028034765625, 0.000281203125],"warm_loops":128,"checksum":76672960,"verified":true}
EVENT_LAB {"kind":"free_join","candidate":"bdd-root","scenario":"runs_65536","shape":"triangle","memo":true,"worlds":65536,"rows":1024,"groups":64,"plan_nodes":3,"input_nodes":1097,"final_nodes":4600,"input_bytes_est":90192,"final_bytes_est":857296,"colt_bytes":163104,"build_s":[0.011786083, 0.011992792, 0.012009542, 0.011941084, 0.011960125, 0.011695875, 0.011808292],"native_setup_s":0.00021725,"native_first_join_s":0.000104542,"join_only_s":[5.0458e-5, 4.6625e-5, 4.6583e-5, 4.6667e-5, 4.6583e-5, 4.6583e-5, 4.6583e-5],"fresh_s":[0.001048875, 0.001020041, 0.000949958, 0.000904542, 0.000899625, 0.000898792, 0.00093225],"warm_s":[0.0002646705703125, 0.00026497590625, 0.0002646572265625, 0.0002625533828125, 0.000262873046875, 0.000263534828125, 0.0002631123046875],"warm_loops":128,"checksum":76672960,"verified":true}
EVENT_LAB {"kind":"free_join","candidate":"bdd-root","scenario":"runs_65536","shape":"clover","memo":false,"worlds":65536,"rows":4096,"groups":64,"plan_nodes":3,"input_nodes":1097,"final_nodes":7332,"input_bytes_est":90192,"final_bytes_est":1287376,"colt_bytes":41104,"build_s":[0.01172925, 0.011886167, 0.011923791, 0.011899083, 0.011859584, 0.011993084, 0.0120555],"native_setup_s":0.00014525,"native_first_join_s":0.000103917,"join_only_s":[7.675e-5, 7.4834e-5, 7.7125e-5, 7.4792e-5, 7.5375e-5, 7.4375e-5, 7.3416e-5],"fresh_s":[0.0018015, 0.0019035, 0.001803208, 0.001717042, 0.001725416, 0.001729334, 0.00190525],"warm_s":[0.0004155169375, 0.0004201575625, 0.00041640234375, 0.000426259109375, 0.000423321609375, 0.0004146920625, 0.000412526046875],"warm_loops":64,"checksum":76672960,"verified":true}
EVENT_LAB {"kind":"free_join","candidate":"bdd-root","scenario":"runs_65536","shape":"clover","memo":true,"worlds":65536,"rows":4096,"groups":64,"plan_nodes":3,"input_nodes":1097,"final_nodes":7332,"input_bytes_est":90192,"final_bytes_est":1574096,"colt_bytes":41104,"build_s":[0.01172925, 0.011886167, 0.011923791, 0.011899083, 0.011859584, 0.011993084, 0.0120555],"native_setup_s":0.00014525,"native_first_join_s":0.000103917,"join_only_s":[7.675e-5, 7.4834e-5, 7.7125e-5, 7.4792e-5, 7.5375e-5, 7.4375e-5, 7.3416e-5],"fresh_s":[0.001832, 0.001750375, 0.001942083, 0.002068917, 0.001844, 0.001857042, 0.001851084],"warm_s":[0.00034653840625, 0.00034495703125, 0.00034049153125, 0.00035076953125, 0.0003441328125, 0.00034621159375, 0.0003447265625],"warm_loops":64,"checksum":76672960,"verified":true}
ok

test result: ok. 1 passed; 0 failed; 0 ignored; 0 measured; 1360 filtered out; finished in 1.55s


        1.55 real         1.54 user         0.00 sys
            14974976  maximum resident set size
                   0  average shared memory size
                   0  average unshared data size
                   0  average unshared stack size
                1127  page reclaims
                   0  page faults
                   0  swaps
                   0  block input operations
                   0  block output operations
                   0  messages sent
                   0  messages received
                   0  signals received
                   0  voluntary context switches
                 229  involuntary context switches
         21908781363  instructions retired
          5161353822  cycles elapsed
            12484992  peak memory footprint
