
running 1 test
test event_repr_lab::experiment ... EVENT_LAB {"kind":"free_join","candidate":"bdd-root","scenario":"random_4096","shape":"triangle","memo":false,"worlds":4096,"rows":1024,"groups":64,"plan_nodes":3,"input_nodes":22568,"final_nodes":414562,"input_bytes_est":1441872,"final_bytes_est":70275152,"colt_bytes":163104,"build_s":[0.003442625, 0.002858208, 0.00289175, 0.002870708, 0.002709333, 0.002800834, 0.002959084],"native_setup_s":0.000237875,"native_first_join_s":0.000108083,"join_only_s":[5.0458e-5, 5.1875e-5, 4.75e-5, 4.475e-5, 4.475e-5, 4.8667e-5, 4.5417e-5],"fresh_s":[0.098716834, 0.093278084, 0.093142584, 0.091857459, 0.094427417, 0.101958, 0.092834458],"warm_s":[0.0013018385625, 0.0013049505, 0.00134473175, 0.001300125, 0.0013018958125, 0.001565974, 0.001944395875],"warm_loops":16,"checksum":6755311,"verified":true}
EVENT_LAB {"kind":"free_join","candidate":"bdd-root","scenario":"random_4096","shape":"triangle","memo":true,"worlds":4096,"rows":1024,"groups":64,"plan_nodes":3,"input_nodes":22568,"final_nodes":414562,"input_bytes_est":1441872,"final_bytes_est":70418512,"colt_bytes":163104,"build_s":[0.003442625, 0.002858208, 0.00289175, 0.002870708, 0.002709333, 0.002800834, 0.002959084],"native_setup_s":0.000237875,"native_first_join_s":0.000108083,"join_only_s":[5.0458e-5, 5.1875e-5, 4.75e-5, 4.475e-5, 4.475e-5, 4.8667e-5, 4.5417e-5],"fresh_s":[0.125490291, 0.121621167, 0.101817, 0.125675667, 0.106021208, 0.112982459, 0.133969292],"warm_s":[0.001290666625, 0.001273533875, 0.0013182318125, 0.001288596375, 0.001246638, 0.001296203125, 0.001235997375],"warm_loops":16,"checksum":6755311,"verified":true}
EVENT_LAB {"kind":"free_join","candidate":"bdd-root","scenario":"random_4096","shape":"clover","memo":false,"worlds":4096,"rows":4096,"groups":64,"plan_nodes":3,"input_nodes":22568,"final_nodes":741113,"input_bytes_est":1441872,"final_bytes_est":140550224,"colt_bytes":41104,"build_s":[0.002907208, 0.002816, 0.00286475, 0.002955791, 0.002830083, 0.002813708, 0.002881375],"native_setup_s":0.000143333,"native_first_join_s":0.000107167,"join_only_s":[7.5625e-5, 7.3209e-5, 7.3208e-5, 7.2958e-5, 7.3125e-5, 7.325e-5, 7.3125e-5],"fresh_s":[0.25419025, 0.335282458, 0.257064541, 0.247112416, 0.249308334, 0.246157291, 0.253865708],"warm_s":[0.001448234375, 0.001446625, 0.0015128698125, 0.0015410416875, 0.00150438025, 0.00143626825, 0.0016390885625],"warm_loops":16,"checksum":7037411,"verified":true}
EVENT_LAB {"kind":"free_join","candidate":"bdd-root","scenario":"random_4096","shape":"clover","memo":true,"worlds":4096,"rows":4096,"groups":64,"plan_nodes":3,"input_nodes":22568,"final_nodes":741113,"input_bytes_est":1441872,"final_bytes_est":140836944,"colt_bytes":41104,"build_s":[0.002907208, 0.002816, 0.00286475, 0.002955791, 0.002830083, 0.002813708, 0.002881375],"native_setup_s":0.000143333,"native_first_join_s":0.000107167,"join_only_s":[7.5625e-5, 7.3209e-5, 7.3208e-5, 7.2958e-5, 7.3125e-5, 7.325e-5, 7.3125e-5],"fresh_s":[0.252086833, 0.243669083, 0.246184459, 0.249172, 0.248156916, 0.243480917, 0.241783667],"warm_s":[0.001312041625, 0.0013108671875, 0.0013523176875, 0.00132061975, 0.0013128255625, 0.001313671875, 0.0013235676875],"warm_loops":16,"checksum":7037411,"verified":true}
ok

test result: ok. 1 passed; 0 failed; 0 ignored; 0 measured; 1360 filtered out; finished in 5.98s


        5.98 real         5.74 user         0.11 sys
           608485376  maximum resident set size
                   0  average shared memory size
                   0  average unshared data size
                   0  average unshared stack size
               62077  page reclaims
                   0  page faults
                   0  swaps
                   0  block input operations
                   0  block output operations
                   0  messages sent
                   0  messages received
                   0  signals received
                   0  voluntary context switches
                2923  involuntary context switches
         33229747903  instructions retired
         19421679998  cycles elapsed
           606454816  peak memory footprint
