
running 1 test
test event_repr_lab::experiment ... FAILED

failures:

failures:
    event_repr_lab::experiment

test result: FAILED. 0 passed; 1 failed; 0 ignored; 0 measured; 1360 filtered out; finished in 1.09s



thread 'event_repr_lab::experiment' (8692352) panicked at /Users/bjorn/Documents/bumbledb/proposal/experiments/event-repr-lab/src/diagram.rs:62:9:
RESOURCE_CAP: decision diagram nodes
note: run with `RUST_BACKTRACE=1` environment variable to display a backtrace
        1.10 real         0.81 user         0.10 sys
           441171968  maximum resident set size
                   0  average shared memory size
                   0  average unshared data size
                   0  average unshared stack size
               28561  page reclaims
                   0  page faults
                   0  swaps
                   0  block input operations
                   0  block output operations
                   0  messages sent
                   0  messages received
                   0  signals received
                   0  voluntary context switches
                5377  involuntary context switches
          3596086050  instructions retired
          2582241195  cycles elapsed
           439796432  peak memory footprint
