
running 1 test
test event_repr_lab::experiment ... EVENT_LAB {"kind":"symbolic","candidate":"bdd-anchored","pairs":16,"interleaved":false,"worlds":4294967296,"build_s":0.028341167,"count_s":0.004601125,"nodes":393178,"bytes_est":34078816,"verified":true}
ok

test result: ok. 1 passed; 0 failed; 0 ignored; 0 measured; 1360 filtered out; finished in 0.03s


        0.03 real         0.03 user         0.00 sys
            57376768  maximum resident set size
                   0  average shared memory size
                   0  average unshared data size
                   0  average unshared stack size
                3977  page reclaims
                   0  page faults
                   0  swaps
                   0  block input operations
                   0  block output operations
                   0  messages sent
                   0  messages received
                   0  signals received
                   0  voluntary context switches
                  23  involuntary context switches
           330879079  instructions retired
           118127954  cycles elapsed
            56099248  peak memory footprint
