
running 1 test
test event_repr_lab::experiment ... EVENT_LAB {"kind":"free_join","candidate":"dense","scenario":"overlap_4096","shape":"triangle","memo":false,"worlds":4096,"rows":1024,"groups":64,"plan_nodes":3,"input_nodes":9,"final_nodes":164,"input_bytes_est":6272,"final_bytes_est":95480,"colt_bytes":163104,"build_s":[1.4625e-5, 6.417e-6, 6.333e-6, 6.334e-6, 6.375e-6, 6.25e-6, 7.167e-6],"native_setup_s":0.000219125,"native_first_join_s":0.000106208,"join_only_s":[5.125e-5, 4.7041e-5, 4.7042e-5, 4.7e-5, 4.7125e-5, 4.7e-5, 4.7083e-5],"fresh_s":[0.000637, 0.000637958, 0.000592167, 0.000613958, 0.000609166, 0.000601667, 0.000615875],"warm_s":[0.000618896484375, 0.0006158704375, 0.000612288421875, 0.0006364609375, 0.000639444, 0.000621005859375, 0.000611299484375],"warm_loops":64,"checksum":6418664,"verified":true}
EVENT_LAB {"kind":"free_join","candidate":"dense","scenario":"overlap_4096","shape":"triangle","memo":true,"worlds":4096,"rows":1024,"groups":64,"plan_nodes":3,"input_nodes":9,"final_nodes":164,"input_bytes_est":6272,"final_bytes_est":113400,"colt_bytes":163104,"build_s":[1.4625e-5, 6.417e-6, 6.333e-6, 6.334e-6, 6.375e-6, 6.25e-6, 7.167e-6],"native_setup_s":0.000219125,"native_first_join_s":0.000106208,"join_only_s":[5.125e-5, 4.7041e-5, 4.7042e-5, 4.7e-5, 4.7125e-5, 4.7e-5, 4.7083e-5],"fresh_s":[0.000148125, 0.000131041, 0.000126, 0.000114792, 0.000121542, 0.00013375, 0.000121],"warm_s":[7.5828857421875e-5, 7.8304443359375e-5, 7.5243001953125e-5, 7.484871484375e-5, 7.5005697265625e-5, 7.79790859375e-5, 8.172452734375e-5],"warm_loops":512,"checksum":6418664,"verified":true}
EVENT_LAB {"kind":"free_join","candidate":"dense","scenario":"overlap_4096","shape":"clover","memo":false,"worlds":4096,"rows":4096,"groups":64,"plan_nodes":3,"input_nodes":9,"final_nodes":517,"input_bytes_est":6272,"final_bytes_est":301968,"colt_bytes":41104,"build_s":[8.875e-6, 8.375e-6, 6.167e-6, 6.708e-6, 5.916e-6, 5.917e-6, 5.958e-6],"native_setup_s":0.000134417,"native_first_join_s":0.0000995,"join_only_s":[7.3667e-5, 7.1334e-5, 7.1084e-5, 7.1084e-5, 7.1416e-5, 7.1917e-5, 7.1042e-5],"fresh_s":[0.0027385, 0.002499042, 0.002461667, 0.002763791, 0.002633959, 0.002488, 0.002610041],"warm_s":[0.00243589325, 0.002462276, 0.002399372375, 0.0023817005, 0.0024921536875, 0.002417987, 0.0023830885],"warm_loops":16,"checksum":6868992,"verified":true}
EVENT_LAB {"kind":"free_join","candidate":"dense","scenario":"overlap_4096","shape":"clover","memo":true,"worlds":4096,"rows":4096,"groups":64,"plan_nodes":3,"input_nodes":9,"final_nodes":517,"input_bytes_est":6272,"final_bytes_est":337808,"colt_bytes":41104,"build_s":[8.875e-6, 8.375e-6, 6.167e-6, 6.708e-6, 5.916e-6, 5.917e-6, 5.958e-6],"native_setup_s":0.000134417,"native_first_join_s":0.0000995,"join_only_s":[7.3667e-5, 7.1334e-5, 7.1084e-5, 7.1084e-5, 7.1416e-5, 7.1917e-5, 7.1042e-5],"fresh_s":[0.000299834, 0.000287166, 0.000327084, 0.000298, 0.000281709, 0.000274208, 0.000276875],"warm_s":[0.0001516240234375, 0.00015145458984375, 0.00014766926953125, 0.00015195947265625, 0.000147803546875, 0.00014824788671875, 0.0001493098984375],"warm_loops":256,"checksum":6868992,"verified":true}
ok

test result: ok. 1 passed; 0 failed; 0 ignored; 0 measured; 1360 filtered out; finished in 1.43s


        1.43 real         1.40 user         0.02 sys
             6520832  maximum resident set size
                   0  average shared memory size
                   0  average unshared data size
                   0  average unshared stack size
                 613  page reclaims
                   0  page faults
                   0  swaps
                   0  block input operations
                   0  block output operations
                   0  messages sent
                   0  messages received
                   0  signals received
                   0  voluntary context switches
                 964  involuntary context switches
         23765472617  instructions retired
          4749731524  cycles elapsed
             4080000  peak memory footprint
