
running 1 test
test event_repr_lab::experiment ... EVENT_LAB {"kind":"readout_free_join","candidate":"prefix512","domain":"fibred","readout_family":"non-suffix","readout_faces":"x","hidden":8,"width":4,"bits":13,"worlds":8192,"admissible_worlds":3197,"environments":2,"rows":128,"groups":16,"outputs":64,"memo":false,"changed_possible_groups":16,"changed_guaranteed_groups":16,"nonconstant_readouts":48,"build_s":[0.001434708],"support_s":[0.000235333],"import_s":[0.0011405],"admission_s":[5.8542e-5],"join_only_s":[8.5833e-5],"fresh_s":[0.023380584],"fresh_group_s":[0.000238417],"fresh_readout_s":[0.023112333],"fresh_compute_s":[0.023362834],"fresh_count_s":[1.7666e-5],"warm_s":[0.000136125],"warm_group_s":[3.5375e-5],"warm_readout_s":[8.8583e-5],"warm_compute_s":[0.000124125],"warm_count_s":[1.1916e-5],"input_nodes":1574,"final_nodes":33845,"input_bytes_est":182828,"final_bytes_est":4552964,"input_storage":{"layout":"slab","record_bytes":25184,"table_bytes":58304,"interner_bytes":36760,"metadata_bytes":12852,"cache_bytes":49728,"records":1574,"tables":1560,"logical_words":7288,"total_bytes_est":182828},"final_storage":{"layout":"slab","record_bytes":805888,"table_bytes":932864,"interner_bytes":1176320,"metadata_bytes":403204,"cache_bytes":1234688,"records":33845,"tables":20183,"logical_words":109616,"total_bytes_est":4552964},"outer_memo_bytes":0,"colt_bytes":14992,"checksum":607690,"verified":true}
EVENT_LAB {"kind":"readout_free_join","candidate":"prefix512","domain":"fibred","readout_family":"non-suffix","readout_faces":"x","hidden":8,"width":4,"bits":13,"worlds":8192,"admissible_worlds":3197,"environments":2,"rows":128,"groups":16,"outputs":64,"memo":true,"changed_possible_groups":16,"changed_guaranteed_groups":16,"nonconstant_readouts":48,"build_s":[0.001434708],"support_s":[0.000235333],"import_s":[0.0011405],"admission_s":[5.8542e-5],"join_only_s":[8.5833e-5],"fresh_s":[0.022457875],"fresh_group_s":[0.000161167],"fresh_readout_s":[0.022285083],"fresh_compute_s":[0.022446542],"fresh_count_s":[1.125e-5],"warm_s":[7.3042e-5],"warm_group_s":[1.025e-5],"warm_readout_s":[5.1167e-5],"warm_compute_s":[6.1542e-5],"warm_count_s":[1.1458e-5],"input_nodes":1574,"final_nodes":33845,"input_bytes_est":182828,"final_bytes_est":4561924,"input_storage":{"layout":"slab","record_bytes":25184,"table_bytes":58304,"interner_bytes":36760,"metadata_bytes":12852,"cache_bytes":49728,"records":1574,"tables":1560,"logical_words":7288,"total_bytes_est":182828},"final_storage":{"layout":"slab","record_bytes":805888,"table_bytes":932864,"interner_bytes":1176320,"metadata_bytes":403204,"cache_bytes":1234688,"records":33845,"tables":20183,"logical_words":109616,"total_bytes_est":4552964},"outer_memo_bytes":8960,"colt_bytes":14992,"checksum":607690,"verified":true}
EVENT_LAB {"kind":"readout_free_join","candidate":"prefix512","domain":"fibred","readout_family":"non-suffix","readout_faces":"x","hidden":32,"width":6,"bits":19,"worlds":524288,"admissible_worlds":301069,"environments":2,"rows":128,"groups":16,"outputs":64,"memo":false,"changed_possible_groups":16,"changed_guaranteed_groups":16,"nonconstant_readouts":48,"build_s":[0.025016],"support_s":[0.00079425],"import_s":[0.023913291],"admission_s":[0.000308167],"join_only_s":[1.7125e-5],"fresh_s":[1.693416292],"fresh_group_s":[0.001105375],"fresh_readout_s":[1.692098041],"fresh_compute_s":[1.6932041249999998],"fresh_count_s":[0.000212125],"warm_s":[0.000433375],"warm_group_s":[4.9375e-5],"warm_readout_s":[0.000229334],"warm_compute_s":[0.00027925],"warm_count_s":[0.000154083],"input_nodes":37869,"final_nodes":1363847,"input_bytes_est":4107136,"final_bytes_est":162947404,"input_storage":{"layout":"slab","record_bytes":605904,"table_bytes":958792,"interner_bytes":1126324,"metadata_bytes":303284,"cache_bytes":1112832,"records":37869,"tables":18963,"logical_words":119849,"total_bytes_est":4107136},"final_storage":{"layout":"slab","record_bytes":38777856,"table_bytes":30681344,"interner_bytes":40889600,"metadata_bytes":19389260,"cache_bytes":33209344,"records":1363847,"tables":302649,"logical_words":1917648,"total_bytes_est":162947404},"outer_memo_bytes":0,"colt_bytes":14992,"checksum":12912164,"verified":true}
EVENT_LAB {"kind":"readout_free_join","candidate":"prefix512","domain":"fibred","readout_family":"non-suffix","readout_faces":"x","hidden":32,"width":6,"bits":19,"worlds":524288,"admissible_worlds":301069,"environments":2,"rows":128,"groups":16,"outputs":64,"memo":true,"changed_possible_groups":16,"changed_guaranteed_groups":16,"nonconstant_readouts":48,"build_s":[0.025016],"support_s":[0.00079425],"import_s":[0.023913291],"admission_s":[0.000308167],"join_only_s":[1.7125e-5],"fresh_s":[1.660008542],"fresh_group_s":[0.001110083],"fresh_readout_s":[1.6587023749999998],"fresh_compute_s":[1.659813125],"fresh_count_s":[0.000195125],"warm_s":[0.000386583],"warm_group_s":[1.6833e-5],"warm_readout_s":[0.000216375],"warm_compute_s":[0.000233791],"warm_count_s":[0.00015275],"input_nodes":37869,"final_nodes":1363847,"input_bytes_est":4107136,"final_bytes_est":162956364,"input_storage":{"layout":"slab","record_bytes":605904,"table_bytes":958792,"interner_bytes":1126324,"metadata_bytes":303284,"cache_bytes":1112832,"records":37869,"tables":18963,"logical_words":119849,"total_bytes_est":4107136},"final_storage":{"layout":"slab","record_bytes":38777856,"table_bytes":30681344,"interner_bytes":40889600,"metadata_bytes":19389260,"cache_bytes":33209344,"records":1363847,"tables":302649,"logical_words":1917648,"total_bytes_est":162947404},"outer_memo_bytes":8960,"colt_bytes":14992,"checksum":12912164,"verified":true}
ok

test result: ok. 1 passed; 0 failed; 0 ignored; 0 measured; 1378 filtered out; finished in 17.30s


       17.31 real        16.99 user         0.31 sys
           453984256  maximum resident set size
                   0  average shared memory size
                   0  average unshared data size
                   0  average unshared stack size
               44979  page reclaims
                   0  page faults
                   0  swaps
                   0  block input operations
                   0  block output operations
                   0  messages sent
                   0  messages received
                   0  signals received
                   0  voluntary context switches
                 438  involuntary context switches
        181693666152  instructions retired
         58801862986  cycles elapsed
           451281808  peak memory footprint
