{
  "revision": "0.9",
  "passed": true,
  "scope": "Current proposal, exact Lean evidence and retained semantic references; no Rust or performance qualification",
  "proposal_proof": {
    "files": 30,
    "reports": 246,
    "manifest_sha256": "57c791ee4e08b1ca5963112002ae59d03b37d6b84512f91deb00aa44216a1d11"
  },
  "native_proof": {
    "files": 21,
    "reports": 360,
    "manifest_sha256": "75d6c160357aac884cc66561ed3d4c0fb46e12d44d8b464dd596086ae2987ff8"
  },
  "references": {
    "suites": 7,
    "scope": "exact finite reference examples and historical source subtheories"
  },
  "native_documents_sha256": {
    "docs/event-implementation.md": "160af5ecc17ea2865585843897f63ccc390bc2276e0067da59f74c4aaa01e2e8",
    "docs/event-value-format.md": "f67104d800b22713ba5bdeeddeb1673ebf6b2f1d176f0770f5f1673f324e1d24",
    "docs/event-projections.md": "5c6ea505aefccf65407f36ff1fc0b02c71112976fc8327bc87140025604cefd6",
    "docs/event-maps.md": "49c44fcdba2e1510e6f9a31a6ec17d8860f7df1d4504738abcbe2a5cdadd0470",
    "docs/event-relations.md": "be31753272177fe6a539e7328b530e4dc70d79ae30eb63c321fd473be68a6566",
    "docs/event-inspection.md": "033bb08b7e1a91e776967ef99fcdd2560e4f6b0a398ef8883d6af3c37bdf40d3",
    "docs/event-information.md": "fa9a355dee86e2850feeae98f68676aaed8e7786e6772e46ccc752ca02be8db0",
    "docs/event-fixed-points.md": "7865e938a41ddf87194b7c0bf834a3a9fcb8621510e3c17f9531e59836742311",
    "docs/event-partitions.md": "ae0d8473ba4aa9f89d53f496b4f46c5aa2cb60266d5272524f1135deed34f377",
    "docs/event-actions.md": "22ce4b4220911ed5db1c059600cbdbc786da1151efab332e21953e28ce592f4b",
    "docs/event-queries.md": "a8b6763a4e37da8efbf712cad1e55388e32dd746acd17bff2254005fedfcfbdf",
    "docs/event-descriptors.md": "7b28ffc35de20fe2f0c20d38218c4d4e4fcf5a75268ff255d212d271ab1bc7b6",
    "docs/event-sources.md": "79866c61c1a3aae0194149179b7cead9d6d32a6a09d930e2ea90a11a5f598d51",
    "docs/event-functions.md": "10c582e742dba8c7d90eb980e03227305f4e0e1e0d2862028d08d99685b814d6",
    "docs/event-revisions.md": "0ae128f045bf7a5fd27cb2e75057bf7183bf9255681a0c365a563387d52f58c4",
    "docs/event-source-descriptors.md": "d5ba37614b87501309837d967fa6880edf0f0b589694051c16751e28eb8c7717",
    "docs/event-sdk.md": "6831eee80661e9ea053b712f8c1012468895af086e7f8d3a92c13302b7ebcb10",
    "docs/event-selections.md": "d6ff8f58f2467f8e16f55dfb46234f7c049334b22d2db99022a1ef506c049b79"
  },
  "baseline_archive_verified": true,
  "historical_production_isolation_reasserted": false,
  "implementation_complete": false,
  "checker_sha256": "6fd78c491b86b579a5c9a949d3d639107c0c75f044777fa4c71572f69346b808"
}
