
running 1 test
test event_repr_lab::experiment ... EVENT_LAB {"kind":"free_join","candidate":"packed512","scenario":"coup_4290","shape":"triangle","memo":false,"worlds":4290,"admissible_worlds":4290,"rows":1024,"groups":64,"plan_nodes":3,"input_nodes":613,"final_nodes":15983,"input_bytes_est":96600,"final_bytes_est":2436696,"colt_bytes":163104,"build_s":[7.7042e-5, 4.025e-5, 3.7458e-5, 3.3e-5, 3.0209e-5],"native_setup_s":0.000217042,"native_first_join_s":0.000144042,"join_only_s":[5.9584e-5, 4.6708e-5, 4.6833e-5, 4.6792e-5, 4.675e-5],"fresh_s":[0.001540292, 0.001486416, 0.001500667, 0.001273125, 0.001347042],"warm_s":[0.0001494521484375, 0.000149272625, 0.00014847998046875, 0.00014823258203125, 0.00014862369921875],"warm_loops":256,"checksum":5648062,"verified":true}
EVENT_LAB {"kind":"free_join","candidate":"packed512","scenario":"coup_4290","shape":"triangle","memo":true,"worlds":4290,"admissible_worlds":4290,"rows":1024,"groups":64,"plan_nodes":3,"input_nodes":613,"final_nodes":15983,"input_bytes_est":96600,"final_bytes_est":2508376,"colt_bytes":163104,"build_s":[7.7042e-5, 4.025e-5, 3.7458e-5, 3.3e-5, 3.0209e-5],"native_setup_s":0.000217042,"native_first_join_s":0.000144042,"join_only_s":[5.9584e-5, 4.6708e-5, 4.6833e-5, 4.6792e-5, 4.675e-5],"fresh_s":[0.001338958, 0.001599625, 0.001421042, 0.001279208, 0.001249291],"warm_s":[0.000113146484375, 0.00011457666015625, 0.000114939125, 0.00011408935546875, 0.0001125584296875],"warm_loops":256,"checksum":5648062,"verified":true}
EVENT_LAB {"kind":"free_join","candidate":"packed512","scenario":"coup_4290","shape":"clover","memo":false,"worlds":4290,"admissible_worlds":4290,"rows":4096,"groups":64,"plan_nodes":3,"input_nodes":613,"final_nodes":27896,"input_bytes_est":96600,"final_bytes_est":4873304,"colt_bytes":41104,"build_s":[4.2958e-5, 4.3417e-5, 2.9625e-5, 2.8625e-5, 2.7833e-5],"native_setup_s":0.000153458,"native_first_join_s":0.000100416,"join_only_s":[7.2458e-5, 6.9875e-5, 6.9958e-5, 6.9958e-5, 6.9917e-5],"fresh_s":[0.003409375, 0.003550833, 0.003234125, 0.003268667, 0.003324791],"warm_s":[0.000311868484375, 0.00031425521875, 0.000311304046875, 0.000313037765625, 0.000312434890625],"warm_loops":64,"checksum":5691950,"verified":true}
EVENT_LAB {"kind":"free_join","candidate":"packed512","scenario":"coup_4290","shape":"clover","memo":true,"worlds":4290,"admissible_worlds":4290,"rows":4096,"groups":64,"plan_nodes":3,"input_nodes":613,"final_nodes":27896,"input_bytes_est":96600,"final_bytes_est":5160024,"colt_bytes":41104,"build_s":[4.2958e-5, 4.3417e-5, 2.9625e-5, 2.8625e-5, 2.7833e-5],"native_setup_s":0.000153458,"native_first_join_s":0.000100416,"join_only_s":[7.2458e-5, 6.9875e-5, 6.9958e-5, 6.9958e-5, 6.9917e-5],"fresh_s":[0.003327, 0.003365416, 0.003124, 0.003150166, 0.003476],"warm_s":[0.0001905950546875, 0.00018993425, 0.0001926416015625, 0.000190838546875, 0.0001903427734375],"warm_loops":128,"checksum":5691950,"verified":true}
ok

test result: ok. 1 passed; 0 failed; 0 ignored; 0 measured; 1363 filtered out; finished in 0.87s


        0.87 real         0.86 user         0.00 sys
            36487168  maximum resident set size
                   0  average shared memory size
                   0  average unshared data size
                   0  average unshared stack size
                2440  page reclaims
                   0  page faults
                   0  swaps
                   0  block input operations
                   0  block output operations
                   0  messages sent
                   0  messages received
                   0  signals received
                   0  voluntary context switches
                 228  involuntary context switches
         12256867204  instructions retired
          2923534876  cycles elapsed
            33849752  peak memory footprint
