▶ parseQueryIr
  ✔ brands a shape-legal QueryIr (1.101042ms)
  ✔ owns complete descriptions without freezing or retaining caller arrays (0.530459ms)
  ✔ rejects malformed nodes and ordinal overflow at every boundary (1.41975ms)
  ✔ rejects getters, sparse arrays and malformed binding tuples without invoking accessors (0.277417ms)
  ✔ bounds recursive input before stack exhaustion and checks aggregate operators (0.993583ms)
  ✔ logical byte literals are detached and scalars use canonical field values (0.193584ms)
  ✔ rejects empty main with populated interiors (0.074791ms)
  ✔ rejects rec with an empty base (0.110084ms)
  ✔ a compute find term requires the shared expr grammar arm (0.093042ms)
  ✔ rejects Count-with-over (0.117917ms)
  ✔ preparation rejects an unbranded QueryIr object literal (0.049958ms)
  ▶ raw Event query programs
    ✔ owns all structural constructors and test operators (1.096917ms)
    ✔ refuses malformed, cyclic and oversized programs before native execution (0.621791ms)
    ✔ owns bounded BEDC payloads while native import remains the semantic gate (1.508209ms)
    ✔ parses owned relation programs under the shared Event tree budget (1.817292ms)
  ✔ raw Event query programs (5.201917ms)
✔ parseQueryIr (11.078583ms)
✔ the wire-tag rosters equal the tags.json golden, key for key (0.980875ms)
ℹ tests 16
ℹ suites 2
ℹ pass 16
ℹ fail 0
ℹ cancelled 0
ℹ skipped 0
ℹ todo 0
ℹ duration_ms 202.127625
