✔ alternatives are the ordinary law expansion in roster order, independent of arm object order (15.370208ms)
✔ alternatives check dynamic arm coverage and scalar identity shapes (24.488834ms)
✔ alternatives preserve composite keys and payload types (0.246083ms)
✔ native expansion refusals cite both actual directions at their current statement positions (455.26775ms)
✔ ordinary native admission enforces payloads and accepts an atomic arm switch (167.092375ms)
✔ finite, infinite, NaN and negative-zero floats all cross as canonical $f64 bit images (1.324084ms)
✔ decoders reject malformed widths, noncanonical images, unknown tags and wrong-schema values (6.228167ms)
✔ typed and dynamic boundary input share one accepted domain — the encoder refuses what the decoder refuses (0.150291ms)
✔ student rows carry budget as exact decimal; a float budget image refuses (0.13575ms)
▶ the comparison pairing walls
  ✔ no variable side is constant-valued: the constructor refuses param-only and param-literal sides (7.307167ms)
  ✔ the order pair: cross-domain variable pairs are compile-refused (each side alone is orderable) (2.069ms)
  ✔ the order pair: literals type against their sibling — bool-vs-bigint and u64-vs-boolean are compile-refused (1.13ms)
  ✔ the fold input: min/max over a bool var is refused (both tiers) (0.444125ms)
  ✔ the pointIn pair: the point lives in the interval's element domain (0.378458ms)
  ✔ the allen pair: two intervals of one element domain (Q1 — widths meet freely, u64-vs-i64 stays illegal) (0.245166ms)
  ✔ the legal pairs stay legal: same-domain vars, sibling-typed opens, one-element allen (0.552417ms)
✔ the comparison pairing walls (13.484292ms)
✔ key values infer exactly their declared projection (0.909375ms)
✔ a key owns its projection without freezing or retaining the caller's array (0.445542ms)
✔ every declared key reads the same snapshot with its own projection and native statement id (565.707125ms)
✔ inspection separates virtual mapping, file pages and disk blocks (539.666458ms)
✔ native row codecs own their values and remain reusable after cancelled delivery (7.876125ms)
✔ create/apply/snapshot/get/execute — the whole chapter 34 core flow, one scope (143.09025ms)
✔ open never creates; create refuses existing authority (200.248042ms)
✔ scoped preparation reuses parameters and closes independently of snapshots and results (84.003542ms)
✔ apply is the three-coordinate judgment: accepted, no-change, invariant-rejected, moved (56.019541ms)
✔ a snapshot is coherent: a later apply cannot move an open snapshot's facts (91.974291ms)
✔ methods are lazy: construction dispatches nothing, and a scope-escaped handle fails typed (43.240584ms)
✔ a foreign object where a ChangeSet is expected refuses BEFORE any native dispatch (39.260583ms)
✔ a foreign-schema query template refuses typed at execute (29.178709ms)
✔ interruption surfaces in Cause, never as a manufactured outcome arm (92.589708ms)
✔ closed Event authoring compares complete owned carriers without native work (2.152917ms)
✔ closed Events retain schema identity, coverage and query results across runtime release (541.601542ms)
✔ descriptor construction is lazy and pure transport remains addon-free (1.285417ms)
✔ all seven structural kinds admit, describe, inspect and roundtrip through owned BEDC (421.015375ms)
✔ derived projections and complete composition plans feed real stored Event queries (145.927792ms)
✔ composition inspection keeps three distinct roles in ST, TU, SU order (13.281334ms)
✔ nonrectangular shared environments, reversal and measured endpoints survive inspection (25.458542ms)
✔ admission refuses fake certificates, implicit full markers and malformed structural data (27.231292ms)
✔ native descriptor submission copies owned bytes before workers and refuses shared backing (3.761917ms)
✔ cancelled descriptor delivery drops all queued inspection data and permits reuse (3.656625ms)
✔ kernel/revision envelopes own bytes, retain roles, and construct Effects without an addon (3.060208ms)
✔ posterior replacement, likelihood and conditioning have distinct exact meanings (423.199083ms)
✔ impossible revisions retain zero-mass and empty indexed cells without hiding input errors (11.290334ms)
✔ BESC replay refuses forged receipt numbers, posterior laws and incomplete impossible outcomes (6.284916ms)
✔ channels normalize on zero-prior fibres and copy readouts without fresh randomness (15.760125ms)
✔ Coup channels obey visibility FDs and translate stored Events through posterior queries after reopen (189.627167ms)
✔ cancelled revision inspection reclaims owned outputs and leaves the runtime reusable (10.419333ms)
✔ expectation authoring and description imports preserve aggregate identity without loading native code (4.775333ms)
✔ fraction payoffs remain owned pure query expressions across description import (1.191083ms)
✔ numerical imports author and snapshot without loading native code (3.705791ms)
✔ query expectations own complete payoff rosters and survive collection, paging, and closed owners (507.892208ms)
✔ family expectations transport signed payoff functions and preserve impossible parameter endpoints (858.881583ms)
✔ fraction queries normalize equal presentations and reject hidden zero divisors (126.255958ms)
✔ function imports retain local covers, exact constants, descriptions and closed owners (94.725083ms)
✔ family payoff queries glue at exact boundaries and promote finite patches (2611.829167ms)
✔ empty function import faults retain descriptors without invented variables (41.79075ms)
✔ family dynamics carriers copy transport, keep roles distinct and remain addon-free (7.529334ms)
✔ conditioning keeps exact positive domain, zero-mass possibilities and original-prior translation (1284.14225ms)
✔ likelihood scale is retained while posterior values and repeated evidence are exact (2708.309125ms)
✔ Jeffrey replacement retains indexed unsupported endpoints, empty cells and rejects partial targets (983.045541ms)
✔ everywhere-impossible requests keep identities and complete mathematical receipts (604.027708ms)
✔ restriction preserves the law while common refinement unifies predicates without changing domains (989.807167ms)
✔ family channels preserve prior marginals, share the parameter and check every parent row (442.344125ms)
✔ owned family updates translate stored Events through joined queries after reopen (437.543583ms)
✔ dynamics copy submitted inputs and cancel complete owned receipts without retaining handles (164.874834ms)
✔ piecewise Jeffrey targets refine exact boundaries and skip zero-target conditionals (650.380792ms)
✔ family roles remain owned and lazy, distinct from fixed functions and kernels (2.999375ms)
✔ live family Events persist, satisfy ordinary laws, join and retain owned observations (1962.94575ms)
✔ exact parameter worlds derive guards and retain irrational singleton cardinality (118.2245ms)
✔ family functions preserve signed values, totality, explicit zeros and weighted maps (436.556583ms)
✔ refinement admits exact observation thresholds without changing worlds or law (1661.464125ms)
✔ signed parameter-dependent expectations and guard-local holes are exact (543.94475ms)
✔ family construction refuses hidden invalid inputs, non-unit laws and illegal worlds (280.06375ms)
✔ late owned family observations are reclaimed before delivery (169.435708ms)
✔ symbolic family normalization counts outcomes, never deterministic guard cases (143.947584ms)
✔ finite covers keep agreeing overlaps, supplied zeros, evidence and ownership (249.261542ms)
✔ zero mass does not waive coverage or pointwise value agreement (9.690459ms)
✔ family covers glue functions equal only on their actual overlap (1194.023541ms)
✔ cancelling a completed cover releases its owned result before a late callback (108.554125ms)
✔ observation stages mint exact query domains and replay without loading native code (8.306125ms)
✔ dynamic and description authors cannot coerce observation identities or mix producers with projections (1.066167ms)
✔ identity joins, antijoins, groups and mixed observations survive rebind, reopen and owner release (302.710833ms)
✔ consumer filters cannot hide a producer's missing zero-mass payoff coverage (205.986291ms)
✔ parameter carriers are owned, nominal, pure and version/role checked (2.822833ms)
✔ all region Boolean masks preserve exact open endpoints and disconnected sets (466.120792ms)
✔ irrational singleton witnesses and canonical roots remain exact across owners (104.871917ms)
✔ partial functions preserve holes, signs, arithmetic and distinct ambient domains (153.868542ms)
✔ a joined portable conditional function keeps zero-evidence holes after reopen (119.088208ms)
✔ invalid domains, roles, masks and unused operands refuse; ingress copies buffers (29.772667ms)
✔ late structured parameter results are reclaimed before callback delivery (6.372042ms)
✔ polynomial transport is owned and pure import stays lazy (21.378291ms)
✔ named polynomial arithmetic, normalization and simultaneous substitution survive runtime release (227.841291ms)
✔ explicit shared Beta moments produce correlated stored Events (159.040417ms)
✔ polynomial admission refuses malformed, missing, duplicate and unused invalid inputs (19.363291ms)
✔ late polynomial descriptions are cancelled and reclaimed before callback delivery (6.5385ms)
✔ Beta envelopes are owned, role-separated, lazy and require worker admission (2.373333ms)
✔ shared prior integrates raw masses before conditioning and owns complete certificates (966.134417ms)
✔ zero-prior-mass endpoint Events stay possible and retain exception certificates (621.103667ms)
✔ Beta contraction admits polynomial presentations, finite exceptions and signed payoffs (639.469792ms)
✔ Beta scope refuses missing laws, foreign sources, nonpolynomials and inherited holes (459.298625ms)
✔ stored Event joins remain parameter-dependent until explicit prior binding after reopen (421.293792ms)
✔ prior workers own submitted bytes and cancellation never publishes a late observation (311.897584ms)
✔ probability authoring and description imports stay pure, owned and query-only (60.605084ms)
✔ fixed query observations preserve provenance, zero-mass evidence, duplicate paths and sealed pages (259.40175ms)
✔ parameter probability queries retain p squared over p and its excluded zero, without a prior (301.292041ms)
✔ contextual full projections remain pure syntax with exact keys and no invented classes (2.0365ms)
✔ full coverage partitions measured worlds, including zero-mass branches, through commit and reopen (354.51475ms)
✔ full singleton lookup supplies no fabricated cell and remains distinct from a field named true (58.665959ms)
✔ closed scalar rosters admit explicit full keys and native ground coverage (7.582583ms)
✔ guard plans and expression shape are pure, owned and strict (19.92775ms)
✔ query guard refinements preserve all truth cases, law, transport and owner closure (2722.448583ms)
✔ row-bound guard plans retain stored sources and presentation identities through staging (169.522875ms)
✔ numerical authoring, imports and descriptions are pure and keep query-only types (22.43075ms)
✔ numerical queries group before folds and preserve derivations after owners close (135.758125ms)
✔ every numerical operator, domain import and partial family survives SDK replay (348.923542ms)
✔ predicate authoring is pure, authentic and bounded across numerical subtrees (93.215833ms)
✔ predicate grouping and identity joins preserve sources and owned replay (225.752375ms)
✔ predicate algebra keeps parameter holes, explicit quantifiers and producer errors (233.070042ms)
✔ direct region predicates retain exact origins, totality, common guards and owned replay (144.922209ms)
✔ pure Event query authoring retains types, stages, shape bounds and owned imports (14.403416ms)
✔ native Event heads preserve shared worlds through tests, descriptions, imported stages and Pack (192.330958ms)
✔ captured maps and typed relation programs execute through the public builders (91.756625ms)
✔ Event errors retain complete logical fault sets across stages, prepared queries and runtime release (61.548167ms)
✔ fixed-point authoring closes lexical handles without accidental capture (13.535541ms)
✔ query binders compose with nested modalities, Star, stages, tests and Pack (70.943917ms)
✔ Event schema selections own transport bytes without loading native code (1.938333ms)
✔ Event selections enforce exact matches across incremental writes, owner release and reopen (254.552167ms)
✔ exact scalar/function transport and lazy source programs do not load the addon (12.492042ms)
✔ exact native arithmetic preserves decimal/binary intent, canonical values and failure modes (104.560833ms)
✔ finite functions merge equal cells, add signed overlaps and sum copied readouts exactly once (47.080209ms)
✔ law designation is exact and retains symbolic and zero-mass possibilities (26.30925ms)
✔ Coup source algebra preserves shared worlds, exact posteriors and signed utility through storage (233.504834ms)
✔ finite function admission checks all contexts and shapes before zero shortcuts (9.973833ms)
✔ late cancelled source observations are reclaimed without delivering a partial result (15.983459ms)
✔ Event envelopes own immutable data and pure codecs never load native work (4.029417ms)
✔ Event executor checks all truth functions, shared contexts and symbolic supports (100.916375ms)
✔ typed Event rows reopen, join, pack and bind owned parameters (219.113417ms)
✔ raw Event bridge refuses unknown operations and shared or forged byte backing (4.70175ms)
✔ Event dependencies enforce disjointness and joint coverage through ordinary keys and mirrors (64.012125ms)
✔ interrupting completed Event delivery drains the output and leaves the runtime usable (10.186917ms)
✔ parameterized Event sources retain their domains through SDK storage and joins (720.815959ms)
✔ public field codecs agree with rows for every field kind and preserve generic inference (4.70825ms)
✔ strict field decoding rejects malformed representations and host schemas reject invalid values (43.210542ms)
✔ field descriptors are owned; accessors never execute while decoding values (0.224542ms)
✔ segment kinds survive description imports and fixed-width refinement is dropped (3.931125ms)
✔ pack widens fixed intervals before imported difference and measurement stages (158.953584ms)
✔ native marginal bands derive slices, preserve equal contributions, and round once (82.687833ms)
✔ difference emits products, dense measures and fixed intervals use native meanings (68.065041ms)
✔ the large-schema fixture constructs and both tiers agree at scale (1.254292ms)
▶ the three class laws
  ✔ generators name their classes; a 3-hop chain lands the whole chain in the generator's class; bare stays bare (2.153ms)
  ✔ a generator-less class is named by its least member in relation-declaration × field-declaration order (0.279208ms)
  ✔ a ψ-selected closed face pairs exactly like the bare face — the selection changes classes not at all (0.874209ms)
  ✔ the selected-mirrors shape (Calendar): the mirrors law types the source column with the target's class (0.264167ms)
✔ the three class laws (8.684917ms)
▶ the generator authority after the fresh deletion — closed ids are the ONLY generators
  ✔ unifying two ordinary id columns is LAWFUL now — no mint, no wall; least member names the class (0.222792ms)
  ✔ mirrors and capacity pairings over ordinary ids are lawful classes too (0.495333ms)
  ✔ a closed relation's id stays a generator — a bare column never pairs it (the roster wall, at construction) (0.356458ms)
  ✔ a transitive chain over ordinary ids is one lawful class, not a wall (0.203584ms)
✔ the generator authority after the fresh deletion — closed ids are the ONLY generators (1.43275ms)
▶ the runtime/type agreement and the wire
  ✔ the runtime class map and the type-level class map are the same map (0.481333ms)
  ✔ the manifest golden: statements in == statements out — nothing synthesized, order preserved, count equal (7.957917ms)
  ✔ the wire: spec newtype = class name for classed slots, omitted for bare (fingerprint-neutral by the engine's drop) (10.443833ms)
  ✔ integer-index names are refused at construction — the declaration-order law's enumeration hazard (8.150625ms)
  ✔ dotted names are refused at construction — the coordinate encoding stays injective at both tiers (5.623333ms)
  ✔ a plain __proto__ declaration entry is refused — the Annex B setter would silently drop the key (0.363542ms)
✔ the runtime/type agreement and the wire (33.304792ms)
✔ interrupt after directory acquire and before db output adoption drains both owners (D18) (95.177875ms)
✔ retained JS tokens cannot prevent native drain; repeated close joins (D18) (64.468042ms)
✔ abort after publication drains without take; retained wrappers cannot pin output (D18) (121.228541ms)
✔ draft interruption spends the draft and joins drain (34.635459ms)
▶ pure schema import
  ✔ constructs metadata with the platform addon unresolvable (525.391333ms)
✔ pure schema import (526.248083ms)
✔ generated descriptions execute, prepare, compose and infer their checked result (148.04375ms)
✔ descriptions preserve joins, negation, aggregates, computations and interiors (10.389833ms)
✔ descriptions preserve recursion and interval/closed-reference domains (141.3785ms)
✔ description checking refuses malformed grammar, wrong result claims, unbound vars and foreign field tags (3.468042ms)
✔ flat projection keeps only row count and owned cells, without obsolete quota accounting (1.371583ms)
✔ flat projection closes the source iterator when a row is invalid (0.278083ms)
✔ snapshot bindings preserve owned Event field types and dependency identity (355.201292ms)
✔ snapshot bindings preserve contextual full projections and explicit closed full keys (168.636625ms)
✔ snapshot bindings preserve every field kind, exact payload values, names and field order (190.02375ms)
✔ independent bindings preserve selected mirror directions, capacities and expanded statement IDs (177.132ms)
✔ emission refuses unrepresentable conditional roster pairing and invalid declaration names (4.919458ms)
✔ bindings derive transitive total roster membership without losing or adding laws (148.787792ms)
✔ mutually referring closed payloads use the existing field descriptors without declaration cycles (161.323917ms)
✔ snapshot bindings preserve canonical Event selection literals and schema identity (145.095291ms)
✔ snapshot bindings preserve closed Event axioms and their explicit pointwise keys (140.928ms)
▶ the Ledger example
  ✔ lowers to the SchemaSpec shape, declaration order throughout, newtype slots carrying the law-computed class names (4.096709ms)
  ✔ the composite key and pointwise containment lower positionally (0.368417ms)
  ✔ a closed payload column lowers pure structure — the newtype slots carry its law-computed classes (0.480916ms)
  ✔ lowering is deterministic across independent constructions (5.425125ms)
✔ the Ledger example (11.085375ms)
▶ renderStatement
  ✔ each statement form renders its canonical 70-api spelling (0.705292ms)
  ✔ composite positions render in written tuple order (0.184125ms)
  ✔ every legal capacity spelling renders canonically — unit strings byte-for-byte, the weighted rows beside them (2.76325ms)
  ✔ literal sets and interval literals render in macro notation (0.684792ms)
✔ renderStatement (4.576583ms)
▶ the ban table, one row at a time — literal spellings are UNWRITABLE
  ✔ the capacity mint vocabulary is exactly the roster — no sixth mint exists (0.125958ms)
  ✔ degenerate literal sets refuse — a membership array needs two DISTINCT members, and the refusal locates itself (2.437417ms)
  ✔ a duplicate field in a key() projection refuses at the mint — the engine's FieldSet duplicate, canonical voice (0.499208ms)
  ✔ a plain u64 face never pairs a closed [id] face — closedness rides the descriptor (both tiers) (0.479333ms)
  ✔ an arity-mismatched pairing is a construction error — the SameArity runtime twin (untyped path) (0.390458ms)
✔ the ban table, one row at a time — literal spellings are UNWRITABLE (4.111958ms)
▶ the ban table's construction tier — computed bounds the type cannot judge
  ✔ computed equivalent spellings lower to the canonical law; only negatives refuse (0.3865ms)
  ✔ an inverted window is unsatisfiable — bigint literals carry no type-level order (0.059875ms)
  ✔ unit floors are accepted canonical laws now — the spelling police is deleted (0.262ms)
  ✔ the C18 dimension gate fires at the capacity() call — a unit window never takes a duration() bound (both tiers) (0.204625ms)
  ✔ a computed path weight or bound is a construction refusal naming the pinned-column idiom (0.465834ms)
  ✔ the weight and dependent-bound walls hold at construction for untyped callers (4.664792ms)
  ✔ generated capacity values use the same validation as constructors (1.068958ms)
✔ the ban table's construction tier — computed bounds the type cannot judge (7.353ms)
▶ schema() construction boundary
  ✔ a statement over an undeclared relation is rejected with the statement rendered (0.914334ms)
  ✔ same-named relations resolve structurally, including field order (0.305208ms)
  ✔ declared id keys are ordinary statements now — the fresh-implied key is deleted (E-NO-RESERVE) (0.565542ms)
  ✔ duplicate statements are rejected via their canonical rendering (0.557125ms)
  ✔ a record key must equal its relation's declared name (2.264625ms)
  ✔ the paste-back law: a handle selection needs its resolving containment declared (0.537458ms)
  ✔ generated statements are checked semantically without an admission token (4.66775ms)
✔ schema() construction boundary (10.040167ms)
▶ ψ statements over closed relations — closed().where() as a face source
  ✔ a ψ-selected closed face renders canonically and schema() admits both forms (0.399084ms)
  ✔ ψ lowers PASS-THROUGH — the selection rides the SideSpec, never pre-folded into ids (0.302167ms)
  ✔ the closed where() speaks the ordinary selection vocabulary — literal sets and written order (0.355459ms)
  ✔ the empty ψ is the bare closed relation respelled and rejected (canonical utterance) (0.24475ms)
  ✔ the compile walls carry runtime twins through the one selection machine (0.300459ms)
  ✔ a handle named `where` is ordinary roster data — NO name is reserved, both tiers (0.134083ms)
✔ ψ statements over closed relations — closed().where() as a face source (1.846917ms)
✔ facts, selections, host cells, and JSON codecs share the complete native value domain (5.783958ms)
✔ unknown, inherited, absent, symbolic, and nested fields are never silently dropped (0.999125ms)
✔ query parameters use the same interpreter and exact supplied parameter fields (4.059042ms)
✔ authored queries own mutable binding and comparison literals (10.292833ms)
✔ query bindings and result records reject getters and explicit undefined fields (0.767083ms)
✔ host admission matches the real native codec; rejected facts do not enter a database (94.683833ms)
✔ native names and query parameters reject lossy Unicode conversion (47.401417ms)
✔ prototype-sensitive field and result names are ordinary owned data (31.379583ms)
ℹ tests 224
ℹ suites 11
ℹ pass 224
ℹ fail 0
ℹ cancelled 0
ℹ skipped 0
ℹ todo 0
ℹ duration_ms 8998.901167
SDK integration passed against isolated @bjornpagen/bumbledb-darwin-arm64; version unchanged at 1.3.1
{"node":"v26.4.0","platform":"@bjornpagen/bumbledb-darwin-arm64","tests":["event","event-query","event-probability","event-expectation","event-observation-stages","event-query-numbers","event-query-predicates","event-query-guards","event-descriptor","event-source","event-polynomial","event-parameter","event-family","event-function-cover","event-family-dynamics","event-prior","event-dynamics","event-projections","event-selections","event-closed","statements","declared-key","law-typing","law-scale","schema-bindings","pure-import","field-codec","query-description","comparison-pairing","alternatives","rows","boundary-codec","value-conformance","interval-outputs","effect-core","ownership-interrupt"],"addon_sha256":"d441f09de68f6d16a0656ab2710ac528f6cd850ca521601ad4094ab2d2f52634"}
