
running 1 test
test event_repr_lab::experiment ... EVENT_LAB {"kind":"owned_free_join","candidate":"essential512","target_candidate":"essential512","bits":12,"target_layout":"bit-major","target_setup_s":[2.958e-6],"restore_inputs_s":[2.6125e-5],"program_setup_s":[1.6208e-5],"query_s":[0.000336375],"owned_compute_s":[0.000355959],"novel_publication_classes":[10],"input_roots":24,"output_roots":80,"input_packet_bytes":1421,"output_packet_bytes":707,"final_arena_bytes_est":20896,"input_storage":{"layout":"slab","record_bytes":512,"table_bytes":512,"interner_bytes":604,"metadata_bytes":368,"cache_bytes":0,"records":25,"tables":24,"logical_words":62,"total_bytes_est":1996},"final_storage":{"layout":"slab","record_bytes":4096,"table_bytes":4096,"interner_bytes":4832,"metadata_bytes":2160,"cache_bytes":5712,"records":205,"tables":204,"logical_words":403,"total_bytes_est":20896},"verified":true}
EVENT_LAB {"kind":"owned_free_join","candidate":"essential512","target_candidate":"essential512","bits":12,"target_layout":"face-major","target_setup_s":[1.542e-6],"restore_inputs_s":[1.6833e-5],"program_setup_s":[9.625e-6],"query_s":[0.000421292],"owned_compute_s":[0.000433292],"novel_publication_classes":[10],"input_roots":24,"output_roots":80,"input_packet_bytes":1421,"output_packet_bytes":707,"final_arena_bytes_est":35968,"input_storage":{"layout":"slab","record_bytes":512,"table_bytes":512,"interner_bytes":604,"metadata_bytes":368,"cache_bytes":0,"records":25,"tables":24,"logical_words":62,"total_bytes_est":1996},"final_storage":{"layout":"slab","record_bytes":8192,"table_bytes":8192,"interner_bytes":9664,"metadata_bytes":4208,"cache_bytes":5712,"records":343,"tables":342,"logical_words":531,"total_bytes_est":35968},"verified":true}
EVENT_LAB {"kind":"owned_free_join","candidate":"essential512","target_candidate":"packed512","bits":12,"target_layout":"bit-major","target_setup_s":[1.708e-6],"restore_inputs_s":[8.95e-5],"program_setup_s":[3.4333e-5],"query_s":[0.000300208],"owned_compute_s":[0.000338625],"novel_publication_classes":[10],"input_roots":24,"output_roots":80,"input_packet_bytes":1421,"output_packet_bytes":1645,"final_arena_bytes_est":112740,"input_storage":null,"final_storage":null,"verified":true}
EVENT_LAB {"kind":"owned_free_join","candidate":"essential512","target_candidate":"essential512","bits":18,"target_layout":"bit-major","target_setup_s":[1.833e-6],"restore_inputs_s":[0.000115],"program_setup_s":[2.4083e-5],"query_s":[0.001938708],"owned_compute_s":[0.00196525],"novel_publication_classes":[18],"input_roots":24,"output_roots":80,"input_packet_bytes":9305,"output_packet_bytes":2087,"final_arena_bytes_est":181704,"input_storage":{"layout":"slab","record_bytes":8192,"table_bytes":8192,"interner_bytes":9664,"metadata_bytes":4296,"cache_bytes":3927,"records":280,"tables":86,"logical_words":611,"total_bytes_est":34271},"final_storage":{"layout":"slab","record_bytes":32768,"table_bytes":32768,"interner_bytes":38656,"metadata_bytes":16584,"cache_bytes":60928,"records":1762,"tables":1283,"logical_words":3985,"total_bytes_est":181704},"verified":true}
EVENT_LAB {"kind":"owned_free_join","candidate":"essential512","target_candidate":"essential512","bits":18,"target_layout":"face-major","target_setup_s":[2.167e-6],"restore_inputs_s":[0.000353209],"program_setup_s":[3.575e-5],"query_s":[0.005391792],"owned_compute_s":[0.00543],"novel_publication_classes":[18],"input_roots":24,"output_roots":80,"input_packet_bytes":9305,"output_packet_bytes":2389,"final_arena_bytes_est":634824,"input_storage":{"layout":"slab","record_bytes":16384,"table_bytes":32768,"interner_bytes":19328,"metadata_bytes":8392,"cache_bytes":19040,"records":682,"tables":408,"logical_words":2573,"total_bytes_est":95912},"final_storage":{"layout":"slab","record_bytes":131072,"table_bytes":131072,"interner_bytes":154624,"metadata_bytes":65736,"cache_bytes":152320,"records":4215,"tables":3512,"logical_words":9926,"total_bytes_est":634824},"verified":true}
EVENT_LAB {"kind":"owned_free_join","candidate":"essential512","target_candidate":"packed512","bits":18,"target_layout":"bit-major","target_setup_s":[2.208e-6],"restore_inputs_s":[0.000408208],"program_setup_s":[4.4e-5],"query_s":[0.0006805],"owned_compute_s":[0.000726792],"novel_publication_classes":[18],"input_roots":24,"output_roots":80,"input_packet_bytes":9305,"output_packet_bytes":5221,"final_arena_bytes_est":626852,"input_storage":null,"final_storage":null,"verified":true}
ok

test result: ok. 1 passed; 0 failed; 0 ignored; 0 measured; 1378 filtered out; finished in 2.15s


        2.15 real         2.10 user         0.04 sys
            16826368  maximum resident set size
                   0  average shared memory size
                   0  average unshared data size
                   0  average unshared stack size
                1240  page reclaims
                   0  page faults
                   0  swaps
                   0  block input operations
                   0  block output operations
                   0  messages sent
                   0  messages received
                   0  signals received
                   0  voluntary context switches
                 258  involuntary context switches
         39064886905  instructions retired
          7221491158  cycles elapsed
            13664640  peak memory footprint
