
running 1 test
test event_repr_lab::experiment ... EVENT_LAB {"kind":"symbolic_relation_free_join","candidate":"essential64","bits":18,"states":64,"identity_mode":"native","input_s":[4.1833e-5],"program_setup_s":[1.7625e-5],"query_s":[0.000320625],"owned_compute_s":[0.000343083],"iterations":[7],"output_counts":[133120, 133120, 262144, 262144, 4096],"output_packet_bytes":611,"final_arena_bytes_est":34544,"new_classes":3,"input_storage":{"layout":"slab","record_bytes":1024,"table_bytes":512,"interner_bytes":1208,"metadata_bytes":656,"cache_bytes":2380,"records":57,"tables":36,"logical_words":36,"total_bytes_est":5780},"final_storage":{"layout":"slab","record_bytes":8192,"table_bytes":1024,"interner_bytes":9664,"metadata_bytes":4240,"cache_bytes":11424,"records":359,"tables":119,"logical_words":119,"total_bytes_est":34544},"verified":true}
EVENT_LAB {"kind":"symbolic_relation_free_join","candidate":"essential64","bits":36,"states":4096,"identity_mode":"native","input_s":[6.8e-5],"program_setup_s":[2.6e-5],"query_s":[0.001026625],"owned_compute_s":[0.001053625],"iterations":[13],"output_counts":[34368126976, 34368126976, 68719476736, 68719476736, 16777216],"output_packet_bytes":1415,"final_arena_bytes_est":135840,"new_classes":3,"input_storage":{"layout":"slab","record_bytes":4096,"table_bytes":512,"interner_bytes":4832,"metadata_bytes":2336,"cache_bytes":4760,"records":135,"tables":48,"logical_words":48,"total_bytes_est":16536},"final_storage":{"layout":"slab","record_bytes":32768,"table_bytes":2048,"interner_bytes":38656,"metadata_bytes":16672,"cache_bytes":45696,"records":1379,"tables":144,"logical_words":144,"total_bytes_est":135840},"verified":true}
EVENT_LAB {"kind":"symbolic_relation_free_join","candidate":"essential64","bits":60,"states":1048576,"identity_mode":"native","input_s":[0.000117458],"program_setup_s":[3.9542e-5],"query_s":[0.003119291],"owned_compute_s":[0.003159917],"iterations":[21],"output_counts":[576461302059237376, 576461302059237376, 1152921504606846976, 1152921504606846976, 1099511627776],"output_packet_bytes":2487,"final_arena_bytes_est":330464,"new_classes":3,"input_storage":{"layout":"slab","record_bytes":4096,"table_bytes":512,"interner_bytes":8640,"metadata_bytes":2528,"cache_bytes":9520,"records":239,"tables":64,"logical_words":64,"total_bytes_est":25296},"final_storage":{"layout":"slab","record_bytes":65536,"table_bytes":2048,"interner_bytes":138240,"metadata_bytes":33248,"cache_bytes":91392,"records":3635,"tables":176,"logical_words":176,"total_bytes_est":330464},"verified":true}
ok

test result: ok. 1 passed; 0 failed; 0 ignored; 0 measured; 1378 filtered out; finished in 0.01s


        0.00 real         0.00 user         0.00 sys
             6406144  maximum resident set size
                   0  average shared memory size
                   0  average unshared data size
                   0  average unshared stack size
                 605  page reclaims
                   0  page faults
                   0  swaps
                   0  block input operations
                   0  block output operations
                   0  messages sent
                   0  messages received
                   0  signals received
                   0  voluntary context switches
                  11  involuntary context switches
           101008236  instructions retired
            27142930  cycles elapsed
             3654016  peak memory footprint
