
running 1 test
test event_repr_lab::experiment ... EVENT_LAB {"kind":"owned_free_join","candidate":"essential64","target_candidate":"essential64","bits":12,"target_layout":"bit-major","target_setup_s":[3e-6],"restore_inputs_s":[0.000146834],"program_setup_s":[1.175e-5],"query_s":[0.000565292],"owned_compute_s":[0.000580292],"novel_publication_classes":[10],"input_roots":24,"output_roots":80,"input_packet_bytes":2637,"output_packet_bytes":707,"final_arena_bytes_est":110720,"input_storage":{"layout":"enum","record_bytes":16384,"table_bytes":2624,"interner_bytes":18368,"metadata_bytes":4208,"cache_bytes":5712,"records":268,"tables":164,"logical_words":164,"total_bytes_est":47296},"final_storage":{"layout":"enum","record_bytes":32768,"table_bytes":10064,"interner_bytes":36736,"metadata_bytes":8304,"cache_bytes":22848,"records":855,"tables":629,"logical_words":629,"total_bytes_est":110720},"verified":true}
EVENT_LAB {"kind":"owned_free_join","candidate":"essential64","target_candidate":"essential64","bits":12,"target_layout":"face-major","target_setup_s":[1.625e-6],"restore_inputs_s":[4.825e-5],"program_setup_s":[1.2542e-5],"query_s":[0.000953083],"owned_compute_s":[0.000967125],"novel_publication_classes":[10],"input_roots":24,"output_roots":80,"input_packet_bytes":2637,"output_packet_bytes":707,"final_arena_bytes_est":118032,"input_storage":{"layout":"enum","record_bytes":8192,"table_bytes":1008,"interner_bytes":9184,"metadata_bytes":2160,"cache_bytes":2142,"records":167,"tables":63,"logical_words":63,"total_bytes_est":22686},"final_storage":{"layout":"enum","record_bytes":32768,"table_bytes":9760,"interner_bytes":36736,"metadata_bytes":8304,"cache_bytes":30464,"records":849,"tables":610,"logical_words":610,"total_bytes_est":118032},"verified":true}
EVENT_LAB {"kind":"owned_free_join","candidate":"essential64","target_candidate":"packed512","bits":12,"target_layout":"bit-major","target_setup_s":[2.625e-6],"restore_inputs_s":[0.000110917],"program_setup_s":[3.3458e-5],"query_s":[0.00024625],"owned_compute_s":[0.000281458],"novel_publication_classes":[10],"input_roots":24,"output_roots":80,"input_packet_bytes":2637,"output_packet_bytes":1645,"final_arena_bytes_est":156772,"input_storage":null,"final_storage":null,"verified":true}
EVENT_LAB {"kind":"owned_free_join","candidate":"essential64","target_candidate":"essential64","bits":18,"target_layout":"bit-major","target_setup_s":[1.75e-6],"restore_inputs_s":[0.002187375],"program_setup_s":[2.3708e-5],"query_s":[0.002800542],"owned_compute_s":[0.0028265],"novel_publication_classes":[18],"input_roots":24,"output_roots":80,"input_packet_bytes":17369,"output_packet_bytes":2717,"final_arena_bytes_est":1155096,"input_storage":{"layout":"enum","record_bytes":262144,"table_bytes":31632,"interner_bytes":293888,"metadata_bytes":65736,"cache_bytes":152320,"records":5339,"tables":1977,"logical_words":1977,"total_bytes_est":805720},"final_storage":{"layout":"enum","record_bytes":262144,"table_bytes":56656,"interner_bytes":587776,"metadata_bytes":65736,"cache_bytes":182784,"records":8059,"tables":3541,"logical_words":3541,"total_bytes_est":1155096},"verified":true}
EVENT_LAB {"kind":"owned_free_join","candidate":"essential64","target_candidate":"essential64","bits":18,"target_layout":"face-major","target_setup_s":[2.25e-6],"restore_inputs_s":[0.000584958],"program_setup_s":[0.000126958],"query_s":[0.01559125],"owned_compute_s":[0.015721208],"novel_publication_classes":[18],"input_roots":24,"output_roots":80,"input_packet_bytes":17369,"output_packet_bytes":4155,"final_arena_bytes_est":968984,"input_storage":{"layout":"enum","record_bytes":65536,"table_bytes":5728,"interner_bytes":146944,"metadata_bytes":16584,"cache_bytes":38080,"records":2021,"tables":358,"logical_words":358,"total_bytes_est":272872},"final_storage":{"layout":"enum","record_bytes":262144,"table_bytes":42576,"interner_bytes":293888,"metadata_bytes":65736,"cache_bytes":304640,"records":6918,"tables":2661,"logical_words":2661,"total_bytes_est":968984},"verified":true}
EVENT_LAB {"kind":"owned_free_join","candidate":"essential64","target_candidate":"packed512","bits":18,"target_layout":"bit-major","target_setup_s":[2.083e-6],"restore_inputs_s":[0.000668375],"program_setup_s":[3.9875e-5],"query_s":[0.000762667],"owned_compute_s":[0.000804666],"novel_publication_classes":[18],"input_roots":24,"output_roots":80,"input_packet_bytes":17369,"output_packet_bytes":5221,"final_arena_bytes_est":1339556,"input_storage":null,"final_storage":null,"verified":true}
ok

test result: ok. 1 passed; 0 failed; 0 ignored; 0 measured; 1378 filtered out; finished in 2.36s


        2.36 real         2.30 user         0.05 sys
            17907712  maximum resident set size
                   0  average shared memory size
                   0  average unshared data size
                   0  average unshared stack size
                1307  page reclaims
                   0  page faults
                   0  swaps
                   0  block input operations
                   0  block output operations
                   0  messages sent
                   0  messages received
                   0  signals received
                   0  voluntary context switches
                 493  involuntary context switches
         41160741126  instructions retired
          7937597937  cycles elapsed
            14844288  peak memory footprint
