
running 1 test
test event_repr_lab::experiment ... EVENT_LAB {"kind":"free_join","candidate":"packed4096","scenario":"structured_65536","shape":"triangle","memo":false,"worlds":65536,"admissible_worlds":65536,"rows":1024,"groups":64,"plan_nodes":3,"input_nodes":33,"final_nodes":15326,"input_bytes_est":31984,"final_bytes_est":11124848,"colt_bytes":163104,"build_s":[9.1875e-5, 7.7375e-5, 7.425e-5, 7.2875e-5, 7.2917e-5, 7.2667e-5, 7.4083e-5],"native_setup_s":0.0002205,"native_first_join_s":0.000127333,"join_only_s":[4.95e-5, 4.5708e-5, 4.5875e-5, 4.5791e-5, 4.6e-5, 4.5666e-5, 4.6e-5],"fresh_s":[0.003717917, 0.00371875, 0.003565291, 0.003034584, 0.003161833, 0.003189166, 0.002816042],"warm_s":[0.0003045087890625, 0.0002157255859375, 0.0002256953125, 0.000185363609375, 0.00020978515625, 0.00018960384375, 0.00018511165625],"warm_loops":128,"checksum":109067234,"verified":true}
EVENT_LAB {"kind":"free_join","candidate":"packed4096","scenario":"structured_65536","shape":"triangle","memo":true,"worlds":65536,"admissible_worlds":65536,"rows":1024,"groups":64,"plan_nodes":3,"input_nodes":33,"final_nodes":15326,"input_bytes_est":31984,"final_bytes_est":11268208,"colt_bytes":163104,"build_s":[9.1875e-5, 7.7375e-5, 7.425e-5, 7.2875e-5, 7.2917e-5, 7.2667e-5, 7.4083e-5],"native_setup_s":0.0002205,"native_first_join_s":0.000127333,"join_only_s":[4.95e-5, 4.5708e-5, 4.5875e-5, 4.5791e-5, 4.6e-5, 4.5666e-5, 4.6e-5],"fresh_s":[0.0035745, 0.003538875, 0.003095958, 0.003239584, 0.003262125, 0.003647459, 0.00334825],"warm_s":[0.00014698323828125, 0.000155493328125, 0.00014599690625, 0.0001475846328125, 0.00014675309375, 0.000146444984375, 0.00014517105859375],"warm_loops":256,"checksum":109067234,"verified":true}
EVENT_LAB {"kind":"free_join","candidate":"packed4096","scenario":"structured_65536","shape":"clover","memo":false,"worlds":65536,"admissible_worlds":65536,"rows":4096,"groups":64,"plan_nodes":3,"input_nodes":33,"final_nodes":25064,"input_bytes_est":31984,"final_bytes_est":16220272,"colt_bytes":41104,"build_s":[9.2083e-5, 7.9833e-5, 7.5917e-5, 7.8125e-5, 7.5291e-5, 7.4708e-5, 7.5291e-5],"native_setup_s":0.000136875,"native_first_join_s":0.000101042,"join_only_s":[7.5625e-5, 7.2958e-5, 7.2791e-5, 7.2875e-5, 7.2916e-5, 7.2959e-5, 7.2959e-5],"fresh_s":[0.006792666, 0.006944209, 0.006703292, 0.006847208, 0.006796291, 0.00665075, 0.006642875],"warm_s":[0.000343565765625, 0.000322947265625, 0.00034114453125, 0.000317212890625, 0.000324049484375, 0.000322212890625, 0.000355737640625],"warm_loops":64,"checksum":112347088,"verified":true}
EVENT_LAB {"kind":"free_join","candidate":"packed4096","scenario":"structured_65536","shape":"clover","memo":true,"worlds":65536,"admissible_worlds":65536,"rows":4096,"groups":64,"plan_nodes":3,"input_nodes":33,"final_nodes":25064,"input_bytes_est":31984,"final_bytes_est":16506992,"colt_bytes":41104,"build_s":[9.2083e-5, 7.9833e-5, 7.5917e-5, 7.8125e-5, 7.5291e-5, 7.4708e-5, 7.5291e-5],"native_setup_s":0.000136875,"native_first_join_s":0.000101042,"join_only_s":[7.5625e-5, 7.2958e-5, 7.2791e-5, 7.2875e-5, 7.2916e-5, 7.2959e-5, 7.2959e-5],"fresh_s":[0.006962583, 0.006894708, 0.007048792, 0.007047458, 0.012881333, 0.0152455, 0.019947708],"warm_s":[0.000787498703125, 0.000249061203125, 0.00028805534375, 0.00024069140625, 0.000242591140625, 0.000288958328125, 0.000399919921875],"warm_loops":64,"checksum":112347088,"verified":true}
ok

test result: ok. 1 passed; 0 failed; 0 ignored; 0 measured; 1360 filtered out; finished in 1.92s


        1.92 real         1.67 user         0.02 sys
           151093248  maximum resident set size
                   0  average shared memory size
                   0  average unshared data size
                   0  average unshared stack size
               14218  page reclaims
                   0  page faults
                   0  swaps
                   0  block input operations
                   0  block output operations
                   0  messages sent
                   0  messages received
                   0  signals received
                   0  voluntary context switches
                1589  involuntary context switches
         23735775533  instructions retired
          5496575644  cycles elapsed
           148652632  peak memory footprint
