
running 1 test
test event_repr_lab::experiment ... EVENT_LAB {"kind":"free_join","candidate":"sparse","scenario":"coup_product_65536","shape":"triangle","memo":false,"worlds":65536,"admissible_worlds":4290,"rows":1024,"groups":64,"plan_nodes":3,"input_nodes":37,"final_nodes":1256,"input_bytes_est":175912,"final_bytes_est":7748692,"colt_bytes":163104,"build_s":[0.000498917, 0.0004835, 0.000462291, 0.000447291, 0.000454, 0.000427209, 0.000445],"native_setup_s":0.000210958,"native_first_join_s":0.0000985,"join_only_s":[4.9166e-5, 4.5208e-5, 4.5083e-5, 4.5125e-5, 4.5e-5, 4.5083e-5, 4.5209e-5],"fresh_s":[0.020699375, 0.020748917, 0.020046084, 0.020063375, 0.019741291, 0.021299458, 0.019499125],"warm_s":[0.020248, 0.020848375, 0.0205635, 0.020315458, 0.020355041, 0.020191583, 0.020938292],"warm_loops":1,"checksum":5648062,"verified":true}
EVENT_LAB {"kind":"free_join","candidate":"sparse","scenario":"coup_product_65536","shape":"triangle","memo":true,"worlds":65536,"admissible_worlds":4290,"rows":1024,"groups":64,"plan_nodes":3,"input_nodes":37,"final_nodes":1256,"input_bytes_est":175912,"final_bytes_est":7820372,"colt_bytes":163104,"build_s":[0.000498917, 0.0004835, 0.000462291, 0.000447291, 0.000454, 0.000427209, 0.000445],"native_setup_s":0.000210958,"native_first_join_s":0.0000985,"join_only_s":[4.9166e-5, 4.5208e-5, 4.5083e-5, 4.5125e-5, 4.5e-5, 4.5083e-5, 4.5209e-5],"fresh_s":[0.008827458, 0.008057166, 0.008278042, 0.008206583, 0.008123459, 0.00804475, 0.008300042],"warm_s":[8.2640625e-5, 8.120051953125e-5, 8.1295734375e-5, 8.27911796875e-5, 8.237109375e-5, 8.26209296875e-5, 8.130517578125e-5],"warm_loops":256,"checksum":5648062,"verified":true}
EVENT_LAB {"kind":"free_join","candidate":"sparse","scenario":"coup_product_65536","shape":"clover","memo":false,"worlds":65536,"admissible_worlds":4290,"rows":4096,"groups":64,"plan_nodes":3,"input_nodes":37,"final_nodes":2483,"input_bytes_est":175912,"final_bytes_est":14284804,"colt_bytes":41104,"build_s":[0.000443792, 0.000507083, 0.000468334, 0.000460167, 0.000428333, 0.000428334, 0.000417],"native_setup_s":0.000139417,"native_first_join_s":0.000108709,"join_only_s":[7.25e-5, 7.4042e-5, 6.9917e-5, 7.0125e-5, 7.0083e-5, 7e-5, 7.0292e-5],"fresh_s":[0.079399333, 0.078791125, 0.077315875, 0.079951959, 0.079864958, 0.080290042, 0.079066959],"warm_s":[0.079799833, 0.07925975, 0.077632125, 0.078855792, 0.078829542, 0.078001333, 0.077076291],"warm_loops":1,"checksum":5691950,"verified":true}
EVENT_LAB {"kind":"free_join","candidate":"sparse","scenario":"coup_product_65536","shape":"clover","memo":true,"worlds":65536,"admissible_worlds":4290,"rows":4096,"groups":64,"plan_nodes":3,"input_nodes":37,"final_nodes":2483,"input_bytes_est":175912,"final_bytes_est":14571524,"colt_bytes":41104,"build_s":[0.000443792, 0.000507083, 0.000468334, 0.000460167, 0.000428333, 0.000428334, 0.000417],"native_setup_s":0.000139417,"native_first_join_s":0.000108709,"join_only_s":[7.25e-5, 7.4042e-5, 6.9917e-5, 7.0125e-5, 7.0083e-5, 7e-5, 7.0292e-5],"fresh_s":[0.022814708, 0.022641416, 0.022554958, 0.022949458, 0.022695792, 0.02329875, 0.021528083],"warm_s":[0.0001576025390625, 0.0001599515, 0.00016013215625, 0.0001594905625, 0.0001593310546875, 0.0001663932265625, 0.0001672265625],"warm_loops":128,"checksum":5691950,"verified":true}
ok

test result: ok. 1 passed; 0 failed; 0 ignored; 0 measured; 1360 filtered out; finished in 2.21s


        2.21 real         2.14 user         0.05 sys
            41615360  maximum resident set size
                   0  average shared memory size
                   0  average unshared data size
                   0  average unshared stack size
                2753  page reclaims
                   0  page faults
                   0  swaps
                   0  block input operations
                   0  block output operations
                   0  messages sent
                   0  messages received
                   0  signals received
                   0  voluntary context switches
                 852  involuntary context switches
         23613813936  instructions retired
          7421028812  cycles elapsed
            39190936  peak memory footprint
