
running 1 test
test event_repr_lab::experiment ... EVENT_LAB {"kind":"relations_free_join","candidate":"essential512","product_mode":"materialized","bits":12,"worlds":4096,"rows":128,"groups":16,"memo":false,"build_s":[9.4083e-5],"join_only_s":[2.5125e-5],"fresh_s":[0.000791833],"warm_s":[0.000484167],"input_bytes_est":5631,"final_bytes_est":99104,"input_nodes":40,"final_nodes":510,"input_storage":{"layout":"enum","record_bytes":1280,"table_bytes":1280,"interner_bytes":2296,"metadata_bytes":416,"cache_bytes":119,"records":40,"tables":39,"logical_words":80,"total_bytes_est":5391},"final_storage":{"layout":"enum","record_bytes":20480,"table_bytes":25008,"interner_bytes":36736,"metadata_bytes":5216,"cache_bytes":11424,"records":510,"tables":509,"logical_words":1563,"total_bytes_est":98864},"closure_iterations":46,"checksum":7171072,"verified":true}
EVENT_LAB {"kind":"relations_free_join","candidate":"essential512","product_mode":"materialized","bits":12,"worlds":4096,"rows":128,"groups":16,"memo":true,"build_s":[9.4083e-5],"join_only_s":[2.5125e-5],"fresh_s":[0.000511],"warm_s":[1.6167e-5],"input_bytes_est":5631,"final_bytes_est":112096,"input_nodes":40,"final_nodes":510,"input_storage":{"layout":"enum","record_bytes":1280,"table_bytes":1280,"interner_bytes":2296,"metadata_bytes":416,"cache_bytes":119,"records":40,"tables":39,"logical_words":80,"total_bytes_est":5391},"final_storage":{"layout":"enum","record_bytes":20480,"table_bytes":25008,"interner_bytes":36736,"metadata_bytes":5216,"cache_bytes":11424,"records":510,"tables":509,"logical_words":1563,"total_bytes_est":98864},"closure_iterations":46,"checksum":7171072,"verified":true}
EVENT_LAB {"kind":"relations_free_join","candidate":"essential512","product_mode":"materialized","bits":18,"worlds":262144,"rows":128,"groups":16,"memo":false,"build_s":[0.001264584],"join_only_s":[1.875e-5],"fresh_s":[0.01032525],"warm_s":[0.006156208],"input_bytes_est":45330,"final_bytes_est":1043640,"input_nodes":250,"final_nodes":5273,"input_storage":{"layout":"enum","record_bytes":8000,"table_bytes":15744,"interner_bytes":18368,"metadata_bytes":2144,"cache_bytes":714,"records":250,"tables":150,"logical_words":984,"total_bytes_est":44970},"final_storage":{"layout":"enum","record_bytes":256000,"table_bytes":246464,"interner_bytes":293888,"metadata_bytes":64144,"cache_bytes":182784,"records":5273,"tables":4257,"logical_words":15404,"total_bytes_est":1043280},"closure_iterations":52,"checksum":215255808,"verified":true}
EVENT_LAB {"kind":"relations_free_join","candidate":"essential512","product_mode":"materialized","bits":18,"worlds":262144,"rows":128,"groups":16,"memo":true,"build_s":[0.001264584],"join_only_s":[1.875e-5],"fresh_s":[0.007450583],"warm_s":[2.2334e-5],"input_bytes_est":45330,"final_bytes_est":1056632,"input_nodes":250,"final_nodes":5273,"input_storage":{"layout":"enum","record_bytes":8000,"table_bytes":15744,"interner_bytes":18368,"metadata_bytes":2144,"cache_bytes":714,"records":250,"tables":150,"logical_words":984,"total_bytes_est":44970},"final_storage":{"layout":"enum","record_bytes":256000,"table_bytes":246464,"interner_bytes":293888,"metadata_bytes":64144,"cache_bytes":182784,"records":5273,"tables":4257,"logical_words":15404,"total_bytes_est":1043280},"closure_iterations":52,"checksum":215255808,"verified":true}
ok

test result: ok. 1 passed; 0 failed; 0 ignored; 0 measured; 1375 filtered out; finished in 0.49s


        0.48 real         0.48 user         0.00 sys
            11730944  maximum resident set size
                   0  average shared memory size
                   0  average unshared data size
                   0  average unshared stack size
                 930  page reclaims
                   0  page faults
                   0  swaps
                   0  block input operations
                   0  block output operations
                   0  messages sent
                   0  messages received
                   0  signals received
                   0  voluntary context switches
                 123  involuntary context switches
          8991119348  instructions retired
          1629685262  cycles elapsed
             8831360  peak memory footprint
