
running 1 test
test event_repr_lab::experiment ... EVENT_LAB {"kind":"free_join","candidate":"packed256","scenario":"structured_65536","shape":"triangle","memo":false,"worlds":65536,"admissible_worlds":65536,"rows":1024,"groups":64,"plan_nodes":3,"input_nodes":33,"final_nodes":85027,"input_bytes_est":2688,"final_bytes_est":8978528,"colt_bytes":163104,"build_s":[0.000187542, 0.000174375, 0.000181417, 0.000186875, 0.000180916, 0.000185375, 0.000181333],"native_setup_s":0.000222958,"native_first_join_s":0.000102792,"join_only_s":[5.0583e-5, 4.7e-5, 4.6834e-5, 4.6917e-5, 4.6833e-5, 4.7e-5, 4.6875e-5],"fresh_s":[0.008000792, 0.007485875, 0.007093334, 0.0072335, 0.00708675, 0.007012125, 0.006804125],"warm_s":[0.0006261263125, 0.0006355625, 0.00060854296875, 0.0006447916875, 0.00062729946875, 0.00064309375, 0.00062333075],"warm_loops":32,"checksum":109067234,"verified":true}
EVENT_LAB {"kind":"free_join","candidate":"packed256","scenario":"structured_65536","shape":"triangle","memo":true,"worlds":65536,"admissible_worlds":65536,"rows":1024,"groups":64,"plan_nodes":3,"input_nodes":33,"final_nodes":85027,"input_bytes_est":2688,"final_bytes_est":9121888,"colt_bytes":163104,"build_s":[0.000187542, 0.000174375, 0.000181417, 0.000186875, 0.000180916, 0.000185375, 0.000181333],"native_setup_s":0.000222958,"native_first_join_s":0.000102792,"join_only_s":[5.0583e-5, 4.7e-5, 4.6834e-5, 4.6917e-5, 4.6833e-5, 4.7e-5, 4.6875e-5],"fresh_s":[0.006958875, 0.007571333, 0.007018542, 0.007248292, 0.007323875, 0.007355291, 0.0070785],"warm_s":[0.000574061859375, 0.00056817578125, 0.000571057296875, 0.000574608734375, 0.0005824264375, 0.00057266015625, 0.000568884125],"warm_loops":64,"checksum":109067234,"verified":true}
EVENT_LAB {"kind":"free_join","candidate":"packed256","scenario":"structured_65536","shape":"clover","memo":false,"worlds":65536,"admissible_worlds":65536,"rows":4096,"groups":64,"plan_nodes":3,"input_nodes":33,"final_nodes":62346,"input_bytes_est":2688,"final_bytes_est":10190944,"colt_bytes":41104,"build_s":[0.000189, 0.000179667, 0.0001905, 0.000183833, 0.000209834, 0.000179875, 0.000206875],"native_setup_s":0.000153834,"native_first_join_s":0.000100042,"join_only_s":[7.6083e-5, 7.3917e-5, 7.3791e-5, 7.3458e-5, 7.3542e-5, 7.35e-5, 7.3417e-5],"fresh_s":[0.008751542, 0.009082666, 0.008581417, 0.008034625, 0.008212833, 0.008512875, 0.008960667],"warm_s":[0.000399330734375, 0.000402481125, 0.000404146484375, 0.00039896028125, 0.000394872390625, 0.000395405609375, 0.00039393425],"warm_loops":64,"checksum":112347088,"verified":true}
EVENT_LAB {"kind":"free_join","candidate":"packed256","scenario":"structured_65536","shape":"clover","memo":true,"worlds":65536,"admissible_worlds":65536,"rows":4096,"groups":64,"plan_nodes":3,"input_nodes":33,"final_nodes":62346,"input_bytes_est":2688,"final_bytes_est":10477664,"colt_bytes":41104,"build_s":[0.000189, 0.000179667, 0.0001905, 0.000183833, 0.000209834, 0.000179875, 0.000206875],"native_setup_s":0.000153834,"native_first_join_s":0.000100042,"join_only_s":[7.6083e-5, 7.3917e-5, 7.3791e-5, 7.3458e-5, 7.3542e-5, 7.35e-5, 7.3417e-5],"fresh_s":[0.008623291, 0.009484833, 0.009082584, 0.008421917, 0.008924208, 0.008841375, 0.009075458],"warm_s":[0.0002661595, 0.000266771484375, 0.0002675244140625, 0.0002697526015625, 0.00026638671875, 0.000263507484375, 0.000265831375],"warm_loops":128,"checksum":112347088,"verified":true}
ok

test result: ok. 1 passed; 0 failed; 0 ignored; 0 measured; 1360 filtered out; finished in 2.03s


        2.03 real         2.02 user         0.00 sys
            53690368  maximum resident set size
                   0  average shared memory size
                   0  average unshared data size
                   0  average unshared stack size
                3490  page reclaims
                   0  page faults
                   0  swaps
                   0  block input operations
                   0  block output operations
                   0  messages sent
                   0  messages received
                   0  signals received
                   0  voluntary context switches
                 585  involuntary context switches
         25314000368  instructions retired
          6709909166  cycles elapsed
            51249584  peak memory footprint
