
running 1 test
test event_repr_lab::experiment ... EVENT_LAB {"kind":"free_join","candidate":"packed256","scenario":"random_4096","shape":"triangle","memo":false,"worlds":4096,"admissible_worlds":4096,"rows":1024,"groups":64,"plan_nodes":3,"input_nodes":1489,"final_nodes":56809,"input_bytes_est":120912,"final_bytes_est":7358544,"colt_bytes":163104,"build_s":[8.1459e-5, 6.0458e-5, 4.375e-5, 4.325e-5, 3.8e-5, 4.075e-5, 3.8125e-5],"native_setup_s":0.000234208,"native_first_join_s":0.0000995,"join_only_s":[5.1541e-5, 4.5917e-5, 4.5292e-5, 4.5416e-5, 4.525e-5, 4.6083e-5, 4.8541e-5],"fresh_s":[0.00386225, 0.003636667, 0.00346625, 0.003472458, 0.003598667, 0.003449667, 0.003555459],"warm_s":[0.00017185775, 0.0001707483671875, 0.000171, 0.0001692223359375, 0.00016970703125, 0.0001702158203125, 0.000168470703125],"warm_loops":128,"checksum":6755311,"verified":true}
EVENT_LAB {"kind":"free_join","candidate":"packed256","scenario":"random_4096","shape":"triangle","memo":true,"worlds":4096,"admissible_worlds":4096,"rows":1024,"groups":64,"plan_nodes":3,"input_nodes":1489,"final_nodes":56809,"input_bytes_est":120912,"final_bytes_est":7501904,"colt_bytes":163104,"build_s":[8.1459e-5, 6.0458e-5, 4.375e-5, 4.325e-5, 3.8e-5, 4.075e-5, 3.8125e-5],"native_setup_s":0.000234208,"native_first_join_s":0.0000995,"join_only_s":[5.1541e-5, 4.5917e-5, 4.5292e-5, 4.5416e-5, 4.525e-5, 4.6083e-5, 4.8541e-5],"fresh_s":[0.003478375, 0.003546875, 0.003329333, 0.003082625, 0.003498, 0.003428875, 0.003405916],"warm_s":[0.000131537921875, 0.0001323177109375, 0.0001316220703125, 0.00013192594140625, 0.00013238362890625, 0.0001319541015625, 0.00013206526953125],"warm_loops":256,"checksum":6755311,"verified":true}
EVENT_LAB {"kind":"free_join","candidate":"packed256","scenario":"random_4096","shape":"clover","memo":false,"worlds":4096,"admissible_worlds":4096,"rows":4096,"groups":64,"plan_nodes":3,"input_nodes":1489,"final_nodes":138633,"input_bytes_est":120912,"final_bytes_est":19304528,"colt_bytes":41104,"build_s":[6.9792e-5, 4.775e-5, 4.1334e-5, 4.1333e-5, 3.8792e-5, 3.8792e-5, 3.7875e-5],"native_setup_s":0.000138958,"native_first_join_s":0.000101125,"join_only_s":[7.4958e-5, 7.6875e-5, 7.6667e-5, 7.3792e-5, 7.4125e-5, 7.4208e-5, 7.3792e-5],"fresh_s":[0.01094825, 0.010789417, 0.009976958, 0.00994925, 0.010652958, 0.009793375, 0.009587709],"warm_s":[0.000343384109375, 0.000352600265625, 0.000356795578125, 0.000346479828125, 0.00035264453125, 0.000348841796875, 0.00037748696875],"warm_loops":64,"checksum":7037411,"verified":true}
EVENT_LAB {"kind":"free_join","candidate":"packed256","scenario":"random_4096","shape":"clover","memo":true,"worlds":4096,"admissible_worlds":4096,"rows":4096,"groups":64,"plan_nodes":3,"input_nodes":1489,"final_nodes":138633,"input_bytes_est":120912,"final_bytes_est":19591248,"colt_bytes":41104,"build_s":[6.9792e-5, 4.775e-5, 4.1334e-5, 4.1333e-5, 3.8792e-5, 3.8792e-5, 3.7875e-5],"native_setup_s":0.000138958,"native_first_join_s":0.000101125,"join_only_s":[7.4958e-5, 7.6875e-5, 7.6667e-5, 7.3792e-5, 7.4125e-5, 7.4208e-5, 7.3792e-5],"fresh_s":[0.01041025, 0.009978875, 0.010271, 0.010230084, 0.010066958, 0.009863167, 0.010613375],"warm_s":[0.0002168763046875, 0.0002182102890625, 0.0002151246796875, 0.00021584440625, 0.0002177744140625, 0.0002159703828125, 0.0002155328828125],"warm_loops":128,"checksum":7037411,"verified":true}
ok

test result: ok. 1 passed; 0 failed; 0 ignored; 0 measured; 1360 filtered out; finished in 1.19s


        1.19 real         1.17 user         0.01 sys
            76267520  maximum resident set size
                   0  average shared memory size
                   0  average unshared data size
                   0  average unshared stack size
                4868  page reclaims
                   0  page faults
                   0  swaps
                   0  block input operations
                   0  block output operations
                   0  messages sent
                   0  messages received
                   0  signals received
                   0  voluntary context switches
                 399  involuntary context switches
         15348648587  instructions retired
          3931090806  cycles elapsed
            73826736  peak memory footprint
