
running 1 test
test event_repr_lab::experiment ... EVENT_LAB {"kind":"free_join","candidate":"packed256","scenario":"coup_product_65536","shape":"triangle","memo":false,"worlds":65536,"admissible_worlds":4290,"rows":1024,"groups":64,"plan_nodes":3,"input_nodes":4603,"final_nodes":62332,"input_bytes_est":503904,"final_bytes_est":6824800,"colt_bytes":163104,"build_s":[0.000486792, 0.000477333, 0.000404875, 0.000380959, 0.00038575, 0.000387291, 0.000445917],"native_setup_s":0.000234167,"native_first_join_s":0.000130792,"join_only_s":[5.9375e-5, 4.5667e-5, 4.5458e-5, 4.5583e-5, 4.5625e-5, 4.5583e-5, 4.5458e-5],"fresh_s":[0.007614292, 0.007566, 0.006774458, 0.006459708, 0.00670725, 0.006123208, 0.006332958],"warm_s":[0.000346658203125, 0.00034106509375, 0.00033788540625, 0.000344873703125, 0.000349319015625, 0.000332950515625, 0.000346619140625],"warm_loops":64,"checksum":5648062,"verified":true}
EVENT_LAB {"kind":"free_join","candidate":"packed256","scenario":"coup_product_65536","shape":"triangle","memo":true,"worlds":65536,"admissible_worlds":4290,"rows":1024,"groups":64,"plan_nodes":3,"input_nodes":4603,"final_nodes":62332,"input_bytes_est":503904,"final_bytes_est":6896480,"colt_bytes":163104,"build_s":[0.000486792, 0.000477333, 0.000404875, 0.000380959, 0.00038575, 0.000387291, 0.000445917],"native_setup_s":0.000234167,"native_first_join_s":0.000130792,"join_only_s":[5.9375e-5, 4.5667e-5, 4.5458e-5, 4.5583e-5, 4.5625e-5, 4.5583e-5, 4.5458e-5],"fresh_s":[0.006221, 0.006778041, 0.006396833, 0.006359959, 0.006247792, 0.006165792, 0.00622125],"warm_s":[0.0002977532578125, 0.0003016077421875, 0.0002921455078125, 0.000294154625, 0.000305549484375, 0.0003020810546875, 0.000301888671875],"warm_loops":128,"checksum":5648062,"verified":true}
EVENT_LAB {"kind":"free_join","candidate":"packed256","scenario":"coup_product_65536","shape":"clover","memo":false,"worlds":65536,"admissible_worlds":4290,"rows":4096,"groups":64,"plan_nodes":3,"input_nodes":4603,"final_nodes":91296,"input_bytes_est":503904,"final_bytes_est":12908128,"colt_bytes":41104,"build_s":[0.000445042, 0.000422167, 0.000416209, 0.000409209, 0.0004065, 0.000399125, 0.000399292],"native_setup_s":0.000147292,"native_first_join_s":0.000104584,"join_only_s":[9.7041e-5, 7.1875e-5, 8.0417e-5, 7.7625e-5, 7.3042e-5, 7.3125e-5, 7.3167e-5],"fresh_s":[0.015229875, 0.01579175, 0.014945667, 0.014907542, 0.014507625, 0.015106167, 0.014200125],"warm_s":[0.000536052734375, 0.00052141471875, 0.00053288671875, 0.000541783859375, 0.000517705078125, 0.000537306, 0.000524034515625],"warm_loops":64,"checksum":5691950,"verified":true}
EVENT_LAB {"kind":"free_join","candidate":"packed256","scenario":"coup_product_65536","shape":"clover","memo":true,"worlds":65536,"admissible_worlds":4290,"rows":4096,"groups":64,"plan_nodes":3,"input_nodes":4603,"final_nodes":91296,"input_bytes_est":503904,"final_bytes_est":13194848,"colt_bytes":41104,"build_s":[0.000445042, 0.000422167, 0.000416209, 0.000409209, 0.0004065, 0.000399125, 0.000399292],"native_setup_s":0.000147292,"native_first_join_s":0.000104584,"join_only_s":[9.7041e-5, 7.1875e-5, 8.0417e-5, 7.7625e-5, 7.3042e-5, 7.3125e-5, 7.3167e-5],"fresh_s":[0.014112792, 0.0138515, 0.014088917, 0.014231458, 0.014282625, 0.013495375, 0.01440125],"warm_s":[0.000367925125, 0.000363287765625, 0.000373345046875, 0.0003664641875, 0.000369221359375, 0.000367495453125, 0.000348640625],"warm_loops":64,"checksum":5691950,"verified":true}
ok

test result: ok. 1 passed; 0 failed; 0 ignored; 0 measured; 1360 filtered out; finished in 1.90s


        1.90 real         1.88 user         0.00 sys
            58310656  maximum resident set size
                   0  average shared memory size
                   0  average unshared data size
                   0  average unshared stack size
                3771  page reclaims
                   0  page faults
                   0  swaps
                   0  block input operations
                   0  block output operations
                   0  messages sent
                   0  messages received
                   0  signals received
                   0  voluntary context switches
                 622  involuntary context switches
         22990891031  instructions retired
          6207853440  cycles elapsed
            55853488  peak memory footprint
