
running 1 test
test event_repr_lab::experiment ... EVENT_LAB {"kind":"legal_relation_free_join","candidate":"retraction512","domain":"below","product_mode":"views","support_gates":"certified","bits":12,"width":4,"environments":1,"worlds":4096,"admissible_worlds":2197,"rows":128,"groups":16,"outputs":80,"memo":false,"build_s":[0.000657166],"support_s":[7.8666e-5],"import_s":[0.000548333],"admission_s":[2.9875e-5],"join_only_s":[3.5083e-5],"fresh_s":[0.001062042],"warm_s":[0.000878459],"fresh_compute_s":[0.000956583],"fresh_count_s":[0.00010525],"warm_compute_s":[0.000776334],"warm_count_s":[0.000101875],"input_bytes_est":64507,"final_bytes_est":126731,"input_nodes":649,"final_nodes":959,"input_storage":{"layout":"slab","record_bytes":10384,"table_bytes":12832,"interner_bytes":17828,"metadata_bytes":5336,"cache_bytes":17671,"records":649,"tables":645,"logical_words":1604,"total_bytes_est":64051},"final_storage":{"layout":"slab","record_bytes":20768,"table_bytes":25664,"interner_bytes":35656,"metadata_bytes":10528,"cache_bytes":32903,"records":959,"tables":955,"logical_words":2212,"total_bytes_est":125519},"checksum":3773900,"verified":true}
EVENT_LAB {"kind":"legal_relation_free_join","candidate":"retraction512","domain":"below","product_mode":"views","support_gates":"certified","bits":12,"width":4,"environments":1,"worlds":4096,"admissible_worlds":2197,"rows":128,"groups":16,"outputs":80,"memo":true,"build_s":[0.000657166],"support_s":[7.8666e-5],"import_s":[0.000548333],"admission_s":[2.9875e-5],"join_only_s":[3.5083e-5],"fresh_s":[0.000633792],"warm_s":[0.00013175],"fresh_compute_s":[0.000534542],"fresh_count_s":[9.8958e-5],"warm_compute_s":[2.9042e-5],"warm_count_s":[0.00010225],"input_bytes_est":64507,"final_bytes_est":138631,"input_nodes":649,"final_nodes":959,"input_storage":{"layout":"slab","record_bytes":10384,"table_bytes":12832,"interner_bytes":17828,"metadata_bytes":5336,"cache_bytes":17671,"records":649,"tables":645,"logical_words":1604,"total_bytes_est":64051},"final_storage":{"layout":"slab","record_bytes":20768,"table_bytes":25664,"interner_bytes":35656,"metadata_bytes":10528,"cache_bytes":32903,"records":959,"tables":955,"logical_words":2212,"total_bytes_est":125519},"checksum":3773900,"verified":true}
EVENT_LAB {"kind":"legal_relation_free_join","candidate":"retraction512","domain":"below","product_mode":"views","support_gates":"certified","bits":18,"width":6,"environments":1,"worlds":262144,"admissible_worlds":226981,"rows":128,"groups":16,"outputs":80,"memo":false,"build_s":[0.007890292],"support_s":[6.8292e-5],"import_s":[0.007727792],"admission_s":[9.3833e-5],"join_only_s":[1.6417e-5],"fresh_s":[0.008651208],"warm_s":[0.005818708],"fresh_compute_s":[0.006656208],"fresh_count_s":[0.001994875],"warm_compute_s":[0.003907875],"warm_count_s":[0.001910542],"input_bytes_est":1100531,"final_bytes_est":1704923,"input_nodes":10703,"final_nodes":13037,"input_storage":{"layout":"slab","record_bytes":171248,"table_bytes":243024,"interner_bytes":286524,"metadata_bytes":85840,"cache_bytes":313223,"records":10703,"tables":5932,"logical_words":30378,"total_bytes_est":1099859},"final_storage":{"layout":"slab","record_bytes":342496,"table_bytes":486048,"interner_bytes":329336,"metadata_bytes":171464,"cache_bytes":374151,"records":13037,"tables":7763,"logical_words":36541,"total_bytes_est":1703495},"checksum":181462800,"verified":true}
EVENT_LAB {"kind":"legal_relation_free_join","candidate":"retraction512","domain":"below","product_mode":"views","support_gates":"certified","bits":18,"width":6,"environments":1,"worlds":262144,"admissible_worlds":226981,"rows":128,"groups":16,"outputs":80,"memo":true,"build_s":[0.007890292],"support_s":[6.8292e-5],"import_s":[0.007727792],"admission_s":[9.3833e-5],"join_only_s":[1.6417e-5],"fresh_s":[0.0056675],"warm_s":[0.001956625],"fresh_compute_s":[0.003826667],"fresh_count_s":[0.001840333],"warm_compute_s":[3.4e-5],"warm_count_s":[0.001922042],"input_bytes_est":1100531,"final_bytes_est":1718419,"input_nodes":10703,"final_nodes":13037,"input_storage":{"layout":"slab","record_bytes":171248,"table_bytes":243024,"interner_bytes":286524,"metadata_bytes":85840,"cache_bytes":313223,"records":10703,"tables":5932,"logical_words":30378,"total_bytes_est":1099859},"final_storage":{"layout":"slab","record_bytes":342496,"table_bytes":486048,"interner_bytes":329336,"metadata_bytes":171464,"cache_bytes":374151,"records":13037,"tables":7763,"logical_words":36541,"total_bytes_est":1703495},"checksum":181462800,"verified":true}
ok

test result: ok. 1 passed; 0 failed; 0 ignored; 0 measured; 1378 filtered out; finished in 3.62s


        3.62 real         3.58 user         0.03 sys
            17629184  maximum resident set size
                   0  average shared memory size
                   0  average unshared data size
                   0  average unshared stack size
                1291  page reclaims
                   0  page faults
                   0  swaps
                   0  block input operations
                   0  block output operations
                   0  messages sent
                   0  messages received
                   0  signals received
                   0  voluntary context switches
                 656  involuntary context switches
         48783590438  instructions retired
         11925368986  cycles elapsed
            14533016  peak memory footprint
