
running 1 test
test event_repr_lab::experiment ... EVENT_LAB {"kind":"legal_relation_free_join","candidate":"retraction512","domain":"below","product_mode":"views-inputs","support_gates":"certified","bits":12,"width":4,"environments":1,"worlds":4096,"admissible_worlds":2197,"rows":128,"groups":16,"outputs":80,"memo":false,"build_s":[0.000571583],"support_s":[6.1958e-5],"import_s":[0.000480833],"admission_s":[2.8541e-5],"join_only_s":[2.6292e-5],"fresh_s":[0.003027166],"warm_s":[0.003211917],"fresh_compute_s":[0.0008995],"fresh_count_s":[0.002127584],"warm_compute_s":[0.000905667],"warm_count_s":[0.002305917],"input_bytes_est":64507,"final_bytes_est":126731,"input_nodes":649,"final_nodes":960,"input_storage":{"layout":"slab","record_bytes":10384,"table_bytes":12832,"interner_bytes":17828,"metadata_bytes":5336,"cache_bytes":17671,"records":649,"tables":645,"logical_words":1604,"total_bytes_est":64051},"final_storage":{"layout":"slab","record_bytes":20768,"table_bytes":25664,"interner_bytes":35656,"metadata_bytes":10528,"cache_bytes":32903,"records":960,"tables":956,"logical_words":2144,"total_bytes_est":125519},"checksum":3773900,"verified":true}
EVENT_LAB {"kind":"legal_relation_free_join","candidate":"retraction512","domain":"below","product_mode":"views-inputs","support_gates":"certified","bits":12,"width":4,"environments":1,"worlds":4096,"admissible_worlds":2197,"rows":128,"groups":16,"outputs":80,"memo":true,"build_s":[0.000571583],"support_s":[6.1958e-5],"import_s":[0.000480833],"admission_s":[2.8541e-5],"join_only_s":[2.6292e-5],"fresh_s":[0.002665334],"warm_s":[0.002097375],"fresh_compute_s":[0.000525875],"fresh_count_s":[0.002139208],"warm_compute_s":[1.5708e-5],"warm_count_s":[0.002081542],"input_bytes_est":64507,"final_bytes_est":139303,"input_nodes":649,"final_nodes":960,"input_storage":{"layout":"slab","record_bytes":10384,"table_bytes":12832,"interner_bytes":17828,"metadata_bytes":5336,"cache_bytes":17671,"records":649,"tables":645,"logical_words":1604,"total_bytes_est":64051},"final_storage":{"layout":"slab","record_bytes":20768,"table_bytes":25664,"interner_bytes":35656,"metadata_bytes":10528,"cache_bytes":32903,"records":960,"tables":956,"logical_words":2144,"total_bytes_est":125519},"checksum":3773900,"verified":true}
EVENT_LAB {"kind":"legal_relation_free_join","candidate":"retraction512","domain":"below","product_mode":"views-inputs","support_gates":"certified","bits":18,"width":6,"environments":1,"worlds":262144,"admissible_worlds":226981,"rows":128,"groups":16,"outputs":80,"memo":false,"build_s":[0.007738917],"support_s":[6.4458e-5],"import_s":[0.007580208],"admission_s":[9.3958e-5],"join_only_s":[1.3334e-5],"fresh_s":[0.038687833],"warm_s":[0.03893625],"fresh_compute_s":[0.005536083],"fresh_count_s":[0.033151625],"warm_compute_s":[0.004683083],"warm_count_s":[0.034252583],"input_bytes_est":1100531,"final_bytes_est":1704923,"input_nodes":10703,"final_nodes":13101,"input_storage":{"layout":"slab","record_bytes":171248,"table_bytes":243024,"interner_bytes":286524,"metadata_bytes":85840,"cache_bytes":313223,"records":10703,"tables":5932,"logical_words":30378,"total_bytes_est":1099859},"final_storage":{"layout":"slab","record_bytes":342496,"table_bytes":486048,"interner_bytes":329336,"metadata_bytes":171464,"cache_bytes":374151,"records":13101,"tables":7731,"logical_words":36027,"total_bytes_est":1703495},"checksum":181462800,"verified":true}
EVENT_LAB {"kind":"legal_relation_free_join","candidate":"retraction512","domain":"below","product_mode":"views-inputs","support_gates":"certified","bits":18,"width":6,"environments":1,"worlds":262144,"admissible_worlds":226981,"rows":128,"groups":16,"outputs":80,"memo":true,"build_s":[0.007738917],"support_s":[6.4458e-5],"import_s":[0.007580208],"admission_s":[9.3958e-5],"join_only_s":[1.3334e-5],"fresh_s":[0.037517792],"warm_s":[0.033797875],"fresh_compute_s":[0.00357175],"fresh_count_s":[0.033945416],"warm_compute_s":[2.4166e-5],"warm_count_s":[0.033772542],"input_bytes_est":1100531,"final_bytes_est":1719091,"input_nodes":10703,"final_nodes":13101,"input_storage":{"layout":"slab","record_bytes":171248,"table_bytes":243024,"interner_bytes":286524,"metadata_bytes":85840,"cache_bytes":313223,"records":10703,"tables":5932,"logical_words":30378,"total_bytes_est":1099859},"final_storage":{"layout":"slab","record_bytes":342496,"table_bytes":486048,"interner_bytes":329336,"metadata_bytes":171464,"cache_bytes":374151,"records":13101,"tables":7731,"logical_words":36027,"total_bytes_est":1703495},"checksum":181462800,"verified":true}
ok

test result: ok. 1 passed; 0 failed; 0 ignored; 0 measured; 1378 filtered out; finished in 3.68s


        3.68 real         3.60 user         0.07 sys
            14598144  maximum resident set size
                   0  average shared memory size
                   0  average unshared data size
                   0  average unshared stack size
                1105  page reclaims
                   0  page faults
                   0  swaps
                   0  block input operations
                   0  block output operations
                   0  messages sent
                   0  messages received
                   0  signals received
                   0  voluntary context switches
                  99  involuntary context switches
         51488556750  instructions retired
         12503573170  cycles elapsed
            11501952  peak memory footprint
