
running 1 test
test event_repr_lab::experiment ... EVENT_LAB {"kind":"legal_relation_free_join","candidate":"retraction512","domain":"below","product_mode":"views","support_gates":"certified","bits":12,"width":4,"environments":1,"worlds":4096,"admissible_worlds":2197,"rows":128,"groups":16,"outputs":80,"memo":false,"build_s":[0.000568167],"support_s":[6.2167e-5],"import_s":[0.000477417],"admission_s":[2.8375e-5],"join_only_s":[2.7834e-5],"fresh_s":[0.00310425],"warm_s":[0.002819542],"fresh_compute_s":[0.000911333],"fresh_count_s":[0.00219275],"warm_compute_s":[0.000707042],"warm_count_s":[0.002112375],"input_bytes_est":64507,"final_bytes_est":126731,"input_nodes":649,"final_nodes":959,"input_storage":{"layout":"slab","record_bytes":10384,"table_bytes":12832,"interner_bytes":17828,"metadata_bytes":5336,"cache_bytes":17671,"records":649,"tables":645,"logical_words":1604,"total_bytes_est":64051},"final_storage":{"layout":"slab","record_bytes":20768,"table_bytes":25664,"interner_bytes":35656,"metadata_bytes":10528,"cache_bytes":32903,"records":959,"tables":955,"logical_words":2212,"total_bytes_est":125519},"checksum":3773900,"verified":true}
EVENT_LAB {"kind":"legal_relation_free_join","candidate":"retraction512","domain":"below","product_mode":"views","support_gates":"certified","bits":12,"width":4,"environments":1,"worlds":4096,"admissible_worlds":2197,"rows":128,"groups":16,"outputs":80,"memo":true,"build_s":[0.000568167],"support_s":[6.2167e-5],"import_s":[0.000477417],"admission_s":[2.8375e-5],"join_only_s":[2.7834e-5],"fresh_s":[0.002640959],"warm_s":[0.002193167],"fresh_compute_s":[0.000518292],"fresh_count_s":[0.002122458],"warm_compute_s":[1.2417e-5],"warm_count_s":[0.002180625],"input_bytes_est":64507,"final_bytes_est":138631,"input_nodes":649,"final_nodes":959,"input_storage":{"layout":"slab","record_bytes":10384,"table_bytes":12832,"interner_bytes":17828,"metadata_bytes":5336,"cache_bytes":17671,"records":649,"tables":645,"logical_words":1604,"total_bytes_est":64051},"final_storage":{"layout":"slab","record_bytes":20768,"table_bytes":25664,"interner_bytes":35656,"metadata_bytes":10528,"cache_bytes":32903,"records":959,"tables":955,"logical_words":2212,"total_bytes_est":125519},"checksum":3773900,"verified":true}
EVENT_LAB {"kind":"legal_relation_free_join","candidate":"retraction512","domain":"below","product_mode":"views","support_gates":"certified","bits":18,"width":6,"environments":1,"worlds":262144,"admissible_worlds":226981,"rows":128,"groups":16,"outputs":80,"memo":false,"build_s":[0.007835417],"support_s":[6.6083e-5],"import_s":[0.00766475],"admission_s":[0.000104167],"join_only_s":[1.3375e-5],"fresh_s":[0.039533167],"warm_s":[0.037729542],"fresh_compute_s":[0.005637667],"fresh_count_s":[0.033895375],"warm_compute_s":[0.003980875],"warm_count_s":[0.033748042],"input_bytes_est":1100531,"final_bytes_est":1704923,"input_nodes":10703,"final_nodes":13037,"input_storage":{"layout":"slab","record_bytes":171248,"table_bytes":243024,"interner_bytes":286524,"metadata_bytes":85840,"cache_bytes":313223,"records":10703,"tables":5932,"logical_words":30378,"total_bytes_est":1099859},"final_storage":{"layout":"slab","record_bytes":342496,"table_bytes":486048,"interner_bytes":329336,"metadata_bytes":171464,"cache_bytes":374151,"records":13037,"tables":7763,"logical_words":36541,"total_bytes_est":1703495},"checksum":181462800,"verified":true}
EVENT_LAB {"kind":"legal_relation_free_join","candidate":"retraction512","domain":"below","product_mode":"views","support_gates":"certified","bits":18,"width":6,"environments":1,"worlds":262144,"admissible_worlds":226981,"rows":128,"groups":16,"outputs":80,"memo":true,"build_s":[0.007835417],"support_s":[6.6083e-5],"import_s":[0.00766475],"admission_s":[0.000104167],"join_only_s":[1.3375e-5],"fresh_s":[0.037442958],"warm_s":[0.034049208],"fresh_compute_s":[0.003934625],"fresh_count_s":[0.033507958],"warm_compute_s":[2.4e-5],"warm_count_s":[0.03402475],"input_bytes_est":1100531,"final_bytes_est":1718419,"input_nodes":10703,"final_nodes":13037,"input_storage":{"layout":"slab","record_bytes":171248,"table_bytes":243024,"interner_bytes":286524,"metadata_bytes":85840,"cache_bytes":313223,"records":10703,"tables":5932,"logical_words":30378,"total_bytes_est":1099859},"final_storage":{"layout":"slab","record_bytes":342496,"table_bytes":486048,"interner_bytes":329336,"metadata_bytes":171464,"cache_bytes":374151,"records":13037,"tables":7763,"logical_words":36541,"total_bytes_est":1703495},"checksum":181462800,"verified":true}
ok

test result: ok. 1 passed; 0 failed; 0 ignored; 0 measured; 1378 filtered out; finished in 3.67s


        3.67 real         3.60 user         0.06 sys
            14565376  maximum resident set size
                   0  average shared memory size
                   0  average unshared data size
                   0  average unshared stack size
                1104  page reclaims
                   0  page faults
                   0  swaps
                   0  block input operations
                   0  block output operations
                   0  messages sent
                   0  messages received
                   0  signals received
                   0  voluntary context switches
                  97  involuntary context switches
         51477091789  instructions retired
         12468067967  cycles elapsed
            11469184  peak memory footprint
