
running 1 test
test event_repr_lab::experiment ... EVENT_LAB {"kind":"legal_relation_free_join","candidate":"retraction512","domain":"fibred","product_mode":"views-inputs","support_gates":"certified","bits":13,"width":4,"environments":2,"worlds":8192,"admissible_worlds":3197,"rows":128,"groups":16,"outputs":80,"memo":false,"build_s":[0.001326],"support_s":[0.000181958],"import_s":[0.001053208],"admission_s":[9.0625e-5],"join_only_s":[3.025e-5],"fresh_s":[0.002098583],"warm_s":[0.001876791],"fresh_compute_s":[0.001764458],"fresh_count_s":[0.000333584],"warm_compute_s":[0.001566791],"warm_count_s":[0.000309625],"input_bytes_est":173931,"final_bytes_est":312947,"input_nodes":1415,"final_nodes":2087,"input_storage":{"layout":"slab","record_bytes":22640,"table_bytes":52944,"interner_bytes":36124,"metadata_bytes":11476,"cache_bytes":50167,"records":1415,"tables":1403,"logical_words":6618,"total_bytes_est":173351},"final_storage":{"layout":"slab","record_bytes":45280,"table_bytes":105888,"interner_bytes":72248,"metadata_bytes":22796,"cache_bytes":65399,"records":2087,"tables":2075,"logical_words":8184,"total_bytes_est":311611},"checksum":5522780,"verified":true}
EVENT_LAB {"kind":"legal_relation_free_join","candidate":"retraction512","domain":"fibred","product_mode":"views-inputs","support_gates":"certified","bits":13,"width":4,"environments":2,"worlds":8192,"admissible_worlds":3197,"rows":128,"groups":16,"outputs":80,"memo":true,"build_s":[0.001326],"support_s":[0.000181958],"import_s":[0.001053208],"admission_s":[9.0625e-5],"join_only_s":[3.025e-5],"fresh_s":[0.001312875],"warm_s":[0.000324917],"fresh_compute_s":[0.001014875],"fresh_count_s":[0.00029775],"warm_compute_s":[2.0459e-5],"warm_count_s":[0.000304375],"input_bytes_est":173931,"final_bytes_est":327115,"input_nodes":1415,"final_nodes":2087,"input_storage":{"layout":"slab","record_bytes":22640,"table_bytes":52944,"interner_bytes":36124,"metadata_bytes":11476,"cache_bytes":50167,"records":1415,"tables":1403,"logical_words":6618,"total_bytes_est":173351},"final_storage":{"layout":"slab","record_bytes":45280,"table_bytes":105888,"interner_bytes":72248,"metadata_bytes":22796,"cache_bytes":65399,"records":2087,"tables":2075,"logical_words":8184,"total_bytes_est":311611},"checksum":5522780,"verified":true}
EVENT_LAB {"kind":"legal_relation_free_join","candidate":"retraction512","domain":"fibred","product_mode":"views-inputs","support_gates":"certified","bits":19,"width":6,"environments":2,"worlds":524288,"admissible_worlds":301069,"rows":128,"groups":16,"outputs":80,"memo":false,"build_s":[0.035534125],"support_s":[0.000597],"import_s":[0.034391667],"admission_s":[0.000544833],"join_only_s":[1.775e-5],"fresh_s":[0.042165167],"warm_s":[0.038923834],"fresh_compute_s":[0.033366834],"fresh_count_s":[0.008797833],"warm_compute_s":[0.0301655],"warm_count_s":[0.008758],"input_bytes_est":4979999,"final_bytes_est":9943315,"input_nodes":53202,"final_nodes":60022,"input_storage":{"layout":"slab","record_bytes":851232,"table_bytes":1400848,"interner_bytes":1187656,"metadata_bytes":425844,"cache_bytes":1113367,"records":53202,"tables":26077,"logical_words":175106,"total_bytes_est":4978947},"final_storage":{"layout":"slab","record_bytes":1702464,"table_bytes":2801696,"interner_bytes":2375312,"metadata_bytes":851460,"cache_bytes":2210071,"records":60022,"tables":31226,"logical_words":191399,"total_bytes_est":9941003},"checksum":243821880,"verified":true}
EVENT_LAB {"kind":"legal_relation_free_join","candidate":"retraction512","domain":"fibred","product_mode":"views-inputs","support_gates":"certified","bits":19,"width":6,"environments":2,"worlds":524288,"admissible_worlds":301069,"rows":128,"groups":16,"outputs":80,"memo":true,"build_s":[0.035534125],"support_s":[0.000597],"import_s":[0.034391667],"admission_s":[0.000544833],"join_only_s":[1.775e-5],"fresh_s":[0.027830292],"warm_s":[0.008863166],"fresh_compute_s":[0.019052583],"fresh_count_s":[0.008777166],"warm_compute_s":[2.4125e-5],"warm_count_s":[0.0088385],"input_bytes_est":4979999,"final_bytes_est":9958379,"input_nodes":53202,"final_nodes":60022,"input_storage":{"layout":"slab","record_bytes":851232,"table_bytes":1400848,"interner_bytes":1187656,"metadata_bytes":425844,"cache_bytes":1113367,"records":53202,"tables":26077,"logical_words":175106,"total_bytes_est":4978947},"final_storage":{"layout":"slab","record_bytes":1702464,"table_bytes":2801696,"interner_bytes":2375312,"metadata_bytes":851460,"cache_bytes":2210071,"records":60022,"tables":31226,"logical_words":191399,"total_bytes_est":9941003},"checksum":243821880,"verified":true}
ok

test result: ok. 1 passed; 0 failed; 0 ignored; 0 measured; 1378 filtered out; finished in 12.20s


       12.20 real        12.00 user         0.19 sys
            49348608  maximum resident set size
                   0  average shared memory size
                   0  average unshared data size
                   0  average unshared stack size
                3226  page reclaims
                   0  page faults
                   0  swaps
                   0  block input operations
                   0  block output operations
                   0  messages sent
                   0  messages received
                   0  signals received
                   0  voluntary context switches
                 540  involuntary context switches
        137923372219  instructions retired
         41200126904  cycles elapsed
            46219672  peak memory footprint
