
running 1 test
test event_repr_lab::experiment ... EVENT_LAB {"kind":"owned_free_join","candidate":"prefix64","target_candidate":"prefix64","bits":12,"target_layout":"bit-major","target_setup_s":[5.041e-6],"restore_inputs_s":[5.275e-5],"program_setup_s":[9.917e-6],"query_s":[0.000724666],"owned_compute_s":[0.000737625],"novel_publication_classes":[10],"input_roots":24,"output_roots":80,"input_packet_bytes":1905,"output_packet_bytes":707,"final_arena_bytes_est":119032,"input_storage":{"layout":"slab","record_bytes":2048,"table_bytes":512,"interner_bytes":4320,"metadata_bytes":1208,"cache_bytes":2023,"records":116,"tables":48,"logical_words":48,"total_bytes_est":10111},"final_storage":{"layout":"slab","record_bytes":32768,"table_bytes":8192,"interner_bytes":38656,"metadata_bytes":16568,"cache_bytes":22848,"records":1194,"tables":899,"logical_words":899,"total_bytes_est":119032},"verified":true}
EVENT_LAB {"kind":"owned_free_join","candidate":"prefix64","target_candidate":"prefix64","bits":12,"target_layout":"face-major","target_setup_s":[3.208e-6],"restore_inputs_s":[8.5291e-5],"program_setup_s":[1.0875e-5],"query_s":[0.001067083],"owned_compute_s":[0.001079375],"novel_publication_classes":[10],"input_roots":24,"output_roots":80,"input_packet_bytes":1905,"output_packet_bytes":707,"final_arena_bytes_est":150072,"input_storage":{"layout":"slab","record_bytes":4096,"table_bytes":2048,"interner_bytes":4832,"metadata_bytes":2232,"cache_bytes":4760,"records":212,"tables":144,"logical_words":144,"total_bytes_est":17968},"final_storage":{"layout":"slab","record_bytes":32768,"table_bytes":16384,"interner_bytes":38656,"metadata_bytes":16568,"cache_bytes":45696,"records":1450,"tables":1103,"logical_words":1103,"total_bytes_est":150072},"verified":true}
EVENT_LAB {"kind":"owned_free_join","candidate":"prefix64","target_candidate":"packed512","bits":12,"target_layout":"bit-major","target_setup_s":[1.583e-6],"restore_inputs_s":[4.9125e-5],"program_setup_s":[3.325e-5],"query_s":[0.000251167],"owned_compute_s":[0.000285833],"novel_publication_classes":[10],"input_roots":24,"output_roots":80,"input_packet_bytes":1905,"output_packet_bytes":1645,"final_arena_bytes_est":78436,"input_storage":null,"final_storage":null,"verified":true}
EVENT_LAB {"kind":"owned_free_join","candidate":"prefix64","target_candidate":"prefix64","bits":18,"target_layout":"bit-major","target_setup_s":[4.5e-6],"restore_inputs_s":[0.000248416],"program_setup_s":[2.6917e-5],"query_s":[0.003288875],"owned_compute_s":[0.003317792],"novel_publication_classes":[18],"input_roots":24,"output_roots":80,"input_packet_bytes":10553,"output_packet_bytes":2717,"final_arena_bytes_est":567080,"input_storage":{"layout":"slab","record_bytes":16384,"table_bytes":2048,"interner_bytes":19328,"metadata_bytes":8488,"cache_bytes":16184,"records":888,"tables":181,"logical_words":181,"total_bytes_est":62432},"final_storage":{"layout":"slab","record_bytes":131072,"table_bytes":32768,"interner_bytes":154624,"metadata_bytes":65832,"cache_bytes":182784,"records":6043,"tables":3075,"logical_words":3075,"total_bytes_est":567080},"verified":true}
EVENT_LAB {"kind":"owned_free_join","candidate":"prefix64","target_candidate":"prefix64","bits":18,"target_layout":"face-major","target_setup_s":[4.667e-6],"restore_inputs_s":[0.001203083],"program_setup_s":[6.25e-5],"query_s":[0.017102583],"owned_compute_s":[0.017167375],"novel_publication_classes":[18],"input_roots":24,"output_roots":80,"input_packet_bytes":10553,"output_packet_bytes":4155,"final_arena_bytes_est":1377576,"input_storage":{"layout":"slab","record_bytes":65536,"table_bytes":16384,"interner_bytes":77312,"metadata_bytes":33064,"cache_bytes":91392,"records":3210,"tables":1262,"logical_words":1262,"total_bytes_est":283688},"final_storage":{"layout":"slab","record_bytes":262144,"table_bytes":65536,"interner_bytes":309248,"metadata_bytes":131368,"cache_bytes":609280,"records":11731,"tables":4251,"logical_words":4251,"total_bytes_est":1377576},"verified":true}
EVENT_LAB {"kind":"owned_free_join","candidate":"prefix64","target_candidate":"packed512","bits":18,"target_layout":"bit-major","target_setup_s":[1.791e-6],"restore_inputs_s":[0.000217375],"program_setup_s":[6.2333e-5],"query_s":[0.000725458],"owned_compute_s":[0.000790084],"novel_publication_classes":[18],"input_roots":24,"output_roots":80,"input_packet_bytes":10553,"output_packet_bytes":5221,"final_arena_bytes_est":489636,"input_storage":null,"final_storage":null,"verified":true}
ok

test result: ok. 1 passed; 0 failed; 0 ignored; 0 measured; 1378 filtered out; finished in 2.41s


        2.41 real         2.39 user         0.01 sys
            16334848  maximum resident set size
                   0  average shared memory size
                   0  average unshared data size
                   0  average unshared stack size
                1211  page reclaims
                   0  page faults
                   0  swaps
                   0  block input operations
                   0  block output operations
                   0  messages sent
                   0  messages received
                   0  signals received
                   0  voluntary context switches
                 134  involuntary context switches
         41958939227  instructions retired
          8059625933  cycles elapsed
            13140376  peak memory footprint
