
running 1 test
test event_repr_lab::experiment ... EVENT_LAB {"kind":"symbolic","candidate":"packed256","pairs":12,"interleaved":false,"worlds":16777216,"build_s":0.003777708,"count_s":0.00038475,"nodes":24066,"bytes_est":2205824,"verified":true}
ok

test result: ok. 1 passed; 0 failed; 0 ignored; 0 measured; 1360 filtered out; finished in 0.01s


        0.01 real         0.00 user         0.00 sys
             8044544  maximum resident set size
                   0  average shared memory size
                   0  average unshared data size
                   0  average unshared stack size
                 704  page reclaims
                   0  page faults
                   0  swaps
                   0  block input operations
                   0  block output operations
                   0  messages sent
                   0  messages received
                   0  signals received
                   0  voluntary context switches
                  39  involuntary context switches
            42807577  instructions retired
            22849868  cycles elapsed
             6668672  peak memory footprint
