
running 1 test
test event_repr_lab::experiment ... EVENT_LAB {"kind":"symbolic","candidate":"packed4096","pairs":16,"interleaved":false,"worlds":4294967296,"build_s":0.04415275,"count_s":0.007521209,"nodes":385034,"bytes_est":50036912,"verified":true}
ok

test result: ok. 1 passed; 0 failed; 0 ignored; 0 measured; 1360 filtered out; finished in 0.05s


        0.05 real         0.04 user         0.00 sys
            75907072  maximum resident set size
                   0  average shared memory size
                   0  average unshared data size
                   0  average unshared stack size
                5368  page reclaims
                   0  page faults
                   0  swaps
                   0  block input operations
                   0  block output operations
                   0  messages sent
                   0  messages received
                   0  signals received
                   0  voluntary context switches
                 214  involuntary context switches
           356833012  instructions retired
           165487694  cycles elapsed
            74580424  peak memory footprint
