
running 1 test
test event_repr_lab::experiment ... EVENT_LAB {"kind":"symbolic","candidate":"packed64","pairs":16,"interleaved":false,"worlds":4294967296,"build_s":0.031502542,"count_s":0.00635025,"nodes":393074,"bytes_est":34086296,"verified":true}
ok

test result: ok. 1 passed; 0 failed; 0 ignored; 0 measured; 1360 filtered out; finished in 0.04s


        0.04 real         0.03 user         0.00 sys
            55214080  maximum resident set size
                   0  average shared memory size
                   0  average unshared data size
                   0  average unshared stack size
                3850  page reclaims
                   0  page faults
                   0  swaps
                   0  block input operations
                   0  block output operations
                   0  messages sent
                   0  messages received
                   0  signals received
                   0  voluntary context switches
                  38  involuntary context switches
           312373354  instructions retired
           132649145  cycles elapsed
            53871024  peak memory footprint
