
running 1 test
test event_repr_lab::experiment ... FAILED

failures:

failures:
    event_repr_lab::experiment

test result: FAILED. 0 passed; 1 failed; 0 ignored; 0 measured; 1360 filtered out; finished in 0.56s



thread 'event_repr_lab::experiment' (8920698) panicked at /Users/bjorn/Documents/bumbledb/proposal/experiments/event-repr-lab/src/diagram.rs:87:9:
RESOURCE_CAP: decision diagram nodes
note: run with `RUST_BACKTRACE=1` environment variable to display a backtrace
        0.57 real         0.53 user         0.02 sys
           440352768  maximum resident set size
                   0  average shared memory size
                   0  average unshared data size
                   0  average unshared stack size
               28509  page reclaims
                   0  page faults
                   0  swaps
                   0  block input operations
                   0  block output operations
                   0  messages sent
                   0  messages received
                   0  signals received
                   0  voluntary context switches
                 413  involuntary context switches
          3476177791  instructions retired
          1853862055  cycles elapsed
           438895312  peak memory footprint
