
running 1 test
test event_repr_lab::experiment ... EVENT_LAB {"kind":"symbolic","candidate":"packed512","pairs":12,"interleaved":true,"worlds":16777216,"build_s":0.000049333,"count_s":0.000002208,"nodes":217,"bytes_est":21060,"verified":true}
ok

test result: ok. 1 passed; 0 failed; 0 ignored; 0 measured; 1360 filtered out; finished in 0.00s


        0.01 real         0.00 user         0.00 sys
             3555328  maximum resident set size
                   0  average shared memory size
                   0  average unshared data size
                   0  average unshared stack size
                 430  page reclaims
                   0  page faults
                   0  swaps
                   0  block input operations
                   0  block output operations
                   0  messages sent
                   0  messages received
                   0  signals received
                   0  voluntary context switches
                  22  involuntary context switches
            24417161  instructions retired
            10319096  cycles elapsed
             2163048  peak memory footprint
