
running 1 test
test event_repr_lab::experiment ... EVENT_LAB {"kind":"symbolic","candidate":"packed256","pairs":12,"interleaved":true,"worlds":16777216,"build_s":0.000033083,"count_s":0.000001791,"nodes":220,"bytes_est":18624,"verified":true}
ok

test result: ok. 1 passed; 0 failed; 0 ignored; 0 measured; 1360 filtered out; finished in 0.00s


        0.00 real         0.00 user         0.00 sys
             3522560  maximum resident set size
                   0  average shared memory size
                   0  average unshared data size
                   0  average unshared stack size
                 430  page reclaims
                   0  page faults
                   0  swaps
                   0  block input operations
                   0  block output operations
                   0  messages sent
                   0  messages received
                   0  signals received
                   0  voluntary context switches
                   8  involuntary context switches
            24432687  instructions retired
             8881239  cycles elapsed
             2130280  peak memory footprint
