
running 1 test
test event_repr_lab::experiment ... EVENT_LAB {"kind":"legal_relation_free_join","candidate":"dense-dispatched","domain":"below","product_mode":"materialized","support_gates":"materialized","bits":12,"width":4,"environments":1,"worlds":4096,"admissible_worlds":2197,"rows":128,"groups":16,"outputs":80,"memo":false,"build_s":[8.925e-5],"support_s":[1.6167e-5],"import_s":[4.458e-6],"admission_s":[6.825e-5],"join_only_s":[3.2084e-5],"fresh_s":[0.000166625],"warm_s":[0.0001365],"fresh_compute_s":[0.000165833],"fresh_count_s":[6.67e-7],"warm_compute_s":[0.00013575],"warm_count_s":[6.67e-7],"input_bytes_est":26608,"final_bytes_est":101068,"input_nodes":44,"final_nodes":173,"input_storage":null,"final_storage":null,"checksum":3773900,"verified":true}
EVENT_LAB {"kind":"legal_relation_free_join","candidate":"dense-dispatched","domain":"below","product_mode":"materialized","support_gates":"materialized","bits":12,"width":4,"environments":1,"worlds":4096,"admissible_worlds":2197,"rows":128,"groups":16,"outputs":80,"memo":true,"build_s":[8.925e-5],"support_s":[1.6167e-5],"import_s":[4.458e-6],"admission_s":[6.825e-5],"join_only_s":[3.2084e-5],"fresh_s":[8.8625e-5],"warm_s":[1.45e-5],"fresh_compute_s":[8.7541e-5],"fresh_count_s":[8.75e-7],"warm_compute_s":[1.3709e-5],"warm_count_s":[7.09e-7],"input_bytes_est":26608,"final_bytes_est":114060,"input_nodes":44,"final_nodes":173,"input_storage":null,"final_storage":null,"checksum":3773900,"verified":true}
EVENT_LAB {"kind":"legal_relation_free_join","candidate":"dense-dispatched","domain":"below","product_mode":"materialized","support_gates":"materialized","bits":18,"width":6,"environments":1,"worlds":262144,"admissible_worlds":226981,"rows":128,"groups":16,"outputs":80,"memo":false,"build_s":[0.006485167],"support_s":[0.000571583],"import_s":[0.000136875],"admission_s":[0.005776333],"join_only_s":[1.5541e-5],"fresh_s":[0.007298084],"warm_s":[0.006927208],"fresh_compute_s":[0.00725625],"fresh_count_s":[4.175e-5],"warm_compute_s":[0.006883667],"warm_count_s":[4.3375e-5],"input_bytes_est":1904152,"final_bytes_est":7418668,"input_nodes":56,"final_nodes":224,"input_storage":null,"final_storage":null,"checksum":181462800,"verified":true}
EVENT_LAB {"kind":"legal_relation_free_join","candidate":"dense-dispatched","domain":"below","product_mode":"materialized","support_gates":"materialized","bits":18,"width":6,"environments":1,"worlds":262144,"admissible_worlds":226981,"rows":128,"groups":16,"outputs":80,"memo":true,"build_s":[0.006485167],"support_s":[0.000571583],"import_s":[0.000136875],"admission_s":[0.005776333],"join_only_s":[1.5541e-5],"fresh_s":[0.003238125],"warm_s":[5.6375e-5],"fresh_compute_s":[0.003197083],"fresh_count_s":[4.0791e-5],"warm_compute_s":[1.4666e-5],"warm_count_s":[4.1625e-5],"input_bytes_est":1904152,"final_bytes_est":7431660,"input_nodes":56,"final_nodes":224,"input_storage":null,"final_storage":null,"checksum":181462800,"verified":true}
ok

test result: ok. 1 passed; 0 failed; 0 ignored; 0 measured; 1378 filtered out; finished in 0.10s


        0.10 real         0.09 user         0.00 sys
            20774912  maximum resident set size
                   0  average shared memory size
                   0  average unshared data size
                   0  average unshared stack size
                1483  page reclaims
                   0  page faults
                   0  swaps
                   0  block input operations
                   0  block output operations
                   0  messages sent
                   0  messages received
                   0  signals received
                   0  voluntary context switches
                  27  involuntary context switches
          1957025738  instructions retired
           351154710  cycles elapsed
            18039168  peak memory footprint
