
running 1 test
test event_repr_lab::experiment ... EVENT_LAB {"kind":"legal_relation_free_join","candidate":"essential512","domain":"below","product_mode":"views","support_gates":"certified","bits":12,"width":4,"environments":1,"worlds":4096,"admissible_worlds":2197,"rows":128,"groups":16,"outputs":80,"memo":false,"build_s":[0.000332917],"support_s":[4.575e-5],"import_s":[0.000148292],"admission_s":[0.000138542],"join_only_s":[2.1292e-5],"fresh_s":[0.002244125],"warm_s":[0.000748667],"fresh_compute_s":[0.002243792],"fresh_count_s":[2.09e-7],"warm_compute_s":[0.000748375],"warm_count_s":[1.67e-7],"input_bytes_est":36808,"final_bytes_est":306783,"input_nodes":400,"final_nodes":2528,"input_storage":{"layout":"slab","record_bytes":6400,"table_bytes":7920,"interner_bytes":9216,"metadata_bytes":3296,"cache_bytes":9520,"records":400,"tables":213,"logical_words":990,"total_bytes_est":36352},"final_storage":{"layout":"slab","record_bytes":51200,"table_bytes":63360,"interner_bytes":73728,"metadata_bytes":25696,"cache_bytes":91587,"records":2528,"tables":1797,"logical_words":7856,"total_bytes_est":305571},"checksum":3773900,"verified":true}
EVENT_LAB {"kind":"legal_relation_free_join","candidate":"essential512","domain":"below","product_mode":"views","support_gates":"certified","bits":12,"width":4,"environments":1,"worlds":4096,"admissible_worlds":2197,"rows":128,"groups":16,"outputs":80,"memo":true,"build_s":[0.000332917],"support_s":[4.575e-5],"import_s":[0.000148292],"admission_s":[0.000138542],"join_only_s":[2.1292e-5],"fresh_s":[0.002732041],"warm_s":[1.8875e-5],"fresh_compute_s":[0.002731416],"fresh_count_s":[5e-7],"warm_compute_s":[1.825e-5],"warm_count_s":[3.75e-7],"input_bytes_est":36808,"final_bytes_est":318683,"input_nodes":400,"final_nodes":2528,"input_storage":{"layout":"slab","record_bytes":6400,"table_bytes":7920,"interner_bytes":9216,"metadata_bytes":3296,"cache_bytes":9520,"records":400,"tables":213,"logical_words":990,"total_bytes_est":36352},"final_storage":{"layout":"slab","record_bytes":51200,"table_bytes":63360,"interner_bytes":73728,"metadata_bytes":25696,"cache_bytes":91587,"records":2528,"tables":1797,"logical_words":7856,"total_bytes_est":305571},"checksum":3773900,"verified":true}
EVENT_LAB {"kind":"legal_relation_free_join","candidate":"essential512","domain":"below","product_mode":"views","support_gates":"certified","bits":18,"width":6,"environments":1,"worlds":262144,"admissible_worlds":226981,"rows":128,"groups":16,"outputs":80,"memo":false,"build_s":[0.001364833],"support_s":[3.9208e-5],"import_s":[0.000970125],"admission_s":[0.000355167],"join_only_s":[1.8833e-5],"fresh_s":[0.025162667],"warm_s":[0.008341583],"fresh_compute_s":[0.025161959],"fresh_count_s":[4.58e-7],"warm_compute_s":[0.008340458],"warm_count_s":[7.5e-7],"input_bytes_est":134364,"final_bytes_est":4275351,"input_nodes":1499,"final_nodes":33993,"input_storage":{"layout":"slab","record_bytes":23984,"table_bytes":23032,"interner_bytes":36460,"metadata_bytes":12136,"cache_bytes":38080,"records":1499,"tables":514,"logical_words":2879,"total_bytes_est":133692},"final_storage":{"layout":"slab","record_bytes":767488,"table_bytes":737024,"interner_bytes":1166720,"metadata_bytes":383888,"cache_bytes":1218803,"records":33993,"tables":13901,"logical_words":70367,"total_bytes_est":4273923},"checksum":181462800,"verified":true}
EVENT_LAB {"kind":"legal_relation_free_join","candidate":"essential512","domain":"below","product_mode":"views","support_gates":"certified","bits":18,"width":6,"environments":1,"worlds":262144,"admissible_worlds":226981,"rows":128,"groups":16,"outputs":80,"memo":true,"build_s":[0.001364833],"support_s":[3.9208e-5],"import_s":[0.000970125],"admission_s":[0.000355167],"join_only_s":[1.8833e-5],"fresh_s":[0.021588208],"warm_s":[3.5833e-5],"fresh_compute_s":[0.021587208],"fresh_count_s":[4.58e-7],"warm_compute_s":[3.3708e-5],"warm_count_s":[1.333e-6],"input_bytes_est":134364,"final_bytes_est":4288847,"input_nodes":1499,"final_nodes":33993,"input_storage":{"layout":"slab","record_bytes":23984,"table_bytes":23032,"interner_bytes":36460,"metadata_bytes":12136,"cache_bytes":38080,"records":1499,"tables":514,"logical_words":2879,"total_bytes_est":133692},"final_storage":{"layout":"slab","record_bytes":767488,"table_bytes":737024,"interner_bytes":1166720,"metadata_bytes":383888,"cache_bytes":1218803,"records":33993,"tables":13901,"logical_words":70367,"total_bytes_est":4273923},"checksum":181462800,"verified":true}
ok

test result: ok. 1 passed; 0 failed; 0 ignored; 0 measured; 1378 filtered out; finished in 4.41s


        4.41 real         4.32 user         0.08 sys
            17498112  maximum resident set size
                   0  average shared memory size
                   0  average unshared data size
                   0  average unshared stack size
                1283  page reclaims
                   0  page faults
                   0  swaps
                   0  block input operations
                   0  block output operations
                   0  messages sent
                   0  messages received
                   0  signals received
                   0  voluntary context switches
                 103  involuntary context switches
         61301457329  instructions retired
         14984692953  cycles elapsed
            14483864  peak memory footprint
