
running 1 test
test event_repr_lab::experiment ... EVENT_LAB {"kind":"readout_free_join","candidate":"retraction512","domain":"below","readout_family":"whole","readout_faces":"xy","hidden":255,"width":4,"bits":12,"worlds":4096,"admissible_worlds":2197,"environments":1,"rows":128,"groups":16,"outputs":64,"memo":false,"changed_possible_groups":16,"changed_guaranteed_groups":16,"nonconstant_readouts":0,"build_s":[0.000576208],"support_s":[6.7291e-5],"import_s":[0.000504958],"admission_s":[3.666e-6],"join_only_s":[3.0041e-5],"fresh_s":[0.000162458],"fresh_group_s":[0.000113209],"fresh_readout_s":[4.2e-5],"fresh_compute_s":[0.000156416],"fresh_count_s":[6e-6],"warm_s":[5.3833e-5],"warm_group_s":[1.2208e-5],"warm_readout_s":[3.975e-5],"warm_compute_s":[5.2042e-5],"warm_count_s":[1.709e-6],"input_nodes":663,"final_nodes":770,"input_bytes_est":80772,"final_bytes_est":111608,"input_storage":{"layout":"slab","record_bytes":10608,"table_bytes":12272,"interner_bytes":17884,"metadata_bytes":5512,"cache_bytes":34496,"records":663,"tables":659,"logical_words":1534,"total_bytes_est":80772},"final_storage":{"layout":"slab","record_bytes":21216,"table_bytes":24544,"interner_bytes":20536,"metadata_bytes":10816,"cache_bytes":34496,"records":770,"tables":766,"logical_words":1962,"total_bytes_est":111608},"outer_memo_bytes":0,"colt_bytes":14992,"checksum":2417480,"verified":true}
EVENT_LAB {"kind":"readout_free_join","candidate":"retraction512","domain":"below","readout_family":"whole","readout_faces":"xy","hidden":255,"width":4,"bits":12,"worlds":4096,"admissible_worlds":2197,"environments":1,"rows":128,"groups":16,"outputs":64,"memo":true,"changed_possible_groups":16,"changed_guaranteed_groups":16,"nonconstant_readouts":0,"build_s":[0.000576208],"support_s":[6.7291e-5],"import_s":[0.000504958],"admission_s":[3.666e-6],"join_only_s":[3.0041e-5],"fresh_s":[0.000145125],"fresh_group_s":[0.000104208],"fresh_readout_s":[3.9083e-5],"fresh_compute_s":[0.000143459],"fresh_count_s":[1.584e-6],"warm_s":[7.2917e-5],"warm_group_s":[1.1166e-5],"warm_readout_s":[5.9208e-5],"warm_compute_s":[7.0583e-5],"warm_count_s":[2.25e-6],"input_nodes":663,"final_nodes":770,"input_bytes_est":80772,"final_bytes_est":120568,"input_storage":{"layout":"slab","record_bytes":10608,"table_bytes":12272,"interner_bytes":17884,"metadata_bytes":5512,"cache_bytes":34496,"records":663,"tables":659,"logical_words":1534,"total_bytes_est":80772},"final_storage":{"layout":"slab","record_bytes":21216,"table_bytes":24544,"interner_bytes":20536,"metadata_bytes":10816,"cache_bytes":34496,"records":770,"tables":766,"logical_words":1962,"total_bytes_est":111608},"outer_memo_bytes":8960,"colt_bytes":14992,"checksum":2417480,"verified":true}
EVENT_LAB {"kind":"readout_free_join","candidate":"retraction512","domain":"below","readout_family":"whole","readout_faces":"xy","hidden":4095,"width":6,"bits":18,"worlds":262144,"admissible_worlds":226981,"environments":1,"rows":128,"groups":16,"outputs":64,"memo":false,"changed_possible_groups":16,"changed_guaranteed_groups":16,"nonconstant_readouts":0,"build_s":[0.004517],"support_s":[6.9375e-5],"import_s":[0.004437375],"admission_s":[9.917e-6],"join_only_s":[2.0333e-5],"fresh_s":[0.000956042],"fresh_group_s":[0.000724334],"fresh_readout_s":[0.000205417],"fresh_compute_s":[0.00093],"fresh_count_s":[2.5958e-5],"warm_s":[0.000264583],"warm_group_s":[3.8584e-5],"warm_readout_s":[0.000208791],"warm_compute_s":[0.000247708],"warm_count_s":[1.6792e-5],"input_nodes":6795,"final_nodes":7668,"input_bytes_est":625676,"final_bytes_est":1182080,"input_storage":{"layout":"slab","record_bytes":108720,"table_bytes":122432,"interner_bytes":149036,"metadata_bytes":54640,"cache_bytes":190848,"records":6795,"tables":3044,"logical_words":15304,"total_bytes_est":625676},"final_storage":{"layout":"slab","record_bytes":217440,"table_bytes":244864,"interner_bytes":298072,"metadata_bytes":109000,"cache_bytes":312704,"records":7668,"tables":3377,"logical_words":17956,"total_bytes_est":1182080},"outer_memo_bytes":0,"colt_bytes":14992,"checksum":241633932,"verified":true}
EVENT_LAB {"kind":"readout_free_join","candidate":"retraction512","domain":"below","readout_family":"whole","readout_faces":"xy","hidden":4095,"width":6,"bits":18,"worlds":262144,"admissible_worlds":226981,"environments":1,"rows":128,"groups":16,"outputs":64,"memo":true,"changed_possible_groups":16,"changed_guaranteed_groups":16,"nonconstant_readouts":0,"build_s":[0.004517],"support_s":[6.9375e-5],"import_s":[0.004437375],"admission_s":[9.917e-6],"join_only_s":[2.0333e-5],"fresh_s":[0.0009685],"fresh_group_s":[0.000744833],"fresh_readout_s":[0.000201208],"fresh_compute_s":[0.000946333],"fresh_count_s":[2.2042e-5],"warm_s":[0.000237584],"warm_group_s":[1.6417e-5],"warm_readout_s":[0.000204125],"warm_compute_s":[0.000220917],"warm_count_s":[1.6583e-5],"input_nodes":6795,"final_nodes":7668,"input_bytes_est":625676,"final_bytes_est":1191040,"input_storage":{"layout":"slab","record_bytes":108720,"table_bytes":122432,"interner_bytes":149036,"metadata_bytes":54640,"cache_bytes":190848,"records":6795,"tables":3044,"logical_words":15304,"total_bytes_est":625676},"final_storage":{"layout":"slab","record_bytes":217440,"table_bytes":244864,"interner_bytes":298072,"metadata_bytes":109000,"cache_bytes":312704,"records":7668,"tables":3377,"logical_words":17956,"total_bytes_est":1182080},"outer_memo_bytes":8960,"colt_bytes":14992,"checksum":241633932,"verified":true}
ok

test result: ok. 1 passed; 0 failed; 0 ignored; 0 measured; 1378 filtered out; finished in 2.07s


        2.07 real         2.03 user         0.04 sys
            16318464  maximum resident set size
                   0  average shared memory size
                   0  average unshared data size
                   0  average unshared stack size
                1211  page reclaims
                   0  page faults
                   0  swaps
                   0  block input operations
                   0  block output operations
                   0  messages sent
                   0  messages received
                   0  signals received
                   0  voluntary context switches
                 115  involuntary context switches
         32422184767  instructions retired
          7031825806  cycles elapsed
            13304216  peak memory footprint
