
running 1 test
test event_repr_lab::experiment ... EVENT_LAB {"kind":"readout_free_join","candidate":"dense-dispatched","domain":"below","readout_family":"whole","readout_faces":"xy","hidden":255,"width":4,"bits":12,"worlds":4096,"admissible_worlds":2197,"environments":1,"rows":128,"groups":16,"outputs":64,"memo":false,"changed_possible_groups":16,"changed_guaranteed_groups":16,"nonconstant_readouts":0,"build_s":[7.675e-5],"support_s":[1.7583e-5],"import_s":[4.833e-6],"admission_s":[5.375e-5],"join_only_s":[3.0791e-5],"fresh_s":[6.7833e-5],"fresh_group_s":[5.2417e-5],"fresh_readout_s":[1.3292e-5],"fresh_compute_s":[6.7166e-5],"fresh_count_s":[5.42e-7],"warm_s":[4.9333e-5],"warm_group_s":[3.7125e-5],"warm_readout_s":[1.1458e-5],"warm_compute_s":[4.8708e-5],"warm_count_s":[5.42e-7],"input_nodes":43,"final_nodes":151,"input_bytes_est":25612,"final_bytes_est":88048,"input_storage":null,"final_storage":null,"outer_memo_bytes":0,"colt_bytes":14992,"checksum":2417480,"verified":true}
EVENT_LAB {"kind":"readout_free_join","candidate":"dense-dispatched","domain":"below","readout_family":"whole","readout_faces":"xy","hidden":255,"width":4,"bits":12,"worlds":4096,"admissible_worlds":2197,"environments":1,"rows":128,"groups":16,"outputs":64,"memo":true,"changed_possible_groups":16,"changed_guaranteed_groups":16,"nonconstant_readouts":0,"build_s":[7.675e-5],"support_s":[1.7583e-5],"import_s":[4.833e-6],"admission_s":[5.375e-5],"join_only_s":[3.0791e-5],"fresh_s":[4.1625e-5],"fresh_group_s":[2.9416e-5],"fresh_readout_s":[1.1375e-5],"fresh_compute_s":[4.1e-5],"fresh_count_s":[5e-7],"warm_s":[1.9709e-5],"warm_group_s":[7.709e-6],"warm_readout_s":[1.1292e-5],"warm_compute_s":[1.9125e-5],"warm_count_s":[5e-7],"input_nodes":43,"final_nodes":151,"input_bytes_est":25612,"final_bytes_est":97008,"input_storage":null,"final_storage":null,"outer_memo_bytes":8960,"colt_bytes":14992,"checksum":2417480,"verified":true}
EVENT_LAB {"kind":"readout_free_join","candidate":"dense-dispatched","domain":"below","readout_family":"whole","readout_faces":"xy","hidden":4095,"width":6,"bits":18,"worlds":262144,"admissible_worlds":226981,"environments":1,"rows":128,"groups":16,"outputs":64,"memo":false,"changed_possible_groups":16,"changed_guaranteed_groups":16,"nonconstant_readouts":0,"build_s":[0.006185417],"support_s":[0.0006045],"import_s":[0.000149916],"admission_s":[0.005429459],"join_only_s":[1.7959e-5],"fresh_s":[0.002466167],"fresh_group_s":[0.00168075],"fresh_readout_s":[0.000747792],"fresh_compute_s":[0.002432],"fresh_count_s":[3.1125e-5],"warm_s":[0.002261958],"warm_group_s":[0.001525583],"warm_readout_s":[0.00070525],"warm_compute_s":[0.002231083],"warm_count_s":[3.075e-5],"input_nodes":55,"final_nodes":186,"input_bytes_est":1870684,"final_bytes_est":6171128,"input_storage":null,"final_storage":null,"outer_memo_bytes":0,"colt_bytes":14992,"checksum":241633932,"verified":true}
EVENT_LAB {"kind":"readout_free_join","candidate":"dense-dispatched","domain":"below","readout_family":"whole","readout_faces":"xy","hidden":4095,"width":6,"bits":18,"worlds":262144,"admissible_worlds":226981,"environments":1,"rows":128,"groups":16,"outputs":64,"memo":true,"changed_possible_groups":16,"changed_guaranteed_groups":16,"nonconstant_readouts":0,"build_s":[0.006185417],"support_s":[0.0006045],"import_s":[0.000149916],"admission_s":[0.005429459],"join_only_s":[1.7959e-5],"fresh_s":[0.001250834],"fresh_group_s":[0.000487708],"fresh_readout_s":[0.000728208],"fresh_compute_s":[0.001216167],"fresh_count_s":[3.4625e-5],"warm_s":[0.000751292],"warm_group_s":[9.583e-6],"warm_readout_s":[0.000706292],"warm_compute_s":[0.000716334],"warm_count_s":[3.4875e-5],"input_nodes":55,"final_nodes":186,"input_bytes_est":1870684,"final_bytes_est":6180088,"input_storage":null,"final_storage":null,"outer_memo_bytes":8960,"colt_bytes":14992,"checksum":241633932,"verified":true}
ok

test result: ok. 1 passed; 0 failed; 0 ignored; 0 measured; 1378 filtered out; finished in 0.06s


        0.06 real         0.05 user         0.00 sys
            25280512  maximum resident set size
                   0  average shared memory size
                   0  average unshared data size
                   0  average unshared stack size
                1758  page reclaims
                   0  page faults
                   0  swaps
                   0  block input operations
                   0  block output operations
                   0  messages sent
                   0  messages received
                   0  signals received
                   0  voluntary context switches
                  12  involuntary context switches
           873509845  instructions retired
           205910077  cycles elapsed
            22577560  peak memory footprint
