
running 1 test
test event_repr_lab::experiment ... EVENT_LAB {"kind":"readout_free_join","candidate":"packed512","domain":"holes","readout_family":"suffix-half","readout_faces":"xy","hidden":51,"width":4,"bits":12,"worlds":4096,"admissible_worlds":1000,"environments":1,"rows":128,"groups":16,"outputs":64,"memo":false,"changed_possible_groups":16,"changed_guaranteed_groups":16,"nonconstant_readouts":32,"build_s":[0.000752958],"support_s":[8.0125e-5],"import_s":[0.000563666],"admission_s":[0.000108875],"join_only_s":[3.2208e-5],"fresh_s":[0.0001655],"fresh_group_s":[9.85e-5],"fresh_readout_s":[4e-5],"fresh_compute_s":[0.00014],"fresh_count_s":[2.5375e-5],"warm_s":[5.5791e-5],"warm_group_s":[1.3e-5],"warm_readout_s":[2.3125e-5],"warm_compute_s":[3.6333e-5],"warm_count_s":[1.9375e-5],"input_nodes":1049,"final_nodes":1877,"input_bytes_est":145412,"final_bytes_est":290740,"input_storage":null,"final_storage":null,"outer_memo_bytes":0,"colt_bytes":14992,"checksum":353240,"verified":true}
EVENT_LAB {"kind":"readout_free_join","candidate":"packed512","domain":"holes","readout_family":"suffix-half","readout_faces":"xy","hidden":51,"width":4,"bits":12,"worlds":4096,"admissible_worlds":1000,"environments":1,"rows":128,"groups":16,"outputs":64,"memo":true,"changed_possible_groups":16,"changed_guaranteed_groups":16,"nonconstant_readouts":32,"build_s":[0.000752958],"support_s":[8.0125e-5],"import_s":[0.000563666],"admission_s":[0.000108875],"join_only_s":[3.2208e-5],"fresh_s":[0.000130583],"fresh_group_s":[7.2834e-5],"fresh_readout_s":[2.8416e-5],"fresh_compute_s":[0.000101416],"fresh_count_s":[2.9042e-5],"warm_s":[5.8917e-5],"warm_group_s":[1.175e-5],"warm_readout_s":[2.4917e-5],"warm_compute_s":[3.7e-5],"warm_count_s":[1.9167e-5],"input_nodes":1049,"final_nodes":1877,"input_bytes_est":145412,"final_bytes_est":299700,"input_storage":null,"final_storage":null,"outer_memo_bytes":8960,"colt_bytes":14992,"checksum":353240,"verified":true}
EVENT_LAB {"kind":"readout_free_join","candidate":"packed512","domain":"holes","readout_family":"suffix-half","readout_faces":"xy","hidden":455,"width":6,"bits":18,"worlds":262144,"admissible_worlds":74088,"environments":1,"rows":128,"groups":16,"outputs":64,"memo":false,"changed_possible_groups":16,"changed_guaranteed_groups":16,"nonconstant_readouts":32,"build_s":[0.034461333],"support_s":[0.00031125],"import_s":[0.030929458],"admission_s":[0.003220167],"join_only_s":[1.55e-5],"fresh_s":[0.001494916],"fresh_group_s":[0.000953459],"fresh_readout_s":[0.00031075],"fresh_compute_s":[0.001264333],"fresh_count_s":[0.000230459],"warm_s":[0.000551792],"warm_group_s":[5.5333e-5],"warm_readout_s":[0.000281875],"warm_compute_s":[0.000337417],"warm_count_s":[0.00021425],"input_nodes":25283,"final_nodes":31982,"input_bytes_est":3136748,"final_bytes_est":5355884,"input_storage":null,"final_storage":null,"outer_memo_bytes":0,"colt_bytes":14992,"checksum":5067888,"verified":true}
EVENT_LAB {"kind":"readout_free_join","candidate":"packed512","domain":"holes","readout_family":"suffix-half","readout_faces":"xy","hidden":455,"width":6,"bits":18,"worlds":262144,"admissible_worlds":74088,"environments":1,"rows":128,"groups":16,"outputs":64,"memo":true,"changed_possible_groups":16,"changed_guaranteed_groups":16,"nonconstant_readouts":32,"build_s":[0.034461333],"support_s":[0.00031125],"import_s":[0.030929458],"admission_s":[0.003220167],"join_only_s":[1.55e-5],"fresh_s":[0.001359625],"fresh_group_s":[0.000831833],"fresh_readout_s":[0.000304583],"fresh_compute_s":[0.001136875],"fresh_count_s":[0.000222667],"warm_s":[0.000519792],"warm_group_s":[1.7083e-5],"warm_readout_s":[0.000278625],"warm_compute_s":[0.000296375],"warm_count_s":[0.000222875],"input_nodes":25283,"final_nodes":31982,"input_bytes_est":3136748,"final_bytes_est":5364844,"input_storage":null,"final_storage":null,"outer_memo_bytes":8960,"colt_bytes":14992,"checksum":5067888,"verified":true}
ok

test result: ok. 1 passed; 0 failed; 0 ignored; 0 measured; 1378 filtered out; finished in 2.15s


        2.15 real         2.10 user         0.04 sys
            29704192  maximum resident set size
                   0  average shared memory size
                   0  average unshared data size
                   0  average unshared stack size
                2027  page reclaims
                   0  page faults
                   0  swaps
                   0  block input operations
                   0  block output operations
                   0  messages sent
                   0  messages received
                   0  signals received
                   0  voluntary context switches
                  49  involuntary context switches
         29085994989  instructions retired
          7302490702  cycles elapsed
            26870168  peak memory footprint
