
running 1 test
test event_repr_lab::experiment ... EVENT_LAB {"kind":"readout_free_join","candidate":"prefix512","domain":"below","readout_family":"whole","readout_faces":"xy","hidden":255,"width":4,"bits":12,"worlds":4096,"admissible_worlds":2197,"environments":1,"rows":128,"groups":16,"outputs":64,"memo":false,"changed_possible_groups":16,"changed_guaranteed_groups":16,"nonconstant_readouts":0,"build_s":[0.000673417],"support_s":[9.7833e-5],"import_s":[0.00057125],"admission_s":[3.917e-6],"join_only_s":[3.2083e-5],"fresh_s":[0.000179875],"fresh_group_s":[0.000128],"fresh_readout_s":[4.45e-5],"fresh_compute_s":[0.000173833],"fresh_count_s":[5.958e-6],"warm_s":[5.6291e-5],"warm_group_s":[1.4333e-5],"warm_readout_s":[4.0125e-5],"warm_compute_s":[5.4541e-5],"warm_count_s":[1.667e-6],"input_nodes":779,"final_nodes":886,"input_bytes_est":86620,"final_bytes_est":123304,"input_storage":{"layout":"slab","record_bytes":12464,"table_bytes":14872,"interner_bytes":18348,"metadata_bytes":6440,"cache_bytes":34496,"records":779,"tables":775,"logical_words":1859,"total_bytes_est":86620},"final_storage":{"layout":"slab","record_bytes":24928,"table_bytes":29744,"interner_bytes":21464,"metadata_bytes":12672,"cache_bytes":34496,"records":886,"tables":882,"logical_words":2276,"total_bytes_est":123304},"outer_memo_bytes":0,"colt_bytes":14992,"checksum":2417480,"verified":true}
EVENT_LAB {"kind":"readout_free_join","candidate":"prefix512","domain":"below","readout_family":"whole","readout_faces":"xy","hidden":255,"width":4,"bits":12,"worlds":4096,"admissible_worlds":2197,"environments":1,"rows":128,"groups":16,"outputs":64,"memo":true,"changed_possible_groups":16,"changed_guaranteed_groups":16,"nonconstant_readouts":0,"build_s":[0.000673417],"support_s":[9.7833e-5],"import_s":[0.00057125],"admission_s":[3.917e-6],"join_only_s":[3.2083e-5],"fresh_s":[0.00015025],"fresh_group_s":[0.00010825],"fresh_readout_s":[4.0083e-5],"fresh_compute_s":[0.000148417],"fresh_count_s":[1.708e-6],"warm_s":[4.9584e-5],"warm_group_s":[8.25e-6],"warm_readout_s":[3.9583e-5],"warm_compute_s":[4.7959e-5],"warm_count_s":[1.5e-6],"input_nodes":779,"final_nodes":886,"input_bytes_est":86620,"final_bytes_est":132264,"input_storage":{"layout":"slab","record_bytes":12464,"table_bytes":14872,"interner_bytes":18348,"metadata_bytes":6440,"cache_bytes":34496,"records":779,"tables":775,"logical_words":1859,"total_bytes_est":86620},"final_storage":{"layout":"slab","record_bytes":24928,"table_bytes":29744,"interner_bytes":21464,"metadata_bytes":12672,"cache_bytes":34496,"records":886,"tables":882,"logical_words":2276,"total_bytes_est":123304},"outer_memo_bytes":8960,"colt_bytes":14992,"checksum":2417480,"verified":true}
EVENT_LAB {"kind":"readout_free_join","candidate":"prefix512","domain":"below","readout_family":"whole","readout_faces":"xy","hidden":4095,"width":6,"bits":18,"worlds":262144,"admissible_worlds":226981,"environments":1,"rows":128,"groups":16,"outputs":64,"memo":false,"changed_possible_groups":16,"changed_guaranteed_groups":16,"nonconstant_readouts":0,"build_s":[0.005374625],"support_s":[0.000123209],"import_s":[0.005240791],"admission_s":[1.0334e-5],"join_only_s":[1.6041e-5],"fresh_s":[0.000714166],"fresh_group_s":[0.00054025],"fresh_readout_s":[0.000151333],"fresh_compute_s":[0.000692041],"fresh_count_s":[2.2e-5],"warm_s":[0.000201],"warm_group_s":[3.2458e-5],"warm_readout_s":[0.000150625],"warm_compute_s":[0.000183458],"warm_count_s":[1.7458e-5],"input_nodes":6609,"final_nodes":7290,"input_bytes_est":617036,"final_bytes_est":1195264,"input_storage":{"layout":"slab","record_bytes":105744,"table_bytes":149464,"interner_bytes":148292,"metadata_bytes":53152,"cache_bytes":160384,"records":6609,"tables":3810,"logical_words":18683,"total_bytes_est":617036},"final_storage":{"layout":"slab","record_bytes":211488,"table_bytes":298928,"interner_bytes":296584,"metadata_bytes":106024,"cache_bytes":282240,"records":7290,"tables":4038,"logical_words":20421,"total_bytes_est":1195264},"outer_memo_bytes":0,"colt_bytes":14992,"checksum":241633932,"verified":true}
EVENT_LAB {"kind":"readout_free_join","candidate":"prefix512","domain":"below","readout_family":"whole","readout_faces":"xy","hidden":4095,"width":6,"bits":18,"worlds":262144,"admissible_worlds":226981,"environments":1,"rows":128,"groups":16,"outputs":64,"memo":true,"changed_possible_groups":16,"changed_guaranteed_groups":16,"nonconstant_readouts":0,"build_s":[0.005374625],"support_s":[0.000123209],"import_s":[0.005240791],"admission_s":[1.0334e-5],"join_only_s":[1.6041e-5],"fresh_s":[0.000804333],"fresh_group_s":[0.000635],"fresh_readout_s":[0.000149833],"fresh_compute_s":[0.000785458],"fresh_count_s":[1.875e-5],"warm_s":[0.0001825],"warm_group_s":[1.65e-5],"warm_readout_s":[0.0001485],"warm_compute_s":[0.000165292],"warm_count_s":[1.7125e-5],"input_nodes":6609,"final_nodes":7290,"input_bytes_est":617036,"final_bytes_est":1204224,"input_storage":{"layout":"slab","record_bytes":105744,"table_bytes":149464,"interner_bytes":148292,"metadata_bytes":53152,"cache_bytes":160384,"records":6609,"tables":3810,"logical_words":18683,"total_bytes_est":617036},"final_storage":{"layout":"slab","record_bytes":211488,"table_bytes":298928,"interner_bytes":296584,"metadata_bytes":106024,"cache_bytes":282240,"records":7290,"tables":4038,"logical_words":20421,"total_bytes_est":1195264},"outer_memo_bytes":8960,"colt_bytes":14992,"checksum":241633932,"verified":true}
ok

test result: ok. 1 passed; 0 failed; 0 ignored; 0 measured; 1378 filtered out; finished in 2.09s


        2.09 real         2.05 user         0.03 sys
            18432000  maximum resident set size
                   0  average shared memory size
                   0  average unshared data size
                   0  average unshared stack size
                1339  page reclaims
                   0  page faults
                   0  swaps
                   0  block input operations
                   0  block output operations
                   0  messages sent
                   0  messages received
                   0  signals received
                   0  voluntary context switches
                 112  involuntary context switches
         32279083130  instructions retired
          7069840148  cycles elapsed
            15450520  peak memory footprint
