
running 1 test
test event_repr_lab::experiment ... EVENT_LAB {"kind":"readout_free_join","candidate":"retraction512","domain":"below","readout_family":"suffix-half","readout_faces":"xy","hidden":51,"width":4,"bits":12,"worlds":4096,"admissible_worlds":2197,"environments":1,"rows":128,"groups":16,"outputs":64,"memo":false,"changed_possible_groups":16,"changed_guaranteed_groups":16,"nonconstant_readouts":40,"build_s":[0.00061775],"support_s":[7.2167e-5],"import_s":[0.000541583],"admission_s":[3.792e-6],"join_only_s":[2.7417e-5],"fresh_s":[0.000671417],"fresh_group_s":[0.000114708],"fresh_readout_s":[0.000544334],"fresh_compute_s":[0.000660125],"fresh_count_s":[1.1166e-5],"warm_s":[0.00018225],"warm_group_s":[1.4042e-5],"warm_readout_s":[0.000162625],"warm_compute_s":[0.000176792],"warm_count_s":[5.375e-6],"input_nodes":763,"final_nodes":1359,"input_bytes_est":86828,"final_bytes_est":154184,"input_storage":{"layout":"slab","record_bytes":12208,"table_bytes":15528,"interner_bytes":18284,"metadata_bytes":6312,"cache_bytes":34496,"records":763,"tables":759,"logical_words":1941,"total_bytes_est":86828},"final_storage":{"layout":"slab","record_bytes":24416,"table_bytes":31056,"interner_bytes":36568,"metadata_bytes":12416,"cache_bytes":49728,"records":1359,"tables":1180,"logical_words":3465,"total_bytes_est":154184},"outer_memo_bytes":0,"colt_bytes":14992,"checksum":878592,"verified":true}
EVENT_LAB {"kind":"readout_free_join","candidate":"retraction512","domain":"below","readout_family":"suffix-half","readout_faces":"xy","hidden":51,"width":4,"bits":12,"worlds":4096,"admissible_worlds":2197,"environments":1,"rows":128,"groups":16,"outputs":64,"memo":true,"changed_possible_groups":16,"changed_guaranteed_groups":16,"nonconstant_readouts":40,"build_s":[0.00061775],"support_s":[7.2167e-5],"import_s":[0.000541583],"admission_s":[3.792e-6],"join_only_s":[2.7417e-5],"fresh_s":[0.000648875],"fresh_group_s":[0.000114583],"fresh_readout_s":[0.000528583],"fresh_compute_s":[0.000643333],"fresh_count_s":[5.5e-6],"warm_s":[0.000176833],"warm_group_s":[1.0916e-5],"warm_readout_s":[0.00016025],"warm_compute_s":[0.000171333],"warm_count_s":[5.459e-6],"input_nodes":763,"final_nodes":1359,"input_bytes_est":86828,"final_bytes_est":163144,"input_storage":{"layout":"slab","record_bytes":12208,"table_bytes":15528,"interner_bytes":18284,"metadata_bytes":6312,"cache_bytes":34496,"records":763,"tables":759,"logical_words":1941,"total_bytes_est":86828},"final_storage":{"layout":"slab","record_bytes":24416,"table_bytes":31056,"interner_bytes":36568,"metadata_bytes":12416,"cache_bytes":49728,"records":1359,"tables":1180,"logical_words":3465,"total_bytes_est":154184},"outer_memo_bytes":8960,"colt_bytes":14992,"checksum":878592,"verified":true}
EVENT_LAB {"kind":"readout_free_join","candidate":"retraction512","domain":"below","readout_family":"suffix-half","readout_faces":"xy","hidden":455,"width":6,"bits":18,"worlds":262144,"admissible_worlds":226981,"environments":1,"rows":128,"groups":16,"outputs":64,"memo":false,"changed_possible_groups":16,"changed_guaranteed_groups":16,"nonconstant_readouts":32,"build_s":[0.006257459],"support_s":[7.4584e-5],"import_s":[0.006173375],"admission_s":[9.167e-6],"join_only_s":[1.6209e-5],"fresh_s":[0.002306833],"fresh_group_s":[0.000575167],"fresh_readout_s":[0.001686416],"fresh_compute_s":[0.002261792],"fresh_count_s":[4.4959e-5],"warm_s":[0.000785666],"warm_group_s":[3.05e-5],"warm_readout_s":[0.000711208],"warm_compute_s":[0.000742083],"warm_count_s":[4.35e-5],"input_nodes":7851,"final_nodes":9867,"input_bytes_est":929460,"final_bytes_est":1363152,"input_storage":{"layout":"slab","record_bytes":125616,"table_bytes":183400,"interner_bytes":275116,"metadata_bytes":63088,"cache_bytes":282240,"records":7851,"tables":4293,"logical_words":22925,"total_bytes_est":929460},"final_storage":{"layout":"slab","record_bytes":251232,"table_bytes":366800,"interner_bytes":306520,"metadata_bytes":125896,"cache_bytes":312704,"records":9867,"tables":4986,"logical_words":26603,"total_bytes_est":1363152},"outer_memo_bytes":0,"colt_bytes":14992,"checksum":15682368,"verified":true}
EVENT_LAB {"kind":"readout_free_join","candidate":"retraction512","domain":"below","readout_family":"suffix-half","readout_faces":"xy","hidden":455,"width":6,"bits":18,"worlds":262144,"admissible_worlds":226981,"environments":1,"rows":128,"groups":16,"outputs":64,"memo":true,"changed_possible_groups":16,"changed_guaranteed_groups":16,"nonconstant_readouts":32,"build_s":[0.006257459],"support_s":[7.4584e-5],"import_s":[0.006173375],"admission_s":[9.167e-6],"join_only_s":[1.6209e-5],"fresh_s":[0.002357416],"fresh_group_s":[0.000580292],"fresh_readout_s":[0.001726291],"fresh_compute_s":[0.002307041],"fresh_count_s":[5.0334e-5],"warm_s":[0.000788792],"warm_group_s":[1.6292e-5],"warm_readout_s":[0.000727125],"warm_compute_s":[0.000744],"warm_count_s":[4.4708e-5],"input_nodes":7851,"final_nodes":9867,"input_bytes_est":929460,"final_bytes_est":1372112,"input_storage":{"layout":"slab","record_bytes":125616,"table_bytes":183400,"interner_bytes":275116,"metadata_bytes":63088,"cache_bytes":282240,"records":7851,"tables":4293,"logical_words":22925,"total_bytes_est":929460},"final_storage":{"layout":"slab","record_bytes":251232,"table_bytes":366800,"interner_bytes":306520,"metadata_bytes":125896,"cache_bytes":312704,"records":9867,"tables":4986,"logical_words":26603,"total_bytes_est":1363152},"outer_memo_bytes":8960,"colt_bytes":14992,"checksum":15682368,"verified":true}
ok

test result: ok. 1 passed; 0 failed; 0 ignored; 0 measured; 1378 filtered out; finished in 2.65s


        2.65 real         2.61 user         0.03 sys
            22855680  maximum resident set size
                   0  average shared memory size
                   0  average unshared data size
                   0  average unshared stack size
                1609  page reclaims
                   0  page faults
                   0  swaps
                   0  block input operations
                   0  block output operations
                   0  messages sent
                   0  messages received
                   0  signals received
                   0  voluntary context switches
                 441  involuntary context switches
         39034521592  instructions retired
          8957284209  cycles elapsed
            19841432  peak memory footprint
