
running 1 test
test event_repr_lab::experiment ... EVENT_LAB {"kind":"readout_free_join","candidate":"dense-dispatched","domain":"below","readout_family":"suffix-half","readout_faces":"xy","hidden":51,"width":4,"bits":12,"worlds":4096,"admissible_worlds":2197,"environments":1,"rows":128,"groups":16,"outputs":64,"memo":false,"changed_possible_groups":16,"changed_guaranteed_groups":16,"nonconstant_readouts":40,"build_s":[8.0666e-5],"support_s":[1.9958e-5],"import_s":[4.875e-6],"admission_s":[5.5542e-5],"join_only_s":[2.7458e-5],"fresh_s":[6.4959e-5],"fresh_group_s":[5.2417e-5],"fresh_readout_s":[1.0417e-5],"fresh_compute_s":[6.4167e-5],"fresh_count_s":[6.66e-7],"warm_s":[4.775e-5],"warm_group_s":[3.8667e-5],"warm_readout_s":[8.291e-6],"warm_compute_s":[4.7083e-5],"warm_count_s":[5.83e-7],"input_nodes":43,"final_nodes":160,"input_bytes_est":25612,"final_bytes_est":92872,"input_storage":null,"final_storage":null,"outer_memo_bytes":0,"colt_bytes":14992,"checksum":878592,"verified":true}
EVENT_LAB {"kind":"readout_free_join","candidate":"dense-dispatched","domain":"below","readout_family":"suffix-half","readout_faces":"xy","hidden":51,"width":4,"bits":12,"worlds":4096,"admissible_worlds":2197,"environments":1,"rows":128,"groups":16,"outputs":64,"memo":true,"changed_possible_groups":16,"changed_guaranteed_groups":16,"nonconstant_readouts":40,"build_s":[8.0666e-5],"support_s":[1.9958e-5],"import_s":[4.875e-6],"admission_s":[5.5542e-5],"join_only_s":[2.7458e-5],"fresh_s":[4.0209e-5],"fresh_group_s":[3.1084e-5],"fresh_readout_s":[8.375e-6],"fresh_compute_s":[3.9584e-5],"fresh_count_s":[5.42e-7],"warm_s":[1.6625e-5],"warm_group_s":[8.125e-6],"warm_readout_s":[7.75e-6],"warm_compute_s":[1.6e-5],"warm_count_s":[5.42e-7],"input_nodes":43,"final_nodes":160,"input_bytes_est":25612,"final_bytes_est":101832,"input_storage":null,"final_storage":null,"outer_memo_bytes":8960,"colt_bytes":14992,"checksum":878592,"verified":true}
EVENT_LAB {"kind":"readout_free_join","candidate":"dense-dispatched","domain":"below","readout_family":"suffix-half","readout_faces":"xy","hidden":455,"width":6,"bits":18,"worlds":262144,"admissible_worlds":226981,"environments":1,"rows":128,"groups":16,"outputs":64,"memo":false,"changed_possible_groups":16,"changed_guaranteed_groups":16,"nonconstant_readouts":32,"build_s":[0.005939542],"support_s":[0.00056675],"import_s":[0.000149541],"admission_s":[0.005222959],"join_only_s":[1.6167e-5],"fresh_s":[0.002255375],"fresh_group_s":[0.001621958],"fresh_readout_s":[0.000594167],"fresh_compute_s":[0.002221208],"fresh_count_s":[3.3917e-5],"warm_s":[0.002150291],"warm_group_s":[0.001532709],"warm_readout_s":[0.000585084],"warm_compute_s":[0.002118291],"warm_count_s":[3.1917e-5],"input_nodes":55,"final_nodes":188,"input_bytes_est":1870684,"final_bytes_est":6236712,"input_storage":null,"final_storage":null,"outer_memo_bytes":0,"colt_bytes":14992,"checksum":15682368,"verified":true}
EVENT_LAB {"kind":"readout_free_join","candidate":"dense-dispatched","domain":"below","readout_family":"suffix-half","readout_faces":"xy","hidden":455,"width":6,"bits":18,"worlds":262144,"admissible_worlds":226981,"environments":1,"rows":128,"groups":16,"outputs":64,"memo":true,"changed_possible_groups":16,"changed_guaranteed_groups":16,"nonconstant_readouts":32,"build_s":[0.005939542],"support_s":[0.00056675],"import_s":[0.000149541],"admission_s":[0.005222959],"join_only_s":[1.6167e-5],"fresh_s":[0.0010375],"fresh_group_s":[0.000477],"fresh_readout_s":[0.000529458],"fresh_compute_s":[0.001007],"fresh_count_s":[3.0375e-5],"warm_s":[0.000566667],"warm_group_s":[8.083e-6],"warm_readout_s":[0.000524292],"warm_compute_s":[0.000532417],"warm_count_s":[3.4209e-5],"input_nodes":55,"final_nodes":188,"input_bytes_est":1870684,"final_bytes_est":6245672,"input_storage":null,"final_storage":null,"outer_memo_bytes":8960,"colt_bytes":14992,"checksum":15682368,"verified":true}
ok

test result: ok. 1 passed; 0 failed; 0 ignored; 0 measured; 1378 filtered out; finished in 0.05s


        0.05 real         0.04 user         0.00 sys
            25853952  maximum resident set size
                   0  average shared memory size
                   0  average unshared data size
                   0  average unshared stack size
                1793  page reclaims
                   0  page faults
                   0  swaps
                   0  block input operations
                   0  block output operations
                   0  messages sent
                   0  messages received
                   0  signals received
                   0  voluntary context switches
                  16  involuntary context switches
           790683478  instructions retired
           176071977  cycles elapsed
            23134592  peak memory footprint
