
running 1 test
test event_repr_lab::experiment ... EVENT_LAB {"kind":"readout_free_join","candidate":"retraction512","domain":"below","readout_family":"whole","readout_faces":"xy","hidden":255,"width":4,"bits":12,"worlds":4096,"admissible_worlds":2197,"environments":1,"rows":128,"groups":16,"outputs":64,"memo":false,"changed_possible_groups":16,"changed_guaranteed_groups":16,"nonconstant_readouts":0,"build_s":[0.000631042],"support_s":[7.1583e-5],"import_s":[0.000555417],"admission_s":[3.709e-6],"join_only_s":[3.1334e-5],"fresh_s":[0.000174541],"fresh_group_s":[0.000121833],"fresh_readout_s":[4.3959e-5],"fresh_compute_s":[0.000167],"fresh_count_s":[7.417e-6],"warm_s":[5.7959e-5],"warm_group_s":[1.5125e-5],"warm_readout_s":[4.0625e-5],"warm_compute_s":[5.5917e-5],"warm_count_s":[1.916e-6],"input_nodes":763,"final_nodes":870,"input_bytes_est":86828,"final_bytes_est":123720,"input_storage":{"layout":"slab","record_bytes":12208,"table_bytes":15528,"interner_bytes":18284,"metadata_bytes":6312,"cache_bytes":34496,"records":763,"tables":759,"logical_words":1941,"total_bytes_est":86828},"final_storage":{"layout":"slab","record_bytes":24416,"table_bytes":31056,"interner_bytes":21336,"metadata_bytes":12416,"cache_bytes":34496,"records":870,"tables":866,"logical_words":2369,"total_bytes_est":123720},"outer_memo_bytes":0,"colt_bytes":14992,"checksum":2417480,"verified":true}
EVENT_LAB {"kind":"readout_free_join","candidate":"retraction512","domain":"below","readout_family":"whole","readout_faces":"xy","hidden":255,"width":4,"bits":12,"worlds":4096,"admissible_worlds":2197,"environments":1,"rows":128,"groups":16,"outputs":64,"memo":true,"changed_possible_groups":16,"changed_guaranteed_groups":16,"nonconstant_readouts":0,"build_s":[0.000631042],"support_s":[7.1583e-5],"import_s":[0.000555417],"admission_s":[3.709e-6],"join_only_s":[3.1334e-5],"fresh_s":[0.000162292],"fresh_group_s":[0.000117],"fresh_readout_s":[4.2791e-5],"fresh_compute_s":[0.000159959],"fresh_count_s":[2.25e-6],"warm_s":[7.3542e-5],"warm_group_s":[1.1833e-5],"warm_readout_s":[5.9583e-5],"warm_compute_s":[7.1625e-5],"warm_count_s":[1.833e-6],"input_nodes":763,"final_nodes":870,"input_bytes_est":86828,"final_bytes_est":132680,"input_storage":{"layout":"slab","record_bytes":12208,"table_bytes":15528,"interner_bytes":18284,"metadata_bytes":6312,"cache_bytes":34496,"records":763,"tables":759,"logical_words":1941,"total_bytes_est":86828},"final_storage":{"layout":"slab","record_bytes":24416,"table_bytes":31056,"interner_bytes":21336,"metadata_bytes":12416,"cache_bytes":34496,"records":870,"tables":866,"logical_words":2369,"total_bytes_est":123720},"outer_memo_bytes":8960,"colt_bytes":14992,"checksum":2417480,"verified":true}
EVENT_LAB {"kind":"readout_free_join","candidate":"retraction512","domain":"below","readout_family":"whole","readout_faces":"xy","hidden":4095,"width":6,"bits":18,"worlds":262144,"admissible_worlds":226981,"environments":1,"rows":128,"groups":16,"outputs":64,"memo":false,"changed_possible_groups":16,"changed_guaranteed_groups":16,"nonconstant_readouts":0,"build_s":[0.005936458],"support_s":[7.5667e-5],"import_s":[0.005851],"admission_s":[9.5e-6],"join_only_s":[1.6708e-5],"fresh_s":[0.000876792],"fresh_group_s":[0.000608584],"fresh_readout_s":[0.000240792],"fresh_compute_s":[0.000849584],"fresh_count_s":[2.7125e-5],"warm_s":[0.000337209],"warm_group_s":[3.1541e-5],"warm_readout_s":[0.000278875],"warm_compute_s":[0.000310917],"warm_count_s":[2.625e-5],"input_nodes":7851,"final_nodes":8582,"input_bytes_est":929460,"final_bytes_est":1332688,"input_storage":{"layout":"slab","record_bytes":125616,"table_bytes":183400,"interner_bytes":275116,"metadata_bytes":63088,"cache_bytes":282240,"records":7851,"tables":4293,"logical_words":22925,"total_bytes_est":929460},"final_storage":{"layout":"slab","record_bytes":251232,"table_bytes":366800,"interner_bytes":306520,"metadata_bytes":125896,"cache_bytes":282240,"records":8582,"tables":4529,"logical_words":24793,"total_bytes_est":1332688},"outer_memo_bytes":0,"colt_bytes":14992,"checksum":241633932,"verified":true}
EVENT_LAB {"kind":"readout_free_join","candidate":"retraction512","domain":"below","readout_family":"whole","readout_faces":"xy","hidden":4095,"width":6,"bits":18,"worlds":262144,"admissible_worlds":226981,"environments":1,"rows":128,"groups":16,"outputs":64,"memo":true,"changed_possible_groups":16,"changed_guaranteed_groups":16,"nonconstant_readouts":0,"build_s":[0.005936458],"support_s":[7.5667e-5],"import_s":[0.005851],"admission_s":[9.5e-6],"join_only_s":[1.6708e-5],"fresh_s":[0.000851833],"fresh_group_s":[0.000586125],"fresh_readout_s":[0.000240042],"fresh_compute_s":[0.000827],"fresh_count_s":[2.4708e-5],"warm_s":[0.000296959],"warm_group_s":[1.6875e-5],"warm_readout_s":[0.00025075],"warm_compute_s":[0.000268417],"warm_count_s":[2.8375e-5],"input_nodes":7851,"final_nodes":8582,"input_bytes_est":929460,"final_bytes_est":1341648,"input_storage":{"layout":"slab","record_bytes":125616,"table_bytes":183400,"interner_bytes":275116,"metadata_bytes":63088,"cache_bytes":282240,"records":7851,"tables":4293,"logical_words":22925,"total_bytes_est":929460},"final_storage":{"layout":"slab","record_bytes":251232,"table_bytes":366800,"interner_bytes":306520,"metadata_bytes":125896,"cache_bytes":282240,"records":8582,"tables":4529,"logical_words":24793,"total_bytes_est":1332688},"outer_memo_bytes":8960,"colt_bytes":14992,"checksum":241633932,"verified":true}
ok

test result: ok. 1 passed; 0 failed; 0 ignored; 0 measured; 1378 filtered out; finished in 2.18s


        2.18 real         2.15 user         0.03 sys
            22396928  maximum resident set size
                   0  average shared memory size
                   0  average unshared data size
                   0  average unshared stack size
                1581  page reclaims
                   0  page faults
                   0  swaps
                   0  block input operations
                   0  block output operations
                   0  messages sent
                   0  messages received
                   0  signals received
                   0  voluntary context switches
                 116  involuntary context switches
         33287168163  instructions retired
          7339826228  cycles elapsed
            19382680  peak memory footprint
