
running 1 test
test event_repr_lab::experiment ... EVENT_LAB {"kind":"legal_relation_free_join","candidate":"retraction512","domain":"fibred","product_mode":"materialized","support_gates":"materialized","bits":13,"width":4,"environments":2,"worlds":8192,"admissible_worlds":3197,"rows":128,"groups":16,"outputs":80,"memo":false,"build_s":[0.00131525],"support_s":[0.000155458],"import_s":[0.001064167],"admission_s":[9.5375e-5],"join_only_s":[2.5167e-5],"fresh_s":[0.008963291],"warm_s":[0.0082365],"input_bytes_est":173931,"final_bytes_est":312947,"input_nodes":1415,"final_nodes":2634,"input_storage":{"layout":"slab","record_bytes":22640,"table_bytes":52944,"interner_bytes":36124,"metadata_bytes":11476,"cache_bytes":50167,"records":1415,"tables":1403,"logical_words":6618,"total_bytes_est":173351},"final_storage":{"layout":"slab","record_bytes":45280,"table_bytes":105888,"interner_bytes":72248,"metadata_bytes":22796,"cache_bytes":65399,"records":2634,"tables":2622,"logical_words":11087,"total_bytes_est":311611},"checksum":5522780,"verified":true}
EVENT_LAB {"kind":"legal_relation_free_join","candidate":"retraction512","domain":"fibred","product_mode":"materialized","support_gates":"materialized","bits":13,"width":4,"environments":2,"worlds":8192,"admissible_worlds":3197,"rows":128,"groups":16,"outputs":80,"memo":true,"build_s":[0.00131525],"support_s":[0.000155458],"import_s":[0.001064167],"admission_s":[9.5375e-5],"join_only_s":[2.5167e-5],"fresh_s":[0.008573875],"warm_s":[0.007169666],"input_bytes_est":173931,"final_bytes_est":325939,"input_nodes":1415,"final_nodes":2634,"input_storage":{"layout":"slab","record_bytes":22640,"table_bytes":52944,"interner_bytes":36124,"metadata_bytes":11476,"cache_bytes":50167,"records":1415,"tables":1403,"logical_words":6618,"total_bytes_est":173351},"final_storage":{"layout":"slab","record_bytes":45280,"table_bytes":105888,"interner_bytes":72248,"metadata_bytes":22796,"cache_bytes":65399,"records":2634,"tables":2622,"logical_words":11087,"total_bytes_est":311611},"checksum":5522780,"verified":true}
EVENT_LAB {"kind":"legal_relation_free_join","candidate":"retraction512","domain":"fibred","product_mode":"materialized","support_gates":"materialized","bits":19,"width":6,"environments":2,"worlds":524288,"admissible_worlds":301069,"rows":128,"groups":16,"outputs":80,"memo":false,"build_s":[0.033768833],"support_s":[0.000559625],"import_s":[0.032706333],"admission_s":[0.000502083],"join_only_s":[1.6958e-5],"fresh_s":[0.215690375],"warm_s":[0.208871709],"input_bytes_est":4979999,"final_bytes_est":9943315,"input_nodes":53202,"final_nodes":64607,"input_storage":{"layout":"slab","record_bytes":851232,"table_bytes":1400848,"interner_bytes":1187656,"metadata_bytes":425844,"cache_bytes":1113367,"records":53202,"tables":26077,"logical_words":175106,"total_bytes_est":4978947},"final_storage":{"layout":"slab","record_bytes":1702464,"table_bytes":2801696,"interner_bytes":2375312,"metadata_bytes":851460,"cache_bytes":2210071,"records":64607,"tables":34727,"logical_words":212632,"total_bytes_est":9941003},"checksum":243821880,"verified":true}
EVENT_LAB {"kind":"legal_relation_free_join","candidate":"retraction512","domain":"fibred","product_mode":"materialized","support_gates":"materialized","bits":19,"width":6,"environments":2,"worlds":524288,"admissible_worlds":301069,"rows":128,"groups":16,"outputs":80,"memo":true,"build_s":[0.033768833],"support_s":[0.000559625],"import_s":[0.032706333],"admission_s":[0.000502083],"join_only_s":[1.6958e-5],"fresh_s":[0.202385208],"warm_s":[0.180743792],"input_bytes_est":4979999,"final_bytes_est":9960339,"input_nodes":53202,"final_nodes":64607,"input_storage":{"layout":"slab","record_bytes":851232,"table_bytes":1400848,"interner_bytes":1187656,"metadata_bytes":425844,"cache_bytes":1113367,"records":53202,"tables":26077,"logical_words":175106,"total_bytes_est":4978947},"final_storage":{"layout":"slab","record_bytes":1702464,"table_bytes":2801696,"interner_bytes":2375312,"metadata_bytes":851460,"cache_bytes":2210071,"records":64607,"tables":34727,"logical_words":212632,"total_bytes_est":9941003},"checksum":243821880,"verified":true}
ok

test result: ok. 1 passed; 0 failed; 0 ignored; 0 measured; 1378 filtered out; finished in 12.75s


       12.75 real        12.50 user         0.24 sys
            49102848  maximum resident set size
                   0  average shared memory size
                   0  average unshared data size
                   0  average unshared stack size
                3212  page reclaims
                   0  page faults
                   0  swaps
                   0  block input operations
                   0  block output operations
                   0  messages sent
                   0  messages received
                   0  signals received
                   0  voluntary context switches
                 366  involuntary context switches
        151093975999  instructions retired
         43381589069  cycles elapsed
            46072216  peak memory footprint
