▶ admin certainty
  ✔ checkpoint completes with its report and the pre-dispatch ref (1.704833ms)
  ✔ registration refusal is not-started and E stays never (1.537625ms)
  ✔ a lost completion is outcome-unknown with the retained ref (0.388792ms)
  ✔ erase reports residual copies honestly (0.222208ms)
  ✔ verifyBackup is read-only with typed E (0.408208ms)
  ✔ interrupting admin joins cancellation and retains the caller's operationId (2.34675ms)
✔ admin certainty (7.291958ms)
✔ same-schema cross-origin caches refuse before serving or mutating anything (583.625334ms)
✔ a retained command ref resolves after reopen and receipts outlive their scope (126.40925ms)
✔ closed and foreign capabilities refuse typed without dispatching (223.87575ms)
✔ open never creates: a missing configured database is a typed refusal, not genesis (5.458083ms)
✔ a hosted binding under the local constructor refuses typed with no genesis (4.332291ms)
▶ borrow lifecycle
  ✔ two acquires of one binding are DISTINCT borrows; releasing one leaves the other live (2.558958ms)
  ✔ a stale borrow refuses with ClosedHandle and dispatches nothing (15.7125ms)
  ✔ double release is harmless and joins the native transition (0.317542ms)
  ✔ scope close releases the borrow exactly once (idempotent with explicit release) (0.272458ms)
✔ borrow lifecycle (19.471667ms)
▶ cache surface
  ✔ evicting a borrowed slot refuses instead of revoking the borrow (6.384875ms)
  ✔ same-schema cross-origin bindings acquire isolated capabilities (0.38825ms)
  ✔ cache close is the owner decision; a released cache refuses new acquires (0.242125ms)
  ✔ inspection decodes the bounded native report (0.258542ms)
✔ cache surface (7.455042ms)
✔ native command boundaries retain exact sizes and distinguish caller misuse (702.007917ms)
✔ Event-selected log schemas survive command recovery, runtime release, cache, backup and restore (940.160875ms)
✔ Event selections participate in transition admission, replay, activation and abort (298.786292ms)
▶ LocalHistory.open
  ✔ open dispatches mode=open and never a create (7.691375ms)
  ✔ a missing database is a typed refusal, never an empty replacement (1.57225ms)
  ✔ create requires the creation artifact and dispatches mode=create (0.231542ms)
  ✔ create refuses existing authority with the native refusal, unchanged (0.222625ms)
  ✔ a hosted binding refuses at the local constructor before dispatch (0.394542ms)
✔ LocalHistory.open (10.713542ms)
▶ HostedHistory.open
  ✔ credentials default to the supported provider chain (0.206666ms)
✔ HostedHistory.open (0.264542ms)
▶ bounded inspect
  ✔ inspect decodes the bounded health snapshot (OPS-TEST-01 fixture shape) (0.728ms)
✔ bounded inspect (0.805959ms)
▶ closed capabilities
  ✔ resolve and inspect on a closed history refuse with ClosedHandle before dispatch (0.360542ms)
✔ closed capabilities (0.444583ms)
▶ returned certainty without duplicate phase
  ✔ submit decided retains its receipt without a phase field (3.052083ms)
  ✔ post-dispatch admin decode retains outcome-unknown (1.588541ms)
  ✔ native proved nonpublication stays not-started (0.247208ms)
✔ returned certainty without duplicate phase (6.691542ms)
✔ native command recovery and independent backup → verify → writable restore (1076.7555ms)
▶ submit certainty arms
  ✔ a decided receipt round-trips with local health; the ref exists before dispatch (2.720125ms)
  ✔ pre-dispatch refusal is not-submitted with the authentic ref; E stays never (1.723042ms)
  ✔ post-dispatch decode loss is outcome-unknown, never a fabricated rejection (0.447ms)
  ✔ submit on a closed history refuses as not-submitted without dispatch (0.327334ms)
  ✔ a forged command capability is a defect, never a forged receipt or arm (0.546625ms)
  ✔ invalid submit options refuse pre-dispatch as not-submitted, not as E (0.315209ms)
✔ submit certainty arms (6.706791ms)
▶ interruption after publication
  ✔ interrupt after dispatch preserves Cause and joins the native drain (2.734333ms)
  ✔ the retained original ref resolves after reopen; retry never seals a new id (0.327791ms)
  ✔ resolve also reports the closed/expired epochs as data, not errors (0.251584ms)
✔ interruption after publication (3.490625ms)
✔ the retained source and target declarations are independently generated exact native bindings (412.324875ms)
✔ ordinary imperative transition, comparison, activation and replay (children first: false) (519.864417ms)
✔ ordinary imperative transition, comparison, activation and replay (children first: true) (266.400416ms)
✔ native admission rejects a missing proof; unconstrained document loss requires application comparison (171.063792ms)
✔ complete native judgment refuses wrong-arm across ordinary population batches (111.186667ms)
✔ complete native judgment refuses orphan across ordinary population batches (117.925583ms)
✔ complete native judgment refuses key-conflict across ordinary population batches (106.576166ms)
✔ complete native judgment refuses missing-parent across ordinary population batches (105.993417ms)
ℹ tests 51
ℹ suites 10
ℹ pass 51
ℹ fail 0
ℹ cancelled 0
ℹ skipped 0
ℹ todo 0
ℹ duration_ms 2184.281833
{"node":"v26.4.0","platform":"bumbledb-darwin-arm64","tests":["event-selections","real-bridge-roundtrip","transition","command-boundaries","history-open","admin","borrows","adversarial-capabilities","submit-certainty","outcome-certainty"],"version":"1.3.1","addon_sha256":"a9758143092d02e6dade9947eb8fef9df7ced40701a9357a1fadd98d84de3c11"}
