▶ parseQueryIr
  ✔ brands a shape-legal QueryIr (0.934833ms)
  ✔ owns complete descriptions without freezing or retaining caller arrays (0.449583ms)
  ✔ rejects malformed nodes and ordinal overflow at every boundary (1.168583ms)
  ✔ rejects getters, sparse arrays and malformed binding tuples without invoking accessors (0.235583ms)
  ✔ bounds recursive input before stack exhaustion and checks aggregate operators (0.909375ms)
  ✔ logical byte literals are detached and scalars use canonical field values (0.194667ms)
  ✔ rejects empty main with populated interiors (0.077416ms)
  ✔ rejects rec with an empty base (0.112375ms)
  ✔ a compute find term requires the shared expr grammar arm (0.103042ms)
  ✔ rejects Count-with-over (0.1315ms)
  ✔ preparation rejects an unbranded QueryIr object literal (0.056334ms)
  ▶ raw Event query programs
    ✔ owns all structural constructors and test operators (1.623167ms)
    ✔ refuses malformed, cyclic and oversized programs before native execution (0.894708ms)
    ✔ owns bounded BEDC payloads while native import remains the semantic gate (1.532792ms)
    ✔ parses owned relation programs under the shared Event tree budget (1.771417ms)
  ✔ raw Event query programs (5.99825ms)
✔ parseQueryIr (11.105667ms)
✔ fixed-point wire parsing owns scopes and shares imported-byte limits (1.659416ms)
✔ exact payoff ratios own their operands and reject malformed presentations (0.300334ms)
✔ the wire-tag rosters equal the tags.json golden, key for key (0.937084ms)
ℹ tests 18
ℹ suites 2
ℹ pass 18
ℹ fail 0
ℹ cancelled 0
ℹ skipped 0
ℹ todo 0
ℹ duration_ms 252.590875
