
running 1 test
test event_repr_lab::experiment ... EVENT_LAB {"kind":"readout_free_join","candidate":"packed512","domain":"fibred","readout_family":"suffix-1","readout_faces":"x","hidden":1,"width":4,"bits":13,"worlds":8192,"admissible_worlds":3197,"environments":2,"rows":128,"groups":16,"outputs":64,"memo":false,"changed_possible_groups":16,"changed_guaranteed_groups":16,"nonconstant_readouts":48,"build_s":[0.001386333, 0.001330917, 0.001292167],"support_s":[9.4083e-5, 6.9834e-5, 7.1917e-5],"import_s":[0.001094375, 0.001077375, 0.001060708],"admission_s":[0.000197417, 0.000183625, 0.000159458],"join_only_s":[3.0167e-5, 5.292e-6, 5e-6],"fresh_s":[0.000322667, 0.000296292, 0.00025875],"fresh_group_s":[0.000179708, 0.000157333, 0.000138458],"fresh_readout_s":[9.2333e-5, 8.8417e-5, 8.0166e-5],"fresh_compute_s":[0.000273542, 0.000245958, 0.000218708],"fresh_count_s":[4.9041e-5, 5.0083e-5, 3.9875e-5],"warm_s":[0.0001005, 0.000121167, 0.000116084],"warm_group_s":[1.5042e-5, 2.2708e-5, 2.375e-5],"warm_readout_s":[4.6708e-5, 5.7208e-5, 5.1959e-5],"warm_compute_s":[6.2125e-5, 8.0125e-5, 7.5875e-5],"warm_count_s":[3.8166e-5, 4.0917e-5, 4.0125e-5],"input_nodes":2282,"final_nodes":4739,"input_bytes_est":291816,"final_bytes_est":629784,"input_storage":null,"final_storage":null,"outer_memo_bytes":0,"colt_bytes":14992,"checksum":598930,"verified":true}
EVENT_LAB {"kind":"readout_free_join","candidate":"packed512","domain":"fibred","readout_family":"suffix-1","readout_faces":"x","hidden":1,"width":4,"bits":13,"worlds":8192,"admissible_worlds":3197,"environments":2,"rows":128,"groups":16,"outputs":64,"memo":true,"changed_possible_groups":16,"changed_guaranteed_groups":16,"nonconstant_readouts":48,"build_s":[0.001386333, 0.001330917, 0.001292167],"support_s":[9.4083e-5, 6.9834e-5, 7.1917e-5],"import_s":[0.001094375, 0.001077375, 0.001060708],"admission_s":[0.000197417, 0.000183625, 0.000159458],"join_only_s":[3.0167e-5, 5.292e-6, 5e-6],"fresh_s":[0.000272125, 0.000268125, 0.000257375],"fresh_group_s":[0.000152292, 0.000150208, 0.000139083],"fresh_readout_s":[7.925e-5, 7.7875e-5, 8.0334e-5],"fresh_compute_s":[0.000231959, 0.000228166, 0.0002195],"fresh_count_s":[3.9959e-5, 3.9833e-5, 3.7834e-5],"warm_s":[9.1875e-5, 8.6625e-5, 8.2167e-5],"warm_group_s":[9.708e-6, 8e-6, 7.792e-6],"warm_readout_s":[4.35e-5, 4.125e-5, 3.6792e-5],"warm_compute_s":[5.3625e-5, 4.9334e-5, 4.4709e-5],"warm_count_s":[3.8125e-5, 3.725e-5, 3.7375e-5],"input_nodes":2282,"final_nodes":4739,"input_bytes_est":291816,"final_bytes_est":638744,"input_storage":null,"final_storage":null,"outer_memo_bytes":8960,"colt_bytes":14992,"checksum":598930,"verified":true}
EVENT_LAB {"kind":"readout_free_join","candidate":"packed512","domain":"fibred","readout_family":"suffix-1","readout_faces":"x","hidden":1,"width":6,"bits":19,"worlds":524288,"admissible_worlds":301069,"environments":2,"rows":128,"groups":16,"outputs":64,"memo":false,"changed_possible_groups":16,"changed_guaranteed_groups":16,"nonconstant_readouts":48,"build_s":[0.064684584, 0.064954292, 0.065308541],"support_s":[0.000314917, 0.000307209, 0.000318916],"import_s":[0.060055209, 0.060281625, 0.060870791],"admission_s":[0.004311459, 0.004365375, 0.004115708],"join_only_s":[1.8e-5, 5.208e-6, 5.042e-6],"fresh_s":[0.001551833, 0.001535875, 0.001595125],"fresh_group_s":[0.000647125, 0.000644583, 0.000689875],"fresh_readout_s":[0.000550792, 0.000547625, 0.000565541],"fresh_compute_s":[0.001198125, 0.001192375, 0.001255542],"fresh_count_s":[0.000353541, 0.000343333, 0.000339458],"warm_s":[0.000911416, 0.0010865, 0.000954708],"warm_group_s":[4.0875e-5, 4.5333e-5, 4.825e-5],"warm_readout_s":[0.000520459, 0.00071175, 0.000551458],"warm_compute_s":[0.000562125, 0.000757167, 0.000599833],"warm_count_s":[0.000349042, 0.000329208, 0.000354791],"input_nodes":34465,"final_nodes":49763,"input_bytes_est":5906480,"final_bytes_est":6651888,"input_storage":null,"final_storage":null,"outer_memo_bytes":0,"colt_bytes":14992,"checksum":11398018,"verified":true}
EVENT_LAB {"kind":"readout_free_join","candidate":"packed512","domain":"fibred","readout_family":"suffix-1","readout_faces":"x","hidden":1,"width":6,"bits":19,"worlds":524288,"admissible_worlds":301069,"environments":2,"rows":128,"groups":16,"outputs":64,"memo":true,"changed_possible_groups":16,"changed_guaranteed_groups":16,"nonconstant_readouts":48,"build_s":[0.064684584, 0.064954292, 0.065308541],"support_s":[0.000314917, 0.000307209, 0.000318916],"import_s":[0.060055209, 0.060281625, 0.060870791],"admission_s":[0.004311459, 0.004365375, 0.004115708],"join_only_s":[1.8e-5, 5.208e-6, 5.042e-6],"fresh_s":[0.001583917, 0.00160625, 0.001573042],"fresh_group_s":[0.0006785, 0.000685333, 0.000672375],"fresh_readout_s":[0.000558167, 0.000566375, 0.000556625],"fresh_compute_s":[0.001237167, 0.001252083, 0.00122925],"fresh_count_s":[0.0003465, 0.000354083, 0.00034375],"warm_s":[0.000952667, 0.000906292, 0.00094825],"warm_group_s":[1.7333e-5, 1.8916e-5, 1.8125e-5],"warm_readout_s":[0.0005785, 0.000536709, 0.000559375],"warm_compute_s":[0.000597292, 0.000555875, 0.000577667],"warm_count_s":[0.000354834, 0.000350333, 0.0003705],"input_nodes":34465,"final_nodes":49763,"input_bytes_est":5906480,"final_bytes_est":6660848,"input_storage":null,"final_storage":null,"outer_memo_bytes":8960,"colt_bytes":14992,"checksum":11398018,"verified":true}
ok

test result: ok. 1 passed; 0 failed; 0 ignored; 0 measured; 1378 filtered out; finished in 13.91s


       13.91 real        13.80 user         0.09 sys
            49627136  maximum resident set size
                   0  average shared memory size
                   0  average unshared data size
                   0  average unshared stack size
                3245  page reclaims
                   0  page faults
                   0  swaps
                   0  block input operations
                   0  block output operations
                   0  messages sent
                   0  messages received
                   0  signals received
                   0  voluntary context switches
                2217  involuntary context switches
        193008186937  instructions retired
         46423937623  cycles elapsed
            46809520  peak memory footprint
