
running 1 test
test event_repr_lab::experiment ... EVENT_LAB {"kind":"readout_free_join","candidate":"packed512","domain":"fibred","readout_family":"non-suffix","readout_faces":"x","hidden":8,"width":4,"bits":13,"worlds":8192,"admissible_worlds":3197,"environments":2,"rows":128,"groups":16,"outputs":64,"memo":false,"changed_possible_groups":16,"changed_guaranteed_groups":16,"nonconstant_readouts":48,"build_s":[0.001432875, 0.001361625, 0.001333792],"support_s":[9.8666e-5, 7.2333e-5, 7.4542e-5],"import_s":[0.001124875, 0.001099708, 0.001095667],"admission_s":[0.000209, 0.000189458, 0.000163542],"join_only_s":[5.0916e-5, 5.417e-6, 5.166e-6],"fresh_s":[0.000325125, 0.000272333, 0.000253583],"fresh_group_s":[0.000186667, 0.000161041, 0.000148791],"fresh_readout_s":[9.1416e-5, 7.6208e-5, 7.0584e-5],"fresh_compute_s":[0.000279542, 0.000237375, 0.000219416],"fresh_count_s":[4.5458e-5, 3.4834e-5, 3.4083e-5],"warm_s":[0.000103458, 8.1042e-5, 8.1042e-5],"warm_group_s":[2.1625e-5, 1.3167e-5, 1.2166e-5],"warm_readout_s":[4.7333e-5, 3.5333e-5, 3.6625e-5],"warm_compute_s":[6.95e-5, 4.8625e-5, 4.8875e-5],"warm_count_s":[3.3875e-5, 3.2333e-5, 3.2083e-5],"input_nodes":2282,"final_nodes":4401,"input_bytes_est":291816,"final_bytes_est":629784,"input_storage":null,"final_storage":null,"outer_memo_bytes":0,"colt_bytes":14992,"checksum":607690,"verified":true}
EVENT_LAB {"kind":"readout_free_join","candidate":"packed512","domain":"fibred","readout_family":"non-suffix","readout_faces":"x","hidden":8,"width":4,"bits":13,"worlds":8192,"admissible_worlds":3197,"environments":2,"rows":128,"groups":16,"outputs":64,"memo":true,"changed_possible_groups":16,"changed_guaranteed_groups":16,"nonconstant_readouts":48,"build_s":[0.001432875, 0.001361625, 0.001333792],"support_s":[9.8666e-5, 7.2333e-5, 7.4542e-5],"import_s":[0.001124875, 0.001099708, 0.001095667],"admission_s":[0.000209, 0.000189458, 0.000163542],"join_only_s":[5.0916e-5, 5.417e-6, 5.166e-6],"fresh_s":[0.00026675, 0.000240416, 0.000239417],"fresh_group_s":[0.000160084, 0.000137791, 0.000139167],"fresh_readout_s":[7.2e-5, 6.9083e-5, 6.6917e-5],"fresh_compute_s":[0.000232333, 0.000206958, 0.000206167],"fresh_count_s":[3.4333e-5, 3.3375e-5, 3.3209e-5],"warm_s":[7.4666e-5, 8.5541e-5, 7.8e-5],"warm_group_s":[8.25e-6, 1.5541e-5, 9.084e-6],"warm_readout_s":[3.35e-5, 3.75e-5, 3.6834e-5],"warm_compute_s":[4.1916e-5, 5.3125e-5, 4.6041e-5],"warm_count_s":[3.2667e-5, 3.2334e-5, 3.1792e-5],"input_nodes":2282,"final_nodes":4401,"input_bytes_est":291816,"final_bytes_est":638744,"input_storage":null,"final_storage":null,"outer_memo_bytes":8960,"colt_bytes":14992,"checksum":607690,"verified":true}
EVENT_LAB {"kind":"readout_free_join","candidate":"packed512","domain":"fibred","readout_family":"non-suffix","readout_faces":"x","hidden":32,"width":6,"bits":19,"worlds":524288,"admissible_worlds":301069,"environments":2,"rows":128,"groups":16,"outputs":64,"memo":false,"changed_possible_groups":16,"changed_guaranteed_groups":16,"nonconstant_readouts":48,"build_s":[0.06692525, 0.066572542, 0.067001542],"support_s":[0.000322458, 0.000321792, 0.000321333],"import_s":[0.06218075, 0.061744209, 0.062317292],"admission_s":[0.004421458, 0.004506417, 0.004362792],"join_only_s":[2.2292e-5, 5.208e-6, 5e-6],"fresh_s":[0.001434, 0.001484041, 0.001470542],"fresh_group_s":[0.000651375, 0.000666334, 0.000670292],"fresh_readout_s":[0.000562125, 0.000593875, 0.000577792],"fresh_compute_s":[0.00121425, 0.001260333, 0.001248209],"fresh_count_s":[0.000217125, 0.000223583, 0.000222208],"warm_s":[0.000777917, 0.000780416, 0.00077225],"warm_group_s":[4.35e-5, 4.3708e-5, 4.3917e-5],"warm_readout_s":[0.000501208, 0.0005055, 0.000501041],"warm_compute_s":[0.0005455, 0.000549625, 0.00054525],"warm_count_s":[0.000232333, 0.00023075, 0.000226917],"input_nodes":34465,"final_nodes":47190,"input_bytes_est":5906480,"final_bytes_est":6651888,"input_storage":null,"final_storage":null,"outer_memo_bytes":0,"colt_bytes":14992,"checksum":12912164,"verified":true}
EVENT_LAB {"kind":"readout_free_join","candidate":"packed512","domain":"fibred","readout_family":"non-suffix","readout_faces":"x","hidden":32,"width":6,"bits":19,"worlds":524288,"admissible_worlds":301069,"environments":2,"rows":128,"groups":16,"outputs":64,"memo":true,"changed_possible_groups":16,"changed_guaranteed_groups":16,"nonconstant_readouts":48,"build_s":[0.06692525, 0.066572542, 0.067001542],"support_s":[0.000322458, 0.000321792, 0.000321333],"import_s":[0.06218075, 0.061744209, 0.062317292],"admission_s":[0.004421458, 0.004506417, 0.004362792],"join_only_s":[2.2292e-5, 5.208e-6, 5e-6],"fresh_s":[0.0014875, 0.001460042, 0.001457792],"fresh_group_s":[0.000677583, 0.000677583, 0.00067],"fresh_readout_s":[0.000585708, 0.000563375, 0.000567916],"fresh_compute_s":[0.001263708, 0.00124125, 0.001238],"fresh_count_s":[0.000223542, 0.000218708, 0.000219583],"warm_s":[0.000746292, 0.0007575, 0.000751458],"warm_group_s":[1.8125e-5, 1.6916e-5, 1.6958e-5],"warm_readout_s":[0.000499167, 0.000510625, 0.0005105],"warm_compute_s":[0.000518417, 0.00052775, 0.000527667],"warm_count_s":[0.000227792, 0.000229708, 0.00022375],"input_nodes":34465,"final_nodes":47190,"input_bytes_est":5906480,"final_bytes_est":6660848,"input_storage":null,"final_storage":null,"outer_memo_bytes":8960,"colt_bytes":14992,"checksum":12912164,"verified":true}
ok

test result: ok. 1 passed; 0 failed; 0 ignored; 0 measured; 1378 filtered out; finished in 13.53s


       13.53 real        13.40 user         0.12 sys
            49528832  maximum resident set size
                   0  average shared memory size
                   0  average unshared data size
                   0  average unshared stack size
                3238  page reclaims
                   0  page faults
                   0  swaps
                   0  block input operations
                   0  block output operations
                   0  messages sent
                   0  messages received
                   0  signals received
                   0  voluntary context switches
                1054  involuntary context switches
        189367426589  instructions retired
         45254789948  cycles elapsed
            46711216  peak memory footprint
