
running 1 test
test event_repr_lab::experiment ... EVENT_LAB {"kind":"readout_free_join","candidate":"dense-dispatched","domain":"fibred","readout_family":"suffix-1","readout_faces":"x","hidden":1,"width":4,"bits":13,"worlds":8192,"admissible_worlds":3197,"environments":2,"rows":128,"groups":16,"outputs":64,"memo":false,"changed_possible_groups":16,"changed_guaranteed_groups":16,"nonconstant_readouts":48,"build_s":[0.001303875, 0.001248041, 0.001286041],"support_s":[4.9042e-5, 3.9125e-5, 3.8708e-5],"import_s":[6.417e-6, 6.167e-6, 5.25e-6],"admission_s":[0.001247834, 0.001202667, 0.001242042],"join_only_s":[3.225e-5, 5.459e-6, 5.167e-6],"fresh_s":[9.6042e-5, 8.3458e-5, 7.3875e-5],"fresh_group_s":[7.75e-5, 6.8292e-5, 6.0375e-5],"fresh_readout_s":[1.5708e-5, 1.4125e-5, 1.2292e-5],"fresh_compute_s":[9.4833e-5, 8.2417e-5, 7.275e-5],"fresh_count_s":[1.083e-6, 1e-6, 1.084e-6],"warm_s":[7.6209e-5, 7.5167e-5, 7.7041e-5],"warm_group_s":[6.2708e-5, 6.1917e-5, 6.2959e-5],"warm_readout_s":[1.225e-5, 1.2167e-5, 1.2958e-5],"warm_compute_s":[7.5084e-5, 7.4125e-5, 7.5958e-5],"warm_count_s":[1e-6, 1e-6, 1e-6],"input_nodes":128,"final_nodes":277,"input_bytes_est":142104,"final_bytes_est":305168,"input_storage":null,"final_storage":null,"outer_memo_bytes":0,"colt_bytes":14992,"checksum":598930,"verified":true}
EVENT_LAB {"kind":"readout_free_join","candidate":"dense-dispatched","domain":"fibred","readout_family":"suffix-1","readout_faces":"x","hidden":1,"width":4,"bits":13,"worlds":8192,"admissible_worlds":3197,"environments":2,"rows":128,"groups":16,"outputs":64,"memo":true,"changed_possible_groups":16,"changed_guaranteed_groups":16,"nonconstant_readouts":48,"build_s":[0.001303875, 0.001248041, 0.001286041],"support_s":[4.9042e-5, 3.9125e-5, 3.8708e-5],"import_s":[6.417e-6, 6.167e-6, 5.25e-6],"admission_s":[0.001247834, 0.001202667, 0.001242042],"join_only_s":[3.225e-5, 5.459e-6, 5.167e-6],"fresh_s":[4.3458e-5, 4.1958e-5, 4.1958e-5],"fresh_group_s":[3.1541e-5, 2.9125e-5, 2.9708e-5],"fresh_readout_s":[1.0625e-5, 1.1709e-5, 1.1041e-5],"fresh_compute_s":[4.2375e-5, 4.0916e-5, 4.0875e-5],"fresh_count_s":[1e-6, 9.58e-7, 1e-6],"warm_s":[2.0333e-5, 2.0292e-5, 2.0042e-5],"warm_group_s":[8.416e-6, 8.5e-6, 8.292e-6],"warm_readout_s":[1.0583e-5, 1.0625e-5, 1.05e-5],"warm_compute_s":[1.9167e-5, 1.9167e-5, 1.8833e-5],"warm_count_s":[1.084e-6, 1.083e-6, 1.125e-6],"input_nodes":128,"final_nodes":277,"input_bytes_est":142104,"final_bytes_est":314128,"input_storage":null,"final_storage":null,"outer_memo_bytes":8960,"colt_bytes":14992,"checksum":598930,"verified":true}
EVENT_LAB {"kind":"readout_free_join","candidate":"dense-dispatched","domain":"fibred","readout_family":"suffix-1","readout_faces":"x","hidden":1,"width":6,"bits":19,"worlds":524288,"admissible_worlds":301069,"environments":2,"rows":128,"groups":16,"outputs":64,"memo":false,"changed_possible_groups":16,"changed_guaranteed_groups":16,"nonconstant_readouts":48,"build_s":[0.467926291, 0.465726459, 0.46134125],"support_s":[0.002565041, 0.002568417, 0.00267925],"import_s":[0.000203583, 0.000319458, 0.000261],"admission_s":[0.465153291, 0.462838292, 0.458400834],"join_only_s":[1.9458e-5, 5.25e-6, 5.084e-6],"fresh_s":[0.003996208, 0.003466541, 0.003419458],"fresh_group_s":[0.003294083, 0.002847, 0.002809709],"fresh_readout_s":[0.000635667, 0.000556417, 0.000546458],"fresh_compute_s":[0.003931916, 0.003403583, 0.003356333],"fresh_count_s":[6.4167e-5, 6.2875e-5, 6.3083e-5],"warm_s":[0.003738583, 0.003707875, 0.00371675],"warm_group_s":[0.003047166, 0.003050792, 0.003055792],"warm_readout_s":[0.0006255, 0.000594916, 0.000599166],"warm_compute_s":[0.003673458, 0.00364575, 0.003655084],"warm_count_s":[6.4958e-5, 6.2041e-5, 6.1584e-5],"input_nodes":476,"final_nodes":636,"input_bytes_est":31361064,"final_bytes_est":41852568,"input_storage":null,"final_storage":null,"outer_memo_bytes":0,"colt_bytes":14992,"checksum":11398018,"verified":true}
EVENT_LAB {"kind":"readout_free_join","candidate":"dense-dispatched","domain":"fibred","readout_family":"suffix-1","readout_faces":"x","hidden":1,"width":6,"bits":19,"worlds":524288,"admissible_worlds":301069,"environments":2,"rows":128,"groups":16,"outputs":64,"memo":true,"changed_possible_groups":16,"changed_guaranteed_groups":16,"nonconstant_readouts":48,"build_s":[0.467926291, 0.465726459, 0.46134125],"support_s":[0.002565041, 0.002568417, 0.00267925],"import_s":[0.000203583, 0.000319458, 0.000261],"admission_s":[0.465153291, 0.462838292, 0.458400834],"join_only_s":[1.9458e-5, 5.25e-6, 5.084e-6],"fresh_s":[0.001501584, 0.001441042, 0.001441959],"fresh_group_s":[0.000943959, 0.000893375, 0.000898209],"fresh_readout_s":[0.000490542, 0.000485042, 0.00047475],"fresh_compute_s":[0.001435292, 0.001378875, 0.001373125],"fresh_count_s":[6.6166e-5, 6.2125e-5, 6.875e-5],"warm_s":[0.000518625, 0.000518666, 0.000514791],"warm_group_s":[9.291e-6, 8.917e-6, 1.0792e-5],"warm_readout_s":[0.000447083, 0.00044875, 0.000443],"warm_compute_s":[0.000456708, 0.00045775, 0.000453916],"warm_count_s":[6.1833e-5, 6.0875e-5, 6.0875e-5],"input_nodes":476,"final_nodes":636,"input_bytes_est":31361064,"final_bytes_est":41861528,"input_storage":null,"final_storage":null,"outer_memo_bytes":8960,"colt_bytes":14992,"checksum":11398018,"verified":true}
ok

test result: ok. 1 passed; 0 failed; 0 ignored; 0 measured; 1378 filtered out; finished in 1.53s


        1.53 real         1.50 user         0.02 sys
           207945728  maximum resident set size
                   0  average shared memory size
                   0  average unshared data size
                   0  average unshared stack size
               12907  page reclaims
                   0  page faults
                   0  swaps
                   0  block input operations
                   0  block output operations
                   0  messages sent
                   0  messages received
                   0  signals received
                   0  voluntary context switches
                 113  involuntary context switches
         13733362408  instructions retired
          5139310105  cycles elapsed
           205292048  peak memory footprint
