
running 1 test
test event_repr_lab::experiment ... EVENT_LAB {"kind":"readout_free_join","candidate":"essential512","domain":"fibred","readout_family":"suffix-1","readout_faces":"x","hidden":1,"width":4,"bits":13,"worlds":8192,"admissible_worlds":3197,"environments":2,"rows":128,"groups":16,"outputs":64,"memo":false,"changed_possible_groups":16,"changed_guaranteed_groups":16,"nonconstant_readouts":48,"build_s":[0.001222208],"support_s":[0.000131],"import_s":[0.000339416],"admission_s":[0.000751375],"join_only_s":[2.8417e-5],"fresh_s":[0.001594375],"fresh_group_s":[0.000979916],"fresh_readout_s":[0.000612959],"fresh_compute_s":[0.001594167],"fresh_count_s":[1.25e-7],"warm_s":[0.0002445],"warm_group_s":[2.3208e-5],"warm_readout_s":[0.000220458],"warm_compute_s":[0.000244],"warm_count_s":[3.75e-7],"input_nodes":1786,"final_nodes":4308,"input_bytes_est":178368,"final_bytes_est":583688,"input_storage":{"layout":"slab","record_bytes":28576,"table_bytes":33056,"interner_bytes":37608,"metadata_bytes":14392,"cache_bytes":64736,"records":1786,"tables":775,"logical_words":4132,"total_bytes_est":178368},"final_storage":{"layout":"slab","record_bytes":114304,"table_bytes":132224,"interner_bytes":150432,"metadata_bytes":57256,"cache_bytes":129472,"records":4308,"tables":1796,"logical_words":10600,"total_bytes_est":583688},"outer_memo_bytes":0,"colt_bytes":14992,"checksum":598930,"verified":true}
EVENT_LAB {"kind":"readout_free_join","candidate":"essential512","domain":"fibred","readout_family":"suffix-1","readout_faces":"x","hidden":1,"width":4,"bits":13,"worlds":8192,"admissible_worlds":3197,"environments":2,"rows":128,"groups":16,"outputs":64,"memo":true,"changed_possible_groups":16,"changed_guaranteed_groups":16,"nonconstant_readouts":48,"build_s":[0.001222208],"support_s":[0.000131],"import_s":[0.000339416],"admission_s":[0.000751375],"join_only_s":[2.8417e-5],"fresh_s":[0.00163675],"fresh_group_s":[0.001002834],"fresh_readout_s":[0.000630375],"fresh_compute_s":[0.001633542],"fresh_count_s":[3.34e-7],"warm_s":[0.000255666],"warm_group_s":[1.2625e-5],"warm_readout_s":[0.000242292],"warm_compute_s":[0.000255125],"warm_count_s":[3.75e-7],"input_nodes":1786,"final_nodes":4308,"input_bytes_est":178368,"final_bytes_est":592648,"input_storage":{"layout":"slab","record_bytes":28576,"table_bytes":33056,"interner_bytes":37608,"metadata_bytes":14392,"cache_bytes":64736,"records":1786,"tables":775,"logical_words":4132,"total_bytes_est":178368},"final_storage":{"layout":"slab","record_bytes":114304,"table_bytes":132224,"interner_bytes":150432,"metadata_bytes":57256,"cache_bytes":129472,"records":4308,"tables":1796,"logical_words":10600,"total_bytes_est":583688},"outer_memo_bytes":8960,"colt_bytes":14992,"checksum":598930,"verified":true}
EVENT_LAB {"kind":"readout_free_join","candidate":"essential512","domain":"fibred","readout_family":"suffix-1","readout_faces":"x","hidden":1,"width":6,"bits":19,"worlds":524288,"admissible_worlds":301069,"environments":2,"rows":128,"groups":16,"outputs":64,"memo":false,"changed_possible_groups":16,"changed_guaranteed_groups":16,"nonconstant_readouts":48,"build_s":[0.006197083],"support_s":[0.000399792],"import_s":[0.00171225],"admission_s":[0.004084375],"join_only_s":[2.0125e-5],"fresh_s":[0.003579209],"fresh_group_s":[0.002378792],"fresh_readout_s":[0.001199791],"fresh_compute_s":[0.003578917],"fresh_count_s":[2.08e-7],"warm_s":[0.000541375],"warm_group_s":[3.975e-5],"warm_readout_s":[0.000500667],"warm_compute_s":[0.000540875],"warm_count_s":[4.16e-7],"input_nodes":12295,"final_nodes":19306,"input_bytes_est":1164100,"final_bytes_est":1840624,"input_storage":{"layout":"slab","record_bytes":196720,"table_bytes":80936,"interner_bytes":292892,"metadata_bytes":98512,"cache_bytes":495040,"records":12295,"tables":1869,"logical_words":10117,"total_bytes_est":1164100},"final_storage":{"layout":"slab","record_bytes":393440,"table_bytes":161872,"interner_bytes":585784,"metadata_bytes":196872,"cache_bytes":502656,"records":19306,"tables":2959,"logical_words":18118,"total_bytes_est":1840624},"outer_memo_bytes":0,"colt_bytes":14992,"checksum":11398018,"verified":true}
EVENT_LAB {"kind":"readout_free_join","candidate":"essential512","domain":"fibred","readout_family":"suffix-1","readout_faces":"x","hidden":1,"width":6,"bits":19,"worlds":524288,"admissible_worlds":301069,"environments":2,"rows":128,"groups":16,"outputs":64,"memo":true,"changed_possible_groups":16,"changed_guaranteed_groups":16,"nonconstant_readouts":48,"build_s":[0.006197083],"support_s":[0.000399792],"import_s":[0.00171225],"admission_s":[0.004084375],"join_only_s":[2.0125e-5],"fresh_s":[0.003424208],"fresh_group_s":[0.002252959],"fresh_readout_s":[0.001170625],"fresh_compute_s":[0.003423958],"fresh_count_s":[1.66e-7],"warm_s":[0.000517333],"warm_group_s":[1.6583e-5],"warm_readout_s":[0.000499417],"warm_compute_s":[0.000516542],"warm_count_s":[7.09e-7],"input_nodes":12295,"final_nodes":19306,"input_bytes_est":1164100,"final_bytes_est":1849584,"input_storage":{"layout":"slab","record_bytes":196720,"table_bytes":80936,"interner_bytes":292892,"metadata_bytes":98512,"cache_bytes":495040,"records":12295,"tables":1869,"logical_words":10117,"total_bytes_est":1164100},"final_storage":{"layout":"slab","record_bytes":393440,"table_bytes":161872,"interner_bytes":585784,"metadata_bytes":196872,"cache_bytes":502656,"records":19306,"tables":2959,"logical_words":18118,"total_bytes_est":1840624},"outer_memo_bytes":8960,"colt_bytes":14992,"checksum":11398018,"verified":true}
ok

test result: ok. 1 passed; 0 failed; 0 ignored; 0 measured; 1378 filtered out; finished in 9.52s


        9.52 real         9.44 user         0.07 sys
            23298048  maximum resident set size
                   0  average shared memory size
                   0  average unshared data size
                   0  average unshared stack size
                1637  page reclaims
                   0  page faults
                   0  swaps
                   0  block input operations
                   0  block output operations
                   0  messages sent
                   0  messages received
                   0  signals received
                   0  voluntary context switches
                 849  involuntary context switches
        116258219889  instructions retired
         31707742351  cycles elapsed
            20349336  peak memory footprint
