
running 1 test
test event_repr_lab::experiment ... EVENT_LAB {"kind":"readout_free_join","candidate":"packed512","domain":"full","readout_family":"suffix-1","readout_faces":"x","hidden":1,"width":4,"bits":12,"worlds":4096,"admissible_worlds":4096,"environments":1,"rows":128,"groups":16,"outputs":64,"memo":false,"changed_possible_groups":16,"changed_guaranteed_groups":16,"nonconstant_readouts":48,"build_s":[0.000534625],"support_s":[1.2833e-5],"import_s":[0.000520167],"admission_s":[1.333e-6],"join_only_s":[2.7625e-5],"fresh_s":[0.000100667],"fresh_group_s":[6.9709e-5],"fresh_readout_s":[1.6625e-5],"fresh_compute_s":[8.7417e-5],"fresh_count_s":[1.3167e-5],"warm_s":[2.9583e-5],"warm_group_s":[1.1791e-5],"warm_readout_s":[8.083e-6],"warm_compute_s":[2.0083e-5],"warm_count_s":[9.375e-6],"input_nodes":107,"final_nodes":693,"input_bytes_est":10516,"final_bytes_est":105044,"input_storage":null,"final_storage":null,"outer_memo_bytes":0,"colt_bytes":14992,"checksum":967328,"verified":true}
EVENT_LAB {"kind":"readout_free_join","candidate":"packed512","domain":"full","readout_family":"suffix-1","readout_faces":"x","hidden":1,"width":4,"bits":12,"worlds":4096,"admissible_worlds":4096,"environments":1,"rows":128,"groups":16,"outputs":64,"memo":true,"changed_possible_groups":16,"changed_guaranteed_groups":16,"nonconstant_readouts":48,"build_s":[0.000534625],"support_s":[1.2833e-5],"import_s":[0.000520167],"admission_s":[1.333e-6],"join_only_s":[2.7625e-5],"fresh_s":[7.1791e-5],"fresh_group_s":[5.25e-5],"fresh_readout_s":[9.833e-6],"fresh_compute_s":[6.25e-5],"fresh_count_s":[9.167e-6],"warm_s":[2.4542e-5],"warm_group_s":[8.083e-6],"warm_readout_s":[7.375e-6],"warm_compute_s":[1.5625e-5],"warm_count_s":[8.833e-6],"input_nodes":107,"final_nodes":693,"input_bytes_est":10516,"final_bytes_est":114004,"input_storage":null,"final_storage":null,"outer_memo_bytes":8960,"colt_bytes":14992,"checksum":967328,"verified":true}
EVENT_LAB {"kind":"readout_free_join","candidate":"packed512","domain":"full","readout_family":"suffix-1","readout_faces":"x","hidden":1,"width":6,"bits":18,"worlds":262144,"admissible_worlds":262144,"environments":1,"rows":128,"groups":16,"outputs":64,"memo":false,"changed_possible_groups":16,"changed_guaranteed_groups":16,"nonconstant_readouts":48,"build_s":[0.030345792],"support_s":[6.334e-6],"import_s":[0.030338125],"admission_s":[7.08e-7],"join_only_s":[2.4542e-5],"fresh_s":[0.000244125],"fresh_group_s":[0.000164791],"fresh_readout_s":[3.4625e-5],"fresh_compute_s":[0.000199708],"fresh_count_s":[4.4333e-5],"warm_s":[0.000111333],"warm_group_s":[2.5875e-5],"warm_readout_s":[4.5834e-5],"warm_compute_s":[7.2333e-5],"warm_count_s":[3.8833e-5],"input_nodes":448,"final_nodes":2724,"input_bytes_est":35324,"final_bytes_est":367852,"input_storage":null,"final_storage":null,"outer_memo_bytes":0,"colt_bytes":14992,"checksum":10792320,"verified":true}
EVENT_LAB {"kind":"readout_free_join","candidate":"packed512","domain":"full","readout_family":"suffix-1","readout_faces":"x","hidden":1,"width":6,"bits":18,"worlds":262144,"admissible_worlds":262144,"environments":1,"rows":128,"groups":16,"outputs":64,"memo":true,"changed_possible_groups":16,"changed_guaranteed_groups":16,"nonconstant_readouts":48,"build_s":[0.030345792],"support_s":[6.334e-6],"import_s":[0.030338125],"admission_s":[7.08e-7],"join_only_s":[2.4542e-5],"fresh_s":[0.000254958],"fresh_group_s":[0.000180417],"fresh_readout_s":[2.9958e-5],"fresh_compute_s":[0.000213583],"fresh_count_s":[4.1291e-5],"warm_s":[9.875e-5],"warm_group_s":[1.6083e-5],"warm_readout_s":[4.3458e-5],"warm_compute_s":[6.0292e-5],"warm_count_s":[3.8416e-5],"input_nodes":448,"final_nodes":2724,"input_bytes_est":35324,"final_bytes_est":376812,"input_storage":null,"final_storage":null,"outer_memo_bytes":8960,"colt_bytes":14992,"checksum":10792320,"verified":true}
ok

test result: ok. 1 passed; 0 failed; 0 ignored; 0 measured; 1378 filtered out; finished in 1.36s


        1.36 real         1.35 user         0.00 sys
            10600448  maximum resident set size
                   0  average shared memory size
                   0  average unshared data size
                   0  average unshared stack size
                 862  page reclaims
                   0  page faults
                   0  swaps
                   0  block input operations
                   0  block output operations
                   0  messages sent
                   0  messages received
                   0  signals received
                   0  voluntary context switches
                  72  involuntary context switches
         27302162379  instructions retired
          4546216143  cycles elapsed
             7799168  peak memory footprint
