
running 1 test
test event_repr_lab::experiment ... EVENT_LAB {"kind":"readout_free_join","candidate":"essential512","domain":"full","readout_family":"non-suffix","readout_faces":"x","hidden":8,"width":4,"bits":12,"worlds":4096,"admissible_worlds":4096,"environments":1,"rows":128,"groups":16,"outputs":64,"memo":false,"changed_possible_groups":16,"changed_guaranteed_groups":16,"nonconstant_readouts":32,"build_s":[6.4584e-5],"support_s":[1.6584e-5],"import_s":[4.7458e-5],"admission_s":[4.1e-8],"join_only_s":[3.1166e-5],"fresh_s":[0.000156584],"fresh_group_s":[0.000132625],"fresh_readout_s":[2.2625e-5],"fresh_compute_s":[0.00015625],"fresh_count_s":[2.5e-7],"warm_s":[3.375e-5],"warm_group_s":[1.3e-5],"warm_readout_s":[2.0292e-5],"warm_compute_s":[3.3417e-5],"warm_count_s":[2.5e-7],"input_nodes":25,"final_nodes":161,"input_bytes_est":1848,"final_bytes_est":22528,"input_storage":{"layout":"slab","record_bytes":400,"table_bytes":576,"interner_bytes":576,"metadata_bytes":296,"cache_bytes":0,"records":25,"tables":24,"logical_words":72,"total_bytes_est":1848},"final_storage":{"layout":"slab","record_bytes":3200,"table_bytes":9216,"interner_bytes":4608,"metadata_bytes":1696,"cache_bytes":3808,"records":161,"tables":160,"logical_words":600,"total_bytes_est":22528},"outer_memo_bytes":0,"colt_bytes":14992,"checksum":1128800,"verified":true}
EVENT_LAB {"kind":"readout_free_join","candidate":"essential512","domain":"full","readout_family":"non-suffix","readout_faces":"x","hidden":8,"width":4,"bits":12,"worlds":4096,"admissible_worlds":4096,"environments":1,"rows":128,"groups":16,"outputs":64,"memo":true,"changed_possible_groups":16,"changed_guaranteed_groups":16,"nonconstant_readouts":32,"build_s":[6.4584e-5],"support_s":[1.6584e-5],"import_s":[4.7458e-5],"admission_s":[4.1e-8],"join_only_s":[3.1166e-5],"fresh_s":[0.000137625],"fresh_group_s":[0.000117666],"fresh_readout_s":[1.9625e-5],"fresh_compute_s":[0.000137417],"fresh_count_s":[1.66e-7],"warm_s":[2.7416e-5],"warm_group_s":[8.083e-6],"warm_readout_s":[1.8958e-5],"warm_compute_s":[2.7166e-5],"warm_count_s":[1.67e-7],"input_nodes":25,"final_nodes":161,"input_bytes_est":1848,"final_bytes_est":31488,"input_storage":{"layout":"slab","record_bytes":400,"table_bytes":576,"interner_bytes":576,"metadata_bytes":296,"cache_bytes":0,"records":25,"tables":24,"logical_words":72,"total_bytes_est":1848},"final_storage":{"layout":"slab","record_bytes":3200,"table_bytes":9216,"interner_bytes":4608,"metadata_bytes":1696,"cache_bytes":3808,"records":161,"tables":160,"logical_words":600,"total_bytes_est":22528},"outer_memo_bytes":8960,"colt_bytes":14992,"checksum":1128800,"verified":true}
EVENT_LAB {"kind":"readout_free_join","candidate":"essential512","domain":"full","readout_family":"non-suffix","readout_faces":"x","hidden":32,"width":6,"bits":18,"worlds":262144,"admissible_worlds":262144,"environments":1,"rows":128,"groups":16,"outputs":64,"memo":false,"changed_possible_groups":16,"changed_guaranteed_groups":16,"nonconstant_readouts":32,"build_s":[0.000538],"support_s":[4.875e-6],"import_s":[0.000532708],"admission_s":[4.1e-8],"join_only_s":[1.4125e-5],"fresh_s":[0.000498084],"fresh_group_s":[0.000491417],"fresh_readout_s":[6.292e-6],"fresh_compute_s":[0.000497792],"fresh_count_s":[2.08e-7],"warm_s":[2.8625e-5],"warm_group_s":[2.1e-5],"warm_readout_s":[6.792e-6],"warm_compute_s":[2.825e-5],"warm_count_s":[2.5e-7],"input_nodes":157,"final_nodes":1013,"input_bytes_est":12700,"final_bytes_est":132008,"input_storage":{"layout":"slab","record_bytes":2512,"table_bytes":4352,"interner_bytes":4436,"metadata_bytes":1400,"cache_bytes":0,"records":157,"tables":75,"logical_words":544,"total_bytes_est":12700},"final_storage":{"layout":"slab","record_bytes":20096,"table_bytes":34816,"interner_bytes":35488,"metadata_bytes":10192,"cache_bytes":31416,"records":1013,"tables":365,"logical_words":2663,"total_bytes_est":132008},"outer_memo_bytes":0,"colt_bytes":14992,"checksum":12603008,"verified":true}
EVENT_LAB {"kind":"readout_free_join","candidate":"essential512","domain":"full","readout_family":"non-suffix","readout_faces":"x","hidden":32,"width":6,"bits":18,"worlds":262144,"admissible_worlds":262144,"environments":1,"rows":128,"groups":16,"outputs":64,"memo":true,"changed_possible_groups":16,"changed_guaranteed_groups":16,"nonconstant_readouts":32,"build_s":[0.000538],"support_s":[4.875e-6],"import_s":[0.000532708],"admission_s":[4.1e-8],"join_only_s":[1.4125e-5],"fresh_s":[0.000514791],"fresh_group_s":[0.000507625],"fresh_readout_s":[6.417e-6],"fresh_compute_s":[0.0005145],"fresh_count_s":[1.67e-7],"warm_s":[3.0417e-5],"warm_group_s":[1.7167e-5],"warm_readout_s":[8.791e-6],"warm_compute_s":[2.9917e-5],"warm_count_s":[4.17e-7],"input_nodes":157,"final_nodes":1013,"input_bytes_est":12700,"final_bytes_est":140968,"input_storage":{"layout":"slab","record_bytes":2512,"table_bytes":4352,"interner_bytes":4436,"metadata_bytes":1400,"cache_bytes":0,"records":157,"tables":75,"logical_words":544,"total_bytes_est":12700},"final_storage":{"layout":"slab","record_bytes":20096,"table_bytes":34816,"interner_bytes":35488,"metadata_bytes":10192,"cache_bytes":31416,"records":1013,"tables":365,"logical_words":2663,"total_bytes_est":132008},"outer_memo_bytes":8960,"colt_bytes":14992,"checksum":12603008,"verified":true}
ok

test result: ok. 1 passed; 0 failed; 0 ignored; 0 measured; 1378 filtered out; finished in 1.13s


        1.12 real         1.11 user         0.01 sys
             9961472  maximum resident set size
                   0  average shared memory size
                   0  average unshared data size
                   0  average unshared stack size
                 823  page reclaims
                   0  page faults
                   0  swaps
                   0  block input operations
                   0  block output operations
                   0  messages sent
                   0  messages received
                   0  signals received
                   0  voluntary context switches
                  82  involuntary context switches
         18298282015  instructions retired
          3768946613  cycles elapsed
             7029120  peak memory footprint
