
running 1 test
test event_repr_lab::experiment ... EVENT_LAB {"kind":"readout_free_join","candidate":"dense-dispatched","domain":"fibred","readout_family":"non-suffix","readout_faces":"x","hidden":8,"width":4,"bits":13,"worlds":8192,"admissible_worlds":3197,"environments":2,"rows":128,"groups":16,"outputs":64,"memo":false,"changed_possible_groups":16,"changed_guaranteed_groups":16,"nonconstant_readouts":48,"build_s":[0.001293375],"support_s":[4.9792e-5],"import_s":[6.583e-6],"admission_s":[0.001233541],"join_only_s":[3.5792e-5],"fresh_s":[9.8e-5],"fresh_group_s":[8.1041e-5],"fresh_readout_s":[1.4667e-5],"fresh_compute_s":[9.6833e-5],"fresh_count_s":[1.041e-6],"warm_s":[7.975e-5],"warm_group_s":[6.4791e-5],"warm_readout_s":[1.3625e-5],"warm_compute_s":[7.8541e-5],"warm_count_s":[1.083e-6],"input_nodes":128,"final_nodes":277,"input_bytes_est":142104,"final_bytes_est":305168,"input_storage":null,"final_storage":null,"outer_memo_bytes":0,"colt_bytes":14992,"checksum":607690,"verified":true}
EVENT_LAB {"kind":"readout_free_join","candidate":"dense-dispatched","domain":"fibred","readout_family":"non-suffix","readout_faces":"x","hidden":8,"width":4,"bits":13,"worlds":8192,"admissible_worlds":3197,"environments":2,"rows":128,"groups":16,"outputs":64,"memo":true,"changed_possible_groups":16,"changed_guaranteed_groups":16,"nonconstant_readouts":48,"build_s":[0.001293375],"support_s":[4.9792e-5],"import_s":[6.583e-6],"admission_s":[0.001233541],"join_only_s":[3.5792e-5],"fresh_s":[5.2208e-5],"fresh_group_s":[3.975e-5],"fresh_readout_s":[1.125e-5],"fresh_compute_s":[5.1125e-5],"fresh_count_s":[1e-6],"warm_s":[1.9791e-5],"warm_group_s":[8.541e-6],"warm_readout_s":[9.958e-6],"warm_compute_s":[1.8625e-5],"warm_count_s":[1.084e-6],"input_nodes":128,"final_nodes":277,"input_bytes_est":142104,"final_bytes_est":314128,"input_storage":null,"final_storage":null,"outer_memo_bytes":8960,"colt_bytes":14992,"checksum":607690,"verified":true}
EVENT_LAB {"kind":"readout_free_join","candidate":"dense-dispatched","domain":"fibred","readout_family":"non-suffix","readout_faces":"x","hidden":32,"width":6,"bits":19,"worlds":524288,"admissible_worlds":301069,"environments":2,"rows":128,"groups":16,"outputs":64,"memo":false,"changed_possible_groups":16,"changed_guaranteed_groups":16,"nonconstant_readouts":48,"build_s":[0.464393917],"support_s":[0.002554],"import_s":[0.000207375],"admission_s":[0.46163125],"join_only_s":[1.8042e-5],"fresh_s":[0.004100291],"fresh_group_s":[0.003364917],"fresh_readout_s":[0.000669375],"fresh_compute_s":[0.004034916],"fresh_count_s":[6.3958e-5],"warm_s":[0.0038395],"warm_group_s":[0.003177083],"warm_readout_s":[0.000598541],"warm_compute_s":[0.003776083],"warm_count_s":[6.325e-5],"input_nodes":476,"final_nodes":636,"input_bytes_est":31361064,"final_bytes_est":41852568,"input_storage":null,"final_storage":null,"outer_memo_bytes":0,"colt_bytes":14992,"checksum":12912164,"verified":true}
EVENT_LAB {"kind":"readout_free_join","candidate":"dense-dispatched","domain":"fibred","readout_family":"non-suffix","readout_faces":"x","hidden":32,"width":6,"bits":19,"worlds":524288,"admissible_worlds":301069,"environments":2,"rows":128,"groups":16,"outputs":64,"memo":true,"changed_possible_groups":16,"changed_guaranteed_groups":16,"nonconstant_readouts":48,"build_s":[0.464393917],"support_s":[0.002554],"import_s":[0.000207375],"admission_s":[0.46163125],"join_only_s":[1.8042e-5],"fresh_s":[0.001519334],"fresh_group_s":[0.000962667],"fresh_readout_s":[0.000487792],"fresh_compute_s":[0.001454542],"fresh_count_s":[6.4666e-5],"warm_s":[0.000569959],"warm_group_s":[1.1e-5],"warm_readout_s":[0.000496417],"warm_compute_s":[0.000508042],"warm_count_s":[6.1833e-5],"input_nodes":476,"final_nodes":636,"input_bytes_est":31361064,"final_bytes_est":41861528,"input_storage":null,"final_storage":null,"outer_memo_bytes":8960,"colt_bytes":14992,"checksum":12912164,"verified":true}
ok

test result: ok. 1 passed; 0 failed; 0 ignored; 0 measured; 1378 filtered out; finished in 0.56s


        0.56 real         0.54 user         0.01 sys
           231342080  maximum resident set size
                   0  average shared memory size
                   0  average unshared data size
                   0  average unshared stack size
               14335  page reclaims
                   0  page faults
                   0  swaps
                   0  block input operations
                   0  block output operations
                   0  messages sent
                   0  messages received
                   0  signals received
                   0  voluntary context switches
                  69  involuntary context switches
          5305298143  instructions retired
          1876915497  cycles elapsed
           228704808  peak memory footprint
