
running 1 test
test event_repr_lab::experiment ... EVENT_LAB {"kind":"readout_free_join","candidate":"essential512","domain":"full","readout_family":"non-suffix","readout_faces":"x","hidden":8,"width":4,"bits":12,"worlds":4096,"admissible_worlds":4096,"environments":1,"rows":128,"groups":16,"outputs":64,"memo":false,"changed_possible_groups":16,"changed_guaranteed_groups":16,"nonconstant_readouts":32,"build_s":[6.55e-5],"support_s":[1.475e-5],"import_s":[5.025e-5],"admission_s":[4.2e-8],"join_only_s":[2.95e-5],"fresh_s":[0.000163708],"fresh_group_s":[0.00014025],"fresh_readout_s":[2.2125e-5],"fresh_compute_s":[0.000163333],"fresh_count_s":[2.5e-7],"warm_s":[4.7208e-5],"warm_group_s":[1.25e-5],"warm_readout_s":[3.4167e-5],"warm_compute_s":[4.6833e-5],"warm_count_s":[2.5e-7],"input_nodes":25,"final_nodes":161,"input_bytes_est":1848,"final_bytes_est":22528,"input_storage":{"layout":"slab","record_bytes":400,"table_bytes":576,"interner_bytes":576,"metadata_bytes":296,"cache_bytes":0,"records":25,"tables":24,"logical_words":72,"total_bytes_est":1848},"final_storage":{"layout":"slab","record_bytes":3200,"table_bytes":9216,"interner_bytes":4608,"metadata_bytes":1696,"cache_bytes":3808,"records":161,"tables":160,"logical_words":600,"total_bytes_est":22528},"outer_memo_bytes":0,"colt_bytes":14992,"checksum":1128800,"verified":true}
EVENT_LAB {"kind":"readout_free_join","candidate":"essential512","domain":"full","readout_family":"non-suffix","readout_faces":"x","hidden":8,"width":4,"bits":12,"worlds":4096,"admissible_worlds":4096,"environments":1,"rows":128,"groups":16,"outputs":64,"memo":true,"changed_possible_groups":16,"changed_guaranteed_groups":16,"nonconstant_readouts":32,"build_s":[6.55e-5],"support_s":[1.475e-5],"import_s":[5.025e-5],"admission_s":[4.2e-8],"join_only_s":[2.95e-5],"fresh_s":[0.00013725],"fresh_group_s":[0.000117625],"fresh_readout_s":[1.9291e-5],"fresh_compute_s":[0.000137],"fresh_count_s":[1.66e-7],"warm_s":[4.8208e-5],"warm_group_s":[1.7542e-5],"warm_readout_s":[2.5583e-5],"warm_compute_s":[4.7833e-5],"warm_count_s":[2.5e-7],"input_nodes":25,"final_nodes":161,"input_bytes_est":1848,"final_bytes_est":31488,"input_storage":{"layout":"slab","record_bytes":400,"table_bytes":576,"interner_bytes":576,"metadata_bytes":296,"cache_bytes":0,"records":25,"tables":24,"logical_words":72,"total_bytes_est":1848},"final_storage":{"layout":"slab","record_bytes":3200,"table_bytes":9216,"interner_bytes":4608,"metadata_bytes":1696,"cache_bytes":3808,"records":161,"tables":160,"logical_words":600,"total_bytes_est":22528},"outer_memo_bytes":8960,"colt_bytes":14992,"checksum":1128800,"verified":true}
EVENT_LAB {"kind":"readout_free_join","candidate":"essential512","domain":"full","readout_family":"non-suffix","readout_faces":"x","hidden":32,"width":6,"bits":18,"worlds":262144,"admissible_worlds":262144,"environments":1,"rows":128,"groups":16,"outputs":64,"memo":false,"changed_possible_groups":16,"changed_guaranteed_groups":16,"nonconstant_readouts":32,"build_s":[0.000545291],"support_s":[7.5e-6],"import_s":[0.000534292],"admission_s":[4.2e-8],"join_only_s":[2.1041e-5],"fresh_s":[0.000811791],"fresh_group_s":[0.000658791],"fresh_readout_s":[0.000147917],"fresh_compute_s":[0.000806958],"fresh_count_s":[1.66e-7],"warm_s":[0.00015625],"warm_group_s":[2.0583e-5],"warm_readout_s":[0.000134958],"warm_compute_s":[0.000155875],"warm_count_s":[3.34e-7],"input_nodes":211,"final_nodes":1308,"input_bytes_est":16260,"final_bytes_est":161440,"input_storage":{"layout":"slab","record_bytes":3376,"table_bytes":6400,"interner_bytes":4652,"metadata_bytes":1832,"cache_bytes":0,"records":211,"tables":107,"logical_words":800,"total_bytes_est":16260},"final_storage":{"layout":"slab","record_bytes":27008,"table_bytes":51200,"interner_bytes":37216,"metadata_bytes":13648,"cache_bytes":32368,"records":1308,"tables":574,"logical_words":4158,"total_bytes_est":161440},"outer_memo_bytes":0,"colt_bytes":14992,"checksum":12603008,"verified":true}
EVENT_LAB {"kind":"readout_free_join","candidate":"essential512","domain":"full","readout_family":"non-suffix","readout_faces":"x","hidden":32,"width":6,"bits":18,"worlds":262144,"admissible_worlds":262144,"environments":1,"rows":128,"groups":16,"outputs":64,"memo":true,"changed_possible_groups":16,"changed_guaranteed_groups":16,"nonconstant_readouts":32,"build_s":[0.000545291],"support_s":[7.5e-6],"import_s":[0.000534292],"admission_s":[4.2e-8],"join_only_s":[2.1041e-5],"fresh_s":[0.000817042],"fresh_group_s":[0.000679167],"fresh_readout_s":[0.000137209],"fresh_compute_s":[0.000816833],"fresh_count_s":[1.25e-7],"warm_s":[0.000152458],"warm_group_s":[1.6458e-5],"warm_readout_s":[0.000134791],"warm_compute_s":[0.000151708],"warm_count_s":[7.08e-7],"input_nodes":211,"final_nodes":1308,"input_bytes_est":16260,"final_bytes_est":170400,"input_storage":{"layout":"slab","record_bytes":3376,"table_bytes":6400,"interner_bytes":4652,"metadata_bytes":1832,"cache_bytes":0,"records":211,"tables":107,"logical_words":800,"total_bytes_est":16260},"final_storage":{"layout":"slab","record_bytes":27008,"table_bytes":51200,"interner_bytes":37216,"metadata_bytes":13648,"cache_bytes":32368,"records":1308,"tables":574,"logical_words":4158,"total_bytes_est":161440},"outer_memo_bytes":8960,"colt_bytes":14992,"checksum":12603008,"verified":true}
ok

test result: ok. 1 passed; 0 failed; 0 ignored; 0 measured; 1378 filtered out; finished in 1.15s


        1.15 real         1.13 user         0.01 sys
            10387456  maximum resident set size
                   0  average shared memory size
                   0  average unshared data size
                   0  average unshared stack size
                 850  page reclaims
                   0  page faults
                   0  swaps
                   0  block input operations
                   0  block output operations
                   0  messages sent
                   0  messages received
                   0  signals received
                   0  voluntary context switches
                 217  involuntary context switches
         18831492346  instructions retired
          3853982234  cycles elapsed
             7471512  peak memory footprint
