
running 1 test
test event_repr_lab::experiment ... EVENT_LAB {"kind":"readout_free_join","candidate":"retraction512","domain":"fibred","readout_family":"suffix-1","readout_faces":"x","hidden":1,"width":4,"bits":13,"worlds":8192,"admissible_worlds":3197,"environments":2,"rows":128,"groups":16,"outputs":64,"memo":false,"changed_possible_groups":16,"changed_guaranteed_groups":16,"nonconstant_readouts":48,"build_s":[0.001362583],"support_s":[0.000202541],"import_s":[0.001100042],"admission_s":[5.9583e-5],"join_only_s":[3.1042e-5],"fresh_s":[0.024382125],"fresh_group_s":[0.000179916],"fresh_readout_s":[0.024179833],"fresh_compute_s":[0.024361875],"fresh_count_s":[2.0125e-5],"warm_s":[0.000398291],"warm_group_s":[4.0875e-5],"warm_readout_s":[0.00034325],"warm_compute_s":[0.000384625],"warm_count_s":[1.3625e-5],"input_nodes":1525,"final_nodes":34461,"input_bytes_est":181496,"final_bytes_est":4509700,"input_storage":{"layout":"slab","record_bytes":24400,"table_bytes":58344,"interner_bytes":36564,"metadata_bytes":12460,"cache_bytes":49728,"records":1525,"tables":1511,"logical_words":7293,"total_bytes_est":181496},"final_storage":{"layout":"slab","record_bytes":780800,"table_bytes":933504,"interner_bytes":1170048,"metadata_bytes":390660,"cache_bytes":1234688,"records":34461,"tables":20010,"logical_words":113778,"total_bytes_est":4509700},"outer_memo_bytes":0,"colt_bytes":14992,"checksum":598930,"verified":true}
EVENT_LAB {"kind":"readout_free_join","candidate":"retraction512","domain":"fibred","readout_family":"suffix-1","readout_faces":"x","hidden":1,"width":4,"bits":13,"worlds":8192,"admissible_worlds":3197,"environments":2,"rows":128,"groups":16,"outputs":64,"memo":true,"changed_possible_groups":16,"changed_guaranteed_groups":16,"nonconstant_readouts":48,"build_s":[0.001362583],"support_s":[0.000202541],"import_s":[0.001100042],"admission_s":[5.9583e-5],"join_only_s":[3.1042e-5],"fresh_s":[0.02363275],"fresh_group_s":[0.000172584],"fresh_readout_s":[0.02344675],"fresh_compute_s":[0.023619791],"fresh_count_s":[1.2875e-5],"warm_s":[0.000368709],"warm_group_s":[1.625e-5],"warm_readout_s":[0.000338958],"warm_compute_s":[0.000355584],"warm_count_s":[1.2917e-5],"input_nodes":1525,"final_nodes":34461,"input_bytes_est":181496,"final_bytes_est":4518660,"input_storage":{"layout":"slab","record_bytes":24400,"table_bytes":58344,"interner_bytes":36564,"metadata_bytes":12460,"cache_bytes":49728,"records":1525,"tables":1511,"logical_words":7293,"total_bytes_est":181496},"final_storage":{"layout":"slab","record_bytes":780800,"table_bytes":933504,"interner_bytes":1170048,"metadata_bytes":390660,"cache_bytes":1234688,"records":34461,"tables":20010,"logical_words":113778,"total_bytes_est":4509700},"outer_memo_bytes":8960,"colt_bytes":14992,"checksum":598930,"verified":true}
FAILED

failures:

failures:
    event_repr_lab::experiment

test result: FAILED. 0 passed; 1 failed; 0 ignored; 0 measured; 1378 filtered out; finished in 6.88s



thread 'event_repr_lab::experiment' (10257015) panicked at /Users/bjorn/Documents/bumbledb/proposal/experiments/event-repr-lab/src/essential_raw.rs:185:9:
RESOURCE_CAP: essential raw nodes
note: run with `RUST_BACKTRACE=1` environment variable to display a backtrace
        6.88 real         6.81 user         0.05 sys
           417579008  maximum resident set size
                   0  average shared memory size
                   0  average unshared data size
                   0  average unshared stack size
               32795  page reclaims
                   0  page faults
                   0  swaps
                   0  block input operations
                   0  block output operations
                   0  messages sent
                   0  messages received
                   0  signals received
                   1  voluntary context switches
                 770  involuntary context switches
         67238434196  instructions retired
         23016967750  cycles elapsed
           414384944  peak memory footprint
