
running 1 test
test event_repr_lab::experiment ... EVENT_LAB {"kind":"readout_free_join","candidate":"essential512","domain":"full","readout_family":"suffix-1","readout_faces":"x","hidden":1,"width":4,"bits":12,"worlds":4096,"admissible_worlds":4096,"environments":1,"rows":128,"groups":16,"outputs":64,"memo":false,"changed_possible_groups":16,"changed_guaranteed_groups":16,"nonconstant_readouts":48,"build_s":[6.475e-5],"support_s":[1.625e-5],"import_s":[4.8125e-5],"admission_s":[4.2e-8],"join_only_s":[3.3834e-5],"fresh_s":[0.000153542],"fresh_group_s":[0.000132042],"fresh_readout_s":[1.9917e-5],"fresh_compute_s":[0.000153125],"fresh_count_s":[2.92e-7],"warm_s":[2.6208e-5],"warm_group_s":[1.2833e-5],"warm_readout_s":[1.2792e-5],"warm_compute_s":[2.5833e-5],"warm_count_s":[2.92e-7],"input_nodes":25,"final_nodes":177,"input_bytes_est":1848,"final_bytes_est":22528,"input_storage":{"layout":"slab","record_bytes":400,"table_bytes":576,"interner_bytes":576,"metadata_bytes":296,"cache_bytes":0,"records":25,"tables":24,"logical_words":72,"total_bytes_est":1848},"final_storage":{"layout":"slab","record_bytes":3200,"table_bytes":9216,"interner_bytes":4608,"metadata_bytes":1696,"cache_bytes":3808,"records":177,"tables":176,"logical_words":632,"total_bytes_est":22528},"outer_memo_bytes":0,"colt_bytes":14992,"checksum":967328,"verified":true}
EVENT_LAB {"kind":"readout_free_join","candidate":"essential512","domain":"full","readout_family":"suffix-1","readout_faces":"x","hidden":1,"width":4,"bits":12,"worlds":4096,"admissible_worlds":4096,"environments":1,"rows":128,"groups":16,"outputs":64,"memo":true,"changed_possible_groups":16,"changed_guaranteed_groups":16,"nonconstant_readouts":48,"build_s":[6.475e-5],"support_s":[1.625e-5],"import_s":[4.8125e-5],"admission_s":[4.2e-8],"join_only_s":[3.3834e-5],"fresh_s":[0.000134833],"fresh_group_s":[0.000117291],"fresh_readout_s":[1.7167e-5],"fresh_compute_s":[0.000134541],"fresh_count_s":[2.08e-7],"warm_s":[3.5166e-5],"warm_group_s":[1.5042e-5],"warm_readout_s":[1.9208e-5],"warm_compute_s":[3.4625e-5],"warm_count_s":[4.17e-7],"input_nodes":25,"final_nodes":177,"input_bytes_est":1848,"final_bytes_est":31488,"input_storage":{"layout":"slab","record_bytes":400,"table_bytes":576,"interner_bytes":576,"metadata_bytes":296,"cache_bytes":0,"records":25,"tables":24,"logical_words":72,"total_bytes_est":1848},"final_storage":{"layout":"slab","record_bytes":3200,"table_bytes":9216,"interner_bytes":4608,"metadata_bytes":1696,"cache_bytes":3808,"records":177,"tables":176,"logical_words":632,"total_bytes_est":22528},"outer_memo_bytes":8960,"colt_bytes":14992,"checksum":967328,"verified":true}
EVENT_LAB {"kind":"readout_free_join","candidate":"essential512","domain":"full","readout_family":"suffix-1","readout_faces":"x","hidden":1,"width":6,"bits":18,"worlds":262144,"admissible_worlds":262144,"environments":1,"rows":128,"groups":16,"outputs":64,"memo":false,"changed_possible_groups":16,"changed_guaranteed_groups":16,"nonconstant_readouts":48,"build_s":[0.000586166],"support_s":[7.833e-6],"import_s":[0.000577833],"admission_s":[2.08e-7],"join_only_s":[2.1583e-5],"fresh_s":[0.0009335],"fresh_group_s":[0.000731792],"fresh_readout_s":[0.000200959],"fresh_compute_s":[0.000933083],"fresh_count_s":[2.91e-7],"warm_s":[0.000169458],"warm_group_s":[2.325e-5],"warm_readout_s":[0.000145292],"warm_compute_s":[0.000168917],"warm_count_s":[4.59e-7],"input_nodes":211,"final_nodes":1433,"input_bytes_est":16260,"final_bytes_est":161440,"input_storage":{"layout":"slab","record_bytes":3376,"table_bytes":6400,"interner_bytes":4652,"metadata_bytes":1832,"cache_bytes":0,"records":211,"tables":107,"logical_words":800,"total_bytes_est":16260},"final_storage":{"layout":"slab","record_bytes":27008,"table_bytes":51200,"interner_bytes":37216,"metadata_bytes":13648,"cache_bytes":32368,"records":1433,"tables":651,"logical_words":4650,"total_bytes_est":161440},"outer_memo_bytes":0,"colt_bytes":14992,"checksum":10792320,"verified":true}
EVENT_LAB {"kind":"readout_free_join","candidate":"essential512","domain":"full","readout_family":"suffix-1","readout_faces":"x","hidden":1,"width":6,"bits":18,"worlds":262144,"admissible_worlds":262144,"environments":1,"rows":128,"groups":16,"outputs":64,"memo":true,"changed_possible_groups":16,"changed_guaranteed_groups":16,"nonconstant_readouts":48,"build_s":[0.000586166],"support_s":[7.833e-6],"import_s":[0.000577833],"admission_s":[2.08e-7],"join_only_s":[2.1583e-5],"fresh_s":[0.000823375],"fresh_group_s":[0.000650417],"fresh_readout_s":[0.000171875],"fresh_compute_s":[0.000822958],"fresh_count_s":[2.91e-7],"warm_s":[0.000159667],"warm_group_s":[1.575e-5],"warm_readout_s":[0.000143167],"warm_compute_s":[0.000159292],"warm_count_s":[2.91e-7],"input_nodes":211,"final_nodes":1433,"input_bytes_est":16260,"final_bytes_est":170400,"input_storage":{"layout":"slab","record_bytes":3376,"table_bytes":6400,"interner_bytes":4652,"metadata_bytes":1832,"cache_bytes":0,"records":211,"tables":107,"logical_words":800,"total_bytes_est":16260},"final_storage":{"layout":"slab","record_bytes":27008,"table_bytes":51200,"interner_bytes":37216,"metadata_bytes":13648,"cache_bytes":32368,"records":1433,"tables":651,"logical_words":4650,"total_bytes_est":161440},"outer_memo_bytes":8960,"colt_bytes":14992,"checksum":10792320,"verified":true}
ok

test result: ok. 1 passed; 0 failed; 0 ignored; 0 measured; 1378 filtered out; finished in 1.37s


        1.37 real         1.36 user         0.01 sys
            10649600  maximum resident set size
                   0  average shared memory size
                   0  average unshared data size
                   0  average unshared stack size
                 865  page reclaims
                   0  page faults
                   0  swaps
                   0  block input operations
                   0  block output operations
                   0  messages sent
                   0  messages received
                   0  signals received
                   0  voluntary context switches
                 163  involuntary context switches
         22402779721  instructions retired
          4592616465  cycles elapsed
             7717248  peak memory footprint
