
running 1 test
test event_repr_lab::experiment ... EVENT_LAB {"kind":"free_join","candidate":"essential512","scenario":"coup_product_65536","shape":"triangle","memo":false,"worlds":65536,"admissible_worlds":4290,"rows":1024,"groups":64,"plan_nodes":3,"input_nodes":3165,"final_nodes":49186,"input_bytes_est":280730,"final_bytes_est":5464608,"colt_bytes":163104,"construction_bytes_est":367982,"input_storage":{"layout":"slab","record_bytes":50640,"table_bytes":69888,"interner_bytes":73588,"metadata_bytes":25448,"cache_bytes":61166,"records":3165,"tables":1099,"logical_words":8736,"total_bytes_est":280730},"final_storage":{"layout":"slab","record_bytes":810240,"table_bytes":1118208,"interner_bytes":1177408,"metadata_bytes":405248,"cache_bytes":1953504,"records":49186,"tables":12928,"logical_words":102189,"total_bytes_est":5464608},"build_s":[0.003968083, 0.00385925, 0.003863166, 0.003685, 0.003882167],"native_setup_s":0.000205709,"native_first_join_s":0.0000985,"join_only_s":[4.9667e-5, 4.5667e-5, 4.5666e-5, 4.5792e-5, 4.5542e-5],"fresh_s":[0.03544725, 0.038000042, 0.039855583, 0.036769, 0.036019667],"warm_s":[0.00014222916796875, 0.000147142578125, 0.0001410888671875, 0.0001373408203125, 0.00013646728515625],"warm_loops":256,"checksum":5648062,"verified":true}
EVENT_LAB {"kind":"free_join","candidate":"essential512","scenario":"coup_product_65536","shape":"triangle","memo":true,"worlds":65536,"admissible_worlds":4290,"rows":1024,"groups":64,"plan_nodes":3,"input_nodes":3165,"final_nodes":49186,"input_bytes_est":280730,"final_bytes_est":5536288,"colt_bytes":163104,"construction_bytes_est":367982,"input_storage":{"layout":"slab","record_bytes":50640,"table_bytes":69888,"interner_bytes":73588,"metadata_bytes":25448,"cache_bytes":61166,"records":3165,"tables":1099,"logical_words":8736,"total_bytes_est":280730},"final_storage":{"layout":"slab","record_bytes":810240,"table_bytes":1118208,"interner_bytes":1177408,"metadata_bytes":405248,"cache_bytes":1953504,"records":49186,"tables":12928,"logical_words":102189,"total_bytes_est":5464608},"build_s":[0.003968083, 0.00385925, 0.003863166, 0.003685, 0.003882167],"native_setup_s":0.000205709,"native_first_join_s":0.0000985,"join_only_s":[4.9667e-5, 4.5667e-5, 4.5666e-5, 4.5792e-5, 4.5542e-5],"fresh_s":[0.043326833, 0.037653833, 0.040334125, 0.044105958, 0.074422834],"warm_s":[8.249072265625e-5, 8.3267578125e-5, 8.166552734375e-5, 8.219889453125e-5, 8.75196953125e-5],"warm_loops":256,"checksum":5648062,"verified":true}
EVENT_LAB {"kind":"free_join","candidate":"essential512","scenario":"coup_product_65536","shape":"clover","memo":false,"worlds":65536,"admissible_worlds":4290,"rows":4096,"groups":64,"plan_nodes":3,"input_nodes":3165,"final_nodes":74273,"input_bytes_est":280730,"final_bytes_est":10929088,"colt_bytes":41104,"construction_bytes_est":367982,"input_storage":{"layout":"slab","record_bytes":50640,"table_bytes":69888,"interner_bytes":73588,"metadata_bytes":25448,"cache_bytes":61166,"records":3165,"tables":1099,"logical_words":8736,"total_bytes_est":280730},"final_storage":{"layout":"slab","record_bytes":1620480,"table_bytes":2236416,"interner_bytes":2354816,"metadata_bytes":810368,"cache_bytes":3907008,"records":74273,"tables":17770,"logical_words":140688,"total_bytes_est":10929088},"build_s":[0.003827125, 0.003720375, 0.003635708, 0.003642833, 0.003640792],"native_setup_s":0.000142333,"native_first_join_s":0.000104792,"join_only_s":[7.3791e-5, 7.1583e-5, 7.2625e-5, 7.5667e-5, 7.1708e-5],"fresh_s":[0.075790833, 0.083350417, 0.081029708, 0.0768375, 0.078527125],"warm_s":[0.000335701171875, 0.000339120453125, 0.000335727875, 0.000333041671875, 0.000331016265625],"warm_loops":64,"checksum":5691950,"verified":true}
EVENT_LAB {"kind":"free_join","candidate":"essential512","scenario":"coup_product_65536","shape":"clover","memo":true,"worlds":65536,"admissible_worlds":4290,"rows":4096,"groups":64,"plan_nodes":3,"input_nodes":3165,"final_nodes":74273,"input_bytes_est":280730,"final_bytes_est":11215808,"colt_bytes":41104,"construction_bytes_est":367982,"input_storage":{"layout":"slab","record_bytes":50640,"table_bytes":69888,"interner_bytes":73588,"metadata_bytes":25448,"cache_bytes":61166,"records":3165,"tables":1099,"logical_words":8736,"total_bytes_est":280730},"final_storage":{"layout":"slab","record_bytes":1620480,"table_bytes":2236416,"interner_bytes":2354816,"metadata_bytes":810368,"cache_bytes":3907008,"records":74273,"tables":17770,"logical_words":140688,"total_bytes_est":10929088},"build_s":[0.003827125, 0.003720375, 0.003635708, 0.003642833, 0.003640792],"native_setup_s":0.000142333,"native_first_join_s":0.000104792,"join_only_s":[7.3791e-5, 7.1583e-5, 7.2625e-5, 7.5667e-5, 7.1708e-5],"fresh_s":[0.071043, 0.079285583, 0.075738, 0.075331208, 0.07634275],"warm_s":[0.0001593263359375, 0.00016017138671875, 0.00015780810546875, 0.00015677425, 0.00015641959765625],"warm_loops":256,"checksum":5691950,"verified":true}
ok

test result: ok. 1 passed; 0 failed; 0 ignored; 0 measured; 1366 filtered out; finished in 3.45s


        3.45 real         3.29 user         0.04 sys
            50135040  maximum resident set size
                   0  average shared memory size
                   0  average unshared data size
                   0  average unshared stack size
                3274  page reclaims
                   0  page faults
                   0  swaps
                   0  block input operations
                   0  block output operations
                   0  messages sent
                   0  messages received
                   0  signals received
                   0  voluntary context switches
                4187  involuntary context switches
         47639494013  instructions retired
         11019142433  cycles elapsed
            47448496  peak memory footprint
