
running 1 test
test event_repr_lab::experiment ... EVENT_LAB {"kind":"free_join","candidate":"essential512","scenario":"coup_4290","shape":"triangle","memo":false,"worlds":4290,"admissible_worlds":4290,"rows":1024,"groups":64,"plan_nodes":3,"input_nodes":611,"final_nodes":15983,"input_bytes_est":98259,"final_bytes_est":3269056,"colt_bytes":163104,"construction_bytes_est":114779,"input_storage":{"layout":"enum","record_bytes":19552,"table_bytes":33120,"interner_bytes":36736,"metadata_bytes":4992,"cache_bytes":3859,"records":611,"tables":264,"logical_words":2070,"total_bytes_est":98259},"final_storage":{"layout":"enum","record_bytes":625664,"table_bytes":822944,"interner_bytes":1175552,"metadata_bytes":156520,"cache_bytes":488376,"records":15983,"tables":6470,"logical_words":51434,"total_bytes_est":3269056},"build_s":[0.000453833, 0.000383875, 0.000361333, 0.00040225, 0.000358125],"native_setup_s":0.000203042,"native_first_join_s":0.000100666,"join_only_s":[4.8958e-5, 4.4958e-5, 4.5167e-5, 4.4959e-5, 4.4917e-5],"fresh_s":[0.012067666, 0.011341, 0.01120825, 0.011528375, 0.0110225],"warm_s":[0.00012957275390625, 0.00013332551953125, 0.00013161100390625, 0.00012887483984375, 0.00012753580859375],"warm_loops":256,"checksum":5648062,"verified":true}
EVENT_LAB {"kind":"free_join","candidate":"essential512","scenario":"coup_4290","shape":"triangle","memo":true,"worlds":4290,"admissible_worlds":4290,"rows":1024,"groups":64,"plan_nodes":3,"input_nodes":611,"final_nodes":15983,"input_bytes_est":98259,"final_bytes_est":3340736,"colt_bytes":163104,"construction_bytes_est":114779,"input_storage":{"layout":"enum","record_bytes":19552,"table_bytes":33120,"interner_bytes":36736,"metadata_bytes":4992,"cache_bytes":3859,"records":611,"tables":264,"logical_words":2070,"total_bytes_est":98259},"final_storage":{"layout":"enum","record_bytes":625664,"table_bytes":822944,"interner_bytes":1175552,"metadata_bytes":156520,"cache_bytes":488376,"records":15983,"tables":6470,"logical_words":51434,"total_bytes_est":3269056},"build_s":[0.000453833, 0.000383875, 0.000361333, 0.00040225, 0.000358125],"native_setup_s":0.000203042,"native_first_join_s":0.000100666,"join_only_s":[4.8958e-5, 4.4958e-5, 4.5167e-5, 4.4959e-5, 4.4917e-5],"fresh_s":[0.010836542, 0.010878042, 0.01117425, 0.010807416, 0.011080958],"warm_s":[8.03709296875e-5, 8.063623046875e-5, 8.04130859375e-5, 8.0328125e-5, 8.011588671875e-5],"warm_loops":256,"checksum":5648062,"verified":true}
EVENT_LAB {"kind":"free_join","candidate":"essential512","scenario":"coup_4290","shape":"clover","memo":false,"worlds":4290,"admissible_worlds":4290,"rows":4096,"groups":64,"plan_nodes":3,"input_nodes":611,"final_nodes":27896,"input_bytes_est":98259,"final_bytes_est":5078176,"colt_bytes":41104,"construction_bytes_est":114779,"input_storage":{"layout":"enum","record_bytes":19552,"table_bytes":33120,"interner_bytes":36736,"metadata_bytes":4992,"cache_bytes":3859,"records":611,"tables":264,"logical_words":2070,"total_bytes_est":98259},"final_storage":{"layout":"enum","record_bytes":1251328,"table_bytes":1362560,"interner_bytes":1175552,"metadata_bytes":312936,"cache_bytes":975800,"records":27896,"tables":10687,"logical_words":85160,"total_bytes_est":5078176},"build_s":[0.000384125, 0.000350042, 0.000389084, 0.000359958, 0.000344208],"native_setup_s":0.000137208,"native_first_join_s":0.000099667,"join_only_s":[7.9375e-5, 7.6458e-5, 7.4583e-5, 6.9958e-5, 7.35e-5],"fresh_s":[0.028068875, 0.027733667, 0.027509625, 0.027464791, 0.02782675],"warm_s":[0.000323384765625, 0.00032247590625, 0.000319653640625, 0.0003208515625, 0.00031658528125],"warm_loops":64,"checksum":5691950,"verified":true}
EVENT_LAB {"kind":"free_join","candidate":"essential512","scenario":"coup_4290","shape":"clover","memo":true,"worlds":4290,"admissible_worlds":4290,"rows":4096,"groups":64,"plan_nodes":3,"input_nodes":611,"final_nodes":27896,"input_bytes_est":98259,"final_bytes_est":5364896,"colt_bytes":41104,"construction_bytes_est":114779,"input_storage":{"layout":"enum","record_bytes":19552,"table_bytes":33120,"interner_bytes":36736,"metadata_bytes":4992,"cache_bytes":3859,"records":611,"tables":264,"logical_words":2070,"total_bytes_est":98259},"final_storage":{"layout":"enum","record_bytes":1251328,"table_bytes":1362560,"interner_bytes":1175552,"metadata_bytes":312936,"cache_bytes":975800,"records":27896,"tables":10687,"logical_words":85160,"total_bytes_est":5078176},"build_s":[0.000384125, 0.000350042, 0.000389084, 0.000359958, 0.000344208],"native_setup_s":0.000137208,"native_first_join_s":0.000099667,"join_only_s":[7.9375e-5, 7.6458e-5, 7.4583e-5, 6.9958e-5, 7.35e-5],"fresh_s":[0.028381792, 0.028368792, 0.028315333, 0.027816375, 0.028254291],"warm_s":[0.000161477375, 0.00015824593359375, 0.00015416226953125, 0.00015596549609375, 0.00016012808984375],"warm_loops":256,"checksum":5691950,"verified":true}
ok

test result: ok. 1 passed; 0 failed; 0 ignored; 0 measured; 1366 filtered out; finished in 1.29s


        1.29 real         1.27 user         0.01 sys
            25788416  maximum resident set size
                   0  average shared memory size
                   0  average unshared data size
                   0  average unshared stack size
                1788  page reclaims
                   0  page faults
                   0  swaps
                   0  block input operations
                   0  block output operations
                   0  messages sent
                   0  messages received
                   0  signals received
                   0  voluntary context switches
                 130  involuntary context switches
         19966005441  instructions retired
          4355760348  cycles elapsed
            23085464  peak memory footprint
