
running 1 test
test event_repr_lab::experiment ... EVENT_LAB {"kind":"owned_free_join","candidate":"essential64","target_candidate":"essential64","bits":12,"target_layout":"bit-major","target_setup_s":[2.458e-6, 2.458e-6, 2.209e-6, 3.041e-6, 2.75e-6],"restore_inputs_s":[5.425e-5, 4.0375e-5, 4.1167e-5, 4.45e-5, 4.3209e-5],"program_setup_s":[1.4125e-5, 1.1708e-5, 7.417e-6, 1.5084e-5, 8.417e-6],"query_s":[0.000772583, 0.000687791, 0.00069575, 0.000749458, 0.00072975],"owned_compute_s":[0.0007905, 0.000701459, 0.000706667, 0.00076675, 0.00074],"novel_publication_classes":[10, 10, 10, 10, 10],"input_roots":24,"output_roots":80,"input_packet_bytes":1905,"output_packet_bytes":707,"final_arena_bytes_est":118960,"input_storage":{"layout":"slab","record_bytes":2048,"table_bytes":512,"interner_bytes":2416,"metadata_bytes":1136,"cache_bytes":2023,"records":106,"tables":38,"logical_words":38,"total_bytes_est":8135},"final_storage":{"layout":"slab","record_bytes":32768,"table_bytes":8192,"interner_bytes":38656,"metadata_bytes":16496,"cache_bytes":22848,"records":1191,"tables":896,"logical_words":896,"total_bytes_est":118960},"verified":true}
EVENT_LAB {"kind":"owned_free_join","candidate":"essential64","target_candidate":"essential64","bits":12,"target_layout":"face-major","target_setup_s":[9.58e-7, 1.875e-6, 1.459e-6, 1.083e-6, 3.042e-6],"restore_inputs_s":[8.8917e-5, 8.6708e-5, 8.25e-5, 8.15e-5, 0.000102917],"program_setup_s":[1.1334e-5, 9.5e-6, 8.458e-6, 8.792e-6, 1.0542e-5],"query_s":[0.001125458, 0.001104458, 0.001054083, 0.001051416, 0.001145],"owned_compute_s":[0.001139083, 0.0011165, 0.001063667, 0.00106125, 0.0011575],"novel_publication_classes":[10, 10, 10, 10, 10],"input_roots":24,"output_roots":80,"input_packet_bytes":1905,"output_packet_bytes":707,"final_arena_bytes_est":150000,"input_storage":{"layout":"slab","record_bytes":4096,"table_bytes":2048,"interner_bytes":4832,"metadata_bytes":2160,"cache_bytes":4760,"records":202,"tables":134,"logical_words":134,"total_bytes_est":17896},"final_storage":{"layout":"slab","record_bytes":32768,"table_bytes":16384,"interner_bytes":38656,"metadata_bytes":16496,"cache_bytes":45696,"records":1448,"tables":1101,"logical_words":1101,"total_bytes_est":150000},"verified":true}
EVENT_LAB {"kind":"owned_free_join","candidate":"essential64","target_candidate":"packed512","bits":12,"target_layout":"bit-major","target_setup_s":[2.042e-6, 2.083e-6, 1.25e-6, 2.041e-6, 2.334e-6],"restore_inputs_s":[5.4709e-5, 4.5583e-5, 3.6667e-5, 4.7583e-5, 6.3208e-5],"program_setup_s":[2.9084e-5, 2.5417e-5, 2.4292e-5, 2.8667e-5, 3.2833e-5],"query_s":[0.000269917, 0.000233209, 0.000228583, 0.000252292, 0.00025225],"owned_compute_s":[0.000300584, 0.00025975, 0.000253833, 0.000282541, 0.000287167],"novel_publication_classes":[10, 10, 10, 10, 10],"input_roots":24,"output_roots":80,"input_packet_bytes":1905,"output_packet_bytes":1645,"final_arena_bytes_est":78436,"input_storage":null,"final_storage":null,"verified":true}
EVENT_LAB {"kind":"owned_free_join","candidate":"essential64","target_candidate":"essential64","bits":18,"target_layout":"bit-major","target_setup_s":[2.083e-6, 8.125e-6, 5.125e-6, 6.083e-6, 6.167e-6],"restore_inputs_s":[0.000291834, 0.000283916, 0.000285125, 0.000395834, 0.000287459],"program_setup_s":[3.1375e-5, 2.7958e-5, 2.7167e-5, 2.8542e-5, 3.1083e-5],"query_s":[0.003308708, 0.003396792, 0.003394334, 0.003391167, 0.00411225],"owned_compute_s":[0.003342417, 0.003427375, 0.003423583, 0.003427833, 0.004146417],"novel_publication_classes":[18, 18, 18, 18, 18],"input_roots":24,"output_roots":80,"input_packet_bytes":10553,"output_packet_bytes":2717,"final_arena_bytes_est":566984,"input_storage":{"layout":"slab","record_bytes":16384,"table_bytes":2048,"interner_bytes":19328,"metadata_bytes":8392,"cache_bytes":16184,"records":876,"tables":169,"logical_words":169,"total_bytes_est":62336},"final_storage":{"layout":"slab","record_bytes":131072,"table_bytes":32768,"interner_bytes":154624,"metadata_bytes":65736,"cache_bytes":182784,"records":6041,"tables":3073,"logical_words":3073,"total_bytes_est":566984},"verified":true}
EVENT_LAB {"kind":"owned_free_join","candidate":"essential64","target_candidate":"essential64","bits":18,"target_layout":"face-major","target_setup_s":[2.5e-6, 6.834e-6, 5.917e-6, 5.333e-6, 4.667e-6],"restore_inputs_s":[0.001342458, 0.00142075, 0.001321416, 0.001215917, 0.001223583],"program_setup_s":[7.225e-5, 7.9375e-5, 6.7375e-5, 6.9292e-5, 6.4875e-5],"query_s":[0.018488458, 0.02092425, 0.017974416, 0.017054375, 0.019843583],"owned_compute_s":[0.018564167, 0.021007291, 0.018044875, 0.017126584, 0.019911667],"novel_publication_classes":[18, 18, 18, 18, 18],"input_roots":24,"output_roots":80,"input_packet_bytes":10553,"output_packet_bytes":4155,"final_arena_bytes_est":1377480,"input_storage":{"layout":"slab","record_bytes":65536,"table_bytes":16384,"interner_bytes":77312,"metadata_bytes":32968,"cache_bytes":91392,"records":3198,"tables":1250,"logical_words":1250,"total_bytes_est":283592},"final_storage":{"layout":"slab","record_bytes":262144,"table_bytes":65536,"interner_bytes":309248,"metadata_bytes":131272,"cache_bytes":609280,"records":11731,"tables":4251,"logical_words":4251,"total_bytes_est":1377480},"verified":true}
EVENT_LAB {"kind":"owned_free_join","candidate":"essential64","target_candidate":"packed512","bits":18,"target_layout":"bit-major","target_setup_s":[2.125e-6, 5.667e-6, 5.042e-6, 5.208e-6, 5.667e-6],"restore_inputs_s":[0.000206, 0.000207041, 0.000207708, 0.000200458, 0.000209333],"program_setup_s":[4.2e-5, 4.0583e-5, 4.0333e-5, 4.525e-5, 4.4666e-5],"query_s":[0.000712708, 0.00071, 0.000718041, 0.000709125, 0.000684458],"owned_compute_s":[0.000757167, 0.000752917, 0.000760833, 0.000760583, 0.000731375],"novel_publication_classes":[18, 18, 18, 18, 18],"input_roots":24,"output_roots":80,"input_packet_bytes":10553,"output_packet_bytes":5221,"final_arena_bytes_est":489636,"input_storage":null,"final_storage":null,"verified":true}
ok

test result: ok. 1 passed; 0 failed; 0 ignored; 0 measured; 1366 filtered out; finished in 15.72s


       15.72 real        11.78 user         0.11 sys
            19349504  maximum resident set size
                   0  average shared memory size
                   0  average unshared data size
                   0  average unshared stack size
                1396  page reclaims
                   0  page faults
                   0  swaps
                   0  block input operations
                   0  block output operations
                   0  messages sent
                   0  messages received
                   0  signals received
                   0  voluntary context switches
                8137  involuntary context switches
        195034292219  instructions retired
         38586778721  cycles elapsed
            16384408  peak memory footprint
