
running 1 test
test event_repr_lab::experiment ... EVENT_LAB {"kind":"owned_free_join","candidate":"essential512","target_candidate":"essential512","bits":12,"target_layout":"bit-major","target_setup_s":[2.333e-6, 1.667e-6, 2.584e-6, 1.583e-6, 1.208e-6],"restore_inputs_s":[2.5041e-5, 1.7125e-5, 2.1584e-5, 1.8042e-5, 1.5791e-5],"program_setup_s":[1.5625e-5, 8.792e-6, 9.833e-6, 7.375e-6, 1.0292e-5],"query_s":[0.000388458, 0.000335458, 0.000354041, 0.000328667, 0.000350083],"owned_compute_s":[0.000407958, 0.000345792, 0.00036625, 0.000337458, 0.000361958],"novel_publication_classes":[10, 10, 10, 10, 10],"input_roots":24,"output_roots":80,"input_packet_bytes":1421,"output_packet_bytes":707,"final_arena_bytes_est":61520,"input_storage":{"layout":"enum","record_bytes":1024,"table_bytes":992,"interner_bytes":1148,"metadata_bytes":368,"cache_bytes":0,"records":25,"tables":24,"logical_words":62,"total_bytes_est":3532},"final_storage":{"layout":"enum","record_bytes":16384,"table_bytes":14944,"interner_bytes":18368,"metadata_bytes":4208,"cache_bytes":7616,"records":345,"tables":344,"logical_words":934,"total_bytes_est":61520},"verified":true}
EVENT_LAB {"kind":"owned_free_join","candidate":"essential512","target_candidate":"essential512","bits":12,"target_layout":"face-major","target_setup_s":[1.042e-6, 3.833e-6, 1.958e-6, 1.167e-6, 1.25e-6],"restore_inputs_s":[1.6333e-5, 2.9959e-5, 1.8875e-5, 1.7083e-5, 1.5583e-5],"program_setup_s":[7.667e-6, 1.1e-5, 7.459e-6, 1.2084e-5, 6.625e-6],"query_s":[0.000525583, 0.00052675, 0.000499458, 0.000566209, 0.00049775],"owned_compute_s":[0.000534542, 0.000539458, 0.000508208, 0.000581084, 0.000505625],"novel_publication_classes":[10, 10, 10, 10, 10],"input_roots":24,"output_roots":80,"input_packet_bytes":1421,"output_packet_bytes":707,"final_arena_bytes_est":93760,"input_storage":{"layout":"enum","record_bytes":1024,"table_bytes":992,"interner_bytes":1148,"metadata_bytes":368,"cache_bytes":0,"records":25,"tables":24,"logical_words":62,"total_bytes_est":3532},"final_storage":{"layout":"enum","record_bytes":16384,"table_bytes":25008,"interner_bytes":36736,"metadata_bytes":4208,"cache_bytes":11424,"records":510,"tables":509,"logical_words":1563,"total_bytes_est":93760},"verified":true}
EVENT_LAB {"kind":"owned_free_join","candidate":"essential512","target_candidate":"packed512","bits":12,"target_layout":"bit-major","target_setup_s":[2.042e-6, 1.792e-6, 1e-6, 8.75e-7, 1.417e-6],"restore_inputs_s":[8.7166e-5, 8.1e-5, 7.2166e-5, 6.8125e-5, 7.6417e-5],"program_setup_s":[2.8792e-5, 2.6708e-5, 2.5667e-5, 2.4375e-5, 2.6541e-5],"query_s":[0.000251125, 0.000233792, 0.000232291, 0.000228709, 0.000241417],"owned_compute_s":[0.000281458, 0.000262042, 0.000259208, 0.000254041, 0.000269333],"novel_publication_classes":[10, 10, 10, 10, 10],"input_roots":24,"output_roots":80,"input_packet_bytes":1421,"output_packet_bytes":1645,"final_arena_bytes_est":112740,"input_storage":null,"final_storage":null,"verified":true}
EVENT_LAB {"kind":"owned_free_join","candidate":"essential512","target_candidate":"essential512","bits":18,"target_layout":"bit-major","target_setup_s":[1.417e-6, 5e-6, 5.375e-6, 4.917e-6, 7.958e-6],"restore_inputs_s":[0.00012075, 0.000136375, 0.0001315, 0.000130667, 0.000131042],"program_setup_s":[2.2375e-5, 2.8792e-5, 2.4667e-5, 2.7209e-5, 2.4042e-5],"query_s":[0.002505083, 0.002550334, 0.002349083, 0.002557084, 0.002570959],"owned_compute_s":[0.002529458, 0.002581625, 0.002375792, 0.002586958, 0.002597709],"novel_publication_classes":[18, 18, 18, 18, 18],"input_roots":24,"output_roots":80,"input_packet_bytes":9305,"output_packet_bytes":2087,"final_arena_bytes_est":494968,"input_storage":{"layout":"enum","record_bytes":16384,"table_bytes":9776,"interner_bytes":18368,"metadata_bytes":4296,"cache_bytes":3927,"records":280,"tables":86,"logical_words":611,"total_bytes_est":52751},"final_storage":{"layout":"enum","record_bytes":131072,"table_bytes":123056,"interner_bytes":146944,"metadata_bytes":32968,"cache_bytes":60928,"records":2785,"tables":1995,"logical_words":7691,"total_bytes_est":494968},"verified":true}
EVENT_LAB {"kind":"owned_free_join","candidate":"essential512","target_candidate":"essential512","bits":18,"target_layout":"face-major","target_setup_s":[1.542e-6, 5.459e-6, 5.334e-6, 8.458e-6, 4.916e-6],"restore_inputs_s":[0.000362625, 0.000400375, 0.000466125, 0.000375625, 0.000373083],"program_setup_s":[3.1875e-5, 4.4292e-5, 3.5833e-5, 3.5875e-5, 4.05e-5],"query_s":[0.007196917, 0.0079235, 0.007091708, 0.006917042, 0.006905125],"owned_compute_s":[0.007231833, 0.007971917, 0.00713025, 0.006955625, 0.006951042],"novel_publication_classes":[18, 18, 18, 18, 18],"input_roots":24,"output_roots":80,"input_packet_bytes":9305,"output_packet_bytes":2389,"final_arena_bytes_est":1138824,"input_storage":{"layout":"enum","record_bytes":32768,"table_bytes":41168,"interner_bytes":36736,"metadata_bytes":8392,"cache_bytes":19040,"records":682,"tables":408,"logical_words":2573,"total_bytes_est":138104},"final_storage":{"layout":"enum","record_bytes":262144,"table_bytes":273344,"interner_bytes":293888,"metadata_bytes":65736,"cache_bytes":243712,"records":5737,"tables":4542,"logical_words":17084,"total_bytes_est":1138824},"verified":true}
EVENT_LAB {"kind":"owned_free_join","candidate":"essential512","target_candidate":"packed512","bits":18,"target_layout":"bit-major","target_setup_s":[2.667e-6, 5.291e-6, 6.666e-6, 5.083e-6, 5.125e-6],"restore_inputs_s":[0.000436166, 0.000418917, 0.000448333, 0.000422625, 0.000419542],"program_setup_s":[4.0292e-5, 5.5084e-5, 4.3625e-5, 4.4125e-5, 4.4958e-5],"query_s":[0.000689917, 0.000710834, 0.000734292, 0.000704917, 0.000693167],"owned_compute_s":[0.00073275, 0.000772542, 0.000780167, 0.000754375, 0.000740333],"novel_publication_classes":[18, 18, 18, 18, 18],"input_roots":24,"output_roots":80,"input_packet_bytes":9305,"output_packet_bytes":5221,"final_arena_bytes_est":626852,"input_storage":null,"final_storage":null,"verified":true}
ok

test result: ok. 1 passed; 0 failed; 0 ignored; 0 measured; 1366 filtered out; finished in 9.51s


        9.51 real         9.34 user         0.12 sys
            18104320  maximum resident set size
                   0  average shared memory size
                   0  average unshared data size
                   0  average unshared stack size
                1320  page reclaims
                   0  page faults
                   0  swaps
                   0  block input operations
                   0  block output operations
                   0  messages sent
                   0  messages received
                   0  signals received
                   0  voluntary context switches
                1959  involuntary context switches
        175478961707  instructions retired
         31858225300  cycles elapsed
            15106456  peak memory footprint
