▶ parseQueryIr
  ✔ brands a shape-legal QueryIr (0.923917ms)
  ✔ owns complete descriptions without freezing or retaining caller arrays (0.452375ms)
  ✔ rejects malformed nodes and ordinal overflow at every boundary (1.171958ms)
  ✔ rejects getters, sparse arrays and malformed binding tuples without invoking accessors (0.247292ms)
  ✔ bounds recursive input before stack exhaustion and checks aggregate operators (0.951ms)
  ✔ logical byte literals are detached and scalars use canonical field values (0.185667ms)
  ✔ rejects empty main with populated interiors (0.0715ms)
  ✔ rejects rec with an empty base (0.102ms)
  ✔ a compute find term requires the shared expr grammar arm (0.096375ms)
  ✔ rejects Count-with-over (0.118916ms)
  ✔ preparation rejects an unbranded QueryIr object literal (0.057958ms)
  ▶ raw Event query programs
    ✔ owns all structural constructors and test operators (1.0065ms)
    ✔ refuses malformed, cyclic and oversized programs before native execution (0.592792ms)
    ✔ owns bounded BEDC payloads while native import remains the semantic gate (1.264792ms)
    ✔ parses owned relation programs under the shared Event tree budget (1.4775ms)
  ✔ raw Event query programs (4.467417ms)
✔ parseQueryIr (9.581542ms)
✔ the wire-tag rosters equal the tags.json golden, key for key (0.880334ms)
ℹ tests 16
ℹ suites 2
ℹ pass 16
ℹ fail 0
ℹ cancelled 0
ℹ skipped 0
ℹ todo 0
ℹ duration_ms 203.38925
