✔ alternatives are the ordinary law expansion in roster order, independent of arm object order (3.53525ms)
✔ alternatives check dynamic arm coverage and scalar identity shapes (1.738542ms)
✔ alternatives preserve composite keys and payload types (0.206458ms)
✔ native expansion refusals cite both actual directions at their current statement positions (379.655959ms)
✔ ordinary native admission enforces payloads and accepts an atomic arm switch (176.413542ms)
✔ finite, infinite, NaN and negative-zero floats all cross as canonical $f64 bit images (36.866333ms)
✔ decoders reject malformed widths, noncanonical images, unknown tags and wrong-schema values (7.190584ms)
✔ typed and dynamic boundary input share one accepted domain — the encoder refuses what the decoder refuses (0.14775ms)
✔ student rows carry budget as exact decimal; a float budget image refuses (1.04025ms)
▶ the comparison pairing walls
  ✔ no variable side is constant-valued: the constructor refuses param-only and param-literal sides (1.906791ms)
  ✔ the order pair: cross-domain variable pairs are compile-refused (each side alone is orderable) (0.616541ms)
  ✔ the order pair: literals type against their sibling — bool-vs-bigint and u64-vs-boolean are compile-refused (0.39525ms)
  ✔ the fold input: min/max over a bool var is refused (both tiers) (0.325708ms)
  ✔ the pointIn pair: the point lives in the interval's element domain (0.195667ms)
  ✔ the allen pair: two intervals of one element domain (Q1 — widths meet freely, u64-vs-i64 stays illegal) (0.204958ms)
  ✔ the legal pairs stay legal: same-domain vars, sibling-typed opens, one-element allen (0.387417ms)
✔ the comparison pairing walls (4.661625ms)
✔ key values infer exactly their declared projection (0.862458ms)
✔ a key owns its projection without freezing or retaining the caller's array (0.408042ms)
✔ every declared key reads the same snapshot with its own projection and native statement id (467.425166ms)
✔ inspection separates virtual mapping, file pages and disk blocks (490.371291ms)
✔ native row codecs own their values and remain reusable after cancelled delivery (8.022709ms)
✔ create/apply/snapshot/get/execute — the whole chapter 34 core flow, one scope (167.17125ms)
✔ open never creates; create refuses existing authority (95.495625ms)
✔ scoped preparation reuses parameters and closes independently of snapshots and results (102.02775ms)
✔ apply is the three-coordinate judgment: accepted, no-change, invariant-rejected, moved (59.144834ms)
✔ a snapshot is coherent: a later apply cannot move an open snapshot's facts (77.023833ms)
✔ methods are lazy: construction dispatches nothing, and a scope-escaped handle fails typed (74.47375ms)
✔ a foreign object where a ChangeSet is expected refuses BEFORE any native dispatch (89.490625ms)
✔ a foreign-schema query template refuses typed at execute (76.292334ms)
✔ interruption surfaces in Cause, never as a manufactured outcome arm (46.886959ms)
✔ descriptor construction is lazy and pure transport remains addon-free (0.959958ms)
✔ all seven structural kinds admit, describe, inspect and roundtrip through owned BEDC (411.339459ms)
✔ derived projections and complete composition plans feed real stored Event queries (184.29675ms)
✔ composition inspection keeps three distinct roles in ST, TU, SU order (5.819667ms)
✔ nonrectangular shared environments, reversal and measured endpoints survive inspection (6.83175ms)
✔ admission refuses fake certificates, implicit full markers and malformed structural data (10.254125ms)
✔ native descriptor submission copies owned bytes before workers and refuses shared backing (2.470125ms)
✔ cancelled descriptor delivery drops all queued inspection data and permits reuse (2.20075ms)
✔ kernel/revision envelopes own bytes, retain roles, and construct Effects without an addon (2.705625ms)
✔ posterior replacement, likelihood and conditioning have distinct exact meanings (388.284375ms)
✔ impossible revisions retain zero-mass and empty indexed cells without hiding input errors (13.857625ms)
✔ BESC replay refuses forged receipt numbers, posterior laws and incomplete impossible outcomes (6.128ms)
✔ channels normalize on zero-prior fibres and copy readouts without fresh randomness (14.010791ms)
✔ Coup channels obey visibility FDs and translate stored Events through posterior queries after reopen (200.360958ms)
✔ cancelled revision inspection reclaims owned outputs and leaves the runtime reusable (3.461458ms)
✔ contextual full projections remain pure syntax with exact keys and no invented classes (1.793709ms)
✔ full coverage partitions measured worlds, including zero-mass branches, through commit and reopen (496.351042ms)
✔ full singleton lookup supplies no fabricated cell and remains distinct from a field named true (160.841417ms)
✔ closed scalar rosters admit explicit full keys and native ground coverage (6.144583ms)
✔ pure Event query authoring retains types, stages, shape bounds and owned imports (13.3135ms)
✔ native Event heads preserve shared worlds through tests, descriptions, imported stages and Pack (455.338625ms)
✔ captured maps and typed relation programs execute through the public builders (199.719375ms)
✔ Event errors retain complete logical fault sets across stages, prepared queries and runtime release (124.239375ms)
✔ Event schema selections own transport bytes without loading native code (1.818625ms)
✔ Event selections enforce exact matches across incremental writes, owner release and reopen (546.694875ms)
✔ exact scalar/function transport and lazy source programs do not load the addon (2.766916ms)
✔ exact native arithmetic preserves decimal/binary intent, canonical values and failure modes (353.353833ms)
✔ finite functions merge equal cells, add signed overlaps and sum copied readouts exactly once (15.382167ms)
✔ law designation is exact and retains symbolic and zero-mass possibilities (9.42525ms)
✔ Coup source algebra preserves shared worlds, exact posteriors and signed utility through storage (203.488458ms)
✔ finite function admission checks all contexts and shapes before zero shortcuts (9.486083ms)
✔ late cancelled source observations are reclaimed without delivering a partial result (2.318666ms)
✔ Event envelopes own immutable data and pure codecs never load native work (3.513959ms)
✔ Event executor checks all truth functions, shared contexts and symbolic supports (199.371333ms)
✔ typed Event rows reopen, join, pack and bind owned parameters (146.515041ms)
✔ raw Event bridge refuses unknown operations and shared or forged byte backing (1.427917ms)
✔ Event dependencies enforce disjointness and joint coverage through ordinary keys and mirrors (159.277959ms)
✔ interrupting completed Event delivery drains the output and leaves the runtime usable (5.102333ms)
✔ public field codecs agree with rows for every field kind and preserve generic inference (2.3385ms)
✔ strict field decoding rejects malformed representations and host schemas reject invalid values (2.871708ms)
✔ field descriptors are owned; accessors never execute while decoding values (0.147083ms)
✔ segment kinds survive description imports and fixed-width refinement is dropped (3.703459ms)
✔ pack widens fixed intervals before imported difference and measurement stages (186.768916ms)
✔ native marginal bands derive slices, preserve equal contributions, and round once (118.19225ms)
✔ difference emits products, dense measures and fixed intervals use native meanings (108.673375ms)
✔ the large-schema fixture constructs and both tiers agree at scale (0.461333ms)
▶ the three class laws
  ✔ generators name their classes; a 3-hop chain lands the whole chain in the generator's class; bare stays bare (16.362167ms)
  ✔ a generator-less class is named by its least member in relation-declaration × field-declaration order (0.336667ms)
  ✔ a ψ-selected closed face pairs exactly like the bare face — the selection changes classes not at all (0.97675ms)
  ✔ the selected-mirrors shape (Calendar): the mirrors law types the source column with the target's class (0.282958ms)
✔ the three class laws (18.568459ms)
▶ the generator authority after the fresh deletion — closed ids are the ONLY generators
  ✔ unifying two ordinary id columns is LAWFUL now — no mint, no wall; least member names the class (0.259ms)
  ✔ mirrors and capacity pairings over ordinary ids are lawful classes too (0.562209ms)
  ✔ a closed relation's id stays a generator — a bare column never pairs it (the roster wall, at construction) (0.363583ms)
  ✔ a transitive chain over ordinary ids is one lawful class, not a wall (0.236542ms)
✔ the generator authority after the fresh deletion — closed ids are the ONLY generators (1.586875ms)
▶ the runtime/type agreement and the wire
  ✔ the runtime class map and the type-level class map are the same map (0.50575ms)
  ✔ the manifest golden: statements in == statements out — nothing synthesized, order preserved, count equal (0.61575ms)
  ✔ the wire: spec newtype = class name for classed slots, omitted for bare (fingerprint-neutral by the engine's drop) (0.4075ms)
  ✔ integer-index names are refused at construction — the declaration-order law's enumeration hazard (0.08825ms)
  ✔ dotted names are refused at construction — the coordinate encoding stays injective at both tiers (0.114834ms)
  ✔ a plain __proto__ declaration entry is refused — the Annex B setter would silently drop the key (0.145791ms)
✔ the runtime/type agreement and the wire (2.019084ms)
✔ interrupt after directory acquire and before db output adoption drains both owners (D18) (75.079166ms)
✔ retained JS tokens cannot prevent native drain; repeated close joins (D18) (62.634875ms)
✔ abort after publication drains without take; retained wrappers cannot pin output (D18) (99.260458ms)
✔ draft interruption spends the draft and joins drain (13.131708ms)
▶ pure schema import
  ✔ constructs metadata with the platform addon unresolvable (272.942125ms)
✔ pure schema import (273.739834ms)
✔ generated descriptions execute, prepare, compose and infer their checked result (114.867041ms)
✔ descriptions preserve joins, negation, aggregates, computations and interiors (3.779833ms)
✔ descriptions preserve recursion and interval/closed-reference domains (88.880708ms)
✔ description checking refuses malformed grammar, wrong result claims, unbound vars and foreign field tags (1.181125ms)
✔ flat projection keeps only row count and owned cells, without obsolete quota accounting (1.601375ms)
✔ flat projection closes the source iterator when a row is invalid (0.343708ms)
✔ snapshot bindings preserve owned Event field types and dependency identity (168.885292ms)
✔ snapshot bindings preserve contextual full projections and explicit closed full keys (114.269083ms)
✔ snapshot bindings preserve every field kind, exact payload values, names and field order (112.445208ms)
✔ independent bindings preserve selected mirror directions, capacities and expanded statement IDs (107.830875ms)
✔ emission refuses unrepresentable conditional roster pairing and invalid declaration names (3.957375ms)
✔ bindings derive transitive total roster membership without losing or adding laws (107.110625ms)
✔ mutually referring closed payloads use the existing field descriptors without declaration cycles (105.240542ms)
✔ snapshot bindings preserve canonical Event selection literals and schema identity (109.291ms)
▶ the Ledger example
  ✔ lowers to the SchemaSpec shape, declaration order throughout, newtype slots carrying the law-computed class names (3.735417ms)
  ✔ the composite key and pointwise containment lower positionally (0.292541ms)
  ✔ a closed payload column lowers pure structure — the newtype slots carry its law-computed classes (0.401625ms)
  ✔ lowering is deterministic across independent constructions (1.137292ms)
✔ the Ledger example (6.142166ms)
▶ renderStatement
  ✔ each statement form renders its canonical 70-api spelling (0.456292ms)
  ✔ composite positions render in written tuple order (0.14175ms)
  ✔ every legal capacity spelling renders canonically — unit strings byte-for-byte, the weighted rows beside them (0.810667ms)
  ✔ literal sets and interval literals render in macro notation (0.468ms)
✔ renderStatement (2.029375ms)
▶ the ban table, one row at a time — literal spellings are UNWRITABLE
  ✔ the capacity mint vocabulary is exactly the roster — no sixth mint exists (0.101083ms)
  ✔ degenerate literal sets refuse — a membership array needs two DISTINCT members, and the refusal locates itself (2.150917ms)
  ✔ a duplicate field in a key() projection refuses at the mint — the engine's FieldSet duplicate, canonical voice (0.363917ms)
  ✔ a plain u64 face never pairs a closed [id] face — closedness rides the descriptor (both tiers) (0.392958ms)
  ✔ an arity-mismatched pairing is a construction error — the SameArity runtime twin (untyped path) (0.301334ms)
✔ the ban table, one row at a time — literal spellings are UNWRITABLE (3.449292ms)
▶ the ban table's construction tier — computed bounds the type cannot judge
  ✔ computed equivalent spellings lower to the canonical law; only negatives refuse (0.156125ms)
  ✔ an inverted window is unsatisfiable — bigint literals carry no type-level order (0.057708ms)
  ✔ unit floors are accepted canonical laws now — the spelling police is deleted (0.16475ms)
  ✔ the C18 dimension gate fires at the capacity() call — a unit window never takes a duration() bound (both tiers) (0.146125ms)
  ✔ a computed path weight or bound is a construction refusal naming the pinned-column idiom (0.117959ms)
  ✔ the weight and dependent-bound walls hold at construction for untyped callers (0.373709ms)
  ✔ generated capacity values use the same validation as constructors (0.280208ms)
✔ the ban table's construction tier — computed bounds the type cannot judge (1.395875ms)
▶ schema() construction boundary
  ✔ a statement over an undeclared relation is rejected with the statement rendered (0.35575ms)
  ✔ same-named relations resolve structurally, including field order (0.222708ms)
  ✔ declared id keys are ordinary statements now — the fresh-implied key is deleted (E-NO-RESERVE) (0.33525ms)
  ✔ duplicate statements are rejected via their canonical rendering (0.376667ms)
  ✔ a record key must equal its relation's declared name (0.302083ms)
  ✔ the paste-back law: a handle selection needs its resolving containment declared (0.350458ms)
  ✔ generated statements are checked semantically without an admission token (0.536167ms)
✔ schema() construction boundary (2.574416ms)
▶ ψ statements over closed relations — closed().where() as a face source
  ✔ a ψ-selected closed face renders canonically and schema() admits both forms (0.472583ms)
  ✔ ψ lowers PASS-THROUGH — the selection rides the SideSpec, never pre-folded into ids (1.29875ms)
  ✔ the closed where() speaks the ordinary selection vocabulary — literal sets and written order (0.341875ms)
  ✔ the empty ψ is the bare closed relation respelled and rejected (canonical utterance) (0.216166ms)
  ✔ the compile walls carry runtime twins through the one selection machine (0.279125ms)
  ✔ a handle named `where` is ordinary roster data — NO name is reserved, both tiers (0.118833ms)
✔ ψ statements over closed relations — closed().where() as a face source (2.858ms)
✔ facts, selections, host cells, and JSON codecs share the complete native value domain (5.263708ms)
✔ unknown, inherited, absent, symbolic, and nested fields are never silently dropped (1.089959ms)
✔ query parameters use the same interpreter and exact supplied parameter fields (2.056667ms)
✔ authored queries own mutable binding and comparison literals (3.63125ms)
✔ query bindings and result records reject getters and explicit undefined fields (1.33575ms)
✔ host admission matches the real native codec; rejected facts do not enter a database (106.125666ms)
✔ native names and query parameters reject lossy Unicode conversion (76.4805ms)
✔ prototype-sensitive field and result names are ordinary owned data (52.222458ms)
ℹ tests 150
ℹ suites 11
ℹ pass 150
ℹ fail 0
ℹ cancelled 0
ℹ skipped 0
ℹ todo 0
ℹ duration_ms 2310.171709
SDK integration passed against isolated @bjornpagen/bumbledb-darwin-arm64; version unchanged at 1.3.1
{"node":"v26.4.0","platform":"@bjornpagen/bumbledb-darwin-arm64","tests":["event","event-query","event-descriptor","event-source","event-dynamics","event-projections","event-selections","statements","declared-key","law-typing","law-scale","schema-bindings","pure-import","field-codec","query-description","comparison-pairing","alternatives","rows","boundary-codec","value-conformance","interval-outputs","effect-core","ownership-interrupt"],"addon_sha256":"fee46faa7e5f5367dd522346ab9b48dec7051cd852387c44c406067f28c01c0f"}
