
running 1 test
test event_repr_lab::experiment ... EVENT_LAB {"kind":"relations_free_join","candidate":"essential64","product_mode":"views-inputs","bits":12,"worlds":4096,"rows":128,"groups":16,"memo":false,"build_s":[0.000129833, 8.0708e-5, 6.9625e-5, 6.825e-5, 6.6875e-5],"join_only_s":[2.9042e-5, 5.458e-6, 5.25e-6, 5.208e-6, 5.166e-6],"fresh_s":[0.0028425, 0.002755166, 0.002972667, 0.00276575, 0.002752042],"warm_s":[0.002462125, 0.002546875, 0.00247175, 0.002541541, 0.002469375],"input_bytes_est":15789,"final_bytes_est":96648,"input_nodes":117,"final_nodes":544,"input_storage":{"layout":"enum","record_bytes":3744,"table_bytes":1232,"interner_bytes":9184,"metadata_bytes":1032,"cache_bytes":357,"records":117,"tables":77,"logical_words":77,"total_bytes_est":15549},"final_storage":{"layout":"enum","record_bytes":29952,"table_bytes":5952,"interner_bytes":36736,"metadata_bytes":7584,"cache_bytes":16184,"records":544,"tables":372,"logical_words":372,"total_bytes_est":96408},"closure_iterations":46,"checksum":7171072,"verified":true}
EVENT_LAB {"kind":"relations_free_join","candidate":"essential64","product_mode":"views-inputs","bits":12,"worlds":4096,"rows":128,"groups":16,"memo":true,"build_s":[0.000129833, 8.0708e-5, 6.9625e-5, 6.825e-5, 6.6875e-5],"join_only_s":[2.9042e-5, 5.458e-6, 5.25e-6, 5.208e-6, 5.166e-6],"fresh_s":[0.001544875, 0.00157875, 0.001513333, 0.001505208, 0.001537334],"warm_s":[1.025e-5, 8.917e-6, 8.625e-6, 8.625e-6, 8.625e-6],"input_bytes_est":15789,"final_bytes_est":108772,"input_nodes":117,"final_nodes":544,"input_storage":{"layout":"enum","record_bytes":3744,"table_bytes":1232,"interner_bytes":9184,"metadata_bytes":1032,"cache_bytes":357,"records":117,"tables":77,"logical_words":77,"total_bytes_est":15549},"final_storage":{"layout":"enum","record_bytes":29952,"table_bytes":5952,"interner_bytes":36736,"metadata_bytes":7584,"cache_bytes":16184,"records":544,"tables":372,"logical_words":372,"total_bytes_est":96408},"closure_iterations":46,"checksum":7171072,"verified":true}
EVENT_LAB {"kind":"relations_free_join","candidate":"essential64","product_mode":"views-inputs","bits":18,"worlds":262144,"rows":128,"groups":16,"memo":false,"build_s":[0.001587292, 0.0015345, 0.001597084, 0.001553208, 0.00162025],"join_only_s":[2.0666e-5, 5.417e-6, 5.375e-6, 5.542e-6, 5.333e-6],"fresh_s":[0.040217208, 0.040544541, 0.04082425, 0.039775042, 0.040246833],"warm_s":[0.036523958, 0.036794459, 0.037328625, 0.036384541, 0.036614458],"input_bytes_est":126240,"final_bytes_est":911096,"input_nodes":1058,"final_nodes":4924,"input_storage":{"layout":"enum","record_bytes":33856,"table_bytes":5184,"interner_bytes":73472,"metadata_bytes":8608,"cache_bytes":4760,"records":1058,"tables":324,"logical_words":324,"total_bytes_est":125880},"final_storage":{"layout":"enum","record_bytes":270848,"table_bytes":26816,"interner_bytes":293888,"metadata_bytes":67856,"cache_bytes":251328,"records":4924,"tables":1676,"logical_words":1676,"total_bytes_est":910736},"closure_iterations":52,"checksum":215255808,"verified":true}
EVENT_LAB {"kind":"relations_free_join","candidate":"essential64","product_mode":"views-inputs","bits":18,"worlds":262144,"rows":128,"groups":16,"memo":true,"build_s":[0.001587292, 0.0015345, 0.001597084, 0.001553208, 0.00162025],"join_only_s":[2.0666e-5, 5.417e-6, 5.375e-6, 5.542e-6, 5.333e-6],"fresh_s":[0.021700916, 0.021762833, 0.021728459, 0.021342167, 0.021692584],"warm_s":[2.0667e-5, 8.75e-6, 8.625e-6, 8.5e-6, 8.542e-6],"input_bytes_est":126240,"final_bytes_est":923668,"input_nodes":1058,"final_nodes":4924,"input_storage":{"layout":"enum","record_bytes":33856,"table_bytes":5184,"interner_bytes":73472,"metadata_bytes":8608,"cache_bytes":4760,"records":1058,"tables":324,"logical_words":324,"total_bytes_est":125880},"final_storage":{"layout":"enum","record_bytes":270848,"table_bytes":26816,"interner_bytes":293888,"metadata_bytes":67856,"cache_bytes":251328,"records":4924,"tables":1676,"logical_words":1676,"total_bytes_est":910736},"closure_iterations":52,"checksum":215255808,"verified":true}
ok

test result: ok. 1 passed; 0 failed; 0 ignored; 0 measured; 1375 filtered out; finished in 3.25s


        3.25 real         3.22 user         0.01 sys
            16105472  maximum resident set size
                   0  average shared memory size
                   0  average unshared data size
                   0  average unshared stack size
                1197  page reclaims
                   0  page faults
                   0  swaps
                   0  block input operations
                   0  block output operations
                   0  messages sent
                   0  messages received
                   0  signals received
                   0  voluntary context switches
                1118  involuntary context switches
         56095233686  instructions retired
         10689302962  cycles elapsed
            13140376  peak memory footprint
