
running 1 test
test event_repr_lab::experiment ... EVENT_LAB {"kind":"product_free_join","candidate":"essential512","product_mode":"views-inputs","bits":12,"worlds":4096,"rows":128,"groups":16,"memo":false,"build_s":[0.000108583, 5.925e-5, 5.35e-5, 5.375e-5, 5.1916e-5],"join_only_s":[2.9042e-5, 5.5e-6, 5.375e-6, 5.208e-6, 5.166e-6],"fresh_s":[0.00201725, 0.001935, 0.001883542, 0.00191425, 0.001873458],"warm_s":[0.001781584, 0.001776042, 0.001777833, 0.001820542, 0.001830167],"input_bytes_est":5631,"final_bytes_est":44368,"input_nodes":40,"final_nodes":286,"input_storage":{"layout":"enum","record_bytes":1280,"table_bytes":1280,"interner_bytes":2296,"metadata_bytes":416,"cache_bytes":119,"records":40,"tables":39,"logical_words":80,"total_bytes_est":5391},"final_storage":{"layout":"enum","record_bytes":10240,"table_bytes":9056,"interner_bytes":18368,"metadata_bytes":2656,"cache_bytes":3808,"records":286,"tables":285,"logical_words":566,"total_bytes_est":44128},"checksum":464640,"verified":true}
EVENT_LAB {"kind":"product_free_join","candidate":"essential512","product_mode":"views-inputs","bits":12,"worlds":4096,"rows":128,"groups":16,"memo":true,"build_s":[0.000108583, 5.925e-5, 5.35e-5, 5.375e-5, 5.1916e-5],"join_only_s":[2.9042e-5, 5.5e-6, 5.375e-6, 5.208e-6, 5.166e-6],"fresh_s":[0.000447292, 0.000434917, 0.000429125, 0.000427917, 0.000425916],"warm_s":[8.125e-6, 7.5e-6, 7.625e-6, 7.459e-6, 7.5e-6],"input_bytes_est":5631,"final_bytes_est":51340,"input_nodes":40,"final_nodes":286,"input_storage":{"layout":"enum","record_bytes":1280,"table_bytes":1280,"interner_bytes":2296,"metadata_bytes":416,"cache_bytes":119,"records":40,"tables":39,"logical_words":80,"total_bytes_est":5391},"final_storage":{"layout":"enum","record_bytes":10240,"table_bytes":9056,"interner_bytes":18368,"metadata_bytes":2656,"cache_bytes":3808,"records":286,"tables":285,"logical_words":566,"total_bytes_est":44128},"checksum":464640,"verified":true}
EVENT_LAB {"kind":"product_free_join","candidate":"essential512","product_mode":"views-inputs","bits":18,"worlds":262144,"rows":128,"groups":16,"memo":false,"build_s":[0.001319041, 0.001289167, 0.001366584, 0.001270792, 0.001318],"join_only_s":[1.7333e-5, 5.375e-6, 5.208e-6, 5.292e-6, 5.167e-6],"fresh_s":[0.064855542, 0.064847167, 0.06470975, 0.064694167, 0.064806666],"warm_s":[0.064129459, 0.064173417, 0.064311292, 0.064113333, 0.063815458],"input_bytes_est":28891,"final_bytes_est":416104,"input_nodes":206,"final_nodes":2643,"input_storage":{"layout":"enum","record_bytes":6592,"table_bytes":10368,"interner_bytes":9184,"metadata_bytes":1792,"cache_bytes":595,"records":206,"tables":106,"logical_words":648,"total_bytes_est":28531},"final_storage":{"layout":"enum","record_bytes":105472,"table_bytes":102544,"interner_bytes":146944,"metadata_bytes":26512,"cache_bytes":34272,"records":2643,"tables":1567,"logical_words":6409,"total_bytes_est":415744},"checksum":14852224,"verified":true}
EVENT_LAB {"kind":"product_free_join","candidate":"essential512","product_mode":"views-inputs","bits":18,"worlds":262144,"rows":128,"groups":16,"memo":true,"build_s":[0.001319041, 0.001289167, 0.001366584, 0.001270792, 0.001318],"join_only_s":[1.7333e-5, 5.375e-6, 5.208e-6, 5.292e-6, 5.167e-6],"fresh_s":[0.013130083, 0.01294625, 0.013040875, 0.012992416, 0.012977292],"warm_s":[1.9541e-5, 7.667e-6, 7.542e-6, 7.458e-6, 7.542e-6],"input_bytes_est":28891,"final_bytes_est":423076,"input_nodes":206,"final_nodes":2643,"input_storage":{"layout":"enum","record_bytes":6592,"table_bytes":10368,"interner_bytes":9184,"metadata_bytes":1792,"cache_bytes":595,"records":206,"tables":106,"logical_words":648,"total_bytes_est":28531},"final_storage":{"layout":"enum","record_bytes":105472,"table_bytes":102544,"interner_bytes":146944,"metadata_bytes":26512,"cache_bytes":34272,"records":2643,"tables":1567,"logical_words":6409,"total_bytes_est":415744},"checksum":14852224,"verified":true}
ok

test result: ok. 1 passed; 0 failed; 0 ignored; 0 measured; 1375 filtered out; finished in 1.61s


        1.61 real         1.60 user         0.00 sys
            12632064  maximum resident set size
                   0  average shared memory size
                   0  average unshared data size
                   0  average unshared stack size
                 986  page reclaims
                   0  page faults
                   0  swaps
                   0  block input operations
                   0  block output operations
                   0  messages sent
                   0  messages received
                   0  signals received
                   0  voluntary context switches
                 478  involuntary context switches
         28992614745  instructions retired
          5242759978  cycles elapsed
             9666968  peak memory footprint
