
running 1 test
test event_repr_lab::experiment ... EVENT_LAB {"kind":"relations_free_join","candidate":"essential64","product_mode":"views","bits":12,"worlds":4096,"rows":128,"groups":16,"memo":false,"build_s":[0.000131375, 8.1125e-5, 6.9875e-5, 6.925e-5, 6.8042e-5],"join_only_s":[2.9125e-5, 5.542e-6, 5.458e-6, 5.292e-6, 5.25e-6],"fresh_s":[0.0037495, 0.003631792, 0.003487958, 0.003529458, 0.003588916],"warm_s":[0.003067208, 0.002930125, 0.00288125, 0.002900709, 0.00290425],"input_bytes_est":15789,"final_bytes_est":196944,"input_nodes":117,"final_nodes":1499,"input_storage":{"layout":"enum","record_bytes":3744,"table_bytes":1232,"interner_bytes":9184,"metadata_bytes":1032,"cache_bytes":357,"records":117,"tables":77,"logical_words":77,"total_bytes_est":15549},"final_storage":{"layout":"enum","record_bytes":59904,"table_bytes":13984,"interner_bytes":73472,"metadata_bytes":15072,"cache_bytes":34272,"records":1499,"tables":874,"logical_words":874,"total_bytes_est":196704},"closure_iterations":46,"checksum":7171072,"verified":true}
EVENT_LAB {"kind":"relations_free_join","candidate":"essential64","product_mode":"views","bits":12,"worlds":4096,"rows":128,"groups":16,"memo":true,"build_s":[0.000131375, 8.1125e-5, 6.9875e-5, 6.925e-5, 6.8042e-5],"join_only_s":[2.9125e-5, 5.542e-6, 5.458e-6, 5.292e-6, 5.25e-6],"fresh_s":[0.002048625, 0.002055083, 0.002038666, 0.002064541, 0.002029167],"warm_s":[1.0958e-5, 8.333e-6, 8.458e-6, 8.167e-6, 8.292e-6],"input_bytes_est":15789,"final_bytes_est":208716,"input_nodes":117,"final_nodes":1499,"input_storage":{"layout":"enum","record_bytes":3744,"table_bytes":1232,"interner_bytes":9184,"metadata_bytes":1032,"cache_bytes":357,"records":117,"tables":77,"logical_words":77,"total_bytes_est":15549},"final_storage":{"layout":"enum","record_bytes":59904,"table_bytes":13984,"interner_bytes":73472,"metadata_bytes":15072,"cache_bytes":34272,"records":1499,"tables":874,"logical_words":874,"total_bytes_est":196704},"closure_iterations":46,"checksum":7171072,"verified":true}
EVENT_LAB {"kind":"relations_free_join","candidate":"essential64","product_mode":"views","bits":18,"worlds":262144,"rows":128,"groups":16,"memo":false,"build_s":[0.001655375, 0.001618209, 0.001543459, 0.001542875, 0.001537125],"join_only_s":[1.8667e-5, 5.334e-6, 5e-6, 5.042e-6, 5.042e-6],"fresh_s":[0.03617275, 0.037605, 0.037765125, 0.036526833, 0.035958125],"warm_s":[0.030970292, 0.030331375, 0.031230583, 0.03168375, 0.03138825],"input_bytes_est":126240,"final_bytes_est":2402248,"input_nodes":1058,"final_nodes":14862,"input_storage":{"layout":"enum","record_bytes":33856,"table_bytes":5184,"interner_bytes":73472,"metadata_bytes":8608,"cache_bytes":4760,"records":1058,"tables":324,"logical_words":324,"total_bytes_est":125880},"final_storage":{"layout":"enum","record_bytes":541696,"table_bytes":31184,"interner_bytes":1175552,"metadata_bytes":135568,"cache_bytes":517888,"records":14862,"tables":1949,"logical_words":1949,"total_bytes_est":2401888},"closure_iterations":52,"checksum":215255808,"verified":true}
EVENT_LAB {"kind":"relations_free_join","candidate":"essential64","product_mode":"views","bits":18,"worlds":262144,"rows":128,"groups":16,"memo":true,"build_s":[0.001655375, 0.001618209, 0.001543459, 0.001542875, 0.001537125],"join_only_s":[1.8667e-5, 5.334e-6, 5e-6, 5.042e-6, 5.042e-6],"fresh_s":[0.021152334, 0.0212495, 0.022114375, 0.022176208, 0.021608083],"warm_s":[2.3e-5, 9.167e-6, 9e-6, 8.916e-6, 8.875e-6],"input_bytes_est":126240,"final_bytes_est":2414020,"input_nodes":1058,"final_nodes":14862,"input_storage":{"layout":"enum","record_bytes":33856,"table_bytes":5184,"interner_bytes":73472,"metadata_bytes":8608,"cache_bytes":4760,"records":1058,"tables":324,"logical_words":324,"total_bytes_est":125880},"final_storage":{"layout":"enum","record_bytes":541696,"table_bytes":31184,"interner_bytes":1175552,"metadata_bytes":135568,"cache_bytes":517888,"records":14862,"tables":1949,"logical_words":1949,"total_bytes_est":2401888},"closure_iterations":52,"checksum":215255808,"verified":true}
ok

test result: ok. 1 passed; 0 failed; 0 ignored; 0 measured; 1375 filtered out; finished in 3.21s


        3.21 real         3.18 user         0.02 sys
            26820608  maximum resident set size
                   0  average shared memory size
                   0  average unshared data size
                   0  average unshared stack size
                1851  page reclaims
                   0  page faults
                   0  swaps
                   0  block input operations
                   0  block output operations
                   0  messages sent
                   0  messages received
                   0  signals received
                   0  voluntary context switches
                1077  involuntary context switches
         54197247273  instructions retired
         10634993942  cycles elapsed
            23855512  peak memory footprint
