
running 1 test
test event_repr_lab::experiment ... EVENT_LAB {"kind":"relations_free_join","candidate":"essential512","product_mode":"views","bits":12,"worlds":4096,"rows":128,"groups":16,"memo":false,"build_s":[0.000105667, 5.8792e-5, 5.7875e-5, 5e-5, 5.1542e-5],"join_only_s":[2.6042e-5, 5.25e-6, 5.042e-6, 5e-6, 4.958e-6],"fresh_s":[0.000768166, 0.0007715, 0.00072625, 0.000805916, 0.000722],"warm_s":[0.000626958, 0.000634875, 0.000684875, 0.000638167, 0.000630917],"input_bytes_est":3167,"final_bytes_est":22032,"input_nodes":40,"final_nodes":189,"input_storage":{"layout":"slab","record_bytes":640,"table_bytes":640,"interner_bytes":1112,"metadata_bytes":416,"cache_bytes":119,"records":40,"tables":39,"logical_words":80,"total_bytes_est":2927},"final_storage":{"layout":"slab","record_bytes":5120,"table_bytes":5120,"interner_bytes":5088,"metadata_bytes":2656,"cache_bytes":3808,"records":189,"tables":188,"logical_words":509,"total_bytes_est":21792},"closure_iterations":46,"checksum":7171072,"verified":true}
EVENT_LAB {"kind":"relations_free_join","candidate":"essential512","product_mode":"views","bits":12,"worlds":4096,"rows":128,"groups":16,"memo":true,"build_s":[0.000105667, 5.8792e-5, 5.7875e-5, 5e-5, 5.1542e-5],"join_only_s":[2.6042e-5, 5.25e-6, 5.042e-6, 5e-6, 4.958e-6],"fresh_s":[0.000446708, 0.000428041, 0.000411917, 0.000432833, 0.0004185],"warm_s":[1.4208e-5, 8.5e-6, 8.416e-6, 8.292e-6, 8.334e-6],"input_bytes_est":3167,"final_bytes_est":33804,"input_nodes":40,"final_nodes":189,"input_storage":{"layout":"slab","record_bytes":640,"table_bytes":640,"interner_bytes":1112,"metadata_bytes":416,"cache_bytes":119,"records":40,"tables":39,"logical_words":80,"total_bytes_est":2927},"final_storage":{"layout":"slab","record_bytes":5120,"table_bytes":5120,"interner_bytes":5088,"metadata_bytes":2656,"cache_bytes":3808,"records":189,"tables":188,"logical_words":509,"total_bytes_est":21792},"closure_iterations":46,"checksum":7171072,"verified":true}
EVENT_LAB {"kind":"relations_free_join","candidate":"essential512","product_mode":"views","bits":18,"worlds":262144,"rows":128,"groups":16,"memo":false,"build_s":[0.001285084, 0.001244875, 0.001317667, 0.00134275, 0.001286291],"join_only_s":[2.1833e-5, 5.542e-6, 5.292e-6, 5.209e-6, 5.334e-6],"fresh_s":[0.016027375, 0.016143334, 0.016237, 0.016327875, 0.016128792],"warm_s":[0.015210417, 0.015038417, 0.015024333, 0.014948292, 0.015252834],"input_bytes_est":15859,"final_bytes_est":150952,"input_nodes":206,"final_nodes":1496,"input_storage":{"layout":"slab","record_bytes":3296,"table_bytes":5184,"interner_bytes":4632,"metadata_bytes":1792,"cache_bytes":595,"records":206,"tables":106,"logical_words":648,"total_bytes_est":15499},"final_storage":{"layout":"slab","record_bytes":26368,"table_bytes":41472,"interner_bytes":37056,"metadata_bytes":13328,"cache_bytes":32368,"records":1496,"tables":1065,"logical_words":3929,"total_bytes_est":150592},"closure_iterations":52,"checksum":215255808,"verified":true}
EVENT_LAB {"kind":"relations_free_join","candidate":"essential512","product_mode":"views","bits":18,"worlds":262144,"rows":128,"groups":16,"memo":true,"build_s":[0.001285084, 0.001244875, 0.001317667, 0.00134275, 0.001286291],"join_only_s":[2.1833e-5, 5.542e-6, 5.292e-6, 5.209e-6, 5.334e-6],"fresh_s":[0.008399083, 0.009183792, 0.008771375, 0.008852875, 0.029163875],"warm_s":[2.2125e-5, 9.125e-6, 9e-6, 9e-6, 9.041e-6],"input_bytes_est":15859,"final_bytes_est":162724,"input_nodes":206,"final_nodes":1496,"input_storage":{"layout":"slab","record_bytes":3296,"table_bytes":5184,"interner_bytes":4632,"metadata_bytes":1792,"cache_bytes":595,"records":206,"tables":106,"logical_words":648,"total_bytes_est":15499},"final_storage":{"layout":"slab","record_bytes":26368,"table_bytes":41472,"interner_bytes":37056,"metadata_bytes":13328,"cache_bytes":32368,"records":1496,"tables":1065,"logical_words":3929,"total_bytes_est":150592},"closure_iterations":52,"checksum":215255808,"verified":true}
ok

test result: ok. 1 passed; 0 failed; 0 ignored; 0 measured; 1375 filtered out; finished in 2.64s


        2.64 real         2.57 user         0.01 sys
            10928128  maximum resident set size
                   0  average shared memory size
                   0  average unshared data size
                   0  average unshared stack size
                 883  page reclaims
                   0  page faults
                   0  swaps
                   0  block input operations
                   0  block output operations
                   0  messages sent
                   0  messages received
                   0  signals received
                   0  voluntary context switches
                1286  involuntary context switches
         46417204970  instructions retired
          8452881086  cycles elapsed
             7979416  peak memory footprint
