
running 1 test
test event_repr_lab::experiment ... EVENT_LAB {"kind":"relations_free_join","candidate":"essential64","product_mode":"views-inputs","bits":12,"worlds":4096,"rows":128,"groups":16,"memo":false,"build_s":[0.000128541, 7.8083e-5, 7.6041e-5, 7.5e-5, 7.325e-5],"join_only_s":[2.7416e-5, 5.459e-6, 5.125e-6, 5.209e-6, 5.166e-6],"fresh_s":[0.000955584, 0.000997625, 0.000940875, 0.000914375, 0.000892042],"warm_s":[0.000741708, 0.000736708, 0.00073325, 0.000737334, 0.000820542],"input_bytes_est":5481,"final_bytes_est":46732,"input_nodes":89,"final_nodes":519,"input_storage":{"layout":"slab","record_bytes":1424,"table_bytes":392,"interner_bytes":2260,"metadata_bytes":808,"cache_bytes":357,"records":89,"tables":49,"logical_words":49,"total_bytes_est":5241},"final_storage":{"layout":"slab","record_bytes":11392,"table_bytes":3136,"interner_bytes":18080,"metadata_bytes":5792,"cache_bytes":8092,"records":519,"tables":360,"logical_words":360,"total_bytes_est":46492},"closure_iterations":46,"checksum":7171072,"verified":true}
EVENT_LAB {"kind":"relations_free_join","candidate":"essential64","product_mode":"views-inputs","bits":12,"worlds":4096,"rows":128,"groups":16,"memo":true,"build_s":[0.000128541, 7.8083e-5, 7.6041e-5, 7.5e-5, 7.325e-5],"join_only_s":[2.7416e-5, 5.459e-6, 5.125e-6, 5.209e-6, 5.166e-6],"fresh_s":[0.000542625, 0.000550584, 0.00052225, 0.00051625, 0.0005215],"warm_s":[2.0458e-5, 8.583e-6, 8.375e-6, 8.375e-6, 8.333e-6],"input_bytes_est":5481,"final_bytes_est":58856,"input_nodes":89,"final_nodes":519,"input_storage":{"layout":"slab","record_bytes":1424,"table_bytes":392,"interner_bytes":2260,"metadata_bytes":808,"cache_bytes":357,"records":89,"tables":49,"logical_words":49,"total_bytes_est":5241},"final_storage":{"layout":"slab","record_bytes":11392,"table_bytes":3136,"interner_bytes":18080,"metadata_bytes":5792,"cache_bytes":8092,"records":519,"tables":360,"logical_words":360,"total_bytes_est":46492},"closure_iterations":46,"checksum":7171072,"verified":true}
EVENT_LAB {"kind":"relations_free_join","candidate":"essential64","product_mode":"views-inputs","bits":18,"worlds":262144,"rows":128,"groups":16,"memo":false,"build_s":[0.001471875, 0.001505667, 0.001491041, 0.001527542, 0.001465333],"join_only_s":[1.7958e-5, 5.25e-6, 5.084e-6, 5.208e-6, 5e-6],"fresh_s":[0.006861916, 0.006746917, 0.006884375, 0.006818833, 0.006888458],"warm_s":[0.0060025, 0.005763208, 0.005915375, 0.005676791, 0.005675042],"input_bytes_est":33258,"final_bytes_est":264440,"input_nodes":552,"final_nodes":2863,"input_storage":{"layout":"slab","record_bytes":8832,"table_bytes":1352,"interner_bytes":17440,"metadata_bytes":4560,"cache_bytes":714,"records":552,"tables":169,"logical_words":169,"total_bytes_est":32898},"final_storage":{"layout":"slab","record_bytes":70656,"table_bytes":10816,"interner_bytes":78592,"metadata_bytes":35472,"cache_bytes":68544,"records":2863,"tables":1333,"logical_words":1333,"total_bytes_est":264080},"closure_iterations":52,"checksum":215255808,"verified":true}
EVENT_LAB {"kind":"relations_free_join","candidate":"essential64","product_mode":"views-inputs","bits":18,"worlds":262144,"rows":128,"groups":16,"memo":true,"build_s":[0.001471875, 0.001505667, 0.001491041, 0.001527542, 0.001465333],"join_only_s":[1.7958e-5, 5.25e-6, 5.084e-6, 5.208e-6, 5e-6],"fresh_s":[0.003829708, 0.003821917, 0.003679459, 0.003890375, 0.003867],"warm_s":[2.0375e-5, 8.959e-6, 8.667e-6, 8.875e-6, 8.584e-6],"input_bytes_est":33258,"final_bytes_est":277012,"input_nodes":552,"final_nodes":2863,"input_storage":{"layout":"slab","record_bytes":8832,"table_bytes":1352,"interner_bytes":17440,"metadata_bytes":4560,"cache_bytes":714,"records":552,"tables":169,"logical_words":169,"total_bytes_est":32898},"final_storage":{"layout":"slab","record_bytes":70656,"table_bytes":10816,"interner_bytes":78592,"metadata_bytes":35472,"cache_bytes":68544,"records":2863,"tables":1333,"logical_words":1333,"total_bytes_est":264080},"closure_iterations":52,"checksum":215255808,"verified":true}
ok

test result: ok. 1 passed; 0 failed; 0 ignored; 0 measured; 1375 filtered out; finished in 2.86s


        2.86 real         2.83 user         0.01 sys
            11157504  maximum resident set size
                   0  average shared memory size
                   0  average unshared data size
                   0  average unshared stack size
                 896  page reclaims
                   0  page faults
                   0  swaps
                   0  block input operations
                   0  block output operations
                   0  messages sent
                   0  messages received
                   0  signals received
                   0  voluntary context switches
                1034  involuntary context switches
         47671088379  instructions retired
          9507612281  cycles elapsed
             8176000  peak memory footprint
