
running 1 test
test event_repr_lab::experiment ... EVENT_LAB {"kind":"product_free_join","candidate":"essential64","product_mode":"views-inputs","bits":12,"worlds":4096,"rows":128,"groups":16,"memo":false,"build_s":[0.000138167, 7.75e-5, 6.9084e-5, 6.7917e-5, 6.65e-5],"join_only_s":[2.625e-5, 5.417e-6, 5.125e-6, 5.208e-6, 5.125e-6],"fresh_s":[0.008676208, 0.008549, 0.00845, 0.008485375, 0.008503667],"warm_s":[0.008244375, 0.008273292, 0.008103291, 0.00818225, 0.008111041],"input_bytes_est":8393,"final_bytes_est":63840,"input_nodes":117,"final_nodes":816,"input_storage":{"layout":"slab","record_bytes":1872,"table_bytes":616,"interner_bytes":4276,"metadata_bytes":1032,"cache_bytes":357,"records":117,"tables":77,"logical_words":77,"total_bytes_est":8153},"final_storage":{"layout":"slab","record_bytes":14976,"table_bytes":4928,"interner_bytes":18976,"metadata_bytes":7584,"cache_bytes":17136,"records":816,"tables":527,"logical_words":527,"total_bytes_est":63600},"checksum":464640,"verified":true}
EVENT_LAB {"kind":"product_free_join","candidate":"essential64","product_mode":"views-inputs","bits":12,"worlds":4096,"rows":128,"groups":16,"memo":true,"build_s":[0.000138167, 7.75e-5, 6.9084e-5, 6.7917e-5, 6.65e-5],"join_only_s":[2.625e-5, 5.417e-6, 5.125e-6, 5.208e-6, 5.125e-6],"fresh_s":[0.001774084, 0.001756959, 0.001805917, 0.001806375, 0.001759208],"warm_s":[7.75e-6, 7.292e-6, 7.209e-6, 7.209e-6, 7.209e-6],"input_bytes_est":8393,"final_bytes_est":70812,"input_nodes":117,"final_nodes":816,"input_storage":{"layout":"slab","record_bytes":1872,"table_bytes":616,"interner_bytes":4276,"metadata_bytes":1032,"cache_bytes":357,"records":117,"tables":77,"logical_words":77,"total_bytes_est":8153},"final_storage":{"layout":"slab","record_bytes":14976,"table_bytes":4928,"interner_bytes":18976,"metadata_bytes":7584,"cache_bytes":17136,"records":816,"tables":527,"logical_words":527,"total_bytes_est":63600},"checksum":464640,"verified":true}
EVENT_LAB {"kind":"product_free_join","candidate":"essential64","product_mode":"views-inputs","bits":18,"worlds":262144,"rows":128,"groups":16,"memo":false,"build_s":[0.001441958, 0.001467458, 0.001559667, 0.001505666, 0.001447167],"join_only_s":[1.7e-5, 5.458e-6, 5.25e-6, 5.25e-6, 5.375e-6],"fresh_s":[0.060938292, 0.061262625, 0.061574041, 0.061924291, 0.061562459],"warm_s":[0.060830208, 0.060212542, 0.060222583, 0.059718958, 0.059381208],"input_bytes_est":35198,"final_bytes_est":551800,"input_nodes":611,"final_nodes":5496,"input_storage":{"layout":"slab","record_bytes":9776,"table_bytes":1640,"interner_bytes":17676,"metadata_bytes":5032,"cache_bytes":714,"records":611,"tables":205,"logical_words":205,"total_bytes_est":34838},"final_storage":{"layout":"slab","record_bytes":156416,"table_bytes":26240,"interner_bytes":160960,"metadata_bytes":78352,"cache_bytes":129472,"records":5496,"tables":1702,"logical_words":1702,"total_bytes_est":551440},"checksum":14852224,"verified":true}
EVENT_LAB {"kind":"product_free_join","candidate":"essential64","product_mode":"views-inputs","bits":18,"worlds":262144,"rows":128,"groups":16,"memo":true,"build_s":[0.001441958, 0.001467458, 0.001559667, 0.001505666, 0.001447167],"join_only_s":[1.7e-5, 5.458e-6, 5.25e-6, 5.25e-6, 5.375e-6],"fresh_s":[0.013124083, 0.012816917, 0.013069583, 0.012778583, 0.012719375],"warm_s":[1.5375e-5, 7.542e-6, 7.542e-6, 7.625e-6, 7.584e-6],"input_bytes_est":35198,"final_bytes_est":558772,"input_nodes":611,"final_nodes":5496,"input_storage":{"layout":"slab","record_bytes":9776,"table_bytes":1640,"interner_bytes":17676,"metadata_bytes":5032,"cache_bytes":714,"records":611,"tables":205,"logical_words":205,"total_bytes_est":34838},"final_storage":{"layout":"slab","record_bytes":156416,"table_bytes":26240,"interner_bytes":160960,"metadata_bytes":78352,"cache_bytes":129472,"records":5496,"tables":1702,"logical_words":1702,"total_bytes_est":551440},"checksum":14852224,"verified":true}
ok

test result: ok. 1 passed; 0 failed; 0 ignored; 0 measured; 1375 filtered out; finished in 1.95s


        1.95 real         1.93 user         0.01 sys
            12730368  maximum resident set size
                   0  average shared memory size
                   0  average unshared data size
                   0  average unshared stack size
                 993  page reclaims
                   0  page faults
                   0  swaps
                   0  block input operations
                   0  block output operations
                   0  messages sent
                   0  messages received
                   0  signals received
                   0  voluntary context switches
                 800  involuntary context switches
         33189825306  instructions retired
          6491701273  cycles elapsed
             9814400  peak memory footprint
