
running 1 test
test event_repr_lab::experiment ... EVENT_LAB {"kind":"product_free_join","candidate":"essential64","product_mode":"views","bits":12,"worlds":4096,"rows":128,"groups":16,"memo":false,"build_s":[0.000136542, 7.75e-5, 6.8625e-5, 6.95e-5, 7.1459e-5],"join_only_s":[3.0291e-5, 5.25e-6, 5.125e-6, 5.083e-6, 5.125e-6],"fresh_s":[0.008361541, 0.008487708, 0.008359958, 0.008340625, 0.008479708],"warm_s":[0.007967375, 0.00792525, 0.007841709, 0.00791525, 0.008012791],"input_bytes_est":8393,"final_bytes_est":107184,"input_nodes":117,"final_nodes":1018,"input_storage":{"layout":"slab","record_bytes":1872,"table_bytes":616,"interner_bytes":4276,"metadata_bytes":1032,"cache_bytes":357,"records":117,"tables":77,"logical_words":77,"total_bytes_est":8153},"final_storage":{"layout":"slab","record_bytes":29952,"table_bytes":4928,"interner_bytes":37952,"metadata_bytes":15072,"cache_bytes":19040,"records":1018,"tables":581,"logical_words":581,"total_bytes_est":106944},"checksum":464640,"verified":true}
EVENT_LAB {"kind":"product_free_join","candidate":"essential64","product_mode":"views","bits":12,"worlds":4096,"rows":128,"groups":16,"memo":true,"build_s":[0.000136542, 7.75e-5, 6.8625e-5, 6.95e-5, 7.1459e-5],"join_only_s":[3.0291e-5, 5.25e-6, 5.125e-6, 5.083e-6, 5.125e-6],"fresh_s":[0.001966708, 0.001901709, 0.001946208, 0.001878125, 0.001908709],"warm_s":[1.2917e-5, 7.417e-6, 7.458e-6, 7.5e-6, 7.417e-6],"input_bytes_est":8393,"final_bytes_est":113260,"input_nodes":117,"final_nodes":1018,"input_storage":{"layout":"slab","record_bytes":1872,"table_bytes":616,"interner_bytes":4276,"metadata_bytes":1032,"cache_bytes":357,"records":117,"tables":77,"logical_words":77,"total_bytes_est":8153},"final_storage":{"layout":"slab","record_bytes":29952,"table_bytes":4928,"interner_bytes":37952,"metadata_bytes":15072,"cache_bytes":19040,"records":1018,"tables":581,"logical_words":581,"total_bytes_est":106944},"checksum":464640,"verified":true}
EVENT_LAB {"kind":"product_free_join","candidate":"essential64","product_mode":"views","bits":18,"worlds":262144,"rows":128,"groups":16,"memo":false,"build_s":[0.001604667, 0.001653541, 0.00155075, 0.001589458, 0.0015545],"join_only_s":[2.1666e-5, 5.416e-6, 5.125e-6, 5.083e-6, 5.083e-6],"fresh_s":[0.115350208, 0.116716167, 0.114582625, 0.115107917, 0.114966166],"warm_s":[0.111806291, 0.110997375, 0.1133075, 0.111328167, 0.114914375],"input_bytes_est":67944,"final_bytes_est":979896,"input_nodes":1058,"final_nodes":9887,"input_storage":{"layout":"slab","record_bytes":16928,"table_bytes":2592,"interner_bytes":34696,"metadata_bytes":8608,"cache_bytes":4760,"records":1058,"tables":324,"logical_words":324,"total_bytes_est":67584},"final_storage":{"layout":"slab","record_bytes":270848,"table_bytes":10368,"interner_bytes":311424,"metadata_bytes":135568,"cache_bytes":251328,"records":9887,"tables":1275,"logical_words":1275,"total_bytes_est":979536},"checksum":14852224,"verified":true}
EVENT_LAB {"kind":"product_free_join","candidate":"essential64","product_mode":"views","bits":18,"worlds":262144,"rows":128,"groups":16,"memo":true,"build_s":[0.001604667, 0.001653541, 0.00155075, 0.001589458, 0.0015545],"join_only_s":[2.1666e-5, 5.416e-6, 5.125e-6, 5.083e-6, 5.083e-6],"fresh_s":[0.024623916, 0.024206042, 0.024408042, 0.024542958, 0.02419],"warm_s":[2.3417e-5, 7.5e-6, 7.292e-6, 7.292e-6, 7.25e-6],"input_bytes_est":67944,"final_bytes_est":985972,"input_nodes":1058,"final_nodes":9887,"input_storage":{"layout":"slab","record_bytes":16928,"table_bytes":2592,"interner_bytes":34696,"metadata_bytes":8608,"cache_bytes":4760,"records":1058,"tables":324,"logical_words":324,"total_bytes_est":67584},"final_storage":{"layout":"slab","record_bytes":270848,"table_bytes":10368,"interner_bytes":311424,"metadata_bytes":135568,"cache_bytes":251328,"records":9887,"tables":1275,"logical_words":1275,"total_bytes_est":979536},"checksum":14852224,"verified":true}
ok

test result: ok. 1 passed; 0 failed; 0 ignored; 0 measured; 1375 filtered out; finished in 2.76s


        2.76 real         2.74 user         0.01 sys
            16236544  maximum resident set size
                   0  average shared memory size
                   0  average unshared data size
                   0  average unshared stack size
                1205  page reclaims
                   0  page faults
                   0  swaps
                   0  block input operations
                   0  block output operations
                   0  messages sent
                   0  messages received
                   0  signals received
                   0  voluntary context switches
                 910  involuntary context switches
         43691802615  instructions retired
          9166453635  cycles elapsed
            13320600  peak memory footprint
