
running 1 test
test event_repr_lab::experiment ... EVENT_LAB {"kind":"product_free_join","candidate":"essential64","product_mode":"views-inputs","bits":12,"worlds":4096,"rows":128,"groups":16,"memo":false,"build_s":[0.00012075, 7.6541e-5, 6.7042e-5, 6.6583e-5, 6.3875e-5],"join_only_s":[2.5666e-5, 5.542e-6, 5e-6, 5.083e-6, 4.916e-6],"fresh_s":[0.005581583, 0.005647959, 0.005539583, 0.00549325, 0.005464125],"warm_s":[0.005280083, 0.00522025, 0.0052835, 0.005445417, 0.005152459],"input_bytes_est":8393,"final_bytes_est":63840,"input_nodes":117,"final_nodes":716,"input_storage":{"layout":"slab","record_bytes":1872,"table_bytes":616,"interner_bytes":4276,"metadata_bytes":1032,"cache_bytes":357,"records":117,"tables":77,"logical_words":77,"total_bytes_est":8153},"final_storage":{"layout":"slab","record_bytes":14976,"table_bytes":4928,"interner_bytes":18976,"metadata_bytes":7584,"cache_bytes":17136,"records":716,"tables":427,"logical_words":427,"total_bytes_est":63600},"checksum":464640,"verified":true}
EVENT_LAB {"kind":"product_free_join","candidate":"essential64","product_mode":"views-inputs","bits":12,"worlds":4096,"rows":128,"groups":16,"memo":true,"build_s":[0.00012075, 7.6541e-5, 6.7042e-5, 6.6583e-5, 6.3875e-5],"join_only_s":[2.5666e-5, 5.542e-6, 5e-6, 5.083e-6, 4.916e-6],"fresh_s":[0.001217958, 0.0012685, 0.001232416, 0.001246458, 0.001263792],"warm_s":[9.084e-6, 7.333e-6, 7.292e-6, 7.25e-6, 7.209e-6],"input_bytes_est":8393,"final_bytes_est":70812,"input_nodes":117,"final_nodes":716,"input_storage":{"layout":"slab","record_bytes":1872,"table_bytes":616,"interner_bytes":4276,"metadata_bytes":1032,"cache_bytes":357,"records":117,"tables":77,"logical_words":77,"total_bytes_est":8153},"final_storage":{"layout":"slab","record_bytes":14976,"table_bytes":4928,"interner_bytes":18976,"metadata_bytes":7584,"cache_bytes":17136,"records":716,"tables":427,"logical_words":427,"total_bytes_est":63600},"checksum":464640,"verified":true}
EVENT_LAB {"kind":"product_free_join","candidate":"essential64","product_mode":"views-inputs","bits":18,"worlds":262144,"rows":128,"groups":16,"memo":false,"build_s":[0.001656667, 0.001553125, 0.001530208, 0.001565584, 0.001539],"join_only_s":[1.675e-5, 5.291e-6, 5.083e-6, 5.083e-6, 5.042e-6],"fresh_s":[0.016826333, 0.01731725, 0.016962916, 0.017018375, 0.017298667],"warm_s":[0.015220792, 0.015569167, 0.015127792, 0.016533333, 0.0150065],"input_bytes_est":67944,"final_bytes_est":495384,"input_nodes":1058,"final_nodes":6468,"input_storage":{"layout":"slab","record_bytes":16928,"table_bytes":2592,"interner_bytes":34696,"metadata_bytes":8608,"cache_bytes":4760,"records":1058,"tables":324,"logical_words":324,"total_bytes_est":67584},"final_storage":{"layout":"slab","record_bytes":135424,"table_bytes":10368,"interner_bytes":155712,"metadata_bytes":67856,"cache_bytes":125664,"records":6468,"tables":1159,"logical_words":1159,"total_bytes_est":495024},"checksum":14852224,"verified":true}
EVENT_LAB {"kind":"product_free_join","candidate":"essential64","product_mode":"views-inputs","bits":18,"worlds":262144,"rows":128,"groups":16,"memo":true,"build_s":[0.001656667, 0.001553125, 0.001530208, 0.001565584, 0.001539],"join_only_s":[1.675e-5, 5.291e-6, 5.083e-6, 5.083e-6, 5.042e-6],"fresh_s":[0.004910833, 0.005020792, 0.00506175, 0.004857166, 0.004705792],"warm_s":[1.9708e-5, 7.792e-6, 7.583e-6, 7.417e-6, 7.334e-6],"input_bytes_est":67944,"final_bytes_est":502356,"input_nodes":1058,"final_nodes":6468,"input_storage":{"layout":"slab","record_bytes":16928,"table_bytes":2592,"interner_bytes":34696,"metadata_bytes":8608,"cache_bytes":4760,"records":1058,"tables":324,"logical_words":324,"total_bytes_est":67584},"final_storage":{"layout":"slab","record_bytes":135424,"table_bytes":10368,"interner_bytes":155712,"metadata_bytes":67856,"cache_bytes":125664,"records":6468,"tables":1159,"logical_words":1159,"total_bytes_est":495024},"checksum":14852224,"verified":true}
ok

test result: ok. 1 passed; 0 failed; 0 ignored; 0 measured; 1375 filtered out; finished in 1.67s


        1.67 real         1.65 user         0.00 sys
            13582336  maximum resident set size
                   0  average shared memory size
                   0  average unshared data size
                   0  average unshared stack size
                1045  page reclaims
                   0  page faults
                   0  swaps
                   0  block input operations
                   0  block output operations
                   0  messages sent
                   0  messages received
                   0  signals received
                   0  voluntary context switches
                 580  involuntary context switches
         24569314643  instructions retired
          5483325001  cycles elapsed
            10682776  peak memory footprint
