
running 1 test
test event_repr_lab::experiment ... EVENT_LAB {"kind":"relations_free_join","candidate":"essential512","product_mode":"views","bits":12,"worlds":4096,"rows":128,"groups":16,"memo":false,"build_s":[9.6208e-5, 5.8375e-5, 5.8209e-5, 4.9792e-5, 5.3167e-5],"join_only_s":[2.8334e-5, 5.458e-6, 5.208e-6, 5.167e-6, 5.166e-6],"fresh_s":[0.000844792, 0.000797084, 0.000723292, 0.00110975, 0.000719],"warm_s":[0.000614708, 0.000638333, 0.000669541, 0.000635958, 0.00063825],"input_bytes_est":5631,"final_bytes_est":34272,"input_nodes":40,"final_nodes":189,"input_storage":{"layout":"enum","record_bytes":1280,"table_bytes":1280,"interner_bytes":2296,"metadata_bytes":416,"cache_bytes":119,"records":40,"tables":39,"logical_words":80,"total_bytes_est":5391},"final_storage":{"layout":"enum","record_bytes":10240,"table_bytes":8144,"interner_bytes":9184,"metadata_bytes":2656,"cache_bytes":3808,"records":189,"tables":188,"logical_words":509,"total_bytes_est":34032},"closure_iterations":46,"checksum":7171072,"verified":true}
EVENT_LAB {"kind":"relations_free_join","candidate":"essential512","product_mode":"views","bits":12,"worlds":4096,"rows":128,"groups":16,"memo":true,"build_s":[9.6208e-5, 5.8375e-5, 5.8209e-5, 4.9792e-5, 5.3167e-5],"join_only_s":[2.8334e-5, 5.458e-6, 5.208e-6, 5.167e-6, 5.166e-6],"fresh_s":[0.000435459, 0.000429625, 0.000440542, 0.000438042, 0.000440042],"warm_s":[1.8292e-5, 8.625e-6, 8.458e-6, 8.375e-6, 8.292e-6],"input_bytes_est":5631,"final_bytes_est":46044,"input_nodes":40,"final_nodes":189,"input_storage":{"layout":"enum","record_bytes":1280,"table_bytes":1280,"interner_bytes":2296,"metadata_bytes":416,"cache_bytes":119,"records":40,"tables":39,"logical_words":80,"total_bytes_est":5391},"final_storage":{"layout":"enum","record_bytes":10240,"table_bytes":8144,"interner_bytes":9184,"metadata_bytes":2656,"cache_bytes":3808,"records":189,"tables":188,"logical_words":509,"total_bytes_est":34032},"closure_iterations":46,"checksum":7171072,"verified":true}
EVENT_LAB {"kind":"relations_free_join","candidate":"essential512","product_mode":"views","bits":18,"worlds":262144,"rows":128,"groups":16,"memo":false,"build_s":[0.001342959, 0.001286334, 0.001238125, 0.001250208, 0.0012915],"join_only_s":[1.8e-5, 5.541e-6, 5.208e-6, 5.167e-6, 5.167e-6],"fresh_s":[0.016352292, 0.016906583, 0.040467, 0.0162395, 0.016108042],"warm_s":[0.015088166, 0.014992375, 0.014830625, 0.01500075, 0.015149292],"input_bytes_est":28891,"final_bytes_est":235128,"input_nodes":206,"final_nodes":1496,"input_storage":{"layout":"enum","record_bytes":6592,"table_bytes":10368,"interner_bytes":9184,"metadata_bytes":1792,"cache_bytes":595,"records":206,"tables":106,"logical_words":648,"total_bytes_est":28531},"final_storage":{"layout":"enum","record_bytes":52736,"table_bytes":62864,"interner_bytes":73472,"metadata_bytes":13328,"cache_bytes":32368,"records":1496,"tables":1065,"logical_words":3929,"total_bytes_est":234768},"closure_iterations":52,"checksum":215255808,"verified":true}
EVENT_LAB {"kind":"relations_free_join","candidate":"essential512","product_mode":"views","bits":18,"worlds":262144,"rows":128,"groups":16,"memo":true,"build_s":[0.001342959, 0.001286334, 0.001238125, 0.001250208, 0.0012915],"join_only_s":[1.8e-5, 5.541e-6, 5.208e-6, 5.167e-6, 5.167e-6],"fresh_s":[0.008430042, 0.008392667, 0.008474417, 0.008437541, 0.008314125],"warm_s":[2.1667e-5, 8.833e-6, 8.542e-6, 8.584e-6, 8.625e-6],"input_bytes_est":28891,"final_bytes_est":246900,"input_nodes":206,"final_nodes":1496,"input_storage":{"layout":"enum","record_bytes":6592,"table_bytes":10368,"interner_bytes":9184,"metadata_bytes":1792,"cache_bytes":595,"records":206,"tables":106,"logical_words":648,"total_bytes_est":28531},"final_storage":{"layout":"enum","record_bytes":52736,"table_bytes":62864,"interner_bytes":73472,"metadata_bytes":13328,"cache_bytes":32368,"records":1496,"tables":1065,"logical_words":3929,"total_bytes_est":234768},"closure_iterations":52,"checksum":215255808,"verified":true}
ok

test result: ok. 1 passed; 0 failed; 0 ignored; 0 measured; 1375 filtered out; finished in 2.54s


        2.54 real         2.38 user         0.01 sys
            11206656  maximum resident set size
                   0  average shared memory size
                   0  average unshared data size
                   0  average unshared stack size
                 900  page reclaims
                   0  page faults
                   0  swaps
                   0  block input operations
                   0  block output operations
                   0  messages sent
                   0  messages received
                   0  signals received
                   0  voluntary context switches
                1088  involuntary context switches
         44276882389  instructions retired
          7911626997  cycles elapsed
             8257944  peak memory footprint
