
running 1 test
test event_repr_lab::experiment ... EVENT_LAB {"kind":"product_free_join","candidate":"essential64","product_mode":"views","bits":12,"worlds":4096,"rows":128,"groups":16,"memo":false,"build_s":[0.000128291, 7.5958e-5, 6.9292e-5, 6.8458e-5, 6.6e-5],"join_only_s":[2.775e-5, 5.542e-6, 5.208e-6, 5.167e-6, 5.209e-6],"fresh_s":[0.013130333, 0.012007, 0.014151458, 0.01370525, 0.008768791],"warm_s":[0.009480708, 0.00788, 0.009419416, 0.008010542, 0.008969583],"input_bytes_est":8393,"final_bytes_est":107184,"input_nodes":117,"final_nodes":1018,"input_storage":{"layout":"slab","record_bytes":1872,"table_bytes":616,"interner_bytes":4276,"metadata_bytes":1032,"cache_bytes":357,"records":117,"tables":77,"logical_words":77,"total_bytes_est":8153},"final_storage":{"layout":"slab","record_bytes":29952,"table_bytes":4928,"interner_bytes":37952,"metadata_bytes":15072,"cache_bytes":19040,"records":1018,"tables":581,"logical_words":581,"total_bytes_est":106944},"checksum":464640,"verified":true}
EVENT_LAB {"kind":"product_free_join","candidate":"essential64","product_mode":"views","bits":12,"worlds":4096,"rows":128,"groups":16,"memo":true,"build_s":[0.000128291, 7.5958e-5, 6.9292e-5, 6.8458e-5, 6.6e-5],"join_only_s":[2.775e-5, 5.542e-6, 5.208e-6, 5.167e-6, 5.209e-6],"fresh_s":[0.002689375, 0.001959792, 0.001981334, 0.002006958, 0.001935667],"warm_s":[7.916e-6, 7.375e-6, 7.584e-6, 7.417e-6, 7.458e-6],"input_bytes_est":8393,"final_bytes_est":113260,"input_nodes":117,"final_nodes":1018,"input_storage":{"layout":"slab","record_bytes":1872,"table_bytes":616,"interner_bytes":4276,"metadata_bytes":1032,"cache_bytes":357,"records":117,"tables":77,"logical_words":77,"total_bytes_est":8153},"final_storage":{"layout":"slab","record_bytes":29952,"table_bytes":4928,"interner_bytes":37952,"metadata_bytes":15072,"cache_bytes":19040,"records":1018,"tables":581,"logical_words":581,"total_bytes_est":106944},"checksum":464640,"verified":true}
EVENT_LAB {"kind":"product_free_join","candidate":"essential64","product_mode":"views","bits":18,"worlds":262144,"rows":128,"groups":16,"memo":false,"build_s":[0.001638833, 0.001587542, 0.001929625, 0.00162825, 0.0016415],"join_only_s":[1.8375e-5, 5.833e-6, 5.666e-6, 5.709e-6, 5.417e-6],"fresh_s":[0.109697625, 0.112700459, 0.201225458, 0.099804292, 0.097368959],"warm_s":[0.095428125, 0.163986125, 0.141340542, 0.177870125, 0.100651166],"input_bytes_est":67944,"final_bytes_est":979896,"input_nodes":1058,"final_nodes":9887,"input_storage":{"layout":"slab","record_bytes":16928,"table_bytes":2592,"interner_bytes":34696,"metadata_bytes":8608,"cache_bytes":4760,"records":1058,"tables":324,"logical_words":324,"total_bytes_est":67584},"final_storage":{"layout":"slab","record_bytes":270848,"table_bytes":10368,"interner_bytes":311424,"metadata_bytes":135568,"cache_bytes":251328,"records":9887,"tables":1275,"logical_words":1275,"total_bytes_est":979536},"checksum":14852224,"verified":true}
EVENT_LAB {"kind":"product_free_join","candidate":"essential64","product_mode":"views","bits":18,"worlds":262144,"rows":128,"groups":16,"memo":true,"build_s":[0.001638833, 0.001587542, 0.001929625, 0.00162825, 0.0016415],"join_only_s":[1.8375e-5, 5.833e-6, 5.666e-6, 5.709e-6, 5.417e-6],"fresh_s":[0.020847708, 0.020836708, 0.021213167, 0.021088583, 0.020803333],"warm_s":[1.8833e-5, 7.583e-6, 7.625e-6, 7.5e-6, 7.458e-6],"input_bytes_est":67944,"final_bytes_est":985972,"input_nodes":1058,"final_nodes":9887,"input_storage":{"layout":"slab","record_bytes":16928,"table_bytes":2592,"interner_bytes":34696,"metadata_bytes":8608,"cache_bytes":4760,"records":1058,"tables":324,"logical_words":324,"total_bytes_est":67584},"final_storage":{"layout":"slab","record_bytes":270848,"table_bytes":10368,"interner_bytes":311424,"metadata_bytes":135568,"cache_bytes":251328,"records":9887,"tables":1275,"logical_words":1275,"total_bytes_est":979536},"checksum":14852224,"verified":true}
ok

test result: ok. 1 passed; 0 failed; 0 ignored; 0 measured; 1375 filtered out; finished in 3.24s


        3.24 real         2.70 user         0.01 sys
            17252352  maximum resident set size
                   0  average shared memory size
                   0  average unshared data size
                   0  average unshared stack size
                1267  page reclaims
                   0  page faults
                   0  swaps
                   0  block input operations
                   0  block output operations
                   0  messages sent
                   0  messages received
                   0  signals received
                   0  voluntary context switches
                1907  involuntary context switches
         40154795277  instructions retired
          8713458865  cycles elapsed
            14352792  peak memory footprint
