
running 1 test
test event_repr_lab::experiment ... EVENT_LAB {"kind":"product_free_join","candidate":"essential512","product_mode":"views-inputs","bits":12,"worlds":4096,"rows":128,"groups":16,"memo":false,"build_s":[0.000109625, 5.85e-5, 5.0959e-5, 5.175e-5, 5.1917e-5],"join_only_s":[3.0041e-5, 5.375e-6, 5.209e-6, 5.125e-6, 5.083e-6],"fresh_s":[0.002061417, 0.002038458, 0.001993041, 0.002072459, 0.002045333],"warm_s":[0.001979416, 0.001922791, 0.001941083, 0.001975333, 0.001951458],"input_bytes_est":5631,"final_bytes_est":42016,"input_nodes":40,"final_nodes":230,"input_storage":{"layout":"enum","record_bytes":1280,"table_bytes":1280,"interner_bytes":2296,"metadata_bytes":416,"cache_bytes":119,"records":40,"tables":39,"logical_words":80,"total_bytes_est":5391},"final_storage":{"layout":"enum","record_bytes":10240,"table_bytes":8608,"interner_bytes":18368,"metadata_bytes":2656,"cache_bytes":1904,"records":230,"tables":229,"logical_words":538,"total_bytes_est":41776},"checksum":464640,"verified":true}
EVENT_LAB {"kind":"product_free_join","candidate":"essential512","product_mode":"views-inputs","bits":12,"worlds":4096,"rows":128,"groups":16,"memo":true,"build_s":[0.000109625, 5.85e-5, 5.0959e-5, 5.175e-5, 5.1917e-5],"join_only_s":[3.0041e-5, 5.375e-6, 5.209e-6, 5.125e-6, 5.083e-6],"fresh_s":[0.0004515, 0.000435791, 0.000438958, 0.000439, 0.000432959],"warm_s":[7.5e-6, 7.333e-6, 7.291e-6, 7.333e-6, 7.375e-6],"input_bytes_est":5631,"final_bytes_est":48988,"input_nodes":40,"final_nodes":230,"input_storage":{"layout":"enum","record_bytes":1280,"table_bytes":1280,"interner_bytes":2296,"metadata_bytes":416,"cache_bytes":119,"records":40,"tables":39,"logical_words":80,"total_bytes_est":5391},"final_storage":{"layout":"enum","record_bytes":10240,"table_bytes":8608,"interner_bytes":18368,"metadata_bytes":2656,"cache_bytes":1904,"records":230,"tables":229,"logical_words":538,"total_bytes_est":41776},"checksum":464640,"verified":true}
EVENT_LAB {"kind":"product_free_join","candidate":"essential512","product_mode":"views-inputs","bits":18,"worlds":262144,"rows":128,"groups":16,"memo":false,"build_s":[0.001314708, 0.001264709, 0.001272833, 0.00123675, 0.001210209],"join_only_s":[1.7625e-5, 5.291e-6, 5.042e-6, 5.084e-6, 5.042e-6],"fresh_s":[0.065303916, 0.06516375, 0.065073958, 0.065515375, 0.064801125],"warm_s":[0.064570916, 0.064509458, 0.064667792, 0.064788292, 0.064142667],"input_bytes_est":28091,"final_bytes_est":400200,"input_nodes":186,"final_nodes":2342,"input_storage":{"layout":"enum","record_bytes":5952,"table_bytes":10368,"interner_bytes":9184,"metadata_bytes":1632,"cache_bytes":595,"records":186,"tables":106,"logical_words":648,"total_bytes_est":27731},"final_storage":{"layout":"enum","record_bytes":95232,"table_bytes":101344,"interner_bytes":146944,"metadata_bytes":23952,"cache_bytes":32368,"records":2342,"tables":1447,"logical_words":6334,"total_bytes_est":399840},"checksum":14852224,"verified":true}
EVENT_LAB {"kind":"product_free_join","candidate":"essential512","product_mode":"views-inputs","bits":18,"worlds":262144,"rows":128,"groups":16,"memo":true,"build_s":[0.001314708, 0.001264709, 0.001272833, 0.00123675, 0.001210209],"join_only_s":[1.7625e-5, 5.291e-6, 5.042e-6, 5.084e-6, 5.042e-6],"fresh_s":[0.012972292, 0.012937583, 0.013377625, 0.013026875, 0.012944042],"warm_s":[1.7042e-5, 7.417e-6, 7.375e-6, 7.333e-6, 7.291e-6],"input_bytes_est":28091,"final_bytes_est":407172,"input_nodes":186,"final_nodes":2342,"input_storage":{"layout":"enum","record_bytes":5952,"table_bytes":10368,"interner_bytes":9184,"metadata_bytes":1632,"cache_bytes":595,"records":186,"tables":106,"logical_words":648,"total_bytes_est":27731},"final_storage":{"layout":"enum","record_bytes":95232,"table_bytes":101344,"interner_bytes":146944,"metadata_bytes":23952,"cache_bytes":32368,"records":2342,"tables":1447,"logical_words":6334,"total_bytes_est":399840},"checksum":14852224,"verified":true}
ok

test result: ok. 1 passed; 0 failed; 0 ignored; 0 measured; 1375 filtered out; finished in 1.59s


        1.59 real         1.57 user         0.01 sys
            12140544  maximum resident set size
                   0  average shared memory size
                   0  average unshared data size
                   0  average unshared stack size
                 957  page reclaims
                   0  page faults
                   0  swaps
                   0  block input operations
                   0  block output operations
                   0  messages sent
                   0  messages received
                   0  signals received
                   0  voluntary context switches
                 615  involuntary context switches
         29330711968  instructions retired
          5285037158  cycles elapsed
             9191832  peak memory footprint
