
running 1 test
test event_repr_lab::experiment ... EVENT_LAB {"kind":"product_free_join","candidate":"packed512","product_mode":"materialized","bits":12,"worlds":4096,"rows":128,"groups":16,"memo":false,"build_s":[0.0005545, 0.000522875, 0.000529833, 0.000523625, 0.00051825],"join_only_s":[2.675e-5, 5.333e-6, 5.083e-6, 5.042e-6, 4.916e-6],"fresh_s":[0.001460875, 0.001438416, 0.001418, 0.001555166, 0.001501625],"warm_s":[0.001550375, 0.001474959, 0.00152125, 0.00148375, 0.001498625],"input_bytes_est":12852,"final_bytes_est":63556,"input_nodes":108,"final_nodes":548,"input_storage":null,"final_storage":null,"checksum":464640,"verified":true}
EVENT_LAB {"kind":"product_free_join","candidate":"packed512","product_mode":"materialized","bits":12,"worlds":4096,"rows":128,"groups":16,"memo":true,"build_s":[0.0005545, 0.000522875, 0.000529833, 0.000523625, 0.00051825],"join_only_s":[2.675e-5, 5.333e-6, 5.083e-6, 5.042e-6, 4.916e-6],"fresh_s":[0.000239584, 0.000228041, 0.000237167, 0.000217959, 0.000223875],"warm_s":[1.1167e-5, 1.0625e-5, 1.0625e-5, 1.05e-5, 1.0542e-5],"input_bytes_est":12852,"final_bytes_est":70948,"input_nodes":108,"final_nodes":548,"input_storage":null,"final_storage":null,"checksum":464640,"verified":true}
EVENT_LAB {"kind":"product_free_join","candidate":"packed512","product_mode":"materialized","bits":18,"worlds":262144,"rows":128,"groups":16,"memo":false,"build_s":[0.029409125, 0.029263166, 0.029373625, 0.029235167, 0.029348],"join_only_s":[1.8916e-5, 5.333e-6, 5.083e-6, 5.042e-6, 5e-6],"fresh_s":[0.003463208, 0.003365708, 0.003419417, 0.003347458, 0.003264625],"warm_s":[0.003094167, 0.003059208, 0.002865584, 0.002970709, 0.003050208],"input_bytes_est":65300,"final_bytes_est":676820,"input_nodes":642,"final_nodes":5073,"input_storage":null,"final_storage":null,"checksum":14852224,"verified":true}
EVENT_LAB {"kind":"product_free_join","candidate":"packed512","product_mode":"materialized","bits":18,"worlds":262144,"rows":128,"groups":16,"memo":true,"build_s":[0.029409125, 0.029263166, 0.029373625, 0.029235167, 0.029348],"join_only_s":[1.8916e-5, 5.333e-6, 5.083e-6, 5.042e-6, 5e-6],"fresh_s":[0.000725375, 0.000741167, 0.000733709, 0.000763417, 0.000724667],"warm_s":[4.2208e-5, 2.45e-5, 2.4375e-5, 2.4e-5, 2.8916e-5],"input_bytes_est":65300,"final_bytes_est":684212,"input_nodes":642,"final_nodes":5073,"input_storage":null,"final_storage":null,"checksum":14852224,"verified":true}
ok

test result: ok. 1 passed; 0 failed; 0 ignored; 0 measured; 1375 filtered out; finished in 1.00s


        1.00 real         0.98 user         0.00 sys
            13402112  maximum resident set size
                   0  average shared memory size
                   0  average unshared data size
                   0  average unshared stack size
                1032  page reclaims
                   0  page faults
                   0  swaps
                   0  block input operations
                   0  block output operations
                   0  messages sent
                   0  messages received
                   0  signals received
                   0  voluntary context switches
                 327  involuntary context switches
         16829768807  instructions retired
          3320552991  cycles elapsed
            10649984  peak memory footprint
