
running 1 test
test event_repr_lab::experiment ... EVENT_LAB {"kind":"relations_free_join","candidate":"essential64","product_mode":"views","bits":12,"worlds":4096,"rows":128,"groups":16,"memo":false,"build_s":[0.000126458, 8.1375e-5, 7.4125e-5, 7.15e-5, 7.2666e-5],"join_only_s":[2.7625e-5, 5.334e-6, 5.125e-6, 5.042e-6, 5.041e-6],"fresh_s":[0.000956167, 0.001007667, 0.000979541, 0.000892666, 0.00091575],"warm_s":[0.000758916, 0.000745875, 0.000737375, 0.000738792, 0.000737333],"input_bytes_est":9629,"final_bytes_est":79468,"input_nodes":89,"final_nodes":495,"input_storage":{"layout":"enum","record_bytes":2848,"table_bytes":784,"interner_bytes":4592,"metadata_bytes":808,"cache_bytes":357,"records":89,"tables":49,"logical_words":49,"total_bytes_est":9389},"final_storage":{"layout":"enum","record_bytes":22784,"table_bytes":5824,"interner_bytes":36736,"metadata_bytes":5792,"cache_bytes":8092,"records":495,"tables":364,"logical_words":364,"total_bytes_est":79228},"closure_iterations":46,"checksum":7171072,"verified":true}
EVENT_LAB {"kind":"relations_free_join","candidate":"essential64","product_mode":"views","bits":12,"worlds":4096,"rows":128,"groups":16,"memo":true,"build_s":[0.000126458, 8.1375e-5, 7.4125e-5, 7.15e-5, 7.2666e-5],"join_only_s":[2.7625e-5, 5.334e-6, 5.125e-6, 5.042e-6, 5.041e-6],"fresh_s":[0.000532167, 0.000543459, 0.000518292, 0.000508625, 0.000510834],"warm_s":[1.0916e-5, 8.542e-6, 8.333e-6, 8.25e-6, 8.5e-6],"input_bytes_est":9629,"final_bytes_est":91240,"input_nodes":89,"final_nodes":495,"input_storage":{"layout":"enum","record_bytes":2848,"table_bytes":784,"interner_bytes":4592,"metadata_bytes":808,"cache_bytes":357,"records":89,"tables":49,"logical_words":49,"total_bytes_est":9389},"final_storage":{"layout":"enum","record_bytes":22784,"table_bytes":5824,"interner_bytes":36736,"metadata_bytes":5792,"cache_bytes":8092,"records":495,"tables":364,"logical_words":364,"total_bytes_est":79228},"closure_iterations":46,"checksum":7171072,"verified":true}
EVENT_LAB {"kind":"relations_free_join","candidate":"essential64","product_mode":"views","bits":18,"worlds":262144,"rows":128,"groups":16,"memo":false,"build_s":[0.001596042, 0.001455292, 0.001429042, 0.001422875, 0.001530958],"join_only_s":[1.925e-5, 5.5e-6, 5.333e-6, 5.208e-6, 5.291e-6],"fresh_s":[0.007313583, 0.007889958, 0.007334833, 0.007242042, 0.007384417],"warm_s":[0.006484917, 0.006398125, 0.006411083, 0.006348209, 0.006382917],"input_bytes_est":62738,"final_bytes_est":415112,"input_nodes":552,"final_nodes":2640,"input_storage":{"layout":"enum","record_bytes":17664,"table_bytes":2704,"interner_bytes":36736,"metadata_bytes":4560,"cache_bytes":714,"records":552,"tables":169,"logical_words":169,"total_bytes_est":62378},"final_storage":{"layout":"enum","record_bytes":141312,"table_bytes":22480,"interner_bytes":146944,"metadata_bytes":35472,"cache_bytes":68544,"records":2640,"tables":1405,"logical_words":1405,"total_bytes_est":414752},"closure_iterations":52,"checksum":215255808,"verified":true}
EVENT_LAB {"kind":"relations_free_join","candidate":"essential64","product_mode":"views","bits":18,"worlds":262144,"rows":128,"groups":16,"memo":true,"build_s":[0.001596042, 0.001455292, 0.001429042, 0.001422875, 0.001530958],"join_only_s":[1.925e-5, 5.5e-6, 5.333e-6, 5.208e-6, 5.291e-6],"fresh_s":[0.004281541, 0.004138709, 0.003950666, 0.004074291, 0.004007666],"warm_s":[2.1625e-5, 9.167e-6, 8.917e-6, 8.708e-6, 8.916e-6],"input_bytes_est":62738,"final_bytes_est":426884,"input_nodes":552,"final_nodes":2640,"input_storage":{"layout":"enum","record_bytes":17664,"table_bytes":2704,"interner_bytes":36736,"metadata_bytes":4560,"cache_bytes":714,"records":552,"tables":169,"logical_words":169,"total_bytes_est":62378},"final_storage":{"layout":"enum","record_bytes":141312,"table_bytes":22480,"interner_bytes":146944,"metadata_bytes":35472,"cache_bytes":68544,"records":2640,"tables":1405,"logical_words":1405,"total_bytes_est":414752},"closure_iterations":52,"checksum":215255808,"verified":true}
ok

test result: ok. 1 passed; 0 failed; 0 ignored; 0 measured; 1375 filtered out; finished in 2.71s


        2.71 real         2.68 user         0.01 sys
            12025856  maximum resident set size
                   0  average shared memory size
                   0  average unshared data size
                   0  average unshared stack size
                 949  page reclaims
                   0  page faults
                   0  swaps
                   0  block input operations
                   0  block output operations
                   0  messages sent
                   0  messages received
                   0  signals received
                   0  voluntary context switches
                1184  involuntary context switches
         45838590183  instructions retired
          8880934548  cycles elapsed
             9060760  peak memory footprint
