
running 1 test
test event_repr_lab::experiment ... EVENT_LAB {"kind":"product_free_join","candidate":"essential512","product_mode":"materialized","bits":12,"worlds":4096,"rows":128,"groups":16,"memo":false,"build_s":[0.000106916, 9.7209e-5, 5.2375e-5, 5.2e-5, 5.0875e-5],"join_only_s":[3.2625e-5, 5.333e-6, 5.125e-6, 5e-6, 4.959e-6],"fresh_s":[0.000815291, 0.000757167, 0.000745334, 0.000745792, 0.000776583],"warm_s":[0.000600375, 0.000667375, 0.000620166, 0.0006015, 0.000613916],"input_bytes_est":5631,"final_bytes_est":64880,"input_nodes":40,"final_nodes":329,"input_storage":{"layout":"enum","record_bytes":1280,"table_bytes":1280,"interner_bytes":2296,"metadata_bytes":416,"cache_bytes":119,"records":40,"tables":39,"logical_words":80,"total_bytes_est":5391},"final_storage":{"layout":"enum","record_bytes":20480,"table_bytes":14864,"interner_bytes":18368,"metadata_bytes":5216,"cache_bytes":5712,"records":329,"tables":328,"logical_words":929,"total_bytes_est":64640},"checksum":464640,"verified":true}
EVENT_LAB {"kind":"product_free_join","candidate":"essential512","product_mode":"materialized","bits":12,"worlds":4096,"rows":128,"groups":16,"memo":true,"build_s":[0.000106916, 9.7209e-5, 5.2375e-5, 5.2e-5, 5.0875e-5],"join_only_s":[3.2625e-5, 5.333e-6, 5.125e-6, 5e-6, 4.959e-6],"fresh_s":[0.0002895, 0.000292208, 0.000373042, 0.000280416, 0.000341417],"warm_s":[1.4291e-5, 8.708e-6, 8.916e-6, 8.833e-6, 8.708e-6],"input_bytes_est":5631,"final_bytes_est":72272,"input_nodes":40,"final_nodes":329,"input_storage":{"layout":"enum","record_bytes":1280,"table_bytes":1280,"interner_bytes":2296,"metadata_bytes":416,"cache_bytes":119,"records":40,"tables":39,"logical_words":80,"total_bytes_est":5391},"final_storage":{"layout":"enum","record_bytes":20480,"table_bytes":14864,"interner_bytes":18368,"metadata_bytes":5216,"cache_bytes":5712,"records":329,"tables":328,"logical_words":929,"total_bytes_est":64640},"checksum":464640,"verified":true}
EVENT_LAB {"kind":"product_free_join","candidate":"essential512","product_mode":"materialized","bits":18,"worlds":262144,"rows":128,"groups":16,"memo":false,"build_s":[0.001373167, 0.001262958, 0.001297959, 0.001243667, 0.001260041],"join_only_s":[1.7791e-5, 5.834e-6, 5.584e-6, 2.9625e-5, 6.875e-6],"fresh_s":[0.007509417, 0.00795525, 0.007537166, 0.007314333, 0.00741675],"warm_s":[0.006026875, 0.005865667, 0.005659, 0.005737792, 0.005915125],"input_bytes_est":28091,"final_bytes_est":583944,"input_nodes":186,"final_nodes":3112,"input_storage":{"layout":"enum","record_bytes":5952,"table_bytes":10368,"interner_bytes":9184,"metadata_bytes":1632,"cache_bytes":595,"records":186,"tables":106,"logical_words":648,"total_bytes_est":27731},"final_storage":{"layout":"enum","record_bytes":190464,"table_bytes":152720,"interner_bytes":146944,"metadata_bytes":47760,"cache_bytes":45696,"records":3112,"tables":2112,"logical_words":9545,"total_bytes_est":583584},"checksum":14852224,"verified":true}
EVENT_LAB {"kind":"product_free_join","candidate":"essential512","product_mode":"materialized","bits":18,"worlds":262144,"rows":128,"groups":16,"memo":true,"build_s":[0.001373167, 0.001262958, 0.001297959, 0.001243667, 0.001260041],"join_only_s":[1.7791e-5, 5.834e-6, 5.584e-6, 2.9625e-5, 6.875e-6],"fresh_s":[0.002631417, 0.002616209, 0.00263275, 0.002691917, 0.002548333],"warm_s":[1.9042e-5, 8.875e-6, 8.584e-6, 8.583e-6, 8.458e-6],"input_bytes_est":28091,"final_bytes_est":591336,"input_nodes":186,"final_nodes":3112,"input_storage":{"layout":"enum","record_bytes":5952,"table_bytes":10368,"interner_bytes":9184,"metadata_bytes":1632,"cache_bytes":595,"records":186,"tables":106,"logical_words":648,"total_bytes_est":27731},"final_storage":{"layout":"enum","record_bytes":190464,"table_bytes":152720,"interner_bytes":146944,"metadata_bytes":47760,"cache_bytes":45696,"records":3112,"tables":2112,"logical_words":9545,"total_bytes_est":583584},"checksum":14852224,"verified":true}
ok

test result: ok. 1 passed; 0 failed; 0 ignored; 0 measured; 1375 filtered out; finished in 0.95s


        0.95 real         0.94 user         0.00 sys
            12943360  maximum resident set size
                   0  average shared memory size
                   0  average unshared data size
                   0  average unshared stack size
                1004  page reclaims
                   0  page faults
                   0  swaps
                   0  block input operations
                   0  block output operations
                   0  messages sent
                   0  messages received
                   0  signals received
                   0  voluntary context switches
                 347  involuntary context switches
         16009647695  instructions retired
          3127805698  cycles elapsed
            10060160  peak memory footprint
