
running 1 test
test event_repr_lab::experiment ... EVENT_LAB {"kind":"relations_free_join","candidate":"essential64","product_mode":"materialized","bits":12,"worlds":4096,"rows":128,"groups":16,"memo":false,"build_s":[0.000119667, 7.5833e-5, 6.7166e-5, 6.7541e-5, 7.0917e-5],"join_only_s":[2.9584e-5, 5.583e-6, 5.167e-6, 5.167e-6, 5.166e-6],"fresh_s":[0.001477917, 0.001362708, 0.001405375, 0.001333416, 0.001361834],"warm_s":[0.000716625, 0.000747083, 0.000694292, 0.000681667, 0.000681458],"input_bytes_est":8393,"final_bytes_est":138768,"input_nodes":117,"final_nodes":1392,"input_storage":{"layout":"slab","record_bytes":1872,"table_bytes":616,"interner_bytes":4276,"metadata_bytes":1032,"cache_bytes":357,"records":117,"tables":77,"logical_words":77,"total_bytes_est":8153},"final_storage":{"layout":"slab","record_bytes":29952,"table_bytes":9856,"interner_bytes":37952,"metadata_bytes":15072,"cache_bytes":45696,"records":1392,"tables":1076,"logical_words":1076,"total_bytes_est":138528},"closure_iterations":46,"checksum":7171072,"verified":true}
EVENT_LAB {"kind":"relations_free_join","candidate":"essential64","product_mode":"materialized","bits":12,"worlds":4096,"rows":128,"groups":16,"memo":true,"build_s":[0.000119667, 7.5833e-5, 6.7166e-5, 6.7541e-5, 7.0917e-5],"join_only_s":[2.9584e-5, 5.583e-6, 5.167e-6, 5.167e-6, 5.166e-6],"fresh_s":[0.000982458, 0.000995584, 0.000993875, 0.00094575, 0.001047417],"warm_s":[1.2125e-5, 9.709e-6, 9.584e-6, 9.625e-6, 9.542e-6],"input_bytes_est":8393,"final_bytes_est":151760,"input_nodes":117,"final_nodes":1392,"input_storage":{"layout":"slab","record_bytes":1872,"table_bytes":616,"interner_bytes":4276,"metadata_bytes":1032,"cache_bytes":357,"records":117,"tables":77,"logical_words":77,"total_bytes_est":8153},"final_storage":{"layout":"slab","record_bytes":29952,"table_bytes":9856,"interner_bytes":37952,"metadata_bytes":15072,"cache_bytes":45696,"records":1392,"tables":1076,"logical_words":1076,"total_bytes_est":138528},"closure_iterations":46,"checksum":7171072,"verified":true}
EVENT_LAB {"kind":"relations_free_join","candidate":"essential64","product_mode":"materialized","bits":18,"worlds":262144,"rows":128,"groups":16,"memo":false,"build_s":[0.001515625, 0.001435291, 0.001457083, 0.001455417, 0.001479916],"join_only_s":[2.2625e-5, 5.208e-6, 4.958e-6, 5.042e-6, 5e-6],"fresh_s":[0.006375167, 0.006574, 0.00654325, 0.006630584, 0.007740958],"warm_s":[0.003865458, 0.0033855, 0.003622833, 0.003629208, 0.003401208],"input_bytes_est":35198,"final_bytes_est":631352,"input_nodes":611,"final_nodes":6713,"input_storage":{"layout":"slab","record_bytes":9776,"table_bytes":1640,"interner_bytes":17676,"metadata_bytes":5032,"cache_bytes":714,"records":611,"tables":205,"logical_words":205,"total_bytes_est":34838},"final_storage":{"layout":"slab","record_bytes":156416,"table_bytes":52480,"interner_bytes":160960,"metadata_bytes":78352,"cache_bytes":182784,"records":6713,"tables":3676,"logical_words":3676,"total_bytes_est":630992},"closure_iterations":52,"checksum":215255808,"verified":true}
EVENT_LAB {"kind":"relations_free_join","candidate":"essential64","product_mode":"materialized","bits":18,"worlds":262144,"rows":128,"groups":16,"memo":true,"build_s":[0.001515625, 0.001435291, 0.001457083, 0.001455417, 0.001479916],"join_only_s":[2.2625e-5, 5.208e-6, 4.958e-6, 5.042e-6, 5e-6],"fresh_s":[0.004695917, 0.004575875, 0.004721916, 0.004914333, 0.004993625],"warm_s":[2.2792e-5, 9.75e-6, 9.708e-6, 9.375e-6, 9.458e-6],"input_bytes_est":35198,"final_bytes_est":644344,"input_nodes":611,"final_nodes":6713,"input_storage":{"layout":"slab","record_bytes":9776,"table_bytes":1640,"interner_bytes":17676,"metadata_bytes":5032,"cache_bytes":714,"records":611,"tables":205,"logical_words":205,"total_bytes_est":34838},"final_storage":{"layout":"slab","record_bytes":156416,"table_bytes":52480,"interner_bytes":160960,"metadata_bytes":78352,"cache_bytes":182784,"records":6713,"tables":3676,"logical_words":3676,"total_bytes_est":630992},"closure_iterations":52,"checksum":215255808,"verified":true}
ok

test result: ok. 1 passed; 0 failed; 0 ignored; 0 measured; 1375 filtered out; finished in 2.97s


        2.97 real         2.92 user         0.02 sys
            13008896  maximum resident set size
                   0  average shared memory size
                   0  average unshared data size
                   0  average unshared stack size
                1008  page reclaims
                   0  page faults
                   0  swaps
                   0  block input operations
                   0  block output operations
                   0  messages sent
                   0  messages received
                   0  signals received
                   0  voluntary context switches
                1372  involuntary context switches
         48741233516  instructions retired
          9758673603  cycles elapsed
            10109336  peak memory footprint
