
running 1 test
test event_repr_lab::experiment ... EVENT_LAB {"kind":"product_free_join","candidate":"essential512","product_mode":"views","bits":12,"worlds":4096,"rows":128,"groups":16,"memo":false,"build_s":[9.5375e-5, 5.6625e-5, 5.1e-5, 4.9542e-5, 5.1125e-5],"join_only_s":[2.8e-5, 5.292e-6, 5.083e-6, 4.917e-6, 4.959e-6],"fresh_s":[0.0019995, 0.001907958, 0.00187175, 0.001998708, 0.001873],"warm_s":[0.001772334, 0.001762667, 0.001826917, 0.001763417, 0.001770166],"input_bytes_est":5631,"final_bytes_est":46416,"input_nodes":40,"final_nodes":270,"input_storage":{"layout":"enum","record_bytes":1280,"table_bytes":1280,"interner_bytes":2296,"metadata_bytes":416,"cache_bytes":119,"records":40,"tables":39,"logical_words":80,"total_bytes_est":5391},"final_storage":{"layout":"enum","record_bytes":10240,"table_bytes":11104,"interner_bytes":18368,"metadata_bytes":2656,"cache_bytes":3808,"records":270,"tables":269,"logical_words":694,"total_bytes_est":46176},"checksum":464640,"verified":true}
EVENT_LAB {"kind":"product_free_join","candidate":"essential512","product_mode":"views","bits":12,"worlds":4096,"rows":128,"groups":16,"memo":true,"build_s":[9.5375e-5, 5.6625e-5, 5.1e-5, 4.9542e-5, 5.1125e-5],"join_only_s":[2.8e-5, 5.292e-6, 5.083e-6, 4.917e-6, 4.959e-6],"fresh_s":[0.000447041, 0.0004605, 0.000428834, 0.000444417, 0.000473084],"warm_s":[8.042e-6, 7.167e-6, 7.125e-6, 7.208e-6, 7.125e-6],"input_bytes_est":5631,"final_bytes_est":52492,"input_nodes":40,"final_nodes":270,"input_storage":{"layout":"enum","record_bytes":1280,"table_bytes":1280,"interner_bytes":2296,"metadata_bytes":416,"cache_bytes":119,"records":40,"tables":39,"logical_words":80,"total_bytes_est":5391},"final_storage":{"layout":"enum","record_bytes":10240,"table_bytes":11104,"interner_bytes":18368,"metadata_bytes":2656,"cache_bytes":3808,"records":270,"tables":269,"logical_words":694,"total_bytes_est":46176},"checksum":464640,"verified":true}
EVENT_LAB {"kind":"product_free_join","candidate":"essential512","product_mode":"views","bits":18,"worlds":262144,"rows":128,"groups":16,"memo":false,"build_s":[0.00127125, 0.001259041, 0.001235208, 0.00123175, 0.001233334],"join_only_s":[1.6e-5, 6.542e-6, 6.666e-6, 6.209e-6, 5.25e-6],"fresh_s":[0.062607917, 0.062994542, 0.062627333, 0.065324958, 0.064875875],"warm_s":[0.064019084, 0.106528833, 0.112884375, 0.070641667, 0.118700791],"input_bytes_est":28891,"final_bytes_est":418424,"input_nodes":206,"final_nodes":2378,"input_storage":{"layout":"enum","record_bytes":6592,"table_bytes":10368,"interner_bytes":9184,"metadata_bytes":1792,"cache_bytes":595,"records":206,"tables":106,"logical_words":648,"total_bytes_est":28531},"final_storage":{"layout":"enum","record_bytes":105472,"table_bytes":104864,"interner_bytes":146944,"metadata_bytes":26512,"cache_bytes":34272,"records":2378,"tables":1557,"logical_words":6554,"total_bytes_est":418064},"checksum":14852224,"verified":true}
EVENT_LAB {"kind":"product_free_join","candidate":"essential512","product_mode":"views","bits":18,"worlds":262144,"rows":128,"groups":16,"memo":true,"build_s":[0.00127125, 0.001259041, 0.001235208, 0.00123175, 0.001233334],"join_only_s":[1.6e-5, 6.542e-6, 6.666e-6, 6.209e-6, 5.25e-6],"fresh_s":[0.013058875, 0.012995542, 0.013188083, 0.012834625, 0.013177292],"warm_s":[1.8458e-5, 7.542e-6, 7.417e-6, 7.375e-6, 7.375e-6],"input_bytes_est":28891,"final_bytes_est":424500,"input_nodes":206,"final_nodes":2378,"input_storage":{"layout":"enum","record_bytes":6592,"table_bytes":10368,"interner_bytes":9184,"metadata_bytes":1792,"cache_bytes":595,"records":206,"tables":106,"logical_words":648,"total_bytes_est":28531},"final_storage":{"layout":"enum","record_bytes":105472,"table_bytes":104864,"interner_bytes":146944,"metadata_bytes":26512,"cache_bytes":34272,"records":2378,"tables":1557,"logical_words":6554,"total_bytes_est":418064},"checksum":14852224,"verified":true}
ok

test result: ok. 1 passed; 0 failed; 0 ignored; 0 measured; 1375 filtered out; finished in 1.76s


        1.76 real         1.62 user         0.01 sys
            12435456  maximum resident set size
                   0  average shared memory size
                   0  average unshared data size
                   0  average unshared stack size
                 973  page reclaims
                   0  page faults
                   0  swaps
                   0  block input operations
                   0  block output operations
                   0  messages sent
                   0  messages received
                   0  signals received
                   0  voluntary context switches
                 901  involuntary context switches
         28831956450  instructions retired
          5332603925  cycles elapsed
             9486744  peak memory footprint
