
running 1 test
test event_repr_lab::experiment ... EVENT_LAB {"kind":"relations_free_join","candidate":"essential64","product_mode":"views","bits":12,"worlds":4096,"rows":128,"groups":16,"memo":false,"build_s":[0.000117875, 7.5959e-5, 6.5167e-5, 6.5709e-5, 6.5541e-5],"join_only_s":[3.1e-5, 5.25e-6, 4.958e-6, 4.916e-6, 4.917e-6],"fresh_s":[0.003587875, 0.003614375, 0.003445459, 0.003487166, 0.003509042],"warm_s":[0.00289525, 0.002912, 0.002893417, 0.002907541, 0.002998417],"input_bytes_est":8393,"final_bytes_est":127344,"input_nodes":117,"final_nodes":1499,"input_storage":{"layout":"slab","record_bytes":1872,"table_bytes":616,"interner_bytes":4276,"metadata_bytes":1032,"cache_bytes":357,"records":117,"tables":77,"logical_words":77,"total_bytes_est":8153},"final_storage":{"layout":"slab","record_bytes":29952,"table_bytes":9856,"interner_bytes":37952,"metadata_bytes":15072,"cache_bytes":34272,"records":1499,"tables":874,"logical_words":874,"total_bytes_est":127104},"closure_iterations":46,"checksum":7171072,"verified":true}
EVENT_LAB {"kind":"relations_free_join","candidate":"essential64","product_mode":"views","bits":12,"worlds":4096,"rows":128,"groups":16,"memo":true,"build_s":[0.000117875, 7.5959e-5, 6.5167e-5, 6.5709e-5, 6.5541e-5],"join_only_s":[3.1e-5, 5.25e-6, 4.958e-6, 4.916e-6, 4.917e-6],"fresh_s":[0.001998166, 0.002098166, 0.002121667, 0.002090041, 0.001991292],"warm_s":[9.083e-6, 8.375e-6, 8.292e-6, 8.208e-6, 8.125e-6],"input_bytes_est":8393,"final_bytes_est":139116,"input_nodes":117,"final_nodes":1499,"input_storage":{"layout":"slab","record_bytes":1872,"table_bytes":616,"interner_bytes":4276,"metadata_bytes":1032,"cache_bytes":357,"records":117,"tables":77,"logical_words":77,"total_bytes_est":8153},"final_storage":{"layout":"slab","record_bytes":29952,"table_bytes":9856,"interner_bytes":37952,"metadata_bytes":15072,"cache_bytes":34272,"records":1499,"tables":874,"logical_words":874,"total_bytes_est":127104},"closure_iterations":46,"checksum":7171072,"verified":true}
EVENT_LAB {"kind":"relations_free_join","candidate":"essential64","product_mode":"views","bits":18,"worlds":262144,"rows":128,"groups":16,"memo":false,"build_s":[0.001556625, 0.001526584, 0.001585083, 0.001523625, 0.001524583],"join_only_s":[1.5875e-5, 5.25e-6, 5e-6, 4.959e-6, 4.959e-6],"fresh_s":[0.035189333, 0.036080291, 0.035553125, 0.034935666, 0.036510333],"warm_s":[0.030138834, 0.029971708, 0.029808041, 0.029723625, 0.030343],"input_bytes_est":67944,"final_bytes_est":1500536,"input_nodes":1058,"final_nodes":14862,"input_storage":{"layout":"slab","record_bytes":16928,"table_bytes":2592,"interner_bytes":34696,"metadata_bytes":8608,"cache_bytes":4760,"records":1058,"tables":324,"logical_words":324,"total_bytes_est":67584},"final_storage":{"layout":"slab","record_bytes":270848,"table_bytes":20736,"interner_bytes":555136,"metadata_bytes":135568,"cache_bytes":517888,"records":14862,"tables":1949,"logical_words":1949,"total_bytes_est":1500176},"closure_iterations":52,"checksum":215255808,"verified":true}
EVENT_LAB {"kind":"relations_free_join","candidate":"essential64","product_mode":"views","bits":18,"worlds":262144,"rows":128,"groups":16,"memo":true,"build_s":[0.001556625, 0.001526584, 0.001585083, 0.001523625, 0.001524583],"join_only_s":[1.5875e-5, 5.25e-6, 5e-6, 4.959e-6, 4.959e-6],"fresh_s":[0.021511708, 0.021222625, 0.020519209, 0.02063175, 0.020683792],"warm_s":[2.0167e-5, 8.833e-6, 8.667e-6, 8.667e-6, 8.541e-6],"input_bytes_est":67944,"final_bytes_est":1512308,"input_nodes":1058,"final_nodes":14862,"input_storage":{"layout":"slab","record_bytes":16928,"table_bytes":2592,"interner_bytes":34696,"metadata_bytes":8608,"cache_bytes":4760,"records":1058,"tables":324,"logical_words":324,"total_bytes_est":67584},"final_storage":{"layout":"slab","record_bytes":270848,"table_bytes":20736,"interner_bytes":555136,"metadata_bytes":135568,"cache_bytes":517888,"records":14862,"tables":1949,"logical_words":1949,"total_bytes_est":1500176},"closure_iterations":52,"checksum":215255808,"verified":true}
ok

test result: ok. 1 passed; 0 failed; 0 ignored; 0 measured; 1375 filtered out; finished in 3.40s


        3.40 real         3.37 user         0.03 sys
            20807680  maximum resident set size
                   0  average shared memory size
                   0  average unshared data size
                   0  average unshared stack size
                1484  page reclaims
                   0  page faults
                   0  swaps
                   0  block input operations
                   0  block output operations
                   0  messages sent
                   0  messages received
                   0  signals received
                   0  voluntary context switches
                 696  involuntary context switches
         56371874892  instructions retired
         11413876458  cycles elapsed
            17826200  peak memory footprint
