
running 1 test
test event_repr_lab::experiment ... EVENT_LAB {"kind":"relations_free_join","candidate":"dense-dispatched","product_mode":"materialized","bits":12,"worlds":4096,"rows":128,"groups":16,"memo":false,"build_s":[4.0125e-5, 2.2333e-5, 2.2292e-5, 2.1292e-5, 2.05e-5],"join_only_s":[3.1083e-5, 5.375e-6, 5e-6, 5.042e-6, 4.958e-6],"fresh_s":[0.000173125, 0.000154709, 0.00014625, 0.000150208, 0.000144292],"warm_s":[0.000145208, 0.000143834, 0.000139375, 0.000139417, 0.0001495],"input_bytes_est":16000,"final_bytes_est":82536,"input_nodes":26,"final_nodes":140,"input_storage":null,"final_storage":null,"closure_iterations":46,"checksum":7171072,"verified":true}
EVENT_LAB {"kind":"relations_free_join","candidate":"dense-dispatched","product_mode":"materialized","bits":12,"worlds":4096,"rows":128,"groups":16,"memo":true,"build_s":[4.0125e-5, 2.2333e-5, 2.2292e-5, 2.1292e-5, 2.05e-5],"join_only_s":[3.1083e-5, 5.375e-6, 5e-6, 5.042e-6, 4.958e-6],"fresh_s":[6.4083e-5, 5.6459e-5, 5.7459e-5, 5.6792e-5, 5.2958e-5],"warm_s":[1.0209e-5, 9.625e-6, 9.541e-6, 9.625e-6, 9.625e-6],"input_bytes_est":16000,"final_bytes_est":95528,"input_nodes":26,"final_nodes":140,"input_storage":null,"final_storage":null,"closure_iterations":46,"checksum":7171072,"verified":true}
EVENT_LAB {"kind":"relations_free_join","candidate":"dense-dispatched","product_mode":"materialized","bits":18,"worlds":262144,"rows":128,"groups":16,"memo":false,"build_s":[0.001227125, 0.001173125, 0.001123625, 0.001085083, 0.001080625],"join_only_s":[1.725e-5, 5.417e-6, 5.084e-6, 5.167e-6, 5.041e-6],"fresh_s":[0.007142792, 0.007244417, 0.006961333, 0.0070555, 0.006941541],"warm_s":[0.007181375, 0.007317334, 0.007073667, 0.007363333, 0.007183333],"input_bytes_est":919288,"final_bytes_est":5810728,"input_nodes":26,"final_nodes":175,"input_storage":null,"final_storage":null,"closure_iterations":52,"checksum":215255808,"verified":true}
EVENT_LAB {"kind":"relations_free_join","candidate":"dense-dispatched","product_mode":"materialized","bits":18,"worlds":262144,"rows":128,"groups":16,"memo":true,"build_s":[0.001227125, 0.001173125, 0.001123625, 0.001085083, 0.001080625],"join_only_s":[1.725e-5, 5.417e-6, 5.084e-6, 5.167e-6, 5.041e-6],"fresh_s":[0.002408, 0.002341791, 0.002652, 0.002453792, 0.002385875],"warm_s":[5.1042e-5, 4.85e-5, 4.8375e-5, 4.8292e-5, 4.825e-5],"input_bytes_est":919288,"final_bytes_est":5823720,"input_nodes":26,"final_nodes":175,"input_storage":null,"final_storage":null,"closure_iterations":52,"checksum":215255808,"verified":true}
ok

test result: ok. 1 passed; 0 failed; 0 ignored; 0 measured; 1375 filtered out; finished in 0.13s


        0.13 real         0.13 user         0.00 sys
            23232512  maximum resident set size
                   0  average shared memory size
                   0  average unshared data size
                   0  average unshared stack size
                1633  page reclaims
                   0  page faults
                   0  swaps
                   0  block input operations
                   0  block output operations
                   0  messages sent
                   0  messages received
                   0  signals received
                   0  voluntary context switches
                  31  involuntary context switches
          2029403786  instructions retired
           442705957  cycles elapsed
            20513152  peak memory footprint
