
running 1 test
test event_repr_lab::experiment ... EVENT_LAB {"kind":"product_free_join","candidate":"essential64","product_mode":"views","bits":12,"worlds":4096,"rows":128,"groups":16,"memo":false,"build_s":[0.000136125, 8.4208e-5, 7.55e-5, 7.7791e-5, 7.9625e-5],"join_only_s":[3.0583e-5, 5.875e-6, 5.625e-6, 5.709e-6, 5.584e-6],"fresh_s":[0.004229375, 0.003872041, 0.003869958, 0.003862208, 0.003986333],"warm_s":[0.003765, 0.003735, 0.003681958, 0.0037885, 0.003838375],"input_bytes_est":9629,"final_bytes_est":79552,"input_nodes":89,"final_nodes":486,"input_storage":{"layout":"enum","record_bytes":2848,"table_bytes":784,"interner_bytes":4592,"metadata_bytes":808,"cache_bytes":357,"records":89,"tables":49,"logical_words":49,"total_bytes_est":9389},"final_storage":{"layout":"enum","record_bytes":22784,"table_bytes":4480,"interner_bytes":36736,"metadata_bytes":5792,"cache_bytes":9520,"records":486,"tables":280,"logical_words":280,"total_bytes_est":79312},"checksum":464640,"verified":true}
EVENT_LAB {"kind":"product_free_join","candidate":"essential64","product_mode":"views","bits":12,"worlds":4096,"rows":128,"groups":16,"memo":true,"build_s":[0.000136125, 8.4208e-5, 7.55e-5, 7.7791e-5, 7.9625e-5],"join_only_s":[3.0583e-5, 5.875e-6, 5.625e-6, 5.709e-6, 5.584e-6],"fresh_s":[0.000868292, 0.000849458, 0.000928167, 0.000833875, 0.000826167],"warm_s":[8.333e-6, 7.5e-6, 7.542e-6, 7.416e-6, 7.417e-6],"input_bytes_est":9629,"final_bytes_est":85628,"input_nodes":89,"final_nodes":486,"input_storage":{"layout":"enum","record_bytes":2848,"table_bytes":784,"interner_bytes":4592,"metadata_bytes":808,"cache_bytes":357,"records":89,"tables":49,"logical_words":49,"total_bytes_est":9389},"final_storage":{"layout":"enum","record_bytes":22784,"table_bytes":4480,"interner_bytes":36736,"metadata_bytes":5792,"cache_bytes":9520,"records":486,"tables":280,"logical_words":280,"total_bytes_est":79312},"checksum":464640,"verified":true}
EVENT_LAB {"kind":"product_free_join","candidate":"essential64","product_mode":"views","bits":18,"worlds":262144,"rows":128,"groups":16,"memo":false,"build_s":[0.001596292, 0.00153525, 0.001586667, 0.001546375, 0.001577292],"join_only_s":[1.7916e-5, 6.042e-6, 5.625e-6, 5.5e-6, 5.625e-6],"fresh_s":[0.036925167, 0.037475791, 0.037179708, 0.036707917, 0.03657475],"warm_s":[0.0351, 0.036513167, 0.035534083, 0.035135167, 0.035137709],"input_bytes_est":62738,"final_bytes_est":408360,"input_nodes":552,"final_nodes":3102,"input_storage":{"layout":"enum","record_bytes":17664,"table_bytes":2704,"interner_bytes":36736,"metadata_bytes":4560,"cache_bytes":714,"records":552,"tables":169,"logical_words":169,"total_bytes_est":62378},"final_storage":{"layout":"enum","record_bytes":141312,"table_bytes":15728,"interner_bytes":146944,"metadata_bytes":35472,"cache_bytes":68544,"records":3102,"tables":983,"logical_words":983,"total_bytes_est":408000},"checksum":14852224,"verified":true}
EVENT_LAB {"kind":"product_free_join","candidate":"essential64","product_mode":"views","bits":18,"worlds":262144,"rows":128,"groups":16,"memo":true,"build_s":[0.001596292, 0.00153525, 0.001586667, 0.001546375, 0.001577292],"join_only_s":[1.7916e-5, 6.042e-6, 5.625e-6, 5.5e-6, 5.625e-6],"fresh_s":[0.00787175, 0.008001834, 0.007965458, 0.007719042, 0.007619084],"warm_s":[1.7916e-5, 7.5e-6, 7.459e-6, 7.416e-6, 7.375e-6],"input_bytes_est":62738,"final_bytes_est":414436,"input_nodes":552,"final_nodes":3102,"input_storage":{"layout":"enum","record_bytes":17664,"table_bytes":2704,"interner_bytes":36736,"metadata_bytes":4560,"cache_bytes":714,"records":552,"tables":169,"logical_words":169,"total_bytes_est":62378},"final_storage":{"layout":"enum","record_bytes":141312,"table_bytes":15728,"interner_bytes":146944,"metadata_bytes":35472,"cache_bytes":68544,"records":3102,"tables":983,"logical_words":983,"total_bytes_est":408000},"checksum":14852224,"verified":true}
ok

test result: ok. 1 passed; 0 failed; 0 ignored; 0 measured; 1375 filtered out; finished in 1.49s


        1.49 real         1.47 user         0.01 sys
            12697600  maximum resident set size
                   0  average shared memory size
                   0  average unshared data size
                   0  average unshared stack size
                 989  page reclaims
                   0  page faults
                   0  swaps
                   0  block input operations
                   0  block output operations
                   0  messages sent
                   0  messages received
                   0  signals received
                   0  voluntary context switches
                 629  involuntary context switches
         25679540017  instructions retired
          4880588310  cycles elapsed
             9798040  peak memory footprint
