
running 1 test
test event_repr_lab::experiment ... EVENT_LAB {"kind":"relations_free_join","candidate":"essential512","product_mode":"views","bits":12,"worlds":4096,"rows":128,"groups":16,"memo":false,"build_s":[0.000104459, 5.8167e-5, 5.2334e-5, 4.8875e-5, 4.7834e-5],"join_only_s":[2.7708e-5, 5.416e-6, 5.042e-6, 4.958e-6, 5.041e-6],"fresh_s":[0.000771833, 0.000703584, 0.0007055, 0.000736625, 0.000721542],"warm_s":[0.000634625, 0.000622916, 0.000622375, 0.000608667, 0.000607584],"input_bytes_est":3167,"final_bytes_est":13088,"input_nodes":40,"final_nodes":130,"input_storage":{"layout":"slab","record_bytes":640,"table_bytes":640,"interner_bytes":1112,"metadata_bytes":416,"cache_bytes":119,"records":40,"tables":39,"logical_words":80,"total_bytes_est":2927},"final_storage":{"layout":"slab","record_bytes":2560,"table_bytes":2560,"interner_bytes":4448,"metadata_bytes":1376,"cache_bytes":1904,"records":130,"tables":129,"logical_words":306,"total_bytes_est":12848},"closure_iterations":46,"checksum":7171072,"verified":true}
EVENT_LAB {"kind":"relations_free_join","candidate":"essential512","product_mode":"views","bits":12,"worlds":4096,"rows":128,"groups":16,"memo":true,"build_s":[0.000104459, 5.8167e-5, 5.2334e-5, 4.8875e-5, 4.7834e-5],"join_only_s":[2.7708e-5, 5.416e-6, 5.042e-6, 4.958e-6, 5.041e-6],"fresh_s":[0.000398875, 0.000379792, 0.000419042, 0.000434916, 0.0004335],"warm_s":[1.2667e-5, 8.708e-6, 8.417e-6, 8.334e-6, 8.334e-6],"input_bytes_est":3167,"final_bytes_est":24860,"input_nodes":40,"final_nodes":130,"input_storage":{"layout":"slab","record_bytes":640,"table_bytes":640,"interner_bytes":1112,"metadata_bytes":416,"cache_bytes":119,"records":40,"tables":39,"logical_words":80,"total_bytes_est":2927},"final_storage":{"layout":"slab","record_bytes":2560,"table_bytes":2560,"interner_bytes":4448,"metadata_bytes":1376,"cache_bytes":1904,"records":130,"tables":129,"logical_words":306,"total_bytes_est":12848},"closure_iterations":46,"checksum":7171072,"verified":true}
EVENT_LAB {"kind":"relations_free_join","candidate":"essential512","product_mode":"views","bits":18,"worlds":262144,"rows":128,"groups":16,"memo":false,"build_s":[0.001254959, 0.001316125, 0.001258333, 0.001330083, 0.001232208],"join_only_s":[1.7125e-5, 5.25e-6, 5.041e-6, 5e-6, 4.958e-6],"fresh_s":[0.015127, 0.015264459, 0.01514875, 0.015176625, 0.015335875],"warm_s":[0.015036334, 0.014755459, 0.014518291, 0.014493667, 0.0146845],"input_bytes_est":15299,"final_bytes_est":131240,"input_nodes":186,"final_nodes":1011,"input_storage":{"layout":"slab","record_bytes":2976,"table_bytes":5184,"interner_bytes":4552,"metadata_bytes":1632,"cache_bytes":595,"records":186,"tables":106,"logical_words":648,"total_bytes_est":14939},"final_storage":{"layout":"slab","record_bytes":23808,"table_bytes":41472,"interner_bytes":36416,"metadata_bytes":12048,"cache_bytes":17136,"records":1011,"tables":711,"logical_words":2802,"total_bytes_est":130880},"closure_iterations":52,"checksum":215255808,"verified":true}
EVENT_LAB {"kind":"relations_free_join","candidate":"essential512","product_mode":"views","bits":18,"worlds":262144,"rows":128,"groups":16,"memo":true,"build_s":[0.001254959, 0.001316125, 0.001258333, 0.001330083, 0.001232208],"join_only_s":[1.7125e-5, 5.25e-6, 5.041e-6, 5e-6, 4.958e-6],"fresh_s":[0.007778416, 0.008011125, 0.007845959, 0.007896542, 0.007985083],"warm_s":[2.1792e-5, 8.958e-6, 8.667e-6, 8.667e-6, 8.541e-6],"input_bytes_est":15299,"final_bytes_est":143012,"input_nodes":186,"final_nodes":1011,"input_storage":{"layout":"slab","record_bytes":2976,"table_bytes":5184,"interner_bytes":4552,"metadata_bytes":1632,"cache_bytes":595,"records":186,"tables":106,"logical_words":648,"total_bytes_est":14939},"final_storage":{"layout":"slab","record_bytes":23808,"table_bytes":41472,"interner_bytes":36416,"metadata_bytes":12048,"cache_bytes":17136,"records":1011,"tables":711,"logical_words":2802,"total_bytes_est":130880},"closure_iterations":52,"checksum":215255808,"verified":true}
ok

test result: ok. 1 passed; 0 failed; 0 ignored; 0 measured; 1375 filtered out; finished in 2.48s


        2.48 real         2.46 user         0.01 sys
            10551296  maximum resident set size
                   0  average shared memory size
                   0  average unshared data size
                   0  average unshared stack size
                 857  page reclaims
                   0  page faults
                   0  swaps
                   0  block input operations
                   0  block output operations
                   0  messages sent
                   0  messages received
                   0  signals received
                   0  voluntary context switches
                 944  involuntary context switches
         46084337720  instructions retired
          8282959622  cycles elapsed
             7553384  peak memory footprint
