
running 1 test
test event_repr_lab::experiment ... EVENT_LAB {"kind":"owned_free_join","candidate":"essential512","target_candidate":"essential512","bits":12,"target_layout":"bit-major","target_setup_s":[2.875e-6],"restore_inputs_s":[2.5375e-5],"program_setup_s":[2.05e-5],"query_s":[0.000444125],"owned_compute_s":[0.000468125],"novel_publication_classes":[10],"input_roots":24,"output_roots":80,"input_packet_bytes":1421,"output_packet_bytes":707,"final_arena_bytes_est":13504,"input_storage":{"layout":"slab","record_bytes":512,"table_bytes":512,"interner_bytes":604,"metadata_bytes":368,"cache_bytes":0,"records":25,"tables":24,"logical_words":62,"total_bytes_est":1996},"final_storage":{"layout":"slab","record_bytes":2048,"table_bytes":4096,"interner_bytes":4320,"metadata_bytes":1136,"cache_bytes":1904,"records":121,"tables":120,"logical_words":276,"total_bytes_est":13504},"verified":true}
EVENT_LAB {"kind":"owned_free_join","candidate":"essential512","target_candidate":"essential512","bits":12,"target_layout":"face-major","target_setup_s":[1.125e-6],"restore_inputs_s":[1.6959e-5],"program_setup_s":[1.1416e-5],"query_s":[0.000419042],"owned_compute_s":[0.000432125],"novel_publication_classes":[10],"input_roots":24,"output_roots":80,"input_packet_bytes":1421,"output_packet_bytes":707,"final_arena_bytes_est":17088,"input_storage":{"layout":"slab","record_bytes":512,"table_bytes":512,"interner_bytes":604,"metadata_bytes":368,"cache_bytes":0,"records":25,"tables":24,"logical_words":62,"total_bytes_est":1996},"final_storage":{"layout":"slab","record_bytes":4096,"table_bytes":4096,"interner_bytes":4832,"metadata_bytes":2160,"cache_bytes":1904,"records":156,"tables":155,"logical_words":311,"total_bytes_est":17088},"verified":true}
EVENT_LAB {"kind":"owned_free_join","candidate":"essential512","target_candidate":"packed512","bits":12,"target_layout":"bit-major","target_setup_s":[2.125e-6],"restore_inputs_s":[9.6417e-5],"program_setup_s":[3.4833e-5],"query_s":[0.000259],"owned_compute_s":[0.000295667],"novel_publication_classes":[10],"input_roots":24,"output_roots":80,"input_packet_bytes":1421,"output_packet_bytes":1645,"final_arena_bytes_est":112740,"input_storage":null,"final_storage":null,"verified":true}
EVENT_LAB {"kind":"owned_free_join","candidate":"essential512","target_candidate":"essential512","bits":18,"target_layout":"bit-major","target_setup_s":[2e-6],"restore_inputs_s":[0.000123791],"program_setup_s":[2.8541e-5],"query_s":[0.007589],"owned_compute_s":[0.007620958],"novel_publication_classes":[18],"input_roots":24,"output_roots":80,"input_packet_bytes":9305,"output_packet_bytes":2087,"final_arena_bytes_est":153144,"input_storage":{"layout":"slab","record_bytes":8192,"table_bytes":8192,"interner_bytes":9664,"metadata_bytes":4296,"cache_bytes":3927,"records":280,"tables":86,"logical_words":611,"total_bytes_est":34271},"final_storage":{"layout":"slab","record_bytes":32768,"table_bytes":32768,"interner_bytes":38656,"metadata_bytes":16584,"cache_bytes":32368,"records":1141,"tables":662,"logical_words":2770,"total_bytes_est":153144},"verified":true}
EVENT_LAB {"kind":"owned_free_join","candidate":"essential512","target_candidate":"essential512","bits":18,"target_layout":"face-major","target_setup_s":[2.209e-6],"restore_inputs_s":[0.00037225],"program_setup_s":[3.5292e-5],"query_s":[0.022886208],"owned_compute_s":[0.02292625],"novel_publication_classes":[18],"input_roots":24,"output_roots":80,"input_packet_bytes":9305,"output_packet_bytes":2389,"final_arena_bytes_est":279432,"input_storage":{"layout":"slab","record_bytes":16384,"table_bytes":32768,"interner_bytes":19328,"metadata_bytes":8392,"cache_bytes":19040,"records":682,"tables":408,"logical_words":2573,"total_bytes_est":95912},"final_storage":{"layout":"slab","record_bytes":65536,"table_bytes":65536,"interner_bytes":77312,"metadata_bytes":32968,"cache_bytes":38080,"records":2106,"tables":1403,"logical_words":6494,"total_bytes_est":279432},"verified":true}
EVENT_LAB {"kind":"owned_free_join","candidate":"essential512","target_candidate":"packed512","bits":18,"target_layout":"bit-major","target_setup_s":[2.708e-6],"restore_inputs_s":[0.000417625],"program_setup_s":[4.8458e-5],"query_s":[0.000722333],"owned_compute_s":[0.000773958],"novel_publication_classes":[18],"input_roots":24,"output_roots":80,"input_packet_bytes":9305,"output_packet_bytes":5221,"final_arena_bytes_est":626852,"input_storage":null,"final_storage":null,"verified":true}
ok

test result: ok. 1 passed; 0 failed; 0 ignored; 0 measured; 1375 filtered out; finished in 2.19s


        2.19 real         2.18 user         0.01 sys
            16760832  maximum resident set size
                   0  average shared memory size
                   0  average unshared data size
                   0  average unshared stack size
                1238  page reclaims
                   0  page faults
                   0  swaps
                   0  block input operations
                   0  block output operations
                   0  messages sent
                   0  messages received
                   0  signals received
                   0  voluntary context switches
                 593  involuntary context switches
         39516249732  instructions retired
          7279307866  cycles elapsed
            13566336  peak memory footprint
