
running 1 test
test event_repr_lab::experiment ... EVENT_LAB {"kind":"legal_relation_free_join","candidate":"essential512","domain":"below","product_mode":"views","support_gates":"certified","bits":12,"width":4,"environments":1,"worlds":4096,"admissible_worlds":2197,"rows":128,"groups":16,"outputs":80,"memo":false,"build_s":[0.000538833, 0.000441167],"support_s":[5.0458e-5, 2.0042e-5],"import_s":[0.000276708, 0.000228916],"admission_s":[0.000211292, 0.000192125],"join_only_s":[2.95e-5, 5.417e-6],"fresh_s":[0.001558334, 0.001540417],"warm_s":[0.000697792, 0.000684167],"input_bytes_est":58888,"final_bytes_est":173919,"input_nodes":524,"final_nodes":1408,"input_storage":{"layout":"slab","record_bytes":8384,"table_bytes":9392,"interner_bytes":17328,"metadata_bytes":4288,"cache_bytes":19040,"records":524,"tables":333,"logical_words":1174,"total_bytes_est":58432},"final_storage":{"layout":"slab","record_bytes":33536,"table_bytes":37568,"interner_bytes":38848,"metadata_bytes":16864,"cache_bytes":45891,"records":1408,"tables":774,"logical_words":2807,"total_bytes_est":172707},"checksum":3773900,"verified":true}
EVENT_LAB {"kind":"legal_relation_free_join","candidate":"essential512","domain":"below","product_mode":"views","support_gates":"certified","bits":12,"width":4,"environments":1,"worlds":4096,"admissible_worlds":2197,"rows":128,"groups":16,"outputs":80,"memo":true,"build_s":[0.000538833, 0.000441167],"support_s":[5.0458e-5, 2.0042e-5],"import_s":[0.000276708, 0.000228916],"admission_s":[0.000211292, 0.000192125],"join_only_s":[2.95e-5, 5.417e-6],"fresh_s":[0.001244917, 0.001176417],"warm_s":[2.4e-5, 1.5583e-5],"input_bytes_est":58888,"final_bytes_est":185819,"input_nodes":524,"final_nodes":1408,"input_storage":{"layout":"slab","record_bytes":8384,"table_bytes":9392,"interner_bytes":17328,"metadata_bytes":4288,"cache_bytes":19040,"records":524,"tables":333,"logical_words":1174,"total_bytes_est":58432},"final_storage":{"layout":"slab","record_bytes":33536,"table_bytes":37568,"interner_bytes":38848,"metadata_bytes":16864,"cache_bytes":45891,"records":1408,"tables":774,"logical_words":2807,"total_bytes_est":172707},"checksum":3773900,"verified":true}
EVENT_LAB {"kind":"legal_relation_free_join","candidate":"essential512","domain":"below","product_mode":"views","support_gates":"certified","bits":18,"width":6,"environments":1,"worlds":262144,"admissible_worlds":226981,"rows":128,"groups":16,"outputs":80,"memo":false,"build_s":[0.002809458, 0.002598292],"support_s":[4.9e-5, 3.4625e-5],"import_s":[0.001875875, 0.001818916],"admission_s":[0.000884209, 0.000744625],"join_only_s":[1.5959e-5, 5.292e-6],"fresh_s":[0.008584792, 0.009261917],"warm_s":[0.0033845, 0.003480375],"input_bytes_est":294184,"final_bytes_est":1175287,"input_nodes":3290,"final_nodes":8419,"input_storage":{"layout":"slab","record_bytes":52640,"table_bytes":48928,"interner_bytes":74088,"metadata_bytes":26464,"cache_bytes":91392,"records":3290,"tables":1477,"logical_words":6116,"total_bytes_est":293512},"final_storage":{"layout":"slab","record_bytes":210560,"table_bytes":195712,"interner_bytes":296352,"metadata_bytes":105424,"cache_bytes":365811,"records":8419,"tables":3591,"logical_words":14927,"total_bytes_est":1173859},"checksum":181462800,"verified":true}
EVENT_LAB {"kind":"legal_relation_free_join","candidate":"essential512","domain":"below","product_mode":"views","support_gates":"certified","bits":18,"width":6,"environments":1,"worlds":262144,"admissible_worlds":226981,"rows":128,"groups":16,"outputs":80,"memo":true,"build_s":[0.002809458, 0.002598292],"support_s":[4.9e-5, 3.4625e-5],"import_s":[0.001875875, 0.001818916],"admission_s":[0.000884209, 0.000744625],"join_only_s":[1.5959e-5, 5.292e-6],"fresh_s":[0.007753834, 0.006748167],"warm_s":[2.9458e-5, 2.5625e-5],"input_bytes_est":294184,"final_bytes_est":1188783,"input_nodes":3290,"final_nodes":8419,"input_storage":{"layout":"slab","record_bytes":52640,"table_bytes":48928,"interner_bytes":74088,"metadata_bytes":26464,"cache_bytes":91392,"records":3290,"tables":1477,"logical_words":6116,"total_bytes_est":293512},"final_storage":{"layout":"slab","record_bytes":210560,"table_bytes":195712,"interner_bytes":296352,"metadata_bytes":105424,"cache_bytes":365811,"records":8419,"tables":3591,"logical_words":14927,"total_bytes_est":1173859},"checksum":181462800,"verified":true}
ok

test result: ok. 1 passed; 0 failed; 0 ignored; 0 measured; 1378 filtered out; finished in 8.53s


        8.53 real         8.43 user         0.07 sys
            16121856  maximum resident set size
                   0  average shared memory size
                   0  average unshared data size
                   0  average unshared stack size
                1198  page reclaims
                   0  page faults
                   0  swaps
                   0  block input operations
                   0  block output operations
                   0  messages sent
                   0  messages received
                   0  signals received
                   0  voluntary context switches
                3716  involuntary context switches
        116323451042  instructions retired
         28394227542  cycles elapsed
            13025664  peak memory footprint
