
running 1 test
test event_repr_lab::experiment ... EVENT_LAB {"kind":"legal_relation_free_join","candidate":"essential512","domain":"below","product_mode":"views","support_gates":"gated","bits":12,"width":4,"environments":1,"worlds":4096,"admissible_worlds":2197,"rows":128,"groups":16,"outputs":80,"memo":false,"build_s":[0.000367666, 0.000278],"support_s":[5.5916e-5, 1.5833e-5],"import_s":[0.000151208, 0.000125666],"admission_s":[0.00016, 0.000136375],"join_only_s":[2.9958e-5, 5.334e-6],"fresh_s":[0.002628625, 0.002796667],"warm_s":[0.000976709, 0.001150084],"input_bytes_est":36808,"final_bytes_est":306588,"input_nodes":400,"final_nodes":2528,"input_storage":{"layout":"slab","record_bytes":6400,"table_bytes":7920,"interner_bytes":9216,"metadata_bytes":3296,"cache_bytes":9520,"records":400,"tables":213,"logical_words":990,"total_bytes_est":36352},"final_storage":{"layout":"slab","record_bytes":51200,"table_bytes":63360,"interner_bytes":73728,"metadata_bytes":25696,"cache_bytes":91392,"records":2528,"tables":1797,"logical_words":7856,"total_bytes_est":305376},"checksum":3773900,"verified":true}
EVENT_LAB {"kind":"legal_relation_free_join","candidate":"essential512","domain":"below","product_mode":"views","support_gates":"gated","bits":12,"width":4,"environments":1,"worlds":4096,"admissible_worlds":2197,"rows":128,"groups":16,"outputs":80,"memo":true,"build_s":[0.000367666, 0.000278],"support_s":[5.5916e-5, 1.5833e-5],"import_s":[0.000151208, 0.000125666],"admission_s":[0.00016, 0.000136375],"join_only_s":[2.9958e-5, 5.334e-6],"fresh_s":[0.0020795, 0.002093125],"warm_s":[1.3375e-5, 1.2e-5],"input_bytes_est":36808,"final_bytes_est":318488,"input_nodes":400,"final_nodes":2528,"input_storage":{"layout":"slab","record_bytes":6400,"table_bytes":7920,"interner_bytes":9216,"metadata_bytes":3296,"cache_bytes":9520,"records":400,"tables":213,"logical_words":990,"total_bytes_est":36352},"final_storage":{"layout":"slab","record_bytes":51200,"table_bytes":63360,"interner_bytes":73728,"metadata_bytes":25696,"cache_bytes":91392,"records":2528,"tables":1797,"logical_words":7856,"total_bytes_est":305376},"checksum":3773900,"verified":true}
EVENT_LAB {"kind":"legal_relation_free_join","candidate":"essential512","domain":"below","product_mode":"views","support_gates":"gated","bits":18,"width":6,"environments":1,"worlds":262144,"admissible_worlds":226981,"rows":128,"groups":16,"outputs":80,"memo":false,"build_s":[0.0013515, 0.001278],"support_s":[4.0459e-5, 2.2417e-5],"import_s":[0.000981167, 0.000948291],"admission_s":[0.000329583, 0.00030725],"join_only_s":[1.8583e-5, 5.208e-6],"fresh_s":[0.025684083, 0.066831917],"warm_s":[0.008050917, 0.008300791],"input_bytes_est":134364,"final_bytes_est":4275108,"input_nodes":1499,"final_nodes":33993,"input_storage":{"layout":"slab","record_bytes":23984,"table_bytes":23032,"interner_bytes":36460,"metadata_bytes":12136,"cache_bytes":38080,"records":1499,"tables":514,"logical_words":2879,"total_bytes_est":133692},"final_storage":{"layout":"slab","record_bytes":767488,"table_bytes":737024,"interner_bytes":1166720,"metadata_bytes":383888,"cache_bytes":1218560,"records":33993,"tables":13901,"logical_words":70367,"total_bytes_est":4273680},"checksum":181462800,"verified":true}
EVENT_LAB {"kind":"legal_relation_free_join","candidate":"essential512","domain":"below","product_mode":"views","support_gates":"gated","bits":18,"width":6,"environments":1,"worlds":262144,"admissible_worlds":226981,"rows":128,"groups":16,"outputs":80,"memo":true,"build_s":[0.0013515, 0.001278],"support_s":[4.0459e-5, 2.2417e-5],"import_s":[0.000981167, 0.000948291],"admission_s":[0.000329583, 0.00030725],"join_only_s":[1.8583e-5, 5.208e-6],"fresh_s":[0.021982042, 0.02268875],"warm_s":[2.375e-5, 2.6291e-5],"input_bytes_est":134364,"final_bytes_est":4288604,"input_nodes":1499,"final_nodes":33993,"input_storage":{"layout":"slab","record_bytes":23984,"table_bytes":23032,"interner_bytes":36460,"metadata_bytes":12136,"cache_bytes":38080,"records":1499,"tables":514,"logical_words":2879,"total_bytes_est":133692},"final_storage":{"layout":"slab","record_bytes":767488,"table_bytes":737024,"interner_bytes":1166720,"metadata_bytes":383888,"cache_bytes":1218560,"records":33993,"tables":13901,"logical_words":70367,"total_bytes_est":4273680},"checksum":181462800,"verified":true}
ok

test result: ok. 1 passed; 0 failed; 0 ignored; 0 measured; 1378 filtered out; finished in 8.90s


        8.90 real         8.68 user         0.13 sys
            30048256  maximum resident set size
                   0  average shared memory size
                   0  average unshared data size
                   0  average unshared stack size
                2049  page reclaims
                   0  page faults
                   0  swaps
                   0  block input operations
                   0  block output operations
                   0  messages sent
                   0  messages received
                   0  signals received
                   0  voluntary context switches
                1337  involuntary context switches
        121084960962  instructions retired
         29605790190  cycles elapsed
            26968472  peak memory footprint
