
running 1 test
test event_repr_lab::experiment ... EVENT_LAB {"kind":"legal_relation_free_join","candidate":"essential512","domain":"fibred","product_mode":"views-inputs","support_gates":"certified","bits":13,"width":4,"environments":2,"worlds":8192,"admissible_worlds":3197,"rows":128,"groups":16,"outputs":80,"memo":false,"build_s":[0.0016395, 0.001567541],"support_s":[0.000146292, 8.5833e-5],"import_s":[0.000395416, 0.000408666],"admission_s":[0.001097375, 0.001072917],"join_only_s":[3.2916e-5, 5.583e-6],"fresh_s":[0.007314125, 0.007476667],"warm_s":[0.002853041, 0.002724833],"input_bytes_est":235828,"final_bytes_est":1033408,"input_nodes":2194,"final_nodes":7236,"input_storage":{"layout":"slab","record_bytes":35104,"table_bytes":44240,"interner_bytes":69704,"metadata_bytes":17656,"cache_bytes":68544,"records":2194,"tables":1021,"logical_words":5530,"total_bytes_est":235248},"final_storage":{"layout":"slab","record_bytes":140416,"table_bytes":176960,"interner_bytes":278816,"metadata_bytes":70312,"cache_bytes":365568,"records":7236,"tables":4099,"logical_words":21477,"total_bytes_est":1032072},"checksum":5522780,"verified":true}
EVENT_LAB {"kind":"legal_relation_free_join","candidate":"essential512","domain":"fibred","product_mode":"views-inputs","support_gates":"certified","bits":13,"width":4,"environments":2,"worlds":8192,"admissible_worlds":3197,"rows":128,"groups":16,"outputs":80,"memo":true,"build_s":[0.0016395, 0.001567541],"support_s":[0.000146292, 8.5833e-5],"import_s":[0.000395416, 0.000408666],"admission_s":[0.001097375, 0.001072917],"join_only_s":[3.2916e-5, 5.583e-6],"fresh_s":[0.0057775, 0.005802625],"warm_s":[2.0417e-5, 2.2875e-5],"input_bytes_est":235828,"final_bytes_est":1047576,"input_nodes":2194,"final_nodes":7236,"input_storage":{"layout":"slab","record_bytes":35104,"table_bytes":44240,"interner_bytes":69704,"metadata_bytes":17656,"cache_bytes":68544,"records":2194,"tables":1021,"logical_words":5530,"total_bytes_est":235248},"final_storage":{"layout":"slab","record_bytes":140416,"table_bytes":176960,"interner_bytes":278816,"metadata_bytes":70312,"cache_bytes":365568,"records":7236,"tables":4099,"logical_words":21477,"total_bytes_est":1032072},"checksum":5522780,"verified":true}
EVENT_LAB {"kind":"legal_relation_free_join","candidate":"essential512","domain":"fibred","product_mode":"views-inputs","support_gates":"certified","bits":19,"width":6,"environments":2,"worlds":524288,"admissible_worlds":301069,"rows":128,"groups":16,"outputs":80,"memo":false,"build_s":[0.007672208, 0.007502416],"support_s":[0.000438875, 0.000423916],"import_s":[0.001931583, 0.001931417],"admission_s":[0.005301167, 0.005146917],"join_only_s":[2.0625e-5, 5.333e-6],"fresh_s":[0.09167025, 0.08276225],"warm_s":[0.023290542, 0.024408792],"input_bytes_est":1527240,"final_bytes_est":11063936,"input_nodes":15013,"final_nodes":109832,"input_storage":{"layout":"slab","record_bytes":240208,"table_bytes":115592,"interner_bytes":547476,"metadata_bytes":120256,"cache_bytes":502656,"records":15013,"tables":2572,"logical_words":14449,"total_bytes_est":1526188},"final_storage":{"layout":"slab","record_bytes":1921664,"table_bytes":1849472,"interner_bytes":2430112,"metadata_bytes":960984,"cache_bytes":3899392,"records":109832,"tables":30453,"logical_words":168293,"total_bytes_est":11061624},"checksum":243821880,"verified":true}
EVENT_LAB {"kind":"legal_relation_free_join","candidate":"essential512","domain":"fibred","product_mode":"views-inputs","support_gates":"certified","bits":19,"width":6,"environments":2,"worlds":524288,"admissible_worlds":301069,"rows":128,"groups":16,"outputs":80,"memo":true,"build_s":[0.007672208, 0.007502416],"support_s":[0.000438875, 0.000423916],"import_s":[0.001931583, 0.001931417],"admission_s":[0.005301167, 0.005146917],"join_only_s":[2.0625e-5, 5.333e-6],"fresh_s":[0.076000208, 0.072853084],"warm_s":[2.475e-5, 2.8417e-5],"input_bytes_est":1527240,"final_bytes_est":11079000,"input_nodes":15013,"final_nodes":109832,"input_storage":{"layout":"slab","record_bytes":240208,"table_bytes":115592,"interner_bytes":547476,"metadata_bytes":120256,"cache_bytes":502656,"records":15013,"tables":2572,"logical_words":14449,"total_bytes_est":1526188},"final_storage":{"layout":"slab","record_bytes":1921664,"table_bytes":1849472,"interner_bytes":2430112,"metadata_bytes":960984,"cache_bytes":3899392,"records":109832,"tables":30453,"logical_words":168293,"total_bytes_est":11061624},"checksum":243821880,"verified":true}
ok

test result: ok. 1 passed; 0 failed; 0 ignored; 0 measured; 1378 filtered out; finished in 25.56s


       25.56 real        25.23 user         0.26 sys
            49840128  maximum resident set size
                   0  average shared memory size
                   0  average unshared data size
                   0  average unshared stack size
                3258  page reclaims
                   0  page faults
                   0  swaps
                   0  block input operations
                   0  block output operations
                   0  messages sent
                   0  messages received
                   0  signals received
                   0  voluntary context switches
               10347  involuntary context switches
        297697570525  instructions retired
         84978055783  cycles elapsed
            46743960  peak memory footprint
