
running 1 test
test event_repr_lab::experiment ... EVENT_LAB {"kind":"legal_relation_free_join","candidate":"essential512","domain":"below","product_mode":"materialized","support_gates":"materialized","bits":12,"width":4,"environments":1,"worlds":4096,"admissible_worlds":2197,"rows":128,"groups":16,"outputs":80,"memo":false,"build_s":[0.000490916, 0.000398833],"support_s":[5.1166e-5, 1.7375e-5],"import_s":[0.000235125, 0.000202375],"admission_s":[0.000204375, 0.000178958],"join_only_s":[2.7917e-5, 5.292e-6],"fresh_s":[0.002086292, 0.00208325],"warm_s":[0.000630625, 0.000648875],"input_bytes_est":58888,"final_bytes_est":330908,"input_nodes":524,"final_nodes":2130,"input_storage":{"layout":"slab","record_bytes":8384,"table_bytes":9392,"interner_bytes":17328,"metadata_bytes":4288,"cache_bytes":19040,"records":524,"tables":333,"logical_words":1174,"total_bytes_est":58432},"final_storage":{"layout":"slab","record_bytes":67072,"table_bytes":75136,"interner_bytes":77696,"metadata_bytes":33632,"cache_bytes":76160,"records":2130,"tables":1135,"logical_words":4741,"total_bytes_est":329696},"checksum":3773900,"verified":true}
EVENT_LAB {"kind":"legal_relation_free_join","candidate":"essential512","domain":"below","product_mode":"materialized","support_gates":"materialized","bits":12,"width":4,"environments":1,"worlds":4096,"admissible_worlds":2197,"rows":128,"groups":16,"outputs":80,"memo":true,"build_s":[0.000490916, 0.000398833],"support_s":[5.1166e-5, 1.7375e-5],"import_s":[0.000235125, 0.000202375],"admission_s":[0.000204375, 0.000178958],"join_only_s":[2.7917e-5, 5.292e-6],"fresh_s":[0.001739875, 0.001711083],"warm_s":[1.8833e-5, 3.1458e-5],"input_bytes_est":58888,"final_bytes_est":343900,"input_nodes":524,"final_nodes":2130,"input_storage":{"layout":"slab","record_bytes":8384,"table_bytes":9392,"interner_bytes":17328,"metadata_bytes":4288,"cache_bytes":19040,"records":524,"tables":333,"logical_words":1174,"total_bytes_est":58432},"final_storage":{"layout":"slab","record_bytes":67072,"table_bytes":75136,"interner_bytes":77696,"metadata_bytes":33632,"cache_bytes":76160,"records":2130,"tables":1135,"logical_words":4741,"total_bytes_est":329696},"checksum":3773900,"verified":true}
EVENT_LAB {"kind":"legal_relation_free_join","candidate":"essential512","domain":"below","product_mode":"materialized","support_gates":"materialized","bits":18,"width":6,"environments":1,"worlds":262144,"admissible_worlds":226981,"rows":128,"groups":16,"outputs":80,"memo":false,"build_s":[0.002691459, 0.002855417],"support_s":[5.2125e-5, 3.2709e-5],"import_s":[0.0018685, 0.001839791],"admission_s":[0.000770459, 0.000982833],"join_only_s":[1.9125e-5, 5.833e-6],"fresh_s":[0.014536584, 0.013592042],"warm_s":[0.003750583, 0.003847],"input_bytes_est":294184,"final_bytes_est":2226660,"input_nodes":3290,"final_nodes":16146,"input_storage":{"layout":"slab","record_bytes":52640,"table_bytes":48928,"interner_bytes":74088,"metadata_bytes":26464,"cache_bytes":91392,"records":3290,"tables":1477,"logical_words":6116,"total_bytes_est":293512},"final_storage":{"layout":"slab","record_bytes":421120,"table_bytes":391424,"interner_bytes":592704,"metadata_bytes":210704,"cache_bytes":609280,"records":16146,"tables":5986,"logical_words":27665,"total_bytes_est":2225232},"checksum":181462800,"verified":true}
EVENT_LAB {"kind":"legal_relation_free_join","candidate":"essential512","domain":"below","product_mode":"materialized","support_gates":"materialized","bits":18,"width":6,"environments":1,"worlds":262144,"admissible_worlds":226981,"rows":128,"groups":16,"outputs":80,"memo":true,"build_s":[0.002691459, 0.002855417],"support_s":[5.2125e-5, 3.2709e-5],"import_s":[0.0018685, 0.001839791],"admission_s":[0.000770459, 0.000982833],"join_only_s":[1.9125e-5, 5.833e-6],"fresh_s":[0.011484125, 0.011025167],"warm_s":[2.8584e-5, 3.6166e-5],"input_bytes_est":294184,"final_bytes_est":2239652,"input_nodes":3290,"final_nodes":16146,"input_storage":{"layout":"slab","record_bytes":52640,"table_bytes":48928,"interner_bytes":74088,"metadata_bytes":26464,"cache_bytes":91392,"records":3290,"tables":1477,"logical_words":6116,"total_bytes_est":293512},"final_storage":{"layout":"slab","record_bytes":421120,"table_bytes":391424,"interner_bytes":592704,"metadata_bytes":210704,"cache_bytes":609280,"records":16146,"tables":5986,"logical_words":27665,"total_bytes_est":2225232},"checksum":181462800,"verified":true}
ok

test result: ok. 1 passed; 0 failed; 0 ignored; 0 measured; 1378 filtered out; finished in 8.56s


        8.56 real         8.47 user         0.07 sys
            19841024  maximum resident set size
                   0  average shared memory size
                   0  average unshared data size
                   0  average unshared stack size
                1427  page reclaims
                   0  page faults
                   0  swaps
                   0  block input operations
                   0  block output operations
                   0  messages sent
                   0  messages received
                   0  signals received
                   0  voluntary context switches
                1058  involuntary context switches
        116658322773  instructions retired
         28448192682  cycles elapsed
            16859544  peak memory footprint
