
running 1 test
test event_repr_lab::experiment ... EVENT_LAB {"kind":"legal_relation_free_join","candidate":"essential512","domain":"below","product_mode":"materialized","support_gates":"materialized","bits":12,"width":4,"environments":1,"worlds":4096,"admissible_worlds":2197,"rows":128,"groups":16,"outputs":80,"memo":false,"build_s":[0.000350625, 0.000277917],"support_s":[4.4083e-5, 1.45e-5],"import_s":[0.000152708, 0.000128417],"admission_s":[0.000153583, 0.000134959],"join_only_s":[3.2583e-5, 5.375e-6],"fresh_s":[0.003139625, 0.003062666],"warm_s":[0.0010005, 0.00089675],"input_bytes_est":36808,"final_bytes_est":520476,"input_nodes":400,"final_nodes":3295,"input_storage":{"layout":"slab","record_bytes":6400,"table_bytes":7920,"interner_bytes":9216,"metadata_bytes":3296,"cache_bytes":9520,"records":400,"tables":213,"logical_words":990,"total_bytes_est":36352},"final_storage":{"layout":"slab","record_bytes":102400,"table_bytes":126720,"interner_bytes":86528,"metadata_bytes":51296,"cache_bytes":152320,"records":3295,"tables":2097,"logical_words":10581,"total_bytes_est":519264},"checksum":3773900,"verified":true}
EVENT_LAB {"kind":"legal_relation_free_join","candidate":"essential512","domain":"below","product_mode":"materialized","support_gates":"materialized","bits":12,"width":4,"environments":1,"worlds":4096,"admissible_worlds":2197,"rows":128,"groups":16,"outputs":80,"memo":true,"build_s":[0.000350625, 0.000277917],"support_s":[4.4083e-5, 1.45e-5],"import_s":[0.000152708, 0.000128417],"admission_s":[0.000153583, 0.000134959],"join_only_s":[3.2583e-5, 5.375e-6],"fresh_s":[0.002582959, 0.002712584],"warm_s":[1.6041e-5, 2.825e-5],"input_bytes_est":36808,"final_bytes_est":533468,"input_nodes":400,"final_nodes":3295,"input_storage":{"layout":"slab","record_bytes":6400,"table_bytes":7920,"interner_bytes":9216,"metadata_bytes":3296,"cache_bytes":9520,"records":400,"tables":213,"logical_words":990,"total_bytes_est":36352},"final_storage":{"layout":"slab","record_bytes":102400,"table_bytes":126720,"interner_bytes":86528,"metadata_bytes":51296,"cache_bytes":152320,"records":3295,"tables":2097,"logical_words":10581,"total_bytes_est":519264},"checksum":3773900,"verified":true}
EVENT_LAB {"kind":"legal_relation_free_join","candidate":"essential512","domain":"below","product_mode":"materialized","support_gates":"materialized","bits":18,"width":6,"environments":1,"worlds":262144,"admissible_worlds":226981,"rows":128,"groups":16,"outputs":80,"memo":false,"build_s":[0.001410667, 0.001341875],"support_s":[3.5584e-5, 2.1834e-5],"import_s":[0.001001292, 0.001005042],"admission_s":[0.000373209, 0.000314916],"join_only_s":[1.5917e-5, 5.292e-6],"fresh_s":[0.036190208, 0.033926667],"warm_s":[0.007755, 0.017299208],"input_bytes_est":134364,"final_bytes_est":6598948,"input_nodes":1499,"final_nodes":49714,"input_storage":{"layout":"slab","record_bytes":23984,"table_bytes":23032,"interner_bytes":36460,"metadata_bytes":12136,"cache_bytes":38080,"records":1499,"tables":514,"logical_words":2879,"total_bytes_est":133692},"final_storage":{"layout":"slab","record_bytes":1534976,"table_bytes":1474048,"interner_bytes":1358592,"metadata_bytes":767632,"cache_bytes":1462272,"records":49714,"tables":19536,"logical_words":93935,"total_bytes_est":6597520},"checksum":181462800,"verified":true}
EVENT_LAB {"kind":"legal_relation_free_join","candidate":"essential512","domain":"below","product_mode":"materialized","support_gates":"materialized","bits":18,"width":6,"environments":1,"worlds":262144,"admissible_worlds":226981,"rows":128,"groups":16,"outputs":80,"memo":true,"build_s":[0.001410667, 0.001341875],"support_s":[3.5584e-5, 2.1834e-5],"import_s":[0.001001292, 0.001005042],"admission_s":[0.000373209, 0.000314916],"join_only_s":[1.5917e-5, 5.292e-6],"fresh_s":[0.1725105, 0.096239792],"warm_s":[2.8333e-5, 3.0666e-5],"input_bytes_est":134364,"final_bytes_est":6611940,"input_nodes":1499,"final_nodes":49714,"input_storage":{"layout":"slab","record_bytes":23984,"table_bytes":23032,"interner_bytes":36460,"metadata_bytes":12136,"cache_bytes":38080,"records":1499,"tables":514,"logical_words":2879,"total_bytes_est":133692},"final_storage":{"layout":"slab","record_bytes":1534976,"table_bytes":1474048,"interner_bytes":1358592,"metadata_bytes":767632,"cache_bytes":1462272,"records":49714,"tables":19536,"logical_words":93935,"total_bytes_est":6597520},"checksum":181462800,"verified":true}
ok

test result: ok. 1 passed; 0 failed; 0 ignored; 0 measured; 1378 filtered out; finished in 17.81s


       17.81 real         9.40 user         0.05 sys
            33570816  maximum resident set size
                   0  average shared memory size
                   0  average unshared data size
                   0  average unshared stack size
                2264  page reclaims
                   0  page faults
                   0  swaps
                   0  block input operations
                   0  block output operations
                   0  messages sent
                   0  messages received
                   0  signals received
                   0  voluntary context switches
                4724  involuntary context switches
        121720844714  instructions retired
         30212585382  cycles elapsed
            30589336  peak memory footprint
