
running 1 test
test event_repr_lab::experiment ... EVENT_LAB {"kind":"readout_free_join","candidate":"prefix512","domain":"fibred","readout_family":"non-suffix","readout_faces":"x","hidden":8,"width":4,"bits":13,"worlds":8192,"admissible_worlds":3197,"environments":2,"rows":128,"groups":16,"outputs":64,"memo":false,"changed_possible_groups":16,"changed_guaranteed_groups":16,"nonconstant_readouts":48,"build_s":[0.000985042],"support_s":[0.000228708],"import_s":[0.000686208],"admission_s":[6.9708e-5],"join_only_s":[3.0583e-5],"fresh_s":[0.000533458],"fresh_group_s":[0.0001565],"fresh_readout_s":[0.000359583],"fresh_compute_s":[0.00051725],"fresh_count_s":[1.6083e-5],"warm_s":[3.975e-5],"warm_group_s":[1.35e-5],"warm_readout_s":[1.4125e-5],"warm_compute_s":[2.7875e-5],"warm_count_s":[1.1791e-5],"input_nodes":1045,"final_nodes":1639,"input_bytes_est":135928,"final_bytes_est":217740,"input_storage":{"layout":"slab","record_bytes":16720,"table_bytes":26120,"interner_bytes":34644,"metadata_bytes":8716,"cache_bytes":49728,"records":1045,"tables":1032,"logical_words":3265,"total_bytes_est":135928},"final_storage":{"layout":"slab","record_bytes":33440,"table_bytes":52240,"interner_bytes":38824,"metadata_bytes":17076,"cache_bytes":76160,"records":1639,"tables":1626,"logical_words":5436,"total_bytes_est":217740},"outer_memo_bytes":0,"colt_bytes":14992,"checksum":607690,"verified":true}
EVENT_LAB {"kind":"readout_free_join","candidate":"prefix512","domain":"fibred","readout_family":"non-suffix","readout_faces":"x","hidden":8,"width":4,"bits":13,"worlds":8192,"admissible_worlds":3197,"environments":2,"rows":128,"groups":16,"outputs":64,"memo":true,"changed_possible_groups":16,"changed_guaranteed_groups":16,"nonconstant_readouts":48,"build_s":[0.000985042],"support_s":[0.000228708],"import_s":[0.000686208],"admission_s":[6.9708e-5],"join_only_s":[3.0583e-5],"fresh_s":[0.000519833],"fresh_group_s":[0.000147083],"fresh_readout_s":[0.000360833],"fresh_compute_s":[0.000508041],"fresh_count_s":[1.175e-5],"warm_s":[3.4125e-5],"warm_group_s":[8.584e-6],"warm_readout_s":[1.3958e-5],"warm_compute_s":[2.2584e-5],"warm_count_s":[1.1459e-5],"input_nodes":1045,"final_nodes":1639,"input_bytes_est":135928,"final_bytes_est":226700,"input_storage":{"layout":"slab","record_bytes":16720,"table_bytes":26120,"interner_bytes":34644,"metadata_bytes":8716,"cache_bytes":49728,"records":1045,"tables":1032,"logical_words":3265,"total_bytes_est":135928},"final_storage":{"layout":"slab","record_bytes":33440,"table_bytes":52240,"interner_bytes":38824,"metadata_bytes":17076,"cache_bytes":76160,"records":1639,"tables":1626,"logical_words":5436,"total_bytes_est":217740},"outer_memo_bytes":8960,"colt_bytes":14992,"checksum":607690,"verified":true}
EVENT_LAB {"kind":"readout_free_join","candidate":"prefix512","domain":"fibred","readout_family":"non-suffix","readout_faces":"x","hidden":32,"width":6,"bits":19,"worlds":524288,"admissible_worlds":301069,"environments":2,"rows":128,"groups":16,"outputs":64,"memo":false,"changed_possible_groups":16,"changed_guaranteed_groups":16,"nonconstant_readouts":48,"build_s":[0.010421042],"support_s":[0.000527959],"import_s":[0.009559667],"admission_s":[0.000332917],"join_only_s":[1.4417e-5],"fresh_s":[0.003252541],"fresh_group_s":[0.001266834],"fresh_readout_s":[0.001851041],"fresh_compute_s":[0.003118041],"fresh_count_s":[0.000134375],"warm_s":[0.000495625],"warm_group_s":[3.2458e-5],"warm_readout_s":[0.000322125],"warm_compute_s":[0.0003555],"warm_count_s":[0.000139917],"input_nodes":15017,"final_nodes":19093,"input_bytes_est":1595464,"final_bytes_est":2404708,"input_storage":{"layout":"slab","record_bytes":240272,"table_bytes":274976,"interner_bytes":547492,"metadata_bytes":120564,"cache_bytes":412160,"records":15017,"tables":6591,"logical_words":34372,"total_bytes_est":1595464},"final_storage":{"layout":"slab","record_bytes":480544,"table_bytes":549952,"interner_bytes":607560,"metadata_bytes":240700,"cache_bytes":525952,"records":19093,"tables":8864,"logical_words":44752,"total_bytes_est":2404708},"outer_memo_bytes":0,"colt_bytes":14992,"checksum":12912164,"verified":true}
EVENT_LAB {"kind":"readout_free_join","candidate":"prefix512","domain":"fibred","readout_family":"non-suffix","readout_faces":"x","hidden":32,"width":6,"bits":19,"worlds":524288,"admissible_worlds":301069,"environments":2,"rows":128,"groups":16,"outputs":64,"memo":true,"changed_possible_groups":16,"changed_guaranteed_groups":16,"nonconstant_readouts":48,"build_s":[0.010421042],"support_s":[0.000527959],"import_s":[0.009559667],"admission_s":[0.000332917],"join_only_s":[1.4417e-5],"fresh_s":[0.003229583],"fresh_group_s":[0.00124225],"fresh_readout_s":[0.001859042],"fresh_compute_s":[0.003101958],"fresh_count_s":[0.000127541],"warm_s":[0.000450583],"warm_group_s":[1.6666e-5],"warm_readout_s":[0.000300667],"warm_compute_s":[0.000317875],"warm_count_s":[0.000132625],"input_nodes":15017,"final_nodes":19093,"input_bytes_est":1595464,"final_bytes_est":2413668,"input_storage":{"layout":"slab","record_bytes":240272,"table_bytes":274976,"interner_bytes":547492,"metadata_bytes":120564,"cache_bytes":412160,"records":15017,"tables":6591,"logical_words":34372,"total_bytes_est":1595464},"final_storage":{"layout":"slab","record_bytes":480544,"table_bytes":549952,"interner_bytes":607560,"metadata_bytes":240700,"cache_bytes":525952,"records":19093,"tables":8864,"logical_words":44752,"total_bytes_est":2404708},"outer_memo_bytes":8960,"colt_bytes":14992,"checksum":12912164,"verified":true}
ok

test result: ok. 1 passed; 0 failed; 0 ignored; 0 measured; 1378 filtered out; finished in 7.97s


        7.97 real         7.85 user         0.10 sys
            32194560  maximum resident set size
                   0  average shared memory size
                   0  average unshared data size
                   0  average unshared stack size
                2180  page reclaims
                   0  page faults
                   0  swaps
                   0  block input operations
                   0  block output operations
                   0  messages sent
                   0  messages received
                   0  signals received
                   0  voluntary context switches
                 336  involuntary context switches
         99757367060  instructions retired
         26687435811  cycles elapsed
            29163928  peak memory footprint
