
running 1 test
test event_repr_lab::experiment ... EVENT_LAB {"kind":"readout_free_join","candidate":"retraction512","domain":"fibred","readout_family":"non-suffix","readout_faces":"x","hidden":8,"width":4,"bits":13,"worlds":8192,"admissible_worlds":3197,"environments":2,"rows":128,"groups":16,"outputs":64,"memo":false,"changed_possible_groups":16,"changed_guaranteed_groups":16,"nonconstant_readouts":48,"build_s":[0.000997291],"support_s":[0.00021325],"import_s":[0.000711875],"admission_s":[7.1792e-5],"join_only_s":[2.8625e-5],"fresh_s":[0.000755041],"fresh_group_s":[0.000166625],"fresh_readout_s":[0.00057075],"fresh_compute_s":[0.000738708],"fresh_count_s":[1.625e-5],"warm_s":[5.0459e-5],"warm_group_s":[1.6459e-5],"warm_readout_s":[2.1541e-5],"warm_compute_s":[3.8042e-5],"warm_count_s":[1.2333e-5],"input_nodes":1045,"final_nodes":1843,"input_bytes_est":124512,"final_bytes_est":308540,"input_storage":{"layout":"slab","record_bytes":16720,"table_bytes":29936,"interner_bytes":34644,"metadata_bytes":8716,"cache_bytes":34496,"records":1045,"tables":1031,"logical_words":3742,"total_bytes_est":124512},"final_storage":{"layout":"slab","record_bytes":33440,"table_bytes":119744,"interner_bytes":69288,"metadata_bytes":17076,"cache_bytes":68992,"records":1843,"tables":1829,"logical_words":7537,"total_bytes_est":308540},"outer_memo_bytes":0,"colt_bytes":14992,"checksum":607690,"verified":true}
EVENT_LAB {"kind":"readout_free_join","candidate":"retraction512","domain":"fibred","readout_family":"non-suffix","readout_faces":"x","hidden":8,"width":4,"bits":13,"worlds":8192,"admissible_worlds":3197,"environments":2,"rows":128,"groups":16,"outputs":64,"memo":true,"changed_possible_groups":16,"changed_guaranteed_groups":16,"nonconstant_readouts":48,"build_s":[0.000997291],"support_s":[0.00021325],"import_s":[0.000711875],"admission_s":[7.1792e-5],"join_only_s":[2.8625e-5],"fresh_s":[0.000695667],"fresh_group_s":[0.000145958],"fresh_readout_s":[0.000536917],"fresh_compute_s":[0.000682958],"fresh_count_s":[1.2625e-5],"warm_s":[5.2125e-5],"warm_group_s":[2.1375e-5],"warm_readout_s":[1.7084e-5],"warm_compute_s":[3.8708e-5],"warm_count_s":[1.3333e-5],"input_nodes":1045,"final_nodes":1843,"input_bytes_est":124512,"final_bytes_est":317500,"input_storage":{"layout":"slab","record_bytes":16720,"table_bytes":29936,"interner_bytes":34644,"metadata_bytes":8716,"cache_bytes":34496,"records":1045,"tables":1031,"logical_words":3742,"total_bytes_est":124512},"final_storage":{"layout":"slab","record_bytes":33440,"table_bytes":119744,"interner_bytes":69288,"metadata_bytes":17076,"cache_bytes":68992,"records":1843,"tables":1829,"logical_words":7537,"total_bytes_est":308540},"outer_memo_bytes":8960,"colt_bytes":14992,"checksum":607690,"verified":true}
EVENT_LAB {"kind":"readout_free_join","candidate":"retraction512","domain":"fibred","readout_family":"non-suffix","readout_faces":"x","hidden":32,"width":6,"bits":19,"worlds":524288,"admissible_worlds":301069,"environments":2,"rows":128,"groups":16,"outputs":64,"memo":false,"changed_possible_groups":16,"changed_guaranteed_groups":16,"nonconstant_readouts":48,"build_s":[0.015670083],"support_s":[0.000739333],"import_s":[0.014568625],"admission_s":[0.000361875],"join_only_s":[1.5584e-5],"fresh_s":[0.010385291],"fresh_group_s":[0.001403375],"fresh_readout_s":[0.00882525],"fresh_compute_s":[0.010228791],"fresh_count_s":[0.000156375],"warm_s":[0.000233875],"warm_group_s":[3.2042e-5],"warm_readout_s":[3.3875e-5],"warm_compute_s":[6.6125e-5],"warm_count_s":[0.000167708],"input_nodes":20384,"final_nodes":34132,"input_bytes_est":2181980,"final_bytes_est":4424460,"input_storage":{"layout":"slab","record_bytes":326144,"table_bytes":528432,"interner_bytes":568960,"metadata_bytes":163500,"cache_bytes":594944,"records":20384,"tables":10534,"logical_words":66054,"total_bytes_est":2181980},"final_storage":{"layout":"slab","record_bytes":652288,"table_bytes":1056864,"interner_bytes":1137920,"metadata_bytes":326572,"cache_bytes":1250816,"records":34132,"tables":17135,"logical_words":108113,"total_bytes_est":4424460},"outer_memo_bytes":0,"colt_bytes":14992,"checksum":12912164,"verified":true}
EVENT_LAB {"kind":"readout_free_join","candidate":"retraction512","domain":"fibred","readout_family":"non-suffix","readout_faces":"x","hidden":32,"width":6,"bits":19,"worlds":524288,"admissible_worlds":301069,"environments":2,"rows":128,"groups":16,"outputs":64,"memo":true,"changed_possible_groups":16,"changed_guaranteed_groups":16,"nonconstant_readouts":48,"build_s":[0.015670083],"support_s":[0.000739333],"import_s":[0.014568625],"admission_s":[0.000361875],"join_only_s":[1.5584e-5],"fresh_s":[0.01038175],"fresh_group_s":[0.001331417],"fresh_readout_s":[0.008894166],"fresh_compute_s":[0.010226042],"fresh_count_s":[0.000155625],"warm_s":[0.000224083],"warm_group_s":[1.7208e-5],"warm_readout_s":[3.7208e-5],"warm_compute_s":[5.4792e-5],"warm_count_s":[0.000169167],"input_nodes":20384,"final_nodes":34132,"input_bytes_est":2181980,"final_bytes_est":4433420,"input_storage":{"layout":"slab","record_bytes":326144,"table_bytes":528432,"interner_bytes":568960,"metadata_bytes":163500,"cache_bytes":594944,"records":20384,"tables":10534,"logical_words":66054,"total_bytes_est":2181980},"final_storage":{"layout":"slab","record_bytes":652288,"table_bytes":1056864,"interner_bytes":1137920,"metadata_bytes":326572,"cache_bytes":1250816,"records":34132,"tables":17135,"logical_words":108113,"total_bytes_est":4424460},"outer_memo_bytes":8960,"colt_bytes":14992,"checksum":12912164,"verified":true}
ok

test result: ok. 1 passed; 0 failed; 0 ignored; 0 measured; 1378 filtered out; finished in 11.07s


       11.07 real        10.84 user         0.22 sys
           185303040  maximum resident set size
                   0  average shared memory size
                   0  average unshared data size
                   0  average unshared stack size
               15683  page reclaims
                   0  page faults
                   0  swaps
                   0  block input operations
                   0  block output operations
                   0  messages sent
                   0  messages received
                   0  signals received
                   0  voluntary context switches
                 324  involuntary context switches
        134404248511  instructions retired
         37621764110  cycles elapsed
           182370904  peak memory footprint
