
running 1 test
test event_repr_lab::experiment ... EVENT_LAB {"kind":"readout_free_join","candidate":"retraction512","domain":"fibred","readout_family":"non-suffix","readout_faces":"x","hidden":8,"width":4,"bits":13,"worlds":8192,"admissible_worlds":3197,"environments":2,"rows":128,"groups":16,"outputs":64,"memo":false,"changed_possible_groups":16,"changed_guaranteed_groups":16,"nonconstant_readouts":48,"build_s":[0.00097575],"support_s":[0.000199291],"import_s":[0.000702959],"admission_s":[7.325e-5],"join_only_s":[2.8083e-5],"fresh_s":[0.000638625],"fresh_group_s":[0.000156],"fresh_readout_s":[0.0004635],"fresh_compute_s":[0.00062075],"fresh_count_s":[1.7833e-5],"warm_s":[4.4333e-5],"warm_group_s":[1.5584e-5],"warm_readout_s":[1.5083e-5],"warm_compute_s":[3.0791e-5],"warm_count_s":[1.3458e-5],"input_nodes":1045,"final_nodes":1745,"input_bytes_est":124512,"final_bytes_est":218204,"input_storage":{"layout":"slab","record_bytes":16720,"table_bytes":29936,"interner_bytes":34644,"metadata_bytes":8716,"cache_bytes":34496,"records":1045,"tables":1031,"logical_words":3742,"total_bytes_est":124512},"final_storage":{"layout":"slab","record_bytes":33440,"table_bytes":59872,"interner_bytes":38824,"metadata_bytes":17076,"cache_bytes":68992,"records":1745,"tables":1731,"logical_words":7421,"total_bytes_est":218204},"outer_memo_bytes":0,"colt_bytes":14992,"checksum":607690,"verified":true}
EVENT_LAB {"kind":"readout_free_join","candidate":"retraction512","domain":"fibred","readout_family":"non-suffix","readout_faces":"x","hidden":8,"width":4,"bits":13,"worlds":8192,"admissible_worlds":3197,"environments":2,"rows":128,"groups":16,"outputs":64,"memo":true,"changed_possible_groups":16,"changed_guaranteed_groups":16,"nonconstant_readouts":48,"build_s":[0.00097575],"support_s":[0.000199291],"import_s":[0.000702959],"admission_s":[7.325e-5],"join_only_s":[2.8083e-5],"fresh_s":[0.000639917],"fresh_group_s":[0.000156041],"fresh_readout_s":[0.000470667],"fresh_compute_s":[0.000626958],"fresh_count_s":[1.2875e-5],"warm_s":[4.3791e-5],"warm_group_s":[1.2041e-5],"warm_readout_s":[1.8125e-5],"warm_compute_s":[3.0375e-5],"warm_count_s":[1.3334e-5],"input_nodes":1045,"final_nodes":1745,"input_bytes_est":124512,"final_bytes_est":227164,"input_storage":{"layout":"slab","record_bytes":16720,"table_bytes":29936,"interner_bytes":34644,"metadata_bytes":8716,"cache_bytes":34496,"records":1045,"tables":1031,"logical_words":3742,"total_bytes_est":124512},"final_storage":{"layout":"slab","record_bytes":33440,"table_bytes":59872,"interner_bytes":38824,"metadata_bytes":17076,"cache_bytes":68992,"records":1745,"tables":1731,"logical_words":7421,"total_bytes_est":218204},"outer_memo_bytes":8960,"colt_bytes":14992,"checksum":607690,"verified":true}
EVENT_LAB {"kind":"readout_free_join","candidate":"retraction512","domain":"fibred","readout_family":"non-suffix","readout_faces":"x","hidden":32,"width":6,"bits":19,"worlds":524288,"admissible_worlds":301069,"environments":2,"rows":128,"groups":16,"outputs":64,"memo":false,"changed_possible_groups":16,"changed_guaranteed_groups":16,"nonconstant_readouts":48,"build_s":[0.015227959],"support_s":[0.000741292],"import_s":[0.014131166],"admission_s":[0.000355041],"join_only_s":[1.6708e-5],"fresh_s":[0.015580459],"fresh_group_s":[0.001380167],"fresh_readout_s":[0.014036291],"fresh_compute_s":[0.01541675],"fresh_count_s":[0.000163625],"warm_s":[0.000269542],"warm_group_s":[2.85e-5],"warm_readout_s":[4.3708e-5],"warm_compute_s":[7.2875e-5],"warm_count_s":[0.000196583],"input_nodes":20384,"final_nodes":41728,"input_bytes_est":2181980,"final_bytes_est":6622828,"input_storage":{"layout":"slab","record_bytes":326144,"table_bytes":528432,"interner_bytes":568960,"metadata_bytes":163500,"cache_bytes":594944,"records":20384,"tables":10534,"logical_words":66054,"total_bytes_est":2181980},"final_storage":{"layout":"slab","record_bytes":1304576,"table_bytes":2113728,"interner_bytes":1300992,"metadata_bytes":652716,"cache_bytes":1250816,"records":41728,"tables":21100,"logical_words":135254,"total_bytes_est":6622828},"outer_memo_bytes":0,"colt_bytes":14992,"checksum":12912164,"verified":true}
EVENT_LAB {"kind":"readout_free_join","candidate":"retraction512","domain":"fibred","readout_family":"non-suffix","readout_faces":"x","hidden":32,"width":6,"bits":19,"worlds":524288,"admissible_worlds":301069,"environments":2,"rows":128,"groups":16,"outputs":64,"memo":true,"changed_possible_groups":16,"changed_guaranteed_groups":16,"nonconstant_readouts":48,"build_s":[0.015227959],"support_s":[0.000741292],"import_s":[0.014131166],"admission_s":[0.000355041],"join_only_s":[1.6708e-5],"fresh_s":[0.015465292],"fresh_group_s":[0.001340667],"fresh_readout_s":[0.013961125],"fresh_compute_s":[0.0153025],"fresh_count_s":[0.000162708],"warm_s":[0.000262834],"warm_group_s":[1.9916e-5],"warm_readout_s":[5.8375e-5],"warm_compute_s":[7.8875e-5],"warm_count_s":[0.000183833],"input_nodes":20384,"final_nodes":41728,"input_bytes_est":2181980,"final_bytes_est":6631788,"input_storage":{"layout":"slab","record_bytes":326144,"table_bytes":528432,"interner_bytes":568960,"metadata_bytes":163500,"cache_bytes":594944,"records":20384,"tables":10534,"logical_words":66054,"total_bytes_est":2181980},"final_storage":{"layout":"slab","record_bytes":1304576,"table_bytes":2113728,"interner_bytes":1300992,"metadata_bytes":652716,"cache_bytes":1250816,"records":41728,"tables":21100,"logical_words":135254,"total_bytes_est":6622828},"outer_memo_bytes":8960,"colt_bytes":14992,"checksum":12912164,"verified":true}
ok

test result: ok. 1 passed; 0 failed; 0 ignored; 0 measured; 1378 filtered out; finished in 11.03s


       11.03 real        10.79 user         0.23 sys
           167182336  maximum resident set size
                   0  average shared memory size
                   0  average unshared data size
                   0  average unshared stack size
               16399  page reclaims
                   0  page faults
                   0  swaps
                   0  block input operations
                   0  block output operations
                   0  messages sent
                   0  messages received
                   0  signals received
                   0  voluntary context switches
                 194  involuntary context switches
        134469943720  instructions retired
         37522980484  cycles elapsed
           164282992  peak memory footprint
