
running 1 test
test event_repr_lab::experiment ... EVENT_LAB {"kind":"readout_free_join","candidate":"dense-dispatched","domain":"fibred","readout_family":"non-suffix","readout_faces":"x","hidden":8,"width":4,"bits":13,"worlds":8192,"admissible_worlds":3197,"environments":2,"rows":128,"groups":16,"outputs":64,"memo":false,"changed_possible_groups":16,"changed_guaranteed_groups":16,"nonconstant_readouts":48,"build_s":[0.001286166],"support_s":[4.3541e-5],"import_s":[6.875e-6],"admission_s":[0.001234584],"join_only_s":[2.9917e-5],"fresh_s":[9.5875e-5],"fresh_group_s":[7.8375e-5],"fresh_readout_s":[1.5166e-5],"fresh_compute_s":[9.4792e-5],"fresh_count_s":[1e-6],"warm_s":[7.2417e-5],"warm_group_s":[5.95e-5],"warm_readout_s":[1.1666e-5],"warm_compute_s":[7.1334e-5],"warm_count_s":[1e-6],"input_nodes":128,"final_nodes":277,"input_bytes_est":142104,"final_bytes_est":305168,"input_storage":null,"final_storage":null,"outer_memo_bytes":0,"colt_bytes":14992,"checksum":607690,"verified":true}
EVENT_LAB {"kind":"readout_free_join","candidate":"dense-dispatched","domain":"fibred","readout_family":"non-suffix","readout_faces":"x","hidden":8,"width":4,"bits":13,"worlds":8192,"admissible_worlds":3197,"environments":2,"rows":128,"groups":16,"outputs":64,"memo":true,"changed_possible_groups":16,"changed_guaranteed_groups":16,"nonconstant_readouts":48,"build_s":[0.001286166],"support_s":[4.3541e-5],"import_s":[6.875e-6],"admission_s":[0.001234584],"join_only_s":[2.9917e-5],"fresh_s":[4.45e-5],"fresh_group_s":[3.25e-5],"fresh_readout_s":[1.0708e-5],"fresh_compute_s":[4.3375e-5],"fresh_count_s":[1.042e-6],"warm_s":[1.9208e-5],"warm_group_s":[8.041e-6],"warm_readout_s":[9.917e-6],"warm_compute_s":[1.8083e-5],"warm_count_s":[1.041e-6],"input_nodes":128,"final_nodes":277,"input_bytes_est":142104,"final_bytes_est":314128,"input_storage":null,"final_storage":null,"outer_memo_bytes":8960,"colt_bytes":14992,"checksum":607690,"verified":true}
EVENT_LAB {"kind":"readout_free_join","candidate":"dense-dispatched","domain":"fibred","readout_family":"non-suffix","readout_faces":"x","hidden":32,"width":6,"bits":19,"worlds":524288,"admissible_worlds":301069,"environments":2,"rows":128,"groups":16,"outputs":64,"memo":false,"changed_possible_groups":16,"changed_guaranteed_groups":16,"nonconstant_readouts":48,"build_s":[0.456482334],"support_s":[0.002537084],"import_s":[0.00019825],"admission_s":[0.453746125],"join_only_s":[1.6958e-5],"fresh_s":[0.003983541],"fresh_group_s":[0.003223083],"fresh_readout_s":[0.000690916],"fresh_compute_s":[0.00391425],"fresh_count_s":[6.9209e-5],"warm_s":[0.003757708],"warm_group_s":[0.003036041],"warm_readout_s":[0.000658333],"warm_compute_s":[0.003694625],"warm_count_s":[6.2958e-5],"input_nodes":476,"final_nodes":636,"input_bytes_est":31361064,"final_bytes_est":41852568,"input_storage":null,"final_storage":null,"outer_memo_bytes":0,"colt_bytes":14992,"checksum":12912164,"verified":true}
EVENT_LAB {"kind":"readout_free_join","candidate":"dense-dispatched","domain":"fibred","readout_family":"non-suffix","readout_faces":"x","hidden":32,"width":6,"bits":19,"worlds":524288,"admissible_worlds":301069,"environments":2,"rows":128,"groups":16,"outputs":64,"memo":true,"changed_possible_groups":16,"changed_guaranteed_groups":16,"nonconstant_readouts":48,"build_s":[0.456482334],"support_s":[0.002537084],"import_s":[0.00019825],"admission_s":[0.453746125],"join_only_s":[1.6958e-5],"fresh_s":[0.001437917],"fresh_group_s":[0.000887333],"fresh_readout_s":[0.000487833],"fresh_compute_s":[0.001375458],"fresh_count_s":[6.2417e-5],"warm_s":[0.000536625],"warm_group_s":[9e-6],"warm_readout_s":[0.000465667],"warm_compute_s":[0.000474875],"warm_count_s":[6.1708e-5],"input_nodes":476,"final_nodes":636,"input_bytes_est":31361064,"final_bytes_est":41861528,"input_storage":null,"final_storage":null,"outer_memo_bytes":8960,"colt_bytes":14992,"checksum":12912164,"verified":true}
ok

test result: ok. 1 passed; 0 failed; 0 ignored; 0 measured; 1378 filtered out; finished in 0.55s


        0.55 real         0.53 user         0.01 sys
           162168832  maximum resident set size
                   0  average shared memory size
                   0  average unshared data size
                   0  average unshared stack size
               10112  page reclaims
                   0  page faults
                   0  swaps
                   0  block input operations
                   0  block output operations
                   0  messages sent
                   0  messages received
                   0  signals received
                   1  voluntary context switches
                  11  involuntary context switches
          5278309720  instructions retired
          1883591908  cycles elapsed
           159482360  peak memory footprint
