
running 1 test
test event_repr_lab::experiment ... EVENT_LAB {"kind":"readout_free_join","candidate":"prefix512","domain":"fibred","readout_family":"non-suffix","readout_faces":"x","hidden":8,"width":4,"bits":13,"worlds":8192,"admissible_worlds":3197,"environments":2,"rows":128,"groups":16,"outputs":64,"memo":false,"changed_possible_groups":16,"changed_guaranteed_groups":16,"nonconstant_readouts":48,"build_s":[0.001054583],"support_s":[0.000251417],"import_s":[0.000733916],"admission_s":[6.875e-5],"join_only_s":[3.275e-5],"fresh_s":[0.000301],"fresh_group_s":[0.000159541],"fresh_readout_s":[0.000123542],"fresh_compute_s":[0.000284625],"fresh_count_s":[1.6291e-5],"warm_s":[4.4333e-5],"warm_group_s":[1.6875e-5],"warm_readout_s":[1.5416e-5],"warm_compute_s":[3.2458e-5],"warm_count_s":[1.1792e-5],"input_nodes":1045,"final_nodes":1346,"input_bytes_est":135928,"final_bytes_est":200324,"input_storage":{"layout":"slab","record_bytes":16720,"table_bytes":26120,"interner_bytes":34644,"metadata_bytes":8716,"cache_bytes":49728,"records":1045,"tables":1032,"logical_words":3265,"total_bytes_est":135928},"final_storage":{"layout":"slab","record_bytes":33440,"table_bytes":52240,"interner_bytes":38824,"metadata_bytes":17076,"cache_bytes":58744,"records":1346,"tables":1333,"logical_words":4997,"total_bytes_est":200324},"outer_memo_bytes":0,"colt_bytes":14992,"checksum":607690,"verified":true}
EVENT_LAB {"kind":"readout_free_join","candidate":"prefix512","domain":"fibred","readout_family":"non-suffix","readout_faces":"x","hidden":8,"width":4,"bits":13,"worlds":8192,"admissible_worlds":3197,"environments":2,"rows":128,"groups":16,"outputs":64,"memo":true,"changed_possible_groups":16,"changed_guaranteed_groups":16,"nonconstant_readouts":48,"build_s":[0.001054583],"support_s":[0.000251417],"import_s":[0.000733916],"admission_s":[6.875e-5],"join_only_s":[3.275e-5],"fresh_s":[0.000287916],"fresh_group_s":[0.000160333],"fresh_readout_s":[0.000115333],"fresh_compute_s":[0.000275958],"fresh_count_s":[1.1875e-5],"warm_s":[3.6584e-5],"warm_group_s":[1.0417e-5],"warm_readout_s":[1.4292e-5],"warm_compute_s":[2.4834e-5],"warm_count_s":[1.1667e-5],"input_nodes":1045,"final_nodes":1346,"input_bytes_est":135928,"final_bytes_est":209284,"input_storage":{"layout":"slab","record_bytes":16720,"table_bytes":26120,"interner_bytes":34644,"metadata_bytes":8716,"cache_bytes":49728,"records":1045,"tables":1032,"logical_words":3265,"total_bytes_est":135928},"final_storage":{"layout":"slab","record_bytes":33440,"table_bytes":52240,"interner_bytes":38824,"metadata_bytes":17076,"cache_bytes":58744,"records":1346,"tables":1333,"logical_words":4997,"total_bytes_est":200324},"outer_memo_bytes":8960,"colt_bytes":14992,"checksum":607690,"verified":true}
EVENT_LAB {"kind":"readout_free_join","candidate":"prefix512","domain":"fibred","readout_family":"non-suffix","readout_faces":"x","hidden":32,"width":6,"bits":19,"worlds":524288,"admissible_worlds":301069,"environments":2,"rows":128,"groups":16,"outputs":64,"memo":false,"changed_possible_groups":16,"changed_guaranteed_groups":16,"nonconstant_readouts":48,"build_s":[0.011295],"support_s":[0.000572792],"import_s":[0.010385667],"admission_s":[0.000336],"join_only_s":[2.0959e-5],"fresh_s":[0.002833875],"fresh_group_s":[0.001261916],"fresh_readout_s":[0.001436208],"fresh_compute_s":[0.002698458],"fresh_count_s":[0.000135375],"warm_s":[0.000474375],"warm_group_s":[3.0458e-5],"warm_readout_s":[0.000308667],"warm_compute_s":[0.000339709],"warm_count_s":[0.0001345],"input_nodes":15017,"final_nodes":18579,"input_bytes_est":1595464,"final_bytes_est":2383708,"input_storage":{"layout":"slab","record_bytes":240272,"table_bytes":274976,"interner_bytes":547492,"metadata_bytes":120564,"cache_bytes":412160,"records":15017,"tables":6591,"logical_words":34372,"total_bytes_est":1595464},"final_storage":{"layout":"slab","record_bytes":480544,"table_bytes":549952,"interner_bytes":607560,"metadata_bytes":240700,"cache_bytes":504952,"records":18579,"tables":8332,"logical_words":44564,"total_bytes_est":2383708},"outer_memo_bytes":0,"colt_bytes":14992,"checksum":12912164,"verified":true}
EVENT_LAB {"kind":"readout_free_join","candidate":"prefix512","domain":"fibred","readout_family":"non-suffix","readout_faces":"x","hidden":32,"width":6,"bits":19,"worlds":524288,"admissible_worlds":301069,"environments":2,"rows":128,"groups":16,"outputs":64,"memo":true,"changed_possible_groups":16,"changed_guaranteed_groups":16,"nonconstant_readouts":48,"build_s":[0.011295],"support_s":[0.000572792],"import_s":[0.010385667],"admission_s":[0.000336],"join_only_s":[2.0959e-5],"fresh_s":[0.002863792],"fresh_group_s":[0.001265792],"fresh_readout_s":[0.001465167],"fresh_compute_s":[0.00273175],"fresh_count_s":[0.000131958],"warm_s":[0.000451792],"warm_group_s":[1.7833e-5],"warm_readout_s":[0.00030225],"warm_compute_s":[0.000320667],"warm_count_s":[0.000131042],"input_nodes":15017,"final_nodes":18579,"input_bytes_est":1595464,"final_bytes_est":2392668,"input_storage":{"layout":"slab","record_bytes":240272,"table_bytes":274976,"interner_bytes":547492,"metadata_bytes":120564,"cache_bytes":412160,"records":15017,"tables":6591,"logical_words":34372,"total_bytes_est":1595464},"final_storage":{"layout":"slab","record_bytes":480544,"table_bytes":549952,"interner_bytes":607560,"metadata_bytes":240700,"cache_bytes":504952,"records":18579,"tables":8332,"logical_words":44564,"total_bytes_est":2383708},"outer_memo_bytes":8960,"colt_bytes":14992,"checksum":12912164,"verified":true}
ok

test result: ok. 1 passed; 0 failed; 0 ignored; 0 measured; 1378 filtered out; finished in 8.08s


        8.08 real         8.02 user         0.04 sys
            29261824  maximum resident set size
                   0  average shared memory size
                   0  average unshared data size
                   0  average unshared stack size
                2002  page reclaims
                   0  page faults
                   0  swaps
                   0  block input operations
                   0  block output operations
                   0  messages sent
                   0  messages received
                   0  signals received
                   0  voluntary context switches
                 769  involuntary context switches
         99699161421  instructions retired
         26510184157  cycles elapsed
            26231192  peak memory footprint
