
running 1 test
test event_repr_lab::experiment ... EVENT_LAB {"kind":"relations_free_join","candidate":"packed512","bits":12,"worlds":4096,"rows":128,"groups":16,"memo":false,"build_s":[0.000560417, 0.0005405, 0.000541917, 0.000540959, 0.000536833, 0.000539333, 0.000608, 0.000571375, 0.00058175, 0.000546083, 0.00056725, 0.000544333, 0.000535209, 0.00053525, 0.000560959, 0.000556, 0.000589959],"join_only_s":[3.9125e-5, 5.209e-6, 5e-6, 5.208e-6, 5.042e-6, 4.958e-6, 4.958e-6, 5e-6, 4.958e-6, 4.917e-6, 4.959e-6, 4.958e-6, 4.958e-6, 4.917e-6, 4.917e-6, 4.916e-6, 4.958e-6],"fresh_s":[0.000883792, 0.000797875, 0.000878458, 0.000791375, 0.000778875, 0.000788375, 0.000832916, 0.000769959, 0.000823667, 0.000828916, 0.000787209, 0.000901625, 0.000782584, 0.000769917, 0.000778334, 0.000873375, 0.000772],"warm_s":[0.000810167, 0.000776125, 0.000836916, 0.000820333, 0.000749667, 0.000750666, 0.000826375, 0.000773917, 0.000780125, 0.000742541, 0.000746667, 0.000771917, 0.000752291, 0.000832875, 0.0007695, 0.000751333, 0.0007285],"input_bytes_est":13476,"final_bytes_est":73108,"final_nodes":478,"closure_iterations":46,"checksum":7171072,"verified":true}
EVENT_LAB {"kind":"relations_free_join","candidate":"packed512","bits":12,"worlds":4096,"rows":128,"groups":16,"memo":true,"build_s":[0.000560417, 0.0005405, 0.000541917, 0.000540959, 0.000536833, 0.000539333, 0.000608, 0.000571375, 0.00058175, 0.000546083, 0.00056725, 0.000544333, 0.000535209, 0.00053525, 0.000560959, 0.000556, 0.000589959],"join_only_s":[3.9125e-5, 5.209e-6, 5e-6, 5.208e-6, 5.042e-6, 4.958e-6, 4.958e-6, 5e-6, 4.958e-6, 4.917e-6, 4.959e-6, 4.958e-6, 4.958e-6, 4.917e-6, 4.917e-6, 4.916e-6, 4.958e-6],"fresh_s":[0.000275459, 0.000302916, 0.000225708, 0.000290958, 0.000226791, 0.00031575, 0.000282833, 0.000252833, 0.000270042, 0.000231625, 0.000284959, 0.000272542, 0.000259125, 0.000250334, 0.000226833, 0.000240584, 0.000254042],"warm_s":[2.2e-5, 1.6959e-5, 1.6666e-5, 1.6542e-5, 1.6875e-5, 2e-5, 1.6916e-5, 1.6875e-5, 1.7042e-5, 2.0208e-5, 2.1833e-5, 2.1417e-5, 1.7459e-5, 1.6834e-5, 1.6834e-5, 1.675e-5, 1.675e-5],"input_bytes_est":13476,"final_bytes_est":86100,"final_nodes":478,"closure_iterations":46,"checksum":7171072,"verified":true}
EVENT_LAB {"kind":"relations_free_join","candidate":"packed512","bits":18,"worlds":262144,"rows":128,"groups":16,"memo":false,"build_s":[0.031147417, 0.030968167, 0.031186042, 0.031274167, 0.031116792, 0.031322, 0.03093425, 0.031163292, 0.031041875, 0.030438708, 0.031407708, 0.031200333, 0.031165459, 0.031134, 0.031163959, 0.031228459, 0.030952375],"join_only_s":[2.2667e-5, 5.25e-6, 5.083e-6, 5.041e-6, 4.917e-6, 4.917e-6, 4.917e-6, 4.916e-6, 4.875e-6, 4.917e-6, 4.916e-6, 4.875e-6, 4.958e-6, 4.917e-6, 4.959e-6, 4.958e-6, 4.916e-6],"fresh_s":[0.001629917, 0.001481292, 0.001531084, 0.001561792, 0.001501625, 0.0014695, 0.001518083, 0.001511666, 0.0015245, 0.001512, 0.001627708, 0.00148425, 0.001523875, 0.00145525, 0.001483625, 0.001461292, 0.001486625],"warm_s":[0.001420333, 0.001267917, 0.001175334, 0.001238541, 0.001166709, 0.001150375, 0.001171958, 0.001254333, 0.001237291, 0.001207, 0.001237292, 0.001158791, 0.001154667, 0.001179459, 0.001196792, 0.001352583, 0.001236167],"input_bytes_est":71620,"final_bytes_est":497036,"final_nodes":3809,"closure_iterations":52,"checksum":215255808,"verified":true}
EVENT_LAB {"kind":"relations_free_join","candidate":"packed512","bits":18,"worlds":262144,"rows":128,"groups":16,"memo":true,"build_s":[0.031147417, 0.030968167, 0.031186042, 0.031274167, 0.031116792, 0.031322, 0.03093425, 0.031163292, 0.031041875, 0.030438708, 0.031407708, 0.031200333, 0.031165459, 0.031134, 0.031163959, 0.031228459, 0.030952375],"join_only_s":[2.2667e-5, 5.25e-6, 5.083e-6, 5.041e-6, 4.917e-6, 4.917e-6, 4.917e-6, 4.916e-6, 4.875e-6, 4.917e-6, 4.916e-6, 4.875e-6, 4.958e-6, 4.917e-6, 4.959e-6, 4.958e-6, 4.916e-6],"fresh_s":[0.000707041, 0.000793583, 0.000732375, 0.000780791, 0.0007685, 0.000774708, 0.000778625, 0.00082525, 0.000867208, 0.000839125, 0.000868459, 0.000840292, 0.000936292, 0.000839333, 0.000787792, 0.000800916, 0.000790166],"warm_s":[6.3834e-5, 4.0667e-5, 4.0209e-5, 3.9459e-5, 3.9792e-5, 3.9583e-5, 3.9708e-5, 3.9583e-5, 3.95e-5, 3.9542e-5, 3.9166e-5, 3.9542e-5, 3.9625e-5, 3.9583e-5, 3.9583e-5, 4.0125e-5, 3.9667e-5],"input_bytes_est":71620,"final_bytes_est":510028,"final_nodes":3809,"closure_iterations":52,"checksum":215255808,"verified":true}
ok

test result: ok. 1 passed; 0 failed; 0 ignored; 0 measured; 1360 filtered out; finished in 12.14s


       12.14 real        11.90 user         0.21 sys
            12156928  maximum resident set size
                   0  average shared memory size
                   0  average unshared data size
                   0  average unshared stack size
                 955  page reclaims
                   0  page faults
                   0  swaps
                   0  block input operations
                   0  block output operations
                   0  messages sent
                   0  messages received
                   0  signals received
                   0  voluntary context switches
                4055  involuntary context switches
        226178849669  instructions retired
         40427388867  cycles elapsed
             9617792  peak memory footprint
