
running 1 test
test event_repr_lab::experiment ... EVENT_LAB {"kind":"legal_relation_free_join","candidate":"packed512","domain":"fibred","product_mode":"materialized","support_gates":"materialized","bits":13,"width":4,"environments":2,"worlds":8192,"admissible_worlds":3197,"rows":128,"groups":16,"outputs":80,"memo":false,"build_s":[0.001412417, 0.001354917, 0.001314958, 0.001294917, 0.001327083],"support_s":[9.5125e-5, 7.325e-5, 7.2667e-5, 6.8833e-5, 7.4083e-5],"import_s":[0.001030667, 0.001023625, 0.001011583, 0.001000084, 0.001020042],"admission_s":[0.000286208, 0.000257958, 0.000230625, 0.000225917, 0.000232625],"join_only_s":[4.1125e-5, 5.459e-6, 5.209e-6, 5.167e-6, 5.125e-6],"fresh_s":[0.001697375, 0.00165125, 0.001627958, 0.001561125, 0.001532875],"warm_s":[0.001139375, 0.001135083, 0.001159875, 0.001120834, 0.001114791],"fresh_compute_s":[0.001650083, 0.001604333, 0.001584541, 0.001509166, 0.001488792],"fresh_count_s":[4.7084e-5, 4.6791e-5, 4.3333e-5, 4.8875e-5, 4.3667e-5],"warm_compute_s":[0.00109775, 0.00109375, 0.001118834, 0.001081542, 0.001075291],"warm_count_s":[4.1459e-5, 4.125e-5, 4.1041e-5, 3.9208e-5, 3.9292e-5],"input_bytes_est":294828,"final_bytes_est":1034704,"input_nodes":2440,"final_nodes":6535,"input_storage":null,"final_storage":null,"checksum":5522780,"verified":true}
EVENT_LAB {"kind":"legal_relation_free_join","candidate":"packed512","domain":"fibred","product_mode":"materialized","support_gates":"materialized","bits":13,"width":4,"environments":2,"worlds":8192,"admissible_worlds":3197,"rows":128,"groups":16,"outputs":80,"memo":true,"build_s":[0.001412417, 0.001354917, 0.001314958, 0.001294917, 0.001327083],"support_s":[9.5125e-5, 7.325e-5, 7.2667e-5, 6.8833e-5, 7.4083e-5],"import_s":[0.001030667, 0.001023625, 0.001011583, 0.001000084, 0.001020042],"admission_s":[0.000286208, 0.000257958, 0.000230625, 0.000225917, 0.000232625],"join_only_s":[4.1125e-5, 5.459e-6, 5.209e-6, 5.167e-6, 5.125e-6],"fresh_s":[0.00086925, 0.000842375, 0.000885042, 0.000826334, 0.000838791],"warm_s":[5.5958e-5, 5.4417e-5, 5.4708e-5, 5.2459e-5, 5.4e-5],"fresh_compute_s":[0.000826583, 0.00080025, 0.000841583, 0.000783917, 0.000795208],"fresh_count_s":[4.2375e-5, 4.2041e-5, 4.3334e-5, 4.2375e-5, 4.3333e-5],"warm_compute_s":[1.4208e-5, 1.3458e-5, 1.3875e-5, 1.3209e-5, 1.3208e-5],"warm_count_s":[4.1542e-5, 4.0875e-5, 4.0791e-5, 3.9209e-5, 4.05e-5],"input_bytes_est":294828,"final_bytes_est":1047696,"input_nodes":2440,"final_nodes":6535,"input_storage":null,"final_storage":null,"checksum":5522780,"verified":true}
EVENT_LAB {"kind":"legal_relation_free_join","candidate":"packed512","domain":"fibred","product_mode":"materialized","support_gates":"materialized","bits":19,"width":6,"environments":2,"worlds":524288,"admissible_worlds":301069,"rows":128,"groups":16,"outputs":80,"memo":false,"build_s":[0.060572417, 0.061143583, 0.059569708, 0.060311667, 0.060184541],"support_s":[0.000334292, 0.00031275, 0.000319083, 0.000307833, 0.000316541],"import_s":[0.055353834, 0.055810708, 0.054781042, 0.055524833, 0.055353625],"admission_s":[0.004883542, 0.005020042, 0.004469542, 0.004478917, 0.004512666],"join_only_s":[1.8917e-5, 5.167e-6, 5.041e-6, 4.958e-6, 4.958e-6],"fresh_s":[0.010796459, 0.011369583, 0.010707459, 0.010840625, 0.01087625],"warm_s":[0.006606792, 0.006668375, 0.00679425, 0.008201667, 0.006729167],"fresh_compute_s":[0.009815084, 0.010515041, 0.00986575, 0.009997875, 0.010020416],"fresh_count_s":[0.00098075, 0.000854458, 0.000841625, 0.000842667, 0.000855125],"warm_compute_s":[0.005735334, 0.00579025, 0.005914583, 0.007310125, 0.005870792],"warm_count_s":[0.000870916, 0.000877916, 0.000879416, 0.000891291, 0.000857875],"input_bytes_est":5620604,"final_bytes_est":13305144,"input_nodes":36612,"final_nodes":98153,"input_storage":null,"final_storage":null,"checksum":243821880,"verified":true}
EVENT_LAB {"kind":"legal_relation_free_join","candidate":"packed512","domain":"fibred","product_mode":"materialized","support_gates":"materialized","bits":19,"width":6,"environments":2,"worlds":524288,"admissible_worlds":301069,"rows":128,"groups":16,"outputs":80,"memo":true,"build_s":[0.060572417, 0.061143583, 0.059569708, 0.060311667, 0.060184541],"support_s":[0.000334292, 0.00031275, 0.000319083, 0.000307833, 0.000316541],"import_s":[0.055353834, 0.055810708, 0.054781042, 0.055524833, 0.055353625],"admission_s":[0.004883542, 0.005020042, 0.004469542, 0.004478917, 0.004512666],"join_only_s":[1.8917e-5, 5.167e-6, 5.041e-6, 4.958e-6, 4.958e-6],"fresh_s":[0.008285916, 0.008640959, 0.008414458, 0.008904667, 0.008262792],"warm_s":[0.000885041, 0.000909417, 0.000892875, 0.000888125, 0.000885917],"fresh_compute_s":[0.007427041, 0.007760084, 0.007468375, 0.007994, 0.007392917],"fresh_count_s":[0.000858208, 0.00088075, 0.000946, 0.000910583, 0.00086925],"warm_compute_s":[2.65e-5, 2.675e-5, 2.7166e-5, 2.5083e-5, 2.5875e-5],"warm_count_s":[0.000858041, 0.000882584, 0.0008655, 0.000862875, 0.000859125],"input_bytes_est":5620604,"final_bytes_est":13322168,"input_nodes":36612,"final_nodes":98153,"input_storage":null,"final_storage":null,"checksum":243821880,"verified":true}
ok

test result: ok. 1 passed; 0 failed; 0 ignored; 0 measured; 1378 filtered out; finished in 27.01s


       27.01 real        26.89 user         0.10 sys
            65814528  maximum resident set size
                   0  average shared memory size
                   0  average unshared data size
                   0  average unshared stack size
                4234  page reclaims
                   0  page faults
                   0  swaps
                   0  block input operations
                   0  block output operations
                   0  messages sent
                   0  messages received
                   0  signals received
                   0  voluntary context switches
                2258  involuntary context switches
        315483822603  instructions retired
         89986590986  cycles elapsed
            62980528  peak memory footprint
