
running 1 test
test event_repr_lab::experiment ... EVENT_LAB {"kind":"free_join","candidate":"essential512","scenario":"coup_product_65536","shape":"triangle","memo":false,"worlds":65536,"admissible_worlds":4290,"rows":1024,"groups":64,"plan_nodes":3,"input_nodes":3165,"final_nodes":49186,"input_bytes_est":280730,"final_bytes_est":5464608,"colt_bytes":163104,"construction_bytes_est":367982,"input_storage":{"layout":"slab","record_bytes":50640,"table_bytes":69888,"interner_bytes":73588,"metadata_bytes":25448,"cache_bytes":61166,"records":3165,"tables":1099,"logical_words":8736,"total_bytes_est":280730},"final_storage":{"layout":"slab","record_bytes":810240,"table_bytes":1118208,"interner_bytes":1177408,"metadata_bytes":405248,"cache_bytes":1953504,"records":49186,"tables":12928,"logical_words":102189,"total_bytes_est":5464608},"build_s":[0.003827292, 0.003808083, 0.003748083, 0.003844125, 0.003592666, 0.003683, 0.003696625],"native_setup_s":0.00025,"native_first_join_s":0.000105667,"join_only_s":[4.9542e-5, 4.5875e-5, 4.5667e-5, 4.6e-5, 4.6041e-5, 4.5833e-5, 4.6042e-5],"fresh_s":[0.038542666, 0.036971583, 0.037155291, 0.03754325, 0.036044916, 0.038407042, 0.036747583],"warm_s":[0.00013400048828125, 0.000135979328125, 0.00013342350390625, 0.0001346321640625, 0.000132720375, 0.0001337599296875, 0.00013361653515625],"warm_loops":256,"checksum":5648062,"verified":true}
EVENT_LAB {"kind":"free_join","candidate":"essential512","scenario":"coup_product_65536","shape":"triangle","memo":true,"worlds":65536,"admissible_worlds":4290,"rows":1024,"groups":64,"plan_nodes":3,"input_nodes":3165,"final_nodes":49186,"input_bytes_est":280730,"final_bytes_est":5536288,"colt_bytes":163104,"construction_bytes_est":367982,"input_storage":{"layout":"slab","record_bytes":50640,"table_bytes":69888,"interner_bytes":73588,"metadata_bytes":25448,"cache_bytes":61166,"records":3165,"tables":1099,"logical_words":8736,"total_bytes_est":280730},"final_storage":{"layout":"slab","record_bytes":810240,"table_bytes":1118208,"interner_bytes":1177408,"metadata_bytes":405248,"cache_bytes":1953504,"records":49186,"tables":12928,"logical_words":102189,"total_bytes_est":5464608},"build_s":[0.003827292, 0.003808083, 0.003748083, 0.003844125, 0.003592666, 0.003683, 0.003696625],"native_setup_s":0.00025,"native_first_join_s":0.000105667,"join_only_s":[4.9542e-5, 4.5875e-5, 4.5667e-5, 4.6e-5, 4.6041e-5, 4.5833e-5, 4.6042e-5],"fresh_s":[0.035755041, 0.037251875, 0.034868416, 0.03592875, 0.037714417, 0.036790792, 0.0367725],"warm_s":[8.230517578125e-5, 7.913330078125e-5, 7.96681328125e-5, 7.902425e-5, 7.8705890625e-5, 8.019189453125e-5, 8.00341796875e-5],"warm_loops":256,"checksum":5648062,"verified":true}
EVENT_LAB {"kind":"free_join","candidate":"essential512","scenario":"coup_product_65536","shape":"clover","memo":false,"worlds":65536,"admissible_worlds":4290,"rows":4096,"groups":64,"plan_nodes":3,"input_nodes":3165,"final_nodes":74273,"input_bytes_est":280730,"final_bytes_est":10929088,"colt_bytes":41104,"construction_bytes_est":367982,"input_storage":{"layout":"slab","record_bytes":50640,"table_bytes":69888,"interner_bytes":73588,"metadata_bytes":25448,"cache_bytes":61166,"records":3165,"tables":1099,"logical_words":8736,"total_bytes_est":280730},"final_storage":{"layout":"slab","record_bytes":1620480,"table_bytes":2236416,"interner_bytes":2354816,"metadata_bytes":810368,"cache_bytes":3907008,"records":74273,"tables":17770,"logical_words":140688,"total_bytes_est":10929088},"build_s":[0.003823708, 0.003843333, 0.003634334, 0.003738916, 0.003761542, 0.003757875, 0.003656584],"native_setup_s":0.000140959,"native_first_join_s":0.000094,"join_only_s":[7.2208e-5, 6.9875e-5, 7e-5, 6.9833e-5, 6.975e-5, 6.9834e-5, 7.0041e-5],"fresh_s":[0.076146708, 0.082352666, 0.080382667, 0.073956375, 0.081939209, 0.087619333, 0.083119583],"warm_s":[0.000336378265625, 0.0003329420625, 0.0003378828125, 0.000329705734375, 0.0003359765625, 0.00032877475, 0.00033978646875],"warm_loops":64,"checksum":5691950,"verified":true}
EVENT_LAB {"kind":"free_join","candidate":"essential512","scenario":"coup_product_65536","shape":"clover","memo":true,"worlds":65536,"admissible_worlds":4290,"rows":4096,"groups":64,"plan_nodes":3,"input_nodes":3165,"final_nodes":74273,"input_bytes_est":280730,"final_bytes_est":11215808,"colt_bytes":41104,"construction_bytes_est":367982,"input_storage":{"layout":"slab","record_bytes":50640,"table_bytes":69888,"interner_bytes":73588,"metadata_bytes":25448,"cache_bytes":61166,"records":3165,"tables":1099,"logical_words":8736,"total_bytes_est":280730},"final_storage":{"layout":"slab","record_bytes":1620480,"table_bytes":2236416,"interner_bytes":2354816,"metadata_bytes":810368,"cache_bytes":3907008,"records":74273,"tables":17770,"logical_words":140688,"total_bytes_est":10929088},"build_s":[0.003823708, 0.003843333, 0.003634334, 0.003738916, 0.003761542, 0.003757875, 0.003656584],"native_setup_s":0.000140959,"native_first_join_s":0.000094,"join_only_s":[7.2208e-5, 6.9875e-5, 7e-5, 6.9833e-5, 6.975e-5, 6.9834e-5, 7.0041e-5],"fresh_s":[0.078007708, 0.076678125, 0.080158959, 0.079820958, 0.077924125, 0.076141167, 0.082453666],"warm_s":[0.00015596484375, 0.0001558004609375, 0.000158498375, 0.0001573655625, 0.0001577919921875, 0.0001605166015625, 0.000161574875],"warm_loops":128,"checksum":5691950,"verified":true}
ok

test result: ok. 1 passed; 0 failed; 0 ignored; 0 measured; 1378 filtered out; finished in 3.84s


        3.84 real         3.81 user         0.01 sys
            49430528  maximum resident set size
                   0  average shared memory size
                   0  average unshared data size
                   0  average unshared stack size
                3232  page reclaims
                   0  page faults
                   0  swaps
                   0  block input operations
                   0  block output operations
                   0  messages sent
                   0  messages received
                   0  signals received
                   0  voluntary context switches
                1450  involuntary context switches
         55821250657  instructions retired
         12745050323  cycles elapsed
            46645680  peak memory footprint
