
running 1 test
test event_repr_lab::experiment ... EVENT_LAB {"kind":"free_join","candidate":"dense","scenario":"coup_product_65536","shape":"triangle","memo":false,"worlds":65536,"admissible_worlds":4290,"rows":1024,"groups":64,"plan_nodes":3,"input_nodes":37,"final_nodes":1256,"input_bytes_est":321892,"final_bytes_est":10388184,"colt_bytes":163104,"construction_bytes_est":322000,"input_storage":null,"final_storage":null,"build_s":[6.6709e-5, 5.5375e-5, 4.2542e-5, 3.8667e-5, 3.9167e-5, 4.0792e-5, 3.9875e-5],"native_setup_s":0.00021375,"native_first_join_s":0.00009825,"join_only_s":[4.925e-5, 4.5583e-5, 4.5334e-5, 4.525e-5, 4.5167e-5, 4.5292e-5, 4.525e-5],"fresh_s":[0.007662625, 0.007263292, 0.00697225, 0.006689125, 0.007041083, 0.006583459, 0.006699875],"warm_s":[0.00698598975, 0.00692425, 0.00687702075, 0.00696775, 0.006937625, 0.006944146, 0.00695552075],"warm_loops":4,"checksum":5648062,"verified":true}
EVENT_LAB {"kind":"free_join","candidate":"dense","scenario":"coup_product_65536","shape":"triangle","memo":true,"worlds":65536,"admissible_worlds":4290,"rows":1024,"groups":64,"plan_nodes":3,"input_nodes":37,"final_nodes":1256,"input_bytes_est":321892,"final_bytes_est":10459864,"colt_bytes":163104,"construction_bytes_est":322000,"input_storage":null,"final_storage":null,"build_s":[6.6709e-5, 5.5375e-5, 4.2542e-5, 3.8667e-5, 3.9167e-5, 4.0792e-5, 3.9875e-5],"native_setup_s":0.00021375,"native_first_join_s":0.00009825,"join_only_s":[4.925e-5, 4.5583e-5, 4.5334e-5, 4.525e-5, 4.5167e-5, 4.5292e-5, 4.525e-5],"fresh_s":[0.002642208, 0.002834916, 0.002677958, 0.0026715, 0.00264225, 0.002759875, 0.00268275],"warm_s":[9.1083984375e-5, 8.867041015625e-5, 9.009391015625e-5, 8.8924640625e-5, 9.00283203125e-5, 8.96634140625e-5, 8.98829765625e-5],"warm_loops":256,"checksum":5648062,"verified":true}
EVENT_LAB {"kind":"free_join","candidate":"dense","scenario":"coup_product_65536","shape":"clover","memo":false,"worlds":65536,"admissible_worlds":4290,"rows":4096,"groups":64,"plan_nodes":3,"input_nodes":37,"final_nodes":2483,"input_bytes_est":321892,"final_bytes_est":20521696,"colt_bytes":41104,"construction_bytes_est":322000,"input_storage":null,"final_storage":null,"build_s":[4.9209e-5, 4.9083e-5, 4.0792e-5, 4.0375e-5, 3.95e-5, 3.95e-5, 3.9584e-5],"native_setup_s":0.000140833,"native_first_join_s":0.00009525,"join_only_s":[7.4167e-5, 7.6208e-5, 7.3625e-5, 7.3625e-5, 7.3584e-5, 7.3541e-5, 7.3709e-5],"fresh_s":[0.026662167, 0.029104959, 0.027447834, 0.027198291, 0.027879583, 0.027354042, 0.027124],"warm_s":[0.027602584, 0.028403458, 0.031396333, 0.030665334, 0.02935, 0.028721625, 0.0296795],"warm_loops":1,"checksum":5691950,"verified":true}
EVENT_LAB {"kind":"free_join","candidate":"dense","scenario":"coup_product_65536","shape":"clover","memo":true,"worlds":65536,"admissible_worlds":4290,"rows":4096,"groups":64,"plan_nodes":3,"input_nodes":37,"final_nodes":2483,"input_bytes_est":321892,"final_bytes_est":20808416,"colt_bytes":41104,"construction_bytes_est":322000,"input_storage":null,"final_storage":null,"build_s":[4.9209e-5, 4.9083e-5, 4.0792e-5, 4.0375e-5, 3.95e-5, 3.95e-5, 3.9584e-5],"native_setup_s":0.000140833,"native_first_join_s":0.00009525,"join_only_s":[7.4167e-5, 7.6208e-5, 7.3625e-5, 7.3625e-5, 7.3584e-5, 7.3541e-5, 7.3709e-5],"fresh_s":[0.007988458, 0.007884916, 0.007964792, 0.008050375, 0.007935584, 0.008017708, 0.007969416],"warm_s":[0.0001663186875, 0.00016580240625, 0.0001654912109375, 0.0001658541640625, 0.0001658037109375, 0.000164930015625, 0.0001665133515625],"warm_loops":128,"checksum":5691950,"verified":true}
ok

test result: ok. 1 passed; 0 failed; 0 ignored; 0 measured; 1378 filtered out; finished in 1.25s


        1.25 real         1.24 user         0.00 sys
            50511872  maximum resident set size
                   0  average shared memory size
                   0  average unshared data size
                   0  average unshared stack size
                3297  page reclaims
                   0  page faults
                   0  swaps
                   0  block input operations
                   0  block output operations
                   0  messages sent
                   0  messages received
                   0  signals received
                   0  voluntary context switches
                 474  involuntary context switches
         19899577449  instructions retired
          4147796524  cycles elapsed
            47939992  peak memory footprint
