
running 1 test
test event_repr_lab::experiment ... EVENT_LAB {"kind":"free_join","candidate":"essential512","scenario":"coup_4290","shape":"triangle","memo":false,"worlds":4290,"admissible_worlds":4290,"rows":1024,"groups":64,"plan_nodes":3,"input_nodes":611,"final_nodes":15983,"input_bytes_est":52863,"final_bytes_est":2053280,"colt_bytes":163104,"construction_bytes_est":80635,"input_storage":{"layout":"slab","record_bytes":9776,"table_bytes":16560,"interner_bytes":17676,"metadata_bytes":4992,"cache_bytes":3859,"records":611,"tables":264,"logical_words":2070,"total_bytes_est":52863},"final_storage":{"layout":"slab","record_bytes":312832,"table_bytes":529920,"interner_bytes":565632,"metadata_bytes":156520,"cache_bytes":488376,"records":15983,"tables":6470,"logical_words":51434,"total_bytes_est":2053280},"build_s":[0.000481584, 0.000373458, 0.000364458, 0.000366125, 0.000357166, 0.000351958, 0.000357708],"native_setup_s":0.000211958,"native_first_join_s":0.000115292,"join_only_s":[4.8709e-5, 4.5625e-5, 4.5583e-5, 4.5667e-5, 4.5583e-5, 4.7958e-5, 4.825e-5],"fresh_s":[0.012276, 0.011159459, 0.011112458, 0.011207292, 0.011154833, 0.011074458, 0.011570584],"warm_s":[0.0001295740546875, 0.0001318515625, 0.00012951318359375, 0.00012896403125, 0.000128519859375, 0.00012941519921875, 0.00013318278125],"warm_loops":256,"checksum":5648062,"verified":true}
EVENT_LAB {"kind":"free_join","candidate":"essential512","scenario":"coup_4290","shape":"triangle","memo":true,"worlds":4290,"admissible_worlds":4290,"rows":1024,"groups":64,"plan_nodes":3,"input_nodes":611,"final_nodes":15983,"input_bytes_est":52863,"final_bytes_est":2124960,"colt_bytes":163104,"construction_bytes_est":80635,"input_storage":{"layout":"slab","record_bytes":9776,"table_bytes":16560,"interner_bytes":17676,"metadata_bytes":4992,"cache_bytes":3859,"records":611,"tables":264,"logical_words":2070,"total_bytes_est":52863},"final_storage":{"layout":"slab","record_bytes":312832,"table_bytes":529920,"interner_bytes":565632,"metadata_bytes":156520,"cache_bytes":488376,"records":15983,"tables":6470,"logical_words":51434,"total_bytes_est":2053280},"build_s":[0.000481584, 0.000373458, 0.000364458, 0.000366125, 0.000357166, 0.000351958, 0.000357708],"native_setup_s":0.000211958,"native_first_join_s":0.000115292,"join_only_s":[4.8709e-5, 4.5625e-5, 4.5583e-5, 4.5667e-5, 4.5583e-5, 4.7958e-5, 4.825e-5],"fresh_s":[0.011135291, 0.010905625, 0.011748292, 0.011712916, 0.011496709, 0.011132208, 0.01162675],"warm_s":[7.9998046875e-5, 7.96642265625e-5, 7.977490234375e-5, 7.900309375e-5, 7.9803546875e-5, 7.97146796875e-5, 8.0258953125e-5],"warm_loops":256,"checksum":5648062,"verified":true}
EVENT_LAB {"kind":"free_join","candidate":"essential512","scenario":"coup_4290","shape":"clover","memo":false,"worlds":4290,"admissible_worlds":4290,"rows":4096,"groups":64,"plan_nodes":3,"input_nodes":611,"final_nodes":27896,"input_bytes_est":52863,"final_bytes_est":3618080,"colt_bytes":41104,"construction_bytes_est":80635,"input_storage":{"layout":"slab","record_bytes":9776,"table_bytes":16560,"interner_bytes":17676,"metadata_bytes":4992,"cache_bytes":3859,"records":611,"tables":264,"logical_words":2070,"total_bytes_est":52863},"final_storage":{"layout":"slab","record_bytes":625664,"table_bytes":1059840,"interner_bytes":643840,"metadata_bytes":312936,"cache_bytes":975800,"records":27896,"tables":10687,"logical_words":85160,"total_bytes_est":3618080},"build_s":[0.000405959, 0.000360125, 0.000361375, 0.000356875, 0.00035725, 0.000359458, 0.000359708],"native_setup_s":0.0001365,"native_first_join_s":0.000097458,"join_only_s":[7.3458e-5, 7.4958e-5, 7.3125e-5, 7.3125e-5, 7.3084e-5, 9.2041e-5, 7.4792e-5],"fresh_s":[0.029298125, 0.029766958, 0.031462625, 0.031459291, 0.02953, 0.029785583, 0.03056775],"warm_s":[0.00032896809375, 0.0003285735625, 0.000335259765625, 0.000333850265625, 0.0003358483125, 0.00033510415625, 0.000331016921875],"warm_loops":64,"checksum":5691950,"verified":true}
EVENT_LAB {"kind":"free_join","candidate":"essential512","scenario":"coup_4290","shape":"clover","memo":true,"worlds":4290,"admissible_worlds":4290,"rows":4096,"groups":64,"plan_nodes":3,"input_nodes":611,"final_nodes":27896,"input_bytes_est":52863,"final_bytes_est":3904800,"colt_bytes":41104,"construction_bytes_est":80635,"input_storage":{"layout":"slab","record_bytes":9776,"table_bytes":16560,"interner_bytes":17676,"metadata_bytes":4992,"cache_bytes":3859,"records":611,"tables":264,"logical_words":2070,"total_bytes_est":52863},"final_storage":{"layout":"slab","record_bytes":625664,"table_bytes":1059840,"interner_bytes":643840,"metadata_bytes":312936,"cache_bytes":975800,"records":27896,"tables":10687,"logical_words":85160,"total_bytes_est":3618080},"build_s":[0.000405959, 0.000360125, 0.000361375, 0.000356875, 0.00035725, 0.000359458, 0.000359708],"native_setup_s":0.0001365,"native_first_join_s":0.000097458,"join_only_s":[7.3458e-5, 7.4958e-5, 7.3125e-5, 7.3125e-5, 7.3084e-5, 9.2041e-5, 7.4792e-5],"fresh_s":[0.029103667, 0.029411834, 0.029573292, 0.030844542, 0.03140125, 0.029699875, 0.02881675],"warm_s":[0.00015897590625, 0.0001612750625, 0.0001596979140625, 0.0001576966171875, 0.000158190109375, 0.0001617076796875, 0.0001570595703125],"warm_loops":128,"checksum":5691950,"verified":true}
ok

test result: ok. 1 passed; 0 failed; 0 ignored; 0 measured; 1378 filtered out; finished in 1.54s


        1.54 real         1.53 user         0.00 sys
            27901952  maximum resident set size
                   0  average shared memory size
                   0  average unshared data size
                   0  average unshared stack size
                1917  page reclaims
                   0  page faults
                   0  swaps
                   0  block input operations
                   0  block output operations
                   0  messages sent
                   0  messages received
                   0  signals received
                   0  voluntary context switches
                 558  involuntary context switches
         23274200573  instructions retired
          5116990203  cycles elapsed
            25100696  peak memory footprint
