
running 1 test
test event_repr_lab::experiment ... EVENT_LAB {"kind":"readout_free_join","candidate":"prefix512","domain":"fibred","readout_family":"non-suffix","readout_faces":"x","hidden":8,"width":4,"bits":13,"worlds":8192,"admissible_worlds":3197,"environments":2,"rows":128,"groups":16,"outputs":64,"memo":false,"changed_possible_groups":16,"changed_guaranteed_groups":16,"nonconstant_readouts":48,"build_s":[0.001036084],"support_s":[0.000231917],"import_s":[0.000735542],"admission_s":[6.8125e-5],"join_only_s":[2.7583e-5],"fresh_s":[0.000536667],"fresh_group_s":[0.000160416],"fresh_readout_s":[0.000359208],"fresh_compute_s":[0.000520917],"fresh_count_s":[1.5666e-5],"warm_s":[4.9e-5],"warm_group_s":[2.1917e-5],"warm_readout_s":[1.4958e-5],"warm_compute_s":[3.7042e-5],"warm_count_s":[1.1833e-5],"input_nodes":1094,"final_nodes":1718,"input_bytes_est":127300,"final_bytes_est":223748,"input_storage":{"layout":"slab","record_bytes":17504,"table_bytes":31320,"interner_bytes":34840,"metadata_bytes":9140,"cache_bytes":34496,"records":1094,"tables":1080,"logical_words":3915,"total_bytes_est":127300},"final_storage":{"layout":"slab","record_bytes":35008,"table_bytes":62640,"interner_bytes":39216,"metadata_bytes":17892,"cache_bytes":68992,"records":1718,"tables":1704,"logical_words":6410,"total_bytes_est":223748},"outer_memo_bytes":0,"colt_bytes":14992,"checksum":607690,"verified":true}
EVENT_LAB {"kind":"readout_free_join","candidate":"prefix512","domain":"fibred","readout_family":"non-suffix","readout_faces":"x","hidden":8,"width":4,"bits":13,"worlds":8192,"admissible_worlds":3197,"environments":2,"rows":128,"groups":16,"outputs":64,"memo":true,"changed_possible_groups":16,"changed_guaranteed_groups":16,"nonconstant_readouts":48,"build_s":[0.001036084],"support_s":[0.000231917],"import_s":[0.000735542],"admission_s":[6.8125e-5],"join_only_s":[2.7583e-5],"fresh_s":[0.000519792],"fresh_group_s":[0.00015],"fresh_readout_s":[0.000358042],"fresh_compute_s":[0.00050825],"fresh_count_s":[1.1416e-5],"warm_s":[3.8042e-5],"warm_group_s":[9.875e-6],"warm_readout_s":[1.5416e-5],"warm_compute_s":[2.5625e-5],"warm_count_s":[1.225e-5],"input_nodes":1094,"final_nodes":1718,"input_bytes_est":127300,"final_bytes_est":232708,"input_storage":{"layout":"slab","record_bytes":17504,"table_bytes":31320,"interner_bytes":34840,"metadata_bytes":9140,"cache_bytes":34496,"records":1094,"tables":1080,"logical_words":3915,"total_bytes_est":127300},"final_storage":{"layout":"slab","record_bytes":35008,"table_bytes":62640,"interner_bytes":39216,"metadata_bytes":17892,"cache_bytes":68992,"records":1718,"tables":1704,"logical_words":6410,"total_bytes_est":223748},"outer_memo_bytes":8960,"colt_bytes":14992,"checksum":607690,"verified":true}
EVENT_LAB {"kind":"readout_free_join","candidate":"prefix512","domain":"fibred","readout_family":"non-suffix","readout_faces":"x","hidden":32,"width":6,"bits":19,"worlds":524288,"admissible_worlds":301069,"environments":2,"rows":128,"groups":16,"outputs":64,"memo":false,"changed_possible_groups":16,"changed_guaranteed_groups":16,"nonconstant_readouts":48,"build_s":[0.014470875],"support_s":[0.000826875],"import_s":[0.013326],"admission_s":[0.00031575],"join_only_s":[1.85e-5],"fresh_s":[0.00351825],"fresh_group_s":[0.001023208],"fresh_readout_s":[0.002364333],"fresh_compute_s":[0.003388042],"fresh_count_s":[0.000130125],"warm_s":[0.000205541],"warm_group_s":[2.9792e-5],"warm_readout_s":[4.0791e-5],"warm_compute_s":[7.1041e-5],"warm_count_s":[0.000134458],"input_nodes":19801,"final_nodes":24799,"input_bytes_est":2137304,"final_bytes_est":3344100,"input_storage":{"layout":"slab","record_bytes":316816,"table_bytes":500048,"interner_bytes":566628,"metadata_bytes":158868,"cache_bytes":594944,"records":19801,"tables":10290,"logical_words":62506,"total_bytes_est":2137304},"final_storage":{"layout":"slab","record_bytes":633632,"table_bytes":1000096,"interner_bytes":645832,"metadata_bytes":317276,"cache_bytes":747264,"records":24799,"tables":12957,"logical_words":76777,"total_bytes_est":3344100},"outer_memo_bytes":0,"colt_bytes":14992,"checksum":12912164,"verified":true}
EVENT_LAB {"kind":"readout_free_join","candidate":"prefix512","domain":"fibred","readout_family":"non-suffix","readout_faces":"x","hidden":32,"width":6,"bits":19,"worlds":524288,"admissible_worlds":301069,"environments":2,"rows":128,"groups":16,"outputs":64,"memo":true,"changed_possible_groups":16,"changed_guaranteed_groups":16,"nonconstant_readouts":48,"build_s":[0.014470875],"support_s":[0.000826875],"import_s":[0.013326],"admission_s":[0.00031575],"join_only_s":[1.85e-5],"fresh_s":[0.003478208],"fresh_group_s":[0.000992666],"fresh_readout_s":[0.002357708],"fresh_compute_s":[0.00335075],"fresh_count_s":[0.000127375],"warm_s":[0.000201708],"warm_group_s":[1.9375e-5],"warm_readout_s":[4.625e-5],"warm_compute_s":[6.6e-5],"warm_count_s":[0.000135667],"input_nodes":19801,"final_nodes":24799,"input_bytes_est":2137304,"final_bytes_est":3353060,"input_storage":{"layout":"slab","record_bytes":316816,"table_bytes":500048,"interner_bytes":566628,"metadata_bytes":158868,"cache_bytes":594944,"records":19801,"tables":10290,"logical_words":62506,"total_bytes_est":2137304},"final_storage":{"layout":"slab","record_bytes":633632,"table_bytes":1000096,"interner_bytes":645832,"metadata_bytes":317276,"cache_bytes":747264,"records":24799,"tables":12957,"logical_words":76777,"total_bytes_est":3344100},"outer_memo_bytes":8960,"colt_bytes":14992,"checksum":12912164,"verified":true}
ok

test result: ok. 1 passed; 0 failed; 0 ignored; 0 measured; 1378 filtered out; finished in 10.70s


       10.70 real        10.63 user         0.06 sys
           193462272  maximum resident set size
                   0  average shared memory size
                   0  average unshared data size
                   0  average unshared stack size
               15670  page reclaims
                   0  page faults
                   0  swaps
                   0  block input operations
                   0  block output operations
                   0  messages sent
                   0  messages received
                   0  signals received
                   0  voluntary context switches
                 293  involuntary context switches
        130268105560  instructions retired
         36060698262  cycles elapsed
           190513728  peak memory footprint
