
running 1 test
test event_repr_lab::experiment ... EVENT_LAB {"kind":"readout_free_join","candidate":"prefix512","domain":"fibred","readout_family":"non-suffix","readout_faces":"x","hidden":8,"width":4,"bits":13,"worlds":8192,"admissible_worlds":3197,"environments":2,"rows":128,"groups":16,"outputs":64,"memo":false,"changed_possible_groups":16,"changed_guaranteed_groups":16,"nonconstant_readouts":48,"build_s":[0.000980042],"support_s":[0.000218333],"import_s":[0.000692],"admission_s":[6.9334e-5],"join_only_s":[3.5458e-5],"fresh_s":[0.000519709],"fresh_group_s":[0.000167416],"fresh_readout_s":[0.000335167],"fresh_compute_s":[0.000503917],"fresh_count_s":[1.5666e-5],"warm_s":[4.7459e-5],"warm_group_s":[1.9792e-5],"warm_readout_s":[1.5e-5],"warm_compute_s":[3.4959e-5],"warm_count_s":[1.2375e-5],"input_nodes":1045,"final_nodes":1667,"input_bytes_est":135960,"final_bytes_est":210604,"input_storage":{"layout":"slab","record_bytes":16720,"table_bytes":26120,"interner_bytes":34644,"metadata_bytes":8748,"cache_bytes":49728,"records":1045,"tables":1032,"logical_words":3265,"total_bytes_est":135960},"final_storage":{"layout":"slab","record_bytes":33440,"table_bytes":52240,"interner_bytes":38824,"metadata_bytes":17108,"cache_bytes":68992,"records":1667,"tables":1654,"logical_words":5445,"total_bytes_est":210604},"outer_memo_bytes":0,"colt_bytes":14992,"checksum":607690,"verified":true}
EVENT_LAB {"kind":"readout_free_join","candidate":"prefix512","domain":"fibred","readout_family":"non-suffix","readout_faces":"x","hidden":8,"width":4,"bits":13,"worlds":8192,"admissible_worlds":3197,"environments":2,"rows":128,"groups":16,"outputs":64,"memo":true,"changed_possible_groups":16,"changed_guaranteed_groups":16,"nonconstant_readouts":48,"build_s":[0.000980042],"support_s":[0.000218333],"import_s":[0.000692],"admission_s":[6.9334e-5],"join_only_s":[3.5458e-5],"fresh_s":[0.000515458],"fresh_group_s":[0.000157625],"fresh_readout_s":[0.000344959],"fresh_compute_s":[0.000503],"fresh_count_s":[1.2375e-5],"warm_s":[4.825e-5],"warm_group_s":[1.4375e-5],"warm_readout_s":[1.5875e-5],"warm_compute_s":[3.5875e-5],"warm_count_s":[1.2209e-5],"input_nodes":1045,"final_nodes":1667,"input_bytes_est":135960,"final_bytes_est":219564,"input_storage":{"layout":"slab","record_bytes":16720,"table_bytes":26120,"interner_bytes":34644,"metadata_bytes":8748,"cache_bytes":49728,"records":1045,"tables":1032,"logical_words":3265,"total_bytes_est":135960},"final_storage":{"layout":"slab","record_bytes":33440,"table_bytes":52240,"interner_bytes":38824,"metadata_bytes":17108,"cache_bytes":68992,"records":1667,"tables":1654,"logical_words":5445,"total_bytes_est":210604},"outer_memo_bytes":8960,"colt_bytes":14992,"checksum":607690,"verified":true}
EVENT_LAB {"kind":"readout_free_join","candidate":"prefix512","domain":"fibred","readout_family":"non-suffix","readout_faces":"x","hidden":32,"width":6,"bits":19,"worlds":524288,"admissible_worlds":301069,"environments":2,"rows":128,"groups":16,"outputs":64,"memo":false,"changed_possible_groups":16,"changed_guaranteed_groups":16,"nonconstant_readouts":48,"build_s":[0.010601583],"support_s":[0.000550458],"import_s":[0.009736875],"admission_s":[0.000313708],"join_only_s":[2.2875e-5],"fresh_s":[0.003776209],"fresh_group_s":[0.001251333],"fresh_readout_s":[0.002386333],"fresh_compute_s":[0.003640875],"fresh_count_s":[0.000135208],"warm_s":[0.000540333],"warm_group_s":[2.7541e-5],"warm_readout_s":[0.00037825],"warm_compute_s":[0.000406625],"warm_count_s":[0.000133584],"input_nodes":15017,"final_nodes":19938,"input_bytes_est":1595496,"final_bytes_est":2382340,"input_storage":{"layout":"slab","record_bytes":240272,"table_bytes":274976,"interner_bytes":547492,"metadata_bytes":120596,"cache_bytes":412160,"records":15017,"tables":6591,"logical_words":34372,"total_bytes_est":1595496},"final_storage":{"layout":"slab","record_bytes":480544,"table_bytes":549952,"interner_bytes":607560,"metadata_bytes":240732,"cache_bytes":503552,"records":19938,"tables":9310,"logical_words":49526,"total_bytes_est":2382340},"outer_memo_bytes":0,"colt_bytes":14992,"checksum":12912164,"verified":true}
EVENT_LAB {"kind":"readout_free_join","candidate":"prefix512","domain":"fibred","readout_family":"non-suffix","readout_faces":"x","hidden":32,"width":6,"bits":19,"worlds":524288,"admissible_worlds":301069,"environments":2,"rows":128,"groups":16,"outputs":64,"memo":true,"changed_possible_groups":16,"changed_guaranteed_groups":16,"nonconstant_readouts":48,"build_s":[0.010601583],"support_s":[0.000550458],"import_s":[0.009736875],"admission_s":[0.000313708],"join_only_s":[2.2875e-5],"fresh_s":[0.003970917],"fresh_group_s":[0.00132175],"fresh_readout_s":[0.002517583],"fresh_compute_s":[0.003839834],"fresh_count_s":[0.000131041],"warm_s":[0.000535916],"warm_group_s":[1.7125e-5],"warm_readout_s":[0.000381833],"warm_compute_s":[0.000399625],"warm_count_s":[0.000136209],"input_nodes":15017,"final_nodes":19938,"input_bytes_est":1595496,"final_bytes_est":2391300,"input_storage":{"layout":"slab","record_bytes":240272,"table_bytes":274976,"interner_bytes":547492,"metadata_bytes":120596,"cache_bytes":412160,"records":15017,"tables":6591,"logical_words":34372,"total_bytes_est":1595496},"final_storage":{"layout":"slab","record_bytes":480544,"table_bytes":549952,"interner_bytes":607560,"metadata_bytes":240732,"cache_bytes":503552,"records":19938,"tables":9310,"logical_words":49526,"total_bytes_est":2382340},"outer_memo_bytes":8960,"colt_bytes":14992,"checksum":12912164,"verified":true}
ok

test result: ok. 1 passed; 0 failed; 0 ignored; 0 measured; 1378 filtered out; finished in 7.87s


        7.87 real         7.81 user         0.05 sys
            33996800  maximum resident set size
                   0  average shared memory size
                   0  average unshared data size
                   0  average unshared stack size
                2290  page reclaims
                   0  page faults
                   0  swaps
                   0  block input operations
                   0  block output operations
                   0  messages sent
                   0  messages received
                   0  signals received
                   0  voluntary context switches
                 384  involuntary context switches
         99858386004  instructions retired
         26538860681  cycles elapsed
            30933400  peak memory footprint
