
running 1 test
test event_repr_lab::experiment ... EVENT_LAB {"kind":"readout_free_join","candidate":"prefix512","domain":"fibred","readout_family":"non-suffix","readout_faces":"x","hidden":8,"width":4,"bits":13,"worlds":8192,"admissible_worlds":3197,"environments":2,"rows":128,"groups":16,"outputs":64,"memo":false,"changed_possible_groups":16,"changed_guaranteed_groups":16,"nonconstant_readouts":48,"build_s":[0.00102775],"support_s":[0.000242125],"import_s":[0.000717958],"admission_s":[6.7334e-5],"join_only_s":[2.6625e-5],"fresh_s":[0.000828583],"fresh_group_s":[0.000154541],"fresh_readout_s":[0.000656292],"fresh_compute_s":[0.00081225],"fresh_count_s":[1.6166e-5],"warm_s":[3.6958e-5],"warm_group_s":[2.0166e-5],"warm_readout_s":[2.333e-6],"warm_compute_s":[2.2791e-5],"warm_count_s":[1.4e-5],"input_nodes":1094,"final_nodes":2125,"input_bytes_est":127300,"final_bytes_est":255136,"input_storage":{"layout":"slab","record_bytes":17504,"table_bytes":31320,"interner_bytes":34840,"metadata_bytes":9140,"cache_bytes":34496,"records":1094,"tables":1080,"logical_words":3915,"total_bytes_est":127300},"final_storage":{"layout":"slab","record_bytes":35008,"table_bytes":62640,"interner_bytes":69680,"metadata_bytes":17892,"cache_bytes":69916,"records":2125,"tables":2111,"logical_words":7648,"total_bytes_est":255136},"outer_memo_bytes":0,"colt_bytes":14992,"checksum":607690,"verified":true}
EVENT_LAB {"kind":"readout_free_join","candidate":"prefix512","domain":"fibred","readout_family":"non-suffix","readout_faces":"x","hidden":8,"width":4,"bits":13,"worlds":8192,"admissible_worlds":3197,"environments":2,"rows":128,"groups":16,"outputs":64,"memo":true,"changed_possible_groups":16,"changed_guaranteed_groups":16,"nonconstant_readouts":48,"build_s":[0.00102775],"support_s":[0.000242125],"import_s":[0.000717958],"admission_s":[6.7334e-5],"join_only_s":[2.6625e-5],"fresh_s":[0.000867666],"fresh_group_s":[0.00016125],"fresh_readout_s":[0.000692292],"fresh_compute_s":[0.000854125],"fresh_count_s":[1.3417e-5],"warm_s":[2.9666e-5],"warm_group_s":[1.1292e-5],"warm_readout_s":[2.166e-6],"warm_compute_s":[1.6958e-5],"warm_count_s":[1.2625e-5],"input_nodes":1094,"final_nodes":2125,"input_bytes_est":127300,"final_bytes_est":264096,"input_storage":{"layout":"slab","record_bytes":17504,"table_bytes":31320,"interner_bytes":34840,"metadata_bytes":9140,"cache_bytes":34496,"records":1094,"tables":1080,"logical_words":3915,"total_bytes_est":127300},"final_storage":{"layout":"slab","record_bytes":35008,"table_bytes":62640,"interner_bytes":69680,"metadata_bytes":17892,"cache_bytes":69916,"records":2125,"tables":2111,"logical_words":7648,"total_bytes_est":255136},"outer_memo_bytes":8960,"colt_bytes":14992,"checksum":607690,"verified":true}
EVENT_LAB {"kind":"readout_free_join","candidate":"prefix512","domain":"fibred","readout_family":"non-suffix","readout_faces":"x","hidden":32,"width":6,"bits":19,"worlds":524288,"admissible_worlds":301069,"environments":2,"rows":128,"groups":16,"outputs":64,"memo":false,"changed_possible_groups":16,"changed_guaranteed_groups":16,"nonconstant_readouts":48,"build_s":[0.014441458],"support_s":[0.000811292],"import_s":[0.013299042],"admission_s":[0.00033075],"join_only_s":[1.7458e-5],"fresh_s":[0.004683416],"fresh_group_s":[0.001012541],"fresh_readout_s":[0.003538584],"fresh_compute_s":[0.004551291],"fresh_count_s":[0.000132042],"warm_s":[0.000169917],"warm_group_s":[2.8667e-5],"warm_readout_s":[3.375e-6],"warm_compute_s":[3.25e-5],"warm_count_s":[0.000137291],"input_nodes":19801,"final_nodes":26682,"input_bytes_est":2137304,"final_bytes_est":3466880,"input_storage":{"layout":"slab","record_bytes":316816,"table_bytes":500048,"interner_bytes":566628,"metadata_bytes":158868,"cache_bytes":594944,"records":19801,"tables":10290,"logical_words":62506,"total_bytes_est":2137304},"final_storage":{"layout":"slab","record_bytes":633632,"table_bytes":1000096,"interner_bytes":645832,"metadata_bytes":317276,"cache_bytes":870044,"records":26682,"tables":14063,"logical_words":82446,"total_bytes_est":3466880},"outer_memo_bytes":0,"colt_bytes":14992,"checksum":12912164,"verified":true}
EVENT_LAB {"kind":"readout_free_join","candidate":"prefix512","domain":"fibred","readout_family":"non-suffix","readout_faces":"x","hidden":32,"width":6,"bits":19,"worlds":524288,"admissible_worlds":301069,"environments":2,"rows":128,"groups":16,"outputs":64,"memo":true,"changed_possible_groups":16,"changed_guaranteed_groups":16,"nonconstant_readouts":48,"build_s":[0.014441458],"support_s":[0.000811292],"import_s":[0.013299042],"admission_s":[0.00033075],"join_only_s":[1.7458e-5],"fresh_s":[0.004690583],"fresh_group_s":[0.000990916],"fresh_readout_s":[0.003567875],"fresh_compute_s":[0.004559625],"fresh_count_s":[0.000130917],"warm_s":[0.000166958],"warm_group_s":[1.6959e-5],"warm_readout_s":[4.125e-6],"warm_compute_s":[2.3292e-5],"warm_count_s":[0.000143584],"input_nodes":19801,"final_nodes":26682,"input_bytes_est":2137304,"final_bytes_est":3475840,"input_storage":{"layout":"slab","record_bytes":316816,"table_bytes":500048,"interner_bytes":566628,"metadata_bytes":158868,"cache_bytes":594944,"records":19801,"tables":10290,"logical_words":62506,"total_bytes_est":2137304},"final_storage":{"layout":"slab","record_bytes":633632,"table_bytes":1000096,"interner_bytes":645832,"metadata_bytes":317276,"cache_bytes":870044,"records":26682,"tables":14063,"logical_words":82446,"total_bytes_est":3466880},"outer_memo_bytes":8960,"colt_bytes":14992,"checksum":12912164,"verified":true}
ok

test result: ok. 1 passed; 0 failed; 0 ignored; 0 measured; 1378 filtered out; finished in 10.66s


       10.66 real        10.60 user         0.05 sys
           170999808  maximum resident set size
                   0  average shared memory size
                   0  average unshared data size
                   0  average unshared stack size
               14214  page reclaims
                   0  page faults
                   0  swaps
                   0  block input operations
                   0  block output operations
                   0  messages sent
                   0  messages received
                   0  signals received
                   0  voluntary context switches
                 679  involuntary context switches
        130808470386  instructions retired
         35915664392  cycles elapsed
           168034856  peak memory footprint
