
running 1 test
test event_repr_lab::experiment ... EVENT_LAB {"kind":"readout_free_join","candidate":"essential64","domain":"fibred","readout_family":"non-suffix","readout_faces":"x","hidden":8,"width":4,"bits":13,"worlds":8192,"admissible_worlds":3197,"environments":2,"rows":128,"groups":16,"outputs":64,"memo":false,"changed_possible_groups":16,"changed_guaranteed_groups":16,"nonconstant_readouts":48,"build_s":[0.001094458],"support_s":[0.0001355],"import_s":[0.000403208],"admission_s":[0.000555375],"join_only_s":[2.9791e-5],"fresh_s":[0.001343833],"fresh_group_s":[0.000820667],"fresh_readout_s":[0.000521666],"fresh_compute_s":[0.001343541],"fresh_count_s":[2.08e-7],"warm_s":[0.000271291],"warm_group_s":[2.9125e-5],"warm_readout_s":[0.000240875],"warm_compute_s":[0.000270708],"warm_count_s":[5e-7],"input_nodes":2441,"final_nodes":5580,"input_bytes_est":198604,"final_bytes_est":533800,"input_storage":{"layout":"slab","record_bytes":39056,"table_bytes":4488,"interner_bytes":70692,"metadata_bytes":19632,"cache_bytes":64736,"records":2441,"tables":561,"logical_words":561,"total_bytes_est":198604},"final_storage":{"layout":"slab","record_bytes":156224,"table_bytes":8976,"interner_bytes":160912,"metadata_bytes":78216,"cache_bytes":129472,"records":5580,"tables":1003,"logical_words":1003,"total_bytes_est":533800},"outer_memo_bytes":0,"colt_bytes":14992,"checksum":607690,"verified":true}
EVENT_LAB {"kind":"readout_free_join","candidate":"essential64","domain":"fibred","readout_family":"non-suffix","readout_faces":"x","hidden":8,"width":4,"bits":13,"worlds":8192,"admissible_worlds":3197,"environments":2,"rows":128,"groups":16,"outputs":64,"memo":true,"changed_possible_groups":16,"changed_guaranteed_groups":16,"nonconstant_readouts":48,"build_s":[0.001094458],"support_s":[0.0001355],"import_s":[0.000403208],"admission_s":[0.000555375],"join_only_s":[2.9791e-5],"fresh_s":[0.001317166],"fresh_group_s":[0.00080175],"fresh_readout_s":[0.00051475],"fresh_compute_s":[0.00131675],"fresh_count_s":[3.34e-7],"warm_s":[0.000229125],"warm_group_s":[1.3166e-5],"warm_readout_s":[0.000215458],"warm_compute_s":[0.000228875],"warm_count_s":[1.67e-7],"input_nodes":2441,"final_nodes":5580,"input_bytes_est":198604,"final_bytes_est":542760,"input_storage":{"layout":"slab","record_bytes":39056,"table_bytes":4488,"interner_bytes":70692,"metadata_bytes":19632,"cache_bytes":64736,"records":2441,"tables":561,"logical_words":561,"total_bytes_est":198604},"final_storage":{"layout":"slab","record_bytes":156224,"table_bytes":8976,"interner_bytes":160912,"metadata_bytes":78216,"cache_bytes":129472,"records":5580,"tables":1003,"logical_words":1003,"total_bytes_est":533800},"outer_memo_bytes":8960,"colt_bytes":14992,"checksum":607690,"verified":true}
EVENT_LAB {"kind":"readout_free_join","candidate":"essential64","domain":"fibred","readout_family":"non-suffix","readout_faces":"x","hidden":32,"width":6,"bits":19,"worlds":524288,"admissible_worlds":301069,"environments":2,"rows":128,"groups":16,"outputs":64,"memo":false,"changed_possible_groups":16,"changed_guaranteed_groups":16,"nonconstant_readouts":48,"build_s":[0.006020334],"support_s":[0.000389667],"import_s":[0.002274625],"admission_s":[0.003355542],"join_only_s":[1.7625e-5],"fresh_s":[0.005009042],"fresh_group_s":[0.002818875],"fresh_readout_s":[0.002189459],"fresh_compute_s":[0.005008667],"fresh_count_s":[2.91e-7],"warm_s":[0.001176584],"warm_group_s":[3.8917e-5],"warm_readout_s":[0.001136667],"warm_compute_s":[0.001175917],"warm_count_s":[5.83e-7],"input_nodes":14597,"final_nodes":23355,"input_bytes_est":1399004,"final_bytes_est":2325664,"input_storage":{"layout":"slab","record_bytes":233552,"table_bytes":7672,"interner_bytes":545812,"metadata_bytes":116928,"cache_bytes":495040,"records":14597,"tables":959,"logical_words":959,"total_bytes_est":1399004},"final_storage":{"layout":"slab","record_bytes":467104,"table_bytes":15344,"interner_bytes":604200,"metadata_bytes":233704,"cache_bytes":1005312,"records":23355,"tables":1680,"logical_words":1680,"total_bytes_est":2325664},"outer_memo_bytes":0,"colt_bytes":14992,"checksum":12912164,"verified":true}
EVENT_LAB {"kind":"readout_free_join","candidate":"essential64","domain":"fibred","readout_family":"non-suffix","readout_faces":"x","hidden":32,"width":6,"bits":19,"worlds":524288,"admissible_worlds":301069,"environments":2,"rows":128,"groups":16,"outputs":64,"memo":true,"changed_possible_groups":16,"changed_guaranteed_groups":16,"nonconstant_readouts":48,"build_s":[0.006020334],"support_s":[0.000389667],"import_s":[0.002274625],"admission_s":[0.003355542],"join_only_s":[1.7625e-5],"fresh_s":[0.005128583],"fresh_group_s":[0.002825375],"fresh_readout_s":[0.002301958],"fresh_compute_s":[0.005128083],"fresh_count_s":[4.17e-7],"warm_s":[0.00113275],"warm_group_s":[1.7125e-5],"warm_readout_s":[0.001114209],"warm_compute_s":[0.001131875],"warm_count_s":[7.92e-7],"input_nodes":14597,"final_nodes":23355,"input_bytes_est":1399004,"final_bytes_est":2334624,"input_storage":{"layout":"slab","record_bytes":233552,"table_bytes":7672,"interner_bytes":545812,"metadata_bytes":116928,"cache_bytes":495040,"records":14597,"tables":959,"logical_words":959,"total_bytes_est":1399004},"final_storage":{"layout":"slab","record_bytes":467104,"table_bytes":15344,"interner_bytes":604200,"metadata_bytes":233704,"cache_bytes":1005312,"records":23355,"tables":1680,"logical_words":1680,"total_bytes_est":2325664},"outer_memo_bytes":8960,"colt_bytes":14992,"checksum":12912164,"verified":true}
ok

test result: ok. 1 passed; 0 failed; 0 ignored; 0 measured; 1378 filtered out; finished in 9.33s


        9.33 real         9.18 user         0.15 sys
            25755648  maximum resident set size
                   0  average shared memory size
                   0  average unshared data size
                   0  average unshared stack size
                1786  page reclaims
                   0  page faults
                   0  swaps
                   0  block input operations
                   0  block output operations
                   0  messages sent
                   0  messages received
                   0  signals received
                   0  voluntary context switches
                 313  involuntary context switches
        120226742470  instructions retired
         31600970069  cycles elapsed
            22839704  peak memory footprint
