
running 1 test
test event_repr_lab::experiment ... EVENT_LAB {"kind":"readout_free_join","candidate":"prefix64","domain":"fibred","readout_family":"non-suffix","readout_faces":"x","hidden":8,"width":4,"bits":13,"worlds":8192,"admissible_worlds":3197,"environments":2,"rows":128,"groups":16,"outputs":64,"memo":false,"changed_possible_groups":16,"changed_guaranteed_groups":16,"nonconstant_readouts":48,"build_s":[0.002416833],"support_s":[0.000208333],"import_s":[0.0021585],"admission_s":[4.9709e-5],"join_only_s":[2.9625e-5],"fresh_s":[0.003037333],"fresh_group_s":[0.00044625],"fresh_readout_s":[0.002504833],"fresh_compute_s":[0.0029525],"fresh_count_s":[8.4667e-5],"warm_s":[0.000326667],"warm_group_s":[2.0583e-5],"warm_readout_s":[0.000224792],"warm_compute_s":[0.000245584],"warm_count_s":[8.0917e-5],"input_nodes":4603,"final_nodes":11380,"input_bytes_est":423800,"final_bytes_est":1105108,"input_storage":{"layout":"slab","record_bytes":73648,"table_bytes":16448,"interner_bytes":140268,"metadata_bytes":37084,"cache_bytes":156352,"records":4603,"tables":2056,"logical_words":2056,"total_bytes_est":423800},"final_storage":{"layout":"slab","record_bytes":294592,"table_bytes":32896,"interner_bytes":317360,"metadata_bytes":147556,"cache_bytes":312704,"records":11380,"tables":3610,"logical_words":3610,"total_bytes_est":1105108},"outer_memo_bytes":0,"colt_bytes":14992,"checksum":607690,"verified":true}
EVENT_LAB {"kind":"readout_free_join","candidate":"prefix64","domain":"fibred","readout_family":"non-suffix","readout_faces":"x","hidden":8,"width":4,"bits":13,"worlds":8192,"admissible_worlds":3197,"environments":2,"rows":128,"groups":16,"outputs":64,"memo":true,"changed_possible_groups":16,"changed_guaranteed_groups":16,"nonconstant_readouts":48,"build_s":[0.002416833],"support_s":[0.000208333],"import_s":[0.0021585],"admission_s":[4.9709e-5],"join_only_s":[2.9625e-5],"fresh_s":[0.002829792],"fresh_group_s":[0.000413916],"fresh_readout_s":[0.002336917],"fresh_compute_s":[0.002751167],"fresh_count_s":[7.8459e-5],"warm_s":[0.000324459],"warm_group_s":[1.8708e-5],"warm_readout_s":[0.000222375],"warm_compute_s":[0.000241334],"warm_count_s":[8.3e-5],"input_nodes":4603,"final_nodes":11380,"input_bytes_est":423800,"final_bytes_est":1114068,"input_storage":{"layout":"slab","record_bytes":73648,"table_bytes":16448,"interner_bytes":140268,"metadata_bytes":37084,"cache_bytes":156352,"records":4603,"tables":2056,"logical_words":2056,"total_bytes_est":423800},"final_storage":{"layout":"slab","record_bytes":294592,"table_bytes":32896,"interner_bytes":317360,"metadata_bytes":147556,"cache_bytes":312704,"records":11380,"tables":3610,"logical_words":3610,"total_bytes_est":1105108},"outer_memo_bytes":8960,"colt_bytes":14992,"checksum":607690,"verified":true}
EVENT_LAB {"kind":"readout_free_join","candidate":"prefix64","domain":"fibred","readout_family":"non-suffix","readout_faces":"x","hidden":32,"width":6,"bits":19,"worlds":524288,"admissible_worlds":301069,"environments":2,"rows":128,"groups":16,"outputs":64,"memo":false,"changed_possible_groups":16,"changed_guaranteed_groups":16,"nonconstant_readouts":48,"build_s":[0.011947542],"support_s":[0.000521375],"import_s":[0.011079667],"admission_s":[0.000342792],"join_only_s":[1.5708e-5],"fresh_s":[0.013311375],"fresh_group_s":[0.001779708],"fresh_readout_s":[0.011119833],"fresh_compute_s":[0.012903041],"fresh_count_s":[0.000405125],"warm_s":[0.001690292],"warm_group_s":[4.1667e-5],"warm_readout_s":[0.001220958],"warm_compute_s":[0.001263042],"warm_count_s":[0.000427042],"input_nodes":34673,"final_nodes":67201,"input_bytes_est":2984384,"final_bytes_est":5968436,"input_storage":{"layout":"slab","record_bytes":554768,"table_bytes":16920,"interner_bytes":1113540,"metadata_bytes":277716,"cache_bytes":1021440,"records":34673,"tables":2115,"logical_words":2115,"total_bytes_est":2984384},"final_storage":{"layout":"slab","record_bytes":1109536,"table_bytes":33840,"interner_bytes":2227080,"metadata_bytes":555100,"cache_bytes":2042880,"records":67201,"tables":3748,"logical_words":3748,"total_bytes_est":5968436},"outer_memo_bytes":0,"colt_bytes":14992,"checksum":12912164,"verified":true}
EVENT_LAB {"kind":"readout_free_join","candidate":"prefix64","domain":"fibred","readout_family":"non-suffix","readout_faces":"x","hidden":32,"width":6,"bits":19,"worlds":524288,"admissible_worlds":301069,"environments":2,"rows":128,"groups":16,"outputs":64,"memo":true,"changed_possible_groups":16,"changed_guaranteed_groups":16,"nonconstant_readouts":48,"build_s":[0.011947542],"support_s":[0.000521375],"import_s":[0.011079667],"admission_s":[0.000342792],"join_only_s":[1.5708e-5],"fresh_s":[0.011755],"fresh_group_s":[0.001772958],"fresh_readout_s":[0.009581041],"fresh_compute_s":[0.011354875],"fresh_count_s":[0.000398666],"warm_s":[0.001668958],"warm_group_s":[1.65e-5],"warm_readout_s":[0.001219042],"warm_compute_s":[0.001235916],"warm_count_s":[0.000432958],"input_nodes":34673,"final_nodes":67201,"input_bytes_est":2984384,"final_bytes_est":5977396,"input_storage":{"layout":"slab","record_bytes":554768,"table_bytes":16920,"interner_bytes":1113540,"metadata_bytes":277716,"cache_bytes":1021440,"records":34673,"tables":2115,"logical_words":2115,"total_bytes_est":2984384},"final_storage":{"layout":"slab","record_bytes":1109536,"table_bytes":33840,"interner_bytes":2227080,"metadata_bytes":555100,"cache_bytes":2042880,"records":67201,"tables":3748,"logical_words":3748,"total_bytes_est":5968436},"outer_memo_bytes":8960,"colt_bytes":14992,"checksum":12912164,"verified":true}
ok

test result: ok. 1 passed; 0 failed; 0 ignored; 0 measured; 1378 filtered out; finished in 8.40s


        8.40 real         8.27 user         0.13 sys
            47955968  maximum resident set size
                   0  average shared memory size
                   0  average unshared data size
                   0  average unshared stack size
                3141  page reclaims
                   0  page faults
                   0  swaps
                   0  block input operations
                   0  block output operations
                   0  messages sent
                   0  messages received
                   0  signals received
                   0  voluntary context switches
                 197  involuntary context switches
        109732200607  instructions retired
         28539608621  cycles elapsed
            44925336  peak memory footprint
