
running 1 test
test event_repr_lab::experiment ... EVENT_LAB {"kind":"readout_free_join","candidate":"essential64","domain":"fibred","readout_family":"suffix-1","readout_faces":"x","hidden":1,"width":4,"bits":13,"worlds":8192,"admissible_worlds":3197,"environments":2,"rows":128,"groups":16,"outputs":64,"memo":false,"changed_possible_groups":16,"changed_guaranteed_groups":16,"nonconstant_readouts":48,"build_s":[0.001052625],"support_s":[0.000125209],"import_s":[0.000395084],"admission_s":[0.000531958],"join_only_s":[2.9041e-5],"fresh_s":[0.001357917],"fresh_group_s":[0.000804041],"fresh_readout_s":[0.0005525],"fresh_compute_s":[0.001357667],"fresh_count_s":[1.66e-7],"warm_s":[0.000237708],"warm_group_s":[1.5916e-5],"warm_readout_s":[0.000221333],"warm_compute_s":[0.000237375],"warm_count_s":[2.5e-7],"input_nodes":2441,"final_nodes":5730,"input_bytes_est":198604,"final_bytes_est":533800,"input_storage":{"layout":"slab","record_bytes":39056,"table_bytes":4488,"interner_bytes":70692,"metadata_bytes":19632,"cache_bytes":64736,"records":2441,"tables":561,"logical_words":561,"total_bytes_est":198604},"final_storage":{"layout":"slab","record_bytes":156224,"table_bytes":8976,"interner_bytes":160912,"metadata_bytes":78216,"cache_bytes":129472,"records":5730,"tables":1028,"logical_words":1028,"total_bytes_est":533800},"outer_memo_bytes":0,"colt_bytes":14992,"checksum":598930,"verified":true}
EVENT_LAB {"kind":"readout_free_join","candidate":"essential64","domain":"fibred","readout_family":"suffix-1","readout_faces":"x","hidden":1,"width":4,"bits":13,"worlds":8192,"admissible_worlds":3197,"environments":2,"rows":128,"groups":16,"outputs":64,"memo":true,"changed_possible_groups":16,"changed_guaranteed_groups":16,"nonconstant_readouts":48,"build_s":[0.001052625],"support_s":[0.000125209],"import_s":[0.000395084],"admission_s":[0.000531958],"join_only_s":[2.9041e-5],"fresh_s":[0.001395417],"fresh_group_s":[0.000844875],"fresh_readout_s":[0.000550167],"fresh_compute_s":[0.001395167],"fresh_count_s":[1.66e-7],"warm_s":[0.000207166],"warm_group_s":[8.666e-6],"warm_readout_s":[0.000198167],"warm_compute_s":[0.000206875],"warm_count_s":[1.25e-7],"input_nodes":2441,"final_nodes":5730,"input_bytes_est":198604,"final_bytes_est":542760,"input_storage":{"layout":"slab","record_bytes":39056,"table_bytes":4488,"interner_bytes":70692,"metadata_bytes":19632,"cache_bytes":64736,"records":2441,"tables":561,"logical_words":561,"total_bytes_est":198604},"final_storage":{"layout":"slab","record_bytes":156224,"table_bytes":8976,"interner_bytes":160912,"metadata_bytes":78216,"cache_bytes":129472,"records":5730,"tables":1028,"logical_words":1028,"total_bytes_est":533800},"outer_memo_bytes":8960,"colt_bytes":14992,"checksum":598930,"verified":true}
EVENT_LAB {"kind":"readout_free_join","candidate":"essential64","domain":"fibred","readout_family":"suffix-1","readout_faces":"x","hidden":1,"width":6,"bits":19,"worlds":524288,"admissible_worlds":301069,"environments":2,"rows":128,"groups":16,"outputs":64,"memo":false,"changed_possible_groups":16,"changed_guaranteed_groups":16,"nonconstant_readouts":48,"build_s":[0.006054875],"support_s":[0.000374625],"import_s":[0.002313],"admission_s":[0.003366875],"join_only_s":[1.3084e-5],"fresh_s":[0.005165541],"fresh_group_s":[0.002866125],"fresh_readout_s":[0.002299],"fresh_compute_s":[0.00516525],"fresh_count_s":[2.09e-7],"warm_s":[0.000996291],"warm_group_s":[1.9375e-5],"warm_readout_s":[0.000976292],"warm_compute_s":[0.000996083],"warm_count_s":[1.25e-7],"input_nodes":14597,"final_nodes":24354,"input_bytes_est":1399004,"final_bytes_est":2325664,"input_storage":{"layout":"slab","record_bytes":233552,"table_bytes":7672,"interner_bytes":545812,"metadata_bytes":116928,"cache_bytes":495040,"records":14597,"tables":959,"logical_words":959,"total_bytes_est":1399004},"final_storage":{"layout":"slab","record_bytes":467104,"table_bytes":15344,"interner_bytes":604200,"metadata_bytes":233704,"cache_bytes":1005312,"records":24354,"tables":1697,"logical_words":1697,"total_bytes_est":2325664},"outer_memo_bytes":0,"colt_bytes":14992,"checksum":11398018,"verified":true}
EVENT_LAB {"kind":"readout_free_join","candidate":"essential64","domain":"fibred","readout_family":"suffix-1","readout_faces":"x","hidden":1,"width":6,"bits":19,"worlds":524288,"admissible_worlds":301069,"environments":2,"rows":128,"groups":16,"outputs":64,"memo":true,"changed_possible_groups":16,"changed_guaranteed_groups":16,"nonconstant_readouts":48,"build_s":[0.006054875],"support_s":[0.000374625],"import_s":[0.002313],"admission_s":[0.003366875],"join_only_s":[1.3084e-5],"fresh_s":[0.005485958],"fresh_group_s":[0.003124084],"fresh_readout_s":[0.0023605],"fresh_compute_s":[0.0054855],"fresh_count_s":[3.75e-7],"warm_s":[0.001103834],"warm_group_s":[1.5583e-5],"warm_readout_s":[0.001087166],"warm_compute_s":[0.00110325],"warm_count_s":[5e-7],"input_nodes":14597,"final_nodes":24354,"input_bytes_est":1399004,"final_bytes_est":2334624,"input_storage":{"layout":"slab","record_bytes":233552,"table_bytes":7672,"interner_bytes":545812,"metadata_bytes":116928,"cache_bytes":495040,"records":14597,"tables":959,"logical_words":959,"total_bytes_est":1399004},"final_storage":{"layout":"slab","record_bytes":467104,"table_bytes":15344,"interner_bytes":604200,"metadata_bytes":233704,"cache_bytes":1005312,"records":24354,"tables":1697,"logical_words":1697,"total_bytes_est":2325664},"outer_memo_bytes":8960,"colt_bytes":14992,"checksum":11398018,"verified":true}
ok

test result: ok. 1 passed; 0 failed; 0 ignored; 0 measured; 1378 filtered out; finished in 10.77s


       10.77 real        10.19 user         0.11 sys
            26394624  maximum resident set size
                   0  average shared memory size
                   0  average unshared data size
                   0  average unshared stack size
                1826  page reclaims
                   0  page faults
                   0  swaps
                   0  block input operations
                   0  block output operations
                   0  messages sent
                   0  messages received
                   0  signals received
                   0  voluntary context switches
                2617  involuntary context switches
        127273689054  instructions retired
         34056277530  cycles elapsed
            23478680  peak memory footprint
