▶ parseQueryIr
  ✔ brands a shape-legal QueryIr (0.921709ms)
  ✔ owns complete descriptions without freezing or retaining caller arrays (0.634417ms)
  ✔ rejects malformed nodes and ordinal overflow at every boundary (1.221625ms)
  ✔ rejects getters, sparse arrays and malformed binding tuples without invoking accessors (0.272584ms)
  ✔ bounds recursive input before stack exhaustion and checks aggregate operators (0.921875ms)
  ✔ logical byte literals are detached and scalars use canonical field values (0.194ms)
  ✔ rejects empty main with populated interiors (0.083208ms)
  ✔ rejects rec with an empty base (0.137042ms)
  ✔ a compute find term requires the shared expr grammar arm (0.098459ms)
  ✔ rejects Count-with-over (0.123333ms)
  ✔ preparation rejects an unbranded QueryIr object literal (0.055917ms)
  ▶ raw Event query programs
    ✔ owns all structural constructors and test operators (1.084917ms)
    ✔ refuses malformed, cyclic and oversized programs before native execution (0.66775ms)
    ✔ owns bounded BEDC payloads while native import remains the semantic gate (1.430625ms)
    ✔ parses owned relation programs under the shared Event tree budget (1.862ms)
  ✔ raw Event query programs (5.17175ms)
✔ parseQueryIr (10.714625ms)
✔ fixed-point wire parsing owns scopes and shares imported-byte limits (2.048ms)
✔ exact payoff ratios own their operands and reject malformed presentations (0.282417ms)
✔ the wire-tag rosters equal the tags.json golden, key for key (0.9595ms)
ℹ tests 18
ℹ suites 2
ℹ pass 18
ℹ fail 0
ℹ cancelled 0
ℹ skipped 0
ℹ todo 0
ℹ duration_ms 219.775917
