
running 1 test
test event_repr_lab::experiment ... EVENT_LAB {"kind":"product_free_join","candidate":"essential512","product_mode":"materialized","bits":12,"worlds":4096,"rows":128,"groups":16,"memo":false,"build_s":[0.000113625, 5.9167e-5, 5.1375e-5, 4.9167e-5, 4.95e-5, 5.1333e-5, 5.0708e-5, 4.85e-5, 4.95e-5],"join_only_s":[2.6916e-5, 5.458e-6, 5.083e-6, 5.25e-6, 5e-6, 5.125e-6, 5.125e-6, 5.292e-6, 5e-6],"fresh_s":[0.001288583, 0.001298959, 0.001169583, 0.001163375, 0.001335625, 0.001162, 0.0011535, 0.001137375, 0.001202333],"warm_s":[0.001087375, 0.001026917, 0.000992333, 0.000993291, 0.000991, 0.001010584, 0.000993084, 0.001102917, 0.001030875],"input_bytes_est":3167,"final_bytes_est":49440,"input_nodes":40,"final_nodes":456,"input_storage":{"layout":"slab","record_bytes":640,"table_bytes":640,"interner_bytes":1112,"metadata_bytes":416,"cache_bytes":119,"records":40,"tables":39,"logical_words":80,"total_bytes_est":2927},"final_storage":{"layout":"slab","record_bytes":10240,"table_bytes":10240,"interner_bytes":17792,"metadata_bytes":5216,"cache_bytes":5712,"records":456,"tables":455,"logical_words":1266,"total_bytes_est":49200},"checksum":464640,"verified":true}
EVENT_LAB {"kind":"product_free_join","candidate":"essential512","product_mode":"materialized","bits":12,"worlds":4096,"rows":128,"groups":16,"memo":true,"build_s":[0.000113625, 5.9167e-5, 5.1375e-5, 4.9167e-5, 4.95e-5, 5.1333e-5, 5.0708e-5, 4.85e-5, 4.95e-5],"join_only_s":[2.6916e-5, 5.458e-6, 5.083e-6, 5.25e-6, 5e-6, 5.125e-6, 5.125e-6, 5.292e-6, 5e-6],"fresh_s":[0.000360333, 0.000391084, 0.000367375, 0.0003475, 0.000339292, 0.000346041, 0.00036275, 0.0004035, 0.000336334],"warm_s":[8.542e-6, 8.375e-6, 8.334e-6, 8.291e-6, 8.292e-6, 8.333e-6, 8.292e-6, 8.25e-6, 8.333e-6],"input_bytes_est":3167,"final_bytes_est":56832,"input_nodes":40,"final_nodes":456,"input_storage":{"layout":"slab","record_bytes":640,"table_bytes":640,"interner_bytes":1112,"metadata_bytes":416,"cache_bytes":119,"records":40,"tables":39,"logical_words":80,"total_bytes_est":2927},"final_storage":{"layout":"slab","record_bytes":10240,"table_bytes":10240,"interner_bytes":17792,"metadata_bytes":5216,"cache_bytes":5712,"records":456,"tables":455,"logical_words":1266,"total_bytes_est":49200},"checksum":464640,"verified":true}
EVENT_LAB {"kind":"product_free_join","candidate":"essential512","product_mode":"materialized","bits":18,"worlds":262144,"rows":128,"groups":16,"memo":false,"build_s":[0.001298333, 0.001199041, 0.001186667, 0.001228041, 0.001261083, 0.001197708, 0.001184834, 0.001199209, 0.001190958],"join_only_s":[1.6292e-5, 5.334e-6, 5.084e-6, 5.084e-6, 5.083e-6, 5.084e-6, 5.042e-6, 5e-6, 5e-6],"fresh_s":[0.007258959, 0.007133, 0.007126083, 0.007079792, 0.00698475, 0.007097834, 0.007489333, 0.007209334, 0.007200042],"warm_s":[0.005935666, 0.006006917, 0.005867084, 0.005923041, 0.005825875, 0.005796792, 0.005780458, 0.00602925, 0.005935042],"input_bytes_est":23706,"final_bytes_est":360312,"input_nodes":250,"final_nodes":3227,"input_storage":{"layout":"slab","record_bytes":4000,"table_bytes":7872,"interner_bytes":8616,"metadata_bytes":2144,"cache_bytes":714,"records":250,"tables":150,"logical_words":984,"total_bytes_est":23346},"final_storage":{"layout":"slab","record_bytes":64000,"table_bytes":125952,"interner_bytes":76928,"metadata_bytes":32144,"cache_bytes":60928,"records":3227,"tables":2207,"logical_words":8987,"total_bytes_est":359952},"checksum":14852224,"verified":true}
EVENT_LAB {"kind":"product_free_join","candidate":"essential512","product_mode":"materialized","bits":18,"worlds":262144,"rows":128,"groups":16,"memo":true,"build_s":[0.001298333, 0.001199041, 0.001186667, 0.001228041, 0.001261083, 0.001197708, 0.001184834, 0.001199209, 0.001190958],"join_only_s":[1.6292e-5, 5.334e-6, 5.084e-6, 5.084e-6, 5.083e-6, 5.084e-6, 5.042e-6, 5e-6, 5e-6],"fresh_s":[0.002166291, 0.002200625, 0.002193292, 0.002219542, 0.002189, 0.00228625, 0.002212041, 0.002297, 0.002238375],"warm_s":[1.6292e-5, 8.75e-6, 8.542e-6, 8.5e-6, 8.459e-6, 8.542e-6, 8.458e-6, 8.5e-6, 8.5e-6],"input_bytes_est":23706,"final_bytes_est":367704,"input_nodes":250,"final_nodes":3227,"input_storage":{"layout":"slab","record_bytes":4000,"table_bytes":7872,"interner_bytes":8616,"metadata_bytes":2144,"cache_bytes":714,"records":250,"tables":150,"logical_words":984,"total_bytes_est":23346},"final_storage":{"layout":"slab","record_bytes":64000,"table_bytes":125952,"interner_bytes":76928,"metadata_bytes":32144,"cache_bytes":60928,"records":3227,"tables":2207,"logical_words":8987,"total_bytes_est":359952},"checksum":14852224,"verified":true}
ok

test result: ok. 1 passed; 0 failed; 0 ignored; 0 measured; 1375 filtered out; finished in 1.93s


        1.93 real         1.90 user         0.02 sys
            12091392  maximum resident set size
                   0  average shared memory size
                   0  average unshared data size
                   0  average unshared stack size
                 952  page reclaims
                   0  page faults
                   0  swaps
                   0  block input operations
                   0  block output operations
                   0  messages sent
                   0  messages received
                   0  signals received
                   0  voluntary context switches
                 300  involuntary context switches
         29897698198  instructions retired
          6484021457  cycles elapsed
             9224600  peak memory footprint
