
running 1 test
test event_repr_lab::experiment ... EVENT_LAB {"kind":"product_free_join","candidate":"essential512","product_mode":"views-inputs","bits":12,"worlds":4096,"rows":128,"groups":16,"memo":false,"build_s":[0.0001, 5.7041e-5, 5.125e-5, 5.2875e-5, 5.0417e-5, 5.1958e-5, 5.0042e-5, 4.7041e-5, 4.8084e-5],"join_only_s":[2.5459e-5, 5.459e-6, 5.375e-6, 5.167e-6, 5e-6, 5.292e-6, 5.209e-6, 5.084e-6, 5.166e-6],"fresh_s":[0.001941583, 0.001883875, 0.0018835, 0.001950834, 0.001883917, 0.001871125, 0.001879667, 0.002008708, 0.001947333],"warm_s":[0.0018295, 0.001857709, 0.00189525, 0.0018345, 0.001839291, 0.001860084, 0.001919542, 0.001891083, 0.00183],"input_bytes_est":5631,"final_bytes_est":41608,"input_nodes":40,"final_nodes":292,"input_storage":{"layout":"enum","record_bytes":1280,"table_bytes":1280,"interner_bytes":2296,"metadata_bytes":416,"cache_bytes":119,"records":40,"tables":39,"logical_words":80,"total_bytes_est":5391},"final_storage":{"layout":"enum","record_bytes":10240,"table_bytes":9152,"interner_bytes":18368,"metadata_bytes":2656,"cache_bytes":952,"records":292,"tables":291,"logical_words":572,"total_bytes_est":41368},"checksum":464640,"verified":true}
EVENT_LAB {"kind":"product_free_join","candidate":"essential512","product_mode":"views-inputs","bits":12,"worlds":4096,"rows":128,"groups":16,"memo":true,"build_s":[0.0001, 5.7041e-5, 5.125e-5, 5.2875e-5, 5.0417e-5, 5.1958e-5, 5.0042e-5, 4.7041e-5, 4.8084e-5],"join_only_s":[2.5459e-5, 5.459e-6, 5.375e-6, 5.167e-6, 5e-6, 5.292e-6, 5.209e-6, 5.084e-6, 5.166e-6],"fresh_s":[0.000449333, 0.00040475, 0.000428083, 0.00042725, 0.000393542, 0.000392333, 0.000419292, 0.0004025, 0.000428791],"warm_s":[7.875e-6, 7.5e-6, 7.5e-6, 7.25e-6, 7.291e-6, 7.417e-6, 7.291e-6, 7.208e-6, 7.5e-6],"input_bytes_est":5631,"final_bytes_est":48580,"input_nodes":40,"final_nodes":292,"input_storage":{"layout":"enum","record_bytes":1280,"table_bytes":1280,"interner_bytes":2296,"metadata_bytes":416,"cache_bytes":119,"records":40,"tables":39,"logical_words":80,"total_bytes_est":5391},"final_storage":{"layout":"enum","record_bytes":10240,"table_bytes":9152,"interner_bytes":18368,"metadata_bytes":2656,"cache_bytes":952,"records":292,"tables":291,"logical_words":572,"total_bytes_est":41368},"checksum":464640,"verified":true}
EVENT_LAB {"kind":"product_free_join","candidate":"essential512","product_mode":"views-inputs","bits":18,"worlds":262144,"rows":128,"groups":16,"memo":false,"build_s":[0.001279708, 0.001212417, 0.00119775, 0.001190041, 0.001260458, 0.00122625, 0.001187, 0.001210625, 0.001187416],"join_only_s":[1.6041e-5, 5.25e-6, 5.167e-6, 5.041e-6, 5e-6, 5e-6, 5.042e-6, 5.125e-6, 5.041e-6],"fresh_s":[0.096985041, 0.097639375, 0.097913959, 0.0980305, 0.0985805, 0.099714667, 0.098263125, 0.098106209, 0.097571458],"warm_s":[0.097354667, 0.09701675, 0.096446417, 0.097003167, 0.096766333, 0.0973175, 0.097199, 0.096530792, 0.096676333],"input_bytes_est":45330,"final_bytes_est":461880,"input_nodes":250,"final_nodes":2645,"input_storage":{"layout":"enum","record_bytes":8000,"table_bytes":15744,"interner_bytes":18368,"metadata_bytes":2144,"cache_bytes":714,"records":250,"tables":150,"logical_words":984,"total_bytes_est":44970},"final_storage":{"layout":"enum","record_bytes":128000,"table_bytes":122064,"interner_bytes":146944,"metadata_bytes":32144,"cache_bytes":32368,"records":2645,"tables":1730,"logical_words":7629,"total_bytes_est":461520},"checksum":14852224,"verified":true}
EVENT_LAB {"kind":"product_free_join","candidate":"essential512","product_mode":"views-inputs","bits":18,"worlds":262144,"rows":128,"groups":16,"memo":true,"build_s":[0.001279708, 0.001212417, 0.00119775, 0.001190041, 0.001260458, 0.00122625, 0.001187, 0.001210625, 0.001187416],"join_only_s":[1.6041e-5, 5.25e-6, 5.167e-6, 5.041e-6, 5e-6, 5e-6, 5.042e-6, 5.125e-6, 5.041e-6],"fresh_s":[0.019112042, 0.019422083, 0.019729667, 0.019584625, 0.035772875, 0.053404042, 0.01950175, 0.019413, 0.019461458],"warm_s":[1.6084e-5, 7.542e-6, 7.417e-6, 7.375e-6, 7.334e-6, 7.291e-6, 7.292e-6, 7.291e-6, 7.292e-6],"input_bytes_est":45330,"final_bytes_est":468852,"input_nodes":250,"final_nodes":2645,"input_storage":{"layout":"enum","record_bytes":8000,"table_bytes":15744,"interner_bytes":18368,"metadata_bytes":2144,"cache_bytes":714,"records":250,"tables":150,"logical_words":984,"total_bytes_est":44970},"final_storage":{"layout":"enum","record_bytes":128000,"table_bytes":122064,"interner_bytes":146944,"metadata_bytes":32144,"cache_bytes":32368,"records":2645,"tables":1730,"logical_words":7629,"total_bytes_est":461520},"checksum":14852224,"verified":true}
ok

test result: ok. 1 passed; 0 failed; 0 ignored; 0 measured; 1375 filtered out; finished in 3.66s


        3.66 real         3.53 user         0.04 sys
            13189120  maximum resident set size
                   0  average shared memory size
                   0  average unshared data size
                   0  average unshared stack size
                1019  page reclaims
                   0  page faults
                   0  swaps
                   0  block input operations
                   0  block output operations
                   0  messages sent
                   0  messages received
                   0  signals received
                   0  voluntary context switches
                1076  involuntary context switches
         65180431240  instructions retired
         11907927418  cycles elapsed
            10240408  peak memory footprint
