
running 1 test
test event_repr_lab::semantics ... EVENT_LAB {"kind":"verification","candidate":"dense","boolean_cases":61440,"passed":true}
EVENT_LAB {"kind":"verification","candidate":"dense-dispatched","boolean_cases":61440,"passed":true}
EVENT_LAB {"kind":"verification","candidate":"sparse","boolean_cases":61440,"passed":true}
EVENT_LAB {"kind":"verification","candidate":"roaring","boolean_cases":61440,"passed":true}
EVENT_LAB {"kind":"verification","candidate":"runs","boolean_cases":61440,"passed":true}
EVENT_LAB {"kind":"verification","candidate":"bdd-root","boolean_cases":61440,"passed":true}
EVENT_LAB {"kind":"verification","candidate":"bdd-pair","boolean_cases":61440,"passed":true}
FAILED

failures:

failures:
    event_repr_lab::semantics

test result: FAILED. 0 passed; 1 failed; 0 ignored; 0 measured; 1360 filtered out; finished in 0.10s



thread 'event_repr_lab::semantics' (8791783) panicked at /Users/bjorn/Documents/bumbledb/proposal/experiments/event-repr-lab/src/diagram.rs:248:33:
index out of bounds: the len is 3 but the index is 3
note: run with `RUST_BACKTRACE=1` environment variable to display a backtrace
        0.40 real         0.09 user         0.00 sys
            15253504  maximum resident set size
                   0  average shared memory size
                   0  average unshared data size
                   0  average unshared stack size
                1143  page reclaims
                   0  page faults
                   0  swaps
                   0  block input operations
                   0  block output operations
                   0  messages sent
                   0  messages received
                   0  signals received
                   0  voluntary context switches
                  23  involuntary context switches
          1103103946  instructions retired
           319182036  cycles elapsed
            13042072  peak memory footprint
