{
  "revision": "0.9",
  "passed": true,
  "scope": "Current proposal, exact Lean evidence and retained semantic references; no Rust or performance qualification",
  "proposal_proof": {
    "files": 30,
    "reports": 246,
    "manifest_sha256": "a7ad537ff063905672178c528186516c38c9c50eae2f80695eb82abc9558a796"
  },
  "native_proof": {
    "files": 27,
    "reports": 450,
    "manifest_sha256": "c01ff479a0421d14344f60d02a26ea705a339f34e1ba624a08346247ccf606fa"
  },
  "references": {
    "suites": 7,
    "scope": "exact finite reference examples and historical source subtheories"
  },
  "native_documents_sha256": {
    "docs/event-implementation.md": "c116adad4cfa04a4b0b8cabcd4d7ea6b93c70fd8ee0596449141aff359baa7c5",
    "docs/event-value-format.md": "2f6bf9b53ff189506331b0e4c1027e8c76a5890d7ba4b02b67c394e45fd4d67c",
    "docs/event-projections.md": "4dea69e2df06fcb0b4a7d564cc9e0651a9be72677d4bee82f032f272dc9dadf4",
    "docs/event-maps.md": "49c44fcdba2e1510e6f9a31a6ec17d8860f7df1d4504738abcbe2a5cdadd0470",
    "docs/event-relations.md": "be31753272177fe6a539e7328b530e4dc70d79ae30eb63c321fd473be68a6566",
    "docs/event-inspection.md": "033bb08b7e1a91e776967ef99fcdd2560e4f6b0a398ef8883d6af3c37bdf40d3",
    "docs/event-information.md": "fa9a355dee86e2850feeae98f68676aaed8e7786e6772e46ccc752ca02be8db0",
    "docs/event-fixed-points.md": "e9c343821a06c69bd5a5953b11af6321992a49ec5d99c51c41113247b2b169f6",
    "docs/event-partitions.md": "ae0d8473ba4aa9f89d53f496b4f46c5aa2cb60266d5272524f1135deed34f377",
    "docs/event-actions.md": "22ce4b4220911ed5db1c059600cbdbc786da1151efab332e21953e28ce592f4b",
    "docs/event-queries.md": "a8b6763a4e37da8efbf712cad1e55388e32dd746acd17bff2254005fedfcfbdf",
    "docs/event-descriptors.md": "7b28ffc35de20fe2f0c20d38218c4d4e4fcf5a75268ff255d212d271ab1bc7b6",
    "docs/event-sources.md": "2597b18f0d8e061392c07ab1af78c8c3c52ff9d50ce1ded2c0d890e9a3af24f6",
    "docs/event-functions.md": "10c582e742dba8c7d90eb980e03227305f4e0e1e0d2862028d08d99685b814d6",
    "docs/event-revisions.md": "0ae128f045bf7a5fd27cb2e75057bf7183bf9255681a0c365a563387d52f58c4",
    "docs/event-source-descriptors.md": "d5ba37614b87501309837d967fa6880edf0f0b589694051c16751e28eb8c7717",
    "docs/event-sdk.md": "5ed09b295b57b1700e073bb46fc01d26afcc9200f0304ec31c23a0875761f5bb",
    "docs/event-selections.md": "6272ad067113afebfa2409959e25d4d0685226e2e7e57900a4e950dcd2514a76",
    "docs/event-ground.md": "a97fa6a507801495bea51b801edcbdd9ac3e78c3932fb23d869bfd93dcfe591c",
    "docs/event-polynomials.md": "5bca4318c41f88acd947e63c055c4100bdcd157d42f2150a5e2a50ee4113b831",
    "docs/event-algebraic-roots.md": "62942d8a1125ab69a5b83ba2d4aa1e5abaa0cfbdb6b070c5a30196ec966cdf2b",
    "docs/event-parameter-domains.md": "d43c1676fb6ae97cc6c497c67739cc65959460aa8e85558fb53e2bf6bd24ab78",
    "docs/event-algebraic-identity.md": "c63090ef45b1f100fb05b104a29fac006a60dff4f373fbc9bb607e03b147d724",
    "docs/event-parameter-sources.md": "96dde92180adc50077fe7d7d2f561b2a444075011f1eba1c1e6a1e81d57ae5c1"
  },
  "baseline_archive_verified": true,
  "historical_production_isolation_reasserted": false,
  "implementation_complete": false,
  "checker_sha256": "d28826ad593408a08c5a45c1f36bf376a96d6aba5d2c258214b5130ff291dda6"
}
