
running 1 test
test event_repr_lab::experiment ... EVENT_LAB {"kind":"readout_free_join","candidate":"packed512","domain":"fibred","readout_family":"non-suffix","readout_faces":"x","hidden":8,"width":4,"bits":13,"worlds":8192,"admissible_worlds":3197,"environments":2,"rows":128,"groups":16,"outputs":64,"memo":false,"changed_possible_groups":16,"changed_guaranteed_groups":16,"nonconstant_readouts":48,"build_s":[0.0013835, 0.001302959, 0.001286041],"support_s":[9.5583e-5, 6.9334e-5, 7.4833e-5],"import_s":[0.001100708, 0.001053417, 0.001050125],"admission_s":[0.000186875, 0.000180125, 0.000161],"join_only_s":[3.175e-5, 5.375e-6, 5.083e-6],"fresh_s":[0.000308625, 0.000244917, 0.000235084],"fresh_group_s":[0.000179083, 0.000139583, 0.000135167],"fresh_readout_s":[8.7333e-5, 7.1792e-5, 6.7791e-5],"fresh_compute_s":[0.000267875, 0.000211458, 0.000203042],"fresh_count_s":[4.0666e-5, 3.3417e-5, 3.1958e-5],"warm_s":[7.8667e-5, 7.8917e-5, 8.9542e-5],"warm_group_s":[1.1833e-5, 1.2709e-5, 1.6834e-5],"warm_readout_s":[3.45e-5, 3.4458e-5, 3.7042e-5],"warm_compute_s":[4.6458e-5, 4.7209e-5, 5.4084e-5],"warm_count_s":[3.2125e-5, 3.1625e-5, 3.5458e-5],"input_nodes":2282,"final_nodes":4401,"input_bytes_est":291816,"final_bytes_est":629784,"input_storage":null,"final_storage":null,"outer_memo_bytes":0,"colt_bytes":14992,"checksum":607690,"verified":true}
EVENT_LAB {"kind":"readout_free_join","candidate":"packed512","domain":"fibred","readout_family":"non-suffix","readout_faces":"x","hidden":8,"width":4,"bits":13,"worlds":8192,"admissible_worlds":3197,"environments":2,"rows":128,"groups":16,"outputs":64,"memo":true,"changed_possible_groups":16,"changed_guaranteed_groups":16,"nonconstant_readouts":48,"build_s":[0.0013835, 0.001302959, 0.001286041],"support_s":[9.5583e-5, 6.9334e-5, 7.4833e-5],"import_s":[0.001100708, 0.001053417, 0.001050125],"admission_s":[0.000186875, 0.000180125, 0.000161],"join_only_s":[3.175e-5, 5.375e-6, 5.083e-6],"fresh_s":[0.000257792, 0.000236417, 0.000233375],"fresh_group_s":[0.000153125, 0.000134583, 0.000133791],"fresh_readout_s":[6.9625e-5, 6.8083e-5, 6.6792e-5],"fresh_compute_s":[0.000222959, 0.000202792, 0.000200666],"fresh_count_s":[3.4583e-5, 3.3583e-5, 3.2667e-5],"warm_s":[7.6416e-5, 7.1875e-5, 7.0541e-5],"warm_group_s":[8.625e-6, 8.083e-6, 7.708e-6],"warm_readout_s":[3.5667e-5, 3.2125e-5, 3.1333e-5],"warm_compute_s":[4.45e-5, 4.0333e-5, 3.9125e-5],"warm_count_s":[3.1875e-5, 3.1542e-5, 3.1375e-5],"input_nodes":2282,"final_nodes":4401,"input_bytes_est":291816,"final_bytes_est":638744,"input_storage":null,"final_storage":null,"outer_memo_bytes":8960,"colt_bytes":14992,"checksum":607690,"verified":true}
EVENT_LAB {"kind":"readout_free_join","candidate":"packed512","domain":"fibred","readout_family":"non-suffix","readout_faces":"x","hidden":32,"width":6,"bits":19,"worlds":524288,"admissible_worlds":301069,"environments":2,"rows":128,"groups":16,"outputs":64,"memo":false,"changed_possible_groups":16,"changed_guaranteed_groups":16,"nonconstant_readouts":48,"build_s":[0.065211083, 0.065282208, 0.064455958],"support_s":[0.000331, 0.00030975, 0.000331958],"import_s":[0.060524791, 0.060621416, 0.060158916],"admission_s":[0.004353083, 0.004347917, 0.003964958],"join_only_s":[2.0458e-5, 5.167e-6, 4.917e-6],"fresh_s":[0.001462708, 0.00142275, 0.001545958],"fresh_group_s":[0.00065275, 0.000650292, 0.000712459],"fresh_readout_s":[0.000584084, 0.000555916, 0.000596084],"fresh_compute_s":[0.001237083, 0.001206458, 0.001308875],"fresh_count_s":[0.000225541, 0.000216208, 0.000237042],"warm_s":[0.000753042, 0.000757167, 0.0007745],"warm_group_s":[4.275e-5, 4.25e-5, 4.3667e-5],"warm_readout_s":[0.000485083, 0.00048825, 0.000504042],"warm_compute_s":[0.000528625, 0.000531, 0.000547834],"warm_count_s":[0.000224333, 0.000226083, 0.000226584],"input_nodes":34465,"final_nodes":47190,"input_bytes_est":5906480,"final_bytes_est":6651888,"input_storage":null,"final_storage":null,"outer_memo_bytes":0,"colt_bytes":14992,"checksum":12912164,"verified":true}
EVENT_LAB {"kind":"readout_free_join","candidate":"packed512","domain":"fibred","readout_family":"non-suffix","readout_faces":"x","hidden":32,"width":6,"bits":19,"worlds":524288,"admissible_worlds":301069,"environments":2,"rows":128,"groups":16,"outputs":64,"memo":true,"changed_possible_groups":16,"changed_guaranteed_groups":16,"nonconstant_readouts":48,"build_s":[0.065211083, 0.065282208, 0.064455958],"support_s":[0.000331, 0.00030975, 0.000331958],"import_s":[0.060524791, 0.060621416, 0.060158916],"admission_s":[0.004353083, 0.004347917, 0.003964958],"join_only_s":[2.0458e-5, 5.167e-6, 4.917e-6],"fresh_s":[0.001535167, 0.0014845, 0.001531041],"fresh_group_s":[0.000719, 0.000685625, 0.000694625],"fresh_readout_s":[0.000593417, 0.000581208, 0.0005975],"fresh_compute_s":[0.001313333, 0.001267333, 0.001292458],"fresh_count_s":[0.000221667, 0.000217125, 0.000238542],"warm_s":[0.000789375, 0.000835416, 0.00075425],"warm_group_s":[1.9208e-5, 1.7833e-5, 1.8542e-5],"warm_readout_s":[0.000533625, 0.000524916, 0.000507834],"warm_compute_s":[0.000553666, 0.000542958, 0.000526708],"warm_count_s":[0.000235583, 0.000292375, 0.000227375],"input_nodes":34465,"final_nodes":47190,"input_bytes_est":5906480,"final_bytes_est":6660848,"input_storage":null,"final_storage":null,"outer_memo_bytes":8960,"colt_bytes":14992,"checksum":12912164,"verified":true}
ok

test result: ok. 1 passed; 0 failed; 0 ignored; 0 measured; 1378 filtered out; finished in 13.50s


       13.50 real        13.37 user         0.07 sys
            48660480  maximum resident set size
                   0  average shared memory size
                   0  average unshared data size
                   0  average unshared stack size
                3185  page reclaims
                   0  page faults
                   0  swaps
                   0  block input operations
                   0  block output operations
                   0  messages sent
                   0  messages received
                   0  signals received
                   0  voluntary context switches
                 862  involuntary context switches
        189340788968  instructions retired
         45135192376  cycles elapsed
            45859248  peak memory footprint
