
running 1 test
test event_repr_lab::experiment ... EVENT_LAB {"kind":"readout_free_join","candidate":"dense-dispatched","domain":"fibred","readout_family":"non-suffix","readout_faces":"x","hidden":8,"width":4,"bits":13,"worlds":8192,"admissible_worlds":3197,"environments":2,"rows":128,"groups":16,"outputs":64,"memo":false,"changed_possible_groups":16,"changed_guaranteed_groups":16,"nonconstant_readouts":48,"build_s":[0.001267792, 0.001261209, 0.001245209],"support_s":[4.4875e-5, 3.9209e-5, 3.9375e-5],"import_s":[6.333e-6, 8.417e-6, 5.667e-6],"admission_s":[0.001216333, 0.0012135, 0.001200083],"join_only_s":[2.9792e-5, 5.167e-6, 5.125e-6],"fresh_s":[9.1417e-5, 8.1625e-5, 7.5792e-5],"fresh_group_s":[7.525e-5, 6.675e-5, 6.2292e-5],"fresh_readout_s":[1.3833e-5, 1.375e-5, 1.2375e-5],"fresh_compute_s":[9.0208e-5, 8.0583e-5, 7.475e-5],"fresh_count_s":[1.125e-6, 9.58e-7, 1.042e-6],"warm_s":[7.9792e-5, 7.3875e-5, 7.4458e-5],"warm_group_s":[6.5125e-5, 6.0917e-5, 6.075e-5],"warm_readout_s":[1.225e-5, 1.1833e-5, 1.2584e-5],"warm_compute_s":[7.8667e-5, 7.2834e-5, 7.3416e-5],"warm_count_s":[1.041e-6, 1e-6, 9.58e-7],"input_nodes":128,"final_nodes":277,"input_bytes_est":142104,"final_bytes_est":305168,"input_storage":null,"final_storage":null,"outer_memo_bytes":0,"colt_bytes":14992,"checksum":607690,"verified":true}
EVENT_LAB {"kind":"readout_free_join","candidate":"dense-dispatched","domain":"fibred","readout_family":"non-suffix","readout_faces":"x","hidden":8,"width":4,"bits":13,"worlds":8192,"admissible_worlds":3197,"environments":2,"rows":128,"groups":16,"outputs":64,"memo":true,"changed_possible_groups":16,"changed_guaranteed_groups":16,"nonconstant_readouts":48,"build_s":[0.001267792, 0.001261209, 0.001245209],"support_s":[4.4875e-5, 3.9209e-5, 3.9375e-5],"import_s":[6.333e-6, 8.417e-6, 5.667e-6],"admission_s":[0.001216333, 0.0012135, 0.001200083],"join_only_s":[2.9792e-5, 5.167e-6, 5.125e-6],"fresh_s":[4.3458e-5, 4.1292e-5, 3.9333e-5],"fresh_group_s":[3.1541e-5, 2.875e-5, 2.7917e-5],"fresh_readout_s":[1.0667e-5, 1.1417e-5, 1.0333e-5],"fresh_compute_s":[4.2375e-5, 4.025e-5, 3.8333e-5],"fresh_count_s":[1e-6, 1e-6, 9.58e-7],"warm_s":[1.975e-5, 1.8917e-5, 1.8833e-5],"warm_group_s":[8.834e-6, 8.042e-6, 8e-6],"warm_readout_s":[9.708e-6, 9.75e-6, 9.709e-6],"warm_compute_s":[1.8666e-5, 1.7833e-5, 1.775e-5],"warm_count_s":[1e-6, 1e-6, 1e-6],"input_nodes":128,"final_nodes":277,"input_bytes_est":142104,"final_bytes_est":314128,"input_storage":null,"final_storage":null,"outer_memo_bytes":8960,"colt_bytes":14992,"checksum":607690,"verified":true}
EVENT_LAB {"kind":"readout_free_join","candidate":"dense-dispatched","domain":"fibred","readout_family":"non-suffix","readout_faces":"x","hidden":32,"width":6,"bits":19,"worlds":524288,"admissible_worlds":301069,"environments":2,"rows":128,"groups":16,"outputs":64,"memo":false,"changed_possible_groups":16,"changed_guaranteed_groups":16,"nonconstant_readouts":48,"build_s":[0.455050292, 0.456956667, 0.457944916],"support_s":[0.002547542, 0.002668084, 0.002536291],"import_s":[0.0002085, 0.000315, 0.000237666],"admission_s":[0.452293292, 0.453973417, 0.455170792],"join_only_s":[1.9667e-5, 5.208e-6, 4.958e-6],"fresh_s":[0.004065667, 0.003365041, 0.003356167],"fresh_group_s":[0.003333416, 0.002756542, 0.002749042],"fresh_readout_s":[0.000667666, 0.000545458, 0.000543],"fresh_compute_s":[0.00400175, 0.003302541, 0.003292125],"fresh_count_s":[6.3792e-5, 6.2417e-5, 6.3958e-5],"warm_s":[0.003709292, 0.003681625, 0.003631167],"warm_group_s":[0.003050875, 0.003037416, 0.002988375],"warm_readout_s":[0.000596625, 0.000583459, 0.000582375],"warm_compute_s":[0.003647667, 0.003620958, 0.003570833],"warm_count_s":[6.1375e-5, 6.0583e-5, 6.0292e-5],"input_nodes":476,"final_nodes":636,"input_bytes_est":31361064,"final_bytes_est":41852568,"input_storage":null,"final_storage":null,"outer_memo_bytes":0,"colt_bytes":14992,"checksum":12912164,"verified":true}
EVENT_LAB {"kind":"readout_free_join","candidate":"dense-dispatched","domain":"fibred","readout_family":"non-suffix","readout_faces":"x","hidden":32,"width":6,"bits":19,"worlds":524288,"admissible_worlds":301069,"environments":2,"rows":128,"groups":16,"outputs":64,"memo":true,"changed_possible_groups":16,"changed_guaranteed_groups":16,"nonconstant_readouts":48,"build_s":[0.455050292, 0.456956667, 0.457944916],"support_s":[0.002547542, 0.002668084, 0.002536291],"import_s":[0.0002085, 0.000315, 0.000237666],"admission_s":[0.452293292, 0.453973417, 0.455170792],"join_only_s":[1.9667e-5, 5.208e-6, 4.958e-6],"fresh_s":[0.001423458, 0.0014465, 0.0014075],"fresh_group_s":[0.000887208, 0.000897, 0.000873541],"fresh_readout_s":[0.00047325, 0.000486292, 0.000472208],"fresh_compute_s":[0.001361083, 0.001383334, 0.001346],"fresh_count_s":[6.2084e-5, 6.3084e-5, 6.1458e-5],"warm_s":[0.00052525, 0.000527042, 0.000516208],"warm_group_s":[9.333e-6, 9.333e-6, 9e-6],"warm_readout_s":[0.000453042, 0.000455542, 0.00044525],"warm_compute_s":[0.000462708, 0.000464875, 0.000454333],"warm_count_s":[6.2459e-5, 6.2083e-5, 6.1792e-5],"input_nodes":476,"final_nodes":636,"input_bytes_est":31361064,"final_bytes_est":41861528,"input_storage":null,"final_storage":null,"outer_memo_bytes":8960,"colt_bytes":14992,"checksum":12912164,"verified":true}
ok

test result: ok. 1 passed; 0 failed; 0 ignored; 0 measured; 1378 filtered out; finished in 1.51s


        1.51 real         1.49 user         0.01 sys
           216432640  maximum resident set size
                   0  average shared memory size
                   0  average unshared data size
                   0  average unshared stack size
               13426  page reclaims
                   0  page faults
                   0  swaps
                   0  block input operations
                   0  block output operations
                   0  messages sent
                   0  messages received
                   0  signals received
                   0  voluntary context switches
                  47  involuntary context switches
         13730404981  instructions retired
          5091675201  cycles elapsed
           213795368  peak memory footprint
