✔ alternatives are the ordinary law expansion in roster order, independent of arm object order (4.221584ms)
✔ alternatives check dynamic arm coverage and scalar identity shapes (1.898042ms)
✔ alternatives preserve composite keys and payload types (0.255875ms)
✔ native expansion refusals cite both actual directions at their current statement positions (460.886834ms)
✔ ordinary native admission enforces payloads and accepts an atomic arm switch (210.098875ms)
✔ finite, infinite, NaN and negative-zero floats all cross as canonical $f64 bit images (4.752333ms)
✔ decoders reject malformed widths, noncanonical images, unknown tags and wrong-schema values (2.944042ms)
✔ typed and dynamic boundary input share one accepted domain — the encoder refuses what the decoder refuses (0.143542ms)
✔ student rows carry budget as exact decimal; a float budget image refuses (0.118584ms)
▶ the comparison pairing walls
  ✔ no variable side is constant-valued: the constructor refuses param-only and param-literal sides (85.0435ms)
  ✔ the order pair: cross-domain variable pairs are compile-refused (each side alone is orderable) (0.8075ms)
  ✔ the order pair: literals type against their sibling — bool-vs-bigint and u64-vs-boolean are compile-refused (5.297916ms)
  ✔ the fold input: min/max over a bool var is refused (both tiers) (1.654084ms)
  ✔ the pointIn pair: the point lives in the interval's element domain (0.234541ms)
  ✔ the allen pair: two intervals of one element domain (Q1 — widths meet freely, u64-vs-i64 stays illegal) (0.200167ms)
  ✔ the legal pairs stay legal: same-domain vars, sibling-typed opens, one-element allen (0.391916ms)
✔ the comparison pairing walls (111.503917ms)
✔ key values infer exactly their declared projection (0.963666ms)
✔ a key owns its projection without freezing or retaining the caller's array (0.446958ms)
✔ every declared key reads the same snapshot with its own projection and native statement id (525.165209ms)
✔ inspection separates virtual mapping, file pages and disk blocks (464.98025ms)
✔ native row codecs own their values and remain reusable after cancelled delivery (14.37175ms)
✔ create/apply/snapshot/get/execute — the whole chapter 34 core flow, one scope (131.877625ms)
✔ open never creates; create refuses existing authority (103.314916ms)
✔ scoped preparation reuses parameters and closes independently of snapshots and results (96.911167ms)
✔ apply is the three-coordinate judgment: accepted, no-change, invariant-rejected, moved (74.598333ms)
✔ a snapshot is coherent: a later apply cannot move an open snapshot's facts (49.526375ms)
✔ methods are lazy: construction dispatches nothing, and a scope-escaped handle fails typed (37.9715ms)
✔ a foreign object where a ChangeSet is expected refuses BEFORE any native dispatch (27.087708ms)
✔ a foreign-schema query template refuses typed at execute (70.366542ms)
✔ interruption surfaces in Cause, never as a manufactured outcome arm (86.611291ms)
✔ closed Event authoring compares complete owned carriers without native work (2.128708ms)
✔ closed Events retain schema identity, coverage and query results across runtime release (564.69975ms)
✔ descriptor construction is lazy and pure transport remains addon-free (2.203541ms)
✔ all seven structural kinds admit, describe, inspect and roundtrip through owned BEDC (410.90775ms)
✔ derived projections and complete composition plans feed real stored Event queries (136.77075ms)
✔ composition inspection keeps three distinct roles in ST, TU, SU order (25.916792ms)
✔ nonrectangular shared environments, reversal and measured endpoints survive inspection (33.445416ms)
✔ admission refuses fake certificates, implicit full markers and malformed structural data (30.496292ms)
✔ native descriptor submission copies owned bytes before workers and refuses shared backing (16.148167ms)
✔ cancelled descriptor delivery drops all queued inspection data and permits reuse (20.686625ms)
✔ kernel/revision envelopes own bytes, retain roles, and construct Effects without an addon (2.577708ms)
✔ posterior replacement, likelihood and conditioning have distinct exact meanings (375.60375ms)
✔ impossible revisions retain zero-mass and empty indexed cells without hiding input errors (29.623833ms)
✔ BESC replay refuses forged receipt numbers, posterior laws and incomplete impossible outcomes (21.273333ms)
✔ channels normalize on zero-prior fibres and copy readouts without fresh randomness (50.972541ms)
✔ Coup channels obey visibility FDs and translate stored Events through posterior queries after reopen (200.339334ms)
✔ cancelled revision inspection reclaims owned outputs and leaves the runtime reusable (10.936167ms)
✔ expectation authoring and description imports preserve aggregate identity without loading native code (3.9075ms)
✔ fraction payoffs remain owned pure query expressions across description import (0.923458ms)
✔ numerical imports author and snapshot without loading native code (2.4245ms)
✔ query expectations own complete payoff rosters and survive collection, paging, and closed owners (459.550875ms)
✔ family expectations transport signed payoff functions and preserve impossible parameter endpoints (834.87825ms)
✔ fraction queries normalize equal presentations and reject hidden zero divisors (90.486541ms)
✔ function imports retain local covers, exact constants, descriptions and closed owners (48.078667ms)
✔ family payoff queries glue at exact boundaries and promote finite patches (1943.698125ms)
✔ empty function import faults retain descriptors without invented variables (124.09ms)
✔ family dynamics carriers copy transport, keep roles distinct and remain addon-free (6.279666ms)
✔ conditioning keeps exact positive domain, zero-mass possibilities and original-prior translation (1506.361375ms)
✔ likelihood scale is retained while posterior values and repeated evidence are exact (2215.229833ms)
✔ Jeffrey replacement retains indexed unsupported endpoints, empty cells and rejects partial targets (800.556375ms)
✔ everywhere-impossible requests keep identities and complete mathematical receipts (462.806792ms)
✔ restriction preserves the law while common refinement unifies predicates without changing domains (916.789417ms)
✔ family channels preserve prior marginals, share the parameter and check every parent row (466.479458ms)
✔ owned family updates translate stored Events through joined queries after reopen (440.76825ms)
✔ dynamics copy submitted inputs and cancel complete owned receipts without retaining handles (198.19575ms)
✔ piecewise Jeffrey targets refine exact boundaries and skip zero-target conditionals (651.8535ms)
✔ family roles remain owned and lazy, distinct from fixed functions and kernels (3.303583ms)
✔ live family Events persist, satisfy ordinary laws, join and retain owned observations (1950.187625ms)
✔ exact parameter worlds derive guards and retain irrational singleton cardinality (96.5145ms)
✔ family functions preserve signed values, totality, explicit zeros and weighted maps (495.340375ms)
✔ refinement admits exact observation thresholds without changing worlds or law (1408.03075ms)
✔ signed parameter-dependent expectations and guard-local holes are exact (456.80375ms)
✔ family construction refuses hidden invalid inputs, non-unit laws and illegal worlds (215.676667ms)
✔ late owned family observations are reclaimed before delivery (150.963208ms)
✔ symbolic family normalization counts outcomes, never deterministic guard cases (98.052542ms)
✔ finite covers keep agreeing overlaps, supplied zeros, evidence and ownership (182.298458ms)
✔ zero mass does not waive coverage or pointwise value agreement (14.141542ms)
✔ family covers glue functions equal only on their actual overlap (1266.972667ms)
✔ cancelling a completed cover releases its owned result before a late callback (183.70625ms)
✔ parameter carriers are owned, nominal, pure and version/role checked (3.164375ms)
✔ all region Boolean masks preserve exact open endpoints and disconnected sets (214.033875ms)
✔ irrational singleton witnesses and canonical roots remain exact across owners (89.576792ms)
✔ partial functions preserve holes, signs, arithmetic and distinct ambient domains (177.203792ms)
✔ a joined portable conditional function keeps zero-evidence holes after reopen (97.4405ms)
✔ invalid domains, roles, masks and unused operands refuse; ingress copies buffers (32.652ms)
✔ late structured parameter results are reclaimed before callback delivery (8.655958ms)
✔ polynomial transport is owned and pure import stays lazy (21.19975ms)
✔ named polynomial arithmetic, normalization and simultaneous substitution survive runtime release (134.580667ms)
✔ explicit shared Beta moments produce correlated stored Events (216.525334ms)
✔ polynomial admission refuses malformed, missing, duplicate and unused invalid inputs (11.560916ms)
✔ late polynomial descriptions are cancelled and reclaimed before callback delivery (5.721667ms)
✔ Beta envelopes are owned, role-separated, lazy and require worker admission (2.337458ms)
✔ shared prior integrates raw masses before conditioning and owns complete certificates (897.148667ms)
✔ zero-prior-mass endpoint Events stay possible and retain exception certificates (553.014375ms)
✔ Beta contraction admits polynomial presentations, finite exceptions and signed payoffs (602.461291ms)
✔ Beta scope refuses missing laws, foreign sources, nonpolynomials and inherited holes (348.177042ms)
✔ stored Event joins remain parameter-dependent until explicit prior binding after reopen (293.177791ms)
✔ prior workers own submitted bytes and cancellation never publishes a late observation (233.280542ms)
✔ probability authoring and description imports stay pure, owned and query-only (13.37775ms)
✔ fixed query observations preserve provenance, zero-mass evidence, duplicate paths and sealed pages (199.909583ms)
✔ parameter probability queries retain p squared over p and its excluded zero, without a prior (384.194458ms)
✔ contextual full projections remain pure syntax with exact keys and no invented classes (7.883542ms)
✔ full coverage partitions measured worlds, including zero-mass branches, through commit and reopen (201.055583ms)
✔ full singleton lookup supplies no fabricated cell and remains distinct from a field named true (98.464708ms)
✔ closed scalar rosters admit explicit full keys and native ground coverage (13.520959ms)
✔ pure Event query authoring retains types, stages, shape bounds and owned imports (15.568542ms)
✔ native Event heads preserve shared worlds through tests, descriptions, imported stages and Pack (179.539959ms)
✔ captured maps and typed relation programs execute through the public builders (152.643958ms)
✔ Event errors retain complete logical fault sets across stages, prepared queries and runtime release (108.922583ms)
✔ fixed-point authoring closes lexical handles without accidental capture (5.435625ms)
✔ query binders compose with nested modalities, Star, stages, tests and Pack (87.37025ms)
✔ Event schema selections own transport bytes without loading native code (5.017ms)
✔ Event selections enforce exact matches across incremental writes, owner release and reopen (215.962583ms)
✔ exact scalar/function transport and lazy source programs do not load the addon (37.582791ms)
✔ exact native arithmetic preserves decimal/binary intent, canonical values and failure modes (40.584792ms)
✔ finite functions merge equal cells, add signed overlaps and sum copied readouts exactly once (123.419416ms)
✔ law designation is exact and retains symbolic and zero-mass possibilities (25.061ms)
✔ Coup source algebra preserves shared worlds, exact posteriors and signed utility through storage (148.550334ms)
✔ finite function admission checks all contexts and shapes before zero shortcuts (21.214333ms)
✔ late cancelled source observations are reclaimed without delivering a partial result (7.162333ms)
✔ Event envelopes own immutable data and pure codecs never load native work (15.176791ms)
✔ Event executor checks all truth functions, shared contexts and symbolic supports (256.543416ms)
✔ typed Event rows reopen, join, pack and bind owned parameters (152.562125ms)
✔ raw Event bridge refuses unknown operations and shared or forged byte backing (4.536709ms)
✔ Event dependencies enforce disjointness and joint coverage through ordinary keys and mirrors (47.430875ms)
✔ interrupting completed Event delivery drains the output and leaves the runtime usable (2.906916ms)
✔ parameterized Event sources retain their domains through SDK storage and joins (594.66975ms)
✔ public field codecs agree with rows for every field kind and preserve generic inference (7.140125ms)
✔ strict field decoding rejects malformed representations and host schemas reject invalid values (2.67675ms)
✔ field descriptors are owned; accessors never execute while decoding values (0.142708ms)
✔ segment kinds survive description imports and fixed-width refinement is dropped (34.47275ms)
✔ pack widens fixed intervals before imported difference and measurement stages (85.18175ms)
✔ native marginal bands derive slices, preserve equal contributions, and round once (133.053792ms)
✔ difference emits products, dense measures and fixed intervals use native meanings (82.474917ms)
✔ the large-schema fixture constructs and both tiers agree at scale (0.447417ms)
▶ the three class laws
  ✔ generators name their classes; a 3-hop chain lands the whole chain in the generator's class; bare stays bare (4.901333ms)
  ✔ a generator-less class is named by its least member in relation-declaration × field-declaration order (0.322209ms)
  ✔ a ψ-selected closed face pairs exactly like the bare face — the selection changes classes not at all (1.354458ms)
  ✔ the selected-mirrors shape (Calendar): the mirrors law types the source column with the target's class (0.284208ms)
✔ the three class laws (8.224459ms)
▶ the generator authority after the fresh deletion — closed ids are the ONLY generators
  ✔ unifying two ordinary id columns is LAWFUL now — no mint, no wall; least member names the class (0.242125ms)
  ✔ mirrors and capacity pairings over ordinary ids are lawful classes too (0.5095ms)
  ✔ a closed relation's id stays a generator — a bare column never pairs it (the roster wall, at construction) (0.360916ms)
  ✔ a transitive chain over ordinary ids is one lawful class, not a wall (0.200125ms)
✔ the generator authority after the fresh deletion — closed ids are the ONLY generators (1.469208ms)
▶ the runtime/type agreement and the wire
  ✔ the runtime class map and the type-level class map are the same map (0.489291ms)
  ✔ the manifest golden: statements in == statements out — nothing synthesized, order preserved, count equal (0.590625ms)
  ✔ the wire: spec newtype = class name for classed slots, omitted for bare (fingerprint-neutral by the engine's drop) (0.411166ms)
  ✔ integer-index names are refused at construction — the declaration-order law's enumeration hazard (0.080209ms)
  ✔ dotted names are refused at construction — the coordinate encoding stays injective at both tiers (0.144208ms)
  ✔ a plain __proto__ declaration entry is refused — the Annex B setter would silently drop the key (0.155375ms)
✔ the runtime/type agreement and the wire (2.01125ms)
✔ interrupt after directory acquire and before db output adoption drains both owners (D18) (90.380667ms)
✔ retained JS tokens cannot prevent native drain; repeated close joins (D18) (114.823083ms)
✔ abort after publication drains without take; retained wrappers cannot pin output (D18) (49.133875ms)
✔ draft interruption spends the draft and joins drain (21.251875ms)
▶ pure schema import
  ✔ constructs metadata with the platform addon unresolvable (481.306917ms)
✔ pure schema import (482.215625ms)
✔ generated descriptions execute, prepare, compose and infer their checked result (99.094292ms)
✔ descriptions preserve joins, negation, aggregates, computations and interiors (4.383375ms)
✔ descriptions preserve recursion and interval/closed-reference domains (47.091208ms)
✔ description checking refuses malformed grammar, wrong result claims, unbound vars and foreign field tags (2.382792ms)
✔ flat projection keeps only row count and owned cells, without obsolete quota accounting (1.472125ms)
✔ flat projection closes the source iterator when a row is invalid (0.278959ms)
✔ snapshot bindings preserve owned Event field types and dependency identity (182.829666ms)
✔ snapshot bindings preserve contextual full projections and explicit closed full keys (204.559292ms)
✔ snapshot bindings preserve every field kind, exact payload values, names and field order (156.132333ms)
✔ independent bindings preserve selected mirror directions, capacities and expanded statement IDs (139.315ms)
✔ emission refuses unrepresentable conditional roster pairing and invalid declaration names (4.499625ms)
✔ bindings derive transitive total roster membership without losing or adding laws (133.061666ms)
✔ mutually referring closed payloads use the existing field descriptors without declaration cycles (145.06025ms)
✔ snapshot bindings preserve canonical Event selection literals and schema identity (146.575958ms)
✔ snapshot bindings preserve closed Event axioms and their explicit pointwise keys (178.428583ms)
▶ the Ledger example
  ✔ lowers to the SchemaSpec shape, declaration order throughout, newtype slots carrying the law-computed class names (5.117042ms)
  ✔ the composite key and pointwise containment lower positionally (0.311375ms)
  ✔ a closed payload column lowers pure structure — the newtype slots carry its law-computed classes (0.401625ms)
  ✔ lowering is deterministic across independent constructions (0.970667ms)
✔ the Ledger example (7.3805ms)
▶ renderStatement
  ✔ each statement form renders its canonical 70-api spelling (0.43225ms)
  ✔ composite positions render in written tuple order (0.158542ms)
  ✔ every legal capacity spelling renders canonically — unit strings byte-for-byte, the weighted rows beside them (0.867875ms)
  ✔ literal sets and interval literals render in macro notation (0.548833ms)
✔ renderStatement (2.157958ms)
▶ the ban table, one row at a time — literal spellings are UNWRITABLE
  ✔ the capacity mint vocabulary is exactly the roster — no sixth mint exists (0.101ms)
  ✔ degenerate literal sets refuse — a membership array needs two DISTINCT members, and the refusal locates itself (1.144916ms)
  ✔ a duplicate field in a key() projection refuses at the mint — the engine's FieldSet duplicate, canonical voice (0.382625ms)
  ✔ a plain u64 face never pairs a closed [id] face — closedness rides the descriptor (both tiers) (0.40825ms)
  ✔ an arity-mismatched pairing is a construction error — the SameArity runtime twin (untyped path) (0.307625ms)
✔ the ban table, one row at a time — literal spellings are UNWRITABLE (2.47775ms)
▶ the ban table's construction tier — computed bounds the type cannot judge
  ✔ computed equivalent spellings lower to the canonical law; only negatives refuse (0.175542ms)
  ✔ an inverted window is unsatisfiable — bigint literals carry no type-level order (0.050875ms)
  ✔ unit floors are accepted canonical laws now — the spelling police is deleted (0.192875ms)
  ✔ the C18 dimension gate fires at the capacity() call — a unit window never takes a duration() bound (both tiers) (0.210417ms)
  ✔ a computed path weight or bound is a construction refusal naming the pinned-column idiom (0.113041ms)
  ✔ the weight and dependent-bound walls hold at construction for untyped callers (0.392ms)
  ✔ generated capacity values use the same validation as constructors (0.304417ms)
✔ the ban table's construction tier — computed bounds the type cannot judge (1.56075ms)
▶ schema() construction boundary
  ✔ a statement over an undeclared relation is rejected with the statement rendered (5.549125ms)
  ✔ same-named relations resolve structurally, including field order (0.345167ms)
  ✔ declared id keys are ordinary statements now — the fresh-implied key is deleted (E-NO-RESERVE) (0.5015ms)
  ✔ duplicate statements are rejected via their canonical rendering (0.448542ms)
  ✔ a record key must equal its relation's declared name (0.348875ms)
  ✔ the paste-back law: a handle selection needs its resolving containment declared (0.448042ms)
  ✔ generated statements are checked semantically without an admission token (18.273917ms)
✔ schema() construction boundary (26.065375ms)
▶ ψ statements over closed relations — closed().where() as a face source
  ✔ a ψ-selected closed face renders canonically and schema() admits both forms (0.442292ms)
  ✔ ψ lowers PASS-THROUGH — the selection rides the SideSpec, never pre-folded into ids (0.310625ms)
  ✔ the closed where() speaks the ordinary selection vocabulary — literal sets and written order (13.067834ms)
  ✔ the empty ψ is the bare closed relation respelled and rejected (canonical utterance) (1.123625ms)
  ✔ the compile walls carry runtime twins through the one selection machine (1.072625ms)
  ✔ a handle named `where` is ordinary roster data — NO name is reserved, both tiers (0.411542ms)
✔ ψ statements over closed relations — closed().where() as a face source (16.660333ms)
✔ facts, selections, host cells, and JSON codecs share the complete native value domain (6.422334ms)
✔ unknown, inherited, absent, symbolic, and nested fields are never silently dropped (0.948333ms)
✔ query parameters use the same interpreter and exact supplied parameter fields (2.098375ms)
✔ authored queries own mutable binding and comparison literals (7.284834ms)
✔ query bindings and result records reject getters and explicit undefined fields (0.555375ms)
✔ host admission matches the real native codec; rejected facts do not enter a database (156.4305ms)
✔ native names and query parameters reject lossy Unicode conversion (50.022125ms)
✔ prototype-sensitive field and result names are ordinary owned data (34.156958ms)
ℹ tests 210
ℹ suites 11
ℹ pass 210
ℹ fail 0
ℹ cancelled 0
ℹ skipped 0
ℹ todo 0
ℹ duration_ms 8421.996833
SDK integration passed against isolated @bjornpagen/bumbledb-darwin-arm64; version unchanged at 1.3.1
{"node":"v26.4.0","platform":"@bjornpagen/bumbledb-darwin-arm64","tests":["event","event-query","event-probability","event-expectation","event-descriptor","event-source","event-polynomial","event-parameter","event-family","event-function-cover","event-family-dynamics","event-prior","event-dynamics","event-projections","event-selections","event-closed","statements","declared-key","law-typing","law-scale","schema-bindings","pure-import","field-codec","query-description","comparison-pairing","alternatives","rows","boundary-codec","value-conformance","interval-outputs","effect-core","ownership-interrupt"],"addon_sha256":"f23770151e5cd7d159b7f18c7c1e97d398f860711be12845c9c425112fcba914"}
