▶ admin certainty
  ✔ checkpoint completes with its report and the pre-dispatch ref (4.804291ms)
  ✔ registration refusal is not-started and E stays never (1.603834ms)
  ✔ a lost completion is outcome-unknown with the retained ref (0.384125ms)
  ✔ erase reports residual copies honestly (0.221292ms)
  ✔ verifyBackup is read-only with typed E (0.4055ms)
  ✔ interrupting admin joins cancellation and retains the caller's operationId (2.881917ms)
✔ admin certainty (11.024083ms)
✔ same-schema cross-origin caches refuse before serving or mutating anything (605.128542ms)
✔ a retained command ref resolves after reopen and receipts outlive their scope (138.160167ms)
✔ closed and foreign capabilities refuse typed without dispatching (244.481417ms)
✔ open never creates: a missing configured database is a typed refusal, not genesis (14.945041ms)
✔ a hosted binding under the local constructor refuses typed with no genesis (11.532208ms)
▶ borrow lifecycle
  ✔ two acquires of one binding are DISTINCT borrows; releasing one leaves the other live (10.695041ms)
  ✔ a stale borrow refuses with ClosedHandle and dispatches nothing (3.981209ms)
  ✔ double release is harmless and joins the native transition (0.664083ms)
  ✔ scope close releases the borrow exactly once (idempotent with explicit release) (0.917084ms)
✔ borrow lifecycle (17.792833ms)
▶ cache surface
  ✔ evicting a borrowed slot refuses instead of revoking the borrow (1.243583ms)
  ✔ same-schema cross-origin bindings acquire isolated capabilities (0.337167ms)
  ✔ cache close is the owner decision; a released cache refuses new acquires (0.230584ms)
  ✔ inspection decodes the bounded native report (0.245ms)
✔ cache surface (2.227042ms)
✔ native command boundaries retain exact sizes and distinguish caller misuse (715.261542ms)
✔ Event-selected log schemas survive command recovery, runtime release, cache, backup and restore (973.852167ms)
✔ Event selections participate in transition admission, replay, activation and abort (314.020666ms)
▶ LocalHistory.open
  ✔ open dispatches mode=open and never a create (2.169ms)
  ✔ a missing database is a typed refusal, never an empty replacement (1.571208ms)
  ✔ create requires the creation artifact and dispatches mode=create (0.236459ms)
  ✔ create refuses existing authority with the native refusal, unchanged (0.241041ms)
  ✔ a hosted binding refuses at the local constructor before dispatch (0.406125ms)
✔ LocalHistory.open (5.49575ms)
▶ HostedHistory.open
  ✔ credentials default to the supported provider chain (0.217ms)
✔ HostedHistory.open (0.279917ms)
▶ bounded inspect
  ✔ inspect decodes the bounded health snapshot (OPS-TEST-01 fixture shape) (0.6975ms)
✔ bounded inspect (0.778417ms)
▶ closed capabilities
  ✔ resolve and inspect on a closed history refuse with ClosedHandle before dispatch (0.368042ms)
✔ closed capabilities (0.43225ms)
▶ returned certainty without duplicate phase
  ✔ submit decided retains its receipt without a phase field (2.709834ms)
  ✔ post-dispatch admin decode retains outcome-unknown (1.533958ms)
  ✔ native proved nonpublication stays not-started (0.23325ms)
✔ returned certainty without duplicate phase (5.06075ms)
✔ native command recovery and independent backup → verify → writable restore (1097.9995ms)
▶ submit certainty arms
  ✔ a decided receipt round-trips with local health; the ref exists before dispatch (2.722666ms)
  ✔ pre-dispatch refusal is not-submitted with the authentic ref; E stays never (1.678042ms)
  ✔ post-dispatch decode loss is outcome-unknown, never a fabricated rejection (0.434334ms)
  ✔ submit on a closed history refuses as not-submitted without dispatch (2.497542ms)
  ✔ a forged command capability is a defect, never a forged receipt or arm (2.01675ms)
  ✔ invalid submit options refuse pre-dispatch as not-submitted, not as E (0.432583ms)
✔ submit certainty arms (10.508917ms)
▶ interruption after publication
  ✔ interrupt after dispatch preserves Cause and joins the native drain (3.967834ms)
  ✔ the retained original ref resolves after reopen; retry never seals a new id (0.809959ms)
  ✔ resolve also reports the closed/expired epochs as data, not errors (0.596ms)
✔ interruption after publication (5.627084ms)
✔ the retained source and target declarations are independently generated exact native bindings (433.919583ms)
✔ ordinary imperative transition, comparison, activation and replay (children first: false) (556.332875ms)
✔ ordinary imperative transition, comparison, activation and replay (children first: true) (269.551958ms)
✔ native admission rejects a missing proof; unconstrained document loss requires application comparison (178.237333ms)
✔ complete native judgment refuses wrong-arm across ordinary population batches (113.180875ms)
✔ complete native judgment refuses orphan across ordinary population batches (112.158ms)
✔ complete native judgment refuses key-conflict across ordinary population batches (141.174375ms)
✔ complete native judgment refuses missing-parent across ordinary population batches (122.249916ms)
ℹ tests 51
ℹ suites 10
ℹ pass 51
ℹ fail 0
ℹ cancelled 0
ℹ skipped 0
ℹ todo 0
ℹ duration_ms 2324.762917
{"node":"v26.4.0","platform":"bumbledb-darwin-arm64","tests":["event-selections","real-bridge-roundtrip","transition","command-boundaries","history-open","admin","borrows","adversarial-capabilities","submit-certainty","outcome-certainty"],"version":"1.3.1","addon_sha256":"b0aece8df172674d1f01ee692c6f79719ec1982a3548d5afba0360105d2848e9"}
