
running 1 test
test event_repr_lab::experiment ... EVENT_LAB {"kind":"readout_free_join","candidate":"retraction512","domain":"full","readout_family":"suffix-half","readout_faces":"xy","hidden":51,"width":4,"bits":12,"worlds":4096,"admissible_worlds":4096,"environments":1,"rows":128,"groups":16,"outputs":64,"memo":false,"changed_possible_groups":16,"changed_guaranteed_groups":16,"nonconstant_readouts":32,"build_s":[6.6375e-5],"support_s":[2.5792e-5],"import_s":[4.0208e-5],"admission_s":[8.4e-8],"join_only_s":[3.0417e-5],"fresh_s":[0.000169875],"fresh_group_s":[0.000132791],"fresh_readout_s":[3.4375e-5],"fresh_compute_s":[0.000168209],"fresh_count_s":[1.584e-6],"warm_s":[4.3e-5],"warm_group_s":[1.1375e-5],"warm_readout_s":[3.1e-5],"warm_compute_s":[4.2542e-5],"warm_count_s":[3.33e-7],"input_nodes":37,"final_nodes":169,"input_bytes_est":2996,"final_bytes_est":21616,"input_storage":{"layout":"slab","record_bytes":592,"table_bytes":672,"interner_bytes":1100,"metadata_bytes":632,"cache_bytes":0,"records":37,"tables":36,"logical_words":84,"total_bytes_est":2996},"final_storage":{"layout":"slab","record_bytes":4736,"table_bytes":5376,"interner_bytes":4992,"metadata_bytes":2704,"cache_bytes":3808,"records":169,"tables":168,"logical_words":600,"total_bytes_est":21616},"outer_memo_bytes":0,"colt_bytes":14992,"checksum":1804000,"verified":true}
EVENT_LAB {"kind":"readout_free_join","candidate":"retraction512","domain":"full","readout_family":"suffix-half","readout_faces":"xy","hidden":51,"width":4,"bits":12,"worlds":4096,"admissible_worlds":4096,"environments":1,"rows":128,"groups":16,"outputs":64,"memo":true,"changed_possible_groups":16,"changed_guaranteed_groups":16,"nonconstant_readouts":32,"build_s":[6.6375e-5],"support_s":[2.5792e-5],"import_s":[4.0208e-5],"admission_s":[8.4e-8],"join_only_s":[3.0417e-5],"fresh_s":[0.00015025],"fresh_group_s":[0.000117792],"fresh_readout_s":[3.1875e-5],"fresh_compute_s":[0.000149875],"fresh_count_s":[2.92e-7],"warm_s":[3.95e-5],"warm_group_s":[8.125e-6],"warm_readout_s":[3.1e-5],"warm_compute_s":[3.9167e-5],"warm_count_s":[2.5e-7],"input_nodes":37,"final_nodes":169,"input_bytes_est":2996,"final_bytes_est":30576,"input_storage":{"layout":"slab","record_bytes":592,"table_bytes":672,"interner_bytes":1100,"metadata_bytes":632,"cache_bytes":0,"records":37,"tables":36,"logical_words":84,"total_bytes_est":2996},"final_storage":{"layout":"slab","record_bytes":4736,"table_bytes":5376,"interner_bytes":4992,"metadata_bytes":2704,"cache_bytes":3808,"records":169,"tables":168,"logical_words":600,"total_bytes_est":21616},"outer_memo_bytes":8960,"colt_bytes":14992,"checksum":1804000,"verified":true}
EVENT_LAB {"kind":"readout_free_join","candidate":"retraction512","domain":"full","readout_family":"suffix-half","readout_faces":"xy","hidden":455,"width":6,"bits":18,"worlds":262144,"admissible_worlds":262144,"environments":1,"rows":128,"groups":16,"outputs":64,"memo":false,"changed_possible_groups":16,"changed_guaranteed_groups":16,"nonconstant_readouts":32,"build_s":[0.000545833],"support_s":[1.7708e-5],"import_s":[0.000527833],"admission_s":[4.2e-8],"join_only_s":[2.3875e-5],"fresh_s":[0.000867458],"fresh_group_s":[0.000642083],"fresh_readout_s":[0.000224875],"fresh_compute_s":[0.000867042],"fresh_count_s":[2.92e-7],"warm_s":[0.00024475],"warm_group_s":[2.2833e-5],"warm_readout_s":[0.000220208],"warm_compute_s":[0.000243708],"warm_count_s":[1e-6],"input_nodes":229,"final_nodes":1254,"input_bytes_est":20980,"final_bytes_est":166888,"input_storage":{"layout":"slab","record_bytes":3664,"table_bytes":6544,"interner_bytes":8532,"metadata_bytes":2240,"cache_bytes":0,"records":229,"tables":125,"logical_words":818,"total_bytes_est":20980},"final_storage":{"layout":"slab","record_bytes":29312,"table_bytes":52352,"interner_bytes":37792,"metadata_bytes":15064,"cache_bytes":32368,"records":1254,"tables":544,"logical_words":3864,"total_bytes_est":166888},"outer_memo_bytes":0,"colt_bytes":14992,"checksum":19699840,"verified":true}
EVENT_LAB {"kind":"readout_free_join","candidate":"retraction512","domain":"full","readout_family":"suffix-half","readout_faces":"xy","hidden":455,"width":6,"bits":18,"worlds":262144,"admissible_worlds":262144,"environments":1,"rows":128,"groups":16,"outputs":64,"memo":true,"changed_possible_groups":16,"changed_guaranteed_groups":16,"nonconstant_readouts":32,"build_s":[0.000545833],"support_s":[1.7708e-5],"import_s":[0.000527833],"admission_s":[4.2e-8],"join_only_s":[2.3875e-5],"fresh_s":[0.000867417],"fresh_group_s":[0.000650875],"fresh_readout_s":[0.000216],"fresh_compute_s":[0.000867084],"fresh_count_s":[3.33e-7],"warm_s":[0.000231084],"warm_group_s":[1.5709e-5],"warm_readout_s":[0.000214333],"warm_compute_s":[0.000230625],"warm_count_s":[3.75e-7],"input_nodes":229,"final_nodes":1254,"input_bytes_est":20980,"final_bytes_est":175848,"input_storage":{"layout":"slab","record_bytes":3664,"table_bytes":6544,"interner_bytes":8532,"metadata_bytes":2240,"cache_bytes":0,"records":229,"tables":125,"logical_words":818,"total_bytes_est":20980},"final_storage":{"layout":"slab","record_bytes":29312,"table_bytes":52352,"interner_bytes":37792,"metadata_bytes":15064,"cache_bytes":32368,"records":1254,"tables":544,"logical_words":3864,"total_bytes_est":166888},"outer_memo_bytes":8960,"colt_bytes":14992,"checksum":19699840,"verified":true}
ok

test result: ok. 1 passed; 0 failed; 0 ignored; 0 measured; 1378 filtered out; finished in 0.78s


        0.78 real         0.78 user         0.00 sys
            10551296  maximum resident set size
                   0  average shared memory size
                   0  average unshared data size
                   0  average unshared stack size
                 860  page reclaims
                   0  page faults
                   0  swaps
                   0  block input operations
                   0  block output operations
                   0  messages sent
                   0  messages received
                   0  signals received
                   0  voluntary context switches
                  23  involuntary context switches
         14682639906  instructions retired
          2651734053  cycles elapsed
             7537024  peak memory footprint
