
running 1 test
test event_repr_lab::experiment ... EVENT_LAB {"kind":"readout_free_join","candidate":"retraction512","domain":"full","readout_family":"suffix-half","readout_faces":"xy","hidden":51,"width":4,"bits":12,"worlds":4096,"admissible_worlds":4096,"environments":1,"rows":128,"groups":16,"outputs":64,"memo":false,"changed_possible_groups":16,"changed_guaranteed_groups":16,"nonconstant_readouts":32,"build_s":[6.6625e-5],"support_s":[2.6e-5],"import_s":[4.0291e-5],"admission_s":[8.4e-8],"join_only_s":[3.175e-5],"fresh_s":[0.000168125],"fresh_group_s":[0.000130417],"fresh_readout_s":[3.5e-5],"fresh_compute_s":[0.000166458],"fresh_count_s":[1.583e-6],"warm_s":[4.2416e-5],"warm_group_s":[1.175e-5],"warm_readout_s":[3.0209e-5],"warm_compute_s":[4.2083e-5],"warm_count_s":[2.91e-7],"input_nodes":37,"final_nodes":169,"input_bytes_est":2996,"final_bytes_est":21616,"input_storage":{"layout":"slab","record_bytes":592,"table_bytes":672,"interner_bytes":1100,"metadata_bytes":632,"cache_bytes":0,"records":37,"tables":36,"logical_words":84,"total_bytes_est":2996},"final_storage":{"layout":"slab","record_bytes":4736,"table_bytes":5376,"interner_bytes":4992,"metadata_bytes":2704,"cache_bytes":3808,"records":169,"tables":168,"logical_words":600,"total_bytes_est":21616},"outer_memo_bytes":0,"colt_bytes":14992,"checksum":1804000,"verified":true}
EVENT_LAB {"kind":"readout_free_join","candidate":"retraction512","domain":"full","readout_family":"suffix-half","readout_faces":"xy","hidden":51,"width":4,"bits":12,"worlds":4096,"admissible_worlds":4096,"environments":1,"rows":128,"groups":16,"outputs":64,"memo":true,"changed_possible_groups":16,"changed_guaranteed_groups":16,"nonconstant_readouts":32,"build_s":[6.6625e-5],"support_s":[2.6e-5],"import_s":[4.0291e-5],"admission_s":[8.4e-8],"join_only_s":[3.175e-5],"fresh_s":[0.000151542],"fresh_group_s":[0.000119875],"fresh_readout_s":[3.1166e-5],"fresh_compute_s":[0.000151208],"fresh_count_s":[3.34e-7],"warm_s":[3.775e-5],"warm_group_s":[7.75e-6],"warm_readout_s":[2.9583e-5],"warm_compute_s":[3.7417e-5],"warm_count_s":[2.5e-7],"input_nodes":37,"final_nodes":169,"input_bytes_est":2996,"final_bytes_est":30576,"input_storage":{"layout":"slab","record_bytes":592,"table_bytes":672,"interner_bytes":1100,"metadata_bytes":632,"cache_bytes":0,"records":37,"tables":36,"logical_words":84,"total_bytes_est":2996},"final_storage":{"layout":"slab","record_bytes":4736,"table_bytes":5376,"interner_bytes":4992,"metadata_bytes":2704,"cache_bytes":3808,"records":169,"tables":168,"logical_words":600,"total_bytes_est":21616},"outer_memo_bytes":8960,"colt_bytes":14992,"checksum":1804000,"verified":true}
EVENT_LAB {"kind":"readout_free_join","candidate":"retraction512","domain":"full","readout_family":"suffix-half","readout_faces":"xy","hidden":455,"width":6,"bits":18,"worlds":262144,"admissible_worlds":262144,"environments":1,"rows":128,"groups":16,"outputs":64,"memo":false,"changed_possible_groups":16,"changed_guaranteed_groups":16,"nonconstant_readouts":32,"build_s":[0.000549292],"support_s":[1.9834e-5],"import_s":[0.000528875],"admission_s":[8.3e-8],"join_only_s":[1.8958e-5],"fresh_s":[0.000652666],"fresh_group_s":[0.000483292],"fresh_readout_s":[0.000168625],"fresh_compute_s":[0.00065225],"fresh_count_s":[3.34e-7],"warm_s":[0.000191458],"warm_group_s":[2.1833e-5],"warm_readout_s":[0.000168625],"warm_compute_s":[0.000191083],"warm_count_s":[2.92e-7],"input_nodes":175,"final_nodes":1030,"input_bytes_est":13612,"final_bytes_est":137456,"input_storage":{"layout":"slab","record_bytes":2800,"table_bytes":4496,"interner_bytes":4508,"metadata_bytes":1808,"cache_bytes":0,"records":175,"tables":93,"logical_words":562,"total_bytes_est":13612},"final_storage":{"layout":"slab","record_bytes":22400,"table_bytes":35968,"interner_bytes":36064,"metadata_bytes":11608,"cache_bytes":31416,"records":1030,"tables":390,"logical_words":2688,"total_bytes_est":137456},"outer_memo_bytes":0,"colt_bytes":14992,"checksum":19699840,"verified":true}
EVENT_LAB {"kind":"readout_free_join","candidate":"retraction512","domain":"full","readout_family":"suffix-half","readout_faces":"xy","hidden":455,"width":6,"bits":18,"worlds":262144,"admissible_worlds":262144,"environments":1,"rows":128,"groups":16,"outputs":64,"memo":true,"changed_possible_groups":16,"changed_guaranteed_groups":16,"nonconstant_readouts":32,"build_s":[0.000549292],"support_s":[1.9834e-5],"import_s":[0.000528875],"admission_s":[8.3e-8],"join_only_s":[1.8958e-5],"fresh_s":[0.000651167],"fresh_group_s":[0.000485958],"fresh_readout_s":[0.000164541],"fresh_compute_s":[0.000650833],"fresh_count_s":[2.92e-7],"warm_s":[0.000193333],"warm_group_s":[1.7958e-5],"warm_readout_s":[0.000174125],"warm_compute_s":[0.000192417],"warm_count_s":[7.91e-7],"input_nodes":175,"final_nodes":1030,"input_bytes_est":13612,"final_bytes_est":146416,"input_storage":{"layout":"slab","record_bytes":2800,"table_bytes":4496,"interner_bytes":4508,"metadata_bytes":1808,"cache_bytes":0,"records":175,"tables":93,"logical_words":562,"total_bytes_est":13612},"final_storage":{"layout":"slab","record_bytes":22400,"table_bytes":35968,"interner_bytes":36064,"metadata_bytes":11608,"cache_bytes":31416,"records":1030,"tables":390,"logical_words":2688,"total_bytes_est":137456},"outer_memo_bytes":8960,"colt_bytes":14992,"checksum":19699840,"verified":true}
ok

test result: ok. 1 passed; 0 failed; 0 ignored; 0 measured; 1378 filtered out; finished in 0.77s


        0.77 real         0.76 user         0.00 sys
            10371072  maximum resident set size
                   0  average shared memory size
                   0  average unshared data size
                   0  average unshared stack size
                 849  page reclaims
                   0  page faults
                   0  swaps
                   0  block input operations
                   0  block output operations
                   0  messages sent
                   0  messages received
                   0  signals received
                   0  voluntary context switches
                  91  involuntary context switches
         14161765927  instructions retired
          2572040597  cycles elapsed
             7356800  peak memory footprint
