
running 1 test
test event_repr_lab::experiment ... EVENT_LAB {"kind":"readout_free_join","candidate":"prefix512","domain":"full","readout_family":"suffix-half","readout_faces":"xy","hidden":51,"width":4,"bits":12,"worlds":4096,"admissible_worlds":4096,"environments":1,"rows":128,"groups":16,"outputs":64,"memo":false,"changed_possible_groups":16,"changed_guaranteed_groups":16,"nonconstant_readouts":32,"build_s":[6.5666e-5],"support_s":[2.55e-5],"import_s":[3.9792e-5],"admission_s":[4.2e-8],"join_only_s":[2.8042e-5],"fresh_s":[0.000172667],"fresh_group_s":[0.000132792],"fresh_readout_s":[3.7083e-5],"fresh_compute_s":[0.000171167],"fresh_count_s":[1.416e-6],"warm_s":[4.2708e-5],"warm_group_s":[1.1459e-5],"warm_readout_s":[3.0666e-5],"warm_compute_s":[4.2291e-5],"warm_count_s":[2.92e-7],"input_nodes":37,"final_nodes":169,"input_bytes_est":2996,"final_bytes_est":21616,"input_storage":{"layout":"slab","record_bytes":592,"table_bytes":672,"interner_bytes":1100,"metadata_bytes":632,"cache_bytes":0,"records":37,"tables":36,"logical_words":84,"total_bytes_est":2996},"final_storage":{"layout":"slab","record_bytes":4736,"table_bytes":5376,"interner_bytes":4992,"metadata_bytes":2704,"cache_bytes":3808,"records":169,"tables":168,"logical_words":600,"total_bytes_est":21616},"outer_memo_bytes":0,"colt_bytes":14992,"checksum":1804000,"verified":true}
EVENT_LAB {"kind":"readout_free_join","candidate":"prefix512","domain":"full","readout_family":"suffix-half","readout_faces":"xy","hidden":51,"width":4,"bits":12,"worlds":4096,"admissible_worlds":4096,"environments":1,"rows":128,"groups":16,"outputs":64,"memo":true,"changed_possible_groups":16,"changed_guaranteed_groups":16,"nonconstant_readouts":32,"build_s":[6.5666e-5],"support_s":[2.55e-5],"import_s":[3.9792e-5],"admission_s":[4.2e-8],"join_only_s":[2.8042e-5],"fresh_s":[0.000156209],"fresh_group_s":[0.000123833],"fresh_readout_s":[3.1792e-5],"fresh_compute_s":[0.000155834],"fresh_count_s":[2.92e-7],"warm_s":[5.3333e-5],"warm_group_s":[1.3333e-5],"warm_readout_s":[3.2e-5],"warm_compute_s":[4.5541e-5],"warm_count_s":[2.92e-7],"input_nodes":37,"final_nodes":169,"input_bytes_est":2996,"final_bytes_est":30576,"input_storage":{"layout":"slab","record_bytes":592,"table_bytes":672,"interner_bytes":1100,"metadata_bytes":632,"cache_bytes":0,"records":37,"tables":36,"logical_words":84,"total_bytes_est":2996},"final_storage":{"layout":"slab","record_bytes":4736,"table_bytes":5376,"interner_bytes":4992,"metadata_bytes":2704,"cache_bytes":3808,"records":169,"tables":168,"logical_words":600,"total_bytes_est":21616},"outer_memo_bytes":8960,"colt_bytes":14992,"checksum":1804000,"verified":true}
EVENT_LAB {"kind":"readout_free_join","candidate":"prefix512","domain":"full","readout_family":"suffix-half","readout_faces":"xy","hidden":455,"width":6,"bits":18,"worlds":262144,"admissible_worlds":262144,"environments":1,"rows":128,"groups":16,"outputs":64,"memo":false,"changed_possible_groups":16,"changed_guaranteed_groups":16,"nonconstant_readouts":32,"build_s":[0.000538709],"support_s":[1.8834e-5],"import_s":[0.000519458],"admission_s":[4.2e-8],"join_only_s":[1.8583e-5],"fresh_s":[0.000879667],"fresh_group_s":[0.000661666],"fresh_readout_s":[0.00021725],"fresh_compute_s":[0.000879208],"fresh_count_s":[4.17e-7],"warm_s":[0.000243292],"warm_group_s":[2.3083e-5],"warm_readout_s":[0.000219125],"warm_compute_s":[0.000242584],"warm_count_s":[6.67e-7],"input_nodes":229,"final_nodes":1254,"input_bytes_est":20980,"final_bytes_est":166888,"input_storage":{"layout":"slab","record_bytes":3664,"table_bytes":6544,"interner_bytes":8532,"metadata_bytes":2240,"cache_bytes":0,"records":229,"tables":125,"logical_words":818,"total_bytes_est":20980},"final_storage":{"layout":"slab","record_bytes":29312,"table_bytes":52352,"interner_bytes":37792,"metadata_bytes":15064,"cache_bytes":32368,"records":1254,"tables":544,"logical_words":3864,"total_bytes_est":166888},"outer_memo_bytes":0,"colt_bytes":14992,"checksum":19699840,"verified":true}
EVENT_LAB {"kind":"readout_free_join","candidate":"prefix512","domain":"full","readout_family":"suffix-half","readout_faces":"xy","hidden":455,"width":6,"bits":18,"worlds":262144,"admissible_worlds":262144,"environments":1,"rows":128,"groups":16,"outputs":64,"memo":true,"changed_possible_groups":16,"changed_guaranteed_groups":16,"nonconstant_readouts":32,"build_s":[0.000538709],"support_s":[1.8834e-5],"import_s":[0.000519458],"admission_s":[4.2e-8],"join_only_s":[1.8583e-5],"fresh_s":[0.000853917],"fresh_group_s":[0.0006405],"fresh_readout_s":[0.000211917],"fresh_compute_s":[0.000852833],"fresh_count_s":[9.58e-7],"warm_s":[0.000266083],"warm_group_s":[2.3625e-5],"warm_readout_s":[0.000241125],"warm_compute_s":[0.000265541],"warm_count_s":[3.75e-7],"input_nodes":229,"final_nodes":1254,"input_bytes_est":20980,"final_bytes_est":175848,"input_storage":{"layout":"slab","record_bytes":3664,"table_bytes":6544,"interner_bytes":8532,"metadata_bytes":2240,"cache_bytes":0,"records":229,"tables":125,"logical_words":818,"total_bytes_est":20980},"final_storage":{"layout":"slab","record_bytes":29312,"table_bytes":52352,"interner_bytes":37792,"metadata_bytes":15064,"cache_bytes":32368,"records":1254,"tables":544,"logical_words":3864,"total_bytes_est":166888},"outer_memo_bytes":8960,"colt_bytes":14992,"checksum":19699840,"verified":true}
ok

test result: ok. 1 passed; 0 failed; 0 ignored; 0 measured; 1378 filtered out; finished in 0.79s


        0.79 real         0.78 user         0.00 sys
            10797056  maximum resident set size
                   0  average shared memory size
                   0  average unshared data size
                   0  average unshared stack size
                 874  page reclaims
                   0  page faults
                   0  swaps
                   0  block input operations
                   0  block output operations
                   0  messages sent
                   0  messages received
                   0  signals received
                   0  voluntary context switches
                  39  involuntary context switches
         14683667705  instructions retired
          2661190734  cycles elapsed
             7815552  peak memory footprint
