
running 1 test
test event_repr_lab::experiment ... EVENT_LAB {"kind":"transfer_free_join","candidate":"packed512","bits":12,"target_layout":"bit-major","target_candidate":"packed512","query_s":[0.000284417, 0.000225083, 0.0002345, 0.000228292, 0.000234667, 0.000222334, 0.00022],"encode_s":[2.9792e-5, 2.0584e-5, 2.0292e-5, 2.2375e-5, 2.5125e-5, 1.9583e-5, 1.9083e-5],"decode_s":[1.7708e-5, 1.3459e-5, 1.225e-5, 1.2291e-5, 1.1833e-5, 1.1833e-5, 1.125e-5],"target_setup_s":[2.125e-5, 1.9667e-5, 1.9209e-5, 2.025e-5, 2.4291e-5, 2.0042e-5, 1.8375e-5],"restore_s":[0.000159417, 0.000149, 0.00015325, 0.000149625, 0.000152, 0.000146041, 0.000143916],"packet_bytes":6127,"packet_nodes":107,"canonical_packet_bytes":6127,"canonical_packet_hash":18102733595059858741,"source_bytes_est":86100,"target_bytes_est":23268,"roots":104,"rows":128,"verified":true}
EVENT_LAB {"kind":"transfer_free_join","candidate":"packed512","bits":12,"target_layout":"face-major","target_candidate":"packed512","query_s":[0.000224333, 0.0002265, 0.000221709, 0.000235583, 0.000223291, 0.000232583, 0.000226459],"encode_s":[2.125e-5, 2.025e-5, 1.8875e-5, 2.6e-5, 2.0875e-5, 2.0708e-5, 1.95e-5],"decode_s":[1.125e-5, 1.1083e-5, 1.1e-5, 1.1667e-5, 1.1333e-5, 1.15e-5, 1.1042e-5],"target_setup_s":[8.33e-7, 3.584e-6, 8.75e-7, 2.375e-6, 2.167e-6, 1.583e-6, 1.041e-6],"restore_s":[0.00025975, 0.000234458, 0.000225166, 0.000258708, 0.000232041, 0.000235208, 0.000226042],"packet_bytes":6127,"packet_nodes":107,"canonical_packet_bytes":3947,"canonical_packet_hash":16811957920672208100,"source_bytes_est":86100,"target_bytes_est":79620,"roots":104,"rows":128,"verified":true}
EVENT_LAB {"kind":"transfer_free_join","candidate":"packed512","bits":18,"target_layout":"bit-major","target_candidate":"packed512","query_s":[0.000735458, 0.000667916, 0.000661708, 0.000662041, 0.000692, 0.000694875, 0.000658875],"encode_s":[0.000107709, 0.000113333, 0.0001145, 0.000117583, 0.00011275, 0.000113, 0.000122917],"decode_s":[6e-5, 4.9375e-5, 4.9167e-5, 5.0583e-5, 4.9083e-5, 4.9166e-5, 4.9583e-5],"target_setup_s":[0.001184875, 0.001120292, 0.001124333, 0.0011275, 0.001168375, 0.001201917, 0.001145083],"restore_s":[0.000568833, 0.000537125, 0.000534917, 0.000541708, 0.00056025, 0.000537792, 0.000602875],"packet_bytes":25379,"packet_nodes":773,"canonical_packet_bytes":25379,"canonical_packet_hash":1828067518556718950,"source_bytes_est":510028,"target_bytes_est":167588,"roots":104,"rows":128,"verified":true}
EVENT_LAB {"kind":"transfer_free_join","candidate":"packed512","bits":18,"target_layout":"face-major","target_candidate":"packed512","query_s":[0.000739209, 0.000674542, 0.000740167, 0.00069825, 0.000666167, 0.000773, 0.000697584],"encode_s":[0.000119583, 0.000113083, 0.000145208, 0.000120584, 0.000110209, 0.000115958, 0.000126166],"decode_s":[5.0334e-5, 4.9125e-5, 4.9416e-5, 4.9209e-5, 4.9166e-5, 4.9042e-5, 4.9042e-5],"target_setup_s":[1.4541e-5, 1.3291e-5, 1.5875e-5, 1.3042e-5, 1.2959e-5, 1.2791e-5, 1.3167e-5],"restore_s":[0.00089225, 0.000909083, 0.00087825, 0.000960041, 0.000892125, 0.000873, 0.000908875],"packet_bytes":25379,"packet_nodes":773,"canonical_packet_bytes":24809,"canonical_packet_hash":2723457121914737819,"source_bytes_est":510028,"target_bytes_est":450724,"roots":104,"rows":128,"verified":true}
ok

test result: ok. 1 passed; 0 failed; 0 ignored; 0 measured; 1360 filtered out; finished in 5.91s


        5.91 real         5.83 user         0.07 sys
            22282240  maximum resident set size
                   0  average shared memory size
                   0  average unshared data size
                   0  average unshared stack size
                1572  page reclaims
                   0  page faults
                   0  swaps
                   0  block input operations
                   0  block output operations
                   0  messages sent
                   0  messages received
                   0  signals received
                   0  voluntary context switches
                1002  involuntary context switches
        117010821885  instructions retired
         19822598967  cycles elapsed
            19546496  peak memory footprint
