
running 1 test
test event_repr_lab::experiment ... EVENT_LAB {"kind":"owned_free_join","candidate":"retraction512","target_candidate":"retraction512","bits":12,"target_layout":"bit-major","target_setup_s":[4.708e-6],"restore_inputs_s":[2.4833e-5],"program_setup_s":[1.3417e-5],"query_s":[0.000392625],"owned_compute_s":[0.000408792],"novel_publication_classes":[10],"input_roots":24,"output_roots":80,"input_packet_bytes":1421,"output_packet_bytes":707,"final_arena_bytes_est":37944,"input_storage":{"layout":"slab","record_bytes":1024,"table_bytes":1024,"interner_bytes":1208,"metadata_bytes":696,"cache_bytes":0,"records":37,"tables":36,"logical_words":74,"total_bytes_est":3952},"final_storage":{"layout":"slab","record_bytes":8192,"table_bytes":8192,"interner_bytes":9664,"metadata_bytes":4280,"cache_bytes":7616,"records":349,"tables":348,"logical_words":938,"total_bytes_est":37944},"verified":true}
EVENT_LAB {"kind":"owned_free_join","candidate":"retraction512","target_candidate":"retraction512","bits":12,"target_layout":"face-major","target_setup_s":[3.334e-6],"restore_inputs_s":[1.7083e-5],"program_setup_s":[6.875e-6],"query_s":[0.000499958],"owned_compute_s":[0.000508208],"novel_publication_classes":[10],"input_roots":24,"output_roots":80,"input_packet_bytes":1421,"output_packet_bytes":707,"final_arena_bytes_est":71896,"input_storage":{"layout":"slab","record_bytes":1024,"table_bytes":1024,"interner_bytes":1208,"metadata_bytes":696,"cache_bytes":0,"records":37,"tables":36,"logical_words":74,"total_bytes_est":3952},"final_storage":{"layout":"slab","record_bytes":16384,"table_bytes":16384,"interner_bytes":19328,"metadata_bytes":8376,"cache_bytes":11424,"records":514,"tables":513,"logical_words":1567,"total_bytes_est":71896},"verified":true}
EVENT_LAB {"kind":"owned_free_join","candidate":"retraction512","target_candidate":"packed512","bits":12,"target_layout":"bit-major","target_setup_s":[1.791e-6],"restore_inputs_s":[8.5875e-5],"program_setup_s":[3.4292e-5],"query_s":[0.000299167],"owned_compute_s":[0.000334917],"novel_publication_classes":[10],"input_roots":24,"output_roots":80,"input_packet_bytes":1421,"output_packet_bytes":1645,"final_arena_bytes_est":112740,"input_storage":null,"final_storage":null,"verified":true}
EVENT_LAB {"kind":"owned_free_join","candidate":"retraction512","target_candidate":"retraction512","bits":18,"target_layout":"bit-major","target_setup_s":[4.833e-6],"restore_inputs_s":[0.000116625],"program_setup_s":[2.0875e-5],"query_s":[0.002326208],"owned_compute_s":[0.002348958],"novel_publication_classes":[18],"input_roots":24,"output_roots":80,"input_packet_bytes":9305,"output_packet_bytes":2087,"final_arena_bytes_est":302376,"input_storage":{"layout":"slab","record_bytes":8192,"table_bytes":8192,"interner_bytes":9664,"metadata_bytes":4392,"cache_bytes":3927,"records":295,"tables":101,"logical_words":626,"total_bytes_est":34367},"final_storage":{"layout":"slab","record_bytes":65536,"table_bytes":65536,"interner_bytes":77312,"metadata_bytes":33064,"cache_bytes":60928,"records":2789,"tables":1999,"logical_words":7695,"total_bytes_est":302376},"verified":true}
EVENT_LAB {"kind":"owned_free_join","candidate":"retraction512","target_candidate":"retraction512","bits":18,"target_layout":"face-major","target_setup_s":[6.708e-6],"restore_inputs_s":[0.000360167],"program_setup_s":[3.5625e-5],"query_s":[0.006941208],"owned_compute_s":[0.006979458],"novel_publication_classes":[18],"input_roots":24,"output_roots":80,"input_packet_bytes":9305,"output_packet_bytes":2389,"final_arena_bytes_est":857384,"input_storage":{"layout":"slab","record_bytes":16384,"table_bytes":32768,"interner_bytes":19328,"metadata_bytes":8488,"cache_bytes":19040,"records":697,"tables":423,"logical_words":2588,"total_bytes_est":96008},"final_storage":{"layout":"slab","record_bytes":131072,"table_bytes":262144,"interner_bytes":154624,"metadata_bytes":65832,"cache_bytes":243712,"records":5740,"tables":4545,"logical_words":17087,"total_bytes_est":857384},"verified":true}
EVENT_LAB {"kind":"owned_free_join","candidate":"retraction512","target_candidate":"packed512","bits":18,"target_layout":"bit-major","target_setup_s":[3.042e-6],"restore_inputs_s":[0.00041225],"program_setup_s":[6.5416e-5],"query_s":[0.000741959],"owned_compute_s":[0.000812375],"novel_publication_classes":[18],"input_roots":24,"output_roots":80,"input_packet_bytes":9305,"output_packet_bytes":5221,"final_arena_bytes_est":626852,"input_storage":null,"final_storage":null,"verified":true}
ok

test result: ok. 1 passed; 0 failed; 0 ignored; 0 measured; 1378 filtered out; finished in 2.13s


        2.13 real         2.11 user         0.01 sys
            17743872  maximum resident set size
                   0  average shared memory size
                   0  average unshared data size
                   0  average unshared stack size
                1298  page reclaims
                   0  page faults
                   0  swaps
                   0  block input operations
                   0  block output operations
                   0  messages sent
                   0  messages received
                   0  signals received
                   1  voluntary context switches
                 101  involuntary context switches
         38995854293  instructions retired
          7135002248  cycles elapsed
            14533016  peak memory footprint
