
running 1 test
test event_repr_lab::experiment ... EVENT_LAB {"kind":"owned_free_join","candidate":"prefix512","target_candidate":"prefix512","bits":12,"target_layout":"bit-major","target_setup_s":[5.042e-6],"restore_inputs_s":[2.5875e-5],"program_setup_s":[1.3167e-5],"query_s":[0.000361375],"owned_compute_s":[0.000379666],"novel_publication_classes":[10],"input_roots":24,"output_roots":80,"input_packet_bytes":1421,"output_packet_bytes":707,"final_arena_bytes_est":20968,"input_storage":{"layout":"slab","record_bytes":1024,"table_bytes":1024,"interner_bytes":1208,"metadata_bytes":696,"cache_bytes":0,"records":37,"tables":36,"logical_words":74,"total_bytes_est":3952},"final_storage":{"layout":"slab","record_bytes":4096,"table_bytes":4096,"interner_bytes":4832,"metadata_bytes":2232,"cache_bytes":5712,"records":219,"tables":218,"logical_words":454,"total_bytes_est":20968},"verified":true}
EVENT_LAB {"kind":"owned_free_join","candidate":"prefix512","target_candidate":"prefix512","bits":12,"target_layout":"face-major","target_setup_s":[3.958e-6],"restore_inputs_s":[2.0291e-5],"program_setup_s":[1.0625e-5],"query_s":[0.00050675],"owned_compute_s":[0.000519083],"novel_publication_classes":[10],"input_roots":24,"output_roots":80,"input_packet_bytes":1421,"output_packet_bytes":707,"final_arena_bytes_est":71896,"input_storage":{"layout":"slab","record_bytes":1024,"table_bytes":1024,"interner_bytes":1208,"metadata_bytes":696,"cache_bytes":0,"records":37,"tables":36,"logical_words":74,"total_bytes_est":3952},"final_storage":{"layout":"slab","record_bytes":16384,"table_bytes":16384,"interner_bytes":19328,"metadata_bytes":8376,"cache_bytes":11424,"records":597,"tables":596,"logical_words":1177,"total_bytes_est":71896},"verified":true}
EVENT_LAB {"kind":"owned_free_join","candidate":"prefix512","target_candidate":"packed512","bits":12,"target_layout":"bit-major","target_setup_s":[2.083e-6],"restore_inputs_s":[9.6375e-5],"program_setup_s":[3.9834e-5],"query_s":[0.000264542],"owned_compute_s":[0.000306541],"novel_publication_classes":[10],"input_roots":24,"output_roots":80,"input_packet_bytes":1421,"output_packet_bytes":1645,"final_arena_bytes_est":112740,"input_storage":null,"final_storage":null,"verified":true}
EVENT_LAB {"kind":"owned_free_join","candidate":"prefix512","target_candidate":"prefix512","bits":18,"target_layout":"bit-major","target_setup_s":[4.917e-6],"restore_inputs_s":[0.000118041],"program_setup_s":[2.25e-5],"query_s":[0.002372959],"owned_compute_s":[0.002397708],"novel_publication_classes":[18],"input_roots":24,"output_roots":80,"input_packet_bytes":9305,"output_packet_bytes":2087,"final_arena_bytes_est":275496,"input_storage":{"layout":"slab","record_bytes":8192,"table_bytes":8192,"interner_bytes":9664,"metadata_bytes":4392,"cache_bytes":3927,"records":295,"tables":101,"logical_words":626,"total_bytes_est":34367},"final_storage":{"layout":"slab","record_bytes":32768,"table_bytes":65536,"interner_bytes":69120,"metadata_bytes":16680,"cache_bytes":91392,"records":1899,"tables":1420,"logical_words":4888,"total_bytes_est":275496},"verified":true}
EVENT_LAB {"kind":"owned_free_join","candidate":"prefix512","target_candidate":"prefix512","bits":18,"target_layout":"face-major","target_setup_s":[7.708e-6],"restore_inputs_s":[0.00036425],"program_setup_s":[3.1875e-5],"query_s":[0.008114083],"owned_compute_s":[0.008148334],"novel_publication_classes":[18],"input_roots":24,"output_roots":80,"input_packet_bytes":9305,"output_packet_bytes":2389,"final_arena_bytes_est":1592616,"input_storage":{"layout":"slab","record_bytes":16384,"table_bytes":32768,"interner_bytes":19328,"metadata_bytes":8488,"cache_bytes":19040,"records":697,"tables":423,"logical_words":2588,"total_bytes_est":96008},"final_storage":{"layout":"slab","record_bytes":262144,"table_bytes":524288,"interner_bytes":309248,"metadata_bytes":131368,"cache_bytes":365568,"records":12215,"tables":7388,"logical_words":32961,"total_bytes_est":1592616},"verified":true}
EVENT_LAB {"kind":"owned_free_join","candidate":"prefix512","target_candidate":"packed512","bits":18,"target_layout":"bit-major","target_setup_s":[1.667e-6],"restore_inputs_s":[0.000422666],"program_setup_s":[4.4625e-5],"query_s":[0.000692916],"owned_compute_s":[0.00073975],"novel_publication_classes":[18],"input_roots":24,"output_roots":80,"input_packet_bytes":9305,"output_packet_bytes":5221,"final_arena_bytes_est":626852,"input_storage":null,"final_storage":null,"verified":true}
ok

test result: ok. 1 passed; 0 failed; 0 ignored; 0 measured; 1378 filtered out; finished in 2.20s


        2.20 real         2.14 user         0.01 sys
            18513920  maximum resident set size
                   0  average shared memory size
                   0  average unshared data size
                   0  average unshared stack size
                1345  page reclaims
                   0  page faults
                   0  swaps
                   0  block input operations
                   0  block output operations
                   0  messages sent
                   0  messages received
                   0  signals received
                   0  voluntary context switches
                 259  involuntary context switches
         39002462346  instructions retired
          7167289854  cycles elapsed
            15253912  peak memory footprint
