✔ alternatives are the ordinary law expansion in roster order, independent of arm object order (3.756083ms)
✔ alternatives check dynamic arm coverage and scalar identity shapes (1.73425ms)
✔ alternatives preserve composite keys and payload types (0.195667ms)
✔ native expansion refusals cite both actual directions at their current statement positions (248.893458ms)
✔ ordinary native admission enforces payloads and accepts an atomic arm switch (163.199042ms)
✔ finite, infinite, NaN and negative-zero floats all cross as canonical $f64 bit images (1.313708ms)
✔ decoders reject malformed widths, noncanonical images, unknown tags and wrong-schema values (2.1045ms)
✔ typed and dynamic boundary input share one accepted domain — the encoder refuses what the decoder refuses (0.115583ms)
✔ student rows carry budget as exact decimal; a float budget image refuses (0.1045ms)
▶ the comparison pairing walls
  ✔ no variable side is constant-valued: the constructor refuses param-only and param-literal sides (1.9215ms)
  ✔ the order pair: cross-domain variable pairs are compile-refused (each side alone is orderable) (0.579625ms)
  ✔ the order pair: literals type against their sibling — bool-vs-bigint and u64-vs-boolean are compile-refused (0.375833ms)
  ✔ the fold input: min/max over a bool var is refused (both tiers) (0.306333ms)
  ✔ the pointIn pair: the point lives in the interval's element domain (0.19275ms)
  ✔ the allen pair: two intervals of one element domain (Q1 — widths meet freely, u64-vs-i64 stays illegal) (0.197416ms)
  ✔ the legal pairs stay legal: same-domain vars, sibling-typed opens, one-element allen (0.417833ms)
✔ the comparison pairing walls (4.602667ms)
✔ key values infer exactly their declared projection (0.789083ms)
✔ a key owns its projection without freezing or retaining the caller's array (0.408792ms)
✔ every declared key reads the same snapshot with its own projection and native statement id (400.759542ms)
✔ inspection separates virtual mapping, file pages and disk blocks (487.643834ms)
✔ native row codecs own their values and remain reusable after cancelled delivery (5.871917ms)
✔ create/apply/snapshot/get/execute — the whole chapter 34 core flow, one scope (155.86375ms)
✔ open never creates; create refuses existing authority (73.282708ms)
✔ scoped preparation reuses parameters and closes independently of snapshots and results (87.986375ms)
✔ apply is the three-coordinate judgment: accepted, no-change, invariant-rejected, moved (46.764917ms)
✔ a snapshot is coherent: a later apply cannot move an open snapshot's facts (49.285666ms)
✔ methods are lazy: construction dispatches nothing, and a scope-escaped handle fails typed (61.579208ms)
✔ a foreign object where a ChangeSet is expected refuses BEFORE any native dispatch (92.890708ms)
✔ a foreign-schema query template refuses typed at execute (85.111209ms)
✔ interruption surfaces in Cause, never as a manufactured outcome arm (99.298625ms)
✔ closed Event authoring compares complete owned carriers without native work (1.357583ms)
✔ closed Events retain schema identity, coverage and query results across runtime release (411.23625ms)
✔ descriptor construction is lazy and pure transport remains addon-free (0.927083ms)
✔ all seven structural kinds admit, describe, inspect and roundtrip through owned BEDC (429.570542ms)
✔ derived projections and complete composition plans feed real stored Event queries (153.723833ms)
✔ composition inspection keeps three distinct roles in ST, TU, SU order (4.6265ms)
✔ nonrectangular shared environments, reversal and measured endpoints survive inspection (5.792375ms)
✔ admission refuses fake certificates, implicit full markers and malformed structural data (7.629667ms)
✔ native descriptor submission copies owned bytes before workers and refuses shared backing (1.799833ms)
✔ cancelled descriptor delivery drops all queued inspection data and permits reuse (1.811292ms)
✔ kernel/revision envelopes own bytes, retain roles, and construct Effects without an addon (2.389834ms)
✔ posterior replacement, likelihood and conditioning have distinct exact meanings (253.770375ms)
✔ impossible revisions retain zero-mass and empty indexed cells without hiding input errors (9.560667ms)
✔ BESC replay refuses forged receipt numbers, posterior laws and incomplete impossible outcomes (5.211917ms)
✔ channels normalize on zero-prior fibres and copy readouts without fresh randomness (11.365ms)
✔ Coup channels obey visibility FDs and translate stored Events through posterior queries after reopen (193.755084ms)
✔ cancelled revision inspection reclaims owned outputs and leaves the runtime reusable (4.61625ms)
✔ polynomial transport is owned and pure import stays lazy (2.3745ms)
✔ named polynomial arithmetic, normalization and simultaneous substitution survive runtime release (258.891166ms)
✔ explicit shared Beta moments produce correlated stored Events (218.691209ms)
✔ polynomial admission refuses malformed, missing, duplicate and unused invalid inputs (8.225708ms)
✔ late polynomial descriptions are cancelled and reclaimed before callback delivery (2.090541ms)
✔ contextual full projections remain pure syntax with exact keys and no invented classes (1.850875ms)
✔ full coverage partitions measured worlds, including zero-mass branches, through commit and reopen (536.936208ms)
✔ full singleton lookup supplies no fabricated cell and remains distinct from a field named true (124.556958ms)
✔ closed scalar rosters admit explicit full keys and native ground coverage (7.645458ms)
✔ pure Event query authoring retains types, stages, shape bounds and owned imports (8.654958ms)
✔ native Event heads preserve shared worlds through tests, descriptions, imported stages and Pack (372.66025ms)
✔ captured maps and typed relation programs execute through the public builders (158.382917ms)
✔ Event errors retain complete logical fault sets across stages, prepared queries and runtime release (92.574375ms)
✔ Event schema selections own transport bytes without loading native code (1.749791ms)
✔ Event selections enforce exact matches across incremental writes, owner release and reopen (279.373666ms)
✔ exact scalar/function transport and lazy source programs do not load the addon (2.391084ms)
✔ exact native arithmetic preserves decimal/binary intent, canonical values and failure modes (83.054959ms)
✔ finite functions merge equal cells, add signed overlaps and sum copied readouts exactly once (9.487208ms)
✔ law designation is exact and retains symbolic and zero-mass possibilities (5.253458ms)
✔ Coup source algebra preserves shared worlds, exact posteriors and signed utility through storage (218.907833ms)
✔ finite function admission checks all contexts and shapes before zero shortcuts (6.426625ms)
✔ late cancelled source observations are reclaimed without delivering a partial result (4.387708ms)
✔ Event envelopes own immutable data and pure codecs never load native work (3.450708ms)
✔ Event executor checks all truth functions, shared contexts and symbolic supports (112.208917ms)
✔ typed Event rows reopen, join, pack and bind owned parameters (119.714167ms)
✔ raw Event bridge refuses unknown operations and shared or forged byte backing (1.280458ms)
✔ Event dependencies enforce disjointness and joint coverage through ordinary keys and mirrors (97.486875ms)
✔ interrupting completed Event delivery drains the output and leaves the runtime usable (1.490459ms)
✔ parameterized Event sources retain their domains through SDK storage and joins (380.38675ms)
✔ public field codecs agree with rows for every field kind and preserve generic inference (1.977791ms)
✔ strict field decoding rejects malformed representations and host schemas reject invalid values (2.708458ms)
✔ field descriptors are owned; accessors never execute while decoding values (0.143084ms)
✔ segment kinds survive description imports and fixed-width refinement is dropped (7.559375ms)
✔ pack widens fixed intervals before imported difference and measurement stages (101.844375ms)
✔ native marginal bands derive slices, preserve equal contributions, and round once (109.211375ms)
✔ difference emits products, dense measures and fixed intervals use native meanings (126.9055ms)
✔ the large-schema fixture constructs and both tiers agree at scale (0.432ms)
▶ the three class laws
  ✔ generators name their classes; a 3-hop chain lands the whole chain in the generator's class; bare stays bare (2.409917ms)
  ✔ a generator-less class is named by its least member in relation-declaration × field-declaration order (0.280042ms)
  ✔ a ψ-selected closed face pairs exactly like the bare face — the selection changes classes not at all (0.897667ms)
  ✔ the selected-mirrors shape (Calendar): the mirrors law types the source column with the target's class (0.274792ms)
✔ the three class laws (4.430333ms)
▶ the generator authority after the fresh deletion — closed ids are the ONLY generators
  ✔ unifying two ordinary id columns is LAWFUL now — no mint, no wall; least member names the class (0.246417ms)
  ✔ mirrors and capacity pairings over ordinary ids are lawful classes too (0.482292ms)
  ✔ a closed relation's id stays a generator — a bare column never pairs it (the roster wall, at construction) (3.319584ms)
  ✔ a transitive chain over ordinary ids is one lawful class, not a wall (0.2335ms)
✔ the generator authority after the fresh deletion — closed ids are the ONLY generators (4.451ms)
▶ the runtime/type agreement and the wire
  ✔ the runtime class map and the type-level class map are the same map (0.509875ms)
  ✔ the manifest golden: statements in == statements out — nothing synthesized, order preserved, count equal (0.584375ms)
  ✔ the wire: spec newtype = class name for classed slots, omitted for bare (fingerprint-neutral by the engine's drop) (0.869375ms)
  ✔ integer-index names are refused at construction — the declaration-order law's enumeration hazard (0.104667ms)
  ✔ dotted names are refused at construction — the coordinate encoding stays injective at both tiers (0.137542ms)
  ✔ a plain __proto__ declaration entry is refused — the Annex B setter would silently drop the key (0.174291ms)
✔ the runtime/type agreement and the wire (2.54575ms)
✔ interrupt after directory acquire and before db output adoption drains both owners (D18) (112.588542ms)
✔ retained JS tokens cannot prevent native drain; repeated close joins (D18) (106.312417ms)
✔ abort after publication drains without take; retained wrappers cannot pin output (D18) (92.210125ms)
✔ draft interruption spends the draft and joins drain (8.412083ms)
▶ pure schema import
  ✔ constructs metadata with the platform addon unresolvable (262.672042ms)
✔ pure schema import (263.183916ms)
✔ generated descriptions execute, prepare, compose and infer their checked result (126.832ms)
✔ descriptions preserve joins, negation, aggregates, computations and interiors (4.015292ms)
✔ descriptions preserve recursion and interval/closed-reference domains (112.571459ms)
✔ description checking refuses malformed grammar, wrong result claims, unbound vars and foreign field tags (1.1915ms)
✔ flat projection keeps only row count and owned cells, without obsolete quota accounting (1.275917ms)
✔ flat projection closes the source iterator when a row is invalid (0.256917ms)
✔ snapshot bindings preserve owned Event field types and dependency identity (180.442791ms)
✔ snapshot bindings preserve contextual full projections and explicit closed full keys (108.66075ms)
✔ snapshot bindings preserve every field kind, exact payload values, names and field order (109.38275ms)
✔ independent bindings preserve selected mirror directions, capacities and expanded statement IDs (99.19875ms)
✔ emission refuses unrepresentable conditional roster pairing and invalid declaration names (2.97675ms)
✔ bindings derive transitive total roster membership without losing or adding laws (93.1635ms)
✔ mutually referring closed payloads use the existing field descriptors without declaration cycles (94.657209ms)
✔ snapshot bindings preserve canonical Event selection literals and schema identity (95.696ms)
✔ snapshot bindings preserve closed Event axioms and their explicit pointwise keys (99.206166ms)
▶ the Ledger example
  ✔ lowers to the SchemaSpec shape, declaration order throughout, newtype slots carrying the law-computed class names (3.4855ms)
  ✔ the composite key and pointwise containment lower positionally (0.296958ms)
  ✔ a closed payload column lowers pure structure — the newtype slots carry its law-computed classes (0.384125ms)
  ✔ lowering is deterministic across independent constructions (0.934333ms)
✔ the Ledger example (5.659667ms)
▶ renderStatement
  ✔ each statement form renders its canonical 70-api spelling (0.4145ms)
  ✔ composite positions render in written tuple order (0.127125ms)
  ✔ every legal capacity spelling renders canonically — unit strings byte-for-byte, the weighted rows beside them (1.358542ms)
  ✔ literal sets and interval literals render in macro notation (0.516458ms)
✔ renderStatement (2.596458ms)
▶ the ban table, one row at a time — literal spellings are UNWRITABLE
  ✔ the capacity mint vocabulary is exactly the roster — no sixth mint exists (0.109125ms)
  ✔ degenerate literal sets refuse — a membership array needs two DISTINCT members, and the refusal locates itself (1.074125ms)
  ✔ a duplicate field in a key() projection refuses at the mint — the engine's FieldSet duplicate, canonical voice (0.446625ms)
  ✔ a plain u64 face never pairs a closed [id] face — closedness rides the descriptor (both tiers) (0.449584ms)
  ✔ an arity-mismatched pairing is a construction error — the SameArity runtime twin (untyped path) (0.294833ms)
✔ the ban table, one row at a time — literal spellings are UNWRITABLE (2.52975ms)
▶ the ban table's construction tier — computed bounds the type cannot judge
  ✔ computed equivalent spellings lower to the canonical law; only negatives refuse (0.14125ms)
  ✔ an inverted window is unsatisfiable — bigint literals carry no type-level order (0.051291ms)
  ✔ unit floors are accepted canonical laws now — the spelling police is deleted (0.164375ms)
  ✔ the C18 dimension gate fires at the capacity() call — a unit window never takes a duration() bound (both tiers) (0.153958ms)
  ✔ a computed path weight or bound is a construction refusal naming the pinned-column idiom (0.12275ms)
  ✔ the weight and dependent-bound walls hold at construction for untyped callers (0.359083ms)
  ✔ generated capacity values use the same validation as constructors (0.296917ms)
✔ the ban table's construction tier — computed bounds the type cannot judge (1.390292ms)
▶ schema() construction boundary
  ✔ a statement over an undeclared relation is rejected with the statement rendered (0.380875ms)
  ✔ same-named relations resolve structurally, including field order (0.217375ms)
  ✔ declared id keys are ordinary statements now — the fresh-implied key is deleted (E-NO-RESERVE) (0.338667ms)
  ✔ duplicate statements are rejected via their canonical rendering (0.381917ms)
  ✔ a record key must equal its relation's declared name (0.292334ms)
  ✔ the paste-back law: a handle selection needs its resolving containment declared (0.362292ms)
  ✔ generated statements are checked semantically without an admission token (1.843708ms)
✔ schema() construction boundary (3.926583ms)
▶ ψ statements over closed relations — closed().where() as a face source
  ✔ a ψ-selected closed face renders canonically and schema() admits both forms (0.331292ms)
  ✔ ψ lowers PASS-THROUGH — the selection rides the SideSpec, never pre-folded into ids (0.249333ms)
  ✔ the closed where() speaks the ordinary selection vocabulary — literal sets and written order (0.317875ms)
  ✔ the empty ψ is the bare closed relation respelled and rejected (canonical utterance) (0.205708ms)
  ✔ the compile walls carry runtime twins through the one selection machine (0.264792ms)
  ✔ a handle named `where` is ordinary roster data — NO name is reserved, both tiers (0.123459ms)
✔ ψ statements over closed relations — closed().where() as a face source (1.583125ms)
✔ facts, selections, host cells, and JSON codecs share the complete native value domain (4.9115ms)
✔ unknown, inherited, absent, symbolic, and nested fields are never silently dropped (1.470958ms)
✔ query parameters use the same interpreter and exact supplied parameter fields (3.683ms)
✔ authored queries own mutable binding and comparison literals (4.857792ms)
✔ query bindings and result records reject getters and explicit undefined fields (0.451084ms)
✔ host admission matches the real native codec; rejected facts do not enter a database (92.726708ms)
✔ native names and query parameters reject lossy Unicode conversion (46.629917ms)
✔ prototype-sensitive field and result names are ordinary owned data (28.95525ms)
ℹ tests 159
ℹ suites 11
ℹ pass 159
ℹ fail 0
ℹ cancelled 0
ℹ skipped 0
ℹ todo 0
ℹ duration_ms 2201.720792
SDK integration passed against isolated @bjornpagen/bumbledb-darwin-arm64; version unchanged at 1.3.1
{"node":"v26.4.0","platform":"@bjornpagen/bumbledb-darwin-arm64","tests":["event","event-query","event-descriptor","event-source","event-polynomial","event-dynamics","event-projections","event-selections","event-closed","statements","declared-key","law-typing","law-scale","schema-bindings","pure-import","field-codec","query-description","comparison-pairing","alternatives","rows","boundary-codec","value-conformance","interval-outputs","effect-core","ownership-interrupt"],"addon_sha256":"a676d5a4edacdc0207a9d600eded7db96df88fd2b31983640fcc7cb7d7627939"}
