
running 1 test
test event_repr_lab::experiment ... EVENT_LAB {"kind":"signature_free_join","candidate":"dense-dispatched","scenario":"coup_4290","shape":"triangle","classifier":"direct","predicate":"included","memo":false,"rows":1024,"accepted":43,"histogram":[0, 0, 0, 12, 0, 12, 0, 12, 0, 0, 12, 19, 16, 20, 16, 905],"input_nodes":37,"final_nodes":37,"input_bytes_est":23620,"final_bytes_est":23620,"input_storage":null,"final_storage":null,"signature_cache_bytes_est":0,"signature_cache_entries":0,"native_setup_s":[0.000218125, 0.000152167, 0.00015475],"join_only_s":[0.000107167, 8.225e-5, 8.7042e-5],"fresh_s":[9.4042e-5, 8.1667e-5, 9.1291e-5],"warm_s":[8.02447890625e-5, 8.4809890625e-5, 8.203125e-5],"warm_loops":128,"verified":true}
EVENT_LAB {"kind":"signature_free_join","candidate":"dense-dispatched","scenario":"coup_4290","shape":"triangle","classifier":"direct","predicate":"included","memo":true,"rows":1024,"accepted":43,"histogram":[0, 0, 0, 12, 0, 12, 0, 12, 0, 0, 12, 19, 16, 20, 16, 905],"input_nodes":37,"final_nodes":37,"input_bytes_est":23620,"final_bytes_est":23620,"input_storage":null,"final_storage":null,"signature_cache_bytes_est":22400,"signature_cache_entries":524,"native_setup_s":[0.000172, 0.000149417, 0.000170625],"join_only_s":[8.5875e-5, 8.3167e-5, 7.9375e-5],"fresh_s":[9.6833e-5, 8.8417e-5, 8.6542e-5],"warm_s":[6.018033984375e-5, 5.9764484375e-5, 6.151806640625e-5],"warm_loops":256,"verified":true}
EVENT_LAB {"kind":"signature_free_join","candidate":"dense-dispatched","scenario":"coup_4290","shape":"triangle","classifier":"direct","predicate":"disjoint","memo":false,"rows":1024,"accepted":36,"histogram":[0, 0, 0, 12, 0, 12, 0, 12, 0, 0, 12, 19, 16, 20, 16, 905],"input_nodes":37,"final_nodes":37,"input_bytes_est":23620,"final_bytes_est":23620,"input_storage":null,"final_storage":null,"signature_cache_bytes_est":0,"signature_cache_entries":0,"native_setup_s":[0.000135292, 0.000123458, 0.000123625],"join_only_s":[7.3e-5, 7.3208e-5, 7.7959e-5],"fresh_s":[8.1958e-5, 8.1209e-5, 8.2166e-5],"warm_s":[8.30667265625e-5, 8.5329421875e-5, 8.20520859375e-5],"warm_loops":128,"verified":true}
EVENT_LAB {"kind":"signature_free_join","candidate":"dense-dispatched","scenario":"coup_4290","shape":"triangle","classifier":"direct","predicate":"disjoint","memo":true,"rows":1024,"accepted":36,"histogram":[0, 0, 0, 12, 0, 12, 0, 12, 0, 0, 12, 19, 16, 20, 16, 905],"input_nodes":37,"final_nodes":37,"input_bytes_est":23620,"final_bytes_est":23620,"input_storage":null,"final_storage":null,"signature_cache_bytes_est":22400,"signature_cache_entries":524,"native_setup_s":[0.000128459, 0.000186167, 0.000125208],"join_only_s":[7.6041e-5, 8.525e-5, 7.2917e-5],"fresh_s":[8.6625e-5, 9.2583e-5, 8.6625e-5],"warm_s":[5.939811328125e-5, 5.976594921875e-5, 6.048095703125e-5],"warm_loops":256,"verified":true}
EVENT_LAB {"kind":"signature_free_join","candidate":"dense-dispatched","scenario":"coup_4290","shape":"triangle","classifier":"direct","predicate":"overlap","memo":false,"rows":1024,"accepted":988,"histogram":[0, 0, 0, 12, 0, 12, 0, 12, 0, 0, 12, 19, 16, 20, 16, 905],"input_nodes":37,"final_nodes":37,"input_bytes_est":23620,"final_bytes_est":23620,"input_storage":null,"final_storage":null,"signature_cache_bytes_est":0,"signature_cache_entries":0,"native_setup_s":[0.000139916, 0.000150375, 0.000118708],"join_only_s":[7.7375e-5, 7.4125e-5, 7e-5],"fresh_s":[8.3333e-5, 8.6792e-5, 8.1333e-5],"warm_s":[8.44127578125e-5, 8.22451171875e-5, 8.2891921875e-5],"warm_loops":128,"verified":true}
EVENT_LAB {"kind":"signature_free_join","candidate":"dense-dispatched","scenario":"coup_4290","shape":"triangle","classifier":"direct","predicate":"overlap","memo":true,"rows":1024,"accepted":988,"histogram":[0, 0, 0, 12, 0, 12, 0, 12, 0, 0, 12, 19, 16, 20, 16, 905],"input_nodes":37,"final_nodes":37,"input_bytes_est":23620,"final_bytes_est":23620,"input_storage":null,"final_storage":null,"signature_cache_bytes_est":22400,"signature_cache_entries":524,"native_setup_s":[0.000186708, 0.000120208, 0.000146875],"join_only_s":[0.000102, 7.1958e-5, 7.9084e-5],"fresh_s":[9.4208e-5, 8.7167e-5, 9.1375e-5],"warm_s":[6.065218359375e-5, 6.216243359375e-5, 6.190576171875e-5],"warm_loops":256,"verified":true}
EVENT_LAB {"kind":"signature_free_join","candidate":"dense-dispatched","scenario":"coup_4290","shape":"clover","classifier":"direct","predicate":"included","memo":false,"rows":4096,"accepted":196,"histogram":[0, 0, 0, 48, 0, 48, 0, 8, 0, 0, 48, 100, 64, 232, 36, 3512],"input_nodes":37,"final_nodes":37,"input_bytes_est":23620,"final_bytes_est":23620,"input_storage":null,"final_storage":null,"signature_cache_bytes_est":0,"signature_cache_entries":0,"native_setup_s":[0.000132541, 0.000145708, 0.000133291],"join_only_s":[0.000112417, 9.1666e-5, 8.9917e-5],"fresh_s":[0.0002105, 0.000193042, 0.000190417],"warm_s":[0.00020122396875, 0.00019452734375, 0.000197552078125],"warm_loops":64,"verified":true}
EVENT_LAB {"kind":"signature_free_join","candidate":"dense-dispatched","scenario":"coup_4290","shape":"clover","classifier":"direct","predicate":"included","memo":true,"rows":4096,"accepted":196,"histogram":[0, 0, 0, 48, 0, 48, 0, 8, 0, 0, 48, 100, 64, 232, 36, 3512],"input_nodes":37,"final_nodes":37,"input_bytes_est":23620,"final_bytes_est":23620,"input_storage":null,"final_storage":null,"signature_cache_bytes_est":11200,"signature_cache_entries":321,"native_setup_s":[0.000100583, 0.000134125, 0.000131416],"join_only_s":[8.3542e-5, 9.8458e-5, 9.6042e-5],"fresh_s":[0.000128666, 0.0001305, 0.000132958],"warm_s":[0.0001143307265625, 0.000113519203125, 0.0001131676484375],"warm_loops":128,"verified":true}
EVENT_LAB {"kind":"signature_free_join","candidate":"dense-dispatched","scenario":"coup_4290","shape":"clover","classifier":"direct","predicate":"disjoint","memo":false,"rows":4096,"accepted":104,"histogram":[0, 0, 0, 48, 0, 48, 0, 8, 0, 0, 48, 100, 64, 232, 36, 3512],"input_nodes":37,"final_nodes":37,"input_bytes_est":23620,"final_bytes_est":23620,"input_storage":null,"final_storage":null,"signature_cache_bytes_est":0,"signature_cache_entries":0,"native_setup_s":[0.000144042, 0.000137375, 0.000106458],"join_only_s":[9.3792e-5, 9.9709e-5, 8.5792e-5],"fresh_s":[0.000196417, 0.000197, 0.000190083],"warm_s":[0.000195455734375, 0.000195929046875, 0.000194373046875],"warm_loops":64,"verified":true}
EVENT_LAB {"kind":"signature_free_join","candidate":"dense-dispatched","scenario":"coup_4290","shape":"clover","classifier":"direct","predicate":"disjoint","memo":true,"rows":4096,"accepted":104,"histogram":[0, 0, 0, 48, 0, 48, 0, 8, 0, 0, 48, 100, 64, 232, 36, 3512],"input_nodes":37,"final_nodes":37,"input_bytes_est":23620,"final_bytes_est":23620,"input_storage":null,"final_storage":null,"signature_cache_bytes_est":11200,"signature_cache_entries":321,"native_setup_s":[0.000105, 0.000113375, 0.00017575],"join_only_s":[8.525e-5, 8.7334e-5, 9.3542e-5],"fresh_s":[0.000126667, 0.000125166, 0.00013925],"warm_s":[0.0001087457734375, 0.0001103375703125, 0.0001106829453125],"warm_loops":128,"verified":true}
EVENT_LAB {"kind":"signature_free_join","candidate":"dense-dispatched","scenario":"coup_4290","shape":"clover","classifier":"direct","predicate":"overlap","memo":false,"rows":4096,"accepted":3992,"histogram":[0, 0, 0, 48, 0, 48, 0, 8, 0, 0, 48, 100, 64, 232, 36, 3512],"input_nodes":37,"final_nodes":37,"input_bytes_est":23620,"final_bytes_est":23620,"input_storage":null,"final_storage":null,"signature_cache_bytes_est":0,"signature_cache_entries":0,"native_setup_s":[0.000103167, 0.00013375, 0.000121875],"join_only_s":[8.475e-5, 9.4875e-5, 8.8416e-5],"fresh_s":[0.000193083, 0.000199875, 0.000190166],"warm_s":[0.00019721028125, 0.000204546875, 0.00019720246875],"warm_loops":64,"verified":true}
EVENT_LAB {"kind":"signature_free_join","candidate":"dense-dispatched","scenario":"coup_4290","shape":"clover","classifier":"direct","predicate":"overlap","memo":true,"rows":4096,"accepted":3992,"histogram":[0, 0, 0, 48, 0, 48, 0, 8, 0, 0, 48, 100, 64, 232, 36, 3512],"input_nodes":37,"final_nodes":37,"input_bytes_est":23620,"final_bytes_est":23620,"input_storage":null,"final_storage":null,"signature_cache_bytes_est":11200,"signature_cache_entries":321,"native_setup_s":[0.000134583, 0.000166041, 0.000126958],"join_only_s":[8.9708e-5, 9.1083e-5, 9.1083e-5],"fresh_s":[0.000125833, 0.000129459, 0.000131208],"warm_s":[0.0001128639296875, 0.00011032259375, 0.0001108489609375],"warm_loops":128,"verified":true}
ok

test result: ok. 1 passed; 0 failed; 0 ignored; 0 measured; 1368 filtered out; finished in 1.50s


        1.50 real         1.47 user         0.02 sys
             6881280  maximum resident set size
                   0  average shared memory size
                   0  average unshared data size
                   0  average unshared stack size
                 633  page reclaims
                   0  page faults
                   0  swaps
                   0  block input operations
                   0  block output operations
                   0  messages sent
                   0  messages received
                   0  signals received
                   0  voluntary context switches
                 936  involuntary context switches
         28537327985  instructions retired
          4994341402  cycles elapsed
             4227456  peak memory footprint
