
running 1 test
test event_repr_lab::experiment ... EVENT_LAB {"kind":"signature_free_join","candidate":"dense-dispatched","scenario":"coup_product_65536","shape":"triangle","classifier":"direct","predicate":"included","memo":false,"rows":1024,"accepted":43,"histogram":[0, 0, 0, 12, 0, 12, 0, 12, 0, 0, 12, 19, 16, 20, 16, 905],"input_nodes":37,"final_nodes":37,"input_bytes_est":321892,"final_bytes_est":321892,"input_storage":null,"final_storage":null,"signature_cache_bytes_est":0,"signature_cache_entries":0,"native_setup_s":[0.000222792, 0.000157917, 0.000137625],"join_only_s":[0.000108875, 9.9167e-5, 7.2875e-5],"fresh_s":[0.000652792, 0.000633708, 0.000626208],"warm_s":[0.000657572875, 0.0006448385625, 0.0006466745],"warm_loops":16,"verified":true}
EVENT_LAB {"kind":"signature_free_join","candidate":"dense-dispatched","scenario":"coup_product_65536","shape":"triangle","classifier":"direct","predicate":"included","memo":true,"rows":1024,"accepted":43,"histogram":[0, 0, 0, 12, 0, 12, 0, 12, 0, 0, 12, 19, 16, 20, 16, 905],"input_nodes":37,"final_nodes":37,"input_bytes_est":321892,"final_bytes_est":321892,"input_storage":null,"final_storage":null,"signature_cache_bytes_est":22400,"signature_cache_entries":524,"native_setup_s":[0.000141583, 0.000147958, 0.000138667],"join_only_s":[8.0709e-5, 8.0166e-5, 7.7833e-5],"fresh_s":[0.000394292, 0.000388541, 0.000386625],"warm_s":[6.00078125e-5, 5.989387890625e-5, 5.967919921875e-5],"warm_loops":256,"verified":true}
EVENT_LAB {"kind":"signature_free_join","candidate":"dense-dispatched","scenario":"coup_product_65536","shape":"triangle","classifier":"direct","predicate":"disjoint","memo":false,"rows":1024,"accepted":36,"histogram":[0, 0, 0, 12, 0, 12, 0, 12, 0, 0, 12, 19, 16, 20, 16, 905],"input_nodes":37,"final_nodes":37,"input_bytes_est":321892,"final_bytes_est":321892,"input_storage":null,"final_storage":null,"signature_cache_bytes_est":0,"signature_cache_entries":0,"native_setup_s":[0.000131417, 0.000138167, 0.00012475],"join_only_s":[7.4875e-5, 7.5375e-5, 7.3416e-5],"fresh_s":[0.000627792, 0.000640542, 0.00063325],"warm_s":[0.0006493828125, 0.0006463931875, 0.000626609375],"warm_loops":16,"verified":true}
EVENT_LAB {"kind":"signature_free_join","candidate":"dense-dispatched","scenario":"coup_product_65536","shape":"triangle","classifier":"direct","predicate":"disjoint","memo":true,"rows":1024,"accepted":36,"histogram":[0, 0, 0, 12, 0, 12, 0, 12, 0, 0, 12, 19, 16, 20, 16, 905],"input_nodes":37,"final_nodes":37,"input_bytes_est":321892,"final_bytes_est":321892,"input_storage":null,"final_storage":null,"signature_cache_bytes_est":22400,"signature_cache_entries":524,"native_setup_s":[0.000117041, 0.000121375, 0.000181583],"join_only_s":[7.0791e-5, 7.0875e-5, 0.000121792],"fresh_s":[0.00037225, 0.000379708, 0.0004475],"warm_s":[5.974755859375e-5, 5.907763671875e-5, 5.938704296875e-5],"warm_loops":256,"verified":true}
EVENT_LAB {"kind":"signature_free_join","candidate":"dense-dispatched","scenario":"coup_product_65536","shape":"triangle","classifier":"direct","predicate":"overlap","memo":false,"rows":1024,"accepted":988,"histogram":[0, 0, 0, 12, 0, 12, 0, 12, 0, 0, 12, 19, 16, 20, 16, 905],"input_nodes":37,"final_nodes":37,"input_bytes_est":321892,"final_bytes_est":321892,"input_storage":null,"final_storage":null,"signature_cache_bytes_est":0,"signature_cache_entries":0,"native_setup_s":[0.000148791, 0.000147416, 0.0001295],"join_only_s":[8.0333e-5, 7.8375e-5, 7.2375e-5],"fresh_s":[0.000641833, 0.0006335, 0.000642875],"warm_s":[0.0006577056875, 0.0006486171875, 0.000637690125],"warm_loops":16,"verified":true}
EVENT_LAB {"kind":"signature_free_join","candidate":"dense-dispatched","scenario":"coup_product_65536","shape":"triangle","classifier":"direct","predicate":"overlap","memo":true,"rows":1024,"accepted":988,"histogram":[0, 0, 0, 12, 0, 12, 0, 12, 0, 0, 12, 19, 16, 20, 16, 905],"input_nodes":37,"final_nodes":37,"input_bytes_est":321892,"final_bytes_est":321892,"input_storage":null,"final_storage":null,"signature_cache_bytes_est":22400,"signature_cache_entries":524,"native_setup_s":[0.000139583, 0.000126375, 0.000129625],"join_only_s":[7.5834e-5, 7.1791e-5, 7.8541e-5],"fresh_s":[0.000376958, 0.000368958, 0.000405208],"warm_s":[6.03720703125e-5, 5.855696875e-5, 6.059130859375e-5],"warm_loops":256,"verified":true}
EVENT_LAB {"kind":"signature_free_join","candidate":"dense-dispatched","scenario":"coup_product_65536","shape":"clover","classifier":"direct","predicate":"included","memo":false,"rows":4096,"accepted":196,"histogram":[0, 0, 0, 48, 0, 48, 0, 8, 0, 0, 48, 100, 64, 232, 36, 3512],"input_nodes":37,"final_nodes":37,"input_bytes_est":321892,"final_bytes_est":321892,"input_storage":null,"final_storage":null,"signature_cache_bytes_est":0,"signature_cache_entries":0,"native_setup_s":[0.000122542, 0.000122084, 0.000123083],"join_only_s":[0.00010975, 9.0625e-5, 8.8167e-5],"fresh_s":[0.002497375, 0.00245575, 0.002426125],"warm_s":[0.002536375, 0.002492572875, 0.00248713525],"warm_loops":4,"verified":true}
EVENT_LAB {"kind":"signature_free_join","candidate":"dense-dispatched","scenario":"coup_product_65536","shape":"clover","classifier":"direct","predicate":"included","memo":true,"rows":4096,"accepted":196,"histogram":[0, 0, 0, 48, 0, 48, 0, 8, 0, 0, 48, 100, 64, 232, 36, 3512],"input_nodes":37,"final_nodes":37,"input_bytes_est":321892,"final_bytes_est":321892,"input_storage":null,"final_storage":null,"signature_cache_bytes_est":11200,"signature_cache_entries":321,"native_setup_s":[0.000131041, 0.000117333, 0.000105375],"join_only_s":[0.000100417, 8.95e-5, 8.5541e-5],"fresh_s":[0.00033125, 0.000308541, 0.000309958],"warm_s":[0.00010947265625, 0.00010771159375, 0.0001089407578125],"warm_loops":128,"verified":true}
EVENT_LAB {"kind":"signature_free_join","candidate":"dense-dispatched","scenario":"coup_product_65536","shape":"clover","classifier":"direct","predicate":"disjoint","memo":false,"rows":4096,"accepted":104,"histogram":[0, 0, 0, 48, 0, 48, 0, 8, 0, 0, 48, 100, 64, 232, 36, 3512],"input_nodes":37,"final_nodes":37,"input_bytes_est":321892,"final_bytes_est":321892,"input_storage":null,"final_storage":null,"signature_cache_bytes_est":0,"signature_cache_entries":0,"native_setup_s":[0.00016, 0.000145125, 0.000135416],"join_only_s":[0.000107625, 9.7125e-5, 9.5458e-5],"fresh_s":[0.002588416, 0.002517334, 0.0025285],"warm_s":[0.0025705105, 0.00250417725, 0.002520197875],"warm_loops":8,"verified":true}
EVENT_LAB {"kind":"signature_free_join","candidate":"dense-dispatched","scenario":"coup_product_65536","shape":"clover","classifier":"direct","predicate":"disjoint","memo":true,"rows":4096,"accepted":104,"histogram":[0, 0, 0, 48, 0, 48, 0, 8, 0, 0, 48, 100, 64, 232, 36, 3512],"input_nodes":37,"final_nodes":37,"input_bytes_est":321892,"final_bytes_est":321892,"input_storage":null,"final_storage":null,"signature_cache_bytes_est":11200,"signature_cache_entries":321,"native_setup_s":[0.000156167, 0.000125458, 0.000119],"join_only_s":[9.7583e-5, 9.0375e-5, 9.0166e-5],"fresh_s":[0.000339333, 0.00032725, 0.00032],"warm_s":[0.0001095999375, 0.0001092223359375, 0.000110370765625],"warm_loops":128,"verified":true}
EVENT_LAB {"kind":"signature_free_join","candidate":"dense-dispatched","scenario":"coup_product_65536","shape":"clover","classifier":"direct","predicate":"overlap","memo":false,"rows":4096,"accepted":3992,"histogram":[0, 0, 0, 48, 0, 48, 0, 8, 0, 0, 48, 100, 64, 232, 36, 3512],"input_nodes":37,"final_nodes":37,"input_bytes_est":321892,"final_bytes_est":321892,"input_storage":null,"final_storage":null,"signature_cache_bytes_est":0,"signature_cache_entries":0,"native_setup_s":[0.000136083, 0.000122375, 0.0001165],"join_only_s":[9.5458e-5, 0.000106584, 8.9333e-5],"fresh_s":[0.00260675, 0.00252975, 0.002515],"warm_s":[0.0025352135, 0.002524328125, 0.0025575],"warm_loops":4,"verified":true}
EVENT_LAB {"kind":"signature_free_join","candidate":"dense-dispatched","scenario":"coup_product_65536","shape":"clover","classifier":"direct","predicate":"overlap","memo":true,"rows":4096,"accepted":3992,"histogram":[0, 0, 0, 48, 0, 48, 0, 8, 0, 0, 48, 100, 64, 232, 36, 3512],"input_nodes":37,"final_nodes":37,"input_bytes_est":321892,"final_bytes_est":321892,"input_storage":null,"final_storage":null,"signature_cache_bytes_est":11200,"signature_cache_entries":321,"native_setup_s":[0.0001185, 0.000102708, 0.000119334],"join_only_s":[8.5208e-5, 9.3792e-5, 8.9584e-5],"fresh_s":[0.000308167, 0.000303834, 0.000304041],"warm_s":[0.0001102724609375, 0.000109574546875, 0.000110933265625],"warm_loops":128,"verified":true}
ok

test result: ok. 1 passed; 0 failed; 0 ignored; 0 measured; 1368 filtered out; finished in 1.55s


        1.55 real         1.52 user         0.02 sys
             8093696  maximum resident set size
                   0  average shared memory size
                   0  average unshared data size
                   0  average unshared stack size
                 708  page reclaims
                   0  page faults
                   0  swaps
                   0  block input operations
                   0  block output operations
                   0  messages sent
                   0  messages received
                   0  signals received
                   0  voluntary context switches
                 711  involuntary context switches
         29460649141  instructions retired
          5192916866  cycles elapsed
             5439872  peak memory footprint
