
running 1 test
test event_repr_lab::experiment ... EVENT_LAB {"kind":"signature_free_join","candidate":"packed512","scenario":"coup_4290","shape":"triangle","classifier":"direct","predicate":"included","memo":false,"rows":1024,"accepted":43,"histogram":[0, 0, 0, 12, 0, 12, 0, 12, 0, 0, 12, 19, 16, 20, 16, 905],"input_nodes":719,"final_nodes":719,"input_bytes_est":86008,"final_bytes_est":86008,"input_storage":null,"final_storage":null,"signature_cache_bytes_est":0,"signature_cache_entries":0,"native_setup_s":[0.000284584, 0.000170583, 0.000173917],"join_only_s":[0.000111041, 8.925e-5, 8.2875e-5],"fresh_s":[0.000432333, 0.000270708, 0.000278958],"warm_s":[0.000283736328125, 0.000291721359375, 0.000278904953125],"warm_loops":64,"verified":true}
EVENT_LAB {"kind":"signature_free_join","candidate":"packed512","scenario":"coup_4290","shape":"triangle","classifier":"direct","predicate":"included","memo":true,"rows":1024,"accepted":43,"histogram":[0, 0, 0, 12, 0, 12, 0, 12, 0, 0, 12, 19, 16, 20, 16, 905],"input_nodes":719,"final_nodes":719,"input_bytes_est":86008,"final_bytes_est":86008,"input_storage":null,"final_storage":null,"signature_cache_bytes_est":22400,"signature_cache_entries":524,"native_setup_s":[0.000158666, 0.000155875, 0.000166208],"join_only_s":[7.9625e-5, 8.1875e-5, 8.8125e-5],"fresh_s":[0.000192542, 0.000206625, 0.000200417],"warm_s":[6.194498828125e-5, 6.064192578125e-5, 6.181721875e-5],"warm_loops":256,"verified":true}
EVENT_LAB {"kind":"signature_free_join","candidate":"packed512","scenario":"coup_4290","shape":"triangle","classifier":"direct","predicate":"disjoint","memo":false,"rows":1024,"accepted":36,"histogram":[0, 0, 0, 12, 0, 12, 0, 12, 0, 0, 12, 19, 16, 20, 16, 905],"input_nodes":719,"final_nodes":719,"input_bytes_est":86008,"final_bytes_est":86008,"input_storage":null,"final_storage":null,"signature_cache_bytes_est":0,"signature_cache_entries":0,"native_setup_s":[0.000166833, 0.000153625, 0.000165833],"join_only_s":[8.8041e-5, 8.4625e-5, 8.475e-5],"fresh_s":[0.000297541, 0.000274167, 0.00027775],"warm_s":[0.0002906640625, 0.00031285546875, 0.000288681640625],"warm_loops":64,"verified":true}
EVENT_LAB {"kind":"signature_free_join","candidate":"packed512","scenario":"coup_4290","shape":"triangle","classifier":"direct","predicate":"disjoint","memo":true,"rows":1024,"accepted":36,"histogram":[0, 0, 0, 12, 0, 12, 0, 12, 0, 0, 12, 19, 16, 20, 16, 905],"input_nodes":719,"final_nodes":719,"input_bytes_est":86008,"final_bytes_est":86008,"input_storage":null,"final_storage":null,"signature_cache_bytes_est":22400,"signature_cache_entries":524,"native_setup_s":[0.000151417, 0.00015125, 0.000150875],"join_only_s":[7.9833e-5, 8.15e-5, 9.725e-5],"fresh_s":[0.000204792, 0.000199291, 0.00022125],"warm_s":[6.015592578125e-5, 5.93779296875e-5, 5.996435546875e-5],"warm_loops":256,"verified":true}
EVENT_LAB {"kind":"signature_free_join","candidate":"packed512","scenario":"coup_4290","shape":"triangle","classifier":"direct","predicate":"overlap","memo":false,"rows":1024,"accepted":988,"histogram":[0, 0, 0, 12, 0, 12, 0, 12, 0, 0, 12, 19, 16, 20, 16, 905],"input_nodes":719,"final_nodes":719,"input_bytes_est":86008,"final_bytes_est":86008,"input_storage":null,"final_storage":null,"signature_cache_bytes_est":0,"signature_cache_entries":0,"native_setup_s":[0.000147333, 0.000140542, 0.000136042],"join_only_s":[7.75e-5, 7.7e-5, 7.6334e-5],"fresh_s":[0.000288708, 0.00027725, 0.000276625],"warm_s":[0.000279964203125, 0.000286035796875, 0.0002916829375],"warm_loops":64,"verified":true}
EVENT_LAB {"kind":"signature_free_join","candidate":"packed512","scenario":"coup_4290","shape":"triangle","classifier":"direct","predicate":"overlap","memo":true,"rows":1024,"accepted":988,"histogram":[0, 0, 0, 12, 0, 12, 0, 12, 0, 0, 12, 19, 16, 20, 16, 905],"input_nodes":719,"final_nodes":719,"input_bytes_est":86008,"final_bytes_est":86008,"input_storage":null,"final_storage":null,"signature_cache_bytes_est":22400,"signature_cache_entries":524,"native_setup_s":[0.000144042, 0.000157792, 0.000206833],"join_only_s":[7.7292e-5, 8.0167e-5, 0.000104625],"fresh_s":[0.000194459, 0.000205583, 0.000228958],"warm_s":[6.07804375e-5, 5.9392578125e-5, 6.124609375e-5],"warm_loops":256,"verified":true}
EVENT_LAB {"kind":"signature_free_join","candidate":"packed512","scenario":"coup_4290","shape":"clover","classifier":"direct","predicate":"included","memo":false,"rows":4096,"accepted":196,"histogram":[0, 0, 0, 48, 0, 48, 0, 8, 0, 0, 48, 100, 64, 232, 36, 3512],"input_nodes":719,"final_nodes":719,"input_bytes_est":86008,"final_bytes_est":86008,"input_storage":null,"final_storage":null,"signature_cache_bytes_est":0,"signature_cache_entries":0,"native_setup_s":[0.000141875, 0.000161792, 0.000138125],"join_only_s":[9.875e-5, 9.6375e-5, 9.5625e-5],"fresh_s":[0.001016125, 0.001042292, 0.001020833],"warm_s":[0.001121234375, 0.0011032448125, 0.0010058255],"warm_loops":16,"verified":true}
EVENT_LAB {"kind":"signature_free_join","candidate":"packed512","scenario":"coup_4290","shape":"clover","classifier":"direct","predicate":"included","memo":true,"rows":4096,"accepted":196,"histogram":[0, 0, 0, 48, 0, 48, 0, 8, 0, 0, 48, 100, 64, 232, 36, 3512],"input_nodes":719,"final_nodes":719,"input_bytes_est":86008,"final_bytes_est":86008,"input_storage":null,"final_storage":null,"signature_cache_bytes_est":11200,"signature_cache_entries":321,"native_setup_s":[0.000125208, 0.000127458, 0.000117709],"join_only_s":[9.0375e-5, 9.3291e-5, 8.7792e-5],"fresh_s":[0.000199666, 0.00020175, 0.000196334],"warm_s":[0.0001111031875, 0.000108358078125, 0.0001092454375],"warm_loops":128,"verified":true}
EVENT_LAB {"kind":"signature_free_join","candidate":"packed512","scenario":"coup_4290","shape":"clover","classifier":"direct","predicate":"disjoint","memo":false,"rows":4096,"accepted":104,"histogram":[0, 0, 0, 48, 0, 48, 0, 8, 0, 0, 48, 100, 64, 232, 36, 3512],"input_nodes":719,"final_nodes":719,"input_bytes_est":86008,"final_bytes_est":86008,"input_storage":null,"final_storage":null,"signature_cache_bytes_est":0,"signature_cache_entries":0,"native_setup_s":[0.000160833, 0.000131083, 0.00013225],"join_only_s":[0.000127041, 0.000100667, 9.5e-5],"fresh_s":[0.001024209, 0.001026584, 0.001009167],"warm_s":[0.0010314244375, 0.0011047578125, 0.001629862],"warm_loops":16,"verified":true}
EVENT_LAB {"kind":"signature_free_join","candidate":"packed512","scenario":"coup_4290","shape":"clover","classifier":"direct","predicate":"disjoint","memo":true,"rows":4096,"accepted":104,"histogram":[0, 0, 0, 48, 0, 48, 0, 8, 0, 0, 48, 100, 64, 232, 36, 3512],"input_nodes":719,"final_nodes":719,"input_bytes_est":86008,"final_bytes_est":86008,"input_storage":null,"final_storage":null,"signature_cache_bytes_est":11200,"signature_cache_entries":321,"native_setup_s":[0.000161167, 0.000156666, 0.000126042],"join_only_s":[0.000173083, 0.00010175, 9.6084e-5],"fresh_s":[0.000460083, 0.0002405, 0.000200959],"warm_s":[0.000109411453125, 0.0001102734375, 0.0001081650390625],"warm_loops":128,"verified":true}
EVENT_LAB {"kind":"signature_free_join","candidate":"packed512","scenario":"coup_4290","shape":"clover","classifier":"direct","predicate":"overlap","memo":false,"rows":4096,"accepted":3992,"histogram":[0, 0, 0, 48, 0, 48, 0, 8, 0, 0, 48, 100, 64, 232, 36, 3512],"input_nodes":719,"final_nodes":719,"input_bytes_est":86008,"final_bytes_est":86008,"input_storage":null,"final_storage":null,"signature_cache_bytes_est":0,"signature_cache_entries":0,"native_setup_s":[0.00013275, 0.00013975, 0.0001605],"join_only_s":[9.775e-5, 9.725e-5, 0.000104667],"fresh_s":[0.000984542, 0.001007542, 0.00102975],"warm_s":[0.0010623489375, 0.001020158875, 0.00100734375],"warm_loops":16,"verified":true}
EVENT_LAB {"kind":"signature_free_join","candidate":"packed512","scenario":"coup_4290","shape":"clover","classifier":"direct","predicate":"overlap","memo":true,"rows":4096,"accepted":3992,"histogram":[0, 0, 0, 48, 0, 48, 0, 8, 0, 0, 48, 100, 64, 232, 36, 3512],"input_nodes":719,"final_nodes":719,"input_bytes_est":86008,"final_bytes_est":86008,"input_storage":null,"final_storage":null,"signature_cache_bytes_est":11200,"signature_cache_entries":321,"native_setup_s":[0.000120291, 0.000129541, 0.000154292],"join_only_s":[8.7458e-5, 9.0292e-5, 9.9791e-5],"fresh_s":[0.000194625, 0.000215084, 0.000218292],"warm_s":[0.0001116673203125, 0.0001091487578125, 0.000110534828125],"warm_loops":128,"verified":true}
ok

test result: ok. 1 passed; 0 failed; 0 ignored; 0 measured; 1368 filtered out; finished in 1.84s


        1.84 real         1.78 user         0.03 sys
             7192576  maximum resident set size
                   0  average shared memory size
                   0  average unshared data size
                   0  average unshared stack size
                 653  page reclaims
                   0  page faults
                   0  swaps
                   0  block input operations
                   0  block output operations
                   0  messages sent
                   0  messages received
                   0  signals received
                   0  voluntary context switches
                1899  involuntary context switches
         30949272411  instructions retired
          6035733230  cycles elapsed
             4489600  peak memory footprint
