▶ admin certainty
  ✔ checkpoint completes with its report and the pre-dispatch ref (1.604584ms)
  ✔ registration refusal is not-started and E stays never (1.535083ms)
  ✔ a lost completion is outcome-unknown with the retained ref (0.365042ms)
  ✔ erase reports residual copies honestly (0.194375ms)
  ✔ verifyBackup is read-only with typed E (0.365625ms)
  ✔ interrupting admin joins cancellation and retains the caller's operationId (5.973083ms)
✔ admin certainty (10.904209ms)
✔ same-schema cross-origin caches refuse before serving or mutating anything (579.075042ms)
✔ a retained command ref resolves after reopen and receipts outlive their scope (137.0575ms)
✔ closed and foreign capabilities refuse typed without dispatching (251.205167ms)
✔ open never creates: a missing configured database is a typed refusal, not genesis (10.777584ms)
✔ a hosted binding under the local constructor refuses typed with no genesis (5.140958ms)
▶ borrow lifecycle
  ✔ two acquires of one binding are DISTINCT borrows; releasing one leaves the other live (2.645167ms)
  ✔ a stale borrow refuses with ClosedHandle and dispatches nothing (2.024166ms)
  ✔ double release is harmless and joins the native transition (1.355792ms)
  ✔ scope close releases the borrow exactly once (idempotent with explicit release) (0.345875ms)
✔ borrow lifecycle (7.071625ms)
▶ cache surface
  ✔ evicting a borrowed slot refuses instead of revoking the borrow (0.701333ms)
  ✔ same-schema cross-origin bindings acquire isolated capabilities (0.31025ms)
  ✔ cache close is the owner decision; a released cache refuses new acquires (0.21575ms)
  ✔ inspection decodes the bounded native report (0.234584ms)
✔ cache surface (1.609792ms)
✔ native command boundaries retain exact sizes and distinguish caller misuse (731.411ms)
✔ Event-selected log schemas survive command recovery, runtime release, cache, backup and restore (943.07075ms)
✔ Event selections participate in transition admission, replay, activation and abort (276.674208ms)
▶ LocalHistory.open
  ✔ open dispatches mode=open and never a create (2.071083ms)
  ✔ a missing database is a typed refusal, never an empty replacement (1.506708ms)
  ✔ create requires the creation artifact and dispatches mode=create (0.230666ms)
  ✔ create refuses existing authority with the native refusal, unchanged (0.236041ms)
  ✔ a hosted binding refuses at the local constructor before dispatch (0.406958ms)
✔ LocalHistory.open (5.050625ms)
▶ HostedHistory.open
  ✔ credentials default to the supported provider chain (5.692834ms)
✔ HostedHistory.open (5.7745ms)
▶ bounded inspect
  ✔ inspect decodes the bounded health snapshot (OPS-TEST-01 fixture shape) (1.311375ms)
✔ bounded inspect (1.422417ms)
▶ closed capabilities
  ✔ resolve and inspect on a closed history refuse with ClosedHandle before dispatch (3.489583ms)
✔ closed capabilities (3.585458ms)
▶ returned certainty without duplicate phase
  ✔ submit decided retains its receipt without a phase field (4.359875ms)
  ✔ post-dispatch admin decode retains outcome-unknown (1.551334ms)
  ✔ native proved nonpublication stays not-started (0.240333ms)
✔ returned certainty without duplicate phase (6.709292ms)
✔ native command recovery and independent backup → verify → writable restore (1069.810542ms)
▶ submit certainty arms
  ✔ a decided receipt round-trips with local health; the ref exists before dispatch (2.843042ms)
  ✔ pre-dispatch refusal is not-submitted with the authentic ref; E stays never (1.692291ms)
  ✔ post-dispatch decode loss is outcome-unknown, never a fabricated rejection (0.49825ms)
  ✔ submit on a closed history refuses as not-submitted without dispatch (0.318666ms)
  ✔ a forged command capability is a defect, never a forged receipt or arm (0.556375ms)
  ✔ invalid submit options refuse pre-dispatch as not-submitted, not as E (0.308958ms)
✔ submit certainty arms (6.893584ms)
▶ interruption after publication
  ✔ interrupt after dispatch preserves Cause and joins the native drain (5.068625ms)
  ✔ the retained original ref resolves after reopen; retry never seals a new id (0.406208ms)
  ✔ resolve also reports the closed/expired epochs as data, not errors (0.312417ms)
✔ interruption after publication (5.995917ms)
✔ the retained source and target declarations are independently generated exact native bindings (453.431625ms)
✔ ordinary imperative transition, comparison, activation and replay (children first: false) (520.681583ms)
✔ ordinary imperative transition, comparison, activation and replay (children first: true) (264.393917ms)
✔ native admission rejects a missing proof; unconstrained document loss requires application comparison (170.997375ms)
✔ complete native judgment refuses wrong-arm across ordinary population batches (107.545292ms)
✔ complete native judgment refuses orphan across ordinary population batches (113.105083ms)
✔ complete native judgment refuses key-conflict across ordinary population batches (130.055833ms)
✔ complete native judgment refuses missing-parent across ordinary population batches (131.199208ms)
ℹ tests 51
ℹ suites 10
ℹ pass 51
ℹ fail 0
ℹ cancelled 0
ℹ skipped 0
ℹ todo 0
ℹ duration_ms 2223.087625
{"node":"v26.4.0","platform":"bumbledb-darwin-arm64","tests":["event-selections","real-bridge-roundtrip","transition","command-boundaries","history-open","admin","borrows","adversarial-capabilities","submit-certainty","outcome-certainty"],"version":"1.3.1","addon_sha256":"0e8190b54ea1ffef73ac69a8d0ba4dbd6214c1425d130a51778c7dd7208853a4"}
